--------- beginning of /dev/log/system
04-23 09:17:53.410 I/ActivityManager(  431): Delay finish: com.google.android.gms/.init.InitializeGmsReceiver
04-23 09:17:53.410 I/ActivityManager(  431): Resuming delayed broadcast
04-23 09:17:53.490 V/WiredAccessoryManager(  431): init()
04-23 09:17:53.500 I/PowerManagerService(  431): Boot animation finished.
04-23 09:17:53.510 D/DynamicPManagerService(  431): mMaxPowerEnable = false
04-23 09:17:53.510 D/DynamicPManagerService(  431): updateDynamicPower
04-23 09:17:53.510 D/DynamicPManagerService(  431): enableFantasyMaxPower  = false
04-23 09:17:53.560 I/ActivityManager(  431): Start proc com.android.providers.calendar for broadcast com.android.providers.calendar/.CalendarReceiver: pid=904 uid=10001 gids={50001, 3003, 1028, 1015}
04-23 09:17:53.630 I/BootReceiver(  431): Copying audit failures to DropBox
04-23 09:17:53.630 I/BootReceiver(  431): Checking for fsck errors
04-23 09:17:53.850 I/ActivityManager(  431): Delay finish: com.android.providers.downloads/.DownloadReceiver
04-23 09:17:53.880 I/ActivityManager(  431): Resuming delayed broadcast
04-23 09:17:53.890 I/ActivityManager(  431): Start proc com.android.onetimeinitializer for broadcast com.android.onetimeinitializer/.OneTimeInitializerReceiver: pid=944 uid=10008 gids={50008}
04-23 09:17:53.940 I/ActivityManager(  431): Delay finish: com.android.onetimeinitializer/.OneTimeInitializerReceiver
04-23 09:17:54.930 I/ActivityManager(  431): Resuming delayed broadcast
04-23 09:17:54.950 I/ActivityManager(  431): Delay finish: com.google.android.partnersetup/.GooglePartnerSetup
04-23 09:17:55.130 I/ActivityManager(  431): Resuming delayed broadcast
04-23 09:17:55.140 I/ActivityManager(  431): Delay finish: com.google.android.partnersetup/.RlzPingBroadcastReceiver
04-23 09:17:55.200 I/ActivityManager(  431): Resuming delayed broadcast
04-23 09:17:55.210 I/ActivityManager(  431): Delay finish: com.google.android.gsf/.checkin.CheckinService$Receiver
04-23 09:17:55.270 I/ActivityManager(  431): Resuming delayed broadcast
04-23 09:17:55.310 I/ActivityManager(  431): Delay finish: com.google.android.gsf/.update.SystemUpdateService$Receiver
04-23 09:17:55.320 I/SystemUpdateService(  690): cancelUpdate (empty URL)
04-23 09:17:55.330 I/SystemUpdateService(  690): cancelUpdate (empty URL)
04-23 09:17:55.350 I/ActivityManager(  431): Resuming delayed broadcast
04-23 09:17:55.370 I/ActivityManager(  431): Delay finish: com.android.providers.media/.MediaScannerReceiver
04-23 09:17:56.250 I/ActivityManager(  431): Resuming delayed broadcast
04-23 09:17:56.270 I/ActivityManager(  431): Start proc com.android.vending for broadcast com.android.vending/com.google.android.finsky.receivers.BootCompletedReceiver: pid=985 uid=10013 gids={50013, 3003, 1028, 1015}
04-23 09:17:56.950 I/ActivityManager(  431): Delay finish: com.google.android.gms/.app.receiver.GetRestrictionsReceiver
04-23 09:17:56.970 I/ActivityManager(  431): Resuming delayed broadcast
04-23 09:17:56.990 I/ActivityManager(  431): Delay finish: com.google.android.gms/.auth.be.recovery.AccountRecoveryBackgroundService$Receiver
04-23 09:17:57.020 I/ActivityManager(  431): Resuming delayed broadcast
04-23 09:17:57.040 I/ActivityManager(  431): Start proc com.google.android.gms.ui for broadcast com.google.android.gms/.auth.authzen.GcmReceiverService$Receiver: pid=1026 uid=10006 gids={50006, 3003, 1007, 1028, 1015, 2001, 3006, 3007}
04-23 09:17:57.110 I/ActivityManager(  431): Delay finish: com.google.android.gms/.auth.authzen.GcmReceiverService$Receiver
04-23 09:17:57.280 I/ActivityManager(  431): Resuming delayed broadcast
04-23 09:17:57.310 I/ActivityManager(  431): Delay finish: com.google.android.gms/.icing.impl.SystemEventReceiver
04-23 09:17:57.400 I/ActivityManager(  431): Resuming delayed broadcast
04-23 09:17:57.440 I/ActivityManager(  431): Start proc com.google.android.googlequicksearchbox:search for broadcast com.google.android.googlequicksearchbox/com.google.android.search.core.StartUpReceiver: pid=1048 uid=10017 gids={50017, 3003, 1028, 3002, 1015}
04-23 09:17:58.200 I/ActivityManager(  431): Start proc com.google.android.calendar for broadcast com.google.android.calendar/com.android.calendar.alerts.AlertReceiver: pid=1070 uid=10025 gids={50025, 3003}
04-23 09:17:58.410 I/ActivityManager(  431): Delay finish: com.google.android.calendar/com.android.calendar.alerts.AlertReceiver
04-23 09:18:06.170 D/PowerManagerService(  431): mHoldBootFastWakeLock = true
04-23 09:18:13.430 I/ActivityManager(  431): Waited long enough for: ServiceRecord{41dafbc8 u0 com.google.android.calendar/com.android.calendar.alerts.InitAlarmsService}
04-23 09:18:13.430 I/ActivityManager(  431): Resuming delayed broadcast
04-23 09:18:13.450 I/ActivityManager(  431): Start proc com.android.deskclock for broadcast com.android.deskclock/.AlarmInitReceiver: pid=1097 uid=10028 gids={50028, 1028}
04-23 09:18:13.620 I/ActivityManager(  431): Start proc com.android.email for broadcast com.android.email/.service.EmailBroadcastReceiver: pid=1113 uid=10031 gids={50031, 3003, 1028, 1015}
04-23 09:18:13.940 D/ActivityThread( 1113): Loading provider com.android.email.provider;com.android.email.notifier: com.android.email.provider.EmailProvider
04-23 09:18:13.990 I/ActivityManager(  431): Delay finish: com.android.email/.service.EmailBroadcastReceiver
04-23 09:18:14.070 W/ActivityManager(  431): Unable to start service Intent { cmp=com.android.email/.service.AttachmentDownloadService } U=0: not found
04-23 09:18:14.080 W/ActivityManager(  431): Unable to start service Intent { cmp=com.android.email/.service.AttachmentDownloadService } U=0: not found
04-23 09:18:14.150 I/ActivityManager(  431): Delaying start of: ServiceRecord{41da8208 u0 com.android.exchange/.service.EmailSyncAdapterService}
04-23 09:18:14.170 I/ActivityManager(  431): Start proc com.android.exchange for service com.android.exchange/.service.EmailSyncAdapterService: pid=1138 uid=10032 gids={50032, 3003, 1028, 1015}
04-23 09:18:14.370 I/ActivityManager(  431): Resuming delayed broadcast
04-23 09:18:14.380 I/ActivityManager(  431): Start proc com.google.android.gm for broadcast com.google.android.gm/.GoogleMailDeviceStartupReceiver: pid=1153 uid=10038 gids={50038, 3003, 1028, 1015}
04-23 09:18:14.640 D/ActivityThread( 1153): Loading provider com.android.gmail.ui: com.google.android.gm.provider.GmailProvider
04-23 09:18:14.820 I/ActivityManager(  431): Delay finish: com.google.android.gm/.GoogleMailDeviceStartupReceiver
04-23 09:18:14.860 I/ActivityManager(  431): Resuming delayed broadcast
04-23 09:18:14.870 I/ActivityManager(  431): Delay finish: com.google.android.gm/.MailIntentReceiver
04-23 09:18:15.000 I/ActivityManager(  431): Resuming delayed broadcast
04-23 09:18:15.020 I/ActivityManager(  431): Delay finish: com.google.android.syncadapters.contacts/.ContactsSyncAdapterBroadcastReceiver
04-23 09:18:15.090 I/ActivityManager(  431): Resuming delayed broadcast
04-23 09:18:15.150 I/ActivityManager(  431): Start proc com.google.android.inputmethod.latin for broadcast com.google.android.inputmethod.latin/com.android.inputmethod.latin.setup.LauncherIconVisibilityManager: pid=1188 uid=10044 gids={50044, 3003, 1028, 1015}
04-23 09:18:15.300 I/ActivityManager(  431): Process com.google.android.inputmethod.latin (pid 1188) has died.
04-23 09:18:19.780 W/ActivityManager(  431): Unable to start service Intent { act=com.google.android.gms.analytics.service.START cmp=com.google.android.gms/.analytics.service.AnalyticsService (has extras) } U=0: not found
04-23 09:18:21.780 W/ContextImpl(  431): Calling a method in the system process without a qualified user: android.app.ContextImpl.startService:1479 android.content.ContextWrapper.startService:494 android.content.ContextWrapper.startService:494 com.softwinner.service.SoftWinnerReceiver.onReceive:55 android.app.ActivityThread.handleReceiver:2400 
04-23 09:18:21.800 I/ActivityManager(  431): Start proc com.softwinner.baseservice for broadcast com.softwinner.baseservice/com.softwinner.service.SoftWinnerServiceReceiver: pid=1209 uid=10065 gids={50065, 1028, 1015, 3003}
04-23 09:18:21.890 I/SoftWinnerServer(  431): Display Manager
04-23 09:18:21.890 I/SoftWinnerServer(  431): WifiDisplay Manager
04-23 09:18:21.890 W/ContextImpl(  431): Calling a method in the system process without a qualified user: android.app.ContextImpl.startService:1479 android.content.ContextWrapper.startService:494 com.softwinner.service.SoftWinnerServer.onStart:84 android.app.Service.onStartCommand:450 android.app.ActivityThread.handleServiceArgs:2683 
04-23 09:18:21.900 W/ContextImpl(  431): Calling a method in the system process without a qualified user: android.app.ContextImpl.startService:1479 android.content.ContextWrapper.startService:494 com.softwinner.service.SoftWinnerServer.onStart:86 android.app.Service.onStartCommand:450 android.app.ActivityThread.handleServiceArgs:2683 
04-23 09:18:21.930 I/ActivityManager(  431): Start proc com.softwinner.baseservice:baseservice for service com.softwinner.baseservice/com.softwinner.service.SoftWinnerService: pid=1223 uid=10065 gids={50065, 1028, 1015, 3003}
04-23 09:18:21.950 I/ActivityManager(  431): Delay finish: com.softwinner.baseservice/com.softwinner.service.SoftWinnerServiceReceiver
04-23 09:18:21.950 I/ActivityManager(  431): Killing 727:android.process.acore/u0a2 (adj 15): empty #17
04-23 09:18:24.780 W/ActivityManager(  431): Unable to start service Intent { act=com.google.android.gms.analytics.service.START cmp=com.google.android.gms/.analytics.service.AnalyticsService (has extras) } U=0: not found
04-23 09:18:28.450 I/ActivityManager(  431): Killing 665:com.android.printspooler/u0a61 (adj 15): empty #17
04-23 09:18:36.940 I/ActivityManager(  431): Waited long enough for: ServiceRecord{41e86f20 u0 com.softwinner.baseservice/com.softwinner.service.SoftWinnerService}
04-23 09:18:36.940 I/ActivityManager(  431): Resuming delayed broadcast
04-23 09:18:36.960 I/ActivityManager(  431): Start proc com.softwinner.update for broadcast com.softwinner.update/.LoaderReceiver: pid=1258 uid=10068 gids={50068, 2001, 1028, 1015, 1023, 3003}
04-23 09:18:37.030 I/ActivityManager(  431): Start proc com.kugou.android.support for broadcast com.kugou.android/.app.sleepcountdown.AlarmInitReceiver: pid=1272 uid=10081 gids={50081, 3003, 1028, 1015, 3002, 3001}
04-23 09:18:37.030 I/ActivityManager(  431): Killing 836:com.google.android.apps.plus/u0a60 (adj 15): empty #17
04-23 09:18:37.540 I/ActivityManager(  431): Start proc com.google.android.music:main for broadcast com.google.android.music/.store.MediaStoreImportService$Receiver: pid=1301 uid=10050 gids={50050, 3003, 1028, 1015}
04-23 09:18:38.260 I/ActivityManager(  431): Delay finish: com.google.android.music/.store.MediaStoreImportService$Receiver
04-23 09:18:38.280 I/ActivityManager(  431): Resuming delayed broadcast
04-23 09:18:38.310 I/ActivityManager(  431): Delay finish: com.google.android.music/.store.MediaStoreImportService$Receiver
04-23 09:18:38.380 I/ActivityManager(  431): Process com.kugou.android.support (pid 1272) has died.
04-23 09:18:38.480 I/ActivityManager(  431): Resuming delayed broadcast
04-23 09:18:38.480 I/ActivityManager(  431): Delay finish: com.google.android.gms/.init.InitializeGmsReceiver
04-23 09:18:38.490 I/ActivityManager(  431): Resuming delayed broadcast
04-23 09:18:38.490 I/ActivityManager(  431): Killing 809:com.android.settings/1000 (adj 15): empty #17
04-23 09:18:38.510 D/ConnectivityService(  431): handleInetConditionChange: no active default network - ignore
04-23 09:18:38.570 I/ActivityManager(  431): Start proc com.android.gallery3d for broadcast com.android.gallery3d/.gadget.PhotoAppWidgetProvider: pid=1354 uid=10036 gids={50036, 3003, 1028, 1015}
04-23 09:18:38.990 I/ActivityManager(  431): Delay finish: com.google.android.calendar/com.android.calendar.alerts.AlertReceiver
04-23 09:18:44.040 I/ActivityManager(  431): Resuming delayed broadcast
04-23 09:18:44.090 I/ActivityManager(  431): Delay finish: com.google.android.music/.store.MediaStoreImportService$Receiver
04-23 09:18:44.100 I/ActivityManager(  431): Resuming delayed broadcast
04-23 09:18:44.120 I/ActivityManager(  431): Start proc com.google.android.apps.plus for broadcast com.google.android.apps.plus/.service.CameraMonitor: pid=1377 uid=10060 gids={50060, 3003, 3002, 1028, 1015}
04-23 09:18:44.780 I/ActivityManager(  431): Start proc android.process.acore for content provider com.android.providers.contacts/.ContactsProvider2: pid=1400 uid=10002 gids={50002, 3003, 1028, 1015}
04-23 09:18:44.840 I/ActivityManager(  431): Delay finish: com.google.android.apps.plus/.service.CameraMonitor
04-23 09:18:44.980 I/ActivityManager(  431): Resuming delayed broadcast
04-23 09:18:44.990 I/ActivityManager(  431): Delay finish: com.google.android.apps.plus/.service.CameraMonitor
04-23 09:18:45.060 I/ActivityManager(  431): Killing 944:com.android.onetimeinitializer/u0a8 (adj 15): empty #17
04-23 09:18:45.060 I/ActivityManager(  431): Resuming delayed broadcast
04-23 09:18:45.090 I/ActivityManager(  431): Delay finish: com.google.android.apps.plus/.service.CameraMonitor
04-23 09:18:45.200 I/ActivityManager(  431): Resuming delayed broadcast
04-23 09:18:45.220 I/ActivityManager(  431): Delay finish: com.google.android.apps.plus/.service.CameraMonitor
04-23 09:18:45.310 I/ActivityManager(  431): Resuming delayed broadcast
04-23 09:18:45.320 I/ActivityManager(  431): Delay finish: com.google.android.apps.plus/.service.CameraMonitor
04-23 09:18:45.370 I/ActivityManager(  431): Resuming delayed broadcast
04-23 09:18:45.380 I/ActivityManager(  431): Delay finish: com.google.android.apps.plus/.service.CameraMonitor
04-23 09:18:45.430 I/ActivityManager(  431): Resuming delayed broadcast
04-23 09:18:45.450 I/ActivityManager(  431): Delay finish: com.google.android.music/.store.MediaStoreImportService$Receiver
04-23 09:18:45.530 I/ActivityManager(  431): Resuming delayed broadcast
04-23 09:18:45.540 I/ActivityManager(  431): Delay finish: com.google.android.gms/.init.InitializeGmsReceiver
04-23 09:18:45.550 I/ActivityManager(  431): Resuming delayed broadcast
04-23 09:18:45.550 I/ActivityManager(  431): Killing 1026:com.google.android.gms.ui/u0a6 (adj 15): empty #17
04-23 09:18:45.630 I/ActivityManager(  431): Delay finish: com.android.providers.calendar/.CalendarProviderBroadcastReceiver
04-23 09:18:45.670 I/ActivityManager(  431): Resuming delayed broadcast
04-23 09:18:45.740 I/ActivityManager(  431): Delay finish: com.google.android.gm/.MailIntentReceiver
04-23 09:18:45.750 I/ActivityManager(  431): Resuming delayed broadcast
04-23 09:18:45.760 D/ConnectivityService(  431): Sampling interval elapsed, updating statistics ..
04-23 09:18:45.760 D/ConnectivityService(  431): Done.
04-23 09:18:45.760 D/ConnectivityService(  431): Setting timer for 720seconds
04-23 09:18:45.760 D/ConnectivityService(  431): handleInetConditionChange: no active default network - ignore
04-23 09:18:45.770 I/ActivityManager(  431): Delay finish: com.android.providers.calendar/.CalendarProviderBroadcastReceiver
04-23 09:18:45.790 I/ActivityManager(  431): Resuming delayed broadcast
04-23 09:18:45.820 I/ActivityManager(  431): Delay finish: com.google.android.music/.leanback.AutoCacheSchedulingService$EnablingReceiver
04-23 09:18:45.900 I/ActivityManager(  431): Resuming delayed broadcast
04-23 09:19:06.170 D/PowerManagerService(  431): mHoldBootFastWakeLock = true
04-23 09:19:54.510 I/PowerManagerService(  431): Going to sleep due to screen timeout...
04-23 09:19:54.980 I/WindowManager(  431): No lock screen! windowToken=null
04-23 09:19:55.280 I/WindowManager(  431): Screenshot Window{41d1f1d8 u0 com.android.launcher/com.android.launcher2.Launcher} was monochrome(ff000000)! mSurfaceLayer=21005 minLayer=21000 maxLayer=21005
04-23 09:20:00.620 D/PowerManagerService(  431): mHoldBootFastWakeLock = true
04-23 09:22:57.470 W/SocketClient(  107): write error (Broken pipe)
04-23 09:23:33.930 I/PowerManagerService(  431): Waking up from sleep...
04-23 09:23:33.940 I/WindowManager(  431): No lock screen! windowToken=null
04-23 09:23:34.470 I/ActivityManager(  431): START u0 {act=android.intent.action.MAIN cat=[android.intent.category.HOME] flg=0x10200000 cmp=com.android.launcher/com.android.launcher2.Launcher} from pid 431
04-23 09:23:35.000 I/ActivityManager(  431): START u0 {act=android.intent.action.MAIN cat=[android.intent.category.HOME] flg=0x10200000 cmp=com.android.launcher/com.android.launcher2.Launcher} from pid 431
04-23 09:23:36.120 I/ActivityManager(  431): START u0 {act=com.android.systemui.recent.action.TOGGLE_RECENTS flg=0x10800000 cmp=com.android.systemui/.recent.RecentsActivity} from pid 491
04-23 09:23:37.730 I/ActivityManager(  431): START u0 {act=android.intent.action.MAIN cat=[android.intent.category.HOME] flg=0x10200000 cmp=com.android.launcher/com.android.launcher2.Launcher} from pid 431
04-23 09:23:37.800 I/WindowManager(  431): Screenshot Window{41cba1e8 u0 com.android.systemui/com.android.systemui.recent.RecentsActivity} was monochrome(ff000000)! mSurfaceLayer=21005 minLayer=21010 maxLayer=21010
04-23 09:23:38.410 W/SocketClient(  107): write error (Broken pipe)
04-23 09:23:41.070 D/PowerManagerService(  431): mHoldBootFastWakeLock = true
04-23 09:23:41.670 I/ActivityManager(  431): START u0 {act=android.intent.action.MAIN cat=[android.intent.category.LAUNCHER] flg=0x10200000 cmp=com.antutu.ABenchMark/.ABenchMarkStart} from pid 648
04-23 09:23:41.910 I/ActivityManager(  431): Start proc com.antutu.ABenchMark for activity com.antutu.ABenchMark/.ABenchMarkStart: pid=1593 uid=10076 gids={50076, 3003, 1028, 1015}
04-23 09:23:42.690 W/SocketClient(  107): write error (Broken pipe)
04-23 09:23:43.160 I/ActivityManager(  431): Killing 1070:com.google.android.calendar/u0a25 (adj 11): empty #2
04-23 09:23:43.160 I/ActivityManager(  431): Killing 1301:com.google.android.music:main/u0a50 (adj 13): empty #3
04-23 09:23:43.160 I/ActivityManager(  431): Killing 1209:com.softwinner.baseservice/u0a65 (adj 15): empty #4
04-23 09:23:43.160 I/ActivityManager(  431): Killing 904:com.android.providers.calendar/u0a1 (adj 15): empty #5
04-23 09:23:43.170 I/ActivityManager(  431): Killing 1113:com.android.email/u0a31 (adj 15): empty #6
04-23 09:23:43.170 I/ActivityManager(  431): Killing 1097:com.android.deskclock/u0a28 (adj 15): empty #7
04-23 09:23:43.170 I/ActivityManager(  431): Killing 614:com.google.android.gms/u0a6 (adj 15): empty #8
04-23 09:23:43.170 I/ActivityManager(  431): Killing 560:android.process.media/u0a4 (adj 15): empty #9
04-23 09:23:43.170 I/ActivityManager(  431): Killing 1377:com.google.android.apps.plus/u0a60 (adj 15): empty #10
04-23 09:23:43.170 I/ActivityManager(  431): Killing 1400:android.process.acore/u0a2 (adj 15): empty #11
04-23 09:23:43.180 I/ActivityManager(  431): Killing 1354:com.android.gallery3d/u0a36 (adj 15): empty #12
04-23 09:23:43.180 I/ActivityManager(  431): Killing 1258:com.softwinner.update/u0a68 (adj 15): empty #13
04-23 09:23:43.180 I/ActivityManager(  431): Killing 1138:com.android.exchange/u0a32 (adj 15): empty #14
04-23 09:23:43.180 I/ActivityManager(  431): Killing 1048:com.google.android.googlequicksearchbox:search/u0a17 (adj 15): empty #15
04-23 09:23:43.180 I/ActivityManager(  431): Killing 880:com.google.android.partnersetup/u0a9 (adj 15): empty #16
04-23 09:23:44.670 I/ActivityManager(  431): START u0 {cmp=com.antutu.ABenchMark/com.antutu.benchmark.activity.MainActivity} from pid 1593
04-23 09:23:45.790 D/ConnectivityService(  431): handleInetConditionChange: no active default network - ignore
04-23 09:23:46.440 I/ActivityManager(  431): Start proc com.android.defcontainer for service com.android.defcontainer/.DefaultContainerService: pid=1737 uid=10003 gids={50003, 1028, 1015, 1023, 2001, 1035}
04-23 09:23:46.870 W/SocketClient(  107): write error (Broken pipe)
04-23 09:23:49.500 I/ActivityManager(  431): START u0 {flg=0x4000000 cmp=com.antutu.ABenchMark/com.antutu.benchmark.activity.IndependentActivity (has extras)} from pid 1593
04-23 09:23:50.610 I/ActivityManager(  431): START u0 {flg=0x14000000 cmp=com.antutu.ABenchMark/com.antutu.benchmark.activity.ScoreBenchActivity (has extras)} from pid 1593
04-23 09:23:57.540 I/ActivityManager(  431): Killing 1153:com.google.android.gm/u0a38 (adj 11): empty #2
04-23 09:24:06.180 D/PowerManagerService(  431): mHoldBootFastWakeLock = true
04-23 09:25:06.180 D/PowerManagerService(  431): mHoldBootFastWakeLock = true
04-23 09:26:06.180 D/PowerManagerService(  431): mHoldBootFastWakeLock = true
04-23 09:26:06.490 I/ActivityManager(  431): START u0 {flg=0x14000000 cmp=com.antutu.ABenchMark/com.antutu.benchmark.test2d.SpriteTestActivity} from pid 1593
04-23 09:26:16.890 I/ActivityManager(  431): START u0 {flg=0x14000000 cmp=com.antutu.ABenchMark/com.antutu.benchmark.test2d.ParticleTestActivity} from pid 1593
04-23 09:26:18.450 I/ActivityManager(  431): START u0 {act=android.intent.action.MAIN cat=[android.intent.category.HOME] flg=0x10200000 cmp=com.android.launcher/com.android.launcher2.Launcher} from pid 431
04-23 09:26:18.640 D/PowerManagerService(  431): mHoldBootFastWakeLock = true
04-23 09:26:19.260 I/ActivityManager(  431): START u0 {act=android.intent.action.MAIN cat=[android.intent.category.HOME] flg=0x10200000 cmp=com.android.launcher/com.android.launcher2.Launcher} from pid 431
04-23 09:26:20.350 I/ActivityManager(  431): START u0 {act=com.android.systemui.recent.action.TOGGLE_RECENTS flg=0x10800000 cmp=com.android.systemui/.recent.RecentsActivity} from pid 491
04-23 09:26:23.400 W/InputMethodManagerService(  431): Window already focused, ignoring focus gain of: com.android.internal.view.IInputMethodClient$Stub$Proxy@41d6e2e0 attribute=null, token = android.os.BinderProxy@41d80a58
04-23 09:26:23.700 I/WindowManager(  431): Screenshot Window{41e463d0 u0 PopupWindow:42c73b58} was monochrome(ff000000)! mSurfaceLayer=21035 minLayer=21030 maxLayer=21035
04-23 09:26:24.410 I/ActivityManager(  431): START u0 {act=android.intent.action.MAIN cat=[android.intent.category.HOME] flg=0x10200000 cmp=com.android.launcher/com.android.launcher2.Launcher} from pid 431
04-23 09:26:26.010 I/ActivityManager(  431): START u0 {act=android.intent.action.MAIN cat=[android.intent.category.LAUNCHER] flg=0x10200000 cmp=com.antutu.ABenchMark/.ABenchMarkStart} from pid 648
04-23 09:26:27.790 I/ActivityManager(  431): START u0 {cmp=com.antutu.ABenchMark/com.antutu.benchmark.activity.MainActivity} from pid 1593
04-23 09:26:29.210 W/SocketClient(  107): write error (Broken pipe)
04-23 09:26:29.210 W/SocketClient(  107): write error (Broken pipe)
04-23 09:26:32.070 I/ActivityManager(  431): START u0 {flg=0x14000000 cmp=com.antutu.ABenchMark/.Test3D.OgreActivity} from pid 1593
04-23 09:26:32.170 I/ActivityManager(  431): START u0 {flg=0x4000000 cmp=com.antutu.ABenchMark/com.antutu.benchmark.activity.IndependentActivity (has extras)} from pid 1593
04-23 09:26:33.340 I/ActivityManager(  431): START u0 {flg=0x14000000 cmp=com.antutu.ABenchMark/com.antutu.benchmark.activity.ScoreBenchActivity (has extras)} from pid 1593
04-23 09:26:42.120 E/WindowManager(  431): Starting window AppWindowToken{41e05268 token=Token{41c922a8 ActivityRecord{41d07c40 u0 com.antutu.ABenchMark/.Test3D.OgreActivity t4}}} timed out
04-23 09:27:06.170 D/PowerManagerService(  431): mHoldBootFastWakeLock = true
04-23 09:27:17.570 I/ActivityManager(  431): Start proc com.antutu.ABenchMark:remote for activity com.antutu.ABenchMark/.Test3D.OgreActivity: pid=2240 uid=10076 gids={50076, 3003, 1028, 1015}
04-23 09:27:21.200 I/ActivityManager(  431): Process com.android.defcontainer (pid 1737) has died.
04-23 09:27:21.210 I/ActivityManager(  431): Process com.softwinner.baseservice:baseservice (pid 1223) has died.
04-23 09:27:21.220 W/ActivityManager(  431): Scheduling restart of crashed service com.softwinner.baseservice/com.softwinner.service.SoftWinnerService in 5000ms
04-23 09:27:21.220 I/ActivityManager(  431): Process com.android.launcher (pid 648) has died.
04-23 09:27:21.220 I/WindowState(  431): WIN DEATH: Window{41d1f1d8 u0 com.android.launcher/com.android.launcher2.Launcher}
04-23 09:27:21.270 I/ActivityManager(  431): Process com.google.process.gapps (pid 690) has died.
04-23 09:27:21.270 W/ActivityManager(  431): Scheduling restart of crashed service com.google.android.gms/.gcm.GcmService in 14941ms
04-23 09:27:21.780 I/ActivityManager(  431): Low on memory:
04-23 09:27:21.780 I/ActivityManager(  431):   ntv   N    14444 kB: uiautomator (1993) native
04-23 09:27:21.780 I/ActivityManager(  431):   ntv   N    13409 kB: zygote (111) native
04-23 09:27:21.780 I/ActivityManager(  431):   ntv   N     4610 kB: mediaserver (113) native
04-23 09:27:21.780 I/ActivityManager(  431):   ntv   N     2539 kB: updatesoftwinner (109) native
04-23 09:27:21.780 I/ActivityManager(  431):   ntv   N     1531 kB: surfaceflinger (110) native
04-23 09:27:21.780 I/ActivityManager(  431):   ntv   N     1132 kB: drmserver (112) native
04-23 09:27:21.780 I/ActivityManager(  431):   ntv   N     1059 kB: logcat (1984) native
04-23 09:27:21.780 I/ActivityManager(  431):   ntv   N     1051 kB: logcat (1534) native
04-23 09:27:21.780 I/ActivityManager(  431):   ntv   N     1047 kB: wpa_supplicant (639) native
04-23 09:27:21.780 I/ActivityManager(  431):   ntv   N      550 kB: netd (107) native
04-23 09:27:21.780 I/ActivityManager(  431):   ntv   N      420 kB: keystore (115) native
04-23 09:27:21.780 I/ActivityManager(  431):   ntv   N      378 kB: rild (784) native
04-23 09:27:21.780 I/ActivityManager(  431):   ntv   N      361 kB: vold (106) native
04-23 09:27:21.780 I/ActivityManager(  431):   ntv   N      242 kB: /init (1) native
04-23 09:27:21.780 I/ActivityManager(  431):   ntv   N      216 kB: adbd (117) native
04-23 09:27:21.780 I/ActivityManager(  431):   ntv   N      183 kB: sh (867) native
04-23 09:27:21.780 I/ActivityManager(  431):   ntv   N      156 kB: u3gmonitor (785) native
04-23 09:27:21.780 I/ActivityManager(  431):   ntv   N      146 kB: sh (116) native
04-23 09:27:21.780 I/ActivityManager(  431):   ntv   N      144 kB: sh (1639) native
04-23 09:27:21.780 I/ActivityManager(  431):   ntv   N      112 kB: healthd (104) native
04-23 09:27:21.780 I/ActivityManager(  431):   ntv   N      107 kB: logwrapper (637) native
04-23 09:27:21.780 I/ActivityManager(  431):   ntv   N       77 kB: debuggerd (108) native
04-23 09:27:21.780 I/ActivityManager(  431):   ntv   N       70 kB: installd (114) native
04-23 09:27:21.780 I/ActivityManager(  431):   ntv   N       62 kB: ueventd (64) native
04-23 09:27:21.780 I/ActivityManager(  431):   ntv   N       26 kB: servicemanager (105) native
04-23 09:27:21.780 I/ActivityManager(  431):   sys   P    23613 kB: system (431) fixed
04-23 09:27:21.780 I/ActivityManager(  431):   pers  P    30509 kB: com.android.systemui (491) fixed
04-23 09:27:21.780 I/ActivityManager(  431):   pers  P     7234 kB: com.android.phone (633) fixed
04-23 09:27:21.780 I/ActivityManager(  431):   fore  T    51064 kB: com.antutu.ABenchMark:remote (2240) top-activity
04-23 09:27:21.780 I/ActivityManager(  431):   vis   T    25434 kB: com.antutu.ABenchMark (1593) visible
04-23 09:27:21.780 I/ActivityManager(  431):   vis   IB   10731 kB: com.google.process.location (602) service
04-23 09:27:21.780 I/ActivityManager(  431):                        com.google.android.gms/com.google.android.location.network.NetworkLocationService<=Proc{431:system/1000}
04-23 09:27:21.780 I/ActivityManager(  431):   vis   IF    3292 kB: com.android.smspush (710) service
04-23 09:27:21.780 I/ActivityManager(  431):                        com.android.smspush/.WapPushManager<=Proc{633:com.android.phone/1001}
04-23 09:27:21.780 I/ActivityManager(  431):   prcp  IF    7349 kB: com.android.inputmethod.latin (591) service
04-23 09:27:21.780 I/ActivityManager(  431):                        com.android.inputmethod.latin/.LatinIME<=Proc{431:system/1000}
04-23 09:27:21.780 I/ActivityManager(  431):   svc   S     9253 kB: com.android.vending (985) started-services
04-23 09:27:21.780 I/ActivityManager(  431):   svc   S        0 kB: com.google.process.gapps (690) started-services
04-23 09:27:21.780 I/ActivityManager(  431):   home  HO       0 kB: com.android.launcher (648) home
04-23 09:27:21.780 I/ActivityManager(  431):   svcb  S        0 kB: com.softwinner.baseservice:baseservice (1223) started-services
04-23 09:27:21.780 I/ActivityManager(  431):             212551 kB: TOTAL
04-23 09:27:21.780 I/ActivityManager(  431):   MemInfo: 27944 kB slab, 200 kB shmem, 72 kB buffers, 64432 kB cached, 91856 kB free
04-23 09:27:21.780 I/ActivityManager(  431):   ZRAM: 1056 kB RAM, 131068 kB swap total, 130096 kB swap free
04-23 09:27:22.640 I/BootReceiver(  431): Copying /data/tombstones/tombstone_02 to DropBox (SYSTEM_TOMBSTONE)
04-23 09:27:22.800 I/WindowState(  431): WIN DEATH: Window{41d82830 u0 com.antutu.ABenchMark/com.antutu.ABenchMark.Test3D.OgreActivity}
04-23 09:27:22.800 W/WindowManager(  431): Force-removing child win Window{41d96660 u0 SurfaceView} from container Window{41d82830 u0 com.antutu.ABenchMark/com.antutu.ABenchMark.Test3D.OgreActivity}
04-23 09:27:22.800 I/ActivityManager(  431): Process com.antutu.ABenchMark:remote (pid 2240) has died.
04-23 09:27:22.800 W/ActivityManager(  431): Force removing ActivityRecord{41d07c40 u0 com.antutu.ABenchMark/.Test3D.OgreActivity t4}: app died, no saved state
04-23 09:27:22.910 W/WindowManager(  431): Failed looking up window
04-23 09:27:22.910 W/WindowManager(  431): java.lang.IllegalArgumentException: Requested window android.os.BinderProxy@41d1c340 does not exist
04-23 09:27:22.910 W/WindowManager(  431): 	at com.android.server.wm.WindowManagerService.windowForClientLocked(WindowManagerService.java:7914)
04-23 09:27:22.910 W/WindowManager(  431): 	at com.android.server.wm.WindowManagerService.windowForClientLocked(WindowManagerService.java:7905)
04-23 09:27:22.910 W/WindowManager(  431): 	at com.android.server.wm.WindowState$DeathRecipient.binderDied(WindowState.java:1040)
04-23 09:27:22.910 W/WindowManager(  431): 	at android.os.BinderProxy.sendDeathNotice(Binder.java:493)
04-23 09:27:22.910 W/WindowManager(  431): 	at dalvik.system.NativeStart.run(Native Method)
04-23 09:27:22.910 I/WindowState(  431): WIN DEATH: null
04-23 09:27:26.230 I/ActivityManager(  431): Start proc com.softwinner.baseservice:baseservice for service com.softwinner.baseservice/com.softwinner.service.SoftWinnerService: pid=2291 uid=10065 gids={50065, 1028, 1015, 3003}
04-23 09:27:36.230 I/ActivityManager(  431): Start proc com.google.process.gapps for service com.google.android.gms/.gcm.GcmService: pid=2309 uid=10006 gids={50006, 3003, 1007, 1028, 1015, 2001, 3006, 3007}
04-23 09:27:36.560 I/ActivityManager(  431): Start proc com.google.android.gms for broadcast com.google.android.gms/.init.InitializeGmsReceiver: pid=2325 uid=10006 gids={50006, 3003, 1007, 1028, 1015, 2001, 3006, 3007}
04-23 09:27:36.810 D/ConnectivityService(  431): handleInetConditionChange: no active default network - ignore
04-23 09:27:36.830 I/ActivityManager(  431): Delay finish: com.google.android.gms/.init.InitializeGmsReceiver
04-23 09:27:36.850 I/ActivityManager(  431): Resuming delayed broadcast
04-23 09:27:36.870 I/ActivityManager(  431): Delay finish: com.google.android.gms/.init.InitializeGmsReceiver
04-23 09:27:36.870 I/ActivityManager(  431): Resuming delayed broadcast
04-23 09:28:06.170 D/PowerManagerService(  431): mHoldBootFastWakeLock = true
04-23 09:28:11.720 D/ConnectivityService(  431): handleInetConditionChange: no active default network - ignore
04-23 09:29:06.170 D/PowerManagerService(  431): mHoldBootFastWakeLock = true
04-23 09:29:21.370 D/ConnectivityService(  431): handleInetConditionChange: no active default network - ignore
04-23 09:29:23.900 I/PowerManagerService(  431): Going to sleep due to screen timeout...
04-23 09:29:24.340 I/WindowManager(  431): Screenshot Window{41cbb090 u0 com.antutu.ABenchMark/com.antutu.benchmark.activity.MainActivity} was monochrome(ff000000)! mSurfaceLayer=21010 minLayer=21000 maxLayer=21010
04-23 09:29:24.360 W/InputMethodManagerService(  431): Got RemoteException sending setActive(false) notification to pid 2240 uid 10076
04-23 09:29:31.760 D/PowerManagerService(  431): mHoldBootFastWakeLock = true
04-23 09:30:01.570 I/ActivityManager(  431): Start proc com.android.deskclock for broadcast com.android.deskclock/com.android.alarmclock.DigitalAppWidgetProvider: pid=2448 uid=10028 gids={50028, 1028}
04-23 09:30:01.750 I/ActivityManager(  431): Killing 2325:com.google.android.gms/u0a6 (adj 11): empty #2
04-23 09:30:06.170 D/PowerManagerService(  431): mHoldBootFastWakeLock = true
04-23 09:30:45.770 D/ConnectivityService(  431): Sampling interval elapsed, updating statistics ..
04-23 09:30:45.770 D/ConnectivityService(  431): Done.
04-23 09:30:45.770 D/ConnectivityService(  431): Setting timer for 720seconds
04-23 09:31:05.450 I/PowerManagerService(  431): Waking up from sleep...
04-23 09:31:05.450 I/WindowManager(  431): No lock screen! windowToken=null
04-23 09:31:05.510 W/InputMethodManagerService(  431): Got RemoteException sending setActive(false) notification to pid 2240 uid 10076
04-23 09:31:06.190 D/PowerManagerService(  431): mHoldBootFastWakeLock = true
04-23 09:31:11.960 D/PowerManagerService(  431): mHoldBootFastWakeLock = true
04-23 09:31:40.660 D/ConnectivityService(  431): handleInetConditionChange: no active default network - ignore
04-23 09:32:06.170 D/PowerManagerService(  431): mHoldBootFastWakeLock = true
04-23 09:32:22.930 W/InputMethodManagerService(  431): Got RemoteException sending setActive(false) notification to pid 2240 uid 10076
04-23 09:33:06.170 D/PowerManagerService(  431): mHoldBootFastWakeLock = true
04-23 09:33:06.440 I/PowerManagerService(  431): Going to sleep due to screen timeout...
04-23 09:33:12.200 D/PowerManagerService(  431): mHoldBootFastWakeLock = true
04-23 09:33:14.780 I/PowerManagerService(  431): Waking up from sleep...
04-23 09:33:14.780 I/WindowManager(  431): No lock screen! windowToken=null
04-23 09:33:22.220 D/PowerManagerService(  431): mHoldBootFastWakeLock = true
04-23 09:34:06.170 D/PowerManagerService(  431): mHoldBootFastWakeLock = true
04-23 09:35:06.170 D/PowerManagerService(  431): mHoldBootFastWakeLock = true
04-23 09:35:15.780 I/PowerManagerService(  431): Going to sleep due to screen timeout...
04-23 09:35:22.460 D/PowerManagerService(  431): mHoldBootFastWakeLock = true
04-23 09:36:06.170 D/PowerManagerService(  431): mHoldBootFastWakeLock = true
04-23 09:36:19.220 D/ConnectivityService(  431): handleInetConditionChange: no active default network - ignore
04-23 09:36:26.770 I/PowerManagerService(  431): Waking up from sleep...
04-23 09:36:26.780 I/WindowManager(  431): No lock screen! windowToken=null
04-23 09:36:27.310 I/ActivityManager(  431): START u0 {act=android.intent.action.MAIN cat=[android.intent.category.HOME] flg=0x10200000 cmp=com.android.launcher/com.android.launcher2.Launcher} from pid 431
04-23 09:36:27.320 I/ActivityManager(  431): Start proc com.android.launcher for activity com.android.launcher/com.android.launcher2.Launcher: pid=2834 uid=10011 gids={50011}
04-23 09:36:28.340 I/ActivityManager(  431): START u0 {act=android.intent.action.MAIN cat=[android.intent.category.HOME] flg=0x10200000 cmp=com.android.launcher/com.android.launcher2.Launcher} from pid 431
04-23 09:36:29.360 I/ActivityManager(  431): START u0 {act=com.android.systemui.recent.action.TOGGLE_RECENTS flg=0x10800000 cmp=com.android.systemui/.recent.RecentsActivity} from pid 491
04-23 09:36:32.450 W/InputMethodManagerService(  431): Window already focused, ignoring focus gain of: com.android.internal.view.IInputMethodClient$Stub$Proxy@41b39680 attribute=null, token = android.os.BinderProxy@41d5dd98
04-23 09:36:32.600 D/PowerManagerService(  431): mHoldBootFastWakeLock = true
04-23 09:36:32.810 I/WindowManager(  431): Screenshot Window{41d63658 u0 PopupWindow:42b9db70} was monochrome(ff000000)! mSurfaceLayer=21025 minLayer=21020 maxLayer=21025
04-23 09:36:32.820 I/ActivityManager(  431): Killing 1593:com.antutu.ABenchMark/u0a76 (adj 9): remove task
04-23 09:36:32.890 I/WindowState(  431): WIN DEATH: Window{41cbb090 u0 com.antutu.ABenchMark/com.antutu.benchmark.activity.MainActivity}
04-23 09:36:32.900 I/WindowState(  431): WIN DEATH: Window{41e6ca70 u0 com.antutu.ABenchMark/com.antutu.benchmark.activity.MainActivity}
04-23 09:36:34.180 I/ActivityManager(  431): START u0 {act=android.intent.action.MAIN cat=[android.intent.category.HOME] flg=0x10200000 cmp=com.android.launcher/com.android.launcher2.Launcher} from pid 431
04-23 09:36:36.770 I/ActivityManager(  431): START u0 {act=android.intent.action.MAIN cat=[android.intent.category.LAUNCHER] flg=0x10200000 cmp=com.antutu.ABenchMark/.ABenchMarkStart} from pid 2834
04-23 09:36:36.930 I/ActivityManager(  431): Start proc com.antutu.ABenchMark for activity com.antutu.ABenchMark/.ABenchMarkStart: pid=2877 uid=10076 gids={50076, 3003, 1028, 1015}
04-23 09:36:37.600 W/SocketClient(  107): write error (Broken pipe)
04-23 09:36:37.600 W/SocketClient(  107): write error (Broken pipe)
04-23 09:36:39.440 I/ActivityManager(  431): START u0 {cmp=com.antutu.ABenchMark/com.antutu.benchmark.activity.MainActivity} from pid 2877
04-23 09:36:40.440 I/ActivityManager(  431): Start proc com.android.defcontainer for service com.android.defcontainer/.DefaultContainerService: pid=2994 uid=10003 gids={50003, 1028, 1015, 1023, 2001, 1035}
04-23 09:36:43.780 I/ActivityManager(  431): START u0 {flg=0x4000000 cmp=com.antutu.ABenchMark/com.antutu.benchmark.activity.IndependentActivity (has extras)} from pid 2877
04-23 09:36:44.840 I/ActivityManager(  431): START u0 {flg=0x14000000 cmp=com.antutu.ABenchMark/com.antutu.benchmark.activity.ScoreBenchActivity (has extras)} from pid 2877
04-23 09:36:51.690 I/ActivityManager(  431): Killing 2448:com.android.deskclock/u0a28 (adj 11): empty #2
04-23 09:37:06.170 D/PowerManagerService(  431): mHoldBootFastWakeLock = true
04-23 09:37:58.120 W/SocketClient(  107): write error (Broken pipe)
04-23 09:38:06.170 D/PowerManagerService(  431): mHoldBootFastWakeLock = true
04-23 09:39:03.220 I/ActivityManager(  431): START u0 {flg=0x14000000 cmp=com.antutu.ABenchMark/com.antutu.benchmark.test2d.SpriteTestActivity} from pid 2877
04-23 09:39:06.170 D/PowerManagerService(  431): mHoldBootFastWakeLock = true
04-23 09:39:13.540 I/ActivityManager(  431): START u0 {flg=0x14000000 cmp=com.antutu.ABenchMark/com.antutu.benchmark.test2d.ParticleTestActivity} from pid 2877
04-23 09:39:28.970 I/ActivityManager(  431): START u0 {flg=0x14000000 cmp=com.antutu.ABenchMark/.Test3D.OgreActivity} from pid 2877
04-23 09:39:29.220 I/WindowManager(  431): Screenshot Window{41cbb090 u0 com.antutu.ABenchMark/com.antutu.benchmark.activity.ScoreBenchActivity} was monochrome(ff000000)! mSurfaceLayer=21015 minLayer=21000 maxLayer=21015
04-23 09:39:29.250 I/ActivityManager(  431): Start proc com.antutu.ABenchMark:remote for activity com.antutu.ABenchMark/.Test3D.OgreActivity: pid=3371 uid=10076 gids={50076, 3003, 1028, 1015}
04-23 09:39:34.600 I/ActivityManager(  431): Process com.android.launcher (pid 2834) has died.
04-23 09:39:34.600 I/WindowState(  431): WIN DEATH: Window{41cb9fc8 u0 com.android.launcher/com.android.launcher2.Launcher}
04-23 09:39:34.630 I/ActivityManager(  431): Process com.google.process.gapps (pid 2309) has died.
04-23 09:39:34.630 W/ActivityManager(  431): Scheduling restart of crashed service com.google.android.gms/.gcm.GcmService in 5000ms
04-23 09:39:34.670 I/ActivityManager(  431): Process com.android.inputmethod.latin (pid 591) has died.
04-23 09:39:34.670 W/ActivityManager(  431): Scheduling restart of crashed service com.android.inputmethod.latin/.LatinIME in 14965ms
04-23 09:39:34.700 W/InputMethodManagerService(  431): Session failed to close due to remote exception
04-23 09:39:34.700 W/InputMethodManagerService(  431): android.os.DeadObjectException
04-23 09:39:34.700 W/InputMethodManagerService(  431): 	at android.os.BinderProxy.transact(Native Method)
04-23 09:39:34.700 W/InputMethodManagerService(  431): 	at com.android.internal.view.IInputMethodSession$Stub$Proxy.finishSession(IInputMethodSession.java:292)
04-23 09:39:34.700 W/InputMethodManagerService(  431): 	at com.android.server.InputMethodManagerService.finishSessionLocked(InputMethodManagerService.java:1359)
04-23 09:39:34.700 W/InputMethodManagerService(  431): 	at com.android.server.InputMethodManagerService.clearClientSessionLocked(InputMethodManagerService.java:1350)
04-23 09:39:34.700 W/InputMethodManagerService(  431): 	at com.android.server.InputMethodManagerService.clearCurMethodLocked(InputMethodManagerService.java:1376)
04-23 09:39:34.700 W/InputMethodManagerService(  431): 	at com.android.server.InputMethodManagerService.onServiceDisconnected(InputMethodManagerService.java:1395)
04-23 09:39:34.700 W/InputMethodManagerService(  431): 	at android.app.LoadedApk$ServiceDispatcher.doDeath(LoadedApk.java:1120)
04-23 09:39:34.700 W/InputMethodManagerService(  431): 	at android.app.LoadedApk$ServiceDispatcher$RunConnection.run(LoadedApk.java:1134)
04-23 09:39:34.700 W/InputMethodManagerService(  431): 	at android.os.Handler.handleCallback(Handler.java:733)
04-23 09:39:34.700 W/InputMethodManagerService(  431): 	at android.os.Handler.dispatchMessage(Handler.java:95)
04-23 09:39:34.700 W/InputMethodManagerService(  431): 	at android.os.Looper.loop(Looper.java:137)
04-23 09:39:34.700 W/InputMethodManagerService(  431): 	at com.android.server.ServerThread.initAndLoop(SystemServer.java:1092)
04-23 09:39:34.700 W/InputMethodManagerService(  431): 	at com.android.server.SystemServer.main(SystemServer.java:1178)
04-23 09:39:34.700 W/InputMethodManagerService(  431): 	at java.lang.reflect.Method.invokeNative(Native Method)
04-23 09:39:34.700 W/InputMethodManagerService(  431): 	at java.lang.reflect.Method.invoke(Method.java:515)
04-23 09:39:34.700 W/InputMethodManagerService(  431): 	at com.android.internal.os.ZygoteInit$MethodAndArgsCaller.run(ZygoteInit.java:777)
04-23 09:39:34.700 W/InputMethodManagerService(  431): 	at com.android.internal.os.ZygoteInit.main(ZygoteInit.java:593)
04-23 09:39:34.700 W/InputMethodManagerService(  431): 	at dalvik.system.NativeStart.main(Native Method)
04-23 09:39:34.700 W/InputMethodManagerService(  431): Session failed to close due to remote exception
04-23 09:39:34.700 W/InputMethodManagerService(  431): android.os.DeadObjectException
04-23 09:39:34.700 W/InputMethodManagerService(  431): 	at android.os.BinderProxy.transact(Native Method)
04-23 09:39:34.700 W/InputMethodManagerService(  431): 	at com.android.internal.view.IInputMethodSession$Stub$Proxy.finishSession(IInputMethodSession.java:292)
04-23 09:39:34.700 W/InputMethodManagerService(  431): 	at com.android.server.InputMethodManagerService.finishSessionLocked(InputMethodManagerService.java:1359)
04-23 09:39:34.700 W/InputMethodManagerService(  431): 	at com.android.server.InputMethodManagerService.clearClientSessionLocked(InputMethodManagerService.java:1350)
04-23 09:39:34.700 W/InputMethodManagerService(  431): 	at com.android.server.InputMethodManagerService.clearCurMethodLocked(InputMethodManagerService.java:1376)
04-23 09:39:34.700 W/InputMethodManagerService(  431): 	at com.android.server.InputMethodManagerService.onServiceDisconnected(InputMethodManagerService.java:1395)
04-23 09:39:34.700 W/InputMethodManagerService(  431): 	at android.app.LoadedApk$ServiceDispatcher.doDeath(LoadedApk.java:1120)
04-23 09:39:34.700 W/InputMethodManagerService(  431): 	at android.app.LoadedApk$ServiceDispatcher$RunConnection.run(LoadedApk.java:1134)
04-23 09:39:34.700 W/InputMethodManagerService(  431): 	at android.os.Handler.handleCallback(Handler.java:733)
04-23 09:39:34.700 W/InputMethodManagerService(  431): 	at android.os.Handler.dispatchMessage(Handler.java:95)
04-23 09:39:34.700 W/InputMethodManagerService(  431): 	at android.os.Looper.loop(Looper.java:137)
04-23 09:39:34.700 W/InputMethodManagerService(  431): 	at com.android.server.ServerThread.initAndLoop(SystemServer.java:1092)
04-23 09:39:34.700 W/InputMethodManagerService(  431): 	at com.android.server.SystemServer.main(SystemServer.java:1178)
04-23 09:39:34.700 W/InputMethodManagerService(  431): 	at java.lang.reflect.Method.invokeNative(Native Method)
04-23 09:39:34.700 W/InputMethodManagerService(  431): 	at java.lang.reflect.Method.invoke(Method.java:515)
04-23 09:39:34.700 W/InputMethodManagerService(  431): 	at com.android.internal.os.ZygoteInit$MethodAndArgsCaller.run(ZygoteInit.java:777)
04-23 09:39:34.700 W/InputMethodManagerService(  431): 	at com.android.internal.os.ZygoteInit.main(ZygoteInit.java:593)
04-23 09:39:34.700 W/InputMethodManagerService(  431): 	at dalvik.system.NativeStart.main(Native Method)
04-23 09:39:34.710 W/InputMethodManagerService(  431): Session failed to close due to remote exception
04-23 09:39:34.710 W/InputMethodManagerService(  431): android.os.DeadObjectException
04-23 09:39:34.710 W/InputMethodManagerService(  431): 	at android.os.BinderProxy.transact(Native Method)
04-23 09:39:34.710 W/InputMethodManagerService(  431): 	at com.android.internal.view.IInputMethodSession$Stub$Proxy.finishSession(IInputMethodSession.java:292)
04-23 09:39:34.710 W/InputMethodManagerService(  431): 	at com.android.server.InputMethodManagerService.finishSessionLocked(InputMethodManagerService.java:1359)
04-23 09:39:34.710 W/InputMethodManagerService(  431): 	at com.android.server.InputMethodManagerService.clearClientSessionLocked(InputMethodManagerService.java:1350)
04-23 09:39:34.710 W/InputMethodManagerService(  431): 	at com.android.server.InputMethodManagerService.clearCurMethodLocked(InputMethodManagerService.java:1376)
04-23 09:39:34.710 W/InputMethodManagerService(  431): 	at com.android.server.InputMethodManagerService.onServiceDisconnected(InputMethodManagerService.java:1395)
04-23 09:39:34.710 W/InputMethodManagerService(  431): 	at android.app.LoadedApk$ServiceDispatcher.doDeath(LoadedApk.java:1120)
04-23 09:39:34.710 W/InputMethodManagerService(  431): 	at android.app.LoadedApk$ServiceDispatcher$RunConnection.run(LoadedApk.java:1134)
04-23 09:39:34.710 W/InputMethodManagerService(  431): 	at android.os.Handler.handleCallback(Handler.java:733)
04-23 09:39:34.710 W/InputMethodManagerService(  431): 	at android.os.Handler.dispatchMessage(Handler.java:95)
04-23 09:39:34.710 W/InputMethodManagerService(  431): 	at android.os.Looper.loop(Looper.java:137)
04-23 09:39:34.710 W/InputMethodManagerService(  431): 	at com.android.server.ServerThread.initAndLoop(SystemServer.java:1092)
04-23 09:39:34.710 W/InputMethodManagerService(  431): 	at com.android.server.SystemServer.main(SystemServer.java:1178)
04-23 09:39:34.710 W/InputMethodManagerService(  431): 	at java.lang.reflect.Method.invokeNative(Native Method)
04-23 09:39:34.710 W/InputMethodManagerService(  431): 	at java.lang.reflect.Method.invoke(Method.java:515)
04-23 09:39:34.710 W/InputMethodManagerService(  431): 	at com.android.internal.os.ZygoteInit$MethodAndArgsCaller.run(ZygoteInit.java:777)
04-23 09:39:34.710 W/InputMethodManagerService(  431): 	at com.android.internal.os.ZygoteInit.main(ZygoteInit.java:593)
04-23 09:39:34.710 W/InputMethodManagerService(  431): 	at dalvik.system.NativeStart.main(Native Method)
04-23 09:39:34.800 I/ActivityManager(  431): Process com.softwinner.baseservice:baseservice (pid 2291) has died.
04-23 09:39:34.800 W/ActivityManager(  431): Scheduling restart of crashed service com.softwinner.baseservice/com.softwinner.service.SoftWinnerService in 24830ms
04-23 09:39:34.800 I/ActivityManager(  431): Process com.android.defcontainer (pid 2994) has died.
04-23 09:39:35.090 I/ActivityManager(  431): Process com.google.process.location (pid 602) has died.
04-23 09:39:35.090 W/ActivityManager(  431): Scheduling restart of crashed service com.google.android.gms/com.google.android.location.internal.GoogleLocationManagerService in 34538ms
04-23 09:39:35.090 W/ActivityManager(  431): Scheduling restart of crashed service com.google.android.gms/com.google.android.location.fused.FusedLocationService in 44537ms
04-23 09:39:35.090 W/ActivityManager(  431): Scheduling restart of crashed service com.google.android.gms/com.google.android.location.geocode.GeocodeService in 54537ms
04-23 09:39:35.090 W/ActivityManager(  431): Scheduling restart of crashed service com.google.android.gms/com.google.android.location.fused.NlpLocationReceiverService in 64537ms
04-23 09:39:35.100 W/ActivityManager(  431): Scheduling restart of crashed service com.google.android.gms/com.google.android.location.geofencer.service.GeofenceProviderService in 74536ms
04-23 09:39:35.100 W/ActivityManager(  431): Scheduling restart of crashed service com.google.android.gms/com.google.android.location.network.NetworkLocationService in 84535ms
04-23 09:39:35.100 W/ActivityManager(  431): Scheduling restart of crashed service com.google.android.gms/com.google.android.location.internal.server.GoogleLocationService in 94534ms
04-23 09:39:35.270 I/ActivityManager(  431): Low on memory:
04-23 09:39:35.270 I/ActivityManager(  431):   ntv   N    15215 kB: zygote (111) native
04-23 09:39:35.270 I/ActivityManager(  431):   ntv   N    12904 kB: uiautomator (2789) native
04-23 09:39:35.270 I/ActivityManager(  431):   ntv   N     4657 kB: mediaserver (113) native
04-23 09:39:35.270 I/ActivityManager(  431):   ntv   N     2607 kB: updatesoftwinner (109) native
04-23 09:39:35.270 I/ActivityManager(  431):   ntv   N     1606 kB: surfaceflinger (110) native
04-23 09:39:35.270 I/ActivityManager(  431):   ntv   N     1143 kB: drmserver (112) native
04-23 09:39:35.270 I/ActivityManager(  431):   ntv   N     1090 kB: wpa_supplicant (639) native
