04-23 23:54:18.320 D/SyncManager(  431): failed sync operation liushui788@gmail.com u0 (com.google), com.android.calendar, USER, latestRunTime 52592363, reason: 10025, SyncResult: stats [ numIoExceptions: 1]
04-23 23:54:18.400 D/dalvikvm(25644): GC_CONCURRENT freed 293K, 7% free 4668K/4996K, paused 3ms+1ms, total 20ms
04-23 23:54:18.520 W/GLSUser (25086): GoogleAccountDataService.getToken()
04-23 23:54:58.760 E/CalendarSyncAdapter(25644): IOException, ignoring rest of feed
04-23 23:54:58.760 E/CalendarSyncAdapter(25644): java.net.SocketTimeoutException: failed to connect to www.googleapis.com/74.125.128.95 (port 443) after 20000ms
04-23 23:54:58.760 E/CalendarSyncAdapter(25644): 	at libcore.io.IoBridge.connectErrno(IoBridge.java:159)
04-23 23:54:58.760 E/CalendarSyncAdapter(25644): 	at libcore.io.IoBridge.connect(IoBridge.java:112)
04-23 23:54:58.760 E/CalendarSyncAdapter(25644): 	at java.net.PlainSocketImpl.connect(PlainSocketImpl.java:192)
04-23 23:54:58.760 E/CalendarSyncAdapter(25644): 	at java.net.PlainSocketImpl.connect(PlainSocketImpl.java:459)
04-23 23:54:58.760 E/CalendarSyncAdapter(25644): 	at java.net.Socket.connect(Socket.java:843)
04-23 23:54:58.760 E/CalendarSyncAdapter(25644): 	at com.android.okhttp.internal.Platform.connectSocket(Platform.java:131)
04-23 23:54:58.760 E/CalendarSyncAdapter(25644): 	at com.android.okhttp.Connection.connect(Connection.java:101)
04-23 23:54:58.760 E/CalendarSyncAdapter(25644): 	at com.android.okhttp.internal.http.HttpEngine.connect(HttpEngine.java:294)
04-23 23:54:58.760 E/CalendarSyncAdapter(25644): 	at com.android.okhttp.internal.http.HttpEngine.sendSocketRequest(HttpEngine.java:255)
04-23 23:54:58.760 E/CalendarSyncAdapter(25644): 	at com.android.okhttp.internal.http.HttpEngine.sendRequest(HttpEngine.java:206)
04-23 23:54:58.760 E/CalendarSyncAdapter(25644): 	at com.android.okhttp.internal.http.HttpURLConnectionImpl.execute(HttpURLConnectionImpl.java:345)
04-23 23:54:58.760 E/CalendarSyncAdapter(25644): 	at com.android.okhttp.internal.http.HttpURLConnectionImpl.connect(HttpURLConnectionImpl.java:89)
04-23 23:54:58.760 E/CalendarSyncAdapter(25644): 	at com.android.okhttp.internal.http.HttpsURLConnectionImpl.connect(HttpsURLConnectionImpl.java:161)
04-23 23:54:58.760 E/CalendarSyncAdapter(25644): 	at com.google.api.client.http.javanet.NetHttpRequest.execute(NetHttpRequest.java:94)
04-23 23:54:58.760 E/CalendarSyncAdapter(25644): 	at com.google.api.client.http.HttpRequest.execute(HttpRequest.java:980)
04-23 23:54:58.760 E/CalendarSyncAdapter(25644): 	at com.google.api.client.googleapis.services.AbstractGoogleClientRequest.executeUnparsed(AbstractGoogleClientRequest.java:412)
04-23 23:54:58.760 E/CalendarSyncAdapter(25644): 	at com.google.api.client.googleapis.services.AbstractGoogleClientRequest.executeUnparsed(AbstractGoogleClientRequest.java:345)
04-23 23:54:58.760 E/CalendarSyncAdapter(25644): 	at com.google.android.apiary.FeedFetcher.fetchFeed(FeedFetcher.java:78)
04-23 23:54:58.760 E/CalendarSyncAdapter(25644): 	at com.google.android.apiary.FeedFetcher.run(FeedFetcher.java:64)
04-23 23:54:58.760 E/CalendarSyncAdapter(25644): 	at com.google.android.syncadapters.calendar.EventFeedFetcher.run(EventFeedFetcher.java:71)
04-23 23:54:58.760 E/CalendarSyncAdapter(25644): 	at java.lang.Thread.run(Thread.java:841)
04-23 23:54:58.760 D/CalendarSyncAdapter(25644): getServerDiffs failed
04-23 23:54:58.760 D/CalendarSyncAdapter(25644): java.io.IOException: Connection failed during feed read of liushui788@gmail.com
04-23 23:54:58.760 D/CalendarSyncAdapter(25644): 	at com.google.android.syncadapters.calendar.CalendarSyncAdapterApiary.getServerDiffsImpl(CalendarSyncAdapterApiary.java:1414)
04-23 23:54:58.760 D/CalendarSyncAdapter(25644): 	at com.google.android.syncadapters.calendar.CalendarSyncAdapterApiary.getServerDiffsForFeed(CalendarSyncAdapterApiary.java:1117)
04-23 23:54:58.760 D/CalendarSyncAdapter(25644): 	at com.google.android.syncadapters.calendar.CalendarSyncAdapterApiary.getServerDiffs(CalendarSyncAdapterApiary.java:891)
04-23 23:54:58.760 D/CalendarSyncAdapter(25644): 	at com.google.android.syncadapters.calendar.CalendarSyncAdapterApiary.performSync(CalendarSyncAdapterApiary.java:430)
04-23 23:54:58.760 D/CalendarSyncAdapter(25644): 	at com.google.android.syncadapters.calendar.CalendarSyncAdapterApiary.onPerformLoggedSync(CalendarSyncAdapterApiary.java:335)
04-23 23:54:58.760 D/CalendarSyncAdapter(25644): 	at com.google.android.common.LoggingThreadedSyncAdapter.onPerformSync(LoggingThreadedSyncAdapter.java:33)
04-23 23:54:58.760 D/CalendarSyncAdapter(25644): 	at android.content.AbstractThreadedSyncAdapter$SyncThread.run(AbstractThreadedSyncAdapter.java:259)
04-23 23:54:58.760 D/CalendarSyncAdapter(25644): FAILURE: processed 0 records in 40325 ms from feed liushui788@gmail.com, updated time is 2014-04-11T06:28:36.385Z
04-23 23:54:58.780 D/SyncManager(  431): failed sync operation liushui788@gmail.com u0 (com.google), com.android.calendar, USER, latestRunTime 52638401, reason: 10025, SyncResult: stats [ numIoExceptions: 1]
04-23 23:56:01.080 D/dalvikvm(  431): GC_CONCURRENT freed 1448K, 37% free 10007K/15772K, paused 3ms+7ms, total 87ms
04-23 23:56:04.380 W/GLSUser (25086): GoogleAccountDataService.getToken()
04-23 23:56:10.410 D/dalvikvm(25644): GC_CONCURRENT freed 357K, 8% free 4703K/5096K, paused 3ms+4ms, total 24ms
04-23 23:56:10.780 D/dalvikvm(25644): GC_FOR_ALLOC freed 319K, 11% free 4688K/5248K, paused 14ms, total 15ms
04-23 23:56:11.410 V/CalendarSyncAdapter(25644): Saving inProgress state: {calendarId=liushui788@gmail.com, maxAttendees=50, maxResults=200, timeMax=2015-05-05T00:00:00.000Z, updatedMin=2014-04-11T06:28:36.385Z}
04-23 23:56:11.470 D/CalendarSyncAdapter(25644): Found 0 events marked dirty & lastSynced
04-23 23:56:11.600 W/GLSUser (25086): GoogleAccountDataService.getToken()
04-23 23:56:11.640 D/dalvikvm(25086): GC_CONCURRENT freed 403K, 9% free 5167K/5632K, paused 2ms+2ms, total 22ms
04-23 23:56:12.140 D/dalvikvm(25644): GC_CONCURRENT freed 334K, 10% free 4737K/5248K, paused 3ms+2ms, total 20ms
04-23 23:56:12.250 D/dalvikvm(25644): GC_CONCURRENT freed 389K, 10% free 4742K/5248K, paused 3ms+2ms, total 20ms
04-23 23:56:12.340 D/dalvikvm(25644): GC_CONCURRENT freed 392K, 10% free 4743K/5248K, paused 2ms+3ms, total 19ms
04-23 23:56:12.420 D/CalendarSyncAdapter(25644): Found 0 events marked dirty & lastSynced
04-23 23:56:12.440 D/dalvikvm(25662): GC_CONCURRENT freed 212K, 6% free 4539K/4788K, paused 2ms+4ms, total 24ms
04-23 23:56:12.560 D/dalvikvm(25644): GC_CONCURRENT freed 390K, 10% free 4739K/5248K, paused 2ms+2ms, total 18ms
04-23 23:56:12.580 W/GLSUser (25086): GoogleAccountDataService.getToken()
04-23 23:56:13.100 V/CalendarSyncAdapter(25644): Saving inProgress state: {calendarId=liushui788@gmail.com, maxAttendees=50, maxResults=200, timeMax=2015-05-05T00:00:00.000Z, updatedMin=2014-04-11T06:28:36.385Z}
04-23 23:56:13.140 D/CalendarSyncAdapter(25644): Found 0 events marked dirty & lastSynced
04-23 23:56:16.470 D/PowerManagerService(  431): mHoldBootFastWakeLock = true
04-23 23:57:16.470 D/PowerManagerService(  431): mHoldBootFastWakeLock = true
04-23 23:57:41.780 D/dalvikvm(  431): GC_CONCURRENT freed 1279K, 37% free 10019K/15772K, paused 5ms+7ms, total 80ms
04-23 23:58:08.360 W/Uploader(25183): No account for auth token provided
04-23 23:58:08.360 I/ActivityManager(  431): Delay finish: com.google.android.gms/.playlog.uploader.UploaderAlarmReceiver
04-23 23:58:16.470 D/PowerManagerService(  431): mHoldBootFastWakeLock = true
04-23 23:58:23.370 I/ActivityManager(  431): Waited long enough for: ServiceRecord{422c0c60 u0 com.google.android.gms/.playlog.uploader.UploaderIntentService}
04-23 23:58:23.370 I/ActivityManager(  431): Resuming delayed broadcast
04-23 23:58:33.770 D/Uploader(25183): Network request failed class org.apache.http.conn.ConnectTimeoutException(Connect to /74.125.128.95:443 timed out)
04-23 23:59:16.470 D/PowerManagerService(  431): mHoldBootFastWakeLock = true
04-23 23:59:16.510 D/dalvikvm(  491): GC_CONCURRENT freed 543K, 74% free 6287K/23892K, paused 3ms+5ms, total 46ms
04-24 00:00:00.000 D/AlarmManagerService(  431): Kernel timezone updated to -480 minutes west of GMT
04-24 00:00:00.000 I/DeviceInfoService(  431): wifi on
04-24 00:00:00.000 I/DeviceInfoService(  431): onReceive BroadcastReceiver
04-24 00:00:00.000 D/OtaService(  431): onreceive action = android.intent.action.DATE_CHANGED
04-24 00:00:00.000 I/OtaService(  431): onReceive BroadcastReceiver
04-24 00:00:00.100 I/ActivityManager(  431): Start proc com.google.android.inputmethod.latin for broadcast com.google.android.inputmethod.latin/com.android.inputmethod.dictionarypack.EventHandler: pid=25800 uid=10044 gids={50044, 3003, 1028, 1015}
04-24 00:00:00.250 I/ActivityManager(  431): Start proc com.softwinner.baseservice for broadcast com.softwinner.baseservice/com.softwinner.service.SoftWinnerServiceReceiver: pid=25817 uid=10065 gids={50065, 1028, 1015, 3003}
04-24 00:00:00.290 D/        (18953): intervalx=29502091
04-24 00:00:00.300 I/ActivityManager(  431): Killing 25055:com.android.defcontainer/u0a3 (adj 15): empty #17
04-24 00:00:05.150 I/ActivityManager(  431): Killing 25165:com.android.keychain/1000 (adj 15): empty #17
04-24 00:00:17.880 D/dalvikvm(  431): GC_CONCURRENT freed 1313K, 37% free 10008K/15772K, paused 4ms+7ms, total 87ms
04-24 00:01:13.340 D/ConnectivityService(  431): Sampling interval elapsed, updating statistics ..
04-24 00:01:13.340 D/ConnectivityService(  431): Done.
04-24 00:01:13.340 D/ConnectivityService(  431): Setting timer for 720seconds
04-24 00:02:59.010 D/dalvikvm(  431): GC_CONCURRENT freed 1319K, 37% free 9994K/15772K, paused 4ms+6ms, total 84ms
04-24 00:05:55.220 D/dalvikvm(  431): GC_CONCURRENT freed 1344K, 37% free 9969K/15772K, paused 5ms+8ms, total 119ms
04-24 00:06:40.210 I/ActivityManager(  431): Delay finish: com.google.android.gms/.playlog.uploader.UploaderAlarmReceiver
04-24 00:06:40.220 W/Uploader(25183): No account for auth token provided
04-24 00:06:40.580 D/GCM     (25086): Message class inh
04-24 00:06:41.090 D/ConnectivityService(  431): handleInetConditionHoldEnd: net=1, condition=100, published condition=100
04-24 00:06:55.220 I/ActivityManager(  431): Waited long enough for: ServiceRecord{422ed590 u0 com.google.android.gms/.playlog.uploader.UploaderIntentService}
04-24 00:06:55.220 I/ActivityManager(  431): Resuming delayed broadcast
04-24 00:06:55.240 I/ActivityManager(  431): Delay finish: com.google.android.gsf/.checkin.EventLogService$Receiver
04-24 00:06:55.250 I/EventLogService(25086): Aggregate from 1398267355133 (log), 1398267355133 (data)
04-24 00:06:55.320 W/EventLogAggregator(25086): Unknown tag: SYSTEM_AUDIT
04-24 00:06:55.380 D/dalvikvm(25086): GC_FOR_ALLOC freed 229K, 7% free 5302K/5696K, paused 19ms, total 21ms
04-24 00:06:55.380 I/ActivityManager(  431): Resuming delayed broadcast
04-24 00:07:05.720 D/Uploader(25183): Network request failed class org.apache.http.conn.ConnectTimeoutException(Connect to /74.125.128.95:443 timed out)
04-24 00:08:16.210 D/dalvikvm(  431): GC_CONCURRENT freed 1282K, 37% free 9991K/15772K, paused 4ms+7ms, total 85ms
04-24 00:11:12.450 D/dalvikvm(  431): GC_CONCURRENT freed 1321K, 37% free 9983K/15772K, paused 4ms+6ms, total 86ms
04-24 00:14:07.840 D/dalvikvm(  431): GC_CONCURRENT freed 1308K, 37% free 9958K/15772K, paused 4ms+5ms, total 79ms
04-24 00:15:00.030 I/ProcessStatsService(  431): Prepared write state in 5ms
04-24 00:15:01.070 D/ConnectivityService(  431): Sampling interval elapsed, updating statistics ..
04-24 00:15:01.080 D/ConnectivityService(  431): Done.
04-24 00:15:01.080 D/ConnectivityService(  431): Setting timer for 720seconds
04-24 00:15:01.080 I/ActivityManager(  431): Delay finish: com.google.android.gms/.playlog.uploader.UploaderAlarmReceiver
04-24 00:15:01.090 W/Uploader(25183): No account for auth token provided
04-24 00:15:16.090 I/ActivityManager(  431): Waited long enough for: ServiceRecord{421e6c08 u0 com.google.android.gms/.playlog.uploader.UploaderIntentService}
04-24 00:15:16.090 I/ActivityManager(  431): Resuming delayed broadcast
04-24 00:15:16.140 D/dalvikvm(18935): GC_CONCURRENT freed 384K, 9% free 4497K/4920K, paused 2ms+1ms, total 32ms
04-24 00:15:22.250 D/dalvikvm(25183): GC_CONCURRENT freed 430K, 9% free 5211K/5708K, paused 3ms+17ms, total 48ms
04-24 00:15:22.590 W/ActivityThread(25183): ClassLoader.loadClass: The class loader returned by Thread.getContextClassLoader() may fail for processes that host multiple applications. You should explicitly specify a context class loader. For example: Thread.setContextClassLoader(getClass().getClassLoader());
04-24 00:15:22.900 W/Uploader(25183): No account for auth token provided
04-24 00:15:29.560 W/Uploader(25183): No account for auth token provided
04-24 00:15:30.080 D/dalvikvm(25183): GC_CONCURRENT freed 434K, 10% free 5171K/5708K, paused 3ms+2ms, total 26ms
04-24 00:16:44.800 D/dalvikvm(  431): GC_CONCURRENT freed 1260K, 37% free 9991K/15772K, paused 4ms+7ms, total 86ms
04-24 00:19:41.050 D/dalvikvm(  431): GC_CONCURRENT freed 1330K, 37% free 9974K/15772K, paused 4ms+6ms, total 89ms
04-24 00:20:16.460 D/PowerManagerService(  431): mHoldBootFastWakeLock = true
04-24 00:21:16.460 D/PowerManagerService(  431): mHoldBootFastWakeLock = true
04-24 00:21:40.990 D/GCM     (25086): Message class inh
04-24 00:21:41.490 D/ConnectivityService(  431): handleInetConditionHoldEnd: net=1, condition=100, published condition=100
04-24 00:22:02.050 D/dalvikvm(  431): GC_CONCURRENT freed 1312K, 37% free 9968K/15772K, paused 4ms+6ms, total 86ms
04-24 00:23:16.470 D/PowerManagerService(  431): mHoldBootFastWakeLock = true
04-24 00:23:59.990 I/ActivityManager(  431): Killing 25131:com.android.gallery3d/u0a36 (adj 15): empty for 1817s
04-24 00:23:59.990 I/ActivityManager(  431): Killing 25073:android.process.acore/u0a2 (adj 15): empty for 1817s
04-24 00:23:59.990 I/ActivityManager(  431): Killing 25101:com.android.musicfx/u0a12 (adj 15): empty for 1828s
04-24 00:23:59.990 I/ActivityManager(  431): Killing 25302:com.svox.pico/u0a57 (adj 15): empty for 1830s
04-24 00:23:59.990 I/ActivityManager(  431): Killing 21309:android.process.media/u0a4 (adj 15): empty for 1830s
04-24 00:23:59.990 I/ActivityManager(  431): Killing 25263:com.google.android.partnersetup/u0a9 (adj 15): empty for 1830s
04-24 00:23:59.990 I/ActivityManager(  431): Killing 25197:com.google.android.gms.drive/u0a6 (adj 15): empty for 1830s
04-24 00:24:16.470 D/PowerManagerService(  431): mHoldBootFastWakeLock = true
04-24 00:24:51.550 D/dalvikvm(  431): GC_CONCURRENT freed 1320K, 38% free 9927K/15772K, paused 3ms+7ms, total 79ms
04-24 00:27:01.090 D/ConnectivityService(  431): Sampling interval elapsed, updating statistics ..
04-24 00:27:01.090 D/ConnectivityService(  431): Done.
04-24 00:27:01.090 D/ConnectivityService(  431): Setting timer for 720seconds
04-24 00:27:34.330 D/dalvikvm(  431): GC_CONCURRENT freed 1295K, 38% free 9929K/15772K, paused 4ms+5ms, total 82ms
04-24 00:30:20.510 D/dalvikvm(  431): GC_CONCURRENT freed 1282K, 38% free 9926K/15772K, paused 4ms+7ms, total 83ms
04-24 00:33:11.690 D/dalvikvm(  431): GC_CONCURRENT freed 1279K, 38% free 9924K/15772K, paused 4ms+5ms, total 83ms
04-24 00:36:02.910 D/dalvikvm(  431): GC_CONCURRENT freed 1276K, 38% free 9924K/15772K, paused 3ms+6ms, total 82ms
04-24 00:37:16.460 D/PowerManagerService(  431): mHoldBootFastWakeLock = true
04-24 00:37:16.490 V/BackupManagerService(  431): Running a backup pass
04-24 00:37:16.500 V/BackupManagerService(  431): clearing pending backups
04-24 00:37:16.500 V/PerformBackupTask(  431): Beginning backup of 3 targets
04-24 00:37:16.510 D/PerformBackupTask(  431): invokeAgentForBackup on @pm@
04-24 00:37:16.520 V/BackupServiceBinder(  431): doBackup() invoked
04-24 00:37:16.530 V/LocalTransport(  431): performBackup() pkg=@pm@
04-24 00:37:16.530 V/LocalTransport(  431): Got change set key=com.google.android.googlequicksearchbox size=1107 key64=Y29tLmdvb2dsZS5hbmRyb2lkLmdvb2dsZXF1aWNrc2VhcmNoYm94
04-24 00:37:16.530 V/LocalTransport(  431):   data size 1107
04-24 00:37:16.530 V/LocalTransport(  431): Got change set key=com.google.android.calendar size=1107 key64=Y29tLmdvb2dsZS5hbmRyb2lkLmNhbGVuZGFy
04-24 00:37:16.530 V/LocalTransport(  431):   data size 1107
04-24 00:37:16.530 V/LocalTransport(  431): finishBackup()
04-24 00:37:16.540 V/BackupServiceBinder(25644): doBackup() invoked
04-24 00:37:16.540 D/PerformBackupTask(  431): starting agent for backup of BackupRequest{pkg=com.google.android.calendar}
04-24 00:37:16.540 D/BackupManagerService(  431): awaiting agent for ApplicationInfo{41f30990 com.google.android.calendar}
04-24 00:37:16.540 D/BackupManagerService(  431): agentConnected pkg=com.google.android.calendar agent=android.os.BinderProxy@41dbb5f0
04-24 00:37:16.540 I/BackupManagerService(  431): got agent android.app.IBackupAgent$Stub$Proxy@41daef88
04-24 00:37:16.540 D/PerformBackupTask(  431): invokeAgentForBackup on com.google.android.calendar
04-24 00:37:16.550 D/BackupHelperDispatcher(25644): handling existing helper 'shared_pref' android.app.backup.SharedPreferencesBackupHelper@419b5b00
04-24 00:37:16.550 V/LocalTransport(  431): performBackup() pkg=com.google.android.calendar
04-24 00:37:16.550 V/LocalTransport(  431): Got change set key=shared_pref:com.android.calendar_preferences size=735 key64=c2hhcmVkX3ByZWY6Y29tLmFuZHJvaWQuY2FsZW5kYXJfcHJlZmVyZW5jZXM=
04-24 00:37:16.550 V/LocalTransport(  431):   data size 735
04-24 00:37:16.550 V/LocalTransport(  431): finishBackup()
04-24 00:37:16.550 D/PerformBackupTask(  431): starting agent for backup of BackupRequest{pkg=com.google.android.googlequicksearchbox}
04-24 00:37:16.570 I/ActivityManager(  431): Start proc com.google.android.googlequicksearchbox for backup com.google.android.googlequicksearchbox/com.android.launcher3.LauncherBackupAgentHelper: pid=26302 uid=10017 gids={50017, 3003, 1028, 3002, 1015}
04-24 00:37:16.570 D/BackupManagerService(  431): awaiting agent for ApplicationInfo{42163d40 com.google.android.googlequicksearchbox}
04-24 00:37:16.610 V/LauncherBackupAgentHelper(26302): restore is disabled
04-24 00:37:16.620 V/BackupServiceBinder(26302): doBackup() invoked
04-24 00:37:16.620 D/BackupHelperDispatcher(26302): handling new helper 'L'
04-24 00:37:16.620 V/LauncherBackupHelper(26302): onBackup
04-24 00:37:16.620 W/LauncherBackupHelper(26302): could not find a valid journal
04-24 00:37:16.620 V/LauncherBackupHelper(26302): lastBackupTime = 0
04-24 00:37:16.620 V/LauncherBackupHelper(26302): wrote 12 bytes of journal
04-24 00:37:16.620 V/LauncherBackupHelper(26302): onBackup: wrote 0b in 0 rows.
04-24 00:37:16.620 D/BackupHelperDispatcher(26302): handling new helper 'LP'
04-24 00:37:16.620 D/BackupManagerService(  431): agentConnected pkg=com.google.android.googlequicksearchbox agent=android.os.BinderProxy@41d4a758
04-24 00:37:16.620 I/BackupManagerService(  431): got agent android.app.IBackupAgent$Stub$Proxy@41d16b58
04-24 00:37:16.620 D/PerformBackupTask(  431): invokeAgentForBackup on com.google.android.googlequicksearchbox
04-24 00:37:16.620 E/ActivityThread(26302): Failed to find provider info for com.google.android.launcher.settings
04-24 00:37:16.630 V/BackupServiceBinder(  431): doBackup() invoked
04-24 00:37:16.630 D/BackupHelperDispatcher(  431): handling existing helper 'wallpaper' android.app.backup.WallpaperBackupHelper@41d51e50
04-24 00:37:16.630 V/LocalTransport(  431): performBackup() pkg=android
04-24 00:37:16.630 V/LocalTransport(  431): Got change set key=wallpaper:/data/system/wallpaper_info.xml size=-1 key64=d2FsbHBhcGVyOi9kYXRhL3N5c3RlbS93YWxscGFwZXJfaW5mby54bWw=
04-24 00:37:16.630 I/PerformBackupTask(  431): no backup data written; not calling transport
04-24 00:37:16.630 D/PerformBackupTask(  431): starting agent for backup of BackupRequest{pkg=android}
04-24 00:37:16.630 D/BackupManagerService(  431): awaiting agent for ApplicationInfo{41a8d7d8 android}
04-24 00:37:16.630 D/BackupManagerService(  431): agentConnected pkg=android agent=android.app.backup.BackupAgent$BackupServiceBinder@41e6e7a0
04-24 00:37:16.630 I/BackupManagerService(  431): got agent android.app.backup.BackupAgent$BackupServiceBinder@41e6e7a0
04-24 00:37:16.630 D/PerformBackupTask(  431): invokeAgentForBackup on android
04-24 00:37:16.640 V/LocalTransport(  431): Got change set key=wallpaper:/data/system/wallpaper_info.xml size=115 key64=d2FsbHBhcGVyOi9kYXRhL3N5c3RlbS93YWxscGFwZXJfaW5mby54bWw=
04-24 00:37:16.640 V/LocalTransport(  431):   data size 115
04-24 00:37:16.640 V/LocalTransport(  431): finishBackup()
04-24 00:37:16.640 I/PerformBackupTask(  431): Backup pass finished.
04-24 00:37:16.770 D/GCM     (25086): Message class inh
04-24 00:37:17.100 I/EntropyMixer(  431): Writing entropy...
04-24 00:37:17.270 D/ConnectivityService(  431): handleInetConditionHoldEnd: net=1, condition=100, published condition=100
04-24 00:37:59.990 I/ActivityManager(  431): Killing 20177:com.google.android.apps.plus/u0a60 (adj 15): empty for 2657s
04-24 00:38:13.840 D/dalvikvm(  431): GC_CONCURRENT freed 1282K, 38% free 9933K/15772K, paused 4ms+6ms, total 84ms
04-24 00:38:16.470 D/PowerManagerService(  431): mHoldBootFastWakeLock = true
04-24 00:39:01.100 D/ConnectivityService(  431): Sampling interval elapsed, updating statistics ..
04-24 00:39:01.100 D/ConnectivityService(  431): Done.
04-24 00:39:01.100 D/ConnectivityService(  431): Setting timer for 720seconds
04-24 00:39:01.110 I/ActivityManager(  431): Delay finish: com.google.android.gsf/.checkin.EventLogService$Receiver
04-24 00:39:01.120 I/EventLogService(25086): Aggregate from 1398269215336 (log), 1398269215336 (data)
04-24 00:39:01.190 I/ActivityManager(  431): Resuming delayed broadcast
04-24 00:40:16.470 D/PowerManagerService(  431): mHoldBootFastWakeLock = true
04-24 00:40:49.170 D/dalvikvm(  431): GC_CONCURRENT freed 1304K, 38% free 9899K/15772K, paused 3ms+9ms, total 78ms
04-24 00:43:36.080 D/dalvikvm(  431): GC_CONCURRENT freed 1254K, 38% free 9920K/15772K, paused 3ms+6ms, total 83ms
04-24 00:44:26.890 I/System.out(18953): passive
04-24 00:44:26.890 I/System.out(18953): gps
04-24 00:44:26.890 I/System.out(18953): network
04-24 00:45:01.200 I/ProcessStatsService(  431): Prepared write state in 15ms
04-24 00:45:01.250 I/ProcessStatsService(  431): Pruning old procstats: /data/system/procstats/state-2014-04-22-23-02-05.bin
04-24 00:46:07.170 D/dalvikvm(  431): GC_CONCURRENT freed 1307K, 38% free 9879K/15772K, paused 5ms+5ms, total 75ms
04-24 00:49:00.090 D/dalvikvm(  431): GC_CONCURRENT freed 1261K, 38% free 9877K/15772K, paused 4ms+5ms, total 105ms
04-24 00:49:39.060 I/wpa_supplicant(  639): wlan0: WPA: Group rekeying completed with a4:93:4c:b1:4a:5f [GTK=CCMP]
04-24 00:51:16.470 D/PowerManagerService(  431): mHoldBootFastWakeLock = true
04-24 00:51:16.520 D/ConnectivityService(  431): Sampling interval elapsed, updating statistics ..
04-24 00:51:16.520 D/ConnectivityService(  431): Done.
04-24 00:51:16.520 D/ConnectivityService(  431): Setting timer for 720seconds
04-24 00:51:24.390 D/dalvikvm(  431): GC_CONCURRENT freed 1277K, 38% free 9886K/15772K, paused 5ms+6ms, total 100ms
04-24 00:52:16.470 D/PowerManagerService(  431): mHoldBootFastWakeLock = true
04-24 00:52:17.150 D/GCM     (25086): Message class inh
04-24 00:52:17.650 D/ConnectivityService(  431): handleInetConditionHoldEnd: net=1, condition=100, published condition=100
04-24 00:54:01.300 D/dalvikvm(  431): GC_CONCURRENT freed 1266K, 38% free 9882K/15772K, paused 3ms+9ms, total 77ms
04-24 00:56:16.470 D/PowerManagerService(  431): mHoldBootFastWakeLock = true
04-24 00:56:51.660 D/dalvikvm(  431): GC_CONCURRENT freed 1253K, 38% free 9904K/15772K, paused 4ms+5ms, total 83ms
04-24 00:59:42.860 D/dalvikvm(  431): GC_CONCURRENT freed 1277K, 38% free 9905K/15772K, paused 4ms+6ms, total 82ms
04-24 01:01:00.060 D/dalvikvm(18861): GC_CONCURRENT freed 438K, 42% free 6159K/10460K, paused 1ms+2ms, total 38ms
04-24 01:01:16.470 D/PowerManagerService(  431): mHoldBootFastWakeLock = true
04-24 01:02:00.060 D/dalvikvm(  491): GC_CONCURRENT freed 583K, 74% free 6226K/23892K, paused 2ms+6ms, total 70ms
04-24 01:02:16.470 D/PowerManagerService(  431): mHoldBootFastWakeLock = true
04-24 01:02:23.990 D/dalvikvm(  431): GC_CONCURRENT freed 1282K, 38% free 9908K/15772K, paused 3ms+6ms, total 86ms
04-24 01:03:16.530 D/ConnectivityService(  431): Sampling interval elapsed, updating statistics ..
04-24 01:03:16.530 D/ConnectivityService(  431): Done.
04-24 01:03:16.530 D/ConnectivityService(  431): Setting timer for 720seconds
04-24 01:05:05.130 D/dalvikvm(  431): GC_CONCURRENT freed 1261K, 38% free 9911K/15772K, paused 4ms+6ms, total 81ms
04-24 01:06:16.470 D/PowerManagerService(  431): mHoldBootFastWakeLock = true
04-24 01:07:16.470 D/PowerManagerService(  431): mHoldBootFastWakeLock = true
04-24 01:07:17.600 D/GCM     (25086): Message class inh
04-24 01:07:18.110 D/ConnectivityService(  431): handleInetConditionHoldEnd: net=1, condition=100, published condition=100
04-24 01:07:31.150 D/dalvikvm(  431): GC_CONCURRENT freed 1295K, 38% free 9908K/15772K, paused 4ms+6ms, total 83ms
04-24 01:10:22.350 D/dalvikvm(  431): GC_CONCURRENT freed 1280K, 38% free 9907K/15772K, paused 4ms+5ms, total 84ms
04-24 01:13:13.570 D/dalvikvm(  431): GC_CONCURRENT freed 1278K, 38% free 9907K/15772K, paused 4ms+6ms, total 84ms
04-24 01:15:01.280 I/ProcessStatsService(  431): Prepared write state in 3ms
04-24 01:15:01.290 I/ActivityManager(  431): Delay finish: com.google.android.gsf/.checkin.EventLogService$Receiver
04-24 01:15:01.300 I/EventLogService(25086): Aggregate from 1398271141131 (log), 1398271141131 (data)
04-24 01:15:01.340 I/ActivityManager(  431): Resuming delayed broadcast
04-24 01:15:01.420 D/dalvikvm(18935): GC_CONCURRENT freed 474K, 11% free 4496K/5004K, paused 2ms+1ms, total 19ms
04-24 01:15:16.540 D/ConnectivityService(  431): Sampling interval elapsed, updating statistics ..
04-24 01:15:16.540 D/ConnectivityService(  431): Done.
04-24 01:15:16.540 D/ConnectivityService(  431): Setting timer for 720seconds
04-24 01:15:44.640 D/dalvikvm(  431): GC_CONCURRENT freed 1274K, 38% free 9917K/15772K, paused 4ms+6ms, total 86ms
04-24 01:18:35.830 D/dalvikvm(  431): GC_CONCURRENT freed 1288K, 38% free 9905K/15772K, paused 4ms+6ms, total 84ms
04-24 01:19:16.470 D/PowerManagerService(  431): mHoldBootFastWakeLock = true
04-24 01:20:16.470 D/PowerManagerService(  431): mHoldBootFastWakeLock = true
04-24 01:21:21.990 D/dalvikvm(  431): GC_CONCURRENT freed 1285K, 38% free 9907K/15772K, paused 4ms+7ms, total 85ms
04-24 01:22:17.650 W/CallerInfoCache(  633): Previous cache task is remaining.
04-24 01:22:17.690 I/ActivityManager(  431): Start proc android.process.acore for content provider com.android.providers.contacts/.ContactsProvider2: pid=26873 uid=10002 gids={50002, 3003, 1028, 1015}
04-24 01:22:17.800 D/dalvikvm(26873): GC_CONCURRENT freed 225K, 6% free 4588K/4848K, paused 2ms+3ms, total 29ms
04-24 01:22:17.940 D/GCM     (25086): Message class inh
04-24 01:22:17.960 I/ContactLocale(26873): AddressBook Labels [en_US]: [, A, B, C, D, E, F, G, H, I, J, K, L, M, N, O, P, Q, R, S, T, U, V, W, X, Y, Z, , , , , , , , , , , , , , , , , , , , , , , , , , , , , , , , , , , , , , , , , , , , , , , , , , , , , , , , , , , , , , , , , , , , , , , , , , , , , , , , , , , , , , , , , , , , , , , , , , , , , , , , , , , , , , , , , , , , , , , , , , , , , , , , , , , , , , , , , , , , , , , , , , , , , , , , , , , , , , , , , , , , , , , , , , , , , , , , , , , , , , #, ]
04-24 01:22:18.080 I/ActivityManager(  431): Killing 25552:com.google.android.googlequicksearchbox:search/u0a17 (adj 15): empty for 5314s
04-24 01:22:18.450 D/ConnectivityService(  431): handleInetConditionHoldEnd: net=1, condition=100, published condition=100
04-24 01:23:43.650 D/dalvikvm(  431): GC_CONCURRENT freed 1290K, 38% free 9881K/15772K, paused 3ms+6ms, total 77ms
04-24 01:26:16.460 D/PowerManagerService(  431): mHoldBootFastWakeLock = true
04-24 01:26:29.140 D/dalvikvm(  431): GC_CONCURRENT freed 1243K, 38% free 9900K/15772K, paused 4ms+6ms, total 78ms
04-24 01:27:16.550 D/ConnectivityService(  431): Sampling interval elapsed, updating statistics ..
04-24 01:27:16.550 D/ConnectivityService(  431): Done.
04-24 01:27:16.550 D/ConnectivityService(  431): Setting timer for 720seconds
04-24 01:29:10.250 D/dalvikvm(  431): GC_CONCURRENT freed 1260K, 38% free 9904K/15772K, paused 4ms+6ms, total 79ms
04-24 01:32:01.270 D/dalvikvm(  431): GC_CONCURRENT freed 1306K, 38% free 9878K/15772K, paused 4ms+6ms, total 78ms
04-24 01:32:16.470 D/PowerManagerService(  431): mHoldBootFastWakeLock = true
04-24 01:32:16.550 I/GoogleHttpClient(25147): Falling back to old http client 0 java.lang.NoSuchMethodException: <init> [class android.content.Context, class java.lang.String, boolean]
04-24 01:32:16.580 D/dalvikvm(25147): GC_CONCURRENT freed 385K, 8% free 5200K/5600K, paused 3ms+2ms, total 46ms
04-24 01:32:21.520 W/ProcessCpuTracker(  431): Skipping unknown process pid 27016
04-24 01:33:16.470 D/PowerManagerService(  431): mHoldBootFastWakeLock = true
04-24 01:33:23.150 W/ActivityThread(25147): ClassLoader.loadClass: The class loader returned by Thread.getContextClassLoader() may fail for processes that host multiple applications. You should explicitly specify a context class loader. For example: Thread.setContextClassLoader(getClass().getClassLoader());
04-24 01:33:23.180 D/dalvikvm(25147): GC_CONCURRENT freed 363K, 8% free 5241K/5640K, paused 3ms+2ms, total 28ms
04-24 01:34:27.460 D/dalvikvm(  431): GC_CONCURRENT freed 1232K, 38% free 9904K/15772K, paused 4ms+6ms, total 78ms
04-24 01:35:16.470 D/PowerManagerService(  431): mHoldBootFastWakeLock = true
04-24 01:36:04.360 I/wpa_supplicant(  639): [CTRL_IFACE]wlan0: DRIVER BTCOEXMODE 1
04-24 01:36:04.360 I/wpa_supplicant(  639): [CTRL_IFACE]wlan0: DRIVER SETSUSPENDMODE 0
04-24 01:36:04.360 I/wpa_supplicant(  639): [CTRL_IFACE]wlan0: SET ps 0
04-24 01:36:04.360 V/BackupManagerService(  431): Running a backup pass
04-24 01:36:04.370 I/LatinIME:LogUtils(19087): Dictionary info: dictionary = UserHistoryDictionary.en_US.dic ; version = ? ; date = 1398274564
04-24 01:36:04.370 V/BackupManagerService(  431): Backup requested but nothing pending
04-24 01:36:04.780 I/wpa_supplicant(  639): [CTRL_IFACE]wlan0: DRIVER SETSUSPENDMODE 1
04-24 01:36:04.780 I/wpa_supplicant(  639): [CTRL_IFACE]wlan0: SET ps 1
04-24 01:36:04.780 I/wpa_supplicant(  639): [CTRL_IFACE]wlan0: DRIVER BTCOEXMODE 2
04-24 01:36:04.780 D/WifiStateMachine(  431): VerifyingLinkState enter
04-24 01:36:04.800 D/WifiStateMachine(  431): VerifyingLinkState GOOD_LINK_DETECTED: transition to captive portal check
04-24 01:36:04.800 D/WifiStateMachine(  431): CaptivePortalCheckState enter
04-24 01:36:04.800 D/ConnectivityService(  431): Captive portal check NetworkInfo: type: WIFI[], state: CONNECTING/CAPTIVE_PORTAL_CHECK, reason: (unspecified), extra: "XP-3f", roaming: false, failover: false, isAvailable: true, isConnectedToProvisioningNetwork: false
04-24 01:36:04.810 D/WifiStateMachine(  431): CaptivePortalCheckState CMD_CAPTIVE_CHECK_COMPLETE
04-24 01:36:04.810 D/ConnectivityService(  431): handleCaptivePortalTrackerCheck: call captivePortalCheckComplete ni=NetworkInfo: type: WIFI[], state: CONNECTING/CAPTIVE_PORTAL_CHECK, reason: (unspecified), extra: "XP-3f", roaming: false, failover: false, isAvailable: true, isConnectedToProvisioningNetwork: false
04-24 01:36:04.810 D/ConnectivityService(  431): Captive portal check NetworkInfo: type: WIFI[], state: CONNECTING/CAPTIVE_PORTAL_CHECK, reason: (unspecified), extra: "XP-3f", roaming: false, failover: false, isAvailable: true, isConnectedToProvisioningNetwork: false
04-24 01:36:04.810 D/ConnectivityService(  431): handleCaptivePortalTrackerCheck: call captivePortalCheckComplete ni=NetworkInfo: type: WIFI[], state: CONNECTING/CAPTIVE_PORTAL_CHECK, reason: (unspecified), extra: "XP-3f", roaming: false, failover: false, isAvailable: true, isConnectedToProvisioningNetwork: false
04-24 01:36:04.810 D/ConnectivityService(  431): ConnectivityChange for WIFI: CONNECTED/CONNECTED
04-24 01:36:04.840 E/ConnectivityService(  431): Unexpected mtu value: android.net.wifi.WifiStateTracker@41bfa510
04-24 01:36:04.850 D/ConnectivityService(  431): handleConnectivityChange: address are the same reset per doReset linkProperty[1]: resetMask=0
04-24 01:36:04.850 D/Nat464Xlat(  431): requiresClat: netType=1, hasIPv4Address=true
04-24 01:36:04.860 D/ConnectivityService(  431): ConnectivityChange for WIFI: CONNECTED/CONNECTED
04-24 01:36:04.860 E/ConnectivityService(  431): Unexpected mtu value: android.net.wifi.WifiStateTracker@41bfa510
04-24 01:36:04.900 D/ConnectivityService(  431): handleConnectivityChange: address are the same reset per doReset linkProperty[1]: resetMask=0
04-24 01:36:04.900 D/Nat464Xlat(  431): requiresClat: netType=1, hasIPv4Address=true
04-24 01:36:05.820 D/ConnectivityService(  431): NetTransition Wakelock for ConnectedState released by timeout
04-24 01:36:07.870 D/Tethering(  431): MasterInitialState.processMessage what=3
04-24 01:36:07.890 I/DeviceInfoService(  431): wifi on
04-24 01:36:07.890 I/DeviceInfoService(  431): onReceive BroadcastReceiver
04-24 01:36:07.890 D/OtaService(  431): onreceive action = android.net.conn.CONNECTIVITY_CHANGE
04-24 01:36:07.890 I/OtaService(  431): onReceive BroadcastReceiver
04-24 01:36:07.910 I/ActivityManager(  431): Start proc android.process.media for broadcast com.android.providers.downloads/.DownloadReceiver: pid=27090 uid=10004 gids={50004, 1028, 1015, 1023, 1024, 2001, 3003, 3007}
04-24 01:36:07.920 D/Tethering(  431): MasterInitialState.processMessage what=3
04-24 01:36:07.930 I/DeviceInfoService(  431): wifi on
04-24 01:36:07.930 I/DeviceInfoService(  431): onReceive BroadcastReceiver
04-24 01:36:07.930 D/OtaService(  431): onreceive action = android.net.conn.CONNECTIVITY_CHANGE
04-24 01:36:07.930 I/OtaService(  431): onReceive BroadcastReceiver
04-24 01:36:07.960 D/dalvikvm(  111): GC_EXPLICIT freed 42K, 2% free 4363K/4440K, paused 2ms+3ms, total 65ms
04-24 01:36:08.000 D/dalvikvm(  111): GC_EXPLICIT freed <1K, 2% free 4363K/4440K, paused 2ms+17ms, total 42ms
04-24 01:36:08.040 D/dalvikvm(  111): GC_EXPLICIT freed <1K, 2% free 4363K/4440K, paused 2ms+3ms, total 39ms
04-24 01:36:08.110 D/dalvikvm(  431): GC_CONCURRENT freed 1325K, 38% free 9898K/15772K, paused 15ms+10ms, total 179ms
04-24 01:36:08.320 I/ActivityManager(  431): Killing 24964:com.android.vending/u0a13 (adj 15): empty for 6143s
04-24 01:36:08.340 I/ActivityManager(  431): Start proc com.google.android.setupwizard for broadcast com.google.android.setupwizard/.MobileConnectivityChangeReceiver: pid=27118 uid=10015 gids={50015, 3003}
04-24 01:36:08.450 D/MobileConnectivityChangeReceiver(27118): onReceive Intent { act=android.net.conn.CONNECTIVITY_CHANGE flg=0x4000010 cmp=com.google.android.setupwizard/.MobileConnectivityChangeReceiver (has extras) }
04-24 01:36:08.450 D/MobileConnectivityChangeReceiver(27118): onReceive CONNECTIVITY_CHANGE networkType=1
04-24 01:36:08.450 E/PhoneMonitor(27118): onOtaspChanged old =0, new =3
04-24 01:36:08.450 V/PhoneMonitor(27118): mOtaspPhoneStateListener#onOtaspChanged, mOtaspMode=3
04-24 01:36:08.470 I/ActivityManager(  431): Start proc com.google.android.apps.plus for broadcast com.google.android.apps.plus/com.google.android.picasasync.ConnectivityReceiver: pid=27133 uid=10060 gids={50060, 3003, 3002, 1028, 1015}
04-24 01:36:08.470 I/ActivityManager(  431): Killing 25800:com.google.android.inputmethod.latin/u0a44 (adj 15): empty for 5768s
04-24 01:36:08.510 I/CheckinService(25086): Preparing to send checkin request
04-24 01:36:08.510 I/EventLogService(25086): Accumulating logs since 1398273301310
04-24 01:36:08.590 D/dalvikvm(25086): GC_CONCURRENT freed 415K, 10% free 5278K/5820K, paused 2ms+2ms, total 22ms
04-24 01:36:08.630 W/GLSUser (25086): GoogleAccountDataService.getToken()
04-24 01:36:08.710 D/dalvikvm(27133): GC_CONCURRENT freed 243K, 6% free 4527K/4804K, paused 3ms+5ms, total 24ms
04-24 01:36:08.720 D/dalvikvm(27133): No JNI_OnLoad found in /system/lib/libwebp_android.so 0x4199ddf0, skipping init
04-24 01:36:08.720 D/dalvikvm(27133): No JNI_OnLoad found in /system/lib/libplus_jni_v8.so 0x4199ddf0, skipping init
04-24 01:36:08.720 I/NativeLibrarySupport(27133): Native WEBP decoder, version=0.3.1
04-24 01:36:08.800 I/CheckinTask(25086): Sending checkin request (1858 bytes)
04-24 01:36:08.840 D/dalvikvm(27133): GC_CONCURRENT freed 156K, 5% free 4784K/4988K, paused 3ms+5ms, total 26ms
04-24 01:36:08.860 D/        (18953): intervalx=35270660
04-24 01:36:08.870 I/ActivityManager(  431): Start proc com.softwinner.update for broadcast com.softwinner.update/.LoaderReceiver: pid=27158 uid=10068 gids={50068, 2001, 1028, 1015, 1023, 3003}
04-24 01:36:08.870 I/ActivityManager(  431): Killing 25662:com.android.providers.calendar/u0a1 (adj 15): empty for 5768s
04-24 01:36:08.880 D/dalvikvm(27133): GC_FOR_ALLOC freed 17K, 5% free 4771K/4988K, paused 33ms, total 33ms
04-24 01:36:08.880 I/dalvikvm-heap(27133): Grow heap (frag case) to 5.387MB for 732016-byte allocation
04-24 01:36:08.890 I/ActivityManager(  431): Killing 25644:com.google.android.calendar/u0a25 (adj 15): depends on provider com.android.providers.calendar/.CalendarProvider2 in dying proc com.android.providers.calendar
04-24 01:36:08.900 D/dalvikvm(27133): GC_FOR_ALLOC freed <1K, 4% free 5486K/5704K, paused 17ms, total 17ms
04-24 01:36:08.930 D/dalvikvm(27133): GC_CONCURRENT freed 3K, 4% free 5491K/5704K, paused 4ms+2ms, total 31ms
04-24 01:36:08.990 D/GCM     (25086): GcmService start Intent { act=android.net.conn.CONNECTIVITY_CHANGE flg=0x4000010 cmp=com.google.android.gms/.gcm.GcmService (has extras) } android.net.conn.CONNECTIVITY_CHANGE
04-24 01:36:08.990 D/dalvikvm(27133): GC_FOR_ALLOC freed 12K, 4% free 5499K/5704K, paused 25ms, total 27ms
04-24 01:36:09.000 I/dalvikvm-heap(27133): Grow heap (frag case) to 6.580MB for 1237584-byte allocation
04-24 01:36:09.020 D/dalvikvm(27133): GC_FOR_ALLOC freed 1K, 4% free 6706K/6916K, paused 22ms, total 22ms
04-24 01:36:09.040 D/MobileConnectivityChangeReceiver(27118): onReceive Intent { act=android.net.conn.CONNECTIVITY_CHANGE flg=0x4000010 cmp=com.google.android.setupwizard/.MobileConnectivityChangeReceiver (has extras) }
04-24 01:36:09.040 D/MobileConnectivityChangeReceiver(27118): onReceive CONNECTIVITY_CHANGE networkType=1
04-24 01:36:09.050 D/dalvikvm(27133): GC_CONCURRENT freed 8K, 4% free 6701K/6916K, paused 11ms+1ms, total 32ms
04-24 01:36:09.090 D/        (18953): intervalx=35270892
04-24 01:36:09.110 W/GLSUser (25086): GoogleAccountDataService.getToken()
04-24 01:36:09.130 D/GCM     (25086): GcmService start Intent { act=android.net.conn.CONNECTIVITY_CHANGE flg=0x4000010 cmp=com.google.android.gms/.gcm.GcmService (has extras) } android.net.conn.CONNECTIVITY_CHANGE
04-24 01:36:09.150 D/dalvikvm(27133): GC_FOR_ALLOC freed 21K, 4% free 7147K/7372K, paused 39ms, total 43ms
04-24 01:36:09.150 D/BackupManagerService(  431): Now staging backup of android
04-24 01:36:09.150 I/ActivityManager(  431): Delay finish: com.google.android.gsf/.settings.GoogleLocationSettings$LocationSettingsChangedListener
04-24 01:36:09.860 D/dalvikvm(18992): GC_CONCURRENT freed 499K, 10% free 4934K/5476K, paused 3ms+2ms, total 20ms
04-24 01:36:09.870 D/dalvikvm(18992): WAIT_FOR_CONCURRENT_GC blocked 11ms
04-24 01:36:10.030 D/dalvikvm(18992): GC_FOR_ALLOC freed 348K, 10% free 4929K/5476K, paused 15ms, total 15ms
04-24 01:36:10.190 D/dalvikvm(18992): GC_FOR_ALLOC freed 381K, 11% free 4925K/5476K, paused 16ms, total 16ms
04-24 01:36:11.060 D/ConnectivityService(  431): handleInetConditionHoldEnd: net=1, condition=100, published condition=0
04-24 01:36:11.900 D/dalvikvm(18992): GC_FOR_ALLOC freed 295K, 11% free 4923K/5476K, paused 16ms, total 16ms
04-24 01:36:11.930 D/dalvikvm(18992): GC_FOR_ALLOC freed 325K, 10% free 4951K/5476K, paused 18ms, total 18ms
04-24 01:36:11.970 D/dalvikvm(18992): GC_FOR_ALLOC freed 395K, 11% free 4936K/5496K, paused 19ms, total 19ms
04-24 01:36:12.740 D/dalvikvm(18992): GC_CONCURRENT freed 446K, 10% free 4968K/5496K, paused 2ms+2ms, total 24ms
04-24 01:36:12.740 D/dalvikvm(18992): WAIT_FOR_CONCURRENT_GC blocked 11ms
04-24 01:36:14.360 D/dalvikvm(25086): GC_CONCURRENT freed 369K, 9% free 5310K/5816K, paused 3ms+4ms, total 29ms
04-24 01:36:14.980 D/dalvikvm(25086): GC_CONCURRENT freed 385K, 9% free 5319K/5816K, paused 3ms+5ms, total 27ms
04-24 01:36:15.250 W/GLSUser (25086): [apk][apk] Permission for com.google.android.gms to access oauth2:https://www.googleapis.com/auth/android_device_manager will be managed locally.
04-24 01:36:15.280 I/CheckinResponseProcessor(25086): From server: 1 gservices updates and 0 deletes
04-24 01:36:15.380 D/BackupManagerService(  431): Now staging backup of com.android.providers.settings
04-24 01:36:15.420 I/GservicesProvider(25086): main difference update completed
04-24 01:36:15.470 W/GLSUser (25086): GoogleAccountDataService.getToken()
04-24 01:36:15.530 D/dalvikvm(25086): GC_CONCURRENT freed 395K, 9% free 5333K/5816K, paused 2ms+3ms, total 46ms
04-24 01:36:15.560 I/CheckinTask(25086): Checkin success: https://android.clients.google.com/checkin (1 requests sent)
04-24 01:36:16.470 D/PowerManagerService(  431): mHoldBootFastWakeLock = true
04-24 01:36:21.880 D/Volley  (25183): [759] st.a: HTTP response for request=<[ ] https://android.googleapis.com/nova/sitrep 0x58872a44 NORMAL 2> [lifetime=12913], [size=0], [rc=200], [retryCount=0]
04-24 01:36:21.890 D/Volley  (25183): [1] sc.b: 12914 ms: [ ] https://android.googleapis.com/nova/sitrep 0x58872a44 NORMAL 2
04-24 01:36:21.890 I/MDM     (25183): Sitrep successful
04-24 01:36:21.920 D/dalvikvm(25183): GC_FOR_ALLOC freed 343K, 9% free 5203K/5708K, paused 23ms, total 23ms
04-24 01:36:22.000 W/GLSUser (25086): GoogleAccountDataService.getToken()
04-24 01:36:22.680 I/MDM     (25183): Sitrep successful
04-24 01:36:22.680 I/ActivityManager(  431): Resuming delayed broadcast
04-24 01:36:22.700 I/ActivityManager(  431): Start proc com.google.android.partnersetup for broadcast com.google.android.partnersetup/.GservicesChangedReceiver: pid=27185 uid=10009 gids={50009, 3003}
04-24 01:36:22.800 I/ActivityManager(  431): Delay finish: com.google.android.partnersetup/.GservicesChangedReceiver
04-24 01:36:23.070 D/dalvikvm(  431): GC_EXPLICIT freed 750K, 37% free 9950K/15772K, paused 6ms+9ms, total 98ms
04-24 01:36:23.110 I/ActivityManager(  431): Resuming delayed broadcast
04-24 01:36:23.110 I/ActivityManager(  431): Killing 26302:com.google.android.googlequicksearchbox/u0a17 (adj 15): empty for 3546s
04-24 01:36:23.130 I/ActivityManager(  431): Delay finish: com.google.android.gsf/.checkin.CheckinService$Receiver
04-24 01:36:23.140 I/ActivityManager(  431): Resuming delayed broadcast
04-24 01:36:23.160 I/ActivityManager(  431): Delay finish: com.google.android.gsf/.update.SystemUpdateService$Receiver
04-24 01:36:23.190 I/SystemUpdateService(25086): cancelUpdate (empty URL)
04-24 01:36:23.210 I/SystemUpdateService(25086): cancelUpdate (empty URL)
04-24 01:36:23.230 I/ActivityManager(  431): Resuming delayed broadcast
04-24 01:36:23.440 D/dalvikvm(27133): GC_CONCURRENT freed 49K, 3% free 7907K/8104K, paused 4ms+1ms, total 18ms
04-24 01:36:23.490 D/dalvikvm(27133): GC_FOR_ALLOC freed 14K, 3% free 7916K/8104K, paused 14ms, total 15ms
04-24 01:36:23.490 I/dalvikvm-heap(27133): Grow heap (frag case) to 8.941MB for 1237584-byte allocation
04-24 01:36:23.500 D/dalvikvm(27133): GC_FOR_ALLOC freed <1K, 3% free 9125K/9316K, paused 15ms, total 15ms
04-24 01:36:23.500 W/PackageManager(  431): Failed setComponentEnabledSetting: component class com.google.android.apps.moviemaker.activity.SettingsActivity does not exist in com.google.android.apps.plus
04-24 01:36:23.510 W/PackageManager(  431): Failed setComponentEnabledSetting: component class com.google.android.apps.moviemaker.activity.SettingsActivity does not exist in com.google.android.apps.plus
04-24 01:36:23.530 D/dalvikvm(27133): GC_CONCURRENT freed 1K, 3% free 9125K/9316K, paused 2ms+3ms, total 22ms
04-24 01:36:23.530 I/ActivityManager(  431): Delay finish: com.google.android.gms/.icing.service.SystemEventReceiver
04-24 01:36:23.540 D/SnetService(25183): snet destroyed
04-24 01:36:23.550 I/ActivityManager(  431): Resuming delayed broadcast
04-24 01:36:23.560 I/ActivityManager(  431): Delay finish: com.google.android.gms/.analytics.internal.GServicesChangedReceiver
04-24 01:36:23.570 V/GA-SERVICE(25183): Thread[IntentService[RefreshEnabledStateService],5,main]: Update service enabled state to: 2
04-24 01:36:23.580 D/GCM     (25086): GcmService start Intent { act=com.google.gservices.intent.action.GSERVICES_CHANGED flg=0x10 cmp=com.google.android.gms/.gcm.GcmService } com.google.gservices.intent.action.GSERVICES_CHANGED
04-24 01:36:23.580 I/GCoreUlr(25147): Starting service, intent=Intent { act=com.google.android.location.reporting.ACTION_UPDATE_WORLD cmp=com.google.android.gms/com.google.android.location.reporting.service.DispatchingService (has extras) }, extras=Bundle[{receiverAction=com.google.gservices.intent.action.GSERVICES_CHANGED}]
04-24 01:36:23.580 I/ActivityManager(  431): Resuming delayed broadcast
04-24 01:36:23.590 I/ActivityManager(  431): Start proc com.google.android.googlequicksearchbox:search for broadcast com.google.android.googlequicksearchbox/com.google.android.search.core.GservicesBroadcastReceiver: pid=27230 uid=10017 gids={50017, 3003, 1028, 3002, 1015}
04-24 01:36:23.600 I/GCoreUlr(25147): WorldUpdater received intent Intent { act=com.google.android.location.reporting.ACTION_UPDATE_WORLD cmp=com.google.android.gms/com.google.android.location.reporting.service.DispatchingService (has extras) } with receiverAction com.google.gservices.intent.action.GSERVICES_CHANGED
04-24 01:36:23.650 I/GCM     (25086): GCM config loaded
04-24 01:36:23.670 D/dalvikvm(25086): GC_CONCURRENT freed 372K, 8% free 5357K/5804K, paused 3ms+11ms, total 67ms
04-24 01:36:23.800 D/dalvikvm(27230): GC_CONCURRENT freed 230K, 6% free 4646K/4908K, paused 4ms+2ms, total 28ms
04-24 01:36:23.800 D/dalvikvm(27230): WAIT_FOR_CONCURRENT_GC blocked 10ms
04-24 01:36:23.810 D/dalvikvm(27230): WAIT_FOR_CONCURRENT_GC blocked 15ms
04-24 01:36:23.830 I/GCoreUlr(25147): Ensuring that reporting is stopped because of reasons: {account#-13#=[InactiveReason{mVersionCode=0, mIdentifier=3, mName='UnsupportedGeo'}]}
04-24 01:36:23.840 D/GCoreFlp(25147): Unknown pending intent to remove.
04-24 01:36:23.850 I/GCoreUlr(25147): Unbound from all location providers
04-24 01:36:23.850 I/ActivityManager(  431): Delay finish: com.google.android.gsf/.settings.GoogleLocationSettings$LocationSettingsChangedListener
04-24 01:36:23.860 I/Velvet.VelvetFactory(27230): refreshing search history.
04-24 01:36:23.880 W/GAV2    (27230): Thread[Thread-793,5,main]: Need to call initialize() and be in fallback mode to start dispatch.
04-24 01:36:23.880 W/GAV2    (27230): Thread[Thread-793,5,main]: dispatch call queued.  Need to call GAServiceManager.getInstance().initialize().
04-24 01:36:23.880 I/Search.GservicesUpdateTask(27230): Updating Gservices keys
04-24 01:36:23.910 D/dalvikvm(27230): GC_CONCURRENT freed 266K, 6% free 4807K/5104K, paused 3ms+2ms, total 22ms
04-24 01:36:23.960 W/Sidekick_LocationOracleImpl(27230): Best location was null
04-24 01:36:24.000 W/GLSUser (25086): GoogleAccountDataService.getToken()
04-24 01:36:24.050 W/Search.SearchUrlHelper(27230): Auth token not ready, no auth header set.
04-24 01:36:24.070 D/dalvikvm(27230): GC_CONCURRENT freed 377K, 8% free 4892K/5304K, paused 3ms+3ms, total 25ms
04-24 01:36:24.140 W/ResourceType(  431): Failure getting entry for 0x7f060000 (t=5 e=0) in package 0 (error -75)
04-24 01:36:24.170 W/GLSUser (25086): GoogleAccountDataService.getToken()
04-24 01:36:24.680 W/GLSUser (25086): [apk][apk] Permission for com.google.android.googlequicksearchbox to access mobilepersonalfeeds will be managed locally.
04-24 01:36:24.750 D/dalvikvm(25086): GC_CONCURRENT freed 430K, 8% free 5348K/5812K, paused 3ms+3ms, total 38ms
04-24 01:36:24.760 W/GLSUser (25086): GoogleAccountDataService.getToken()
04-24 01:36:24.820 W/GLSUser (25086): GoogleAccountDataService.getToken()
04-24 01:36:25.120 W/GLSUser (25086): [apk][apk] Permission for com.google.android.googlequicksearchbox to access oauth2:https://www.googleapis.com/auth/googlenow will be managed locally.
04-24 01:36:28.420 W/GAV2    (27133): Thread[GAThread,5,main]: Service unavailable (code=1), will retry.
04-24 01:36:28.420 W/ActivityManager(  431): Unable to start service Intent { act=com.google.android.gms.analytics.service.START cmp=com.google.android.gms/.analytics.service.AnalyticsService (has extras) } U=0: not found
04-24 01:36:28.440 I/GAV2    (27133): Thread[GAThread,5,main]: No campaign data found.
04-24 01:36:28.880 W/GAV2    (27230): Thread[GAThread,5,main]: Service unavailable (code=1), will retry.
04-24 01:36:28.880 W/ActivityManager(  431): Unable to start service Intent { act=com.google.android.gms.analytics.service.START cmp=com.google.android.gms/.analytics.service.AnalyticsService (has extras) } U=0: not found
04-24 01:36:28.890 I/GAV2    (27230): Thread[GAThread,5,main]: No campaign data found.
04-24 01:36:32.000 I/InputReader(  431): Reconfiguring input devices.  changes=0x00000010
04-24 01:36:32.040 I/Launcher(18861): Deferring update until onResume
04-24 01:36:32.080 I/Launcher(18861): Deferring update until onResume
04-24 01:36:32.120 V/GmsNetworkLocationProvi(25147): DISABLE
04-24 01:36:32.200 V/GmsNetworkLocationProvi(25147): ENABLE
04-24 01:36:32.200 V/GmsNetworkLocationProvi(25147): onSetRequest: ProviderRequestUnbundled, reportLocation is true and interval is 86400000
04-24 01:36:32.200 V/GmsNetworkLocationProvi(25147): SET-REQUEST
