04-24 01:36:32.200 V/GmsNetworkLocationProvi(25147): in Handler: ProviderRequestUnbundled, reportLocation is true and interval is 86400000
04-24 01:36:32.220 I/wpa_supplicant(  639): [CTRL_IFACE]wlan0: SCAN TYPE=ONLY
04-24 01:36:33.420 W/GAV2    (27133): Thread[Service Reconnect,5,main]: Service unavailable (code=1), using local store.
04-24 01:36:33.420 W/ActivityManager(  431): Unable to start service Intent { act=com.google.android.gms.analytics.service.START cmp=com.google.android.gms/.analytics.service.AnalyticsService (has extras) } U=0: not found
04-24 01:36:33.580 I/wpa_supplicant(  639): [CTRL_IFACE]wlan0: BSS RANGE=0- MASK=0x21987
04-24 01:36:33.580 I/wpa_supplicant(  639): [CTRL_IFACE]wlan0: BSS RANGE=304- MASK=0x21987
04-24 01:36:33.610 D/dalvikvm(27230): GC_CONCURRENT freed 353K, 8% free 4924K/5312K, paused 3ms+2ms, total 27ms
04-24 01:36:33.690 D/dalvikvm(  431): GC_CONCURRENT freed 1228K, 37% free 10046K/15772K, paused 6ms+8ms, total 94ms
04-24 01:36:33.880 W/GAV2    (27230): Thread[Service Reconnect,5,main]: Service unavailable (code=1), using local store.
04-24 01:36:33.880 W/ActivityManager(  431): Unable to start service Intent { act=com.google.android.gms.analytics.service.START cmp=com.google.android.gms/.analytics.service.AnalyticsService (has extras) } U=0: not found
04-24 01:36:34.060 D/dalvikvm(27230): GC_CONCURRENT freed 299K, 7% free 5033K/5368K, paused 6ms+2ms, total 24ms
04-24 01:36:34.320 D/dalvikvm(27230): GC_CONCURRENT freed 543K, 11% free 5002K/5580K, paused 2ms+2ms, total 22ms
04-24 01:36:34.320 D/dalvikvm(27230): WAIT_FOR_CONCURRENT_GC blocked 5ms
04-24 01:36:34.640 I/ActivityManager(  431): Resuming delayed broadcast
04-24 01:36:34.680 I/ActivityManager(  431): Start proc com.android.vending for broadcast com.android.vending/com.google.android.finsky.receivers.PackageMonitorReceiver$RegisteredReceiver: pid=27288 uid=10013 gids={50013, 3003, 1028, 1015}
04-24 01:36:34.790 D/Finsky  (27288): [1] FinskyApp.onCreate: Initializing network with DFE https://android.clients.google.com/fdfe/
04-24 01:36:34.830 D/dalvikvm(27288): GC_CONCURRENT freed 239K, 6% free 4540K/4816K, paused 3ms+4ms, total 27ms
04-24 01:36:34.870 D/Finsky  (27288): [1] DailyHygiene.goMakeHygieneIfDirty: No need to run daily hygiene.
04-24 01:36:34.880 W/Settings(27288): Setting download_manager_max_bytes_over_mobile has moved from android.provider.Settings.Secure to android.provider.Settings.Global.
04-24 01:36:34.890 W/Settings(27288): Setting download_manager_recommended_max_bytes_over_mobile has moved from android.provider.Settings.Secure to android.provider.Settings.Global.
04-24 01:36:34.930 D/dalvikvm(27288): GC_CONCURRENT freed 277K, 7% free 4698K/5008K, paused 3ms+3ms, total 28ms
04-24 01:36:34.950 D/Finsky  (27288): [1] 2.run: Loaded library for account: [7ot3KdCSLg1-xOiZHWJn-iVhf2Y]
04-24 01:36:34.950 D/Finsky  (27288): [1] 2.run: Finished loading 1 libraries.
04-24 01:36:34.970 I/ActivityManager(  431): Start proc com.android.gallery3d for broadcast com.android.gallery3d/.app.PackagesMonitor: pid=27320 uid=10036 gids={50036, 3003, 1028, 1015}
04-24 01:36:34.980 D/Finsky  (27288): [1] GmsCoreHelper.cleanupNlp: result=false type=4
04-24 01:36:35.020 D/Finsky  (27288): [1] RestoreTracker.stopServiceIfDone: Restore complete with 0 success and 0 failed.
04-24 01:36:35.070 I/ActivityManager(  431): Delay finish: com.android.gallery3d/.app.PackagesMonitor
04-24 01:36:35.080 I/ActivityManager(  431): Resuming delayed broadcast
04-24 01:36:35.100 I/ActivityManager(  431): Delay finish: com.google.android.apps.plus/.service.PackagesMediaMonitor
04-24 01:36:35.110 I/ActivityManager(  431): Resuming delayed broadcast
04-24 01:36:35.110 I/ActivityManager(  431): Delay finish: com.google.android.gms/.app.receiver.SystemBroadcastReceiver
04-24 01:36:35.120 D/PackageBroadcastService(25183): Received broadcast action=android.intent.action.PACKAGE_CHANGED and uri=com.google.android.gms
04-24 01:36:35.120 I/PackageBroadcastService(25183): Null package name or gms related package.  Ignoreing.
04-24 01:36:35.130 I/ActivityManager(  431): Resuming delayed broadcast
04-24 01:36:35.140 I/Icing.InternalIcingCorporaProvider(27230): Updating corpora: A: com.google.android.gms, C: MAYBE
04-24 01:36:35.140 I/ActivityManager(  431): Delay finish: com.google.android.googlequicksearchbox/com.google.android.search.core.summons.icing.InternalIcingCorporaProvider$CorporaChangedReceiver
04-24 01:36:35.170 D/dalvikvm(27230): GC_CONCURRENT freed 424K, 11% free 5016K/5580K, paused 3ms+3ms, total 25ms
04-24 01:36:35.230 D/dalvikvm(25183): GC_CONCURRENT freed 360K, 9% free 5257K/5720K, paused 3ms+4ms, total 34ms
04-24 01:36:35.410 D/dalvikvm(25183): GC_CONCURRENT freed 435K, 9% free 5234K/5740K, paused 2ms+3ms, total 28ms
04-24 01:36:35.500 I/Icing.InternalIcingCorporaProvider(27230): UpdateCorporaTask done [took 358 ms] updated apps [took 358 ms] 
04-24 01:36:36.500 I/Icing   (25183): Indexing 2B2CD768619AE5C82B77B0CBFCC9A168C201441F from com.google.android.googlequicksearchbox
04-24 01:36:36.610 I/Icing   (25183): Indexing done 2B2CD768619AE5C82B77B0CBFCC9A168C201441F
04-24 01:36:36.620 I/ActivityManager(  431): Resuming delayed broadcast
04-24 01:37:16.470 D/PowerManagerService(  431): mHoldBootFastWakeLock = true
04-24 01:37:18.220 D/GCM     (25086): Message class inh
04-24 01:37:18.730 D/ConnectivityService(  431): handleInetConditionHoldEnd: net=1, condition=100, published condition=100
04-24 01:38:16.470 D/PowerManagerService(  431): mHoldBootFastWakeLock = true
04-24 01:38:19.080 D/dalvikvm(  431): GC_CONCURRENT freed 1372K, 37% free 9983K/15772K, paused 4ms+7ms, total 85ms
04-24 01:39:16.460 D/PowerManagerService(  431): mHoldBootFastWakeLock = true
04-24 01:39:16.560 D/ConnectivityService(  431): Sampling interval elapsed, updating statistics ..
04-24 01:39:16.560 D/ConnectivityService(  431): Done.
04-24 01:39:16.560 D/ConnectivityService(  431): Setting timer for 720seconds
04-24 01:40:16.470 D/PowerManagerService(  431): mHoldBootFastWakeLock = true
04-24 01:41:00.190 D/dalvikvm(  431): GC_CONCURRENT freed 1316K, 37% free 9960K/15772K, paused 4ms+6ms, total 89ms
04-24 01:41:16.470 D/PowerManagerService(  431): mHoldBootFastWakeLock = true
04-24 01:41:35.150 W/GLSUser (25086): GoogleAccountDataService.getToken()
04-24 01:41:35.190 D/dalvikvm(25086): GC_CONCURRENT freed 413K, 8% free 5358K/5812K, paused 2ms+11ms, total 56ms
04-24 01:42:00.660 E/PlayEventLogger(27288): Upload failed class org.apache.http.conn.ConnectTimeoutException(Connect to /74.125.128.95:443 timed out)
04-24 01:43:06.910 D/dalvikvm(18992): GC_CONCURRENT freed 418K, 11% free 4938K/5492K, paused 1ms+3ms, total 18ms
04-24 01:43:46.350 D/dalvikvm(  431): GC_CONCURRENT freed 1290K, 37% free 9961K/15772K, paused 3ms+6ms, total 83ms
04-24 01:44:16.500 D/PowerManagerService(  431): mHoldBootFastWakeLock = true
04-24 01:44:33.560 I/System.out(18953): passive
04-24 01:44:33.560 I/System.out(18953): gps
04-24 01:44:33.560 I/System.out(18953): network
04-24 01:44:39.070 D/dalvikvm(18953): GC_CONCURRENT freed 410K, 9% free 4614K/5060K, paused 3ms+4ms, total 20ms
04-24 01:45:01.430 I/ProcessStatsService(  431): Prepared write state in 6ms
04-24 01:45:01.440 I/EventLogService(25086): Aggregate from 1398274568520 (log), 1398273301310 (data)
04-24 01:45:01.440 W/EventLogAggregator(25086): Unknown tag: SYSTEM_AUDIT
04-24 01:45:01.440 I/ActivityManager(  431): Delay finish: com.google.android.gsf/.checkin.EventLogService$Receiver
04-24 01:45:01.520 I/ActivityManager(  431): Resuming delayed broadcast
04-24 01:45:16.470 D/PowerManagerService(  431): mHoldBootFastWakeLock = true
04-24 01:46:00.060 D/dalvikvm(  491): GC_CONCURRENT freed 511K, 74% free 6217K/23892K, paused 2ms+7ms, total 62ms
04-24 01:46:12.360 D/dalvikvm(  431): GC_CONCURRENT freed 1306K, 37% free 9954K/15772K, paused 4ms+6ms, total 83ms
04-24 01:47:00.790 W/GLSUser (25086): GoogleAccountDataService.getToken()
04-24 01:47:06.710 D/dalvikvm(27288): GC_CONCURRENT freed 301K, 7% free 4789K/5124K, paused 4ms+4ms, total 27ms
04-24 01:48:16.470 D/PowerManagerService(  431): mHoldBootFastWakeLock = true
04-24 01:49:00.620 D/dalvikvm(  431): GC_CONCURRENT freed 1300K, 38% free 9930K/15772K, paused 4ms+6ms, total 77ms
04-24 01:49:16.470 D/PowerManagerService(  431): mHoldBootFastWakeLock = true
04-24 01:49:39.090 I/wpa_supplicant(  639): wlan0: WPA: Group rekeying completed with a4:93:4c:b1:4a:5f [GTK=CCMP]
04-24 01:51:49.700 D/dalvikvm(  431): GC_CONCURRENT freed 1275K, 37% free 9953K/15772K, paused 4ms+7ms, total 83ms
04-24 01:52:18.260 D/ConnectivityService(  431): Sampling interval elapsed, updating statistics ..
04-24 01:52:18.260 D/ConnectivityService(  431): Done.
04-24 01:52:18.260 D/ConnectivityService(  431): Setting timer for 720seconds
04-24 01:52:18.560 D/GCM     (25086): Message class inh
04-24 01:52:19.070 D/ConnectivityService(  431): handleInetConditionHoldEnd: net=1, condition=100, published condition=100
04-24 01:54:15.720 D/dalvikvm(  431): GC_CONCURRENT freed 1277K, 37% free 9962K/15772K, paused 4ms+6ms, total 83ms
04-24 01:54:16.470 D/PowerManagerService(  431): mHoldBootFastWakeLock = true
04-24 01:57:06.910 D/dalvikvm(  431): GC_CONCURRENT freed 1302K, 37% free 9956K/15772K, paused 4ms+6ms, total 83ms
04-24 01:57:16.470 D/PowerManagerService(  431): mHoldBootFastWakeLock = true
04-24 01:59:58.110 D/dalvikvm(  431): GC_CONCURRENT freed 1301K, 38% free 9931K/15772K, paused 4ms+6ms, total 78ms
04-24 02:02:34.170 D/dalvikvm(  431): GC_CONCURRENT freed 1242K, 37% free 9960K/15772K, paused 4ms+7ms, total 77ms
04-24 02:05:25.380 D/dalvikvm(  431): GC_CONCURRENT freed 1280K, 37% free 9958K/15772K, paused 4ms+6ms, total 78ms
04-24 02:06:16.470 D/PowerManagerService(  431): mHoldBootFastWakeLock = true
04-24 02:06:16.480 I/ActivityManager(  431): Killing 27158:com.softwinner.update/u0a68 (adj 15): empty for 1807s
04-24 02:06:16.480 I/ActivityManager(  431): Killing 25817:com.softwinner.baseservice/u0a65 (adj 15): empty for 1807s
04-24 02:06:16.480 D/ConnectivityService(  431): Sampling interval elapsed, updating statistics ..
04-24 02:06:16.490 D/ConnectivityService(  431): Done.
04-24 02:06:16.490 D/ConnectivityService(  431): Setting timer for 720seconds
04-24 02:07:00.000 I/ActivityManager(  431): Killing 27118:com.google.android.setupwizard/u0a15 (adj 15): empty for 1836s
04-24 02:07:16.460 D/PowerManagerService(  431): mHoldBootFastWakeLock = true
04-24 02:07:18.890 D/GCM     (25086): Message class inh
04-24 02:07:19.390 D/ConnectivityService(  431): handleInetConditionHoldEnd: net=1, condition=100, published condition=100
04-24 02:07:41.330 D/dalvikvm(  431): GC_CONCURRENT freed 1288K, 37% free 9956K/15772K, paused 3ms+7ms, total 87ms
04-24 02:08:16.480 D/PowerManagerService(  431): mHoldBootFastWakeLock = true
04-24 02:09:16.460 D/PowerManagerService(  431): mHoldBootFastWakeLock = true
04-24 02:10:16.460 D/PowerManagerService(  431): mHoldBootFastWakeLock = true
04-24 02:10:27.490 D/dalvikvm(  431): GC_CONCURRENT freed 1308K, 37% free 9952K/15772K, paused 4ms+6ms, total 83ms
04-24 02:11:16.460 D/PowerManagerService(  431): mHoldBootFastWakeLock = true
04-24 02:13:18.680 D/dalvikvm(  431): GC_CONCURRENT freed 1298K, 37% free 9951K/15772K, paused 3ms+5ms, total 83ms
04-24 02:15:01.590 I/ProcessStatsService(  431): Prepared write state in 5ms
04-24 02:15:01.600 I/ActivityManager(  431): Delay finish: com.google.android.gsf/.checkin.EventLogService$Receiver
04-24 02:15:01.610 I/EventLogService(25086): Aggregate from 1398275101458 (log), 1398275101458 (data)
04-24 02:15:01.660 I/ActivityManager(  431): Resuming delayed broadcast
04-24 02:15:01.720 D/dalvikvm(18935): GC_CONCURRENT freed 387K, 11% free 4494K/5004K, paused 2ms+1ms, total 17ms
04-24 02:15:59.820 D/dalvikvm(  431): GC_CONCURRENT freed 1299K, 37% free 9955K/15772K, paused 4ms+6ms, total 84ms
04-24 02:17:02.640 D/MDnsDS  (  107): MDnsSdListener::Monitor poll timed out
04-24 02:17:02.640 D/MDnsDS  (  107): Going to poll with pollCount 1
04-24 02:18:16.520 D/ConnectivityService(  431): Sampling interval elapsed, updating statistics ..
04-24 02:18:16.530 D/ConnectivityService(  431): Done.
04-24 02:18:16.530 D/ConnectivityService(  431): Setting timer for 720seconds
04-24 02:18:30.850 D/dalvikvm(  431): GC_CONCURRENT freed 1297K, 37% free 9951K/15772K, paused 4ms+6ms, total 87ms
04-24 02:19:16.470 D/PowerManagerService(  431): mHoldBootFastWakeLock = true
04-24 02:20:16.490 D/PowerManagerService(  431): mHoldBootFastWakeLock = true
04-24 02:21:16.470 D/PowerManagerService(  431): mHoldBootFastWakeLock = true
04-24 02:21:17.000 D/dalvikvm(  431): GC_CONCURRENT freed 1315K, 38% free 9930K/15772K, paused 5ms+6ms, total 81ms
04-24 02:22:19.430 D/GCM     (25086): Message class inh
04-24 02:22:19.940 D/ConnectivityService(  431): handleInetConditionHoldEnd: net=1, condition=100, published condition=100
04-24 02:24:00.100 D/dalvikvm(  431): GC_CONCURRENT freed 1279K, 38% free 9923K/15772K, paused 4ms+6ms, total 114ms
04-24 02:26:16.460 D/PowerManagerService(  431): mHoldBootFastWakeLock = true
04-24 02:26:49.290 D/dalvikvm(  431): GC_CONCURRENT freed 1271K, 37% free 9947K/15772K, paused 3ms+7ms, total 82ms
04-24 02:28:16.470 D/PowerManagerService(  431): mHoldBootFastWakeLock = true
04-24 02:29:16.470 D/PowerManagerService(  431): mHoldBootFastWakeLock = true
04-24 02:29:35.450 D/dalvikvm(  431): GC_CONCURRENT freed 1284K, 37% free 9947K/15772K, paused 4ms+5ms, total 84ms
04-24 02:30:16.530 D/ConnectivityService(  431): Sampling interval elapsed, updating statistics ..
04-24 02:30:16.540 D/ConnectivityService(  431): Done.
04-24 02:30:16.540 D/ConnectivityService(  431): Setting timer for 720seconds
04-24 02:31:16.470 D/PowerManagerService(  431): mHoldBootFastWakeLock = true
04-24 02:32:11.540 D/dalvikvm(  431): GC_CONCURRENT freed 1281K, 37% free 9953K/15772K, paused 3ms+6ms, total 83ms
04-24 02:32:16.470 D/PowerManagerService(  431): mHoldBootFastWakeLock = true
04-24 02:35:00.070 D/dalvikvm(  491): GC_CONCURRENT freed 493K, 74% free 6218K/23892K, paused 6ms+4ms, total 48ms
04-24 02:35:02.740 D/dalvikvm(  431): GC_CONCURRENT freed 1301K, 37% free 9948K/15772K, paused 3ms+6ms, total 83ms
04-24 02:36:16.470 D/PowerManagerService(  431): mHoldBootFastWakeLock = true
04-24 02:37:16.470 D/PowerManagerService(  431): mHoldBootFastWakeLock = true
04-24 02:37:19.450 V/BackupManagerService(  431): Running a backup pass
04-24 02:37:19.460 V/BackupServiceBinder(  431): doBackup() invoked
04-24 02:37:19.460 V/BackupManagerService(  431): clearing pending backups
04-24 02:37:19.460 V/PerformBackupTask(  431): Beginning backup of 2 targets
04-24 02:37:19.460 D/PerformBackupTask(  431): invokeAgentForBackup on @pm@
04-24 02:37:19.480 V/BackupServiceBinder(  431): doBackup() invoked
04-24 02:37:19.480 D/BackupHelperDispatcher(  431): handling existing helper 'wallpaper' android.app.backup.WallpaperBackupHelper@41e5aa38
04-24 02:37:19.480 I/PerformBackupTask(  431): no backup data written; not calling transport
04-24 02:37:19.480 D/PerformBackupTask(  431): starting agent for backup of BackupRequest{pkg=android}
04-24 02:37:19.480 D/BackupManagerService(  431): awaiting agent for ApplicationInfo{41a8d7d8 android}
04-24 02:37:19.480 D/BackupManagerService(  431): agentConnected pkg=android agent=android.app.backup.BackupAgent$BackupServiceBinder@41f56e70
04-24 02:37:19.480 I/BackupManagerService(  431): got agent android.app.backup.BackupAgent$BackupServiceBinder@41f56e70
04-24 02:37:19.480 D/PerformBackupTask(  431): invokeAgentForBackup on android
04-24 02:37:19.490 V/LocalTransport(  431): performBackup() pkg=android
04-24 02:37:19.490 V/LocalTransport(  431): Got change set key=wallpaper:/data/system/wallpaper_info.xml size=-1 key64=d2FsbHBhcGVyOi9kYXRhL3N5c3RlbS93YWxscGFwZXJfaW5mby54bWw=
04-24 02:37:19.490 V/LocalTransport(  431): Got change set key=wallpaper:/data/system/wallpaper_info.xml size=115 key64=d2FsbHBhcGVyOi9kYXRhL3N5c3RlbS93YWxscGFwZXJfaW5mby54bWw=
04-24 02:37:19.490 V/LocalTransport(  431):   data size 115
04-24 02:37:19.490 V/LocalTransport(  431): finishBackup()
04-24 02:37:19.490 V/BackupServiceBinder(  431): doBackup() invoked
04-24 02:37:19.490 D/PerformBackupTask(  431): starting agent for backup of BackupRequest{pkg=com.android.providers.settings}
04-24 02:37:19.490 D/BackupManagerService(  431): awaiting agent for ApplicationInfo{41b35a40 com.android.providers.settings}
04-24 02:37:19.490 D/BackupManagerService(  431): agentConnected pkg=com.android.providers.settings agent=android.app.backup.BackupAgent$BackupServiceBinder@41e2a368
04-24 02:37:19.490 I/BackupManagerService(  431): got agent android.app.backup.BackupAgent$BackupServiceBinder@41e2a368
04-24 02:37:19.490 D/PerformBackupTask(  431): invokeAgentForBackup on com.android.providers.settings
04-24 02:37:19.640 D/dalvikvm(27090): GC_CONCURRENT freed 223K, 6% free 4525K/4784K, paused 3ms+2ms, total 26ms
04-24 02:37:19.770 D/dalvikvm(  431): GC_CONCURRENT freed 1272K, 37% free 9950K/15772K, paused 7ms+6ms, total 83ms
04-24 02:37:19.780 I/PerformBackupTask(  431): no backup data written; not calling transport
04-24 02:37:19.780 I/PerformBackupTask(  431): Backup pass finished.
04-24 02:37:19.850 D/GCM     (25086): Message class inh
04-24 02:37:20.360 D/ConnectivityService(  431): handleInetConditionHoldEnd: net=1, condition=100, published condition=100
04-24 02:38:16.460 D/PowerManagerService(  431): mHoldBootFastWakeLock = true
04-24 02:39:54.800 D/dalvikvm(  431): GC_CONCURRENT freed 1291K, 37% free 9948K/15772K, paused 4ms+6ms, total 83ms
04-24 02:41:00.060 D/dalvikvm(18861): GC_CONCURRENT freed 473K, 39% free 6161K/10032K, paused 2ms+2ms, total 38ms
04-24 02:42:46.000 D/dalvikvm(  431): GC_CONCURRENT freed 1278K, 37% free 9946K/15772K, paused 4ms+6ms, total 81ms
04-24 02:44:40.360 I/System.out(18953): passive
04-24 02:44:40.360 I/System.out(18953): gps
04-24 02:44:40.360 I/System.out(18953): network
04-24 02:45:01.740 D/ConnectivityService(  431): Sampling interval elapsed, updating statistics ..
04-24 02:45:01.740 D/ConnectivityService(  431): Done.
04-24 02:45:01.740 D/ConnectivityService(  431): Setting timer for 720seconds
04-24 02:45:01.750 I/ProcessStatsService(  431): Prepared write state in 4ms
04-24 02:45:01.760 I/EventLogService(25086): Aggregate from 1398276901620 (log), 1398276901620 (data)
04-24 02:45:01.760 I/ActivityManager(  431): Delay finish: com.google.android.gsf/.checkin.EventLogService$Receiver
04-24 02:45:01.820 D/dalvikvm(25086): GC_FOR_ALLOC freed 319K, 11% free 5302K/5892K, paused 18ms, total 20ms
04-24 02:45:01.830 I/ActivityManager(  431): Resuming delayed broadcast
04-24 02:45:12.040 D/dalvikvm(  431): GC_CONCURRENT freed 1277K, 37% free 9955K/15772K, paused 4ms+6ms, total 82ms
04-24 02:48:03.250 D/dalvikvm(  431): GC_CONCURRENT freed 1317K, 38% free 9914K/15772K, paused 5ms+6ms, total 80ms
04-24 02:49:39.110 I/wpa_supplicant(  639): wlan0: WPA: Group rekeying completed with a4:93:4c:b1:4a:5f [GTK=CCMP]
04-24 02:50:55.800 D/dalvikvm(  431): GC_CONCURRENT freed 1267K, 38% free 9913K/15772K, paused 4ms+5ms, total 76ms
04-24 02:52:20.220 D/GCM     (25086): Message class inh
04-24 02:52:20.730 D/ConnectivityService(  431): handleInetConditionHoldEnd: net=1, condition=100, published condition=100
04-24 02:53:10.380 D/dalvikvm(  431): GC_CONCURRENT freed 1256K, 37% free 9941K/15772K, paused 4ms+6ms, total 86ms
04-24 02:55:56.560 D/dalvikvm(  431): GC_CONCURRENT freed 1293K, 37% free 9938K/15772K, paused 4ms+7ms, total 83ms
04-24 02:58:47.770 D/dalvikvm(  431): GC_CONCURRENT freed 1281K, 37% free 9937K/15772K, paused 4ms+6ms, total 84ms
04-24 03:00:01.900 D/ConnectivityService(  431): Sampling interval elapsed, updating statistics ..
04-24 03:00:01.910 D/ConnectivityService(  431): Done.
04-24 03:00:01.910 D/ConnectivityService(  431): Setting timer for 720seconds
04-24 03:01:28.920 D/dalvikvm(  431): GC_CONCURRENT freed 1275K, 37% free 9943K/15772K, paused 4ms+5ms, total 82ms
04-24 03:04:20.150 D/dalvikvm(  431): GC_CONCURRENT freed 1285K, 37% free 9938K/15772K, paused 4ms+6ms, total 87ms
04-24 03:07:06.330 D/dalvikvm(  431): GC_CONCURRENT freed 1297K, 37% free 9938K/15772K, paused 4ms+6ms, total 83ms
04-24 03:09:52.500 D/dalvikvm(  431): GC_CONCURRENT freed 1273K, 37% free 9937K/15772K, paused 4ms+6ms, total 78ms
04-24 03:11:16.470 D/PowerManagerService(  431): mHoldBootFastWakeLock = true
04-24 03:11:16.760 D/GCM     (25086): Message class inh
04-24 03:11:17.260 D/ConnectivityService(  431): handleInetConditionHoldEnd: net=1, condition=100, published condition=100
04-24 03:12:01.910 D/ConnectivityService(  431): Sampling interval elapsed, updating statistics ..
04-24 03:12:01.920 D/ConnectivityService(  431): Done.
04-24 03:12:01.920 D/ConnectivityService(  431): Setting timer for 720seconds
04-24 03:12:16.470 D/PowerManagerService(  431): mHoldBootFastWakeLock = true
04-24 03:12:21.720 D/dalvikvm(  431): GC_CONCURRENT freed 1290K, 38% free 9919K/15772K, paused 4ms+6ms, total 77ms
04-24 03:15:01.950 I/ProcessStatsService(  431): Prepared write state in 7ms
04-24 03:15:01.960 I/EventLogService(25086): Aggregate from 1398278701777 (log), 1398278701777 (data)
04-24 03:15:01.960 I/ActivityManager(  431): Delay finish: com.google.android.gsf/.checkin.EventLogService$Receiver
04-24 03:15:02.010 I/ActivityManager(  431): Resuming delayed broadcast
04-24 03:15:02.140 D/dalvikvm(  431): GC_CONCURRENT freed 1267K, 38% free 9918K/15772K, paused 4ms+7ms, total 86ms
04-24 03:15:07.150 D/dalvikvm(18935): GC_CONCURRENT freed 388K, 9% free 4492K/4920K, paused 1ms+1ms, total 19ms
04-24 03:17:45.810 D/dalvikvm(  431): GC_CONCURRENT freed 1252K, 37% free 9941K/15772K, paused 4ms+6ms, total 84ms
04-24 03:20:37.030 D/dalvikvm(  431): GC_CONCURRENT freed 1286K, 38% free 9933K/15772K, paused 4ms+6ms, total 83ms
04-24 03:23:28.260 D/dalvikvm(  431): GC_CONCURRENT freed 1281K, 38% free 9933K/15772K, paused 4ms+6ms, total 87ms
04-24 03:26:19.470 D/dalvikvm(  431): GC_CONCURRENT freed 1279K, 38% free 9933K/15772K, paused 4ms+7ms, total 86ms
04-24 03:29:10.690 D/dalvikvm(  431): GC_CONCURRENT freed 1278K, 38% free 9933K/15772K, paused 4ms+6ms, total 83ms
04-24 03:30:01.090 D/ConnectivityService(  431): Sampling interval elapsed, updating statistics ..
04-24 03:30:01.100 D/ConnectivityService(  431): Done.
04-24 03:30:01.100 D/ConnectivityService(  431): Setting timer for 720seconds
04-24 03:30:01.380 D/GCM     (25086): Message class inh
04-24 03:30:01.880 D/ConnectivityService(  431): handleInetConditionHoldEnd: net=1, condition=100, published condition=100
04-24 03:31:16.790 I/wpa_supplicant(  639): [CTRL_IFACE]wlan0: DRIVER BTCOEXMODE 1
04-24 03:31:16.790 I/wpa_supplicant(  639): [CTRL_IFACE]wlan0: DRIVER SETSUSPENDMODE 0
04-24 03:31:16.790 I/wpa_supplicant(  639): [CTRL_IFACE]wlan0: SET ps 0
04-24 03:31:17.220 I/wpa_supplicant(  639): [CTRL_IFACE]wlan0: DRIVER SETSUSPENDMODE 1
04-24 03:31:17.220 I/wpa_supplicant(  639): [CTRL_IFACE]wlan0: SET ps 1
04-24 03:31:17.220 I/wpa_supplicant(  639): [CTRL_IFACE]wlan0: DRIVER BTCOEXMODE 2
04-24 03:31:17.220 D/WifiStateMachine(  431): VerifyingLinkState enter
04-24 03:31:17.230 D/WifiStateMachine(  431): VerifyingLinkState GOOD_LINK_DETECTED: transition to captive portal check
04-24 03:31:17.230 D/WifiStateMachine(  431): CaptivePortalCheckState enter
04-24 03:31:17.230 D/ConnectivityService(  431): Captive portal check NetworkInfo: type: WIFI[], state: CONNECTING/CAPTIVE_PORTAL_CHECK, reason: (unspecified), extra: "XP-3f", roaming: false, failover: false, isAvailable: true, isConnectedToProvisioningNetwork: false
04-24 03:31:17.230 D/ConnectivityService(  431): handleCaptivePortalTrackerCheck: call captivePortalCheckComplete ni=NetworkInfo: type: WIFI[], state: CONNECTING/CAPTIVE_PORTAL_CHECK, reason: (unspecified), extra: "XP-3f", roaming: false, failover: false, isAvailable: true, isConnectedToProvisioningNetwork: false
04-24 03:31:17.230 D/ConnectivityService(  431): Captive portal check NetworkInfo: type: WIFI[], state: CONNECTING/CAPTIVE_PORTAL_CHECK, reason: (unspecified), extra: "XP-3f", roaming: false, failover: false, isAvailable: true, isConnectedToProvisioningNetwork: false
04-24 03:31:17.230 D/ConnectivityService(  431): handleCaptivePortalTrackerCheck: call captivePortalCheckComplete ni=NetworkInfo: type: WIFI[], state: CONNECTING/CAPTIVE_PORTAL_CHECK, reason: (unspecified), extra: "XP-3f", roaming: false, failover: false, isAvailable: true, isConnectedToProvisioningNetwork: false
04-24 03:31:17.240 D/WifiStateMachine(  431): CaptivePortalCheckState CMD_CAPTIVE_CHECK_COMPLETE
04-24 03:31:17.240 D/ConnectivityService(  431): ConnectivityChange for WIFI: CONNECTED/CONNECTED
04-24 03:31:17.270 E/ConnectivityService(  431): Unexpected mtu value: android.net.wifi.WifiStateTracker@41bfa510
04-24 03:31:17.290 D/ConnectivityService(  431): handleConnectivityChange: address are the same reset per doReset linkProperty[1]: resetMask=0
04-24 03:31:17.290 D/Nat464Xlat(  431): requiresClat: netType=1, hasIPv4Address=true
04-24 03:31:17.300 D/ConnectivityService(  431): ConnectivityChange for WIFI: CONNECTED/CONNECTED
04-24 03:31:17.300 E/ConnectivityService(  431): Unexpected mtu value: android.net.wifi.WifiStateTracker@41bfa510
04-24 03:31:17.380 D/dalvikvm(  431): GC_CONCURRENT freed 1393K, 37% free 9938K/15772K, paused 26ms+6ms, total 128ms
04-24 03:31:17.380 D/dalvikvm(  431): WAIT_FOR_CONCURRENT_GC blocked 62ms
04-24 03:31:17.390 D/dalvikvm(  431): WAIT_FOR_CONCURRENT_GC blocked 66ms
04-24 03:31:17.390 D/ConnectivityService(  431): handleConnectivityChange: address are the same reset per doReset linkProperty[1]: resetMask=0
04-24 03:31:17.390 D/Nat464Xlat(  431): requiresClat: netType=1, hasIPv4Address=true
04-24 03:31:18.250 D/ConnectivityService(  431): NetTransition Wakelock for ConnectedState released by timeout
04-24 03:31:20.310 I/DeviceInfoService(  431): wifi on
04-24 03:31:20.310 I/DeviceInfoService(  431): onReceive BroadcastReceiver
04-24 03:31:20.310 D/OtaService(  431): onreceive action = android.net.conn.CONNECTIVITY_CHANGE
04-24 03:31:20.310 I/OtaService(  431): onReceive BroadcastReceiver
04-24 03:31:20.310 D/Tethering(  431): MasterInitialState.processMessage what=3
04-24 03:31:20.410 I/DeviceInfoService(  431): wifi on
04-24 03:31:20.410 I/DeviceInfoService(  431): onReceive BroadcastReceiver
04-24 03:31:20.410 D/OtaService(  431): onreceive action = android.net.conn.CONNECTIVITY_CHANGE
04-24 03:31:20.410 I/OtaService(  431): onReceive BroadcastReceiver
04-24 03:31:20.410 I/ActivityManager(  431): Start proc com.google.android.setupwizard for broadcast com.google.android.setupwizard/.MobileConnectivityChangeReceiver: pid=28801 uid=10015 gids={50015, 3003}
04-24 03:31:20.420 D/Tethering(  431): MasterInitialState.processMessage what=3
04-24 03:31:20.530 D/MobileConnectivityChangeReceiver(28801): onReceive Intent { act=android.net.conn.CONNECTIVITY_CHANGE flg=0x4000010 cmp=com.google.android.setupwizard/.MobileConnectivityChangeReceiver (has extras) }
04-24 03:31:20.530 D/MobileConnectivityChangeReceiver(28801): onReceive CONNECTIVITY_CHANGE networkType=1
04-24 03:31:20.530 E/PhoneMonitor(28801): onOtaspChanged old =0, new =3
04-24 03:31:20.530 V/PhoneMonitor(28801): mOtaspPhoneStateListener#onOtaspChanged, mOtaspMode=3
04-24 03:31:20.570 I/CheckinService(25086): Preparing to send checkin request
04-24 03:31:20.570 I/EventLogService(25086): Accumulating logs since 1398280501977
04-24 03:31:20.580 D/dalvikvm(27133): GC_FOR_ALLOC freed 58K, 2% free 10480K/10628K, paused 23ms, total 24ms
04-24 03:31:20.600 I/ActivityManager(  431): Start proc com.softwinner.baseservice for broadcast com.softwinner.baseservice/com.softwinner.service.SoftWinnerServiceReceiver: pid=28822 uid=10065 gids={50065, 1028, 1015, 3003}
04-24 03:31:20.600 I/ActivityManager(  431): Killing 27185:com.google.android.partnersetup/u0a9 (adj 15): empty for 6896s
04-24 03:31:20.650 D/        (18953): intervalx=42182449
04-24 03:31:20.660 D/dalvikvm(25086): GC_FOR_ALLOC freed 245K, 11% free 5302K/5892K, paused 20ms, total 29ms
04-24 03:31:20.660 I/ActivityManager(  431): Start proc com.softwinner.update for broadcast com.softwinner.update/.LoaderReceiver: pid=28837 uid=10068 gids={50068, 2001, 1028, 1015, 1023, 3003}
04-24 03:31:20.660 I/ActivityManager(  431): Killing 26873:android.process.acore/u0a2 (adj 15): empty for 6886s
04-24 03:31:20.730 W/GLSUser (25086): GoogleAccountDataService.getToken()
04-24 03:31:20.740 I/ActivityManager(  431): Killing 27288:com.android.vending/u0a13 (adj 15): empty for 6885s
04-24 03:31:20.750 D/GCM     (25086): GcmService start Intent { act=android.net.conn.CONNECTIVITY_CHANGE flg=0x4000010 cmp=com.google.android.gms/.gcm.GcmService (has extras) } android.net.conn.CONNECTIVITY_CHANGE
04-24 03:31:20.800 D/MobileConnectivityChangeReceiver(28801): onReceive Intent { act=android.net.conn.CONNECTIVITY_CHANGE flg=0x4000010 cmp=com.google.android.setupwizard/.MobileConnectivityChangeReceiver (has extras) }
04-24 03:31:20.800 D/MobileConnectivityChangeReceiver(28801): onReceive CONNECTIVITY_CHANGE networkType=1
04-24 03:31:20.860 D/        (18953): intervalx=42182655
04-24 03:31:20.870 D/GCM     (25086): GcmService start Intent { act=android.net.conn.CONNECTIVITY_CHANGE flg=0x4000010 cmp=com.google.android.gms/.gcm.GcmService (has extras) } android.net.conn.CONNECTIVITY_CHANGE
04-24 03:31:20.890 I/CheckinTask(25086): Sending checkin request (1906 bytes)
04-24 03:31:21.550 D/dalvikvm(18992): GC_CONCURRENT freed 509K, 11% free 4932K/5488K, paused 2ms+2ms, total 39ms
04-24 03:31:21.550 D/dalvikvm(18992): WAIT_FOR_CONCURRENT_GC blocked 22ms
04-24 03:31:21.650 D/dalvikvm(18992): GC_FOR_ALLOC freed 335K, 11% free 4930K/5488K, paused 17ms, total 17ms
04-24 03:31:21.840 D/dalvikvm(18992): GC_FOR_ALLOC freed 380K, 11% free 4927K/5488K, paused 15ms, total 15ms
04-24 03:31:22.130 D/dalvikvm(18992): GC_FOR_ALLOC freed 358K, 11% free 4935K/5488K, paused 15ms, total 15ms
04-24 03:31:22.330 D/dalvikvm(18992): GC_FOR_ALLOC freed 335K, 11% free 4931K/5488K, paused 17ms, total 17ms
04-24 03:31:23.360 D/ConnectivityService(  431): handleInetConditionHoldEnd: net=1, condition=100, published condition=0
04-24 03:31:25.210 D/dalvikvm(18992): GC_CONCURRENT freed 410K, 10% free 4965K/5488K, paused 3ms+2ms, total 27ms
04-24 03:31:25.210 D/dalvikvm(18992): WAIT_FOR_CONCURRENT_GC blocked 5ms
04-24 03:31:29.490 D/dalvikvm(25086): GC_CONCURRENT freed 344K, 10% free 5353K/5892K, paused 3ms+4ms, total 30ms
04-24 03:31:30.490 W/GLSUser (25086): GoogleAccountDataService.getToken()
04-24 03:31:30.530 I/CheckinTask(25086): Checkin success: https://android.clients.google.com/checkin (1 requests sent)
04-24 03:31:30.560 D/dalvikvm(25086): GC_CONCURRENT freed 444K, 10% free 5304K/5892K, paused 3ms+2ms, total 25ms
04-24 03:31:35.220 D/dalvikvm(18992): GC_CONCURRENT freed 414K, 11% free 4941K/5492K, paused 3ms+3ms, total 25ms
04-24 03:32:37.150 D/dalvikvm(  431): GC_CONCURRENT freed 1258K, 37% free 9971K/15772K, paused 4ms+7ms, total 89ms
04-24 03:35:00.060 D/dalvikvm(  491): GC_CONCURRENT freed 494K, 74% free 6224K/23892K, paused 6ms+4ms, total 65ms
04-24 03:35:33.400 D/dalvikvm(  431): GC_CONCURRENT freed 1362K, 38% free 9917K/15772K, paused 4ms+6ms, total 103ms
04-24 03:36:34.660 I/LatinIME:LogUtils(19087): Dictionary info: dictionary = UserHistoryDictionary.en_US.dic ; version = ? ; date = 1398281794
04-24 03:36:34.670 V/BackupManagerService(  431): Running a backup pass
04-24 03:36:34.670 V/BackupManagerService(  431): Backup requested but nothing pending
04-24 03:36:34.680 I/Velvet.VelvetFactory(27230): refreshing search history.
04-24 03:36:34.680 D/dalvikvm(27230): GC_CONCURRENT freed 356K, 10% free 5046K/5580K, paused 1ms+2ms, total 40ms
04-24 03:36:34.700 W/Sidekick_LocationOracleImpl(27230): Best location was null
04-24 03:36:34.730 I/ActivityManager(  431): Start proc com.google.android.partnersetup for content provider com.google.android.partnersetup/.RlzAppProvider: pid=28927 uid=10009 gids={50009, 3003}
04-24 03:36:34.760 D/dalvikvm(  111): GC_EXPLICIT freed 41K, 2% free 4363K/4440K, paused 1ms+3ms, total 45ms
04-24 03:36:34.810 D/dalvikvm(  111): GC_EXPLICIT freed <1K, 2% free 4363K/4440K, paused 2ms+3ms, total 45ms
04-24 03:36:34.850 D/dalvikvm(  111): GC_EXPLICIT freed <1K, 2% free 4363K/4440K, paused 1ms+3ms, total 44ms
04-24 03:36:34.890 W/GLSUser (25086): GoogleAccountDataService.getToken()
04-24 03:36:34.920 W/Search.SearchUrlHelper(27230): Auth token not ready, no auth header set.
04-24 03:36:40.600 D/dalvikvm(27230): GC_CONCURRENT freed 394K, 9% free 5102K/5580K, paused 3ms+3ms, total 27ms
04-24 03:36:40.860 D/dalvikvm(27230): GC_CONCURRENT freed 453K, 10% free 5071K/5632K, paused 3ms+2ms, total 25ms
04-24 03:36:41.170 I/ActivityManager(  431): Killing 27320:com.android.gallery3d/u0a36 (adj 15): empty for 7206s
04-24 03:37:17.110 I/EntropyMixer(  431): Writing entropy...
04-24 03:38:04.470 D/dalvikvm(  431): GC_CONCURRENT freed 1252K, 37% free 9947K/15772K, paused 4ms+6ms, total 85ms
04-24 03:41:00.710 D/dalvikvm(  431): GC_CONCURRENT freed 1301K, 37% free 9940K/15772K, paused 3ms+6ms, total 83ms
04-24 03:43:46.890 D/dalvikvm(  431): GC_CONCURRENT freed 1292K, 37% free 9939K/15772K, paused 3ms+6ms, total 83ms
04-24 03:44:50.450 I/System.out(18953): passive
04-24 03:44:50.450 I/System.out(18953): gps
04-24 03:44:50.450 I/System.out(18953): network
04-24 03:45:01.150 D/ConnectivityService(  431): Sampling interval elapsed, updating statistics ..
04-24 03:45:01.160 D/ConnectivityService(  431): Done.
04-24 03:45:01.160 D/ConnectivityService(  431): Setting timer for 720seconds
04-24 03:45:06.230 I/ProcessStatsService(  431): Prepared write state in 6ms
04-24 03:45:06.230 I/ProcessStatsService(  431): Pruning old procstats: /data/system/procstats/state-2014-04-23-02-02-09.bin
04-24 03:46:17.960 D/dalvikvm(  431): GC_CONCURRENT freed 1305K, 38% free 9935K/15772K, paused 4ms+7ms, total 88ms
04-24 03:49:09.180 D/dalvikvm(  431): GC_CONCURRENT freed 1282K, 38% free 9930K/15772K, paused 4ms+6ms, total 86ms
04-24 03:49:39.200 I/wpa_supplicant(  639): wlan0: WPA: Group rekeying completed with a4:93:4c:b1:4a:5f [GTK=CCMP]
04-24 03:50:58.130 I/EventLogService(25086): Aggregate from 1398281480585 (log), 1398280501977 (data)
04-24 03:50:58.130 I/ActivityManager(  431): Delay finish: com.google.android.gsf/.checkin.EventLogService$Receiver
04-24 03:50:58.180 I/ActivityManager(  431): Resuming delayed broadcast
04-24 03:50:58.370 D/GCM     (25086): Message class inh
04-24 03:50:58.870 D/ConnectivityService(  431): handleInetConditionHoldEnd: net=1, condition=100, published condition=100
04-24 03:51:35.220 D/dalvikvm(  431): GC_CONCURRENT freed 1283K, 38% free 9935K/15772K, paused 4ms+6ms, total 83ms
04-24 03:54:26.400 D/dalvikvm(  431): GC_CONCURRENT freed 1286K, 38% free 9928K/15772K, paused 3ms+6ms, total 82ms
04-24 03:57:17.610 D/dalvikvm(  431): GC_CONCURRENT freed 1280K, 38% free 9928K/15772K, paused 4ms+6ms, total 85ms
04-24 04:00:01.200 D/ConnectivityService(  431): Sampling interval elapsed, updating statistics ..
04-24 04:00:01.210 D/ConnectivityService(  431): Done.
04-24 04:00:01.210 D/ConnectivityService(  431): Setting timer for 720seconds
04-24 04:00:02.480 D/dalvikvm(  431): GC_CONCURRENT freed 1291K, 38% free 9920K/15772K, paused 4ms+10ms, total 79ms
04-24 04:02:44.940 D/dalvikvm(  431): GC_CONCURRENT freed 1274K, 38% free 9931K/15772K, paused 4ms+7ms, total 87ms
04-24 04:03:05.030 W/ProcessCpuTracker(  431): Skipping unknown process pid 29275
04-24 04:05:36.150 D/dalvikvm(  431): GC_CONCURRENT freed 1281K, 38% free 9930K/15772K, paused 3ms+6ms, total 83ms
04-24 04:08:21.290 D/dalvikvm(  431): GC_CONCURRENT freed 1294K, 38% free 9905K/15772K, paused 3ms+6ms, total 77ms
04-24 04:09:16.470 D/PowerManagerService(  431): mHoldBootFastWakeLock = true
04-24 04:09:16.750 D/GCM     (25086): Message class inh
04-24 04:09:17.250 D/ConnectivityService(  431): handleInetConditionHoldEnd: net=1, condition=100, published condition=100
04-24 04:10:16.470 D/PowerManagerService(  431): mHoldBootFastWakeLock = true
04-24 04:10:58.410 D/dalvikvm(  431): GC_CONCURRENT freed 1264K, 38% free 9933K/15772K, paused 4ms+6ms, total 82ms
04-24 04:12:01.210 D/ConnectivityService(  431): Sampling interval elapsed, updating statistics ..
04-24 04:12:01.210 D/ConnectivityService(  431): Done.
04-24 04:12:01.210 D/ConnectivityService(  431): Setting timer for 720seconds
04-24 04:13:44.570 D/dalvikvm(  431): GC_CONCURRENT freed 1296K, 38% free 9936K/15772K, paused 4ms+6ms, total 83ms
04-24 04:15:01.330 D/dalvikvm(18935): GC_CONCURRENT freed 384K, 9% free 4492K/4912K, paused 2ms+1ms, total 17ms
04-24 04:15:06.340 I/ProcessStatsService(  431): Prepared write state in 3ms
04-24 04:16:20.700 D/dalvikvm(  431): GC_CONCURRENT freed 1278K, 38% free 9935K/15772K, paused 4ms+6ms, total 86ms
04-24 04:19:11.890 D/dalvikvm(  431): GC_CONCURRENT freed 1283K, 38% free 9929K/15772K, paused 5ms+6ms, total 85ms
04-24 04:22:03.100 D/dalvikvm(  431): GC_CONCURRENT freed 1278K, 38% free 9930K/15772K, paused 4ms+7ms, total 84ms
04-24 04:24:59.350 D/dalvikvm(  431): GC_CONCURRENT freed 1296K, 38% free 9929K/15772K, paused 4ms+6ms, total 87ms
04-24 04:27:50.560 D/dalvikvm(  431): GC_CONCURRENT freed 1279K, 38% free 9929K/15772K, paused 3ms+6ms, total 87ms
04-24 04:30:01.350 D/ConnectivityService(  431): Sampling interval elapsed, updating statistics ..
04-24 04:30:01.360 D/ConnectivityService(  431): Done.
04-24 04:30:01.360 D/ConnectivityService(  431): Setting timer for 720seconds
04-24 04:30:01.370 I/ActivityManager(  431): Delay finish: com.google.android.gsf/.checkin.EventLogService$Receiver
04-24 04:30:01.380 I/EventLogService(25086): Aggregate from 1398282658149 (log), 1398282658149 (data)
04-24 04:30:01.450 I/ActivityManager(  431): Resuming delayed broadcast
04-24 04:30:01.700 D/GCM     (25086): Message class inh
04-24 04:30:02.200 D/ConnectivityService(  431): handleInetConditionHoldEnd: net=1, condition=100, published condition=100
04-24 04:30:02.590 D/dalvikvm(  431): GC_CONCURRENT freed 1324K, 38% free 9931K/15772K, paused 5ms+8ms, total 88ms
04-24 04:32:52.680 D/dalvikvm(  431): GC_CONCURRENT freed 1300K, 38% free 9923K/15772K, paused 4ms+6ms, total 84ms
04-24 04:35:43.890 D/dalvikvm(  431): GC_CONCURRENT freed 1278K, 38% free 9923K/15772K, paused 4ms+7ms, total 85ms
04-24 04:38:25.040 D/dalvikvm(  431): GC_CONCURRENT freed 1268K, 38% free 9922K/15772K, paused 4ms+6ms, total 78ms
04-24 04:41:16.260 D/dalvikvm(  431): GC_CONCURRENT freed 1277K, 38% free 9922K/15772K, paused 4ms+6ms, total 86ms
04-24 04:44:07.460 D/dalvikvm(  431): GC_CONCURRENT freed 1279K, 38% free 9922K/15772K, paused 4ms+6ms, total 84ms
04-24 04:44:56.770 I/System.out(18953): passive
04-24 04:44:56.770 I/System.out(18953): gps
04-24 04:44:56.770 I/System.out(18953): network
04-24 04:45:01.490 D/ConnectivityService(  431): Sampling interval elapsed, updating statistics ..
04-24 04:45:01.500 V/BackupManagerService(  431): Running a backup pass
04-24 04:45:01.510 V/BackupManagerService(  431): Backup requested but nothing pending
04-24 04:45:01.510 D/ConnectivityService(  431): Done.
04-24 04:45:01.510 D/ConnectivityService(  431): Setting timer for 720seconds
04-24 04:45:01.960 D/dalvikvm(18953): GC_CONCURRENT freed 400K, 9% free 4612K/5060K, paused 1ms+2ms, total 16ms
04-24 04:45:01.970 D/GCM     (25086): Message class inh
04-24 04:45:02.490 D/ConnectivityService(  431): handleInetConditionHoldEnd: net=1, condition=100, published condition=100
04-24 04:45:06.570 I/ProcessStatsService(  431): Prepared write state in 3ms
04-24 04:46:33.500 D/dalvikvm(  431): GC_CONCURRENT freed 1276K, 38% free 9931K/15772K, paused 4ms+7ms, total 83ms
04-24 04:48:00.060 D/dalvikvm(  491): GC_CONCURRENT freed 495K, 74% free 6229K/23892K, paused 2ms+5ms, total 52ms
04-24 04:49:24.710 D/dalvikvm(  431): GC_CONCURRENT freed 1285K, 38% free 9924K/15772K, paused 4ms+6ms, total 85ms
04-24 04:49:39.280 I/wpa_supplicant(  639): wlan0: WPA: Group rekeying completed with a4:93:4c:b1:4a:5f [GTK=CCMP]
04-24 04:51:16.470 D/PowerManagerService(  431): mHoldBootFastWakeLock = true
04-24 04:52:10.890 D/dalvikvm(  431): GC_CONCURRENT freed 1268K, 38% free 9925K/15772K, paused 4ms+6ms, total 77ms
04-24 04:52:16.470 D/PowerManagerService(  431): mHoldBootFastWakeLock = true
04-24 04:55:01.310 D/dalvikvm(  431): GC_CONCURRENT freed 1293K, 38% free 9899K/15772K, paused 4ms+9ms, total 78ms
04-24 04:57:53.300 D/dalvikvm(  431): GC_CONCURRENT freed 1264K, 38% free 9923K/15772K, paused 4ms+6ms, total 87ms
04-24 05:00:01.570 D/ConnectivityService(  431): Sampling interval elapsed, updating statistics ..
04-24 05:00:01.580 D/ConnectivityService(  431): Done.
04-24 05:00:01.580 D/ConnectivityService(  431): Setting timer for 720seconds
04-24 05:00:01.590 I/ActivityManager(  431): Delay finish: com.google.android.gsf/.checkin.EventLogService$Receiver
04-24 05:00:01.600 I/EventLogService(25086): Aggregate from 1398285001393 (log), 1398285001393 (data)
04-24 05:00:01.640 I/ActivityManager(  431): Resuming delayed broadcast
04-24 05:00:02.260 D/GCM     (25086): Message class inh
04-24 05:00:02.760 D/ConnectivityService(  431): handleInetConditionHoldEnd: net=1, condition=100, published condition=100
04-24 05:00:03.260 D/dalvikvm(  431): GC_CONCURRENT freed 1309K, 38% free 9913K/15772K, paused 5ms+6ms, total 81ms
04-24 05:02:50.400 D/dalvikvm(  431): GC_CONCURRENT freed 1256K, 38% free 9930K/15772K, paused 4ms+6ms, total 87ms
04-24 05:03:42.740 D/MDnsDS  (  107): MDnsSdListener::Monitor poll timed out
04-24 05:03:42.740 D/MDnsDS  (  107): Going to poll with pollCount 1
04-24 05:05:00.060 D/dalvikvm(18861): GC_CONCURRENT freed 480K, 39% free 6159K/10032K, paused 2ms+3ms, total 45ms
04-24 05:05:41.600 D/dalvikvm(  431): GC_CONCURRENT freed 1278K, 38% free 9929K/15772K, paused 4ms+7ms, total 83ms
04-24 05:08:27.760 D/dalvikvm(  431): GC_CONCURRENT freed 1298K, 38% free 9930K/15772K, paused 4ms+6ms, total 82ms
04-24 05:11:18.970 D/dalvikvm(  431): GC_CONCURRENT freed 1278K, 38% free 9930K/15772K, paused 4ms+7ms, total 83ms
04-24 05:12:16.470 D/PowerManagerService(  431): mHoldBootFastWakeLock = true
04-24 05:12:16.480 D/ConnectivityService(  431): Sampling interval elapsed, updating statistics ..
04-24 05:12:16.490 D/ConnectivityService(  431): Done.
04-24 05:12:16.490 D/ConnectivityService(  431): Setting timer for 720seconds
04-24 05:13:16.470 D/PowerManagerService(  431): mHoldBootFastWakeLock = true
04-24 05:14:00.140 D/dalvikvm(  431): GC_CONCURRENT freed 1281K, 38% free 9935K/15772K, paused 3ms+6ms, total 76ms
04-24 05:15:01.750 D/dalvikvm(18935): GC_CONCURRENT freed 383K, 9% free 4493K/4912K, paused 3ms+2ms, total 19ms
04-24 05:15:02.540 D/GCM     (25086): Message class inh
04-24 05:15:03.050 D/ConnectivityService(  431): handleInetConditionHoldEnd: net=1, condition=100, published condition=100
04-24 05:15:06.770 I/ProcessStatsService(  431): Prepared write state in 3ms
04-24 05:16:36.260 D/dalvikvm(  431): GC_CONCURRENT freed 1292K, 38% free 9935K/15772K, paused 4ms+6ms, total 86ms
04-24 05:19:27.470 D/dalvikvm(  431): GC_CONCURRENT freed 1286K, 38% free 9927K/15772K, paused 5ms+6ms, total 87ms
04-24 05:22:18.680 D/dalvikvm(  431): GC_CONCURRENT freed 1278K, 38% free 9927K/15772K, paused 4ms+7ms, total 83ms
04-24 05:25:09.900 D/dalvikvm(  431): GC_CONCURRENT freed 1279K, 38% free 9927K/15772K, paused 4ms+6ms, total 85ms
04-24 05:26:29.250 D/ConnectivityService(  431): Sampling interval elapsed, updating statistics ..
04-24 05:26:29.260 I/wpa_supplicant(  639): [CTRL_IFACE]wlan0: DRIVER BTCOEXMODE 1
04-24 05:26:29.260 I/wpa_supplicant(  639): [CTRL_IFACE]wlan0: DRIVER SETSUSPENDMODE 0
04-24 05:26:29.260 I/wpa_supplicant(  639): [CTRL_IFACE]wlan0: SET ps 0
04-24 05:26:29.260 D/ConnectivityService(  431): Done.
04-24 05:26:29.260 D/ConnectivityService(  431): Setting timer for 720seconds
04-24 05:26:30.680 I/wpa_supplicant(  639): [CTRL_IFACE]wlan0: DRIVER SETSUSPENDMODE 1
04-24 05:26:30.680 I/wpa_supplicant(  639): [CTRL_IFACE]wlan0: SET ps 1
04-24 05:26:30.680 I/wpa_supplicant(  639): [CTRL_IFACE]wlan0: DRIVER BTCOEXMODE 2
04-24 05:26:30.690 D/WifiStateMachine(  431): VerifyingLinkState enter
04-24 05:26:30.700 D/WifiStateMachine(  431): VerifyingLinkState GOOD_LINK_DETECTED: transition to captive portal check
04-24 05:26:30.700 D/WifiStateMachine(  431): CaptivePortalCheckState enter
04-24 05:26:30.710 D/WifiStateMachine(  431): CaptivePortalCheckState CMD_CAPTIVE_CHECK_COMPLETE
04-24 05:26:30.710 D/ConnectivityService(  431): Captive portal check NetworkInfo: type: WIFI[], state: CONNECTING/CAPTIVE_PORTAL_CHECK, reason: (unspecified), extra: "XP-3f", roaming: false, failover: false, isAvailable: true, isConnectedToProvisioningNetwork: false
04-24 05:26:30.710 D/ConnectivityService(  431): handleCaptivePortalTrackerCheck: call captivePortalCheckComplete ni=NetworkInfo: type: WIFI[], state: CONNECTING/CAPTIVE_PORTAL_CHECK, reason: (unspecified), extra: "XP-3f", roaming: false, failover: false, isAvailable: true, isConnectedToProvisioningNetwork: false
04-24 05:26:30.710 D/ConnectivityService(  431): Captive portal check NetworkInfo: type: WIFI[], state: CONNECTING/CAPTIVE_PORTAL_CHECK, reason: (unspecified), extra: "XP-3f", roaming: false, failover: false, isAvailable: true, isConnectedToProvisioningNetwork: false
04-24 05:26:30.710 D/ConnectivityService(  431): handleCaptivePortalTrackerCheck: call captivePortalCheckComplete ni=NetworkInfo: type: WIFI[], state: CONNECTING/CAPTIVE_PORTAL_CHECK, reason: (unspecified), extra: "XP-3f", roaming: false, failover: false, isAvailable: true, isConnectedToProvisioningNetwork: false
04-24 05:26:30.710 D/ConnectivityService(  431): ConnectivityChange for WIFI: CONNECTED/CONNECTED
04-24 05:26:30.730 E/ConnectivityService(  431): Unexpected mtu value: android.net.wifi.WifiStateTracker@41bfa510
04-24 05:26:30.750 D/ConnectivityService(  431): handleConnectivityChange: address are the same reset per doReset linkProperty[1]: resetMask=0
04-24 05:26:30.750 D/Nat464Xlat(  431): requiresClat: netType=1, hasIPv4Address=true
04-24 05:26:30.760 D/ConnectivityService(  431): ConnectivityChange for WIFI: CONNECTED/CONNECTED
04-24 05:26:30.770 E/ConnectivityService(  431): Unexpected mtu value: android.net.wifi.WifiStateTracker@41bfa510
04-24 05:26:30.800 D/ConnectivityService(  431): handleConnectivityChange: address are the same reset per doReset linkProperty[1]: resetMask=0
04-24 05:26:30.800 D/Nat464Xlat(  431): requiresClat: netType=1, hasIPv4Address=true
04-24 05:26:31.720 D/ConnectivityService(  431): NetTransition Wakelock for ConnectedState released by timeout
04-24 05:26:33.780 I/DeviceInfoService(  431): wifi on
04-24 05:26:33.780 I/DeviceInfoService(  431): onReceive BroadcastReceiver
04-24 05:26:33.780 D/OtaService(  431): onreceive action = android.net.conn.CONNECTIVITY_CHANGE
04-24 05:26:33.780 I/OtaService(  431): onReceive BroadcastReceiver
04-24 05:26:33.780 D/Tethering(  431): MasterInitialState.processMessage what=3
04-24 05:26:33.810 I/DeviceInfoService(  431): wifi on
04-24 05:26:33.810 I/DeviceInfoService(  431): onReceive BroadcastReceiver
04-24 05:26:33.810 D/OtaService(  431): onreceive action = android.net.conn.CONNECTIVITY_CHANGE
04-24 05:26:33.810 I/OtaService(  431): onReceive BroadcastReceiver
04-24 05:26:33.810 D/Tethering(  431): MasterInitialState.processMessage what=3
04-24 05:26:33.880 D/MobileConnectivityChangeReceiver(28801): onReceive Intent { act=android.net.conn.CONNECTIVITY_CHANGE flg=0x4000010 cmp=com.google.android.setupwizard/.MobileConnectivityChangeReceiver (has extras) }
04-24 05:26:33.880 D/MobileConnectivityChangeReceiver(28801): onReceive CONNECTIVITY_CHANGE networkType=1
04-24 05:26:33.930 D/dalvikvm(27133): GC_FOR_ALLOC freed 33K, 2% free 12272K/12448K, paused 105ms, total 105ms
04-24 05:26:34.010 D/        (18953): intervalx=49095806
04-24 05:26:34.030 D/dalvikvm(  431): GC_CONCURRENT freed 1298K, 38% free 9924K/15772K, paused 12ms+10ms, total 94ms
04-24 05:26:34.050 D/GCM     (25086): GcmService start Intent { act=android.net.conn.CONNECTIVITY_CHANGE flg=0x4000010 cmp=com.google.android.gms/.gcm.GcmService (has extras) } android.net.conn.CONNECTIVITY_CHANGE
04-24 05:26:34.090 D/MobileConnectivityChangeReceiver(28801): onReceive Intent { act=android.net.conn.CONNECTIVITY_CHANGE flg=0x4000010 cmp=com.google.android.setupwizard/.MobileConnectivityChangeReceiver (has extras) }
04-24 05:26:34.090 D/MobileConnectivityChangeReceiver(28801): onReceive CONNECTIVITY_CHANGE networkType=1
04-24 05:26:34.140 D/        (18953): intervalx=49095936
04-24 05:26:34.150 D/GCM     (25086): GcmService start Intent { act=android.net.conn.CONNECTIVITY_CHANGE flg=0x4000010 cmp=com.google.android.gms/.gcm.GcmService (has extras) } android.net.conn.CONNECTIVITY_CHANGE
04-24 05:26:35.200 D/dalvikvm(18992): GC_CONCURRENT freed 519K, 11% free 4933K/5488K, paused 2ms+2ms, total 19ms
04-24 05:26:35.200 D/dalvikvm(18992): WAIT_FOR_CONCURRENT_GC blocked 9ms
04-24 05:26:35.350 D/dalvikvm(18992): GC_FOR_ALLOC freed 274K, 11% free 4915K/5488K, paused 15ms, total 15ms
04-24 05:26:35.380 D/dalvikvm(18992): GC_FOR_ALLOC freed 334K, 11% free 4929K/5488K, paused 15ms, total 15ms
04-24 05:26:36.850 D/ConnectivityService(  431): handleInetConditionHoldEnd: net=1, condition=100, published condition=0
04-24 05:26:37.250 D/dalvikvm(18992): GC_FOR_ALLOC freed 355K, 11% free 4926K/5488K, paused 16ms, total 16ms
04-24 05:26:37.280 D/dalvikvm(18992): GC_FOR_ALLOC freed 312K, 11% free 4934K/5488K, paused 17ms, total 18ms
04-24 05:26:37.320 D/dalvikvm(18992): GC_FOR_ALLOC freed 306K, 10% free 4946K/5488K, paused 15ms, total 15ms
04-24 05:26:37.380 D/dalvikvm(18992): GC_CONCURRENT freed 424K, 10% free 4964K/5488K, paused 3ms+2ms, total 26ms
04-24 05:26:40.590 D/dalvikvm(18992): GC_FOR_ALLOC freed 361K, 11% free 4949K/5508K, paused 15ms, total 16ms
