04-23 10:08:47.540 I/hwcomposer(  110): IMG_hwcdev_pipe_assign_status_t hwcdev_try_to_assign_pipe(SUNXI_hwcdev_context_t*, SUNXI_hwcdev_pipe_t*, hwc_layer_1_t*, int, int): We use not config memory
04-23 10:08:47.560 I/hwcomposer(  110): IMG_hwcdev_pipe_assign_status_t hwcdev_try_to_assign_pipe(SUNXI_hwcdev_context_t*, SUNXI_hwcdev_pipe_t*, hwc_layer_1_t*, int, int): We use not config memory
04-23 10:08:47.560 I/hwcomposer(  110): IMG_hwcdev_pipe_assign_status_t hwcdev_try_to_assign_pipe(SUNXI_hwcdev_context_t*, SUNXI_hwcdev_pipe_t*, hwc_layer_1_t*, int, int): We use not config memory
04-23 10:08:47.570 I/hwcomposer(  110): IMG_hwcdev_pipe_assign_status_t hwcdev_try_to_assign_pipe(SUNXI_hwcdev_context_t*, SUNXI_hwcdev_pipe_t*, hwc_layer_1_t*, int, int): We use not config memory
04-23 10:08:47.570 I/hwcomposer(  110): IMG_hwcdev_pipe_assign_status_t hwcdev_try_to_assign_pipe(SUNXI_hwcdev_context_t*, SUNXI_hwcdev_pipe_t*, hwc_layer_1_t*, int, int): We use not config memory
04-23 10:08:47.590 I/hwcomposer(  110): IMG_hwcdev_pipe_assign_status_t hwcdev_try_to_assign_pipe(SUNXI_hwcdev_context_t*, SUNXI_hwcdev_pipe_t*, hwc_layer_1_t*, int, int): We use not config memory
04-23 10:08:47.590 I/hwcomposer(  110): IMG_hwcdev_pipe_assign_status_t hwcdev_try_to_assign_pipe(SUNXI_hwcdev_context_t*, SUNXI_hwcdev_pipe_t*, hwc_layer_1_t*, int, int): We use not config memory
04-23 10:08:47.610 I/hwcomposer(  110): IMG_hwcdev_pipe_assign_status_t hwcdev_try_to_assign_pipe(SUNXI_hwcdev_context_t*, SUNXI_hwcdev_pipe_t*, hwc_layer_1_t*, int, int): We use not config memory
04-23 10:08:47.610 I/hwcomposer(  110): IMG_hwcdev_pipe_assign_status_t hwcdev_try_to_assign_pipe(SUNXI_hwcdev_context_t*, SUNXI_hwcdev_pipe_t*, hwc_layer_1_t*, int, int): We use not config memory
04-23 10:08:47.620 I/hwcomposer(  110): IMG_hwcdev_pipe_assign_status_t hwcdev_try_to_assign_pipe(SUNXI_hwcdev_context_t*, SUNXI_hwcdev_pipe_t*, hwc_layer_1_t*, int, int): We use not config memory
04-23 10:08:47.620 I/hwcomposer(  110): IMG_hwcdev_pipe_assign_status_t hwcdev_try_to_assign_pipe(SUNXI_hwcdev_context_t*, SUNXI_hwcdev_pipe_t*, hwc_layer_1_t*, int, int): We use not config memory
04-23 10:08:47.640 I/hwcomposer(  110): IMG_hwcdev_pipe_assign_status_t hwcdev_try_to_assign_pipe(SUNXI_hwcdev_context_t*, SUNXI_hwcdev_pipe_t*, hwc_layer_1_t*, int, int): We use not config memory
04-23 10:08:47.640 I/hwcomposer(  110): IMG_hwcdev_pipe_assign_status_t hwcdev_try_to_assign_pipe(SUNXI_hwcdev_context_t*, SUNXI_hwcdev_pipe_t*, hwc_layer_1_t*, int, int): We use not config memory
04-23 10:08:47.660 I/hwcomposer(  110): IMG_hwcdev_pipe_assign_status_t hwcdev_try_to_assign_pipe(SUNXI_hwcdev_context_t*, SUNXI_hwcdev_pipe_t*, hwc_layer_1_t*, int, int): We use not config memory
04-23 10:08:47.660 I/hwcomposer(  110): IMG_hwcdev_pipe_assign_status_t hwcdev_try_to_assign_pipe(SUNXI_hwcdev_context_t*, SUNXI_hwcdev_pipe_t*, hwc_layer_1_t*, int, int): We use not config memory
04-23 10:08:47.670 I/hwcomposer(  110): IMG_hwcdev_pipe_assign_status_t hwcdev_try_to_assign_pipe(SUNXI_hwcdev_context_t*, SUNXI_hwcdev_pipe_t*, hwc_layer_1_t*, int, int): We use not config memory
04-23 10:08:47.670 I/hwcomposer(  110): IMG_hwcdev_pipe_assign_status_t hwcdev_try_to_assign_pipe(SUNXI_hwcdev_context_t*, SUNXI_hwcdev_pipe_t*, hwc_layer_1_t*, int, int): We use not config memory
04-23 10:08:47.670 I/hwcomposer(  110): IMG_hwcdev_pipe_assign_status_t hwcdev_try_to_assign_pipe(SUNXI_hwcdev_context_t*, SUNXI_hwcdev_pipe_t*, hwc_layer_1_t*, int, int): We use not config memory
04-23 10:08:47.690 I/hwcomposer(  110): IMG_hwcdev_pipe_assign_status_t hwcdev_try_to_assign_pipe(SUNXI_hwcdev_context_t*, SUNXI_hwcdev_pipe_t*, hwc_layer_1_t*, int, int): We use not config memory
04-23 10:08:47.690 I/hwcomposer(  110): IMG_hwcdev_pipe_assign_status_t hwcdev_try_to_assign_pipe(SUNXI_hwcdev_context_t*, SUNXI_hwcdev_pipe_t*, hwc_layer_1_t*, int, int): We use not config memory
04-23 10:08:47.710 I/hwcomposer(  110): IMG_hwcdev_pipe_assign_status_t hwcdev_try_to_assign_pipe(SUNXI_hwcdev_context_t*, SUNXI_hwcdev_pipe_t*, hwc_layer_1_t*, int, int): We use not config memory
04-23 10:08:47.710 I/hwcomposer(  110): IMG_hwcdev_pipe_assign_status_t hwcdev_try_to_assign_pipe(SUNXI_hwcdev_context_t*, SUNXI_hwcdev_pipe_t*, hwc_layer_1_t*, int, int): We use not config memory
04-23 10:08:47.720 I/hwcomposer(  110): IMG_hwcdev_pipe_assign_status_t hwcdev_try_to_assign_pipe(SUNXI_hwcdev_context_t*, SUNXI_hwcdev_pipe_t*, hwc_layer_1_t*, int, int): We use not config memory
04-23 10:08:47.720 I/hwcomposer(  110): IMG_hwcdev_pipe_assign_status_t hwcdev_try_to_assign_pipe(SUNXI_hwcdev_context_t*, SUNXI_hwcdev_pipe_t*, hwc_layer_1_t*, int, int): We use not config memory
04-23 10:08:47.740 I/hwcomposer(  110): IMG_hwcdev_pipe_assign_status_t hwcdev_try_to_assign_pipe(SUNXI_hwcdev_context_t*, SUNXI_hwcdev_pipe_t*, hwc_layer_1_t*, int, int): We use not config memory
04-23 10:08:47.740 I/hwcomposer(  110): IMG_hwcdev_pipe_assign_status_t hwcdev_try_to_assign_pipe(SUNXI_hwcdev_context_t*, SUNXI_hwcdev_pipe_t*, hwc_layer_1_t*, int, int): We use not config memory
04-23 10:08:47.760 I/hwcomposer(  110): IMG_hwcdev_pipe_assign_status_t hwcdev_try_to_assign_pipe(SUNXI_hwcdev_context_t*, SUNXI_hwcdev_pipe_t*, hwc_layer_1_t*, int, int): We use not config memory
04-23 10:08:47.760 I/hwcomposer(  110): IMG_hwcdev_pipe_assign_status_t hwcdev_try_to_assign_pipe(SUNXI_hwcdev_context_t*, SUNXI_hwcdev_pipe_t*, hwc_layer_1_t*, int, int): We use not config memory
04-23 10:08:47.770 I/hwcomposer(  110): IMG_hwcdev_pipe_assign_status_t hwcdev_try_to_assign_pipe(SUNXI_hwcdev_context_t*, SUNXI_hwcdev_pipe_t*, hwc_layer_1_t*, int, int): We use not config memory
04-23 10:08:47.770 I/hwcomposer(  110): IMG_hwcdev_pipe_assign_status_t hwcdev_try_to_assign_pipe(SUNXI_hwcdev_context_t*, SUNXI_hwcdev_pipe_t*, hwc_layer_1_t*, int, int): We use not config memory
04-23 10:08:47.790 I/hwcomposer(  110): IMG_hwcdev_pipe_assign_status_t hwcdev_try_to_assign_pipe(SUNXI_hwcdev_context_t*, SUNXI_hwcdev_pipe_t*, hwc_layer_1_t*, int, int): We use not config memory
04-23 10:08:47.790 I/hwcomposer(  110): IMG_hwcdev_pipe_assign_status_t hwcdev_try_to_assign_pipe(SUNXI_hwcdev_context_t*, SUNXI_hwcdev_pipe_t*, hwc_layer_1_t*, int, int): We use not config memory
04-23 10:08:47.810 I/hwcomposer(  110): IMG_hwcdev_pipe_assign_status_t hwcdev_try_to_assign_pipe(SUNXI_hwcdev_context_t*, SUNXI_hwcdev_pipe_t*, hwc_layer_1_t*, int, int): We use not config memory
04-23 10:08:47.810 I/hwcomposer(  110): IMG_hwcdev_pipe_assign_status_t hwcdev_try_to_assign_pipe(SUNXI_hwcdev_context_t*, SUNXI_hwcdev_pipe_t*, hwc_layer_1_t*, int, int): We use not config memory
04-23 10:08:47.820 I/hwcomposer(  110): IMG_hwcdev_pipe_assign_status_t hwcdev_try_to_assign_pipe(SUNXI_hwcdev_context_t*, SUNXI_hwcdev_pipe_t*, hwc_layer_1_t*, int, int): We use not config memory
04-23 10:08:47.820 I/hwcomposer(  110): IMG_hwcdev_pipe_assign_status_t hwcdev_try_to_assign_pipe(SUNXI_hwcdev_context_t*, SUNXI_hwcdev_pipe_t*, hwc_layer_1_t*, int, int): We use not config memory
04-23 10:08:47.840 I/hwcomposer(  110): IMG_hwcdev_pipe_assign_status_t hwcdev_try_to_assign_pipe(SUNXI_hwcdev_context_t*, SUNXI_hwcdev_pipe_t*, hwc_layer_1_t*, int, int): We use not config memory
04-23 10:08:47.840 I/hwcomposer(  110): IMG_hwcdev_pipe_assign_status_t hwcdev_try_to_assign_pipe(SUNXI_hwcdev_context_t*, SUNXI_hwcdev_pipe_t*, hwc_layer_1_t*, int, int): We use not config memory
04-23 10:08:47.860 I/hwcomposer(  110): IMG_hwcdev_pipe_assign_status_t hwcdev_try_to_assign_pipe(SUNXI_hwcdev_context_t*, SUNXI_hwcdev_pipe_t*, hwc_layer_1_t*, int, int): We use not config memory
04-23 10:08:47.860 I/hwcomposer(  110): IMG_hwcdev_pipe_assign_status_t hwcdev_try_to_assign_pipe(SUNXI_hwcdev_context_t*, SUNXI_hwcdev_pipe_t*, hwc_layer_1_t*, int, int): We use not config memory
04-23 10:08:47.870 I/hwcomposer(  110): IMG_hwcdev_pipe_assign_status_t hwcdev_try_to_assign_pipe(SUNXI_hwcdev_context_t*, SUNXI_hwcdev_pipe_t*, hwc_layer_1_t*, int, int): We use not config memory
04-23 10:08:47.870 I/hwcomposer(  110): IMG_hwcdev_pipe_assign_status_t hwcdev_try_to_assign_pipe(SUNXI_hwcdev_context_t*, SUNXI_hwcdev_pipe_t*, hwc_layer_1_t*, int, int): We use not config memory
04-23 10:08:47.890 I/hwcomposer(  110): IMG_hwcdev_pipe_assign_status_t hwcdev_try_to_assign_pipe(SUNXI_hwcdev_context_t*, SUNXI_hwcdev_pipe_t*, hwc_layer_1_t*, int, int): We use not config memory
04-23 10:08:47.890 I/hwcomposer(  110): IMG_hwcdev_pipe_assign_status_t hwcdev_try_to_assign_pipe(SUNXI_hwcdev_context_t*, SUNXI_hwcdev_pipe_t*, hwc_layer_1_t*, int, int): We use not config memory
04-23 10:08:47.910 I/hwcomposer(  110): IMG_hwcdev_pipe_assign_status_t hwcdev_try_to_assign_pipe(SUNXI_hwcdev_context_t*, SUNXI_hwcdev_pipe_t*, hwc_layer_1_t*, int, int): We use not config memory
04-23 10:08:47.910 I/hwcomposer(  110): IMG_hwcdev_pipe_assign_status_t hwcdev_try_to_assign_pipe(SUNXI_hwcdev_context_t*, SUNXI_hwcdev_pipe_t*, hwc_layer_1_t*, int, int): We use not config memory
04-23 10:08:47.920 I/hwcomposer(  110): IMG_hwcdev_pipe_assign_status_t hwcdev_try_to_assign_pipe(SUNXI_hwcdev_context_t*, SUNXI_hwcdev_pipe_t*, hwc_layer_1_t*, int, int): We use not config memory
04-23 10:08:47.920 I/hwcomposer(  110): IMG_hwcdev_pipe_assign_status_t hwcdev_try_to_assign_pipe(SUNXI_hwcdev_context_t*, SUNXI_hwcdev_pipe_t*, hwc_layer_1_t*, int, int): We use not config memory
04-23 10:08:47.920 I/hwcomposer(  110): IMG_hwcdev_pipe_assign_status_t hwcdev_try_to_assign_pipe(SUNXI_hwcdev_context_t*, SUNXI_hwcdev_pipe_t*, hwc_layer_1_t*, int, int): We use not config memory
04-23 10:08:47.940 I/hwcomposer(  110): IMG_hwcdev_pipe_assign_status_t hwcdev_try_to_assign_pipe(SUNXI_hwcdev_context_t*, SUNXI_hwcdev_pipe_t*, hwc_layer_1_t*, int, int): We use not config memory
04-23 10:08:47.940 I/hwcomposer(  110): IMG_hwcdev_pipe_assign_status_t hwcdev_try_to_assign_pipe(SUNXI_hwcdev_context_t*, SUNXI_hwcdev_pipe_t*, hwc_layer_1_t*, int, int): We use not config memory
04-23 10:08:47.940 I/hwcomposer(  110): IMG_hwcdev_pipe_assign_status_t hwcdev_try_to_assign_pipe(SUNXI_hwcdev_context_t*, SUNXI_hwcdev_pipe_t*, hwc_layer_1_t*, int, int): We use not config memory
04-23 10:08:47.960 I/hwcomposer(  110): IMG_hwcdev_pipe_assign_status_t hwcdev_try_to_assign_pipe(SUNXI_hwcdev_context_t*, SUNXI_hwcdev_pipe_t*, hwc_layer_1_t*, int, int): We use not config memory
04-23 10:08:47.960 I/hwcomposer(  110): IMG_hwcdev_pipe_assign_status_t hwcdev_try_to_assign_pipe(SUNXI_hwcdev_context_t*, SUNXI_hwcdev_pipe_t*, hwc_layer_1_t*, int, int): We use not config memory
04-23 10:08:47.980 I/hwcomposer(  110): IMG_hwcdev_pipe_assign_status_t hwcdev_try_to_assign_pipe(SUNXI_hwcdev_context_t*, SUNXI_hwcdev_pipe_t*, hwc_layer_1_t*, int, int): We use not config memory
04-23 10:08:47.980 I/hwcomposer(  110): IMG_hwcdev_pipe_assign_status_t hwcdev_try_to_assign_pipe(SUNXI_hwcdev_context_t*, SUNXI_hwcdev_pipe_t*, hwc_layer_1_t*, int, int): We use not config memory
04-23 10:08:47.990 I/hwcomposer(  110): IMG_hwcdev_pipe_assign_status_t hwcdev_try_to_assign_pipe(SUNXI_hwcdev_context_t*, SUNXI_hwcdev_pipe_t*, hwc_layer_1_t*, int, int): We use not config memory
04-23 10:08:47.990 I/hwcomposer(  110): IMG_hwcdev_pipe_assign_status_t hwcdev_try_to_assign_pipe(SUNXI_hwcdev_context_t*, SUNXI_hwcdev_pipe_t*, hwc_layer_1_t*, int, int): We use not config memory
04-23 10:08:48.010 I/hwcomposer(  110): IMG_hwcdev_pipe_assign_status_t hwcdev_try_to_assign_pipe(SUNXI_hwcdev_context_t*, SUNXI_hwcdev_pipe_t*, hwc_layer_1_t*, int, int): We use not config memory
04-23 10:08:48.010 I/hwcomposer(  110): IMG_hwcdev_pipe_assign_status_t hwcdev_try_to_assign_pipe(SUNXI_hwcdev_context_t*, SUNXI_hwcdev_pipe_t*, hwc_layer_1_t*, int, int): We use not config memory
04-23 10:08:48.390 I/hwcomposer(  110): IMG_hwcdev_pipe_assign_status_t hwcdev_try_to_assign_pipe(SUNXI_hwcdev_context_t*, SUNXI_hwcdev_pipe_t*, hwc_layer_1_t*, int, int): We use not config memory
04-23 10:08:48.390 I/hwcomposer(  110): IMG_hwcdev_pipe_assign_status_t hwcdev_try_to_assign_pipe(SUNXI_hwcdev_context_t*, SUNXI_hwcdev_pipe_t*, hwc_layer_1_t*, int, int): We use not config memory
04-23 10:08:48.390 I/hwcomposer(  110): IMG_hwcdev_pipe_assign_status_t hwcdev_try_to_assign_pipe(SUNXI_hwcdev_context_t*, SUNXI_hwcdev_pipe_t*, hwc_layer_1_t*, int, int): We use not config memory
04-23 10:08:48.410 I/hwcomposer(  110): IMG_hwcdev_pipe_assign_status_t hwcdev_try_to_assign_pipe(SUNXI_hwcdev_context_t*, SUNXI_hwcdev_pipe_t*, hwc_layer_1_t*, int, int): We use not config memory
04-23 10:08:48.410 I/hwcomposer(  110): IMG_hwcdev_pipe_assign_status_t hwcdev_try_to_assign_pipe(SUNXI_hwcdev_context_t*, SUNXI_hwcdev_pipe_t*, hwc_layer_1_t*, int, int): We use not config memory
04-23 10:08:48.440 I/hwcomposer(  110): IMG_hwcdev_pipe_assign_status_t hwcdev_try_to_assign_pipe(SUNXI_hwcdev_context_t*, SUNXI_hwcdev_pipe_t*, hwc_layer_1_t*, int, int): We use not config memory
04-23 10:08:48.440 I/hwcomposer(  110): IMG_hwcdev_pipe_assign_status_t hwcdev_try_to_assign_pipe(SUNXI_hwcdev_context_t*, SUNXI_hwcdev_pipe_t*, hwc_layer_1_t*, int, int): We use not config memory
04-23 10:08:48.440 I/hwcomposer(  110): IMG_hwcdev_pipe_assign_status_t hwcdev_try_to_assign_pipe(SUNXI_hwcdev_context_t*, SUNXI_hwcdev_pipe_t*, hwc_layer_1_t*, int, int): We use not config memory
04-23 10:08:50.990 I/hwcomposer(  110): IMG_hwcdev_pipe_assign_status_t hwcdev_try_to_assign_pipe(SUNXI_hwcdev_context_t*, SUNXI_hwcdev_pipe_t*, hwc_layer_1_t*, int, int): We use not config memory
04-23 10:08:50.990 I/hwcomposer(  110): IMG_hwcdev_pipe_assign_status_t hwcdev_try_to_assign_pipe(SUNXI_hwcdev_context_t*, SUNXI_hwcdev_pipe_t*, hwc_layer_1_t*, int, int): We use not config memory
04-23 10:08:50.990 I/hwcomposer(  110): IMG_hwcdev_pipe_assign_status_t hwcdev_try_to_assign_pipe(SUNXI_hwcdev_context_t*, SUNXI_hwcdev_pipe_t*, hwc_layer_1_t*, int, int): We use not config memory
04-23 10:08:51.010 I/hwcomposer(  110): IMG_hwcdev_pipe_assign_status_t hwcdev_try_to_assign_pipe(SUNXI_hwcdev_context_t*, SUNXI_hwcdev_pipe_t*, hwc_layer_1_t*, int, int): We use not config memory
04-23 10:08:51.010 I/hwcomposer(  110): IMG_hwcdev_pipe_assign_status_t hwcdev_try_to_assign_pipe(SUNXI_hwcdev_context_t*, SUNXI_hwcdev_pipe_t*, hwc_layer_1_t*, int, int): We use not config memory
04-23 10:08:51.020 I/hwcomposer(  110): IMG_hwcdev_pipe_assign_status_t hwcdev_try_to_assign_pipe(SUNXI_hwcdev_context_t*, SUNXI_hwcdev_pipe_t*, hwc_layer_1_t*, int, int): We use not config memory
04-23 10:08:51.020 I/hwcomposer(  110): IMG_hwcdev_pipe_assign_status_t hwcdev_try_to_assign_pipe(SUNXI_hwcdev_context_t*, SUNXI_hwcdev_pipe_t*, hwc_layer_1_t*, int, int): We use not config memory
04-23 10:08:51.040 I/hwcomposer(  110): IMG_hwcdev_pipe_assign_status_t hwcdev_try_to_assign_pipe(SUNXI_hwcdev_context_t*, SUNXI_hwcdev_pipe_t*, hwc_layer_1_t*, int, int): We use not config memory
04-23 10:08:51.040 I/hwcomposer(  110): IMG_hwcdev_pipe_assign_status_t hwcdev_try_to_assign_pipe(SUNXI_hwcdev_context_t*, SUNXI_hwcdev_pipe_t*, hwc_layer_1_t*, int, int): We use not config memory
04-23 10:08:51.060 I/hwcomposer(  110): IMG_hwcdev_pipe_assign_status_t hwcdev_try_to_assign_pipe(SUNXI_hwcdev_context_t*, SUNXI_hwcdev_pipe_t*, hwc_layer_1_t*, int, int): We use not config memory
04-23 10:08:51.060 I/hwcomposer(  110): IMG_hwcdev_pipe_assign_status_t hwcdev_try_to_assign_pipe(SUNXI_hwcdev_context_t*, SUNXI_hwcdev_pipe_t*, hwc_layer_1_t*, int, int): We use not config memory
04-23 10:08:51.070 I/hwcomposer(  110): IMG_hwcdev_pipe_assign_status_t hwcdev_try_to_assign_pipe(SUNXI_hwcdev_context_t*, SUNXI_hwcdev_pipe_t*, hwc_layer_1_t*, int, int): We use not config memory
04-23 10:08:51.070 I/hwcomposer(  110): IMG_hwcdev_pipe_assign_status_t hwcdev_try_to_assign_pipe(SUNXI_hwcdev_context_t*, SUNXI_hwcdev_pipe_t*, hwc_layer_1_t*, int, int): We use not config memory
04-23 10:08:51.090 I/hwcomposer(  110): IMG_hwcdev_pipe_assign_status_t hwcdev_try_to_assign_pipe(SUNXI_hwcdev_context_t*, SUNXI_hwcdev_pipe_t*, hwc_layer_1_t*, int, int): We use not config memory
04-23 10:08:51.090 I/hwcomposer(  110): IMG_hwcdev_pipe_assign_status_t hwcdev_try_to_assign_pipe(SUNXI_hwcdev_context_t*, SUNXI_hwcdev_pipe_t*, hwc_layer_1_t*, int, int): We use not config memory
04-23 10:08:51.110 I/hwcomposer(  110): IMG_hwcdev_pipe_assign_status_t hwcdev_try_to_assign_pipe(SUNXI_hwcdev_context_t*, SUNXI_hwcdev_pipe_t*, hwc_layer_1_t*, int, int): We use not config memory
04-23 10:08:51.110 I/hwcomposer(  110): IMG_hwcdev_pipe_assign_status_t hwcdev_try_to_assign_pipe(SUNXI_hwcdev_context_t*, SUNXI_hwcdev_pipe_t*, hwc_layer_1_t*, int, int): We use not config memory
04-23 10:08:51.120 I/hwcomposer(  110): IMG_hwcdev_pipe_assign_status_t hwcdev_try_to_assign_pipe(SUNXI_hwcdev_context_t*, SUNXI_hwcdev_pipe_t*, hwc_layer_1_t*, int, int): We use not config memory
04-23 10:08:51.120 I/hwcomposer(  110): IMG_hwcdev_pipe_assign_status_t hwcdev_try_to_assign_pipe(SUNXI_hwcdev_context_t*, SUNXI_hwcdev_pipe_t*, hwc_layer_1_t*, int, int): We use not config memory
04-23 10:08:51.140 I/hwcomposer(  110): IMG_hwcdev_pipe_assign_status_t hwcdev_try_to_assign_pipe(SUNXI_hwcdev_context_t*, SUNXI_hwcdev_pipe_t*, hwc_layer_1_t*, int, int): We use not config memory
04-23 10:08:51.140 I/hwcomposer(  110): IMG_hwcdev_pipe_assign_status_t hwcdev_try_to_assign_pipe(SUNXI_hwcdev_context_t*, SUNXI_hwcdev_pipe_t*, hwc_layer_1_t*, int, int): We use not config memory
04-23 10:08:51.160 I/hwcomposer(  110): IMG_hwcdev_pipe_assign_status_t hwcdev_try_to_assign_pipe(SUNXI_hwcdev_context_t*, SUNXI_hwcdev_pipe_t*, hwc_layer_1_t*, int, int): We use not config memory
04-23 10:08:51.160 I/hwcomposer(  110): IMG_hwcdev_pipe_assign_status_t hwcdev_try_to_assign_pipe(SUNXI_hwcdev_context_t*, SUNXI_hwcdev_pipe_t*, hwc_layer_1_t*, int, int): We use not config memory
04-23 10:09:06.170 D/PowerManagerService(  431): mHoldBootFastWakeLock = true
04-23 10:10:06.970 D/dalvikvm(  431): GC_CONCURRENT freed 1042K, 14% free 8980K/10352K, paused 3ms+5ms, total 74ms
04-23 10:10:51.960 I/PowerManagerService(  431): Going to sleep due to screen timeout...
04-23 10:10:52.430 D/SurfaceFlinger(  110): Screen released, type=0 flinger=0x40390008
04-23 10:10:52.480 I/wpa_supplicant(  639): [CTRL_IFACE]wlan0: DRIVER SETSUSPENDMODE 1
04-23 10:10:52.490 V/audio_hw_primary(  113): adev_set_parameters, screen_state=off
04-23 10:10:52.490 I/qtaguid (  431): Failed write_ctrl(s 0 10011) res=-1 errno=1
04-23 10:10:52.490 W/NetworkManagementSocketTagger(  431): setKernelCountSet(10011, 0) failed with errno -1
04-23 10:10:52.920 D/PowerManagerService-JNI(  431): Excessive delay in autosuspend_enable() while turning screen off: 383ms
04-23 10:10:56.730 D/PowerManagerService(  431): mHoldBootFastWakeLock = true
04-23 10:11:01.380 V/KeyguardServiceDelegate(  431): onScreenTurnedOn(showListener = com.android.internal.policy.impl.PhoneWindowManager$18@41d735a0)
04-23 10:11:01.380 I/PowerManagerService(  431): Waking up from sleep...
04-23 10:11:01.420 D/SurfaceFlinger(  110): Screen acquired, type=0 flinger=0x40390008
04-23 10:11:01.420 V/KeyguardServiceDelegate(  431): **** SHOWN CALLED ****
04-23 10:11:01.420 I/WindowManager(  431): No lock screen! windowToken=null
04-23 10:11:01.460 I/wpa_supplicant(  639): [CTRL_IFACE]wlan0: DRIVER SETSUSPENDMODE 0
04-23 10:11:01.540 V/audio_hw_primary(  113): adev_set_parameters, screen_state=on
04-23 10:11:01.540 I/qtaguid (  431): Failed write_ctrl(s 1 10011) res=-1 errno=1
04-23 10:11:01.540 W/NetworkManagementSocketTagger(  431): setKernelCountSet(10011, 1) failed with errno -1
04-23 10:11:01.640 D/dalvikvm(  491): GC_CONCURRENT freed 591K, 75% free 6150K/23892K, paused 3ms+4ms, total 34ms
04-23 10:11:03.740 I/hwcomposer(  110): IMG_hwcdev_pipe_assign_status_t hwcdev_try_to_assign_pipe(SUNXI_hwcdev_context_t*, SUNXI_hwcdev_pipe_t*, hwc_layer_1_t*, int, int): We use not config memory
04-23 10:11:03.740 I/hwcomposer(  110): IMG_hwcdev_pipe_assign_status_t hwcdev_try_to_assign_pipe(SUNXI_hwcdev_context_t*, SUNXI_hwcdev_pipe_t*, hwc_layer_1_t*, int, int): We use not config memory
04-23 10:11:03.740 I/hwcomposer(  110): IMG_hwcdev_pipe_assign_status_t hwcdev_try_to_assign_pipe(SUNXI_hwcdev_context_t*, SUNXI_hwcdev_pipe_t*, hwc_layer_1_t*, int, int): We use not config memory
04-23 10:11:03.760 I/hwcomposer(  110): IMG_hwcdev_pipe_assign_status_t hwcdev_try_to_assign_pipe(SUNXI_hwcdev_context_t*, SUNXI_hwcdev_pipe_t*, hwc_layer_1_t*, int, int): We use not config memory
04-23 10:11:03.760 I/hwcomposer(  110): IMG_hwcdev_pipe_assign_status_t hwcdev_try_to_assign_pipe(SUNXI_hwcdev_context_t*, SUNXI_hwcdev_pipe_t*, hwc_layer_1_t*, int, int): We use not config memory
04-23 10:11:03.830 V/audio_hw_primary(  113): start_output_stream, line: 732
04-23 10:11:03.830 V/codec_audio_pad(  113): in normal mode, headset or speaker on,****LINE:112,FUNC:set_normal_path
04-23 10:11:03.860 I/hwcomposer(  110): IMG_hwcdev_pipe_assign_status_t hwcdev_try_to_assign_pipe(SUNXI_hwcdev_context_t*, SUNXI_hwcdev_pipe_t*, hwc_layer_1_t*, int, int): We use not config memory
04-23 10:11:03.860 I/hwcomposer(  110): IMG_hwcdev_pipe_assign_status_t hwcdev_try_to_assign_pipe(SUNXI_hwcdev_context_t*, SUNXI_hwcdev_pipe_t*, hwc_layer_1_t*, int, int): We use not config memory
04-23 10:11:03.870 I/hwcomposer(  110): IMG_hwcdev_pipe_assign_status_t hwcdev_try_to_assign_pipe(SUNXI_hwcdev_context_t*, SUNXI_hwcdev_pipe_t*, hwc_layer_1_t*, int, int): We use not config memory
04-23 10:11:03.870 I/hwcomposer(  110): IMG_hwcdev_pipe_assign_status_t hwcdev_try_to_assign_pipe(SUNXI_hwcdev_context_t*, SUNXI_hwcdev_pipe_t*, hwc_layer_1_t*, int, int): We use not config memory
04-23 10:11:03.890 I/hwcomposer(  110): IMG_hwcdev_pipe_assign_status_t hwcdev_try_to_assign_pipe(SUNXI_hwcdev_context_t*, SUNXI_hwcdev_pipe_t*, hwc_layer_1_t*, int, int): We use not config memory
04-23 10:11:03.890 I/hwcomposer(  110): IMG_hwcdev_pipe_assign_status_t hwcdev_try_to_assign_pipe(SUNXI_hwcdev_context_t*, SUNXI_hwcdev_pipe_t*, hwc_layer_1_t*, int, int): We use not config memory
04-23 10:11:03.910 I/hwcomposer(  110): IMG_hwcdev_pipe_assign_status_t hwcdev_try_to_assign_pipe(SUNXI_hwcdev_context_t*, SUNXI_hwcdev_pipe_t*, hwc_layer_1_t*, int, int): We use not config memory
04-23 10:11:03.910 I/hwcomposer(  110): IMG_hwcdev_pipe_assign_status_t hwcdev_try_to_assign_pipe(SUNXI_hwcdev_context_t*, SUNXI_hwcdev_pipe_t*, hwc_layer_1_t*, int, int): We use not config memory
04-23 10:11:03.920 I/hwcomposer(  110): IMG_hwcdev_pipe_assign_status_t hwcdev_try_to_assign_pipe(SUNXI_hwcdev_context_t*, SUNXI_hwcdev_pipe_t*, hwc_layer_1_t*, int, int): We use not config memory
04-23 10:11:03.920 I/hwcomposer(  110): IMG_hwcdev_pipe_assign_status_t hwcdev_try_to_assign_pipe(SUNXI_hwcdev_context_t*, SUNXI_hwcdev_pipe_t*, hwc_layer_1_t*, int, int): We use not config memory
04-23 10:11:03.920 I/hwcomposer(  110): IMG_hwcdev_pipe_assign_status_t hwcdev_try_to_assign_pipe(SUNXI_hwcdev_context_t*, SUNXI_hwcdev_pipe_t*, hwc_layer_1_t*, int, int): We use not config memory
04-23 10:11:03.940 I/hwcomposer(  110): IMG_hwcdev_pipe_assign_status_t hwcdev_try_to_assign_pipe(SUNXI_hwcdev_context_t*, SUNXI_hwcdev_pipe_t*, hwc_layer_1_t*, int, int): We use not config memory
04-23 10:11:03.940 I/hwcomposer(  110): IMG_hwcdev_pipe_assign_status_t hwcdev_try_to_assign_pipe(SUNXI_hwcdev_context_t*, SUNXI_hwcdev_pipe_t*, hwc_layer_1_t*, int, int): We use not config memory
04-23 10:11:03.960 I/hwcomposer(  110): IMG_hwcdev_pipe_assign_status_t hwcdev_try_to_assign_pipe(SUNXI_hwcdev_context_t*, SUNXI_hwcdev_pipe_t*, hwc_layer_1_t*, int, int): We use not config memory
04-23 10:11:03.960 I/hwcomposer(  110): IMG_hwcdev_pipe_assign_status_t hwcdev_try_to_assign_pipe(SUNXI_hwcdev_context_t*, SUNXI_hwcdev_pipe_t*, hwc_layer_1_t*, int, int): We use not config memory
04-23 10:11:03.970 I/hwcomposer(  110): IMG_hwcdev_pipe_assign_status_t hwcdev_try_to_assign_pipe(SUNXI_hwcdev_context_t*, SUNXI_hwcdev_pipe_t*, hwc_layer_1_t*, int, int): We use not config memory
04-23 10:11:03.970 I/hwcomposer(  110): IMG_hwcdev_pipe_assign_status_t hwcdev_try_to_assign_pipe(SUNXI_hwcdev_context_t*, SUNXI_hwcdev_pipe_t*, hwc_layer_1_t*, int, int): We use not config memory
04-23 10:11:03.980 V/audio_hw_primary(  113): normal mode , speaker,****LINE:657,FUNC:select_output_device
04-23 10:11:03.980 V/audio_hw_primary(  113): start_output_stream: card:0, port:0, rate:44100
04-23 10:11:03.980 D/alsa_pcm(  113): pcm_open:,sparams.stop_threshold:1540, config->stop_threshold:0
04-23 10:11:03.980 V/audio_hw_primary(  113): do not use out resampler
04-23 10:11:03.990 I/hwcomposer(  110): IMG_hwcdev_pipe_assign_status_t hwcdev_try_to_assign_pipe(SUNXI_hwcdev_context_t*, SUNXI_hwcdev_pipe_t*, hwc_layer_1_t*, int, int): We use not config memory
04-23 10:11:03.990 I/hwcomposer(  110): IMG_hwcdev_pipe_assign_status_t hwcdev_try_to_assign_pipe(SUNXI_hwcdev_context_t*, SUNXI_hwcdev_pipe_t*, hwc_layer_1_t*, int, int): We use not config memory
04-23 10:11:04.010 I/hwcomposer(  110): IMG_hwcdev_pipe_assign_status_t hwcdev_try_to_assign_pipe(SUNXI_hwcdev_context_t*, SUNXI_hwcdev_pipe_t*, hwc_layer_1_t*, int, int): We use not config memory
04-23 10:11:04.010 I/hwcomposer(  110): IMG_hwcdev_pipe_assign_status_t hwcdev_try_to_assign_pipe(SUNXI_hwcdev_context_t*, SUNXI_hwcdev_pipe_t*, hwc_layer_1_t*, int, int): We use not config memory
04-23 10:11:04.020 I/hwcomposer(  110): IMG_hwcdev_pipe_assign_status_t hwcdev_try_to_assign_pipe(SUNXI_hwcdev_context_t*, SUNXI_hwcdev_pipe_t*, hwc_layer_1_t*, int, int): We use not config memory
04-23 10:11:04.020 I/hwcomposer(  110): IMG_hwcdev_pipe_assign_status_t hwcdev_try_to_assign_pipe(SUNXI_hwcdev_context_t*, SUNXI_hwcdev_pipe_t*, hwc_layer_1_t*, int, int): We use not config memory
04-23 10:11:05.730 I/hwcomposer(  110): IMG_hwcdev_pipe_assign_status_t hwcdev_try_to_assign_pipe(SUNXI_hwcdev_context_t*, SUNXI_hwcdev_pipe_t*, hwc_layer_1_t*, int, int): We use not config memory
04-23 10:11:05.730 I/hwcomposer(  110): IMG_hwcdev_pipe_assign_status_t hwcdev_try_to_assign_pipe(SUNXI_hwcdev_context_t*, SUNXI_hwcdev_pipe_t*, hwc_layer_1_t*, int, int): We use not config memory
04-23 10:11:05.730 I/hwcomposer(  110): IMG_hwcdev_pipe_assign_status_t hwcdev_try_to_assign_pipe(SUNXI_hwcdev_context_t*, SUNXI_hwcdev_pipe_t*, hwc_layer_1_t*, int, int): We use not config memory
04-23 10:11:05.740 I/hwcomposer(  110): IMG_hwcdev_pipe_assign_status_t hwcdev_try_to_assign_pipe(SUNXI_hwcdev_context_t*, SUNXI_hwcdev_pipe_t*, hwc_layer_1_t*, int, int): We use not config memory
04-23 10:11:05.740 I/hwcomposer(  110): IMG_hwcdev_pipe_assign_status_t hwcdev_try_to_assign_pipe(SUNXI_hwcdev_context_t*, SUNXI_hwcdev_pipe_t*, hwc_layer_1_t*, int, int): We use not config memory
04-23 10:11:05.760 I/hwcomposer(  110): IMG_hwcdev_pipe_assign_status_t hwcdev_try_to_assign_pipe(SUNXI_hwcdev_context_t*, SUNXI_hwcdev_pipe_t*, hwc_layer_1_t*, int, int): We use not config memory
04-23 10:11:05.760 I/hwcomposer(  110): IMG_hwcdev_pipe_assign_status_t hwcdev_try_to_assign_pipe(SUNXI_hwcdev_context_t*, SUNXI_hwcdev_pipe_t*, hwc_layer_1_t*, int, int): We use not config memory
04-23 10:11:05.770 I/hwcomposer(  110): IMG_hwcdev_pipe_assign_status_t hwcdev_try_to_assign_pipe(SUNXI_hwcdev_context_t*, SUNXI_hwcdev_pipe_t*, hwc_layer_1_t*, int, int): We use not config memory
04-23 10:11:05.770 I/hwcomposer(  110): IMG_hwcdev_pipe_assign_status_t hwcdev_try_to_assign_pipe(SUNXI_hwcdev_context_t*, SUNXI_hwcdev_pipe_t*, hwc_layer_1_t*, int, int): We use not config memory
04-23 10:11:05.790 I/hwcomposer(  110): IMG_hwcdev_pipe_assign_status_t hwcdev_try_to_assign_pipe(SUNXI_hwcdev_context_t*, SUNXI_hwcdev_pipe_t*, hwc_layer_1_t*, int, int): We use not config memory
04-23 10:11:05.790 I/hwcomposer(  110): IMG_hwcdev_pipe_assign_status_t hwcdev_try_to_assign_pipe(SUNXI_hwcdev_context_t*, SUNXI_hwcdev_pipe_t*, hwc_layer_1_t*, int, int): We use not config memory
04-23 10:11:05.810 I/hwcomposer(  110): IMG_hwcdev_pipe_assign_status_t hwcdev_try_to_assign_pipe(SUNXI_hwcdev_context_t*, SUNXI_hwcdev_pipe_t*, hwc_layer_1_t*, int, int): We use not config memory
04-23 10:11:05.810 I/hwcomposer(  110): IMG_hwcdev_pipe_assign_status_t hwcdev_try_to_assign_pipe(SUNXI_hwcdev_context_t*, SUNXI_hwcdev_pipe_t*, hwc_layer_1_t*, int, int): We use not config memory
04-23 10:11:05.830 I/hwcomposer(  110): IMG_hwcdev_pipe_assign_status_t hwcdev_try_to_assign_pipe(SUNXI_hwcdev_context_t*, SUNXI_hwcdev_pipe_t*, hwc_layer_1_t*, int, int): We use not config memory
04-23 10:11:05.830 I/hwcomposer(  110): IMG_hwcdev_pipe_assign_status_t hwcdev_try_to_assign_pipe(SUNXI_hwcdev_context_t*, SUNXI_hwcdev_pipe_t*, hwc_layer_1_t*, int, int): We use not config memory
04-23 10:11:05.840 I/hwcomposer(  110): IMG_hwcdev_pipe_assign_status_t hwcdev_try_to_assign_pipe(SUNXI_hwcdev_context_t*, SUNXI_hwcdev_pipe_t*, hwc_layer_1_t*, int, int): We use not config memory
04-23 10:11:05.840 I/hwcomposer(  110): IMG_hwcdev_pipe_assign_status_t hwcdev_try_to_assign_pipe(SUNXI_hwcdev_context_t*, SUNXI_hwcdev_pipe_t*, hwc_layer_1_t*, int, int): We use not config memory
04-23 10:11:05.860 I/hwcomposer(  110): IMG_hwcdev_pipe_assign_status_t hwcdev_try_to_assign_pipe(SUNXI_hwcdev_context_t*, SUNXI_hwcdev_pipe_t*, hwc_layer_1_t*, int, int): We use not config memory
04-23 10:11:05.860 I/hwcomposer(  110): IMG_hwcdev_pipe_assign_status_t hwcdev_try_to_assign_pipe(SUNXI_hwcdev_context_t*, SUNXI_hwcdev_pipe_t*, hwc_layer_1_t*, int, int): We use not config memory
04-23 10:11:05.870 I/hwcomposer(  110): IMG_hwcdev_pipe_assign_status_t hwcdev_try_to_assign_pipe(SUNXI_hwcdev_context_t*, SUNXI_hwcdev_pipe_t*, hwc_layer_1_t*, int, int): We use not config memory
04-23 10:11:05.870 I/hwcomposer(  110): IMG_hwcdev_pipe_assign_status_t hwcdev_try_to_assign_pipe(SUNXI_hwcdev_context_t*, SUNXI_hwcdev_pipe_t*, hwc_layer_1_t*, int, int): We use not config memory
04-23 10:11:05.890 I/hwcomposer(  110): IMG_hwcdev_pipe_assign_status_t hwcdev_try_to_assign_pipe(SUNXI_hwcdev_context_t*, SUNXI_hwcdev_pipe_t*, hwc_layer_1_t*, int, int): We use not config memory
04-23 10:11:05.890 I/hwcomposer(  110): IMG_hwcdev_pipe_assign_status_t hwcdev_try_to_assign_pipe(SUNXI_hwcdev_context_t*, SUNXI_hwcdev_pipe_t*, hwc_layer_1_t*, int, int): We use not config memory
04-23 10:11:05.920 I/hwcomposer(  110): IMG_hwcdev_pipe_assign_status_t hwcdev_try_to_assign_pipe(SUNXI_hwcdev_context_t*, SUNXI_hwcdev_pipe_t*, hwc_layer_1_t*, int, int): We use not config memory
04-23 10:11:05.920 I/hwcomposer(  110): IMG_hwcdev_pipe_assign_status_t hwcdev_try_to_assign_pipe(SUNXI_hwcdev_context_t*, SUNXI_hwcdev_pipe_t*, hwc_layer_1_t*, int, int): We use not config memory
04-23 10:11:05.940 I/hwcomposer(  110): IMG_hwcdev_pipe_assign_status_t hwcdev_try_to_assign_pipe(SUNXI_hwcdev_context_t*, SUNXI_hwcdev_pipe_t*, hwc_layer_1_t*, int, int): We use not config memory
04-23 10:11:05.940 I/hwcomposer(  110): IMG_hwcdev_pipe_assign_status_t hwcdev_try_to_assign_pipe(SUNXI_hwcdev_context_t*, SUNXI_hwcdev_pipe_t*, hwc_layer_1_t*, int, int): We use not config memory
04-23 10:11:05.960 I/hwcomposer(  110): IMG_hwcdev_pipe_assign_status_t hwcdev_try_to_assign_pipe(SUNXI_hwcdev_context_t*, SUNXI_hwcdev_pipe_t*, hwc_layer_1_t*, int, int): We use not config memory
04-23 10:11:05.960 I/hwcomposer(  110): IMG_hwcdev_pipe_assign_status_t hwcdev_try_to_assign_pipe(SUNXI_hwcdev_context_t*, SUNXI_hwcdev_pipe_t*, hwc_layer_1_t*, int, int): We use not config memory
04-23 10:11:05.970 I/hwcomposer(  110): IMG_hwcdev_pipe_assign_status_t hwcdev_try_to_assign_pipe(SUNXI_hwcdev_context_t*, SUNXI_hwcdev_pipe_t*, hwc_layer_1_t*, int, int): We use not config memory
04-23 10:11:05.970 I/hwcomposer(  110): IMG_hwcdev_pipe_assign_status_t hwcdev_try_to_assign_pipe(SUNXI_hwcdev_context_t*, SUNXI_hwcdev_pipe_t*, hwc_layer_1_t*, int, int): We use not config memory
04-23 10:11:05.970 I/hwcomposer(  110): IMG_hwcdev_pipe_assign_status_t hwcdev_try_to_assign_pipe(SUNXI_hwcdev_context_t*, SUNXI_hwcdev_pipe_t*, hwc_layer_1_t*, int, int): We use not config memory
04-23 10:11:05.990 I/hwcomposer(  110): IMG_hwcdev_pipe_assign_status_t hwcdev_try_to_assign_pipe(SUNXI_hwcdev_context_t*, SUNXI_hwcdev_pipe_t*, hwc_layer_1_t*, int, int): We use not config memory
04-23 10:11:05.990 I/hwcomposer(  110): IMG_hwcdev_pipe_assign_status_t hwcdev_try_to_assign_pipe(SUNXI_hwcdev_context_t*, SUNXI_hwcdev_pipe_t*, hwc_layer_1_t*, int, int): We use not config memory
04-23 10:11:05.990 I/hwcomposer(  110): IMG_hwcdev_pipe_assign_status_t hwcdev_try_to_assign_pipe(SUNXI_hwcdev_context_t*, SUNXI_hwcdev_pipe_t*, hwc_layer_1_t*, int, int): We use not config memory
04-23 10:11:06.010 I/hwcomposer(  110): IMG_hwcdev_pipe_assign_status_t hwcdev_try_to_assign_pipe(SUNXI_hwcdev_context_t*, SUNXI_hwcdev_pipe_t*, hwc_layer_1_t*, int, int): We use not config memory
04-23 10:11:06.010 I/hwcomposer(  110): IMG_hwcdev_pipe_assign_status_t hwcdev_try_to_assign_pipe(SUNXI_hwcdev_context_t*, SUNXI_hwcdev_pipe_t*, hwc_layer_1_t*, int, int): We use not config memory
04-23 10:11:06.020 I/hwcomposer(  110): IMG_hwcdev_pipe_assign_status_t hwcdev_try_to_assign_pipe(SUNXI_hwcdev_context_t*, SUNXI_hwcdev_pipe_t*, hwc_layer_1_t*, int, int): We use not config memory
04-23 10:11:06.020 I/hwcomposer(  110): IMG_hwcdev_pipe_assign_status_t hwcdev_try_to_assign_pipe(SUNXI_hwcdev_context_t*, SUNXI_hwcdev_pipe_t*, hwc_layer_1_t*, int, int): We use not config memory
04-23 10:11:06.040 I/hwcomposer(  110): IMG_hwcdev_pipe_assign_status_t hwcdev_try_to_assign_pipe(SUNXI_hwcdev_context_t*, SUNXI_hwcdev_pipe_t*, hwc_layer_1_t*, int, int): We use not config memory
04-23 10:11:06.040 I/hwcomposer(  110): IMG_hwcdev_pipe_assign_status_t hwcdev_try_to_assign_pipe(SUNXI_hwcdev_context_t*, SUNXI_hwcdev_pipe_t*, hwc_layer_1_t*, int, int): We use not config memory
04-23 10:11:06.060 I/hwcomposer(  110): IMG_hwcdev_pipe_assign_status_t hwcdev_try_to_assign_pipe(SUNXI_hwcdev_context_t*, SUNXI_hwcdev_pipe_t*, hwc_layer_1_t*, int, int): We use not config memory
04-23 10:11:06.060 I/hwcomposer(  110): IMG_hwcdev_pipe_assign_status_t hwcdev_try_to_assign_pipe(SUNXI_hwcdev_context_t*, SUNXI_hwcdev_pipe_t*, hwc_layer_1_t*, int, int): We use not config memory
04-23 10:11:06.070 I/hwcomposer(  110): IMG_hwcdev_pipe_assign_status_t hwcdev_try_to_assign_pipe(SUNXI_hwcdev_context_t*, SUNXI_hwcdev_pipe_t*, hwc_layer_1_t*, int, int): We use not config memory
04-23 10:11:06.070 I/hwcomposer(  110): IMG_hwcdev_pipe_assign_status_t hwcdev_try_to_assign_pipe(SUNXI_hwcdev_context_t*, SUNXI_hwcdev_pipe_t*, hwc_layer_1_t*, int, int): We use not config memory
04-23 10:11:06.590 I/hwcomposer(  110): IMG_hwcdev_pipe_assign_status_t hwcdev_try_to_assign_pipe(SUNXI_hwcdev_context_t*, SUNXI_hwcdev_pipe_t*, hwc_layer_1_t*, int, int): We use not config memory
04-23 10:11:06.590 I/hwcomposer(  110): IMG_hwcdev_pipe_assign_status_t hwcdev_try_to_assign_pipe(SUNXI_hwcdev_context_t*, SUNXI_hwcdev_pipe_t*, hwc_layer_1_t*, int, int): We use not config memory
04-23 10:11:06.610 I/hwcomposer(  110): IMG_hwcdev_pipe_assign_status_t hwcdev_try_to_assign_pipe(SUNXI_hwcdev_context_t*, SUNXI_hwcdev_pipe_t*, hwc_layer_1_t*, int, int): We use not config memory
04-23 10:11:06.610 I/hwcomposer(  110): IMG_hwcdev_pipe_assign_status_t hwcdev_try_to_assign_pipe(SUNXI_hwcdev_context_t*, SUNXI_hwcdev_pipe_t*, hwc_layer_1_t*, int, int): We use not config memory
04-23 10:11:06.620 I/hwcomposer(  110): IMG_hwcdev_pipe_assign_status_t hwcdev_try_to_assign_pipe(SUNXI_hwcdev_context_t*, SUNXI_hwcdev_pipe_t*, hwc_layer_1_t*, int, int): We use not config memory
04-23 10:11:06.620 I/hwcomposer(  110): IMG_hwcdev_pipe_assign_status_t hwcdev_try_to_assign_pipe(SUNXI_hwcdev_context_t*, SUNXI_hwcdev_pipe_t*, hwc_layer_1_t*, int, int): We use not config memory
04-23 10:11:06.640 I/hwcomposer(  110): IMG_hwcdev_pipe_assign_status_t hwcdev_try_to_assign_pipe(SUNXI_hwcdev_context_t*, SUNXI_hwcdev_pipe_t*, hwc_layer_1_t*, int, int): We use not config memory
04-23 10:11:06.640 I/hwcomposer(  110): IMG_hwcdev_pipe_assign_status_t hwcdev_try_to_assign_pipe(SUNXI_hwcdev_context_t*, SUNXI_hwcdev_pipe_t*, hwc_layer_1_t*, int, int): We use not config memory
04-23 10:11:06.660 I/hwcomposer(  110): IMG_hwcdev_pipe_assign_status_t hwcdev_try_to_assign_pipe(SUNXI_hwcdev_context_t*, SUNXI_hwcdev_pipe_t*, hwc_layer_1_t*, int, int): We use not config memory
04-23 10:11:06.660 I/hwcomposer(  110): IMG_hwcdev_pipe_assign_status_t hwcdev_try_to_assign_pipe(SUNXI_hwcdev_context_t*, SUNXI_hwcdev_pipe_t*, hwc_layer_1_t*, int, int): We use not config memory
04-23 10:11:06.670 I/hwcomposer(  110): IMG_hwcdev_pipe_assign_status_t hwcdev_try_to_assign_pipe(SUNXI_hwcdev_context_t*, SUNXI_hwcdev_pipe_t*, hwc_layer_1_t*, int, int): We use not config memory
04-23 10:11:06.670 I/hwcomposer(  110): IMG_hwcdev_pipe_assign_status_t hwcdev_try_to_assign_pipe(SUNXI_hwcdev_context_t*, SUNXI_hwcdev_pipe_t*, hwc_layer_1_t*, int, int): We use not config memory
04-23 10:11:06.690 I/hwcomposer(  110): IMG_hwcdev_pipe_assign_status_t hwcdev_try_to_assign_pipe(SUNXI_hwcdev_context_t*, SUNXI_hwcdev_pipe_t*, hwc_layer_1_t*, int, int): We use not config memory
04-23 10:11:06.690 I/hwcomposer(  110): IMG_hwcdev_pipe_assign_status_t hwcdev_try_to_assign_pipe(SUNXI_hwcdev_context_t*, SUNXI_hwcdev_pipe_t*, hwc_layer_1_t*, int, int): We use not config memory
04-23 10:11:06.710 I/hwcomposer(  110): IMG_hwcdev_pipe_assign_status_t hwcdev_try_to_assign_pipe(SUNXI_hwcdev_context_t*, SUNXI_hwcdev_pipe_t*, hwc_layer_1_t*, int, int): We use not config memory
04-23 10:11:06.710 I/hwcomposer(  110): IMG_hwcdev_pipe_assign_status_t hwcdev_try_to_assign_pipe(SUNXI_hwcdev_context_t*, SUNXI_hwcdev_pipe_t*, hwc_layer_1_t*, int, int): We use not config memory
04-23 10:11:06.720 I/hwcomposer(  110): IMG_hwcdev_pipe_assign_status_t hwcdev_try_to_assign_pipe(SUNXI_hwcdev_context_t*, SUNXI_hwcdev_pipe_t*, hwc_layer_1_t*, int, int): We use not config memory
04-23 10:11:06.720 I/hwcomposer(  110): IMG_hwcdev_pipe_assign_status_t hwcdev_try_to_assign_pipe(SUNXI_hwcdev_context_t*, SUNXI_hwcdev_pipe_t*, hwc_layer_1_t*, int, int): We use not config memory
04-23 10:11:06.740 I/hwcomposer(  110): IMG_hwcdev_pipe_assign_status_t hwcdev_try_to_assign_pipe(SUNXI_hwcdev_context_t*, SUNXI_hwcdev_pipe_t*, hwc_layer_1_t*, int, int): We use not config memory
04-23 10:11:06.740 I/hwcomposer(  110): IMG_hwcdev_pipe_assign_status_t hwcdev_try_to_assign_pipe(SUNXI_hwcdev_context_t*, SUNXI_hwcdev_pipe_t*, hwc_layer_1_t*, int, int): We use not config memory
04-23 10:11:06.740 I/hwcomposer(  110): IMG_hwcdev_pipe_assign_status_t hwcdev_try_to_assign_pipe(SUNXI_hwcdev_context_t*, SUNXI_hwcdev_pipe_t*, hwc_layer_1_t*, int, int): We use not config memory
04-23 10:11:06.750 D/PowerManagerService(  431): mHoldBootFastWakeLock = true
04-23 10:11:06.760 I/hwcomposer(  110): IMG_hwcdev_pipe_assign_status_t hwcdev_try_to_assign_pipe(SUNXI_hwcdev_context_t*, SUNXI_hwcdev_pipe_t*, hwc_layer_1_t*, int, int): We use not config memory
04-23 10:11:06.760 I/hwcomposer(  110): IMG_hwcdev_pipe_assign_status_t hwcdev_try_to_assign_pipe(SUNXI_hwcdev_context_t*, SUNXI_hwcdev_pipe_t*, hwc_layer_1_t*, int, int): We use not config memory
04-23 10:11:06.760 I/hwcomposer(  110): IMG_hwcdev_pipe_assign_status_t hwcdev_try_to_assign_pipe(SUNXI_hwcdev_context_t*, SUNXI_hwcdev_pipe_t*, hwc_layer_1_t*, int, int): We use not config memory
04-23 10:11:06.790 I/hwcomposer(  110): IMG_hwcdev_pipe_assign_status_t hwcdev_try_to_assign_pipe(SUNXI_hwcdev_context_t*, SUNXI_hwcdev_pipe_t*, hwc_layer_1_t*, int, int): We use not config memory
04-23 10:11:06.790 I/hwcomposer(  110): IMG_hwcdev_pipe_assign_status_t hwcdev_try_to_assign_pipe(SUNXI_hwcdev_context_t*, SUNXI_hwcdev_pipe_t*, hwc_layer_1_t*, int, int): We use not config memory
04-23 10:11:06.810 I/hwcomposer(  110): IMG_hwcdev_pipe_assign_status_t hwcdev_try_to_assign_pipe(SUNXI_hwcdev_context_t*, SUNXI_hwcdev_pipe_t*, hwc_layer_1_t*, int, int): We use not config memory
04-23 10:11:06.810 I/hwcomposer(  110): IMG_hwcdev_pipe_assign_status_t hwcdev_try_to_assign_pipe(SUNXI_hwcdev_context_t*, SUNXI_hwcdev_pipe_t*, hwc_layer_1_t*, int, int): We use not config memory
04-23 10:11:06.830 I/hwcomposer(  110): IMG_hwcdev_pipe_assign_status_t hwcdev_try_to_assign_pipe(SUNXI_hwcdev_context_t*, SUNXI_hwcdev_pipe_t*, hwc_layer_1_t*, int, int): We use not config memory
04-23 10:11:06.830 I/hwcomposer(  110): IMG_hwcdev_pipe_assign_status_t hwcdev_try_to_assign_pipe(SUNXI_hwcdev_context_t*, SUNXI_hwcdev_pipe_t*, hwc_layer_1_t*, int, int): We use not config memory
04-23 10:11:06.840 I/hwcomposer(  110): IMG_hwcdev_pipe_assign_status_t hwcdev_try_to_assign_pipe(SUNXI_hwcdev_context_t*, SUNXI_hwcdev_pipe_t*, hwc_layer_1_t*, int, int): We use not config memory
04-23 10:11:06.840 I/hwcomposer(  110): IMG_hwcdev_pipe_assign_status_t hwcdev_try_to_assign_pipe(SUNXI_hwcdev_context_t*, SUNXI_hwcdev_pipe_t*, hwc_layer_1_t*, int, int): We use not config memory
04-23 10:11:06.860 I/hwcomposer(  110): IMG_hwcdev_pipe_assign_status_t hwcdev_try_to_assign_pipe(SUNXI_hwcdev_context_t*, SUNXI_hwcdev_pipe_t*, hwc_layer_1_t*, int, int): We use not config memory
04-23 10:11:06.860 I/hwcomposer(  110): IMG_hwcdev_pipe_assign_status_t hwcdev_try_to_assign_pipe(SUNXI_hwcdev_context_t*, SUNXI_hwcdev_pipe_t*, hwc_layer_1_t*, int, int): We use not config memory
04-23 10:11:06.870 I/hwcomposer(  110): IMG_hwcdev_pipe_assign_status_t hwcdev_try_to_assign_pipe(SUNXI_hwcdev_context_t*, SUNXI_hwcdev_pipe_t*, hwc_layer_1_t*, int, int): We use not config memory
04-23 10:11:06.870 I/hwcomposer(  110): IMG_hwcdev_pipe_assign_status_t hwcdev_try_to_assign_pipe(SUNXI_hwcdev_context_t*, SUNXI_hwcdev_pipe_t*, hwc_layer_1_t*, int, int): We use not config memory
04-23 10:11:06.890 I/hwcomposer(  110): IMG_hwcdev_pipe_assign_status_t hwcdev_try_to_assign_pipe(SUNXI_hwcdev_context_t*, SUNXI_hwcdev_pipe_t*, hwc_layer_1_t*, int, int): We use not config memory
04-23 10:11:06.890 I/hwcomposer(  110): IMG_hwcdev_pipe_assign_status_t hwcdev_try_to_assign_pipe(SUNXI_hwcdev_context_t*, SUNXI_hwcdev_pipe_t*, hwc_layer_1_t*, int, int): We use not config memory
04-23 10:11:06.910 I/hwcomposer(  110): IMG_hwcdev_pipe_assign_status_t hwcdev_try_to_assign_pipe(SUNXI_hwcdev_context_t*, SUNXI_hwcdev_pipe_t*, hwc_layer_1_t*, int, int): We use not config memory
04-23 10:11:06.910 I/hwcomposer(  110): IMG_hwcdev_pipe_assign_status_t hwcdev_try_to_assign_pipe(SUNXI_hwcdev_context_t*, SUNXI_hwcdev_pipe_t*, hwc_layer_1_t*, int, int): We use not config memory
04-23 10:11:06.920 I/hwcomposer(  110): IMG_hwcdev_pipe_assign_status_t hwcdev_try_to_assign_pipe(SUNXI_hwcdev_context_t*, SUNXI_hwcdev_pipe_t*, hwc_layer_1_t*, int, int): We use not config memory
04-23 10:11:06.920 I/hwcomposer(  110): IMG_hwcdev_pipe_assign_status_t hwcdev_try_to_assign_pipe(SUNXI_hwcdev_context_t*, SUNXI_hwcdev_pipe_t*, hwc_layer_1_t*, int, int): We use not config memory
04-23 10:11:06.940 I/hwcomposer(  110): IMG_hwcdev_pipe_assign_status_t hwcdev_try_to_assign_pipe(SUNXI_hwcdev_context_t*, SUNXI_hwcdev_pipe_t*, hwc_layer_1_t*, int, int): We use not config memory
04-23 10:11:06.940 I/hwcomposer(  110): IMG_hwcdev_pipe_assign_status_t hwcdev_try_to_assign_pipe(SUNXI_hwcdev_context_t*, SUNXI_hwcdev_pipe_t*, hwc_layer_1_t*, int, int): We use not config memory
04-23 10:11:06.960 I/hwcomposer(  110): IMG_hwcdev_pipe_assign_status_t hwcdev_try_to_assign_pipe(SUNXI_hwcdev_context_t*, SUNXI_hwcdev_pipe_t*, hwc_layer_1_t*, int, int): We use not config memory
04-23 10:11:06.960 I/hwcomposer(  110): IMG_hwcdev_pipe_assign_status_t hwcdev_try_to_assign_pipe(SUNXI_hwcdev_context_t*, SUNXI_hwcdev_pipe_t*, hwc_layer_1_t*, int, int): We use not config memory
04-23 10:11:07.080 D/audio_hw_primary(  113): out_standby
04-23 10:11:37.580 D/dalvikvm(  431): GC_FOR_ALLOC freed 1044K, 14% free 8968K/10348K, paused 63ms, total 65ms
04-23 10:11:37.640 D/dalvikvm(  431): GC_CONCURRENT freed 56K, 14% free 8938K/10348K, paused 3ms+5ms, total 59ms
04-23 10:12:06.170 D/PowerManagerService(  431): mHoldBootFastWakeLock = true
04-23 10:12:56.930 D/UIAutomatorStub( 2789): URI: /jsonrpc/0, Method: POST, Header: {content-type=application/json, connection=close, remote-addr=127.0.0.1, host=localhost:9008, content-length=324, http-client-ip=127.0.0.1, user-agent=Python-urllib/2.7, accept-encoding=identity}, params, {{"params": ["fail", [{"childOrSiblingSelector": [], "text": "Unfortunately, AnTuTu Benchmark has stopped.", "mask": 1, "childOrSibling": []}], {"childOrSiblingSelector": [], "text": "ok", "mask": 1, "childOrSibling": []}], "jsonrpc": "2.0", "method": "registerClickUiObjectWatcher", "id": "6fc7dcd04ae0ae0a9cee92926c3e4ebe"}=, NanoHttpd.QUERY_STRING={"params": ["fail", [{"childOrSiblingSelector": [], "text": "Unfortunately, AnTuTu Benchmark has stopped.", "mask": 1, "childOrSibling": []}], {"childOrSiblingSelector": [], "text": "ok", "mask": 1, "childOrSibling": []}], "jsonrpc": "2.0", "method": "registerClickUiObjectWatcher", "id": "6fc7dcd04ae0ae0a9cee92926c3e4ebe"}}, files: {}
04-23 10:12:56.960 D/dalvikvm( 2789): GC_CONCURRENT freed 405K, 76% free 1264K/5084K, paused 2ms+1ms, total 21ms
04-23 10:12:56.990 D/UIAutomatorStub( 2789): URI: /jsonrpc/0, Method: POST, Header: {content-type=application/json, connection=close, remote-addr=127.0.0.1, host=localhost:9008, content-length=80, http-client-ip=127.0.0.1, user-agent=Python-urllib/2.7, accept-encoding=identity}, params, {NanoHttpd.QUERY_STRING={"jsonrpc": "2.0", "method": "wakeUp", "id": "f229561cfb7aedd74c2754761a8294bd"}, {"jsonrpc": "2.0", "method": "wakeUp", "id": "f229561cfb7aedd74c2754761a8294bd"}=}, files: {}
04-23 10:12:57.010 D/UIAutomatorStub( 2789): URI: /jsonrpc/0, Method: POST, Header: {content-type=application/json, connection=close, remote-addr=127.0.0.1, host=localhost:9008, content-length=102, http-client-ip=127.0.0.1, user-agent=Python-urllib/2.7, accept-encoding=identity}, params, {NanoHttpd.QUERY_STRING={"params": ["home"], "jsonrpc": "2.0", "method": "pressKey", "id": "bd2d9d421c5124f6c75ddf11c659028e"}, {"params": ["home"], "jsonrpc": "2.0", "method": "pressKey", "id": "bd2d9d421c5124f6c75ddf11c659028e"}=}, files: {}
04-23 10:12:57.020 I/ActivityManager(  431): START u0 {act=android.intent.action.MAIN cat=[android.intent.category.HOME] flg=0x10200000 cmp=com.android.launcher/com.android.launcher2.Launcher} from pid 431
04-23 10:12:57.060 D/UIAutomatorStub( 2789): URI: /jsonrpc/0, Method: POST, Header: {content-type=application/json, connection=close, remote-addr=127.0.0.1, host=localhost:9008, content-length=102, http-client-ip=127.0.0.1, user-agent=Python-urllib/2.7, accept-encoding=identity}, params, {{"params": ["home"], "jsonrpc": "2.0", "method": "pressKey", "id": "b7444795b19ae37dba698d359d5ebea3"}=, NanoHttpd.QUERY_STRING={"params": ["home"], "jsonrpc": "2.0", "method": "pressKey", "id": "b7444795b19ae37dba698d359d5ebea3"}}, files: {}
04-23 10:12:57.700 I/ActivityManager(  431): START u0 {act=android.intent.action.MAIN cat=[android.intent.category.HOME] flg=0x10200000 cmp=com.android.launcher/com.android.launcher2.Launcher} from pid 431
04-23 10:12:58.700 W/InteractionController( 2789): runAndwaitForEvent timedout waiting for events
04-23 10:12:58.730 D/dalvikvm( 2789): GC_CONCURRENT freed 425K, 75% free 1300K/5084K, paused 2ms+7ms, total 23ms
04-23 10:12:58.730 D/UIAutomatorStub( 2789): URI: /jsonrpc/0, Method: POST, Header: {content-type=application/json, connection=close, remote-addr=127.0.0.1, host=localhost:9008, content-length=104, http-client-ip=127.0.0.1, user-agent=Python-urllib/2.7, accept-encoding=identity}, params, {{"params": ["recent"], "jsonrpc": "2.0", "method": "pressKey", "id": "d98ea47006f930b465624239f2d7911c"}=, NanoHttpd.QUERY_STRING={"params": ["recent"], "jsonrpc": "2.0", "method": "pressKey", "id": "d98ea47006f930b465624239f2d7911c"}}, files: {}
04-23 10:12:58.800 I/ActivityManager(  431): START u0 {act=com.android.systemui.recent.action.TOGGLE_RECENTS flg=0x10800000 cmp=com.android.systemui/.recent.RecentsActivity} from pid 491
04-23 10:12:59.000 D/gralloc (  110): ION_HEAP_CARVEOUT_MASK alloc
04-23 10:12:59.010 D/gralloc (  110): ION_HEAP_CARVEOUT_MASK alloc
04-23 10:12:59.110 I/ActivityManager(  431): Displayed com.android.systemui/.recent.RecentsActivity: +286ms
04-23 10:12:59.420 I/qtaguid (  431): Failed write_ctrl(s 0 10011) res=-1 errno=1
04-23 10:12:59.420 W/NetworkManagementSocketTagger(  431): setKernelCountSet(10011, 0) failed with errno -1
04-23 10:12:59.810 D/UIAutomatorStub( 2789): URI: /jsonrpc/0, Method: POST, Header: {content-type=application/json, connection=close, remote-addr=127.0.0.1, host=localhost:9008, content-length=192, http-client-ip=127.0.0.1, user-agent=Python-urllib/2.7, accept-encoding=identity}, params, {NanoHttpd.QUERY_STRING={"params": [{"childOrSiblingSelector": [], "mask": 64, "description": "AnTuTu Benchmark", "childOrSibling": []}], "jsonrpc": "2.0", "method": "exist", "id": "657a04acbe3b870a7a26ab9fd03d3625"}, {"params": [{"childOrSiblingSelector": [], "mask": 64, "description": "AnTuTu Benchmark", "childOrSibling": []}], "jsonrpc": "2.0", "method": "exist", "id": "657a04acbe3b870a7a26ab9fd03d3625"}=}, files: {}
