04-23 11:30:59.680 I/ActivityManager(  431): Start proc com.quicinc.vellamo for service com.quicinc.vellamo/.service.BenchmarkService: pid=11393 uid=10079 gids={50079, 3003, 1028, 1015, 3002, 3001}
04-23 11:30:59.740 I/ActivityManager(  431): Killing 11393:com.quicinc.vellamo/u0a79 (adj 9): cached #2
04-23 11:30:59.750 W/ActivityManager(  431): Scheduling restart of crashed service com.quicinc.vellamo/.service.BenchmarkService in 20000ms
04-23 11:31:06.170 D/PowerManagerService(  431): mHoldBootFastWakeLock = true
04-23 11:31:19.770 I/ActivityManager(  431): Start proc com.quicinc.vellamo for service com.quicinc.vellamo/.service.BenchmarkService: pid=11411 uid=10079 gids={50079, 3003, 1028, 1015, 3002, 3001}
04-23 11:31:19.800 I/ActivityManager(  431): Killing 11411:com.quicinc.vellamo/u0a79 (adj 9): cached #2
04-23 11:31:19.810 W/ActivityManager(  431): Scheduling restart of crashed service com.quicinc.vellamo/.service.BenchmarkService in 80000ms
04-23 11:32:06.170 D/PowerManagerService(  431): mHoldBootFastWakeLock = true
04-23 11:32:39.820 I/ActivityManager(  431): Start proc com.quicinc.vellamo for service com.quicinc.vellamo/.service.BenchmarkService: pid=11490 uid=10079 gids={50079, 3003, 1028, 1015, 3002, 3001}
04-23 11:32:39.850 I/ActivityManager(  431): Killing 11490:com.quicinc.vellamo/u0a79 (adj 9): cached #2
04-23 11:32:39.860 W/ActivityManager(  431): Scheduling restart of crashed service com.quicinc.vellamo/.service.BenchmarkService in 320000ms
04-23 11:33:37.260 I/PowerManagerService(  431): Going to sleep due to screen timeout...
04-23 11:33:37.710 I/WindowManager(  431): Screenshot Window{41dea1b8 u0 com.antutu.ABenchMark/com.antutu.benchmark.activity.MainActivity} was monochrome(ff000000)! mSurfaceLayer=21025 minLayer=21000 maxLayer=21025
04-23 11:33:37.730 W/InputMethodManagerService(  431): Got RemoteException sending setActive(false) notification to pid 11367 uid 10076
04-23 11:33:46.640 D/PowerManagerService(  431): mHoldBootFastWakeLock = true
04-23 11:33:57.460 D/ConnectivityService(  431): handleInetConditionChange: no active default network - ignore
04-23 11:34:16.700 D/PowerManagerService(  431): mHoldBootFastWakeLock = true
04-23 11:34:40.040 I/PowerManagerService(  431): Waking up from sleep...
04-23 11:34:40.060 I/WindowManager(  431): No lock screen! windowToken=null
04-23 11:34:40.130 W/InputMethodManagerService(  431): Got RemoteException sending setActive(false) notification to pid 11367 uid 10076
04-23 11:34:40.580 I/ActivityManager(  431): START u0 {act=android.intent.action.MAIN cat=[android.intent.category.HOME] flg=0x10200000 cmp=com.android.launcher/com.android.launcher2.Launcher} from pid 431
04-23 11:34:41.620 I/ActivityManager(  431): START u0 {act=android.intent.action.MAIN cat=[android.intent.category.HOME] flg=0x10200000 cmp=com.android.launcher/com.android.launcher2.Launcher} from pid 431
04-23 11:34:42.660 I/ActivityManager(  431): START u0 {act=com.android.systemui.recent.action.TOGGLE_RECENTS flg=0x10800000 cmp=com.android.systemui/.recent.RecentsActivity} from pid 491
04-23 11:34:45.110 W/InputMethodManagerService(  431): Got RemoteException sending setActive(false) notification to pid 11367 uid 10076
04-23 11:34:46.760 D/PowerManagerService(  431): mHoldBootFastWakeLock = true
04-23 11:34:55.070 I/ActivityManager(  431): START u0 {act=android.intent.action.MAIN cat=[android.intent.category.HOME] flg=0x10200000 cmp=com.android.launcher/com.android.launcher2.Launcher} from pid 431
04-23 11:34:55.320 W/InputMethodManagerService(  431): Starting input on non-focused client com.android.internal.view.IInputMethodClient$Stub$Proxy@41c343c0 (uid=10010 pid=491)
04-23 11:34:58.300 I/ActivityManager(  431): START u0 {act=android.intent.action.MAIN cat=[android.intent.category.LAUNCHER] flg=0x10200000 cmp=com.antutu.ABenchMark/.ABenchMarkStart} from pid 9782
04-23 11:34:58.470 W/InputMethodManagerService(  431): Starting input on non-focused client com.android.internal.view.IInputMethodClient$Stub$Proxy@41de7738 (uid=10011 pid=9782)
04-23 11:35:03.870 I/ActivityManager(  431): START u0 {flg=0x4000000 cmp=com.antutu.ABenchMark/com.antutu.benchmark.activity.IndependentActivity (has extras)} from pid 10847
04-23 11:35:05.840 I/ActivityManager(  431): START u0 {flg=0x14000000 cmp=com.antutu.ABenchMark/com.antutu.benchmark.activity.ScoreBenchActivity (has extras)} from pid 10847
04-23 11:35:06.170 D/PowerManagerService(  431): mHoldBootFastWakeLock = true
04-23 11:36:06.170 D/PowerManagerService(  431): mHoldBootFastWakeLock = true
04-23 11:37:06.170 D/PowerManagerService(  431): mHoldBootFastWakeLock = true
04-23 11:37:21.910 I/ActivityManager(  431): START u0 {flg=0x14000000 cmp=com.antutu.ABenchMark/com.antutu.benchmark.test2d.SpriteTestActivity} from pid 10847
04-23 11:37:32.230 I/ActivityManager(  431): START u0 {flg=0x14000000 cmp=com.antutu.ABenchMark/com.antutu.benchmark.test2d.ParticleTestActivity} from pid 10847
04-23 11:37:47.580 I/ActivityManager(  431): START u0 {flg=0x14000000 cmp=com.antutu.ABenchMark/.Test3D.OgreActivity} from pid 10847
04-23 11:37:47.690 I/WindowManager(  431): Screenshot Window{41d39548 u0 com.antutu.ABenchMark/com.antutu.benchmark.activity.ScoreBenchActivity} was monochrome(ff000000)! mSurfaceLayer=21025 minLayer=21000 maxLayer=21025
04-23 11:37:47.710 I/ActivityManager(  431): Start proc com.antutu.ABenchMark:remote for activity com.antutu.ABenchMark/.Test3D.OgreActivity: pid=11913 uid=10076 gids={50076, 3003, 1028, 1015}
04-23 11:37:57.310 I/ActivityManager(  431): Process com.android.vending (pid 9642) has died.
04-23 11:37:57.320 W/ActivityManager(  431): Scheduling restart of crashed service com.android.vending/com.google.android.finsky.services.ContentSyncService in 12538ms
04-23 11:37:57.330 I/ActivityManager(  431): Process com.android.inputmethod.latin (pid 8583) has died.
04-23 11:37:57.330 W/ActivityManager(  431): Scheduling restart of crashed service com.android.inputmethod.latin/.LatinIME in 12527ms
04-23 11:37:57.350 W/InputMethodManagerService(  431): Session failed to close due to remote exception
04-23 11:37:57.350 W/InputMethodManagerService(  431): android.os.DeadObjectException
04-23 11:37:57.350 W/InputMethodManagerService(  431): 	at android.os.BinderProxy.transact(Native Method)
04-23 11:37:57.350 W/InputMethodManagerService(  431): 	at com.android.internal.view.IInputMethodSession$Stub$Proxy.finishSession(IInputMethodSession.java:292)
04-23 11:37:57.350 W/InputMethodManagerService(  431): 	at com.android.server.InputMethodManagerService.finishSessionLocked(InputMethodManagerService.java:1359)
04-23 11:37:57.350 W/InputMethodManagerService(  431): 	at com.android.server.InputMethodManagerService.clearClientSessionLocked(InputMethodManagerService.java:1350)
04-23 11:37:57.350 W/InputMethodManagerService(  431): 	at com.android.server.InputMethodManagerService.clearCurMethodLocked(InputMethodManagerService.java:1376)
04-23 11:37:57.350 W/InputMethodManagerService(  431): 	at com.android.server.InputMethodManagerService.onServiceDisconnected(InputMethodManagerService.java:1395)
04-23 11:37:57.350 W/InputMethodManagerService(  431): 	at android.app.LoadedApk$ServiceDispatcher.doDeath(LoadedApk.java:1120)
04-23 11:37:57.350 W/InputMethodManagerService(  431): 	at android.app.LoadedApk$ServiceDispatcher$RunConnection.run(LoadedApk.java:1134)
04-23 11:37:57.350 W/InputMethodManagerService(  431): 	at android.os.Handler.handleCallback(Handler.java:733)
04-23 11:37:57.350 W/InputMethodManagerService(  431): 	at android.os.Handler.dispatchMessage(Handler.java:95)
04-23 11:37:57.350 W/InputMethodManagerService(  431): 	at android.os.Looper.loop(Looper.java:137)
04-23 11:37:57.350 W/InputMethodManagerService(  431): 	at com.android.server.ServerThread.initAndLoop(SystemServer.java:1092)
04-23 11:37:57.350 W/InputMethodManagerService(  431): 	at com.android.server.SystemServer.main(SystemServer.java:1178)
04-23 11:37:57.350 W/InputMethodManagerService(  431): 	at java.lang.reflect.Method.invokeNative(Native Method)
04-23 11:37:57.350 W/InputMethodManagerService(  431): 	at java.lang.reflect.Method.invoke(Method.java:515)
04-23 11:37:57.350 W/InputMethodManagerService(  431): 	at com.android.internal.os.ZygoteInit$MethodAndArgsCaller.run(ZygoteInit.java:777)
04-23 11:37:57.350 W/InputMethodManagerService(  431): 	at com.android.internal.os.ZygoteInit.main(ZygoteInit.java:593)
04-23 11:37:57.350 W/InputMethodManagerService(  431): 	at dalvik.system.NativeStart.main(Native Method)
04-23 11:37:57.350 I/ActivityManager(  431): Process com.android.deskclock (pid 11250) has died.
04-23 11:37:57.360 W/InputMethodManagerService(  431): Session failed to close due to remote exception
04-23 11:37:57.360 W/InputMethodManagerService(  431): android.os.DeadObjectException
04-23 11:37:57.360 W/InputMethodManagerService(  431): 	at android.os.BinderProxy.transact(Native Method)
04-23 11:37:57.360 W/InputMethodManagerService(  431): 	at com.android.internal.view.IInputMethodSession$Stub$Proxy.finishSession(IInputMethodSession.java:292)
04-23 11:37:57.360 W/InputMethodManagerService(  431): 	at com.android.server.InputMethodManagerService.finishSessionLocked(InputMethodManagerService.java:1359)
04-23 11:37:57.360 W/InputMethodManagerService(  431): 	at com.android.server.InputMethodManagerService.clearClientSessionLocked(InputMethodManagerService.java:1350)
04-23 11:37:57.360 W/InputMethodManagerService(  431): 	at com.android.server.InputMethodManagerService.clearCurMethodLocked(InputMethodManagerService.java:1376)
04-23 11:37:57.360 W/InputMethodManagerService(  431): 	at com.android.server.InputMethodManagerService.onServiceDisconnected(InputMethodManagerService.java:1395)
04-23 11:37:57.360 W/InputMethodManagerService(  431): 	at android.app.LoadedApk$ServiceDispatcher.doDeath(LoadedApk.java:1120)
04-23 11:37:57.360 W/InputMethodManagerService(  431): 	at android.app.LoadedApk$ServiceDispatcher$RunConnection.run(LoadedApk.java:1134)
04-23 11:37:57.360 W/InputMethodManagerService(  431): 	at android.os.Handler.handleCallback(Handler.java:733)
04-23 11:37:57.360 W/InputMethodManagerService(  431): 	at android.os.Handler.dispatchMessage(Handler.java:95)
04-23 11:37:57.360 W/InputMethodManagerService(  431): 	at android.os.Looper.loop(Looper.java:137)
04-23 11:37:57.360 W/InputMethodManagerService(  431): 	at com.android.server.ServerThread.initAndLoop(SystemServer.java:1092)
04-23 11:37:57.360 W/InputMethodManagerService(  431): 	at com.android.server.SystemServer.main(SystemServer.java:1178)
04-23 11:37:57.360 W/InputMethodManagerService(  431): 	at java.lang.reflect.Method.invokeNative(Native Method)
04-23 11:37:57.360 W/InputMethodManagerService(  431): 	at java.lang.reflect.Method.invoke(Method.java:515)
04-23 11:37:57.360 W/InputMethodManagerService(  431): 	at com.android.internal.os.ZygoteInit$MethodAndArgsCaller.run(ZygoteInit.java:777)
04-23 11:37:57.360 W/InputMethodManagerService(  431): 	at com.android.internal.os.ZygoteInit.main(ZygoteInit.java:593)
04-23 11:37:57.360 W/InputMethodManagerService(  431): 	at dalvik.system.NativeStart.main(Native Method)
04-23 11:37:57.360 W/InputMethodManagerService(  431): Session failed to close due to remote exception
04-23 11:37:57.360 W/InputMethodManagerService(  431): android.os.DeadObjectException
04-23 11:37:57.360 W/InputMethodManagerService(  431): 	at android.os.BinderProxy.transact(Native Method)
04-23 11:37:57.360 W/InputMethodManagerService(  431): 	at com.android.internal.view.IInputMethodSession$Stub$Proxy.finishSession(IInputMethodSession.java:292)
04-23 11:37:57.360 W/InputMethodManagerService(  431): 	at com.android.server.InputMethodManagerService.finishSessionLocked(InputMethodManagerService.java:1359)
04-23 11:37:57.360 W/InputMethodManagerService(  431): 	at com.android.server.InputMethodManagerService.clearClientSessionLocked(InputMethodManagerService.java:1350)
04-23 11:37:57.360 W/InputMethodManagerService(  431): 	at com.android.server.InputMethodManagerService.clearCurMethodLocked(InputMethodManagerService.java:1376)
04-23 11:37:57.360 W/InputMethodManagerService(  431): 	at com.android.server.InputMethodManagerService.onServiceDisconnected(InputMethodManagerService.java:1395)
04-23 11:37:57.360 W/InputMethodManagerService(  431): 	at android.app.LoadedApk$ServiceDispatcher.doDeath(LoadedApk.java:1120)
04-23 11:37:57.360 W/InputMethodManagerService(  431): 	at android.app.LoadedApk$ServiceDispatcher$RunConnection.run(LoadedApk.java:1134)
04-23 11:37:57.360 W/InputMethodManagerService(  431): 	at android.os.Handler.handleCallback(Handler.java:733)
04-23 11:37:57.360 W/InputMethodManagerService(  431): 	at android.os.Handler.dispatchMessage(Handler.java:95)
04-23 11:37:57.360 W/InputMethodManagerService(  431): 	at android.os.Looper.loop(Looper.java:137)
04-23 11:37:57.360 W/InputMethodManagerService(  431): 	at com.android.server.ServerThread.initAndLoop(SystemServer.java:1092)
04-23 11:37:57.360 W/InputMethodManagerService(  431): 	at com.android.server.SystemServer.main(SystemServer.java:1178)
04-23 11:37:57.360 W/InputMethodManagerService(  431): 	at java.lang.reflect.Method.invokeNative(Native Method)
04-23 11:37:57.360 W/InputMethodManagerService(  431): 	at java.lang.reflect.Method.invoke(Method.java:515)
04-23 11:37:57.360 W/InputMethodManagerService(  431): 	at com.android.internal.os.ZygoteInit$MethodAndArgsCaller.run(ZygoteInit.java:777)
04-23 11:37:57.360 W/InputMethodManagerService(  431): 	at com.android.internal.os.ZygoteInit.main(ZygoteInit.java:593)
04-23 11:37:57.360 W/InputMethodManagerService(  431): 	at dalvik.system.NativeStart.main(Native Method)
04-23 11:37:57.380 W/InputMethodManagerService(  431): Session failed to close due to remote exception
04-23 11:37:57.380 W/InputMethodManagerService(  431): android.os.DeadObjectException
04-23 11:37:57.380 W/InputMethodManagerService(  431): 	at android.os.BinderProxy.transact(Native Method)
04-23 11:37:57.380 W/InputMethodManagerService(  431): 	at com.android.internal.view.IInputMethodSession$Stub$Proxy.finishSession(IInputMethodSession.java:292)
04-23 11:37:57.380 W/InputMethodManagerService(  431): 	at com.android.server.InputMethodManagerService.finishSessionLocked(InputMethodManagerService.java:1359)
04-23 11:37:57.380 W/InputMethodManagerService(  431): 	at com.android.server.InputMethodManagerService.clearClientSessionLocked(InputMethodManagerService.java:1350)
04-23 11:37:57.380 W/InputMethodManagerService(  431): 	at com.android.server.InputMethodManagerService.clearCurMethodLocked(InputMethodManagerService.java:1376)
04-23 11:37:57.380 W/InputMethodManagerService(  431): 	at com.android.server.InputMethodManagerService.onServiceDisconnected(InputMethodManagerService.java:1395)
04-23 11:37:57.380 W/InputMethodManagerService(  431): 	at android.app.LoadedApk$ServiceDispatcher.doDeath(LoadedApk.java:1120)
04-23 11:37:57.380 W/InputMethodManagerService(  431): 	at android.app.LoadedApk$ServiceDispatcher$RunConnection.run(LoadedApk.java:1134)
04-23 11:37:57.380 W/InputMethodManagerService(  431): 	at android.os.Handler.handleCallback(Handler.java:733)
04-23 11:37:57.380 W/InputMethodManagerService(  431): 	at android.os.Handler.dispatchMessage(Handler.java:95)
04-23 11:37:57.380 W/InputMethodManagerService(  431): 	at android.os.Looper.loop(Looper.java:137)
04-23 11:37:57.380 W/InputMethodManagerService(  431): 	at com.android.server.ServerThread.initAndLoop(SystemServer.java:1092)
04-23 11:37:57.380 W/InputMethodManagerService(  431): 	at com.android.server.SystemServer.main(SystemServer.java:1178)
04-23 11:37:57.380 W/InputMethodManagerService(  431): 	at java.lang.reflect.Method.invokeNative(Native Method)
04-23 11:37:57.380 W/InputMethodManagerService(  431): 	at java.lang.reflect.Method.invoke(Method.java:515)
04-23 11:37:57.380 W/InputMethodManagerService(  431): 	at com.android.internal.os.ZygoteInit$MethodAndArgsCaller.run(ZygoteInit.java:777)
04-23 11:37:57.380 W/InputMethodManagerService(  431): 	at com.android.internal.os.ZygoteInit.main(ZygoteInit.java:593)
04-23 11:37:57.380 W/InputMethodManagerService(  431): 	at dalvik.system.NativeStart.main(Native Method)
04-23 11:37:57.450 W/InputMethodManagerService(  431): Session failed to close due to remote exception
04-23 11:37:57.450 W/InputMethodManagerService(  431): android.os.DeadObjectException
04-23 11:37:57.450 W/InputMethodManagerService(  431): 	at android.os.BinderProxy.transact(Native Method)
04-23 11:37:57.450 W/InputMethodManagerService(  431): 	at com.android.internal.view.IInputMethodSession$Stub$Proxy.finishSession(IInputMethodSession.java:292)
04-23 11:37:57.450 W/InputMethodManagerService(  431): 	at com.android.server.InputMethodManagerService.finishSessionLocked(InputMethodManagerService.java:1359)
04-23 11:37:57.450 W/InputMethodManagerService(  431): 	at com.android.server.InputMethodManagerService.clearClientSessionLocked(InputMethodManagerService.java:1350)
04-23 11:37:57.450 W/InputMethodManagerService(  431): 	at com.android.server.InputMethodManagerService.clearCurMethodLocked(InputMethodManagerService.java:1376)
04-23 11:37:57.450 W/InputMethodManagerService(  431): 	at com.android.server.InputMethodManagerService.onServiceDisconnected(InputMethodManagerService.java:1395)
04-23 11:37:57.450 W/InputMethodManagerService(  431): 	at android.app.LoadedApk$ServiceDispatcher.doDeath(LoadedApk.java:1120)
04-23 11:37:57.450 W/InputMethodManagerService(  431): 	at android.app.LoadedApk$ServiceDispatcher$RunConnection.run(LoadedApk.java:1134)
04-23 11:37:57.450 W/InputMethodManagerService(  431): 	at android.os.Handler.handleCallback(Handler.java:733)
04-23 11:37:57.450 W/InputMethodManagerService(  431): 	at android.os.Handler.dispatchMessage(Handler.java:95)
04-23 11:37:57.450 W/InputMethodManagerService(  431): 	at android.os.Looper.loop(Looper.java:137)
04-23 11:37:57.450 W/InputMethodManagerService(  431): 	at com.android.server.ServerThread.initAndLoop(SystemServer.java:1092)
04-23 11:37:57.450 W/InputMethodManagerService(  431): 	at com.android.server.SystemServer.main(SystemServer.java:1178)
04-23 11:37:57.450 W/InputMethodManagerService(  431): 	at java.lang.reflect.Method.invokeNative(Native Method)
04-23 11:37:57.450 W/InputMethodManagerService(  431): 	at java.lang.reflect.Method.invoke(Method.java:515)
04-23 11:37:57.450 W/InputMethodManagerService(  431): 	at com.android.internal.os.ZygoteInit$MethodAndArgsCaller.run(ZygoteInit.java:777)
04-23 11:37:57.450 W/InputMethodManagerService(  431): 	at com.android.internal.os.ZygoteInit.main(ZygoteInit.java:593)
04-23 11:37:57.450 W/InputMethodManagerService(  431): 	at dalvik.system.NativeStart.main(Native Method)
04-23 11:37:57.520 I/ActivityManager(  431): Process com.android.smspush (pid 6269) has died.
04-23 11:37:57.520 W/ActivityManager(  431): Scheduling restart of crashed service com.android.smspush/.WapPushManager in 22344ms
04-23 11:37:57.530 I/ActivityManager(  431): Process com.softwinner.baseservice:baseservice (pid 9703) has died.
04-23 11:37:57.530 W/ActivityManager(  431): Scheduling restart of crashed service com.softwinner.baseservice/com.softwinner.service.SoftWinnerService in 32327ms
04-23 11:37:57.540 I/ActivityManager(  431): Process com.google.process.location (pid 8656) has died.
04-23 11:37:57.540 W/ActivityManager(  431): Scheduling restart of crashed service com.google.android.gms/com.google.android.location.internal.GoogleLocationManagerService in 42324ms
04-23 11:37:57.540 W/ActivityManager(  431): Scheduling restart of crashed service com.google.android.gms/com.google.android.location.fused.FusedLocationService in 52323ms
04-23 11:37:57.540 W/ActivityManager(  431): Scheduling restart of crashed service com.google.android.gms/com.google.android.location.geocode.GeocodeService in 62320ms
04-23 11:37:57.540 W/ActivityManager(  431): Scheduling restart of crashed service com.google.android.gms/com.google.android.location.fused.NlpLocationReceiverService in 72319ms
04-23 11:37:57.540 W/ActivityManager(  431): Scheduling restart of crashed service com.google.android.gms/com.google.android.location.geofencer.service.GeofenceProviderService in 82318ms
04-23 11:37:57.540 W/ActivityManager(  431): Scheduling restart of crashed service com.google.android.gms/com.google.android.location.network.NetworkLocationService in 92316ms
04-23 11:37:57.550 W/ActivityManager(  431): Scheduling restart of crashed service com.google.android.gms/com.google.android.location.internal.server.GoogleLocationService in 102315ms
04-23 11:37:57.560 I/WindowState(  431): WIN DEATH: Window{41e06b20 u0 com.quicinc.vellamo/com.quicinc.vellamo.benchmarks.BenchmarksActivity}
04-23 11:37:57.560 I/ActivityManager(  431): Process com.quicinc.vellamo:benchmarks (pid 9389) has died.
04-23 11:37:57.570 W/ActivityManager(  431): Launch timeout has expired, giving up wake lock!
04-23 11:37:57.650 I/ActivityManager(  431): Process com.android.launcher (pid 9782) has died.
04-23 11:37:57.650 I/WindowState(  431): WIN DEATH: Window{41d4fe78 u0 com.android.launcher/com.android.launcher2.Launcher}
04-23 11:37:57.670 I/ActivityManager(  431): Process com.google.process.gapps (pid 8704) has died.
04-23 11:37:57.680 W/ActivityManager(  431): Scheduling restart of crashed service com.google.android.gms/.gcm.GcmService in 112185ms
04-23 11:37:57.680 I/ActivityManager(  431): Process com.kugou.android.support (pid 10640) has died.
04-23 11:37:57.680 W/ActivityManager(  431): Scheduling restart of crashed service com.kugou.android/com.kugou.framework.service.KugouBackgroundService in 122178ms
04-23 11:37:57.680 W/ActivityManager(  431): Scheduling restart of crashed service com.kugou.android/com.kugou.framework.service.KugouPlaybackService in 132177ms
04-23 11:37:57.700 I/ActivityManager(  431): Process com.antutu.ABenchMark (pid 10847) has died.
04-23 11:37:57.700 I/WindowState(  431): WIN DEATH: Window{41dc9bb0 u0 com.antutu.ABenchMark/com.antutu.benchmark.activity.MainActivity}
04-23 11:37:57.710 W/ActivityManager(  431): Scheduling restart of crashed service com.antutu.ABenchMark/com.antutu.benchmark.BenchmarkService in 142155ms
04-23 11:37:57.740 I/WindowState(  431): WIN DEATH: Window{41d39548 u0 com.antutu.ABenchMark/com.antutu.benchmark.activity.ScoreBenchActivity}
04-23 11:37:58.090 I/ActivityManager(  431): Low on memory:
04-23 11:37:58.090 I/ActivityManager(  431):   ntv   N    13400 kB: uiautomator (2789) native
04-23 11:37:58.090 I/ActivityManager(  431):   ntv   N    12293 kB: zygote (111) native
04-23 11:37:58.090 I/ActivityManager(  431):   ntv   N     2501 kB: mediaserver (113) native
04-23 11:37:58.090 I/ActivityManager(  431):   ntv   N     1383 kB: surfaceflinger (110) native
04-23 11:37:58.090 I/ActivityManager(  431):   ntv   N     1365 kB: updatesoftwinner (109) native
04-23 11:37:58.090 I/ActivityManager(  431):   ntv   N     1056 kB: wpa_supplicant (639) native
04-23 11:37:58.090 I/ActivityManager(  431):   ntv   N     1054 kB: logcat (1984) native
04-23 11:37:58.090 I/ActivityManager(  431):   ntv   N     1050 kB: logcat (1534) native
04-23 11:37:58.090 I/ActivityManager(  431):   ntv   N      702 kB: logcat (10814) native
04-23 11:37:58.090 I/ActivityManager(  431):   ntv   N      382 kB: rild (784) native
04-23 11:37:58.090 I/ActivityManager(  431):   ntv   N      377 kB: drmserver (112) native
04-23 11:37:58.090 I/ActivityManager(  431):   ntv   N      353 kB: netd (107) native
04-23 11:37:58.090 I/ActivityManager(  431):   ntv   N      291 kB: /init (1) native
04-23 11:37:58.090 I/ActivityManager(  431):   ntv   N      259 kB: debuggerd (8693) native
04-23 11:37:58.090 I/ActivityManager(  431):   ntv   N      236 kB: adbd (117) native
04-23 11:37:58.090 I/ActivityManager(  431):   ntv   N      205 kB: sh (867) native
04-23 11:37:58.090 I/ActivityManager(  431):   ntv   N      186 kB: logcat (8015) native
04-23 11:37:58.090 I/ActivityManager(  431):   ntv   N      163 kB: vold (106) native
04-23 11:37:58.090 I/ActivityManager(  431):   ntv   N      156 kB: u3gmonitor (785) native
04-23 11:37:58.090 I/ActivityManager(  431):   ntv   N      146 kB: logcat (11531) native
04-23 11:37:58.090 I/ActivityManager(  431):   ntv   N      136 kB: healthd (104) native
04-23 11:37:58.090 I/ActivityManager(  431):   ntv   N      107 kB: logwrapper (637) native
04-23 11:37:58.090 I/ActivityManager(  431):   ntv   N       98 kB: installd (114) native
04-23 11:37:58.090 I/ActivityManager(  431):   ntv   N       86 kB: keystore (115) native
04-23 11:37:58.090 I/ActivityManager(  431):   ntv   N       82 kB: ueventd (64) native
04-23 11:37:58.090 I/ActivityManager(  431):   ntv   N       58 kB: servicemanager (105) native
04-23 11:37:58.090 I/ActivityManager(  431):   ntv   N       54 kB: sh (116) native
04-23 11:37:58.090 I/ActivityManager(  431):   sys   P    27195 kB: system (431) fixed
04-23 11:37:58.090 I/ActivityManager(  431):   pers  P    16021 kB: com.android.systemui (491) fixed
04-23 11:37:58.090 I/ActivityManager(  431):   pers  P     8052 kB: com.android.phone (633) fixed
04-23 11:37:58.090 I/ActivityManager(  431):   fore  T    53810 kB: com.antutu.ABenchMark:remote (11913) top-activity
04-23 11:37:58.090 I/ActivityManager(  431):   svc   S        0 kB: com.kugou.android.support (10640) started-services
04-23 11:37:58.090 I/ActivityManager(  431):   home  HO       0 kB: com.android.launcher (9782) home
04-23 11:37:58.090 I/ActivityManager(  431):   prev  S        0 kB: com.antutu.ABenchMark (10847) cch-started-ui-services
04-23 11:37:58.090 I/ActivityManager(  431):   cch   S        0 kB: com.google.process.gapps (8704) cch-started-services
04-23 11:37:58.090 I/ActivityManager(  431):             143257 kB: TOTAL
04-23 11:37:58.090 I/ActivityManager(  431):   MemInfo: 27576 kB slab, 232 kB shmem, 196 kB buffers, 70396 kB cached, 117500 kB free
04-23 11:37:58.090 I/ActivityManager(  431):   ZRAM: 3464 kB RAM, 131068 kB swap total, 123128 kB swap free
04-23 11:38:06.170 D/PowerManagerService(  431): mHoldBootFastWakeLock = true
04-23 11:38:09.880 I/ActivityManager(  431): Start proc com.android.inputmethod.latin for service com.android.inputmethod.latin/.LatinIME: pid=11950 uid=10043 gids={50043, 1028, 1015}
04-23 11:38:10.990 I/ActivityManager(  431): Start proc android.process.acore for content provider com.android.providers.userdictionary/.UserDictionaryProvider: pid=11967 uid=10002 gids={50002, 3003, 1028, 1015}
04-23 11:38:19.880 I/ActivityManager(  431): Start proc com.android.smspush for service com.android.smspush/.WapPushManager: pid=11996 uid=10072 gids={50072}
04-23 11:38:21.980 I/ActivityManager(  431): Start proc com.antutu.ABenchMark for broadcast com.antutu.ABenchMark/com.antutu.benchmark.BenchGLES3Receiver: pid=12011 uid=10076 gids={50076, 3003, 1028, 1015}
04-23 11:38:22.110 I/ActivityManager(  431): Process com.antutu.ABenchMark:remote (pid 11913) has died.
04-23 11:38:22.110 I/WindowState(  431): WIN DEATH: Window{41de9448 u0 com.antutu.ABenchMark/com.antutu.ABenchMark.Test3D.OgreActivity}
04-23 11:38:22.120 I/WindowState(  431): WIN DEATH: Window{41dfbe30 u0 SurfaceView}
04-23 11:38:22.240 I/ActivityManager(  431): START u0 {act=android.intent.action.MAIN cat=[android.intent.category.LAUNCHER] flg=0x10000000 pkg=com.antutu.ABenchMark cmp=com.antutu.ABenchMark/.ABenchMarkStart} from pid 12011
04-23 11:38:22.960 W/InputMethodManagerService(  431): Got RemoteException sending setActive(false) notification to pid 11913 uid 10076
04-23 11:38:24.410 I/ActivityManager(  431): START u0 {cmp=com.antutu.ABenchMark/com.antutu.benchmark.activity.MainActivity} from pid 12011
04-23 11:38:27.900 I/ActivityManager(  431): Start proc com.android.defcontainer for service com.android.defcontainer/.DefaultContainerService: pid=12162 uid=10003 gids={50003, 1028, 1015, 1023, 2001, 1035}
04-23 11:38:29.870 I/ActivityManager(  431): Start proc com.softwinner.baseservice:baseservice for service com.softwinner.baseservice/com.softwinner.service.SoftWinnerService: pid=12229 uid=10065 gids={50065, 1028, 1015, 3003}
04-23 11:38:39.000 I/ActivityManager(  431): Killing 11967:android.process.acore/u0a2 (adj 11): empty #2
04-23 11:38:39.880 I/ActivityManager(  431): Start proc com.google.process.location for service com.google.android.gms/com.google.android.location.internal.GoogleLocationManagerService: pid=12252 uid=10006 gids={50006, 3003, 1007, 1028, 1015, 2001, 3006, 3007}
04-23 11:38:39.970 I/ActivityManager(  431): Start proc com.google.android.gms for broadcast com.google.android.gms/.init.InitializeGmsReceiver: pid=12265 uid=10006 gids={50006, 3003, 1007, 1028, 1015, 2001, 3006, 3007}
04-23 11:38:40.210 I/ActivityManager(  431): Start proc com.google.process.gapps for content provider com.google.android.gsf/.gservices.GservicesProvider: pid=12282 uid=10006 gids={50006, 3003, 1007, 1028, 1015, 2001, 3006, 3007}
04-23 11:38:40.290 I/ActivityManager(  431): Delay finish: com.google.android.gms/.init.InitializeGmsReceiver
04-23 11:38:40.430 I/ActivityManager(  431): Resuming delayed broadcast
04-23 11:38:40.430 I/ActivityManager(  431): Killing 12162:com.android.defcontainer/u0a3 (adj 11): empty #2
04-23 11:38:40.520 D/ConnectivityService(  431): handleInetConditionChange: no active default network - ignore
04-23 11:38:40.550 I/ActivityManager(  431): Delay finish: com.google.android.gms/.init.InitializeGmsReceiver
04-23 11:38:40.550 I/ActivityManager(  431): Resuming delayed broadcast
04-23 11:38:40.570 I/ActivityManager(  431): Delay finish: com.google.android.gms/.init.InitializeGmsReceiver
04-23 11:38:40.580 I/ActivityManager(  431): Resuming delayed broadcast
04-23 11:39:06.170 D/PowerManagerService(  431): mHoldBootFastWakeLock = true
04-23 11:39:20.900 I/ActivityManager(  431): START u0 {act=android.intent.action.MAIN cat=[android.intent.category.HOME] flg=0x10200000 cmp=com.android.launcher/com.android.launcher2.Launcher} from pid 431
04-23 11:39:20.930 I/ActivityManager(  431): Start proc com.android.launcher for activity com.android.launcher/com.android.launcher2.Launcher: pid=12404 uid=10011 gids={50011}
04-23 11:39:22.390 I/ActivityManager(  431): Start proc com.android.deskclock for service com.android.deskclock/com.android.alarmclock.DigitalAppWidgetService: pid=12429 uid=10028 gids={50028, 1028}
04-23 11:39:24.970 I/ActivityManager(  431): START u0 {act=android.intent.action.MAIN cat=[android.intent.category.LAUNCHER] flg=0x10200000 cmp=com.rightware.tdmm2v10jnifree/.SplashView} from pid 12404
04-23 11:39:25.050 I/ActivityManager(  431): Start proc com.rightware.tdmm2v10jnifree for activity com.rightware.tdmm2v10jnifree/.SplashView: pid=12450 uid=10077 gids={50077, 3003}
04-23 11:39:25.130 I/ActivityManager(  431): Config changes=480 {1.0 ?mcc?mnc en_US ldltr sw768dp w1024dp h695dp 160dpi xlrg land finger -keyb/v/h -nav/h s.8}
04-23 11:39:26.800 I/WindowManager(  431): Screen frozen for +1s705ms due to Window{41d7d2d0 u0 NavigationBar}
04-23 11:39:26.920 I/ActivityManager(  431): Start proc android.process.acore for content provider com.android.providers.contacts/.ContactsProvider2: pid=12470 uid=10002 gids={50002, 3003, 1028, 1015}
04-23 11:39:28.200 I/ActivityManager(  431): START u0 {act=SPLASH_BASEMARK cmp=com.rightware.tdmm2v10jnifree/.SplashView} from pid 12450
04-23 11:39:31.000 I/ActivityManager(  431): START u0 {cmp=com.rightware.tdmm2v10jnifree/.TDMM2V10free} from pid 12450
04-23 11:39:33.420 I/ActivityManager(  431): START u0 {cmp=com.rightware.tdmm2v10jnifree/.TDMM2V10test} from pid 12450
04-23 11:39:44.710 D/ConnectivityService(  431): handleInetConditionChange: no active default network - ignore
04-23 11:39:59.900 I/ActivityManager(  431): Start proc com.kugou.android.support for service com.kugou.android/com.kugou.framework.service.KugouBackgroundService: pid=12534 uid=10081 gids={50081, 3003, 1028, 1015, 3002, 3001}
04-23 11:40:06.170 D/PowerManagerService(  431): mHoldBootFastWakeLock = true
04-23 11:40:22.310 I/ActivityManager(  431): START u0 {act=SCORE_CURRENT cmp=com.rightware.tdmm2v10jnifree/.ScoreView} from pid 12450
04-23 11:40:22.320 W/ActivityManager(  431): startActivity called from finishing ActivityRecord{41e87f58 u0 com.rightware.tdmm2v10jnifree/.TDMM2V10test t21 f}; forcing Intent.FLAG_ACTIVITY_NEW_TASK for: Intent { act=SCORE_CURRENT cmp=com.rightware.tdmm2v10jnifree/.ScoreView }
04-23 11:40:25.590 I/ActivityManager(  431): START u0 {act=android.intent.action.MAIN cat=[android.intent.category.HOME] flg=0x10200000 cmp=com.android.launcher/com.android.launcher2.Launcher} from pid 431
04-23 11:40:25.720 I/ActivityManager(  431): Config changes=480 {1.0 ?mcc?mnc en_US ldltr sw768dp w768dp h951dp 160dpi xlrg port finger -keyb/v/h -nav/h s.9}
04-23 11:40:26.230 I/WindowManager(  431): Screen frozen for +537ms due to Window{41cdf590 u0 com.android.systemui.ImageWallpaper}
04-23 11:40:27.440 I/ActivityManager(  431): START u0 {act=android.intent.action.MAIN cat=[android.intent.category.HOME] flg=0x10200000 cmp=com.android.launcher/com.android.launcher2.Launcher} from pid 431
04-23 11:40:30.230 I/ActivityManager(  431): START u0 {act=android.intent.action.MAIN cat=[android.intent.category.LAUNCHER] flg=0x10200000 cmp=com.futuremark.dmandroid.application/.activity.MainActivity} from pid 12404
04-23 11:40:30.340 I/ActivityManager(  431): Start proc com.futuremark.dmandroid.application for activity com.futuremark.dmandroid.application/.activity.MainActivity: pid=12646 uid=10078 gids={50078, 3003, 1028, 1015}
04-23 11:40:34.850 I/ActivityManager(  431): START u0 {act=android.intent.action.MAIN cat=[android.intent.category.HOME] flg=0x10200000 cmp=com.android.launcher/com.android.launcher2.Launcher} from pid 431
04-23 11:40:34.980 W/InputMethodManagerService(  431): Focus gain on non-focused client com.android.internal.view.IInputMethodClient$Stub$Proxy@41c73708 (uid=10078 pid=12646)
04-23 11:40:35.230 W/InputMethodManagerService(  431): Window already focused, ignoring focus gain of: com.android.internal.view.IInputMethodClient$Stub$Proxy@41d1dc30 attribute=android.view.inputmethod.EditorInfo@41d98378, token = android.os.BinderProxy@41c39a08
04-23 11:40:36.020 I/ActivityManager(  431): START u0 {act=android.intent.action.MAIN cat=[android.intent.category.HOME] flg=0x10200000 cmp=com.android.launcher/com.android.launcher2.Launcher} from pid 431
04-23 11:40:37.200 I/ActivityManager(  431): START u0 {act=android.intent.action.MAIN cat=[android.intent.category.HOME] flg=0x10200000 cmp=com.android.launcher/com.android.launcher2.Launcher} from pid 431
04-23 11:40:38.320 I/ActivityManager(  431): START u0 {act=com.android.systemui.recent.action.TOGGLE_RECENTS flg=0x10800000 cmp=com.android.systemui/.recent.RecentsActivity} from pid 491
04-23 11:40:40.870 W/InputMethodManagerService(  431): Window already focused, ignoring focus gain of: com.android.internal.view.IInputMethodClient$Stub$Proxy@41d44690 attribute=null, token = android.os.BinderProxy@41e27a70
04-23 11:40:41.700 I/ActivityManager(  431): START u0 {act=android.intent.action.MAIN cat=[android.intent.category.HOME] flg=0x10200000 cmp=com.android.launcher/com.android.launcher2.Launcher} from pid 431
04-23 11:40:41.720 I/WindowManager(  431): Screenshot Window{41eeb2f8 u0 com.android.systemui/com.android.systemui.recent.RecentsActivity} was monochrome(ff000000)! mSurfaceLayer=21030 minLayer=21030 maxLayer=21030
04-23 11:40:44.340 I/ActivityManager(  431): START u0 {act=android.intent.action.MAIN cat=[android.intent.category.LAUNCHER] flg=0x10200000 cmp=com.quicinc.vellamo/.VellamoActivity} from pid 12404
04-23 11:40:44.460 I/ActivityManager(  431): Start proc com.quicinc.vellamo for activity com.quicinc.vellamo/.VellamoActivity: pid=12735 uid=10079 gids={50079, 3003, 1028, 1015, 3002, 3001}
04-23 11:40:45.750 D/PowerManagerService(  431): mHoldBootFastWakeLock = true
04-23 11:40:48.930 I/ActivityManager(  431): START u0 {flg=0x10000000 cmp=com.quicinc.vellamo/.benchmarks.BenchmarksActivity (has extras)} from pid 12735
04-23 11:40:48.950 I/ActivityManager(  431): Start proc com.quicinc.vellamo:benchmarks for activity com.quicinc.vellamo/.benchmarks.BenchmarksActivity: pid=12765 uid=10079 gids={50079, 3003, 1028, 1015, 3002, 3001}
04-23 11:41:06.170 D/PowerManagerService(  431): mHoldBootFastWakeLock = true
04-23 11:41:47.990 I/ActivityManager(  431): START u0 {act=android.intent.action.MAIN cat=[android.intent.category.HOME] flg=0x10200000 cmp=com.android.launcher/com.android.launcher2.Launcher} from pid 431
04-23 11:41:52.890 D/ConnectivityService(  431): handleInetConditionChange: no active default network - ignore
04-23 11:42:06.170 D/PowerManagerService(  431): mHoldBootFastWakeLock = true
04-23 11:42:40.770 W/InputMethodManagerService(  431): Window already focused, ignoring focus gain of: com.android.internal.view.IInputMethodClient$Stub$Proxy@41e621d8 attribute=null, token = android.os.BinderProxy@41c39a08
04-23 11:42:41.650 I/PowerManagerService(  431): Going to sleep by user request...
04-23 11:42:47.720 D/PowerManagerService(  431): mHoldBootFastWakeLock = true
04-23 11:42:56.870 D/ConnectivityService(  431): Sampling interval elapsed, updating statistics ..
04-23 11:42:56.880 D/ConnectivityService(  431): Done.
04-23 11:42:56.880 D/ConnectivityService(  431): Setting timer for 720seconds
04-23 11:43:06.170 D/PowerManagerService(  431): mHoldBootFastWakeLock = true
04-23 11:44:06.170 D/PowerManagerService(  431): mHoldBootFastWakeLock = true
04-23 11:45:06.200 D/PowerManagerService(  431): mHoldBootFastWakeLock = true
04-23 11:46:06.170 D/PowerManagerService(  431): mHoldBootFastWakeLock = true
04-23 11:46:09.220 D/ConnectivityService(  431): handleInetConditionChange: no active default network - ignore
04-23 11:47:06.170 D/PowerManagerService(  431): mHoldBootFastWakeLock = true
04-23 11:48:06.170 D/PowerManagerService(  431): mHoldBootFastWakeLock = true
04-23 11:49:00.000 I/ProcessStatsService(  431): Prepared write state in 9ms
04-23 11:49:06.170 D/PowerManagerService(  431): mHoldBootFastWakeLock = true
04-23 11:50:06.170 D/PowerManagerService(  431): mHoldBootFastWakeLock = true
04-23 11:51:06.170 D/PowerManagerService(  431): mHoldBootFastWakeLock = true
04-23 11:51:09.230 D/ConnectivityService(  431): handleInetConditionChange: no active default network - ignore
04-23 11:52:06.170 D/PowerManagerService(  431): mHoldBootFastWakeLock = true
04-23 11:53:06.170 D/PowerManagerService(  431): mHoldBootFastWakeLock = true
04-23 11:54:06.170 D/PowerManagerService(  431): mHoldBootFastWakeLock = true
04-23 11:55:06.170 D/PowerManagerService(  431): mHoldBootFastWakeLock = true
04-23 11:56:06.170 D/PowerManagerService(  431): mHoldBootFastWakeLock = true
04-23 11:56:09.240 D/ConnectivityService(  431): handleInetConditionChange: no active default network - ignore
04-23 11:57:06.170 D/PowerManagerService(  431): mHoldBootFastWakeLock = true
04-23 11:58:06.170 D/PowerManagerService(  431): mHoldBootFastWakeLock = true
04-23 11:59:06.170 D/PowerManagerService(  431): mHoldBootFastWakeLock = true
04-23 12:00:01.040 W/SocketClient(  107): write error (Broken pipe)
04-23 12:00:01.080 D/ConnectivityService(  431): Sampling interval elapsed, updating statistics ..
04-23 12:00:01.090 D/ConnectivityService(  431): Done.
04-23 12:00:01.090 D/ConnectivityService(  431): Setting timer for 720seconds
04-23 12:00:01.150 I/ActivityManager(  431): Delay finish: com.google.android.gsf/.checkin.EventLogService$Receiver
04-23 12:00:01.290 I/ActivityManager(  431): Resuming delayed broadcast
04-23 12:00:06.170 D/PowerManagerService(  431): mHoldBootFastWakeLock = true
04-23 12:01:06.170 D/PowerManagerService(  431): mHoldBootFastWakeLock = true
04-23 12:01:09.260 D/ConnectivityService(  431): handleInetConditionChange: no active default network - ignore
04-23 12:02:06.170 D/PowerManagerService(  431): mHoldBootFastWakeLock = true
04-23 12:04:06.170 D/PowerManagerService(  431): mHoldBootFastWakeLock = true
04-23 12:05:06.170 D/PowerManagerService(  431): mHoldBootFastWakeLock = true
04-23 12:06:09.270 D/ConnectivityService(  431): handleInetConditionChange: no active default network - ignore
04-23 12:11:09.290 D/ConnectivityService(  431): handleInetConditionChange: no active default network - ignore
04-23 12:11:30.110 D/PowerManagerService(  431): mHoldBootFastWakeLock = true
04-23 12:12:06.170 D/PowerManagerService(  431): mHoldBootFastWakeLock = true
04-23 12:13:06.170 D/PowerManagerService(  431): mHoldBootFastWakeLock = true
04-23 12:16:06.170 D/PowerManagerService(  431): mHoldBootFastWakeLock = true
04-23 12:16:09.300 D/ConnectivityService(  431): handleInetConditionChange: no active default network - ignore
04-23 12:17:24.790 I/EntropyMixer(  431): Writing entropy...
04-23 12:19:00.040 I/ProcessStatsService(  431): Prepared write state in 17ms
04-23 12:19:00.050 I/ProcessStatsService(  431): Pruning old procstats: /data/system/procstats/state-2014-04-22-11-00-47.bin
04-23 12:20:34.700 D/ConnectivityService(  431): Sampling interval elapsed, updating statistics ..
04-23 12:20:34.700 D/ConnectivityService(  431): Done.
04-23 12:20:34.710 D/ConnectivityService(  431): Setting timer for 720seconds
04-23 12:20:34.730 V/BackupManagerService(  431): Running a backup pass
04-23 12:20:34.730 V/BackupManagerService(  431): Backup requested but nothing pending
04-23 12:21:06.170 D/PowerManagerService(  431): mHoldBootFastWakeLock = true
04-23 12:21:09.310 D/ConnectivityService(  431): handleInetConditionChange: no active default network - ignore
04-23 12:26:09.330 D/ConnectivityService(  431): handleInetConditionChange: no active default network - ignore
04-23 12:30:01.380 I/ActivityManager(  431): Delay finish: com.google.android.gsf/.checkin.EventLogService$Receiver
04-23 12:30:01.430 I/ActivityManager(  431): Resuming delayed broadcast
04-23 12:31:09.340 D/ConnectivityService(  431): handleInetConditionChange: no active default network - ignore
04-23 12:32:34.710 D/ConnectivityService(  431): Sampling interval elapsed, updating statistics ..
04-23 12:32:34.720 D/ConnectivityService(  431): Done.
04-23 12:32:34.720 D/ConnectivityService(  431): Setting timer for 720seconds
04-23 12:36:09.360 D/ConnectivityService(  431): handleInetConditionChange: no active default network - ignore
04-23 12:41:09.370 D/ConnectivityService(  431): handleInetConditionChange: no active default network - ignore
04-23 12:45:01.480 D/ConnectivityService(  431): Sampling interval elapsed, updating statistics ..
04-23 12:45:01.490 D/ConnectivityService(  431): Done.
04-23 12:45:01.490 D/ConnectivityService(  431): Setting timer for 720seconds
04-23 12:46:09.380 D/ConnectivityService(  431): handleInetConditionChange: no active default network - ignore
04-23 12:50:00.000 I/ProcessStatsService(  431): Prepared write state in 4ms
04-23 12:51:09.400 D/ConnectivityService(  431): handleInetConditionChange: no active default network - ignore
04-23 12:56:09.410 D/ConnectivityService(  431): handleInetConditionChange: no active default network - ignore
04-23 13:00:01.560 D/ConnectivityService(  431): Sampling interval elapsed, updating statistics ..
04-23 13:00:01.580 D/ConnectivityService(  431): Done.
04-23 13:00:01.580 D/ConnectivityService(  431): Setting timer for 720seconds
04-23 13:00:01.590 I/ActivityManager(  431): Delay finish: com.google.android.gsf/.checkin.EventLogService$Receiver
04-23 13:00:01.660 I/ActivityManager(  431): Resuming delayed broadcast
04-23 13:01:09.430 D/ConnectivityService(  431): handleInetConditionChange: no active default network - ignore
04-23 13:06:09.440 D/ConnectivityService(  431): handleInetConditionChange: no active default network - ignore
04-23 13:08:06.170 D/PowerManagerService(  431): mHoldBootFastWakeLock = true
04-23 13:09:06.170 D/PowerManagerService(  431): mHoldBootFastWakeLock = true
04-23 13:11:06.170 D/PowerManagerService(  431): mHoldBootFastWakeLock = true
04-23 13:11:09.450 D/ConnectivityService(  431): handleInetConditionChange: no active default network - ignore
04-23 13:16:06.170 D/PowerManagerService(  431): mHoldBootFastWakeLock = true
04-23 13:16:09.460 D/ConnectivityService(  431): handleInetConditionChange: no active default network - ignore
04-23 13:17:06.170 D/PowerManagerService(  431): mHoldBootFastWakeLock = true
04-23 13:18:37.940 I/ActivityManager(  431): Start proc com.google.android.googlequicksearchbox:search for service com.google.android.googlequicksearchbox/com.google.android.velvet.VelvetBackgroundTasksImpl$Service: pid=14110 uid=10017 gids={50017, 3003, 1028, 3002, 1015}
04-23 13:18:37.950 D/ConnectivityService(  431): Sampling interval elapsed, updating statistics ..
04-23 13:18:37.950 D/ConnectivityService(  431): Done.
04-23 13:18:37.960 D/ConnectivityService(  431): Setting timer for 720seconds
04-23 13:18:38.910 I/ActivityManager(  431): Start proc com.google.android.partnersetup for content provider com.google.android.partnersetup/.RlzAppProvider: pid=14133 uid=10009 gids={50009, 3003}
04-23 13:18:39.470 W/SocketClient(  107): write error (Broken pipe)
04-23 13:18:44.130 W/ActivityManager(  431): Unable to start service Intent { act=com.google.android.gms.analytics.service.START cmp=com.google.android.gms/.analytics.service.AnalyticsService (has extras) } U=0: not found
04-23 13:18:49.130 W/ActivityManager(  431): Unable to start service Intent { act=com.google.android.gms.analytics.service.START cmp=com.google.android.gms/.analytics.service.AnalyticsService (has extras) } U=0: not found
04-23 13:19:06.170 D/PowerManagerService(  431): mHoldBootFastWakeLock = true
04-23 13:20:00.000 I/ProcessStatsService(  431): Prepared write state in 3ms
04-23 13:21:09.480 D/ConnectivityService(  431): handleInetConditionChange: no active default network - ignore
04-23 13:21:09.480 W/SocketClient(  107): write error (Broken pipe)
04-23 13:25:06.170 D/PowerManagerService(  431): mHoldBootFastWakeLock = true
04-23 13:26:06.170 D/PowerManagerService(  431): mHoldBootFastWakeLock = true
04-23 13:26:09.490 D/ConnectivityService(  431): handleInetConditionChange: no active default network - ignore
04-23 13:26:09.490 W/SocketClient(  107): write error (Broken pipe)
04-23 13:29:06.170 D/PowerManagerService(  431): mHoldBootFastWakeLock = true
04-23 13:30:06.170 D/PowerManagerService(  431): mHoldBootFastWakeLock = true
04-23 13:31:06.170 D/PowerManagerService(  431): mHoldBootFastWakeLock = true
04-23 13:31:09.490 D/ConnectivityService(  431): Sampling interval elapsed, updating statistics ..
04-23 13:31:09.500 D/ConnectivityService(  431): Done.
04-23 13:31:09.500 D/ConnectivityService(  431): Setting timer for 720seconds
04-23 13:31:09.510 D/ConnectivityService(  431): handleInetConditionChange: no active default network - ignore
04-23 13:31:09.520 W/SocketClient(  107): write error (Broken pipe)
04-23 13:33:06.170 D/PowerManagerService(  431): mHoldBootFastWakeLock = true
04-23 13:34:06.180 D/PowerManagerService(  431): mHoldBootFastWakeLock = true
04-23 13:36:06.170 D/PowerManagerService(  431): mHoldBootFastWakeLock = true
04-23 13:36:09.520 D/ConnectivityService(  431): handleInetConditionChange: no active default network - ignore
04-23 13:36:09.530 W/SocketClient(  107): write error (Broken pipe)
04-23 13:37:06.170 D/PowerManagerService(  431): mHoldBootFastWakeLock = true
04-23 13:40:00.650 V/BackupManagerService(  431): Running a backup pass
04-23 13:40:00.650 V/BackupManagerService(  431): Backup requested but nothing pending
04-23 13:40:00.660 I/ActivityManager(  431): Delay finish: com.google.android.gsf/.checkin.EventLogService$Receiver
04-23 13:40:00.710 I/ActivityManager(  431): Resuming delayed broadcast
04-23 13:41:09.540 D/ConnectivityService(  431): handleInetConditionChange: no active default network - ignore
04-23 13:41:09.540 W/SocketClient(  107): write error (Broken pipe)
04-23 13:43:06.170 D/PowerManagerService(  431): mHoldBootFastWakeLock = true
04-23 13:44:06.170 D/PowerManagerService(  431): mHoldBootFastWakeLock = true
04-23 13:45:01.810 D/ConnectivityService(  431): Sampling interval elapsed, updating statistics ..
04-23 13:45:01.820 D/ConnectivityService(  431): Done.
04-23 13:45:01.820 D/ConnectivityService(  431): Setting timer for 720seconds
04-23 13:46:09.550 D/ConnectivityService(  431): handleInetConditionChange: no active default network - ignore
04-23 13:46:09.550 W/SocketClient(  107): write error (Broken pipe)
04-23 13:50:00.020 I/ProcessStatsService(  431): Prepared write state in 3ms
04-23 13:51:09.560 D/ConnectivityService(  431): handleInetConditionChange: no active default network - ignore
04-23 13:51:09.570 W/SocketClient(  107): write error (Broken pipe)
04-23 13:56:09.570 D/ConnectivityService(  431): handleInetConditionChange: no active default network - ignore
04-23 13:56:09.580 W/SocketClient(  107): write error (Broken pipe)
04-23 14:00:01.880 W/SocketClient(  107): write error (Broken pipe)
04-23 14:00:01.900 D/ConnectivityService(  431): Sampling interval elapsed, updating statistics ..
04-23 14:00:01.900 D/ConnectivityService(  431): Done.
04-23 14:00:01.900 D/ConnectivityService(  431): Setting timer for 720seconds
04-23 14:01:09.590 D/ConnectivityService(  431): handleInetConditionChange: no active default network - ignore
04-23 14:01:09.590 W/SocketClient(  107): write error (Broken pipe)
04-23 14:06:09.600 D/ConnectivityService(  431): handleInetConditionChange: no active default network - ignore
04-23 14:06:09.600 W/SocketClient(  107): write error (Broken pipe)
04-23 14:07:06.170 D/PowerManagerService(  431): mHoldBootFastWakeLock = true
04-23 14:08:06.170 D/PowerManagerService(  431): mHoldBootFastWakeLock = true
04-23 14:11:09.620 D/ConnectivityService(  431): handleInetConditionChange: no active default network - ignore
04-23 14:16:09.640 D/ConnectivityService(  431): handleInetConditionChange: no active default network - ignore
04-23 14:17:26.550 D/ConnectivityService(  431): Sampling interval elapsed, updating statistics ..
