04-23 10:17:19.800 I/ActivityManager(  431): Start proc com.rightware.tdmm2v10jnifree for activity com.rightware.tdmm2v10jnifree/.SplashView: pid=9114 uid=10077 gids={50077, 3003}
04-23 10:17:19.820 I/ProcessStatsService(  431): Prepared write state in 15ms
04-23 10:17:19.910 I/ActivityManager(  431): Config changes=480 {1.0 ?mcc?mnc en_US ldltr sw768dp w1024dp h695dp 160dpi xlrg land finger -keyb/v/h -nav/h s.6}
04-23 10:17:20.200 I/ActivityManager(  431): Start proc com.android.gallery3d for broadcast com.android.gallery3d/.gadget.PhotoAppWidgetProvider: pid=9127 uid=10036 gids={50036, 3003, 1028, 1015}
04-23 10:17:21.850 W/WindowManager(  431): Window freeze timeout expired.
04-23 10:17:21.850 W/WindowManager(  431): Force clearing orientation change: Window{41d7d2d0 u0 NavigationBar}
04-23 10:17:21.850 W/WindowManager(  431): Force clearing orientation change: Window{41cdf590 u0 com.android.systemui.ImageWallpaper}
04-23 10:17:21.870 I/WindowManager(  431): Screen frozen for +2s15ms due to Window{41d7d2d0 u0 NavigationBar}
04-23 10:17:22.060 I/ActivityManager(  431): Start proc android.process.acore for content provider com.android.providers.contacts/.ContactsProvider2: pid=9148 uid=10002 gids={50002, 3003, 1028, 1015}
04-23 10:17:22.890 I/ActivityManager(  431): START u0 {act=SPLASH_BASEMARK cmp=com.rightware.tdmm2v10jnifree/.SplashView} from pid 9114
04-23 10:17:23.190 I/WindowManager(  431): Screen frozen for +267ms due to Window{41d85b58 u0 Starting com.rightware.tdmm2v10jnifree}
04-23 10:17:25.590 I/ActivityManager(  431): START u0 {cmp=com.rightware.tdmm2v10jnifree/.TDMM2V10free} from pid 9114
04-23 10:17:27.490 I/ActivityManager(  431): START u0 {cmp=com.rightware.tdmm2v10jnifree/.TDMM2V10test} from pid 9114
04-23 10:17:27.570 D/PowerManagerService(  431): mHoldBootFastWakeLock = true
04-23 10:18:00.150 D/ConnectivityService(  431): handleInetConditionChange: no active default network - ignore
04-23 10:18:00.220 I/ActivityManager(  431): Delay finish: com.google.android.gsf/.checkin.EventLogService$Receiver
04-23 10:18:00.400 I/ActivityManager(  431): Resuming delayed broadcast
04-23 10:18:06.170 D/PowerManagerService(  431): mHoldBootFastWakeLock = true
04-23 10:18:16.350 I/WindowManager(  431): Screenshot Window{41dcbe40 u0 com.rightware.tdmm2v10jnifree/com.rightware.tdmm2v10jnifree.TDMM2V10test} was monochrome(ff000000)! mSurfaceLayer=21025 minLayer=21000 maxLayer=21025
04-23 10:18:16.350 I/ActivityManager(  431): START u0 {act=SCORE_CURRENT cmp=com.rightware.tdmm2v10jnifree/.ScoreView} from pid 9114
04-23 10:18:16.360 W/ActivityManager(  431): startActivity called from finishing ActivityRecord{41e086d0 u0 com.rightware.tdmm2v10jnifree/.TDMM2V10test t21 f}; forcing Intent.FLAG_ACTIVITY_NEW_TASK for: Intent { act=SCORE_CURRENT cmp=com.rightware.tdmm2v10jnifree/.ScoreView }
04-23 10:18:19.290 I/ActivityManager(  431): START u0 {act=android.intent.action.MAIN cat=[android.intent.category.HOME] flg=0x10200000 cmp=com.android.launcher/com.android.launcher2.Launcher} from pid 431
04-23 10:18:19.390 I/ActivityManager(  431): Config changes=480 {1.0 ?mcc?mnc en_US ldltr sw768dp w768dp h951dp 160dpi xlrg port finger -keyb/v/h -nav/h s.7}
04-23 10:18:19.930 I/WindowManager(  431): Screen frozen for +571ms due to Window{41cdf590 u0 com.android.systemui.ImageWallpaper}
04-23 10:18:20.580 I/ActivityManager(  431): START u0 {act=android.intent.action.MAIN cat=[android.intent.category.HOME] flg=0x10200000 cmp=com.android.launcher/com.android.launcher2.Launcher} from pid 431
04-23 10:18:24.030 I/ActivityManager(  431): START u0 {act=android.intent.action.MAIN cat=[android.intent.category.LAUNCHER] flg=0x10200000 cmp=com.futuremark.dmandroid.application/.activity.MainActivity} from pid 8770
04-23 10:18:24.150 I/ActivityManager(  431): Start proc com.futuremark.dmandroid.application for activity com.futuremark.dmandroid.application/.activity.MainActivity: pid=9277 uid=10078 gids={50078, 3003, 1028, 1015}
04-23 10:18:28.740 I/ActivityManager(  431): START u0 {act=android.intent.action.MAIN cat=[android.intent.category.HOME] flg=0x10200000 cmp=com.android.launcher/com.android.launcher2.Launcher} from pid 431
04-23 10:18:28.900 W/InputMethodManagerService(  431): Focus gain on non-focused client com.android.internal.view.IInputMethodClient$Stub$Proxy@41ccc540 (uid=10078 pid=9277)
04-23 10:18:29.270 W/InputMethodManagerService(  431): Window already focused, ignoring focus gain of: com.android.internal.view.IInputMethodClient$Stub$Proxy@41c79d60 attribute=android.view.inputmethod.EditorInfo@41e0e948, token = android.os.BinderProxy@41d246a0
04-23 10:18:30.510 I/ActivityManager(  431): START u0 {act=android.intent.action.MAIN cat=[android.intent.category.HOME] flg=0x10200000 cmp=com.android.launcher/com.android.launcher2.Launcher} from pid 431
04-23 10:18:31.050 I/ActivityManager(  431): START u0 {act=android.intent.action.MAIN cat=[android.intent.category.HOME] flg=0x10200000 cmp=com.android.launcher/com.android.launcher2.Launcher} from pid 431
04-23 10:18:32.170 I/ActivityManager(  431): START u0 {act=com.android.systemui.recent.action.TOGGLE_RECENTS flg=0x10800000 cmp=com.android.systemui/.recent.RecentsActivity} from pid 491
04-23 10:18:33.830 I/ActivityManager(  431): START u0 {act=android.intent.action.MAIN cat=[android.intent.category.HOME] flg=0x10200000 cmp=com.android.launcher/com.android.launcher2.Launcher} from pid 431
04-23 10:18:33.900 I/WindowManager(  431): Screenshot Window{41eeb2f8 u0 com.android.systemui/com.android.systemui.recent.RecentsActivity} was monochrome(ff000000)! mSurfaceLayer=21025 minLayer=21030 maxLayer=21030
04-23 10:18:36.290 I/ActivityManager(  431): START u0 {act=android.intent.action.MAIN cat=[android.intent.category.LAUNCHER] flg=0x10200000 cmp=com.quicinc.vellamo/.VellamoActivity} from pid 8770
04-23 10:18:36.450 I/ActivityManager(  431): Start proc com.quicinc.vellamo for activity com.quicinc.vellamo/.VellamoActivity: pid=9359 uid=10079 gids={50079, 3003, 1028, 1015, 3002, 3001}
04-23 10:18:41.310 I/ActivityManager(  431): START u0 {flg=0x10000000 cmp=com.quicinc.vellamo/.benchmarks.BenchmarksActivity (has extras)} from pid 9359
04-23 10:18:41.330 I/ActivityManager(  431): Start proc com.quicinc.vellamo:benchmarks for activity com.quicinc.vellamo/.benchmarks.BenchmarksActivity: pid=9389 uid=10079 gids={50079, 3003, 1028, 1015, 3002, 3001}
04-23 10:18:51.640 D/ConnectivityService(  431): Sampling interval elapsed, updating statistics ..
04-23 10:18:51.640 V/BackupManagerService(  431): Running a backup pass
04-23 10:18:51.640 D/ConnectivityService(  431): Done.
04-23 10:18:51.640 D/ConnectivityService(  431): Setting timer for 720seconds
04-23 10:18:51.650 V/BackupManagerService(  431): clearing pending backups
04-23 10:18:51.700 V/PerformBackupTask(  431): Beginning backup of 11 targets
04-23 10:18:51.730 D/PerformBackupTask(  431): invokeAgentForBackup on @pm@
04-23 10:18:51.750 I/PerformBackupTask(  431): no backup data written; not calling transport
04-23 10:18:51.750 D/PerformBackupTask(  431): starting agent for backup of BackupRequest{pkg=com.android.browser}
04-23 10:18:51.770 I/ActivityManager(  431): Start proc com.android.browser for backup com.android.browser/.BrowserBackupAgent: pid=9420 uid=10023 gids={50023, 3003, 1028, 1015}
04-23 10:18:51.770 D/BackupManagerService(  431): awaiting agent for ApplicationInfo{41b6ceb0 com.android.browser}
04-23 10:18:51.940 D/BackupManagerService(  431): agentConnected pkg=com.android.browser agent=android.os.BinderProxy@41d18db8
04-23 10:18:51.940 I/BackupManagerService(  431): got agent android.app.IBackupAgent$Stub$Proxy@41db57a8
04-23 10:18:51.940 D/PerformBackupTask(  431): invokeAgentForBackup on com.android.browser
04-23 10:18:51.940 I/PerformBackupTask(  431): no backup data written; not calling transport
04-23 10:18:51.950 D/PerformBackupTask(  431): starting agent for backup of BackupRequest{pkg=com.google.android.calendar}
04-23 10:18:51.980 I/ActivityManager(  431): Start proc com.google.android.calendar for backup com.google.android.calendar/com.android.calendar.CalendarBackupAgent: pid=9438 uid=10025 gids={50025, 3003}
04-23 10:18:52.000 D/BackupManagerService(  431): awaiting agent for ApplicationInfo{41b79078 com.google.android.calendar}
04-23 10:18:52.210 D/BackupManagerService(  431): agentConnected pkg=com.google.android.calendar agent=android.os.BinderProxy@41ccac68
04-23 10:18:52.210 I/BackupManagerService(  431): got agent android.app.IBackupAgent$Stub$Proxy@41d48550
04-23 10:18:52.210 D/PerformBackupTask(  431): invokeAgentForBackup on com.google.android.calendar
04-23 10:18:52.220 I/PerformBackupTask(  431): no backup data written; not calling transport
04-23 10:18:52.220 D/PerformBackupTask(  431): starting agent for backup of BackupRequest{pkg=com.google.android.googlequicksearchbox}
04-23 10:18:52.240 I/ActivityManager(  431): Start proc com.google.android.googlequicksearchbox for backup com.google.android.googlequicksearchbox/com.android.launcher3.LauncherBackupAgentHelper: pid=9454 uid=10017 gids={50017, 3003, 1028, 3002, 1015}
04-23 10:18:52.240 D/BackupManagerService(  431): awaiting agent for ApplicationInfo{41ac8a70 com.google.android.googlequicksearchbox}
04-23 10:18:52.930 D/BackupManagerService(  431): agentConnected pkg=com.google.android.googlequicksearchbox agent=android.os.BinderProxy@41eca0f8
04-23 10:18:52.930 I/BackupManagerService(  431): got agent android.app.IBackupAgent$Stub$Proxy@41e8ded0
04-23 10:18:52.930 D/PerformBackupTask(  431): invokeAgentForBackup on com.google.android.googlequicksearchbox
04-23 10:18:52.990 E/ActivityThread( 9454): Failed to find provider info for com.google.android.launcher.settings
04-23 10:18:53.010 I/PerformBackupTask(  431): no backup data written; not calling transport
04-23 10:18:53.020 D/PerformBackupTask(  431): starting agent for backup of BackupRequest{pkg=com.android.vending}
04-23 10:18:53.030 I/ActivityManager(  431): Start proc com.android.vending for backup com.android.vending/.VendingBackupAgent: pid=9468 uid=10013 gids={50013, 3003, 1028, 1015}
04-23 10:18:53.030 D/BackupManagerService(  431): awaiting agent for ApplicationInfo{41ab8590 com.android.vending}
04-23 10:18:53.770 D/BackupManagerService(  431): agentConnected pkg=com.android.vending agent=android.os.BinderProxy@41cba308
04-23 10:18:53.770 I/BackupManagerService(  431): got agent android.app.IBackupAgent$Stub$Proxy@41e82530
04-23 10:18:53.770 D/PerformBackupTask(  431): invokeAgentForBackup on com.android.vending
04-23 10:18:53.850 I/ActivityManager(  431): Start proc android.process.media for content provider com.android.providers.downloads/.DownloadProvider: pid=9502 uid=10004 gids={50004, 1028, 1015, 1023, 1024, 2001, 3003, 3007}
04-23 10:18:53.950 D/PerformBackupTask(  431): starting agent for backup of BackupRequest{pkg=android}
04-23 10:18:53.950 D/BackupManagerService(  431): awaiting agent for ApplicationInfo{41a8d7d8 android}
04-23 10:18:53.950 D/BackupManagerService(  431): agentConnected pkg=android agent=android.app.backup.BackupAgent$BackupServiceBinder@41cee7d8
04-23 10:18:53.950 I/BackupManagerService(  431): got agent android.app.backup.BackupAgent$BackupServiceBinder@41cee7d8
04-23 10:18:53.950 D/PerformBackupTask(  431): invokeAgentForBackup on android
04-23 10:18:53.990 D/PerformBackupTask(  431): starting agent for backup of BackupRequest{pkg=com.google.android.marvin.talkback}
04-23 10:18:54.030 I/ActivityManager(  431): Start proc com.google.android.marvin.talkback for backup com.google.android.marvin.talkback/.TalkBackBackupAgent: pid=9515 uid=10020 gids={50020, 1028, 1015}
04-23 10:18:54.040 D/BackupManagerService(  431): awaiting agent for ApplicationInfo{41b5a150 com.google.android.marvin.talkback}
04-23 10:18:54.300 D/BackupManagerService(  431): agentConnected pkg=com.google.android.marvin.talkback agent=android.os.BinderProxy@41e09308
04-23 10:18:54.310 I/BackupManagerService(  431): got agent android.app.IBackupAgent$Stub$Proxy@41d60220
04-23 10:18:54.310 D/PerformBackupTask(  431): invokeAgentForBackup on com.google.android.marvin.talkback
04-23 10:18:54.320 I/PerformBackupTask(  431): no backup data written; not calling transport
04-23 10:18:54.330 D/PerformBackupTask(  431): starting agent for backup of BackupRequest{pkg=com.android.providers.userdictionary}
04-23 10:18:54.340 D/BackupManagerService(  431): awaiting agent for ApplicationInfo{41b84358 com.android.providers.userdictionary}
04-23 10:18:54.340 D/BackupManagerService(  431): agentConnected pkg=com.android.providers.userdictionary agent=android.os.BinderProxy@41e286d0
04-23 10:18:54.340 I/BackupManagerService(  431): got agent android.app.IBackupAgent$Stub$Proxy@41d44690
04-23 10:18:54.340 D/PerformBackupTask(  431): invokeAgentForBackup on com.android.providers.userdictionary
04-23 10:18:54.410 I/PerformBackupTask(  431): no backup data written; not calling transport
04-23 10:18:54.420 D/PerformBackupTask(  431): starting agent for backup of BackupRequest{pkg=com.google.android.gm}
04-23 10:18:54.430 I/ActivityManager(  431): Start proc com.google.android.gm for backup com.google.android.gm/.persistence.GmailBackupAgent: pid=9532 uid=10038 gids={50038, 3003, 1028, 1015}
04-23 10:18:54.430 D/BackupManagerService(  431): awaiting agent for ApplicationInfo{41ba29c0 com.google.android.gm}
04-23 10:18:55.210 D/ActivityThread( 9532): Loading provider com.android.gmail.ui: com.google.android.gm.provider.GmailProvider
04-23 10:18:55.450 I/ActivityManager(  431): Process android.process.acore (pid 9148) has died.
04-23 10:18:55.540 I/ActivityManager(  431): Process com.android.gallery3d (pid 9127) has died.
04-23 10:18:55.650 I/ActivityManager(  431): Process com.android.deskclock (pid 9087) has died.
04-23 10:18:55.790 I/ActivityManager(  431): Process com.android.defcontainer (pid 8815) has died.
04-23 10:18:55.910 I/ActivityManager(  431): Process com.google.android.calendar (pid 9438) has died.
04-23 10:18:55.970 D/BackupManagerService(  431): agentConnected pkg=com.google.android.gm agent=android.os.BinderProxy@41d38118
04-23 10:18:55.970 I/BackupManagerService(  431): got agent android.app.IBackupAgent$Stub$Proxy@419a6368
04-23 10:18:55.970 D/PerformBackupTask(  431): invokeAgentForBackup on com.google.android.gm
04-23 10:18:56.000 I/ActivityManager(  431): Process com.google.android.googlequicksearchbox (pid 9454) has died.
04-23 10:18:56.120 I/ActivityManager(  431): Start proc com.google.android.gms for service com.google.android.gms/.icing.impl.IndexService: pid=9567 uid=10006 gids={50006, 3003, 1007, 1028, 1015, 2001, 3006, 3007}
04-23 10:18:56.640 I/PerformBackupTask(  431): no backup data written; not calling transport
04-23 10:18:56.640 D/PerformBackupTask(  431): starting agent for backup of BackupRequest{pkg=com.android.sharedstoragebackup}
04-23 10:18:56.700 I/ActivityManager(  431): Start proc com.android.sharedstoragebackup for backup com.android.sharedstoragebackup/.SharedStorageAgent: pid=9595 uid=10016 gids={50016, 1028, 1015, 1023}
04-23 10:18:56.710 D/BackupManagerService(  431): awaiting agent for ApplicationInfo{41b40748 com.android.sharedstoragebackup}
04-23 10:18:56.800 D/BackupManagerService(  431): agentConnected pkg=com.android.sharedstoragebackup agent=android.os.BinderProxy@41eeecb0
04-23 10:18:56.800 I/BackupManagerService(  431): got agent android.app.IBackupAgent$Stub$Proxy@41eef1d8
04-23 10:18:56.800 D/PerformBackupTask(  431): invokeAgentForBackup on com.android.sharedstoragebackup
04-23 10:18:56.880 I/PerformBackupTask(  431): no backup data written; not calling transport
04-23 10:18:56.880 D/PerformBackupTask(  431): starting agent for backup of BackupRequest{pkg=com.android.providers.settings}
04-23 10:18:56.920 D/BackupManagerService(  431): awaiting agent for ApplicationInfo{41b35a40 com.android.providers.settings}
04-23 10:18:56.950 D/BackupManagerService(  431): agentConnected pkg=com.android.providers.settings agent=android.app.backup.BackupAgent$BackupServiceBinder@41e95328
04-23 10:18:56.950 I/BackupManagerService(  431): got agent android.app.backup.BackupAgent$BackupServiceBinder@41e95328
04-23 10:18:56.950 D/PerformBackupTask(  431): invokeAgentForBackup on com.android.providers.settings
04-23 10:18:57.420 I/PerformBackupTask(  431): no backup data written; not calling transport
04-23 10:18:57.420 D/PerformBackupTask(  431): starting agent for backup of BackupRequest{pkg=com.google.android.inputmethod.latin}
04-23 10:18:57.430 I/ActivityManager(  431): Start proc com.google.android.inputmethod.latin for backup com.google.android.inputmethod.latin/com.android.inputmethod.latin.BackupAgent: pid=9614 uid=10044 gids={50044, 3003, 1028, 1015}
04-23 10:18:57.430 D/BackupManagerService(  431): awaiting agent for ApplicationInfo{41b12ff8 com.google.android.inputmethod.latin}
04-23 10:18:57.610 D/BackupManagerService(  431): agentConnected pkg=com.google.android.inputmethod.latin agent=android.os.BinderProxy@41ca38d8
04-23 10:18:57.610 I/BackupManagerService(  431): got agent android.app.IBackupAgent$Stub$Proxy@41d78170
04-23 10:18:57.610 D/PerformBackupTask(  431): invokeAgentForBackup on com.google.android.inputmethod.latin
04-23 10:18:57.620 I/PerformBackupTask(  431): no backup data written; not calling transport
04-23 10:18:57.620 I/PerformBackupTask(  431): Backup pass finished.
04-23 10:19:00.870 W/ActivityManager(  431): Unable to start service Intent { act=com.google.android.gms.analytics.service.START cmp=com.google.android.gms/.analytics.service.AnalyticsService (has extras) } U=0: not found
04-23 10:19:05.880 W/ActivityManager(  431): Unable to start service Intent { act=com.google.android.gms.analytics.service.START cmp=com.google.android.gms/.analytics.service.AnalyticsService (has extras) } U=0: not found
04-23 10:19:06.170 D/PowerManagerService(  431): mHoldBootFastWakeLock = true
04-23 10:19:09.320 I/ActivityManager(  431): Process com.android.vending (pid 9468) has died.
04-23 10:19:09.350 I/ActivityManager(  431): Process com.android.browser (pid 9420) has died.
04-23 10:19:09.390 I/ActivityManager(  431): Process com.google.android.marvin.talkback (pid 9515) has died.
04-23 10:19:10.440 I/ActivityManager(  431): Process com.google.android.gm (pid 9532) has died.
04-23 10:19:11.210 I/ActivityManager(  431): Start proc com.android.vending for service com.android.vending/com.google.android.finsky.services.ContentSyncService: pid=9642 uid=10013 gids={50013, 3003, 1028, 1015}
04-23 10:19:11.210 I/ActivityManager(  431): Process com.google.android.gms (pid 9567) has died.
04-23 10:19:11.310 I/ActivityManager(  431): Process com.google.android.inputmethod.latin (pid 9614) has died.
04-23 10:19:11.310 I/ActivityManager(  431): Process com.android.sharedstoragebackup (pid 9595) has died.
04-23 10:19:11.330 I/ActivityManager(  431): Process android.process.media (pid 9502) has died.
04-23 10:19:11.440 I/ActivityManager(  431): Process com.rightware.tdmm2v10jnifree (pid 9114) has died.
04-23 10:19:11.450 I/WindowState(  431): WIN DEATH: Window{41d6faa0 u0 com.rightware.tdmm2v10jnifree/com.rightware.tdmm2v10jnifree.TDMM2V10free}
04-23 10:19:11.450 I/WindowState(  431): WIN DEATH: Window{41d32d38 u0 com.rightware.tdmm2v10jnifree/com.rightware.tdmm2v10jnifree.ScoreView}
04-23 10:19:11.620 I/ActivityManager(  431): Process com.futuremark.dmandroid.application (pid 9277) has died.
04-23 10:19:11.620 I/WindowState(  431): WIN DEATH: Window{41e50900 u0 com.futuremark.dmandroid.application/com.futuremark.dmandroid.application.activity.MainActivity}
04-23 10:19:11.710 I/ActivityManager(  431): Process com.softwinner.baseservice:baseservice (pid 8629) has died.
04-23 10:19:11.710 W/ActivityManager(  431): Scheduling restart of crashed service com.softwinner.baseservice/com.softwinner.service.SoftWinnerService in 5000ms
04-23 10:19:11.740 I/ActivityManager(  431): Process com.android.launcher (pid 8770) has died.
04-23 10:19:11.740 I/WindowState(  431): WIN DEATH: Window{41e108a8 u0 com.android.launcher/com.android.launcher2.Launcher}
04-23 10:19:11.810 I/WindowState(  431): WIN DEATH: Window{41d96660 u0 com.antutu.ABenchMark/com.antutu.benchmark.activity.MainActivity}
04-23 10:19:11.810 I/ActivityManager(  431): Process com.antutu.ABenchMark (pid 8685) has died.
04-23 10:19:11.810 W/ActivityManager(  431): Scheduling restart of crashed service com.antutu.ABenchMark/com.antutu.benchmark.BenchmarkService in 14898ms
04-23 10:19:12.090 I/ActivityManager(  431): Start proc android.process.media for content provider com.android.providers.downloads/.DownloadProvider: pid=9675 uid=10004 gids={50004, 1028, 1015, 1023, 1024, 2001, 3003, 3007}
04-23 10:19:16.740 I/ActivityManager(  431): Start proc com.softwinner.baseservice:baseservice for service com.softwinner.baseservice/com.softwinner.service.SoftWinnerService: pid=9703 uid=10065 gids={50065, 1028, 1015, 3003}
04-23 10:19:26.740 I/ActivityManager(  431): Start proc com.antutu.ABenchMark for service com.antutu.ABenchMark/com.antutu.benchmark.BenchmarkService: pid=9725 uid=10076 gids={50076, 3003, 1028, 1015}
04-23 10:19:45.230 I/ActivityManager(  431): START u0 {act=android.intent.action.MAIN cat=[android.intent.category.HOME] flg=0x10200000 cmp=com.android.launcher/com.android.launcher2.Launcher} from pid 431
04-23 10:19:45.290 I/ActivityManager(  431): Start proc com.android.launcher for activity com.android.launcher/com.android.launcher2.Launcher: pid=9782 uid=10011 gids={50011}
04-23 10:19:48.580 W/InputMethodManagerService(  431): Starting input on non-focused client com.android.internal.view.IInputMethodClient$Stub$Proxy@41b06fd0 (uid=10079 pid=9389)
04-23 10:19:49.750 I/ActivityManager(  431): Start proc com.android.deskclock for service com.android.deskclock/com.android.alarmclock.DigitalAppWidgetService: pid=9811 uid=10028 gids={50028, 1028}
04-23 10:19:57.800 D/PowerManagerService(  431): mHoldBootFastWakeLock = true
04-23 10:21:06.170 D/PowerManagerService(  431): mHoldBootFastWakeLock = true
04-23 10:21:48.020 D/PowerManagerService(  431): mHoldBootFastWakeLock = true
04-23 10:21:49.950 I/PowerManagerService(  431): Going to sleep due to screen timeout...
04-23 10:22:06.170 D/PowerManagerService(  431): mHoldBootFastWakeLock = true
04-23 10:23:06.170 D/PowerManagerService(  431): mHoldBootFastWakeLock = true
04-23 10:23:56.660 D/ConnectivityService(  431): handleInetConditionChange: no active default network - ignore
04-23 10:23:56.670 W/SocketClient(  107): write error (Broken pipe)
04-23 10:24:06.170 D/PowerManagerService(  431): mHoldBootFastWakeLock = true
04-23 10:24:12.890 W/SocketClient(  107): write error (Broken pipe)
04-23 10:25:06.170 D/PowerManagerService(  431): mHoldBootFastWakeLock = true
04-23 10:26:06.170 D/PowerManagerService(  431): mHoldBootFastWakeLock = true
04-23 10:27:06.170 D/PowerManagerService(  431): mHoldBootFastWakeLock = true
04-23 10:28:06.170 D/PowerManagerService(  431): mHoldBootFastWakeLock = true
04-23 10:28:56.670 D/ConnectivityService(  431): handleInetConditionChange: no active default network - ignore
04-23 10:28:56.680 W/SocketClient(  107): write error (Broken pipe)
04-23 10:29:06.170 D/PowerManagerService(  431): mHoldBootFastWakeLock = true
04-23 10:29:13.060 W/SocketClient(  107): write error (Broken pipe)
04-23 10:30:06.170 D/PowerManagerService(  431): mHoldBootFastWakeLock = true
04-23 10:30:51.650 D/ConnectivityService(  431): Sampling interval elapsed, updating statistics ..
04-23 10:30:51.720 D/ConnectivityService(  431): Done.
04-23 10:30:51.720 D/ConnectivityService(  431): Setting timer for 720seconds
04-23 10:31:06.170 D/PowerManagerService(  431): mHoldBootFastWakeLock = true
04-23 10:31:29.180 D/PowerManagerService(  431): mHoldBootFastWakeLock = true
04-23 10:33:06.170 D/PowerManagerService(  431): mHoldBootFastWakeLock = true
04-23 10:33:56.690 D/ConnectivityService(  431): handleInetConditionChange: no active default network - ignore
04-23 10:33:56.690 W/SocketClient(  107): write error (Broken pipe)
04-23 10:34:06.170 D/PowerManagerService(  431): mHoldBootFastWakeLock = true
04-23 10:34:59.600 D/PowerManagerService(  431): mHoldBootFastWakeLock = true
04-23 10:36:06.170 D/PowerManagerService(  431): mHoldBootFastWakeLock = true
04-23 10:37:06.170 D/PowerManagerService(  431): mHoldBootFastWakeLock = true
04-23 10:38:06.170 D/PowerManagerService(  431): mHoldBootFastWakeLock = true
04-23 10:38:56.700 D/ConnectivityService(  431): handleInetConditionChange: no active default network - ignore
04-23 10:38:56.700 W/SocketClient(  107): write error (Broken pipe)
04-23 10:39:06.170 D/PowerManagerService(  431): mHoldBootFastWakeLock = true
04-23 10:39:13.410 W/SocketClient(  107): write error (Broken pipe)
04-23 10:40:06.170 D/PowerManagerService(  431): mHoldBootFastWakeLock = true
04-23 10:41:06.170 D/PowerManagerService(  431): mHoldBootFastWakeLock = true
04-23 10:42:06.170 D/PowerManagerService(  431): mHoldBootFastWakeLock = true
04-23 10:42:51.720 D/ConnectivityService(  431): Sampling interval elapsed, updating statistics ..
04-23 10:42:51.730 D/ConnectivityService(  431): Done.
04-23 10:42:51.730 D/ConnectivityService(  431): Setting timer for 720seconds
04-23 10:43:06.170 D/PowerManagerService(  431): mHoldBootFastWakeLock = true
04-23 10:43:56.710 D/ConnectivityService(  431): handleInetConditionChange: no active default network - ignore
04-23 10:43:56.720 W/SocketClient(  107): write error (Broken pipe)
04-23 10:44:06.170 D/PowerManagerService(  431): mHoldBootFastWakeLock = true
04-23 10:44:13.550 W/SocketClient(  107): write error (Broken pipe)
04-23 10:45:06.170 D/PowerManagerService(  431): mHoldBootFastWakeLock = true
04-23 10:46:06.170 D/PowerManagerService(  431): mHoldBootFastWakeLock = true
04-23 10:47:06.170 D/PowerManagerService(  431): mHoldBootFastWakeLock = true
04-23 10:48:00.010 I/ProcessStatsService(  431): Prepared write state in 7ms
04-23 10:48:00.030 I/ProcessStatsService(  431): Prepared write state in 18ms
04-23 10:48:06.170 D/PowerManagerService(  431): mHoldBootFastWakeLock = true
04-23 10:48:56.720 W/SocketClient(  107): write error (Broken pipe)
04-23 10:48:56.780 D/ConnectivityService(  431): handleInetConditionChange: no active default network - ignore
04-23 10:48:56.790 I/ActivityManager(  431): Delay finish: com.google.android.gsf/.checkin.EventLogService$Receiver
04-23 10:48:56.830 I/ActivityManager(  431): Resuming delayed broadcast
04-23 10:49:06.170 D/PowerManagerService(  431): mHoldBootFastWakeLock = true
04-23 10:49:13.760 W/SocketClient(  107): write error (Broken pipe)
04-23 10:51:06.170 D/PowerManagerService(  431): mHoldBootFastWakeLock = true
04-23 10:52:06.170 D/PowerManagerService(  431): mHoldBootFastWakeLock = true
04-23 10:53:06.190 D/PowerManagerService(  431): mHoldBootFastWakeLock = true
04-23 10:53:56.790 D/ConnectivityService(  431): handleInetConditionChange: no active default network - ignore
04-23 10:53:56.800 W/SocketClient(  107): write error (Broken pipe)
04-23 10:54:06.170 D/PowerManagerService(  431): mHoldBootFastWakeLock = true
04-23 10:54:13.930 W/SocketClient(  107): write error (Broken pipe)
04-23 10:54:51.740 D/ConnectivityService(  431): Sampling interval elapsed, updating statistics ..
04-23 10:54:51.740 D/ConnectivityService(  431): Done.
04-23 10:54:51.740 D/ConnectivityService(  431): Setting timer for 720seconds
04-23 10:56:06.170 D/PowerManagerService(  431): mHoldBootFastWakeLock = true
04-23 10:57:06.170 D/PowerManagerService(  431): mHoldBootFastWakeLock = true
04-23 10:58:06.170 D/PowerManagerService(  431): mHoldBootFastWakeLock = true
04-23 10:58:56.810 D/ConnectivityService(  431): handleInetConditionChange: no active default network - ignore
04-23 10:58:56.810 W/SocketClient(  107): write error (Broken pipe)
04-23 10:59:06.170 D/PowerManagerService(  431): mHoldBootFastWakeLock = true
04-23 10:59:14.120 W/SocketClient(  107): write error (Broken pipe)
04-23 11:00:06.170 D/PowerManagerService(  431): mHoldBootFastWakeLock = true
04-23 11:01:06.180 D/PowerManagerService(  431): mHoldBootFastWakeLock = true
04-23 11:02:06.170 D/PowerManagerService(  431): mHoldBootFastWakeLock = true
04-23 11:03:06.170 D/PowerManagerService(  431): mHoldBootFastWakeLock = true
04-23 11:03:56.830 D/ConnectivityService(  431): handleInetConditionChange: no active default network - ignore
04-23 11:04:06.170 D/PowerManagerService(  431): mHoldBootFastWakeLock = true
04-23 11:04:14.280 W/SocketClient(  107): write error (Broken pipe)
04-23 11:05:06.190 D/PowerManagerService(  431): mHoldBootFastWakeLock = true
04-23 11:06:06.170 D/PowerManagerService(  431): mHoldBootFastWakeLock = true
04-23 11:06:51.750 D/ConnectivityService(  431): Sampling interval elapsed, updating statistics ..
04-23 11:06:51.750 D/ConnectivityService(  431): Done.
04-23 11:06:51.750 D/ConnectivityService(  431): Setting timer for 720seconds
04-23 11:07:06.170 D/PowerManagerService(  431): mHoldBootFastWakeLock = true
04-23 11:08:06.170 D/PowerManagerService(  431): mHoldBootFastWakeLock = true
04-23 11:08:56.840 D/ConnectivityService(  431): handleInetConditionChange: no active default network - ignore
04-23 11:08:56.840 W/SocketClient(  107): write error (Broken pipe)
04-23 11:09:06.170 D/PowerManagerService(  431): mHoldBootFastWakeLock = true
04-23 11:09:14.410 W/SocketClient(  107): write error (Broken pipe)
04-23 11:10:06.170 D/PowerManagerService(  431): mHoldBootFastWakeLock = true
04-23 11:11:06.170 D/PowerManagerService(  431): mHoldBootFastWakeLock = true
04-23 11:12:06.170 D/PowerManagerService(  431): mHoldBootFastWakeLock = true
04-23 11:13:06.170 D/PowerManagerService(  431): mHoldBootFastWakeLock = true
04-23 11:13:56.850 D/ConnectivityService(  431): handleInetConditionChange: no active default network - ignore
04-23 11:13:56.860 W/SocketClient(  107): write error (Broken pipe)
04-23 11:14:06.170 D/PowerManagerService(  431): mHoldBootFastWakeLock = true
04-23 11:14:14.580 W/SocketClient(  107): write error (Broken pipe)
04-23 11:15:06.170 D/PowerManagerService(  431): mHoldBootFastWakeLock = true
04-23 11:16:06.170 D/PowerManagerService(  431): mHoldBootFastWakeLock = true
04-23 11:17:06.190 D/PowerManagerService(  431): mHoldBootFastWakeLock = true
04-23 11:17:58.170 I/ActivityManager(  431): Start proc com.google.android.googlequicksearchbox:search for service com.google.android.googlequicksearchbox/com.google.android.velvet.VelvetBackgroundTasksImpl$Service: pid=10570 uid=10017 gids={50017, 3003, 1028, 3002, 1015}
04-23 11:17:58.820 I/ActivityManager(  431): Start proc com.google.android.partnersetup for content provider com.google.android.partnersetup/.RlzAppProvider: pid=10594 uid=10009 gids={50009, 3003}
04-23 11:17:59.610 D/PowerManagerService(  431): mHoldBootFastWakeLock = true
04-23 11:18:03.970 W/ActivityManager(  431): Unable to start service Intent { act=com.google.android.gms.analytics.service.START cmp=com.google.android.gms/.analytics.service.AnalyticsService (has extras) } U=0: not found
04-23 11:18:04.760 D/PowerManagerService(  431): mHoldBootFastWakeLock = true
04-23 11:18:08.980 W/ActivityManager(  431): Unable to start service Intent { act=com.google.android.gms.analytics.service.START cmp=com.google.android.gms/.analytics.service.AnalyticsService (has extras) } U=0: not found
04-23 11:18:37.470 I/ActivityManager(  431): Start proc com.kugou.android.support for broadcast com.kugou.android/.app.receiver.MessagePushReceiver: pid=10640 uid=10081 gids={50081, 3003, 1028, 1015, 3002, 3001}
04-23 11:18:37.510 I/ProcessStatsService(  431): Prepared write state in 7ms
04-23 11:18:56.860 D/ConnectivityService(  431): Sampling interval elapsed, updating statistics ..
04-23 11:18:56.860 D/ConnectivityService(  431): Done.
04-23 11:18:56.860 D/ConnectivityService(  431): Setting timer for 720seconds
04-23 11:18:56.880 I/ActivityManager(  431): Delay finish: com.google.android.gsf/.checkin.EventLogService$Receiver
04-23 11:18:56.930 D/ConnectivityService(  431): handleInetConditionChange: no active default network - ignore
04-23 11:18:56.960 I/ActivityManager(  431): Resuming delayed broadcast
04-23 11:19:06.170 D/PowerManagerService(  431): mHoldBootFastWakeLock = true
04-23 11:19:14.740 W/SocketClient(  107): write error (Broken pipe)
04-23 11:20:06.170 D/PowerManagerService(  431): mHoldBootFastWakeLock = true
04-23 11:23:56.940 V/BackupManagerService(  431): Running a backup pass
04-23 11:23:56.940 V/BackupManagerService(  431): Backup requested but nothing pending
04-23 11:23:56.950 D/ConnectivityService(  431): handleInetConditionChange: no active default network - ignore
04-23 11:24:14.900 W/SocketClient(  107): write error (Broken pipe)
04-23 11:26:06.170 D/PowerManagerService(  431): mHoldBootFastWakeLock = true
04-23 11:27:48.440 I/PowerManagerService(  431): Waking up from sleep...
04-23 11:27:48.460 I/WindowManager(  431): No lock screen! windowToken=null
04-23 11:27:48.990 I/ActivityManager(  431): START u0 {act=android.intent.action.MAIN cat=[android.intent.category.HOME] flg=0x10200000 cmp=com.android.launcher/com.android.launcher2.Launcher} from pid 431
04-23 11:27:49.510 I/ActivityManager(  431): START u0 {act=android.intent.action.MAIN cat=[android.intent.category.HOME] flg=0x10200000 cmp=com.android.launcher/com.android.launcher2.Launcher} from pid 431
04-23 11:27:50.610 I/ActivityManager(  431): START u0 {act=com.android.systemui.recent.action.TOGGLE_RECENTS flg=0x10800000 cmp=com.android.systemui/.recent.RecentsActivity} from pid 491
04-23 11:27:53.640 W/InputMethodManagerService(  431): Window already focused, ignoring focus gain of: com.android.internal.view.IInputMethodClient$Stub$Proxy@41e2adb8 attribute=null, token = android.os.BinderProxy@41e27a70
04-23 11:27:53.840 I/ActivityManager(  431): Killing 9725:com.antutu.ABenchMark/u0a76 (adj 16): remove task
04-23 11:27:53.860 W/ActivityManager(  431): Scheduling restart of crashed service com.antutu.ABenchMark/com.antutu.benchmark.BenchmarkService in 5000ms
04-23 11:27:54.490 I/ActivityManager(  431): START u0 {act=android.intent.action.MAIN cat=[android.intent.category.HOME] flg=0x10200000 cmp=com.android.launcher/com.android.launcher2.Launcher} from pid 431
04-23 11:27:54.670 I/WindowManager(  431): Screenshot Window{41eeb2f8 u0 com.android.systemui/com.android.systemui.recent.RecentsActivity} was monochrome(ff000000)! mSurfaceLayer=21010 minLayer=21015 maxLayer=21015
04-23 11:27:55.940 D/PowerManagerService(  431): mHoldBootFastWakeLock = true
04-23 11:27:57.640 I/ActivityManager(  431): START u0 {act=android.intent.action.MAIN cat=[android.intent.category.LAUNCHER] flg=0x10200000 cmp=com.antutu.ABenchMark/.ABenchMarkStart} from pid 9782
04-23 11:27:57.810 I/ActivityManager(  431): Start proc com.antutu.ABenchMark for activity com.antutu.ABenchMark/.ABenchMarkStart: pid=10847 uid=10076 gids={50076, 3003, 1028, 1015}
04-23 11:27:58.150 I/ActivityManager(  431): Killing 10570:com.google.android.googlequicksearchbox:search/u0a17 (adj 13): empty #2
04-23 11:27:58.150 I/ActivityManager(  431): Killing 9811:com.android.deskclock/u0a28 (adj 15): empty #3
04-23 11:27:58.160 I/ActivityManager(  431): Killing 9675:android.process.media/u0a4 (adj 15): empty #4
04-23 11:27:58.450 W/SocketClient(  107): write error (Broken pipe)
04-23 11:27:58.460 W/SocketClient(  107): write error (Broken pipe)
04-23 11:28:00.090 I/ActivityManager(  431): START u0 {cmp=com.antutu.ABenchMark/com.antutu.benchmark.activity.MainActivity} from pid 10847
04-23 11:28:01.030 I/ActivityManager(  431): Start proc com.android.defcontainer for service com.android.defcontainer/.DefaultContainerService: pid=10963 uid=10003 gids={50003, 1028, 1015, 1023, 2001, 1035}
04-23 11:28:01.990 W/SocketClient(  107): write error (Broken pipe)
04-23 11:28:04.370 I/ActivityManager(  431): START u0 {flg=0x4000000 cmp=com.antutu.ABenchMark/com.antutu.benchmark.activity.IndependentActivity (has extras)} from pid 10847
04-23 11:28:05.430 I/ActivityManager(  431): START u0 {flg=0x14000000 cmp=com.antutu.ABenchMark/com.antutu.benchmark.activity.ScoreBenchActivity (has extras)} from pid 10847
04-23 11:28:06.170 D/PowerManagerService(  431): mHoldBootFastWakeLock = true
04-23 11:28:12.270 I/ActivityManager(  431): Killing 10594:com.google.android.partnersetup/u0a9 (adj 13): empty #2
04-23 11:28:57.460 D/ConnectivityService(  431): handleInetConditionChange: no active default network - ignore
04-23 11:29:06.670 D/PowerManagerService(  431): mHoldBootFastWakeLock = true
04-23 11:29:10.500 W/InputMethodManagerService(  431): Window already focused, ignoring focus gain of: com.android.internal.view.IInputMethodClient$Stub$Proxy@41b00428 attribute=null, token = android.os.BinderProxy@41dfbd30
--------- beginning of /dev/log/main
04-23 11:29:10.720 I/hwcomposer(  110): IMG_hwcdev_pipe_assign_status_t hwcdev_try_to_assign_pipe(SUNXI_hwcdev_context_t*, SUNXI_hwcdev_pipe_t*, hwc_layer_1_t*, int, int): We use not config memory
04-23 11:29:10.720 I/hwcomposer(  110): IMG_hwcdev_pipe_assign_status_t hwcdev_try_to_assign_pipe(SUNXI_hwcdev_context_t*, SUNXI_hwcdev_pipe_t*, hwc_layer_1_t*, int, int): We use not config memory
04-23 11:29:10.840 D/gralloc (  110): ION_HEAP_CARVEOUT_MASK alloc
04-23 11:29:10.840 D/gralloc (  110): ION_HEAP_CARVEOUT_MASK alloc
04-23 11:29:10.880 D/gralloc (  110): ION_HEAP_CARVEOUT_MASK alloc
04-23 11:29:11.520 D/UIAutomatorStub( 2789): URI: /jsonrpc/0, Method: POST, Header: {content-type=application/json, connection=close, remote-addr=127.0.0.1, host=localhost:9008, content-length=212, http-client-ip=127.0.0.1, user-agent=Python-urllib/2.7, accept-encoding=identity}, params, {NanoHttpd.QUERY_STRING={"params": [{"childOrSiblingSelector": [], "text": "Unfortunately, AnTuTu Benchmark has stopped.", "mask": 1, "childOrSibling": []}], "jsonrpc": "2.0", "method": "exist", "id": "4bada5b0aaa150419b999ea60039e31e"}, {"params": [{"childOrSiblingSelector": [], "text": "Unfortunately, AnTuTu Benchmark has stopped.", "mask": 1, "childOrSibling": []}], "jsonrpc": "2.0", "method": "exist", "id": "4bada5b0aaa150419b999ea60039e31e"}=}, files: {}
04-23 11:29:11.590 D/UIAutomatorStub( 2789): URI: /jsonrpc/0, Method: POST, Header: {content-type=application/json, connection=close, remote-addr=127.0.0.1, host=localhost:9008, content-length=172, http-client-ip=127.0.0.1, user-agent=Python-urllib/2.7, accept-encoding=identity}, params, {{"params": [{"childOrSiblingSelector": [], "text": "Show", "mask": 1, "childOrSibling": []}], "jsonrpc": "2.0", "method": "exist", "id": "9ce79002903661320db0794a7dacde1c"}=, NanoHttpd.QUERY_STRING={"params": [{"childOrSiblingSelector": [], "text": "Show", "mask": 1, "childOrSibling": []}], "jsonrpc": "2.0", "method": "exist", "id": "9ce79002903661320db0794a7dacde1c"}}, files: {}
04-23 11:29:11.640 D/dalvikvm( 2789): GC_CONCURRENT freed 465K, 74% free 1329K/5084K, paused 3ms+1ms, total 46ms
04-23 11:29:13.680 D/UIAutomatorStub( 2789): URI: /jsonrpc/0, Method: POST, Header: {content-type=application/json, connection=close, remote-addr=127.0.0.1, host=localhost:9008, content-length=212, http-client-ip=127.0.0.1, user-agent=Python-urllib/2.7, accept-encoding=identity}, params, {NanoHttpd.QUERY_STRING={"params": [{"childOrSiblingSelector": [], "text": "Unfortunately, AnTuTu Benchmark has stopped.", "mask": 1, "childOrSibling": []}], "jsonrpc": "2.0", "method": "exist", "id": "03623841291d46904605dab27f69ddbe"}, {"params": [{"childOrSiblingSelector": [], "text": "Unfortunately, AnTuTu Benchmark has stopped.", "mask": 1, "childOrSibling": []}], "jsonrpc": "2.0", "method": "exist", "id": "03623841291d46904605dab27f69ddbe"}=}, files: {}
04-23 11:29:13.760 D/UIAutomatorStub( 2789): URI: /jsonrpc/0, Method: POST, Header: {content-type=application/json, connection=close, remote-addr=127.0.0.1, host=localhost:9008, content-length=172, http-client-ip=127.0.0.1, user-agent=Python-urllib/2.7, accept-encoding=identity}, params, {{"params": [{"childOrSiblingSelector": [], "text": "Show", "mask": 1, "childOrSibling": []}], "jsonrpc": "2.0", "method": "exist", "id": "cf3777f722e89497a736e29ef57124c0"}=, NanoHttpd.QUERY_STRING={"params": [{"childOrSiblingSelector": [], "text": "Show", "mask": 1, "childOrSibling": []}], "jsonrpc": "2.0", "method": "exist", "id": "cf3777f722e89497a736e29ef57124c0"}}, files: {}
04-23 11:29:13.780 D/dalvikvm( 2789): GC_CONCURRENT freed 433K, 74% free 1329K/5084K, paused 3ms+2ms, total 33ms
04-23 11:29:14.270 I/hwcomposer(  110): IMG_hwcdev_pipe_assign_status_t hwcdev_try_to_assign_pipe(SUNXI_hwcdev_context_t*, SUNXI_hwcdev_pipe_t*, hwc_layer_1_t*, int, int): We use not config memory
04-23 11:29:14.280 I/hwcomposer(  110): IMG_hwcdev_pipe_assign_status_t hwcdev_try_to_assign_pipe(SUNXI_hwcdev_context_t*, SUNXI_hwcdev_pipe_t*, hwc_layer_1_t*, int, int): We use not config memory
04-23 11:29:14.280 I/hwcomposer(  110): IMG_hwcdev_pipe_assign_status_t hwcdev_try_to_assign_pipe(SUNXI_hwcdev_context_t*, SUNXI_hwcdev_pipe_t*, hwc_layer_1_t*, int, int): We use not config memory
04-23 11:29:14.310 I/hwcomposer(  110): IMG_hwcdev_pipe_assign_status_t hwcdev_try_to_assign_pipe(SUNXI_hwcdev_context_t*, SUNXI_hwcdev_pipe_t*, hwc_layer_1_t*, int, int): We use not config memory
04-23 11:29:14.310 I/hwcomposer(  110): IMG_hwcdev_pipe_assign_status_t hwcdev_try_to_assign_pipe(SUNXI_hwcdev_context_t*, SUNXI_hwcdev_pipe_t*, hwc_layer_1_t*, int, int): We use not config memory
04-23 11:29:14.320 I/hwcomposer(  110): IMG_hwcdev_pipe_assign_status_t hwcdev_try_to_assign_pipe(SUNXI_hwcdev_context_t*, SUNXI_hwcdev_pipe_t*, hwc_layer_1_t*, int, int): We use not config memory
04-23 11:29:14.320 I/hwcomposer(  110): IMG_hwcdev_pipe_assign_status_t hwcdev_try_to_assign_pipe(SUNXI_hwcdev_context_t*, SUNXI_hwcdev_pipe_t*, hwc_layer_1_t*, int, int): We use not config memory
04-23 11:29:14.340 I/hwcomposer(  110): IMG_hwcdev_pipe_assign_status_t hwcdev_try_to_assign_pipe(SUNXI_hwcdev_context_t*, SUNXI_hwcdev_pipe_t*, hwc_layer_1_t*, int, int): We use not config memory
04-23 11:29:14.340 I/hwcomposer(  110): IMG_hwcdev_pipe_assign_status_t hwcdev_try_to_assign_pipe(SUNXI_hwcdev_context_t*, SUNXI_hwcdev_pipe_t*, hwc_layer_1_t*, int, int): We use not config memory
04-23 11:29:14.360 I/hwcomposer(  110): IMG_hwcdev_pipe_assign_status_t hwcdev_try_to_assign_pipe(SUNXI_hwcdev_context_t*, SUNXI_hwcdev_pipe_t*, hwc_layer_1_t*, int, int): We use not config memory
04-23 11:29:14.360 I/hwcomposer(  110): IMG_hwcdev_pipe_assign_status_t hwcdev_try_to_assign_pipe(SUNXI_hwcdev_context_t*, SUNXI_hwcdev_pipe_t*, hwc_layer_1_t*, int, int): We use not config memory
04-23 11:29:14.370 I/hwcomposer(  110): IMG_hwcdev_pipe_assign_status_t hwcdev_try_to_assign_pipe(SUNXI_hwcdev_context_t*, SUNXI_hwcdev_pipe_t*, hwc_layer_1_t*, int, int): We use not config memory
04-23 11:29:14.370 I/hwcomposer(  110): IMG_hwcdev_pipe_assign_status_t hwcdev_try_to_assign_pipe(SUNXI_hwcdev_context_t*, SUNXI_hwcdev_pipe_t*, hwc_layer_1_t*, int, int): We use not config memory
04-23 11:29:14.390 I/hwcomposer(  110): IMG_hwcdev_pipe_assign_status_t hwcdev_try_to_assign_pipe(SUNXI_hwcdev_context_t*, SUNXI_hwcdev_pipe_t*, hwc_layer_1_t*, int, int): We use not config memory
04-23 11:29:14.390 I/hwcomposer(  110): IMG_hwcdev_pipe_assign_status_t hwcdev_try_to_assign_pipe(SUNXI_hwcdev_context_t*, SUNXI_hwcdev_pipe_t*, hwc_layer_1_t*, int, int): We use not config memory
04-23 11:29:14.390 I/hwcomposer(  110): IMG_hwcdev_pipe_assign_status_t hwcdev_try_to_assign_pipe(SUNXI_hwcdev_context_t*, SUNXI_hwcdev_pipe_t*, hwc_layer_1_t*, int, int): We use not config memory
04-23 11:29:14.410 I/hwcomposer(  110): IMG_hwcdev_pipe_assign_status_t hwcdev_try_to_assign_pipe(SUNXI_hwcdev_context_t*, SUNXI_hwcdev_pipe_t*, hwc_layer_1_t*, int, int): We use not config memory
04-23 11:29:14.410 I/hwcomposer(  110): IMG_hwcdev_pipe_assign_status_t hwcdev_try_to_assign_pipe(SUNXI_hwcdev_context_t*, SUNXI_hwcdev_pipe_t*, hwc_layer_1_t*, int, int): We use not config memory
04-23 11:29:14.430 I/hwcomposer(  110): IMG_hwcdev_pipe_assign_status_t hwcdev_try_to_assign_pipe(SUNXI_hwcdev_context_t*, SUNXI_hwcdev_pipe_t*, hwc_layer_1_t*, int, int): We use not config memory
04-23 11:29:14.430 I/hwcomposer(  110): IMG_hwcdev_pipe_assign_status_t hwcdev_try_to_assign_pipe(SUNXI_hwcdev_context_t*, SUNXI_hwcdev_pipe_t*, hwc_layer_1_t*, int, int): We use not config memory
04-23 11:29:14.440 I/hwcomposer(  110): IMG_hwcdev_pipe_assign_status_t hwcdev_try_to_assign_pipe(SUNXI_hwcdev_context_t*, SUNXI_hwcdev_pipe_t*, hwc_layer_1_t*, int, int): We use not config memory
04-23 11:29:14.440 I/hwcomposer(  110): IMG_hwcdev_pipe_assign_status_t hwcdev_try_to_assign_pipe(SUNXI_hwcdev_context_t*, SUNXI_hwcdev_pipe_t*, hwc_layer_1_t*, int, int): We use not config memory
04-23 11:29:14.460 I/hwcomposer(  110): IMG_hwcdev_pipe_assign_status_t hwcdev_try_to_assign_pipe(SUNXI_hwcdev_context_t*, SUNXI_hwcdev_pipe_t*, hwc_layer_1_t*, int, int): We use not config memory
04-23 11:29:14.460 I/hwcomposer(  110): IMG_hwcdev_pipe_assign_status_t hwcdev_try_to_assign_pipe(SUNXI_hwcdev_context_t*, SUNXI_hwcdev_pipe_t*, hwc_layer_1_t*, int, int): We use not config memory
04-23 11:29:14.480 I/hwcomposer(  110): IMG_hwcdev_pipe_assign_status_t hwcdev_try_to_assign_pipe(SUNXI_hwcdev_context_t*, SUNXI_hwcdev_pipe_t*, hwc_layer_1_t*, int, int): We use not config memory
04-23 11:29:14.480 I/hwcomposer(  110): IMG_hwcdev_pipe_assign_status_t hwcdev_try_to_assign_pipe(SUNXI_hwcdev_context_t*, SUNXI_hwcdev_pipe_t*, hwc_layer_1_t*, int, int): We use not config memory
04-23 11:29:14.490 I/hwcomposer(  110): IMG_hwcdev_pipe_assign_status_t hwcdev_try_to_assign_pipe(SUNXI_hwcdev_context_t*, SUNXI_hwcdev_pipe_t*, hwc_layer_1_t*, int, int): We use not config memory
04-23 11:29:14.490 I/hwcomposer(  110): IMG_hwcdev_pipe_assign_status_t hwcdev_try_to_assign_pipe(SUNXI_hwcdev_context_t*, SUNXI_hwcdev_pipe_t*, hwc_layer_1_t*, int, int): We use not config memory
04-23 11:29:14.510 I/hwcomposer(  110): IMG_hwcdev_pipe_assign_status_t hwcdev_try_to_assign_pipe(SUNXI_hwcdev_context_t*, SUNXI_hwcdev_pipe_t*, hwc_layer_1_t*, int, int): We use not config memory
04-23 11:29:14.510 I/hwcomposer(  110): IMG_hwcdev_pipe_assign_status_t hwcdev_try_to_assign_pipe(SUNXI_hwcdev_context_t*, SUNXI_hwcdev_pipe_t*, hwc_layer_1_t*, int, int): We use not config memory
04-23 11:29:14.520 I/hwcomposer(  110): IMG_hwcdev_pipe_assign_status_t hwcdev_try_to_assign_pipe(SUNXI_hwcdev_context_t*, SUNXI_hwcdev_pipe_t*, hwc_layer_1_t*, int, int): We use not config memory
04-23 11:29:14.530 I/hwcomposer(  110): IMG_hwcdev_pipe_assign_status_t hwcdev_try_to_assign_pipe(SUNXI_hwcdev_context_t*, SUNXI_hwcdev_pipe_t*, hwc_layer_1_t*, int, int): We use not config memory
04-23 11:29:14.540 I/hwcomposer(  110): IMG_hwcdev_pipe_assign_status_t hwcdev_try_to_assign_pipe(SUNXI_hwcdev_context_t*, SUNXI_hwcdev_pipe_t*, hwc_layer_1_t*, int, int): We use not config memory
04-23 11:29:14.540 I/hwcomposer(  110): IMG_hwcdev_pipe_assign_status_t hwcdev_try_to_assign_pipe(SUNXI_hwcdev_context_t*, SUNXI_hwcdev_pipe_t*, hwc_layer_1_t*, int, int): We use not config memory
04-23 11:29:14.560 I/hwcomposer(  110): IMG_hwcdev_pipe_assign_status_t hwcdev_try_to_assign_pipe(SUNXI_hwcdev_context_t*, SUNXI_hwcdev_pipe_t*, hwc_layer_1_t*, int, int): We use not config memory
04-23 11:29:14.560 I/hwcomposer(  110): IMG_hwcdev_pipe_assign_status_t hwcdev_try_to_assign_pipe(SUNXI_hwcdev_context_t*, SUNXI_hwcdev_pipe_t*, hwc_layer_1_t*, int, int): We use not config memory
04-23 11:29:14.570 I/hwcomposer(  110): IMG_hwcdev_pipe_assign_status_t hwcdev_try_to_assign_pipe(SUNXI_hwcdev_context_t*, SUNXI_hwcdev_pipe_t*, hwc_layer_1_t*, int, int): We use not config memory
04-23 11:29:14.570 I/hwcomposer(  110): IMG_hwcdev_pipe_assign_status_t hwcdev_try_to_assign_pipe(SUNXI_hwcdev_context_t*, SUNXI_hwcdev_pipe_t*, hwc_layer_1_t*, int, int): We use not config memory
04-23 11:29:14.590 I/hwcomposer(  110): IMG_hwcdev_pipe_assign_status_t hwcdev_try_to_assign_pipe(SUNXI_hwcdev_context_t*, SUNXI_hwcdev_pipe_t*, hwc_layer_1_t*, int, int): We use not config memory
04-23 11:29:14.590 I/hwcomposer(  110): IMG_hwcdev_pipe_assign_status_t hwcdev_try_to_assign_pipe(SUNXI_hwcdev_context_t*, SUNXI_hwcdev_pipe_t*, hwc_layer_1_t*, int, int): We use not config memory
04-23 11:29:14.610 I/hwcomposer(  110): IMG_hwcdev_pipe_assign_status_t hwcdev_try_to_assign_pipe(SUNXI_hwcdev_context_t*, SUNXI_hwcdev_pipe_t*, hwc_layer_1_t*, int, int): We use not config memory
04-23 11:29:14.610 I/hwcomposer(  110): IMG_hwcdev_pipe_assign_status_t hwcdev_try_to_assign_pipe(SUNXI_hwcdev_context_t*, SUNXI_hwcdev_pipe_t*, hwc_layer_1_t*, int, int): We use not config memory
04-23 11:29:14.620 I/hwcomposer(  110): IMG_hwcdev_pipe_assign_status_t hwcdev_try_to_assign_pipe(SUNXI_hwcdev_context_t*, SUNXI_hwcdev_pipe_t*, hwc_layer_1_t*, int, int): We use not config memory
04-23 11:29:14.620 I/hwcomposer(  110): IMG_hwcdev_pipe_assign_status_t hwcdev_try_to_assign_pipe(SUNXI_hwcdev_context_t*, SUNXI_hwcdev_pipe_t*, hwc_layer_1_t*, int, int): We use not config memory
04-23 11:29:14.640 I/hwcomposer(  110): IMG_hwcdev_pipe_assign_status_t hwcdev_try_to_assign_pipe(SUNXI_hwcdev_context_t*, SUNXI_hwcdev_pipe_t*, hwc_layer_1_t*, int, int): We use not config memory
04-23 11:29:14.640 I/hwcomposer(  110): IMG_hwcdev_pipe_assign_status_t hwcdev_try_to_assign_pipe(SUNXI_hwcdev_context_t*, SUNXI_hwcdev_pipe_t*, hwc_layer_1_t*, int, int): We use not config memory
04-23 11:29:14.640 I/hwcomposer(  110): IMG_hwcdev_pipe_assign_status_t hwcdev_try_to_assign_pipe(SUNXI_hwcdev_context_t*, SUNXI_hwcdev_pipe_t*, hwc_layer_1_t*, int, int): We use not config memory
04-23 11:29:14.660 I/hwcomposer(  110): IMG_hwcdev_pipe_assign_status_t hwcdev_try_to_assign_pipe(SUNXI_hwcdev_context_t*, SUNXI_hwcdev_pipe_t*, hwc_layer_1_t*, int, int): We use not config memory
