04-24 10:59:21.370 I/hwcomposer(  110): IMG_hwcdev_pipe_assign_status_t hwcdev_try_to_assign_pipe(SUNXI_hwcdev_context_t*, SUNXI_hwcdev_pipe_t*, hwc_layer_1_t*, int, int): We use not config memory
04-24 10:59:21.370 I/hwcomposer(  110): IMG_hwcdev_pipe_assign_status_t hwcdev_try_to_assign_pipe(SUNXI_hwcdev_context_t*, SUNXI_hwcdev_pipe_t*, hwc_layer_1_t*, int, int): We use not config memory
04-24 10:59:21.370 I/hwcomposer(  110): IMG_hwcdev_pipe_assign_status_t hwcdev_try_to_assign_pipe(SUNXI_hwcdev_context_t*, SUNXI_hwcdev_pipe_t*, hwc_layer_1_t*, int, int): We use not config memory
04-24 10:59:21.370 I/hwcomposer(  110): IMG_hwcdev_pipe_assign_status_t hwcdev_try_to_assign_pipe(SUNXI_hwcdev_context_t*, SUNXI_hwcdev_pipe_t*, hwc_layer_1_t*, int, int): We use not config memory
04-24 10:59:21.380 I/hwcomposer(  110): IMG_hwcdev_pipe_assign_status_t hwcdev_try_to_assign_pipe(SUNXI_hwcdev_context_t*, SUNXI_hwcdev_pipe_t*, hwc_layer_1_t*, int, int): We use not config memory
04-24 10:59:21.380 I/hwcomposer(  110): IMG_hwcdev_pipe_assign_status_t hwcdev_try_to_assign_pipe(SUNXI_hwcdev_context_t*, SUNXI_hwcdev_pipe_t*, hwc_layer_1_t*, int, int): We use not config memory
04-24 10:59:21.380 I/hwcomposer(  110): IMG_hwcdev_pipe_assign_status_t hwcdev_try_to_assign_pipe(SUNXI_hwcdev_context_t*, SUNXI_hwcdev_pipe_t*, hwc_layer_1_t*, int, int): We use not config memory
04-24 10:59:21.380 I/hwcomposer(  110): IMG_hwcdev_pipe_assign_status_t hwcdev_try_to_assign_pipe(SUNXI_hwcdev_context_t*, SUNXI_hwcdev_pipe_t*, hwc_layer_1_t*, int, int): We use not config memory
04-24 10:59:21.380 I/hwcomposer(  110): IMG_hwcdev_pipe_assign_status_t hwcdev_try_to_assign_pipe(SUNXI_hwcdev_context_t*, SUNXI_hwcdev_pipe_t*, hwc_layer_1_t*, int, int): We use not config memory
04-24 10:59:21.380 I/hwcomposer(  110): IMG_hwcdev_pipe_assign_status_t hwcdev_try_to_assign_pipe(SUNXI_hwcdev_context_t*, SUNXI_hwcdev_pipe_t*, hwc_layer_1_t*, int, int): We use not config memory
04-24 10:59:21.380 I/hwcomposer(  110): IMG_hwcdev_pipe_assign_status_t hwcdev_try_to_assign_pipe(SUNXI_hwcdev_context_t*, SUNXI_hwcdev_pipe_t*, hwc_layer_1_t*, int, int): We use not config memory
04-24 10:59:21.430 D/DynamicPowerPolicyChangeThread(  431): set policy extremity, temp=70.0
04-24 10:59:21.570 D/UIAutomatorStub( 1540): URI: /jsonrpc/0, Method: POST, Header: {content-type=application/json, connection=close, remote-addr=127.0.0.1, host=localhost:9008, content-length=212, http-client-ip=127.0.0.1, user-agent=Python-urllib/2.7, accept-encoding=identity}, params, {{"params": [{"childOrSiblingSelector": [], "text": "Unfortunately, AnTuTu Benchmark has stopped.", "mask": 1, "childOrSibling": []}], "jsonrpc": "2.0", "method": "exist", "id": "e9ae2d6c340a98b26a769992852f68d1"}=, NanoHttpd.QUERY_STRING={"params": [{"childOrSiblingSelector": [], "text": "Unfortunately, AnTuTu Benchmark has stopped.", "mask": 1, "childOrSibling": []}], "jsonrpc": "2.0", "method": "exist", "id": "e9ae2d6c340a98b26a769992852f68d1"}}, files: {}
04-24 10:59:21.810 I/Choreographer( 2093): Skipped 36 frames!  The application may be doing too much work on its main thread.
04-24 10:59:21.810 D/gralloc (  110): ION_HEAP_CARVEOUT_MASK alloc
04-24 10:59:21.830 D/gralloc (  110): ION_HEAP_CARVEOUT_MASK alloc
04-24 10:59:21.830 D/gralloc (  110): ION_HEAP_CARVEOUT_MASK alloc
04-24 10:59:22.470 I/wpa_supplicant(  639): [CTRL_IFACE]wlan0: SIGNAL_POLL
04-24 10:59:25.030 D/gralloc (  110): ION_HEAP_CARVEOUT_MASK alloc
04-24 10:59:25.170 D/UIAutomatorStub( 1540): URI: /jsonrpc/0, Method: POST, Header: {content-type=application/json, connection=close, remote-addr=127.0.0.1, host=localhost:9008, content-length=172, http-client-ip=127.0.0.1, user-agent=Python-urllib/2.7, accept-encoding=identity}, params, {NanoHttpd.QUERY_STRING={"params": [{"childOrSiblingSelector": [], "text": "Show", "mask": 1, "childOrSibling": []}], "jsonrpc": "2.0", "method": "exist", "id": "2146b24d66e85990ab306972285764c5"}, {"params": [{"childOrSiblingSelector": [], "text": "Show", "mask": 1, "childOrSibling": []}], "jsonrpc": "2.0", "method": "exist", "id": "2146b24d66e85990ab306972285764c5"}=}, files: {}
04-24 10:59:25.210 D/gralloc (  110): ION_HEAP_CARVEOUT_MASK alloc
04-24 10:59:25.480 I/wpa_supplicant(  639): [CTRL_IFACE]wlan0: SIGNAL_POLL
04-24 10:59:26.430 D/DynamicPowerPolicyChangeThread(  431): set policy performance, temp=88.0
04-24 10:59:27.370 D/UIAutomatorStub( 1540): URI: /jsonrpc/0, Method: POST, Header: {content-type=application/json, connection=close, remote-addr=127.0.0.1, host=localhost:9008, content-length=212, http-client-ip=127.0.0.1, user-agent=Python-urllib/2.7, accept-encoding=identity}, params, {{"params": [{"childOrSiblingSelector": [], "text": "Unfortunately, AnTuTu Benchmark has stopped.", "mask": 1, "childOrSibling": []}], "jsonrpc": "2.0", "method": "exist", "id": "de18185b8943977760fdac5dfc40c203"}=, NanoHttpd.QUERY_STRING={"params": [{"childOrSiblingSelector": [], "text": "Unfortunately, AnTuTu Benchmark has stopped.", "mask": 1, "childOrSibling": []}], "jsonrpc": "2.0", "method": "exist", "id": "de18185b8943977760fdac5dfc40c203"}}, files: {}
04-24 10:59:27.380 D/dalvikvm( 1540): GC_CONCURRENT freed 496K, 79% free 1100K/5096K, paused 1ms+1ms, total 14ms
04-24 10:59:27.510 D/UIAutomatorStub( 1540): URI: /jsonrpc/0, Method: POST, Header: {content-type=application/json, connection=close, remote-addr=127.0.0.1, host=localhost:9008, content-length=172, http-client-ip=127.0.0.1, user-agent=Python-urllib/2.7, accept-encoding=identity}, params, {NanoHttpd.QUERY_STRING={"params": [{"childOrSiblingSelector": [], "text": "Show", "mask": 1, "childOrSibling": []}], "jsonrpc": "2.0", "method": "exist", "id": "d670f2a8e18eeb285faff9cd0d105160"}, {"params": [{"childOrSiblingSelector": [], "text": "Show", "mask": 1, "childOrSibling": []}], "jsonrpc": "2.0", "method": "exist", "id": "d670f2a8e18eeb285faff9cd0d105160"}=}, files: {}
04-24 10:59:28.480 I/wpa_supplicant(  639): [CTRL_IFACE]wlan0: SIGNAL_POLL
04-24 10:59:29.630 I/ActivityManager(  431): Process com.android.defcontainer (pid 1711) has died.
04-24 10:59:29.640 E/JavaBinder(  431): !!! FAILED BINDER TRANSACTION !!!
04-24 10:59:29.650 E/JavaBinder(  431): !!! FAILED BINDER TRANSACTION !!!
04-24 10:59:29.670 E/JavaBinder(  431): !!! FAILED BINDER TRANSACTION !!!
04-24 10:59:29.680 D/UIAutomatorStub( 1540): URI: /jsonrpc/0, Method: POST, Header: {content-type=application/json, connection=close, remote-addr=127.0.0.1, host=localhost:9008, content-length=212, http-client-ip=127.0.0.1, user-agent=Python-urllib/2.7, accept-encoding=identity}, params, {NanoHttpd.QUERY_STRING={"params": [{"childOrSiblingSelector": [], "text": "Unfortunately, AnTuTu Benchmark has stopped.", "mask": 1, "childOrSibling": []}], "jsonrpc": "2.0", "method": "exist", "id": "8a0d0c732bc31d200ca14e93c3690644"}, {"params": [{"childOrSiblingSelector": [], "text": "Unfortunately, AnTuTu Benchmark has stopped.", "mask": 1, "childOrSibling": []}], "jsonrpc": "2.0", "method": "exist", "id": "8a0d0c732bc31d200ca14e93c3690644"}=}, files: {}
04-24 10:59:29.720 I/ActivityManager(  431): Process com.pada.gamecenter (pid 18879) has died.
04-24 10:59:29.720 W/ActivityManager(  431): Scheduling restart of crashed service com.pada.gamecenter/.download.DownloadService in 5000ms
04-24 10:59:29.720 I/ActivityManager(  431): Process com.kugou.android.support (pid 18992) has died.
04-24 10:59:29.720 W/ActivityManager(  431): Scheduling restart of crashed service com.kugou.android/com.kugou.framework.service.KugouBackgroundService in 14997ms
04-24 10:59:29.720 W/ActivityManager(  431): Scheduling restart of crashed service com.kugou.android/com.kugou.framework.service.KugouPlaybackService in 24997ms
04-24 10:59:29.720 I/ActivityManager(  431): Process com.softwinner.baseservice:baseservice (pid 18953) has died.
04-24 10:59:29.720 W/ActivityManager(  431): Scheduling restart of crashed service com.softwinner.baseservice/com.softwinner.service.SoftWinnerService in 34993ms
04-24 10:59:29.730 W/InputDispatcher(  431): channel '41d687f0 com.android.launcher/com.android.launcher2.Launcher (server)' ~ Consumer closed input channel or an error occurred.  events=0x9
04-24 10:59:29.730 I/ActivityManager(  431): Process com.android.launcher (pid 18861) has died.
04-24 10:59:29.730 I/WindowState(  431): WIN DEATH: Window{41d687f0 u0 com.android.launcher/com.android.launcher2.Launcher}
04-24 10:59:29.740 E/InputDispatcher(  431): channel '41d687f0 com.android.launcher/com.android.launcher2.Launcher (server)' ~ Channel is unrecoverably broken and will be disposed!
04-24 10:59:29.740 W/InputDispatcher(  431): Attempted to unregister already unregistered input channel '41d687f0 com.android.launcher/com.android.launcher2.Launcher (server)'
04-24 10:59:29.750 I/ActivityManager(  431): Process com.softwinner.update (pid 28837) has died.
04-24 10:59:29.750 W/ActivityManager(  431): Scheduling restart of crashed service com.softwinner.update/.UpdateService in 44969ms
04-24 10:59:29.760 I/ActivityManager(  431): Process com.google.process.gapps (pid 25086) has died.
04-24 10:59:29.760 W/ActivityManager(  431): Scheduling restart of crashed service com.google.android.gsf/.gtalkservice.service.GTalkServiceProxy in 54960ms
04-24 10:59:29.760 W/ActivityManager(  431): Scheduling restart of crashed service com.google.android.gms/.gcm.GcmService in 64959ms
04-24 10:59:29.770 I/ActivityManager(  431): Process com.google.android.googlequicksearchbox:search (pid 1276) has died.
04-24 10:59:29.770 W/ActivityManager(  431): Scheduling restart of crashed service com.google.android.googlequicksearchbox/com.google.android.search.core.service.SearchService in 74947ms
04-24 10:59:29.800 I/ActivityManager(  431): Process com.android.inputmethod.latin (pid 19087) has died.
04-24 10:59:29.800 W/ActivityManager(  431): Scheduling restart of crashed service com.android.inputmethod.latin/.LatinIME in 74914ms
04-24 10:59:29.810 W/InputMethodManagerService(  431): Session failed to close due to remote exception
04-24 10:59:29.810 W/InputMethodManagerService(  431): android.os.DeadObjectException
04-24 10:59:29.810 W/InputMethodManagerService(  431): 	at android.os.BinderProxy.transact(Native Method)
04-24 10:59:29.810 W/InputMethodManagerService(  431): 	at com.android.internal.view.IInputMethodSession$Stub$Proxy.finishSession(IInputMethodSession.java:292)
04-24 10:59:29.810 W/InputMethodManagerService(  431): 	at com.android.server.InputMethodManagerService.finishSessionLocked(InputMethodManagerService.java:1359)
04-24 10:59:29.810 W/InputMethodManagerService(  431): 	at com.android.server.InputMethodManagerService.clearClientSessionLocked(InputMethodManagerService.java:1350)
04-24 10:59:29.810 W/InputMethodManagerService(  431): 	at com.android.server.InputMethodManagerService.clearCurMethodLocked(InputMethodManagerService.java:1376)
04-24 10:59:29.810 W/InputMethodManagerService(  431): 	at com.android.server.InputMethodManagerService.onServiceDisconnected(InputMethodManagerService.java:1395)
04-24 10:59:29.810 W/InputMethodManagerService(  431): 	at android.app.LoadedApk$ServiceDispatcher.doDeath(LoadedApk.java:1120)
04-24 10:59:29.810 W/InputMethodManagerService(  431): 	at android.app.LoadedApk$ServiceDispatcher$RunConnection.run(LoadedApk.java:1134)
04-24 10:59:29.810 W/InputMethodManagerService(  431): 	at android.os.Handler.handleCallback(Handler.java:733)
04-24 10:59:29.810 W/InputMethodManagerService(  431): 	at android.os.Handler.dispatchMessage(Handler.java:95)
04-24 10:59:29.810 W/InputMethodManagerService(  431): 	at android.os.Looper.loop(Looper.java:137)
04-24 10:59:29.810 W/InputMethodManagerService(  431): 	at com.android.server.ServerThread.initAndLoop(SystemServer.java:1092)
04-24 10:59:29.810 W/InputMethodManagerService(  431): 	at com.android.server.SystemServer.main(SystemServer.java:1178)
04-24 10:59:29.810 W/InputMethodManagerService(  431): 	at java.lang.reflect.Method.invokeNative(Native Method)
04-24 10:59:29.810 W/InputMethodManagerService(  431): 	at java.lang.reflect.Method.invoke(Method.java:515)
04-24 10:59:29.810 W/InputMethodManagerService(  431): 	at com.android.internal.os.ZygoteInit$MethodAndArgsCaller.run(ZygoteInit.java:777)
04-24 10:59:29.810 W/InputMethodManagerService(  431): 	at com.android.internal.os.ZygoteInit.main(ZygoteInit.java:593)
04-24 10:59:29.810 W/InputMethodManagerService(  431): 	at dalvik.system.NativeStart.main(Native Method)
04-24 10:59:29.810 W/InputMethodManagerService(  431): Session failed to close due to remote exception
04-24 10:59:29.810 W/InputMethodManagerService(  431): android.os.DeadObjectException
04-24 10:59:29.810 W/InputMethodManagerService(  431): 	at android.os.BinderProxy.transact(Native Method)
04-24 10:59:29.810 W/InputMethodManagerService(  431): 	at com.android.internal.view.IInputMethodSession$Stub$Proxy.finishSession(IInputMethodSession.java:292)
04-24 10:59:29.810 W/InputMethodManagerService(  431): 	at com.android.server.InputMethodManagerService.finishSessionLocked(InputMethodManagerService.java:1359)
04-24 10:59:29.810 W/InputMethodManagerService(  431): 	at com.android.server.InputMethodManagerService.clearClientSessionLocked(InputMethodManagerService.java:1350)
04-24 10:59:29.810 W/InputMethodManagerService(  431): 	at com.android.server.InputMethodManagerService.clearCurMethodLocked(InputMethodManagerService.java:1376)
04-24 10:59:29.810 W/InputMethodManagerService(  431): 	at com.android.server.InputMethodManagerService.onServiceDisconnected(InputMethodManagerService.java:1395)
04-24 10:59:29.810 W/InputMethodManagerService(  431): 	at android.app.LoadedApk$ServiceDispatcher.doDeath(LoadedApk.java:1120)
04-24 10:59:29.810 W/InputMethodManagerService(  431): 	at android.app.LoadedApk$ServiceDispatcher$RunConnection.run(LoadedApk.java:1134)
04-24 10:59:29.810 W/InputMethodManagerService(  431): 	at android.os.Handler.handleCallback(Handler.java:733)
04-24 10:59:29.810 W/InputMethodManagerService(  431): 	at android.os.Handler.dispatchMessage(Handler.java:95)
04-24 10:59:29.810 W/InputMethodManagerService(  431): 	at android.os.Looper.loop(Looper.java:137)
04-24 10:59:29.810 W/InputMethodManagerService(  431): 	at com.android.server.ServerThread.initAndLoop(SystemServer.java:1092)
04-24 10:59:29.810 W/InputMethodManagerService(  431): 	at com.android.server.SystemServer.main(SystemServer.java:1178)
04-24 10:59:29.810 W/InputMethodManagerService(  431): 	at java.lang.reflect.Method.invokeNative(Native Method)
04-24 10:59:29.810 W/InputMethodManagerService(  431): 	at java.lang.reflect.Method.invoke(Method.java:515)
04-24 10:59:29.810 W/InputMethodManagerService(  431): 	at com.android.internal.os.ZygoteInit$MethodAndArgsCaller.run(ZygoteInit.java:777)
04-24 10:59:29.810 W/InputMethodManagerService(  431): 	at com.android.internal.os.ZygoteInit.main(ZygoteInit.java:593)
04-24 10:59:29.810 W/InputMethodManagerService(  431): 	at dalvik.system.NativeStart.main(Native Method)
04-24 10:59:29.820 W/InputMethodManagerService(  431): Session failed to close due to remote exception
04-24 10:59:29.820 W/InputMethodManagerService(  431): android.os.DeadObjectException
04-24 10:59:29.820 W/InputMethodManagerService(  431): 	at android.os.BinderProxy.transact(Native Method)
04-24 10:59:29.820 W/InputMethodManagerService(  431): 	at com.android.internal.view.IInputMethodSession$Stub$Proxy.finishSession(IInputMethodSession.java:292)
04-24 10:59:29.820 W/InputMethodManagerService(  431): 	at com.android.server.InputMethodManagerService.finishSessionLocked(InputMethodManagerService.java:1359)
04-24 10:59:29.820 W/InputMethodManagerService(  431): 	at com.android.server.InputMethodManagerService.clearClientSessionLocked(InputMethodManagerService.java:1350)
04-24 10:59:29.820 W/InputMethodManagerService(  431): 	at com.android.server.InputMethodManagerService.clearCurMethodLocked(InputMethodManagerService.java:1376)
04-24 10:59:29.820 W/InputMethodManagerService(  431): 	at com.android.server.InputMethodManagerService.onServiceDisconnected(InputMethodManagerService.java:1395)
04-24 10:59:29.820 W/InputMethodManagerService(  431): 	at android.app.LoadedApk$ServiceDispatcher.doDeath(LoadedApk.java:1120)
04-24 10:59:29.820 W/InputMethodManagerService(  431): 	at android.app.LoadedApk$ServiceDispatcher$RunConnection.run(LoadedApk.java:1134)
04-24 10:59:29.820 W/InputMethodManagerService(  431): 	at android.os.Handler.handleCallback(Handler.java:733)
04-24 10:59:29.820 W/InputMethodManagerService(  431): 	at android.os.Handler.dispatchMessage(Handler.java:95)
04-24 10:59:29.820 W/InputMethodManagerService(  431): 	at android.os.Looper.loop(Looper.java:137)
04-24 10:59:29.820 W/InputMethodManagerService(  431): 	at com.android.server.ServerThread.initAndLoop(SystemServer.java:1092)
04-24 10:59:29.820 W/InputMethodManagerService(  431): 	at com.android.server.SystemServer.main(SystemServer.java:1178)
04-24 10:59:29.820 W/InputMethodManagerService(  431): 	at java.lang.reflect.Method.invokeNative(Native Method)
04-24 10:59:29.820 W/InputMethodManagerService(  431): 	at java.lang.reflect.Method.invoke(Method.java:515)
04-24 10:59:29.820 W/InputMethodManagerService(  431): 	at com.android.internal.os.ZygoteInit$MethodAndArgsCaller.run(ZygoteInit.java:777)
04-24 10:59:29.820 W/InputMethodManagerService(  431): 	at com.android.internal.os.ZygoteInit.main(ZygoteInit.java:593)
04-24 10:59:29.820 W/InputMethodManagerService(  431): 	at dalvik.system.NativeStart.main(Native Method)
04-24 10:59:29.870 I/ActivityManager(  431): Process com.android.smspush (pid 11996) has died.
04-24 10:59:29.870 W/ActivityManager(  431): Scheduling restart of crashed service com.android.smspush/.WapPushManager in 84850ms
04-24 10:59:29.890 E/libEGL  ( 2093): call to OpenGL ES API with no current context (logged once per thread)
04-24 10:59:29.910 I/ActivityManager(  431): Process com.google.process.location (pid 25147) has died.
04-24 10:59:29.920 W/ActivityManager(  431): Scheduling restart of crashed service com.google.android.gms/com.google.android.location.geocode.GeocodeService in 94801ms
04-24 10:59:29.920 W/ActivityManager(  431): Scheduling restart of crashed service com.google.android.gms/com.google.android.location.fused.FusedLocationService in 104801ms
04-24 10:59:29.920 W/ActivityManager(  431): Scheduling restart of crashed service com.google.android.gms/com.google.android.location.reporting.service.DispatchingService in 114801ms
04-24 10:59:29.920 W/ActivityManager(  431): Scheduling restart of crashed service com.google.android.gms/com.google.android.location.internal.GoogleLocationManagerService in 124801ms
04-24 10:59:29.920 W/ActivityManager(  431): Scheduling restart of crashed service com.google.android.gms/com.google.android.location.geofencer.service.GeofenceProviderService in 134801ms
04-24 10:59:29.920 W/ActivityManager(  431): Scheduling restart of crashed service com.google.android.gms/com.google.android.location.internal.server.GoogleLocationService in 144801ms
04-24 10:59:29.920 W/ActivityManager(  431): Scheduling restart of crashed service com.google.android.gms/com.google.android.location.fused.NlpLocationReceiverService in 154801ms
04-24 10:59:29.920 W/ActivityManager(  431): Scheduling restart of crashed service com.google.android.gms/com.google.android.location.network.NetworkLocationService in 164801ms
04-24 10:59:29.960 I/ActivityManager(  431): Process com.antutu.ABenchMark (pid 1582) has died.
04-24 10:59:29.960 W/ActivityManager(  431): Scheduling restart of crashed service com.antutu.ABenchMark/com.antutu.benchmark.BenchmarkService in 174757ms
04-24 10:59:29.970 W/InputDispatcher(  431): channel '41e813c8 com.antutu.ABenchMark/com.antutu.benchmark.activity.ScoreBenchActivity (server)' ~ Consumer closed input channel or an error occurred.  events=0x9
04-24 10:59:29.970 E/InputDispatcher(  431): channel '41e813c8 com.antutu.ABenchMark/com.antutu.benchmark.activity.ScoreBenchActivity (server)' ~ Channel is unrecoverably broken and will be disposed!
04-24 10:59:29.970 W/InputDispatcher(  431): Attempted to unregister already unregistered input channel '41e813c8 com.antutu.ABenchMark/com.antutu.benchmark.activity.ScoreBenchActivity (server)'
04-24 10:59:29.970 I/WindowState(  431): WIN DEATH: Window{419d0930 u0 com.antutu.ABenchMark/com.antutu.benchmark.activity.MainActivity}
04-24 10:59:29.970 W/ActivityManager(  431): Force removing ActivityRecord{41ee2a58 u0 com.antutu.ABenchMark/com.antutu.benchmark.activity.ScoreBenchActivity t40}: app died, no saved state
04-24 10:59:29.970 I/WindowState(  431): WIN DEATH: Window{41e813c8 u0 com.antutu.ABenchMark/com.antutu.benchmark.activity.ScoreBenchActivity}
04-24 10:59:29.980 F/libc    ( 2093): Fatal signal 6 (SIGABRT) at 0x0000082d (code=-6), thread 2093 (enchMark:remote)
04-24 10:59:30.100 I/DEBUG   (12025): *** *** *** *** *** *** *** *** *** *** *** *** *** *** *** ***
04-24 10:59:30.100 I/DEBUG   (12025): Build fingerprint: 'Allwinner-Tablet/polaris_p1/polaris-p1:4.4.2/KOT49H/20140320:eng/test-keys'
04-24 10:59:30.100 I/DEBUG   (12025): Revision: '0'
04-24 10:59:30.100 I/DEBUG   (12025): pid: 2093, tid: 2093, name: enchMark:remote  >>> com.antutu.ABenchMark:remote <<<
04-24 10:59:30.100 I/DEBUG   (12025): signal 6 (SIGABRT), code -6 (SI_TKILL), fault addr --------
04-24 10:59:30.310 I/ActivityManager(  431): Low on memory:
04-24 10:59:30.310 I/ActivityManager(  431):   ntv   N    14331 kB: uiautomator (1540) native
04-24 10:59:30.310 I/ActivityManager(  431):   ntv   N    10107 kB: zygote (111) native
04-24 10:59:30.310 I/ActivityManager(  431):   ntv   N     2292 kB: mediaserver (113) native
04-24 10:59:30.310 I/ActivityManager(  431):   ntv   N     2277 kB: debuggerd (12025) native
04-24 10:59:30.310 I/ActivityManager(  431):   ntv   N     1378 kB: surfaceflinger (110) native
04-24 10:59:30.310 I/ActivityManager(  431):   ntv   N     1182 kB: updatesoftwinner (109) native
04-24 10:59:30.310 I/ActivityManager(  431):   ntv   N      712 kB: wpa_supplicant (639) native
04-24 10:59:30.310 I/ActivityManager(  431):   ntv   N      611 kB: netd (107) native
04-24 10:59:30.310 I/ActivityManager(  431):   ntv   N      340 kB: drmserver (112) native
04-24 10:59:30.310 I/ActivityManager(  431):   ntv   N      250 kB: logcat (1533) native
04-24 10:59:30.310 I/ActivityManager(  431):   ntv   N      248 kB: /init (1) native
04-24 10:59:30.310 I/ActivityManager(  431):   ntv   N      235 kB: dhcpcd (21868) native
04-24 10:59:30.310 I/ActivityManager(  431):   ntv   N      224 kB: adbd (117) native
04-24 10:59:30.310 I/ActivityManager(  431):   ntv   N      173 kB: rild (784) native
04-24 10:59:30.310 I/ActivityManager(  431):   ntv   N      172 kB: vold (106) native
04-24 10:59:30.310 I/ActivityManager(  431):   ntv   N      167 kB: keystore (115) native
04-24 10:59:30.310 I/ActivityManager(  431):   ntv   N      144 kB: sh (116) native
04-24 10:59:30.310 I/ActivityManager(  431):   ntv   N      136 kB: healthd (104) native
04-24 10:59:30.310 I/ActivityManager(  431):   ntv   N      129 kB: installd (114) native
04-24 10:59:30.310 I/ActivityManager(  431):   ntv   N      102 kB: ueventd (64) native
04-24 10:59:30.310 I/ActivityManager(  431):   ntv   N       59 kB: servicemanager (105) native
04-24 10:59:30.310 I/ActivityManager(  431):   ntv   N       37 kB: u3gmonitor (785) native
04-24 10:59:30.310 I/ActivityManager(  431):   ntv   N       16 kB: logwrapper (637) native
04-24 10:59:30.310 I/ActivityManager(  431):   sys   P    32356 kB: system (431) fixed
04-24 10:59:30.310 I/ActivityManager(  431):   pers  P    19613 kB: com.android.systemui (491) fixed
04-24 10:59:30.310 I/ActivityManager(  431):   pers  P     7711 kB: com.android.phone (633) fixed
04-24 10:59:30.310 I/ActivityManager(  431):   fore  T    53443 kB: com.antutu.ABenchMark:remote (2093) top-activity
04-24 10:59:30.310 I/ActivityManager(  431):   vis   IB       0 kB: com.google.process.location (25147) service
04-24 10:59:30.310 I/ActivityManager(  431):                        com.google.android.gms/com.google.android.location.network.NetworkLocationService<=Proc{431:system/1000}
04-24 10:59:30.310 I/ActivityManager(  431):   vis   IF       0 kB: com.android.smspush (11996) service
04-24 10:59:30.310 I/ActivityManager(  431):                        com.android.smspush/.WapPushManager<=Proc{633:com.android.phone/1001}
04-24 10:59:30.310 I/ActivityManager(  431):   prcp  T        0 kB: com.antutu.ABenchMark (1582) pausing
04-24 10:59:30.310 I/ActivityManager(  431):   prcp  IF       0 kB: com.android.inputmethod.latin (19087) service
04-24 10:59:30.310 I/ActivityManager(  431):                        com.android.inputmethod.latin/.LatinIME<=Proc{431:system/1000}
04-24 10:59:30.310 I/ActivityManager(  431):   svc   S        0 kB: com.google.android.googlequicksearchbox:search (1276) started-services
04-24 10:59:30.310 I/ActivityManager(  431):   home  HO       0 kB: com.android.launcher (18861) home
04-24 10:59:30.310 I/ActivityManager(  431):   cch   S        0 kB: com.google.process.gapps (25086) cch-started-services
04-24 10:59:30.310 I/ActivityManager(  431):   cch+2 S        0 kB: com.kugou.android.support (18992) cch-started-services
04-24 10:59:30.310 I/ActivityManager(  431):   cch+4 S        0 kB: com.softwinner.update (28837) cch-started-services
04-24 10:59:30.310 I/ActivityManager(  431):   cch+6 S        0 kB: com.softwinner.baseservice:baseservice (18953) cch-started-services
04-24 10:59:30.310 I/ActivityManager(  431):   cch+6 S        0 kB: com.pada.gamecenter (18879) cch-started-services
04-24 10:59:30.310 I/ActivityManager(  431):             148445 kB: TOTAL
04-24 10:59:30.310 I/ActivityManager(  431):   MemInfo: 29040 kB slab, 184 kB shmem, 356 kB buffers, 74536 kB cached, 99136 kB free
04-24 10:59:30.310 I/ActivityManager(  431):   ZRAM: 4004 kB RAM, 131068 kB swap total, 120524 kB swap free
04-24 10:59:30.620 I/DEBUG   (12025):     r0 00000000  r1 0000082d  r2 00000006  r3 00000000
04-24 10:59:30.620 I/DEBUG   (12025):     r4 00000006  r5 00000016  r6 0000082d  r7 0000010c
04-24 10:59:30.620 I/DEBUG   (12025):     r8 be8c6578  r9 511d4e14  sl 4148e560  fp be8c64e4
04-24 10:59:30.620 I/DEBUG   (12025):     ip 5dd554a8  sp be8c6468  lr 4006a065  pc 40078fa0  cpsr 000f0010
04-24 10:59:30.620 I/DEBUG   (12025):     d0  41676e697265646e  d1  7470656378454950
04-24 10:59:30.620 I/DEBUG   (12025):     d2  6372732f32534568  d3  72674f2f4c474561
04-24 10:59:30.620 I/DEBUG   (12025):     d4  70736b726f772f64  d5  75746e612f656361
04-24 10:59:30.620 I/DEBUG   (12025):     d6  2f6572676f2f7574  d7  6372732d6572676f
04-24 10:59:30.620 I/DEBUG   (12025):     d8  0000000000000000  d9  0000000000000000
04-24 10:59:30.620 I/DEBUG   (12025):     d10 0000000000000000  d11 0000000000000000
04-24 10:59:30.620 I/DEBUG   (12025):     d12 0000000000000000  d13 0000000000000000
04-24 10:59:30.620 I/DEBUG   (12025):     d14 0000000000000000  d15 0000000000000000
04-24 10:59:30.620 I/DEBUG   (12025):     d16 fffffffffffeae80  d17 0000000000000000
04-24 10:59:30.620 I/DEBUG   (12025):     d18 0000000000000000  d19 bda8fae9be8838d4
04-24 10:59:30.620 I/DEBUG   (12025):     d20 be9275ee057a3906  d21 bf56a9151d4cd77e
04-24 10:59:30.620 I/DEBUG   (12025):     d22 3e21e8c67770993a  d23 3fe0000000000000
04-24 10:59:30.620 I/DEBUG   (12025):     d24 3ff0000000000000  d25 3f628aa21818e7c1
04-24 10:59:30.620 I/DEBUG   (12025):     d26 0000000000000000  d27 3f628aa21818e7c1
04-24 10:59:30.620 I/DEBUG   (12025):     d28 3fec542a03c5fc5b  d29 433800000000000b
04-24 10:59:30.620 I/DEBUG   (12025):     d30 4026000000000000  d31 3de90e91a79394ca
04-24 10:59:30.620 I/DEBUG   (12025):     scr 2000001b
04-24 10:59:30.620 I/DEBUG   (12025): 
04-24 10:59:30.620 I/DEBUG   (12025): backtrace:
04-24 10:59:30.620 I/DEBUG   (12025):     #00  pc 00021fa0  /system/lib/libc.so (tgkill+12)
04-24 10:59:30.620 I/DEBUG   (12025):     #01  pc 00013061  /system/lib/libc.so (pthread_kill+48)
04-24 10:59:30.620 I/DEBUG   (12025):     #02  pc 00013275  /system/lib/libc.so (raise+10)
04-24 10:59:30.620 I/DEBUG   (12025):     #03  pc 00011fa9  /system/lib/libc.so
04-24 10:59:30.620 I/DEBUG   (12025):     #04  pc 00021854  /system/lib/libc.so (abort+4)
04-24 10:59:30.620 I/DEBUG   (12025):     #05  pc 0031e054  /data/data/com.antutu.ABenchMark/app_data/3drating.12 (__gnu_cxx::__verbose_terminate_handler()+276)
04-24 10:59:30.620 I/DEBUG   (12025): 
04-24 10:59:30.620 I/DEBUG   (12025): stack:
04-24 10:59:30.620 I/DEBUG   (12025):          be8c6428  be8c6430  [stack]
04-24 10:59:30.620 I/DEBUG   (12025):          be8c642c  40074c63  /system/lib/libc.so
04-24 10:59:30.620 I/DEBUG   (12025):          be8c6430  0000001d  
04-24 10:59:30.620 I/DEBUG   (12025):          be8c6434  00000000  
04-24 10:59:30.620 I/DEBUG   (12025):          be8c6438  40099310  /system/lib/libc.so
04-24 10:59:30.620 I/DEBUG   (12025):          be8c643c  000007b2  
04-24 10:59:30.620 I/DEBUG   (12025):          be8c6440  000001e8  
04-24 10:59:30.620 I/DEBUG   (12025):          be8c6444  00007080  
04-24 10:59:30.620 I/DEBUG   (12025):          be8c6448  000007de  
04-24 10:59:30.620 I/DEBUG   (12025):          be8c644c  000007de  
04-24 10:59:30.620 I/DEBUG   (12025):          be8c6450  5940d8fc  
04-24 10:59:30.620 I/DEBUG   (12025):          be8c6454  59d46dac  /data/data/com.antutu.ABenchMark/app_data/3drating.12
04-24 10:59:30.620 I/DEBUG   (12025):          be8c6458  400a122c  /system/lib/libc.so
04-24 10:59:30.620 I/DEBUG   (12025):          be8c645c  0000000b  
04-24 10:59:30.620 I/DEBUG   (12025):          be8c6460  400a122c  /system/lib/libc.so
04-24 10:59:30.620 I/DEBUG   (12025):          be8c6464  000000c5  
04-24 10:59:30.620 I/DEBUG   (12025):     #00  be8c6468  00000006  
04-24 10:59:30.620 I/DEBUG   (12025):          be8c646c  00000016  
04-24 10:59:30.620 I/DEBUG   (12025):          be8c6470  0000082d  
04-24 10:59:30.620 I/DEBUG   (12025):          be8c6474  5dd554a8  
04-24 10:59:30.620 I/DEBUG   (12025):          be8c6478  5dd554a8  
04-24 10:59:30.620 I/DEBUG   (12025):          be8c647c  4006a065  /system/lib/libc.so (pthread_kill+52)
04-24 10:59:30.620 I/DEBUG   (12025):     #01  be8c6480  00000006  
04-24 10:59:30.620 I/DEBUG   (12025):          be8c6484  5dd754b4  
04-24 10:59:30.620 I/DEBUG   (12025):          be8c6488  00000001  
04-24 10:59:30.620 I/DEBUG   (12025):          be8c648c  4006a279  /system/lib/libc.so (raise+14)
04-24 10:59:30.620 I/DEBUG   (12025):     #02  be8c6490  be8c649c  [stack]
04-24 10:59:30.620 I/DEBUG   (12025):          be8c6494  40068fad  /system/lib/libc.so
04-24 10:59:30.620 I/DEBUG   (12025): 
04-24 10:59:30.620 I/DEBUG   (12025): memory near r8:
04-24 10:59:30.620 I/DEBUG   (12025):     be8c6558 4148e550 00000000 511d4e1c 59ec04d0  
04-24 10:59:30.620 I/DEBUG   (12025):     be8c6568 51522150 58cc0a3c 52a47a3c 414adb50  
04-24 10:59:30.620 I/DEBUG   (12025):     be8c6578 511d4e14 00000001 00000008 419a3e68  
04-24 10:59:30.620 I/DEBUG   (12025):     be8c6588 41999b04 414ddff7 511d4e14 58c07b8d  
04-24 10:59:30.620 I/DEBUG   (12025):     be8c6598 58cc0a20 4148e560 5bcfbe10 40067ef5  
04-24 10:59:30.620 I/DEBUG   (12025):     be8c65a8 4c200019 00000000 4153f6c8 400a5384  
04-24 10:59:30.620 I/DEBUG   (12025):     be8c65b8 4148e578 ffffbfff 4148e578 415037b1  
04-24 10:59:30.620 I/DEBUG   (12025):     be8c65c8 4148e550 4148e550 5bcfbe10 00000000  
04-24 10:59:30.620 I/DEBUG   (12025):     be8c65d8 00000008 4150934d 419d1e08 00000000  
04-24 10:59:30.620 I/DEBUG   (12025):     be8c65e8 00083000 4198d008 00000028 00001000  
04-24 10:59:30.620 I/DEBUG   (12025):     be8c65f8 4198d008 41501069 4153f1f0 ffffffff  
04-24 10:59:30.620 I/DEBUG   (12025):     be8c6608 4148e458 00000020 00000001 00000020  
04-24 10:59:30.620 I/DEBUG   (12025):     be8c6618 4153f1f0 419d2230 4148e458 41503035  
04-24 10:59:30.620 I/DEBUG   (12025):     be8c6628 4153ac7c 4153ac7c 4153f1f0 ffffffff  
04-24 10:59:30.620 I/DEBUG   (12025):     be8c6638 4148e458 00000040 00000001 00000040  
04-24 10:59:30.620 I/DEBUG   (12025):     be8c6648 4153f1f0 419d22b0 4148e458 41503035  
04-24 10:59:30.620 I/DEBUG   (12025): 
04-24 10:59:30.620 I/DEBUG   (12025): memory near r9:
04-24 10:59:30.620 I/DEBUG   (12025):     511d4df4 00000000 511d4e28 58b3396a 511d4e28  
04-24 10:59:30.620 I/DEBUG   (12025):     511d4e04 58b33986 51522150 00000006 00000000  
04-24 10:59:30.620 I/DEBUG   (12025):     511d4e14 511d4e48 52a47a3c 51525f60 58b33986  
04-24 10:59:30.620 I/DEBUG   (12025):     511d4e24 00000000 00000001 52c47d7a 419b5580  
04-24 10:59:30.620 I/DEBUG   (12025):     511d4e34 511d4e64 52a47a5c 51271d18 52a47a3c  
04-24 10:59:30.620 I/DEBUG   (12025):     511d4e44 00000000 419b5580 4199b9f0 511d4e84  
04-24 10:59:30.620 I/DEBUG   (12025):     511d4e54 52c46610 51271d58 52a47a5c 00000000  
04-24 10:59:30.620 I/DEBUG   (12025):     511d4e64 419b5580 419a6590 4199b9f0 511d4ec4  
04-24 10:59:30.620 I/DEBUG   (12025):     511d4e74 52a4c8bc 5123cb78 52c46610 00000000  
04-24 10:59:30.620 I/DEBUG   (12025):     511d4e84 0000082d 0000275c 00000000 4199a3f8  
04-24 10:59:30.620 I/DEBUG   (12025):     511d4e94 4199b9f0 0000082d 0000275c 4199a418  
04-24 10:59:30.620 I/DEBUG   (12025):     511d4ea4 419a6590 00000000 4199d1f0 511d4eec  
04-24 10:59:30.620 I/DEBUG   (12025):     511d4eb4 00000000 512bb6e0 52a4c8bc 00000012  
04-24 10:59:30.620 I/DEBUG   (12025):     511d4ec4 4199a488 4199a588 00000000 00000000  
04-24 10:59:30.620 I/DEBUG   (12025):     511d4ed4 41999968 511d4f00 00000000 00000000  
04-24 10:59:30.620 I/DEBUG   (12025):     511d4ee4 00000000 532f77ac 511d4f34 5228d7b6  
04-24 10:59:30.630 I/DEBUG   (12025): 
04-24 10:59:30.630 I/DEBUG   (12025): memory near sl:
04-24 10:59:30.630 I/DEBUG   (12025):     4148e540 00000000 00000800 511cc008 0000045b  
04-24 10:59:30.630 I/DEBUG   (12025):     4148e550 52cbebe8 511d4e14 51525f60 58c73000  
04-24 10:59:30.630 I/DEBUG   (12025):     4148e560 00000001 00000000 be8c66a8 00000000  
04-24 10:59:30.630 I/DEBUG   (12025):     4148e570 be8c66fc 00000001 00000000 414adcc0  
04-24 10:59:30.630 I/DEBUG   (12025):     4148e580 00000000 00000000 50830770 511cf300  
04-24 10:59:30.630 I/DEBUG   (12025):     4148e590 00000000 00000000 00000001 00006000  
04-24 10:59:30.630 I/DEBUG   (12025):     4148e5a0 00000000 40041154 414adcc0 414b2b80  
04-24 10:59:30.630 I/DEBUG   (12025):     4148e5b0 00000000 414b6c7c 414b6cf0 414b6ba0  
04-24 10:59:30.630 I/DEBUG   (12025):     4148e5c0 414b6bc0 414b6c1c 00000000 00000000  
04-24 10:59:30.630 I/DEBUG   (12025):     4148e5d0 5951c380 00000028 00000000 00000000  
04-24 10:59:30.630 I/DEBUG   (12025):     4148e5e0 00000000 00000006 00002000 4153f91c  
04-24 10:59:30.630 I/DEBUG   (12025):     4148e5f0 00000000 512e7f88 00000007 55146368  
04-24 10:59:30.630 I/DEBUG   (12025):     4148e600 00000001 00000080 00000200 00000000  
04-24 10:59:30.630 I/DEBUG   (12025):     4148e610 00000005 522d6fae 522d6fae 00000009  
04-24 10:59:30.630 I/DEBUG   (12025):     4148e620 52d0556e 5120f3e8 97d89cb1 434c5a8f  
04-24 10:59:30.630 I/DEBUG   (12025):     4148e630 55744f21 38e22ac9 5bda5ad0 38e22ac7  
04-24 10:59:30.630 I/DEBUG   (12025): 
04-24 10:59:30.630 I/DEBUG   (12025): memory near fp:
04-24 10:59:30.630 I/DEBUG   (12025):     be8c64c4 59d6c058 5dd55428 00000000 5dd55428  
04-24 10:59:30.630 I/DEBUG   (12025):     be8c64d4 59d67390 00000001 59415058 be8c64ec  
04-24 10:59:30.630 I/DEBUG   (12025):     be8c64e4 59d67364 be8c64f4 59d673a8 be8c6504  
04-24 10:59:30.630 I/DEBUG   (12025):     be8c64f4 59d67530 5dd55480 5941509c be8c658c  
04-24 10:59:30.630 I/DEBUG   (12025):     be8c6504 59d9854c 5a148920 5a14968d 000000a0  
04-24 10:59:30.630 I/DEBUG   (12025):     be8c6514 59ebf858 5ceeae9c 00000001 5921493c  
04-24 10:59:30.630 I/DEBUG   (12025):     be8c6524 5ddf3fbc 5a2e8c68 59ea86b8 5940c258  
04-24 10:59:30.630 I/DEBUG   (12025):     be8c6534 00000001 59ea8660 59ec0450 5940c258  
04-24 10:59:30.630 I/DEBUG   (12025):     be8c6544 4148e550 00000000 511d4e1c be8c6578  
04-24 10:59:30.630 I/DEBUG   (12025):     be8c6554 5940c258 4148e550 00000000 511d4e1c  
04-24 10:59:30.630 I/DEBUG   (12025):     be8c6564 59ec04d0 51522150 58cc0a3c 52a47a3c  
04-24 10:59:30.630 I/DEBUG   (12025):     be8c6574 414adb50 511d4e14 00000001 00000008  
04-24 10:59:30.630 I/DEBUG   (12025):     be8c6584 419a3e68 41999b04 414ddff7 511d4e14  
04-24 10:59:30.630 I/DEBUG   (12025):     be8c6594 58c07b8d 58cc0a20 4148e560 5bcfbe10  
04-24 10:59:30.630 I/DEBUG   (12025):     be8c65a4 40067ef5 4c200019 00000000 4153f6c8  
04-24 10:59:30.630 I/DEBUG   (12025):     be8c65b4 400a5384 4148e578 ffffbfff 4148e578  
04-24 10:59:30.630 I/DEBUG   (12025): 
04-24 10:59:30.630 I/DEBUG   (12025): memory near ip:
04-24 10:59:30.630 I/DEBUG   (12025):     5dd55488 00000003 5dd616ec 5921493c 5ddf3fbc  
04-24 10:59:30.630 I/DEBUG   (12025):     5dd55498 5dd653ec 5dd754b4 00000000 00000069  
04-24 10:59:30.630 I/DEBUG   (12025):     5dd554a8 6572674f 65523a3a 7265646e 41676e69  
04-24 10:59:30.630 I/DEBUG   (12025):     5dd554b8 78454950 74706563 006e6f69 ffffffff  
04-24 10:59:30.630 I/DEBUG   (12025):     5dd554c8 ffffffff 00000041 00000001 ffffffff  
04-24 10:59:30.630 I/DEBUG   (12025):     5dd554d8 00000000 000003d0 00000000 00000029  
04-24 10:59:30.630 I/DEBUG   (12025):     5dd554e8 ffffffff 00000000 00000000 590e4d64  
04-24 10:59:30.630 I/DEBUG   (12025):     5dd554f8 00000000 62b670c0 00000000 0000003f  
04-24 10:59:30.630 I/DEBUG   (12025):     5dd55508 00000068 0000008a a1400000 00000000  
04-24 10:59:30.630 I/DEBUG   (12025):     5dd55518 00000000 00000000 a1400000 00400000  
04-24 10:59:30.630 I/DEBUG   (12025):     5dd55528 00000000 00000000 00000005 00000000  
04-24 10:59:30.630 I/DEBUG   (12025):     5dd55538 00000001 0000007f 00000000 00000000  
04-24 10:59:30.630 I/DEBUG   (12025):     5dd55548 00000000 00000000 00000000 00000000  
04-24 10:59:30.630 I/DEBUG   (12025):     5dd55558 0000003b 00000001 00000000 00000000  
04-24 10:59:30.630 I/DEBUG   (12025):     5dd55568 00000219 00000000 00000045 00000001  
04-24 10:59:30.630 I/DEBUG   (12025):     5dd55578 00000001 58fe2044 00000099 00000000  
04-24 10:59:30.630 I/DEBUG   (12025): 
04-24 10:59:30.630 I/DEBUG   (12025): memory near sp:
04-24 10:59:30.630 I/DEBUG   (12025):     be8c6448 000007de 000007de 5940d8fc 59d46dac  
04-24 10:59:30.630 I/DEBUG   (12025):     be8c6458 400a122c 0000000b 400a122c 000000c5  
04-24 10:59:30.630 I/DEBUG   (12025):     be8c6468 00000006 00000016 0000082d 5dd554a8  
04-24 10:59:30.630 I/DEBUG   (12025):     be8c6478 5dd554a8 4006a065 00000006 5dd754b4  
04-24 10:59:30.630 I/DEBUG   (12025):     be8c6488 00000001 4006a279 be8c649c 40068fad  
04-24 10:59:30.630 I/DEBUG   (12025):     be8c6498 400a122c ffffffdf 0000000a 00000000  
04-24 10:59:30.630 I/DEBUG   (12025):     be8c64a8 400a122c 400af324 0000000a 400a1184  
04-24 10:59:30.630 I/DEBUG   (12025):     be8c64b8 5dd754b4 40078858 0000082d 59d6c058  
04-24 10:59:30.630 I/DEBUG   (12025):     be8c64c8 5dd55428 00000000 5dd55428 59d67390  
04-24 10:59:30.630 I/DEBUG   (12025):     be8c64d8 00000001 59415058 be8c64ec 59d67364  
04-24 10:59:30.630 I/DEBUG   (12025):     be8c64e8 be8c64f4 59d673a8 be8c6504 59d67530  
04-24 10:59:30.630 I/DEBUG   (12025):     be8c64f8 5dd55480 5941509c be8c658c 59d9854c  
04-24 10:59:30.630 I/DEBUG   (12025):     be8c6508 5a148920 5a14968d 000000a0 59ebf858  
04-24 10:59:30.630 I/DEBUG   (12025):     be8c6518 5ceeae9c 00000001 5921493c 5ddf3fbc  
04-24 10:59:30.630 I/DEBUG   (12025):     be8c6528 5a2e8c68 59ea86b8 5940c258 00000001  
04-24 10:59:30.630 I/DEBUG   (12025):     be8c6538 59ea8660 59ec0450 5940c258 4148e550  
04-24 10:59:30.630 I/DEBUG   (12025): 
04-24 10:59:30.630 I/DEBUG   (12025): code around pc:
04-24 10:59:30.630 I/DEBUG   (12025):     40078f80 e8bd00f0 e3700a01 912fff1e e2600000  
04-24 10:59:30.630 I/DEBUG   (12025):     40078f90 ea006e76 e92d50f0 e3a07f43 ef000000  
04-24 10:59:30.630 I/DEBUG   (12025):     40078fa0 e8bd50f0 e3700a01 912fff1e e2600000  
04-24 10:59:30.630 I/DEBUG   (12025):     40078fb0 ea006e6e e92d50f0 e3a070ee ef000000  
04-24 10:59:30.630 I/DEBUG   (12025):     40078fc0 e8bd50f0 e3700a01 912fff1e e2600000  
04-24 10:59:30.630 I/DEBUG   (12025):     40078fd0 ea006e66 e1520003 8a00008c f5d1f040  
04-24 10:59:30.630 I/DEBUG   (12025):     40078fe0 e92d4001 e3520010 3a000024 e2603000  
04-24 10:59:30.630 I/DEBUG   (12025):     40078ff0 e213300f 0a00000e e0422003 e1b0cf83  
04-24 10:59:30.630 I/DEBUG   (12025):     40079000 44d1e001 44c0e001 24d1c001 24d1e001  
04-24 10:59:30.630 I/DEBUG   (12025):     40079010 24c0c001 24c0e001 e1b0ce83 aa000001  
04-24 10:59:30.630 I/DEBUG   (12025):     40079020 f4a1030d f480031d 3a000001 f421070d  
04-24 10:59:30.630 I/DEBUG   (12025):     40079030 f400071d e2522040 3a000006 f421020d  
04-24 10:59:30.630 I/DEBUG   (12025):     40079040 f421420d f5d1f100 e2522040 f400022d  
04-24 10:59:30.630 I/DEBUG   (12025):     40079050 f400422d 2afffff8 e2922020 3a000002  
04-24 10:59:30.630 I/DEBUG   (12025):     40079060 f421020d e2422020 f400022d e2822020  
04-24 10:59:30.630 I/DEBUG   (12025):     40079070 e3120010 0a000001 f4210a0d f4000a2d  
04-24 10:59:30.630 I/DEBUG   (12025): 
04-24 10:59:30.630 I/DEBUG   (12025): code around lr:
04-24 10:59:30.630 I/DEBUG   (12025):     4006a044 447b4b13 42b3e010 4812d10e 44786a1e  
04-24 10:59:30.630 I/DEBUG   (12025):     4006a054 ec94f7fb e9d6f00d 46224631 ef98f00e  
04-24 10:59:30.630 I/DEBUG   (12025):     4006a064 d00a3001 e00b2400 2b00681b 480ad1eb  
04-24 10:59:30.630 I/DEBUG   (12025):     4006a074 44782403 ec82f7fb f001e002 6804fa1b  
04-24 10:59:30.630 I/DEBUG   (12025):     4006a084 fa18f001 46206005 bf00bd70 0003b35e  
04-24 10:59:30.630 I/DEBUG   (12025):     4006a094 0003b352 0003b34a 0003b326 bf7ef7ff  
04-24 10:59:30.630 I/DEBUG   (12025):     4006a0a4 43f0e92d 4a3d4b3c 589c447b 6823b08b  
04-24 10:59:30.630 I/DEBUG   (12025):     4006a0b4 460d4606 f0019309 46a1f9fd 8000f8d0  
04-24 10:59:30.630 I/DEBUG   (12025):     4006a0c4 d0482d00 f00f4628 280ffe69 d8444604  
04-24 10:59:30.630 I/DEBUG   (12025):     4006a0d4 ffe4f7ff d1064286 4629200f e8a0f00d  
04-24 10:59:30.630 I/DEBUG   (12025):     4006a0e4 d03c2800 482ee02e f7fb4478 482debc6  
04-24 10:59:30.630 I/DEBUG   (12025):     4006a0f4 e0154478 d11342b0 482b6a06 f7fb4478  
04-24 10:59:30.630 I/DEBUG   (12025):     4006a104 4a2aec3e 447a2120 a8014633 f9fef013  
04-24 10:59:30.630 I/DEBUG   (12025):     4006a114 a8012101 fcfcf01a 46061c42 e011d104  
04-24 10:59:30.630 I/DEBUG   (12025):     4006a124 28006800 e02cd1e6 46294630 f00d4622  
04-24 10:59:30.630 I/DEBUG   (12025):     4006a134 1c43e8dc d11e4607 f9bcf001 29046801  
04-24 10:59:30.770 I/BootReceiver(  431): Copying /data/tombstones/tombstone_06 to DropBox (SYSTEM_TOMBSTONE)
04-24 10:59:30.840 W/InputDispatcher(  431): channel '41d4c330 com.antutu.ABenchMark/com.antutu.ABenchMark.Test3D.OgreActivity (server)' ~ Consumer closed input channel or an error occurred.  events=0x9
04-24 10:59:30.840 E/InputDispatcher(  431): channel '41d4c330 com.antutu.ABenchMark/com.antutu.ABenchMark.Test3D.OgreActivity (server)' ~ Channel is unrecoverably broken and will be disposed!
04-24 10:59:30.840 D/Zygote  (  111): Process 2093 terminated by signal (6)
04-24 10:59:30.870 D/dalvikvm(  431): GC_FOR_ALLOC freed 1196K, 36% free 10160K/15772K, paused 90ms, total 91ms
04-24 10:59:30.870 I/WindowState(  431): WIN DEATH: Window{41d4c330 u0 com.antutu.ABenchMark/com.antutu.ABenchMark.Test3D.OgreActivity}
04-24 10:59:30.880 W/InputDispatcher(  431): Attempted to unregister already unregistered input channel '41d4c330 com.antutu.ABenchMark/com.antutu.ABenchMark.Test3D.OgreActivity (server)'
04-24 10:59:30.880 W/InputChannel-JNI(  431): Input channel object 'ClientState{41c54d10 uid 10076 pid 18783} (server)' was finalized without being disposed!
04-24 10:59:30.880 W/WindowManager(  431): Force-removing child win Window{41dd7c50 u0 SurfaceView} from container Window{41d4c330 u0 com.antutu.ABenchMark/com.antutu.ABenchMark.Test3D.OgreActivity}
04-24 10:59:30.880 I/ActivityManager(  431): Process com.antutu.ABenchMark:remote (pid 2093) has died.
04-24 10:59:30.880 W/ActivityManager(  431): Force removing ActivityRecord{41d5dae8 u0 com.antutu.ABenchMark/.Test3D.OgreActivity t40}: app died, no saved state
04-24 10:59:30.910 W/WindowManager(  431): Failed looking up window
04-24 10:59:30.910 W/WindowManager(  431): java.lang.IllegalArgumentException: Requested window android.os.BinderProxy@41d76210 does not exist
04-24 10:59:30.910 W/WindowManager(  431): 	at com.android.server.wm.WindowManagerService.windowForClientLocked(WindowManagerService.java:7914)
04-24 10:59:30.910 W/WindowManager(  431): 	at com.android.server.wm.WindowManagerService.windowForClientLocked(WindowManagerService.java:7905)
04-24 10:59:30.910 W/WindowManager(  431): 	at com.android.server.wm.WindowState$DeathRecipient.binderDied(WindowState.java:1040)
04-24 10:59:30.910 W/WindowManager(  431): 	at android.os.BinderProxy.sendDeathNotice(Binder.java:493)
04-24 10:59:30.910 W/WindowManager(  431): 	at dalvik.system.NativeStart.run(Native Method)
04-24 10:59:30.910 I/WindowState(  431): WIN DEATH: null
04-24 10:59:30.940 I/qtaguid (  431): Failed write_ctrl(s 0 10076) res=-1 errno=1
04-24 10:59:30.940 W/NetworkManagementSocketTagger(  431): setKernelCountSet(10076, 0) failed with errno -1
04-24 10:59:30.940 I/ActivityManager(  431): Start proc com.antutu.ABenchMark for activity com.antutu.ABenchMark/com.antutu.benchmark.activity.MainActivity: pid=2122 uid=10076 gids={50076, 3003, 1028, 1015}
04-24 10:59:30.940 W/ActivityManager(  431): Launch timeout has expired, giving up wake lock!
04-24 10:59:31.010 D/dalvikvm(  431): GC_CONCURRENT freed 130K, 36% free 10235K/15772K, paused 5ms+9ms, total 139ms
04-24 10:59:31.050 D/gralloc (  110): ==USE CPU CACHE OP LLL usage = 0x933==
04-24 10:59:31.050 D/gralloc (  110): ION_HEAP_SYSTEM_MASK alloc
04-24 10:59:31.070 I/qtaguid (  431): Failed write_ctrl(s 1 10076) res=-1 errno=1
04-24 10:59:31.070 W/NetworkManagementSocketTagger(  431): setKernelCountSet(10076, 1) failed with errno -1
04-24 10:59:31.070 D/gralloc (  110): ==USE CPU CACHE OP LLL usage = 0x933==
04-24 10:59:31.070 D/gralloc (  110): ION_HEAP_SYSTEM_MASK alloc
04-24 10:59:31.150 I/AssetsDatabase( 2122): Create database devinfo
04-24 10:59:31.150 I/hwcomposer(  110): IMG_hwcdev_pipe_assign_status_t hwcdev_try_to_assign_pipe(SUNXI_hwcdev_context_t*, SUNXI_hwcdev_pipe_t*, hwc_layer_1_t*, int, int): We use not config memory
04-24 10:59:31.150 I/hwcomposer(  110): IMG_hwcdev_pipe_assign_status_t hwcdev_try_to_assign_pipe(SUNXI_hwcdev_context_t*, SUNXI_hwcdev_pipe_t*, hwc_layer_1_t*, int, int): We use not config memory
04-24 10:59:31.150 I/hwcomposer(  110): IMG_hwcdev_pipe_assign_status_t hwcdev_try_to_assign_pipe(SUNXI_hwcdev_context_t*, SUNXI_hwcdev_pipe_t*, hwc_layer_1_t*, int, int): We use not config memory
04-24 10:59:31.150 I/hwcomposer(  110): IMG_hwcdev_pipe_assign_status_t hwcdev_try_to_assign_pipe(SUNXI_hwcdev_context_t*, SUNXI_hwcdev_pipe_t*, hwc_layer_1_t*, int, int): We use not config memory
04-24 10:59:31.150 I/hwcomposer(  110): IMG_hwcdev_pipe_assign_status_t hwcdev_try_to_assign_pipe(SUNXI_hwcdev_context_t*, SUNXI_hwcdev_pipe_t*, hwc_layer_1_t*, int, int): We use not config memory
04-24 10:59:31.150 I/hwcomposer(  110): IMG_hwcdev_pipe_assign_status_t hwcdev_try_to_assign_pipe(SUNXI_hwcdev_context_t*, SUNXI_hwcdev_pipe_t*, hwc_layer_1_t*, int, int): We use not config memory
04-24 10:59:31.150 I/hwcomposer(  110): IMG_hwcdev_pipe_assign_status_t hwcdev_try_to_assign_pipe(SUNXI_hwcdev_context_t*, SUNXI_hwcdev_pipe_t*, hwc_layer_1_t*, int, int): We use not config memory
04-24 10:59:31.150 I/hwcomposer(  110): IMG_hwcdev_pipe_assign_status_t hwcdev_try_to_assign_pipe(SUNXI_hwcdev_context_t*, SUNXI_hwcdev_pipe_t*, hwc_layer_1_t*, int, int): We use not config memory
04-24 10:59:31.150 I/hwcomposer(  110): IMG_hwcdev_pipe_assign_status_t hwcdev_try_to_assign_pipe(SUNXI_hwcdev_context_t*, SUNXI_hwcdev_pipe_t*, hwc_layer_1_t*, int, int): We use not config memory
04-24 10:59:31.150 I/hwcomposer(  110): IMG_hwcdev_pipe_assign_status_t hwcdev_try_to_assign_pipe(SUNXI_hwcdev_context_t*, SUNXI_hwcdev_pipe_t*, hwc_layer_1_t*, int, int): We use not config memory
04-24 10:59:31.160 D/dalvikvm( 2122): Trying to load lib /data/app-lib/com.antutu.ABenchMark-1/libabenchmark.so 0x419a0de8
04-24 10:59:31.170 D/dalvikvm( 2122): Added shared lib /data/app-lib/com.antutu.ABenchMark-1/libabenchmark.so 0x419a0de8
04-24 10:59:31.170 D/dalvikvm( 2122): No JNI_OnLoad found in /data/app-lib/com.antutu.ABenchMark-1/libabenchmark.so 0x419a0de8, skipping init
04-24 10:59:31.280 I/ActivityManager(  431): START u0 {cmp=com.antutu.ABenchMark/com.antutu.benchmark.activity.aj} from pid 2122
04-24 10:59:31.310 D/dalvikvm( 2122): GC_CONCURRENT freed 343K, 8% free 4469K/4852K, paused 3ms+2ms, total 34ms
04-24 10:59:31.450 D/gralloc (  110): ==USE CPU CACHE OP LLL usage = 0x933==
04-24 10:59:31.450 D/gralloc (  110): ION_HEAP_SYSTEM_MASK alloc
04-24 10:59:31.490 I/wpa_supplicant(  639): [CTRL_IFACE]wlan0: SIGNAL_POLL
04-24 10:59:31.560 D/dalvikvm( 2122): GC_CONCURRENT freed 205K, 5% free 4670K/4900K, paused 4ms+2ms, total 21ms
04-24 10:59:31.880 I/WindowManager(  431): Screenshot max retries 4 of Token{41d47040 ActivityRecord{41d7e580 u0 com.antutu.ABenchMark/com.antutu.benchmark.activity.MainActivity t40 f}} appWin=Window{4215ad68 u0 Starting com.antutu.ABenchMark} drawState=4
04-24 10:59:31.880 W/WindowManager(  431): Screenshot failure taking screenshot for (768x1024) to layer 21010
04-24 10:59:31.900 I/ActivityManager(  431): Start proc com.android.launcher for activity com.android.launcher/com.android.launcher2.Launcher: pid=2177 uid=10011 gids={50011}
