04-23 21:06:50.470 D/dalvikvm(  431): GC_FOR_ALLOC freed 955K, 13% free 9552K/10980K, paused 69ms, total 70ms
04-23 21:07:32.720 D/ConnectivityService(  431): Sampling interval elapsed, updating statistics ..
04-23 21:07:32.720 D/ConnectivityService(  431): Done.
04-23 21:07:32.720 D/ConnectivityService(  431): Setting timer for 720seconds
04-23 21:08:21.920 I/wpa_supplicant(  639): wlan0: Associated with a4:93:4c:b1:4a:5f
04-23 21:08:22.130 I/wpa_supplicant(  639): wlan0: WPA: Key negotiation completed with a4:93:4c:b1:4a:5f [PTK=CCMP GTK=CCMP]
04-23 21:08:22.130 I/wpa_supplicant(  639): wlan0: CTRL-EVENT-CONNECTED - Connection to a4:93:4c:b1:4a:5f completed (auth) [id=1 id_str=]
04-23 21:08:46.310 D/dalvikvm(  431): GC_FOR_ALLOC freed 976K, 13% free 9560K/10980K, paused 71ms, total 72ms
04-23 21:09:02.070 I/wpa_supplicant(  639): wlan0: Associated with a4:93:4c:b1:4a:5f
04-23 21:09:02.090 I/wpa_supplicant(  639): wlan0: WPA: Key negotiation completed with a4:93:4c:b1:4a:5f [PTK=CCMP GTK=CCMP]
04-23 21:09:02.090 I/wpa_supplicant(  639): wlan0: CTRL-EVENT-CONNECTED - Connection to a4:93:4c:b1:4a:5f completed (auth) [id=1 id_str=]
04-23 21:10:52.230 D/dalvikvm(  431): GC_FOR_ALLOC freed 959K, 13% free 9555K/10980K, paused 70ms, total 73ms
04-23 21:12:30.250 I/wpa_supplicant(  639): wlan0: Associated with a4:93:4c:b1:4a:5f
04-23 21:12:30.480 I/wpa_supplicant(  639): wlan0: WPA: Key negotiation completed with a4:93:4c:b1:4a:5f [PTK=CCMP GTK=CCMP]
04-23 21:12:30.480 I/wpa_supplicant(  639): wlan0: CTRL-EVENT-CONNECTED - Connection to a4:93:4c:b1:4a:5f completed (auth) [id=1 id_str=]
04-23 21:12:57.930 I/wpa_supplicant(  639): wlan0: Associated with a4:93:4c:b1:4a:5f
04-23 21:12:58.120 D/dalvikvm(  431): GC_FOR_ALLOC freed 966K, 13% free 9558K/10980K, paused 69ms, total 69ms
04-23 21:12:58.930 I/wpa_supplicant(  639): wlan0: WPA: Key negotiation completed with a4:93:4c:b1:4a:5f [PTK=CCMP GTK=CCMP]
04-23 21:12:58.930 I/wpa_supplicant(  639): wlan0: CTRL-EVENT-CONNECTED - Connection to a4:93:4c:b1:4a:5f completed (auth) [id=1 id_str=]
04-23 21:13:59.990 I/ProcessStatsService(  431): Prepared write state in 4ms
04-23 21:15:01.290 D/dalvikvm(  431): GC_FOR_ALLOC freed 975K, 14% free 9545K/10980K, paused 62ms, total 63ms
04-23 21:17:04.830 D/dalvikvm(  431): GC_FOR_ALLOC freed 946K, 13% free 9555K/10980K, paused 68ms, total 69ms
04-23 21:19:10.720 D/dalvikvm(  431): GC_FOR_ALLOC freed 940K, 13% free 9554K/10980K, paused 70ms, total 70ms
04-23 21:20:27.100 D/PowerManagerService(  431): mHoldBootFastWakeLock = true
04-23 21:20:27.160 D/ConnectivityService(  431): Sampling interval elapsed, updating statistics ..
04-23 21:20:27.160 D/ConnectivityService(  431): Done.
04-23 21:20:27.160 D/ConnectivityService(  431): Setting timer for 720seconds
04-23 21:20:37.120 D/PowerManagerService(  431): mHoldBootFastWakeLock = true
04-23 21:20:43.460 D/GCM     (19183): Message class foe
04-23 21:20:43.970 D/ConnectivityService(  431): handleInetConditionHoldEnd: net=1, condition=100, published condition=100
04-23 21:20:46.420 D/dalvikvm(  431): GC_FOR_ALLOC freed 987K, 13% free 9557K/10980K, paused 68ms, total 69ms
04-23 21:22:52.330 D/dalvikvm(  431): GC_FOR_ALLOC freed 946K, 14% free 9552K/10980K, paused 71ms, total 72ms
04-23 21:24:58.250 D/dalvikvm(  431): GC_FOR_ALLOC freed 936K, 14% free 9552K/10980K, paused 68ms, total 69ms
04-23 21:27:04.160 D/dalvikvm(  431): GC_FOR_ALLOC freed 955K, 14% free 9544K/10980K, paused 71ms, total 72ms
04-23 21:29:05.010 W/ProcessCpuTracker(  431): Skipping unknown process pid 23142
04-23 21:29:10.090 D/dalvikvm(  431): GC_FOR_ALLOC freed 942K, 13% free 9552K/10980K, paused 67ms, total 68ms
04-23 21:30:01.520 V/BackupManagerService(  431): Running a backup pass
04-23 21:30:01.520 V/BackupManagerService(  431): Backup requested but nothing pending
04-23 21:30:01.530 I/EventLogService(19183): Aggregate from 1398258001408 (log), 1398258001408 (data)
04-23 21:30:01.530 I/ActivityManager(  431): Delay finish: com.google.android.gsf/.checkin.EventLogService$Receiver
04-23 21:30:01.590 D/dalvikvm(19183): GC_FOR_ALLOC freed 398K, 11% free 4972K/5540K, paused 19ms, total 20ms
04-23 21:30:01.590 I/ActivityManager(  431): Resuming delayed broadcast
04-23 21:31:01.290 D/dalvikvm(  431): GC_FOR_ALLOC freed 959K, 14% free 9550K/10980K, paused 63ms, total 64ms
04-23 21:32:18.520 D/PowerManagerService(  431): mHoldBootFastWakeLock = true
04-23 21:32:27.170 D/ConnectivityService(  431): Sampling interval elapsed, updating statistics ..
04-23 21:32:27.170 D/ConnectivityService(  431): Done.
04-23 21:32:27.170 D/ConnectivityService(  431): Setting timer for 720seconds
04-23 21:32:28.540 D/PowerManagerService(  431): mHoldBootFastWakeLock = true
04-23 21:33:00.060 D/dalvikvm(18861): GC_CONCURRENT freed 3002K, 30% free 7424K/10460K, paused 2ms+5ms, total 45ms
04-23 21:33:01.670 D/dalvikvm(  431): GC_FOR_ALLOC freed 983K, 14% free 9544K/10980K, paused 68ms, total 69ms
04-23 21:35:07.580 D/dalvikvm(  431): GC_FOR_ALLOC freed 943K, 14% free 9547K/10980K, paused 69ms, total 69ms
04-23 21:35:43.920 D/GCM     (19183): Message class foe
04-23 21:35:44.430 D/ConnectivityService(  431): handleInetConditionHoldEnd: net=1, condition=100, published condition=100
04-23 21:36:58.400 D/dalvikvm(  431): GC_FOR_ALLOC freed 964K, 14% free 9548K/10980K, paused 70ms, total 71ms
04-23 21:37:17.100 I/EntropyMixer(  431): Writing entropy...
04-23 21:39:01.280 D/dalvikvm(  431): GC_FOR_ALLOC freed 953K, 14% free 9539K/10980K, paused 61ms, total 62ms
04-23 21:41:10.180 D/dalvikvm(  431): GC_FOR_ALLOC freed 950K, 14% free 9547K/10980K, paused 69ms, total 69ms
04-23 21:42:23.960 I/wpa_supplicant(  639): wlan0: Associated with a4:93:4c:b1:4a:5f
04-23 21:42:24.970 I/wpa_supplicant(  639): wlan0: WPA: Key negotiation completed with a4:93:4c:b1:4a:5f [PTK=CCMP GTK=CCMP]
04-23 21:42:24.970 I/wpa_supplicant(  639): wlan0: CTRL-EVENT-CONNECTED - Connection to a4:93:4c:b1:4a:5f completed (auth) [id=1 id_str=]
04-23 21:43:16.090 D/dalvikvm(  431): GC_FOR_ALLOC freed 952K, 14% free 9551K/10980K, paused 68ms, total 69ms
04-23 21:44:00.020 I/ProcessStatsService(  431): Prepared write state in 6ms
04-23 21:44:00.030 I/ProcessStatsService(  431): Pruning old procstats: /data/system/procstats/state-2014-04-22-20-02-00.bin
04-23 21:44:06.530 I/System.out(18953): passive
04-23 21:44:06.530 I/System.out(18953): gps
04-23 21:44:06.530 I/System.out(18953): network
04-23 21:45:01.640 D/ConnectivityService(  431): Sampling interval elapsed, updating statistics ..
04-23 21:45:01.640 D/ConnectivityService(  431): Done.
04-23 21:45:01.640 D/ConnectivityService(  431): Setting timer for 720seconds
04-23 21:45:02.940 D/dalvikvm(  431): GC_FOR_ALLOC freed 974K, 14% free 9541K/10980K, paused 62ms, total 62ms
04-23 21:45:39.500 I/wpa_supplicant(  639): [CTRL_IFACE]wlan0: DRIVER BTCOEXMODE 1
04-23 21:45:39.500 I/wpa_supplicant(  639): [CTRL_IFACE]wlan0: DRIVER SETSUSPENDMODE 0
04-23 21:45:39.500 I/wpa_supplicant(  639): [CTRL_IFACE]wlan0: SET ps 0
04-23 21:45:39.930 I/wpa_supplicant(  639): [CTRL_IFACE]wlan0: DRIVER SETSUSPENDMODE 1
04-23 21:45:39.930 I/wpa_supplicant(  639): [CTRL_IFACE]wlan0: SET ps 1
04-23 21:45:39.930 I/wpa_supplicant(  639): [CTRL_IFACE]wlan0: DRIVER BTCOEXMODE 2
04-23 21:45:39.930 D/WifiStateMachine(  431): VerifyingLinkState enter
04-23 21:45:39.940 D/WifiStateMachine(  431): VerifyingLinkState GOOD_LINK_DETECTED: transition to captive portal check
04-23 21:45:39.940 D/WifiStateMachine(  431): CaptivePortalCheckState enter
04-23 21:45:39.940 D/ConnectivityService(  431): Captive portal check NetworkInfo: type: WIFI[], state: CONNECTING/CAPTIVE_PORTAL_CHECK, reason: (unspecified), extra: "XP-3f", roaming: false, failover: false, isAvailable: true, isConnectedToProvisioningNetwork: false
04-23 21:45:39.940 D/ConnectivityService(  431): handleCaptivePortalTrackerCheck: call captivePortalCheckComplete ni=NetworkInfo: type: WIFI[], state: CONNECTING/CAPTIVE_PORTAL_CHECK, reason: (unspecified), extra: "XP-3f", roaming: false, failover: false, isAvailable: true, isConnectedToProvisioningNetwork: false
04-23 21:45:39.940 D/ConnectivityService(  431): Captive portal check NetworkInfo: type: WIFI[], state: CONNECTING/CAPTIVE_PORTAL_CHECK, reason: (unspecified), extra: "XP-3f", roaming: false, failover: false, isAvailable: true, isConnectedToProvisioningNetwork: false
04-23 21:45:39.940 D/ConnectivityService(  431): handleCaptivePortalTrackerCheck: call captivePortalCheckComplete ni=NetworkInfo: type: WIFI[], state: CONNECTING/CAPTIVE_PORTAL_CHECK, reason: (unspecified), extra: "XP-3f", roaming: false, failover: false, isAvailable: true, isConnectedToProvisioningNetwork: false
04-23 21:45:39.950 D/WifiStateMachine(  431): CaptivePortalCheckState CMD_CAPTIVE_CHECK_COMPLETE
04-23 21:45:39.950 D/ConnectivityService(  431): ConnectivityChange for WIFI: CONNECTED/CONNECTED
04-23 21:45:39.960 E/ConnectivityService(  431): Unexpected mtu value: android.net.wifi.WifiStateTracker@41bfa510
04-23 21:45:39.980 D/ConnectivityService(  431): handleConnectivityChange: address are the same reset per doReset linkProperty[1]: resetMask=0
04-23 21:45:39.990 D/Nat464Xlat(  431): requiresClat: netType=1, hasIPv4Address=true
04-23 21:45:40.000 D/ConnectivityService(  431): ConnectivityChange for WIFI: CONNECTED/CONNECTED
04-23 21:45:40.000 E/ConnectivityService(  431): Unexpected mtu value: android.net.wifi.WifiStateTracker@41bfa510
04-23 21:45:40.030 D/ConnectivityService(  431): handleConnectivityChange: address are the same reset per doReset linkProperty[1]: resetMask=0
04-23 21:45:40.030 D/Nat464Xlat(  431): requiresClat: netType=1, hasIPv4Address=true
04-23 21:45:40.970 D/ConnectivityService(  431): NetTransition Wakelock for ConnectedState released by timeout
04-23 21:45:43.010 I/DeviceInfoService(  431): wifi on
04-23 21:45:43.010 I/DeviceInfoService(  431): onReceive BroadcastReceiver
04-23 21:45:43.010 D/OtaService(  431): onreceive action = android.net.conn.CONNECTIVITY_CHANGE
04-23 21:45:43.010 I/OtaService(  431): onReceive BroadcastReceiver
04-23 21:45:43.010 D/Tethering(  431): MasterInitialState.processMessage what=3
04-23 21:45:43.040 D/Tethering(  431): MasterInitialState.processMessage what=3
04-23 21:45:43.040 I/DeviceInfoService(  431): wifi on
04-23 21:45:43.040 I/DeviceInfoService(  431): onReceive BroadcastReceiver
04-23 21:45:43.040 D/OtaService(  431): onreceive action = android.net.conn.CONNECTIVITY_CHANGE
04-23 21:45:43.040 I/OtaService(  431): onReceive BroadcastReceiver
04-23 21:45:43.120 D/MobileConnectivityChangeReceiver(21667): onReceive Intent { act=android.net.conn.CONNECTIVITY_CHANGE flg=0x4000010 cmp=com.google.android.setupwizard/.MobileConnectivityChangeReceiver (has extras) }
04-23 21:45:43.120 D/MobileConnectivityChangeReceiver(21667): onReceive CONNECTIVITY_CHANGE networkType=1
04-23 21:45:43.140 D/GCM     (19183): GcmService start Intent { act=android.net.conn.CONNECTIVITY_CHANGE flg=0x4000010 cmp=com.google.android.gms/.gcm.GcmService (has extras) } android.net.conn.CONNECTIVITY_CHANGE
04-23 21:45:43.170 D/        (18953): intervalx=21444971
04-23 21:45:43.240 D/GCM     (19183): GcmService start Intent { act=android.net.conn.CONNECTIVITY_CHANGE flg=0x4000010 cmp=com.google.android.gms/.gcm.GcmService (has extras) } android.net.conn.CONNECTIVITY_CHANGE
04-23 21:45:43.250 D/MobileConnectivityChangeReceiver(21667): onReceive Intent { act=android.net.conn.CONNECTIVITY_CHANGE flg=0x4000010 cmp=com.google.android.setupwizard/.MobileConnectivityChangeReceiver (has extras) }
04-23 21:45:43.250 D/MobileConnectivityChangeReceiver(21667): onReceive CONNECTIVITY_CHANGE networkType=1
04-23 21:45:43.300 D/        (18953): intervalx=21445101
04-23 21:45:43.700 D/ConnectivityService(  431): handleInetConditionHoldEnd: net=1, condition=100, published condition=0
04-23 21:45:44.480 D/dalvikvm(18992): GC_CONCURRENT freed 501K, 10% free 4939K/5480K, paused 2ms+2ms, total 19ms
04-23 21:45:44.480 D/dalvikvm(18992): WAIT_FOR_CONCURRENT_GC blocked 11ms
04-23 21:45:44.680 D/dalvikvm(18992): GC_FOR_ALLOC freed 375K, 11% free 4920K/5480K, paused 17ms, total 18ms
04-23 21:45:44.880 D/dalvikvm(18992): GC_CONCURRENT freed 385K, 10% free 4943K/5480K, paused 2ms+2ms, total 18ms
04-23 21:45:44.880 D/dalvikvm(18992): WAIT_FOR_CONCURRENT_GC blocked 16ms
04-23 21:45:47.110 D/dalvikvm(18992): GC_FOR_ALLOC freed 388K, 11% free 4929K/5480K, paused 50ms, total 50ms
04-23 21:46:05.070 D/dalvikvm(  431): GC_CONCURRENT freed 1156K, 13% free 9558K/10980K, paused 5ms+6ms, total 76ms
04-23 21:48:13.150 D/dalvikvm(  431): GC_FOR_ALLOC freed 947K, 13% free 9554K/10980K, paused 72ms, total 72ms
04-23 21:49:39.950 I/wpa_supplicant(  639): wlan0: Associated with a4:93:4c:b1:4a:5f
04-23 21:49:40.960 I/wpa_supplicant(  639): wlan0: WPA: Key negotiation completed with a4:93:4c:b1:4a:5f [PTK=CCMP GTK=CCMP]
04-23 21:49:40.960 I/wpa_supplicant(  639): wlan0: CTRL-EVENT-CONNECTED - Connection to a4:93:4c:b1:4a:5f completed (auth) [id=1 id_str=]
04-23 21:50:03.980 D/dalvikvm(  431): GC_FOR_ALLOC freed 978K, 13% free 9560K/10980K, paused 73ms, total 73ms
04-23 21:50:43.960 I/Velvet.VelvetFactory(20315): refreshing search history.
04-23 21:50:44.020 W/Sidekick_LocationOracleImpl(20315): Best location was null
04-23 21:50:44.030 W/Search.SearchUrlHelper(20315): Auth token not ready, no auth header set.
04-23 21:50:45.270 D/GCM     (19183): Message class foe
04-23 21:50:45.780 D/ConnectivityService(  431): handleInetConditionHoldEnd: net=1, condition=100, published condition=100
04-23 21:50:50.210 D/dalvikvm(20315): GC_CONCURRENT freed 370K, 9% free 5593K/6104K, paused 4ms+5ms, total 28ms
04-23 21:50:50.510 D/dalvikvm(20315): GC_CONCURRENT freed 422K, 8% free 5658K/6116K, paused 3ms+5ms, total 38ms
04-23 21:50:50.540 D/dalvikvm(20315): GC_FOR_ALLOC freed 399K, 11% free 5554K/6200K, paused 20ms, total 20ms
04-23 21:51:59.950 I/wpa_supplicant(  639): wlan0: Associated with a4:93:4c:b1:4a:5f
04-23 21:52:00.960 I/wpa_supplicant(  639): wlan0: WPA: Key negotiation completed with a4:93:4c:b1:4a:5f [PTK=CCMP GTK=CCMP]
04-23 21:52:00.960 I/wpa_supplicant(  639): wlan0: CTRL-EVENT-CONNECTED - Connection to a4:93:4c:b1:4a:5f completed (auth) [id=1 id_str=]
04-23 21:52:01.280 D/dalvikvm(  431): GC_FOR_ALLOC freed 1000K, 14% free 9552K/10980K, paused 62ms, total 63ms
04-23 21:54:10.700 D/dalvikvm(  431): GC_FOR_ALLOC freed 959K, 13% free 9553K/10980K, paused 68ms, total 69ms
04-23 21:54:41.200 D/PowerManagerService(  431): mHoldBootFastWakeLock = true
04-23 21:54:51.220 D/PowerManagerService(  431): mHoldBootFastWakeLock = true
04-23 21:56:16.600 D/dalvikvm(  431): GC_FOR_ALLOC freed 977K, 14% free 9546K/10980K, paused 70ms, total 70ms
04-23 21:57:01.650 D/ConnectivityService(  431): Sampling interval elapsed, updating statistics ..
04-23 21:57:01.650 D/ConnectivityService(  431): Done.
04-23 21:57:01.650 D/ConnectivityService(  431): Setting timer for 720seconds
04-23 21:58:17.470 D/dalvikvm(  431): GC_FOR_ALLOC freed 951K, 14% free 9549K/10980K, paused 68ms, total 68ms
04-23 22:00:01.690 I/EventLogService(19183): Aggregate from 1398259801546 (log), 1398259801546 (data)
04-23 22:00:01.690 I/ActivityManager(  431): Delay finish: com.google.android.gsf/.checkin.EventLogService$Receiver
04-23 22:00:01.730 I/ActivityManager(  431): Resuming delayed broadcast
04-23 22:00:13.350 D/dalvikvm(  431): GC_FOR_ALLOC freed 957K, 13% free 9559K/10980K, paused 70ms, total 70ms
04-23 22:02:19.260 D/dalvikvm(  431): GC_FOR_ALLOC freed 939K, 13% free 9557K/10980K, paused 69ms, total 69ms
04-23 22:04:25.190 D/dalvikvm(  431): GC_FOR_ALLOC freed 936K, 13% free 9557K/10980K, paused 69ms, total 69ms
04-23 22:05:17.980 I/wpa_supplicant(  639): wlan0: Associated with a4:93:4c:b1:4a:5f
04-23 22:05:19.000 I/wpa_supplicant(  639): wlan0: WPA: Key negotiation completed with a4:93:4c:b1:4a:5f [PTK=CCMP GTK=CCMP]
04-23 22:05:19.000 I/wpa_supplicant(  639): wlan0: CTRL-EVENT-CONNECTED - Connection to a4:93:4c:b1:4a:5f completed (auth) [id=1 id_str=]
04-23 22:05:47.190 D/GCM     (19183): Message class foe
04-23 22:05:47.700 D/ConnectivityService(  431): handleInetConditionHoldEnd: net=1, condition=100, published condition=100
04-23 22:06:15.980 D/dalvikvm(  431): GC_FOR_ALLOC freed 966K, 13% free 9562K/10980K, paused 70ms, total 71ms
04-23 22:08:16.860 D/dalvikvm(  431): GC_FOR_ALLOC freed 946K, 13% free 9557K/10980K, paused 68ms, total 69ms
04-23 22:09:01.660 D/ConnectivityService(  431): Sampling interval elapsed, updating statistics ..
04-23 22:09:01.660 D/ConnectivityService(  431): Done.
04-23 22:09:01.660 D/ConnectivityService(  431): Setting timer for 720seconds
04-23 22:10:17.760 D/dalvikvm(  431): GC_FOR_ALLOC freed 950K, 13% free 9553K/10980K, paused 71ms, total 71ms
04-23 22:12:23.690 D/dalvikvm(  431): GC_FOR_ALLOC freed 941K, 13% free 9557K/10980K, paused 69ms, total 69ms
04-23 22:14:00.030 I/ProcessStatsService(  431): Prepared write state in 4ms
04-23 22:14:29.600 D/dalvikvm(  431): GC_FOR_ALLOC freed 953K, 14% free 9550K/10980K, paused 70ms, total 70ms
04-23 22:15:01.800 D/dalvikvm(18935): GC_CONCURRENT freed 385K, 9% free 4496K/4920K, paused 2ms+1ms, total 18ms
04-23 22:16:30.480 D/dalvikvm(  431): GC_FOR_ALLOC freed 934K, 13% free 9562K/10980K, paused 73ms, total 74ms
04-23 22:18:36.400 D/dalvikvm(  431): GC_FOR_ALLOC freed 941K, 13% free 9554K/10980K, paused 68ms, total 69ms
04-23 22:20:42.320 D/dalvikvm(  431): GC_FOR_ALLOC freed 936K, 13% free 9554K/10980K, paused 68ms, total 69ms
04-23 22:20:47.480 D/GCM     (19183): Message class foe
04-23 22:20:47.990 D/ConnectivityService(  431): handleInetConditionHoldEnd: net=1, condition=100, published condition=100
04-23 22:21:01.690 D/ConnectivityService(  431): Sampling interval elapsed, updating statistics ..
04-23 22:21:01.700 D/ConnectivityService(  431): Done.
04-23 22:21:01.700 D/ConnectivityService(  431): Setting timer for 720seconds
04-23 22:22:23.060 D/dalvikvm(  431): GC_FOR_ALLOC freed 976K, 13% free 9559K/10980K, paused 70ms, total 70ms
04-23 22:24:28.980 D/dalvikvm(  431): GC_FOR_ALLOC freed 943K, 14% free 9552K/10980K, paused 71ms, total 71ms
04-23 22:26:34.910 D/dalvikvm(  431): GC_FOR_ALLOC freed 935K, 14% free 9552K/10980K, paused 71ms, total 71ms
04-23 22:28:40.820 D/dalvikvm(  431): GC_FOR_ALLOC freed 934K, 14% free 9552K/10980K, paused 67ms, total 68ms
04-23 22:30:01.840 I/ActivityManager(  431): Delay finish: com.google.android.gsf/.checkin.EventLogService$Receiver
04-23 22:30:01.850 I/EventLogService(19183): Aggregate from 1398261601704 (log), 1398261601704 (data)
04-23 22:30:01.910 I/ActivityManager(  431): Resuming delayed broadcast
04-23 22:30:36.670 D/dalvikvm(  431): GC_FOR_ALLOC freed 953K, 13% free 9557K/10980K, paused 70ms, total 70ms
04-23 22:32:00.040 D/dalvikvm(  491): GC_CONCURRENT freed 447K, 75% free 6098K/23892K, paused 2ms+4ms, total 47ms
04-23 22:32:42.590 D/dalvikvm(  431): GC_FOR_ALLOC freed 938K, 13% free 9555K/10980K, paused 69ms, total 69ms
04-23 22:34:48.510 D/dalvikvm(  431): GC_FOR_ALLOC freed 936K, 13% free 9556K/10980K, paused 70ms, total 71ms
04-23 22:35:11.710 V/BackupManagerService(  431): Running a backup pass
04-23 22:35:11.710 D/ConnectivityService(  431): Sampling interval elapsed, updating statistics ..
04-23 22:35:11.720 D/ConnectivityService(  431): Done.
04-23 22:35:11.720 D/ConnectivityService(  431): Setting timer for 720seconds
04-23 22:35:11.720 V/BackupManagerService(  431): Backup requested but nothing pending
04-23 22:35:47.890 D/GCM     (19183): Message class foe
04-23 22:35:48.400 D/ConnectivityService(  431): handleInetConditionHoldEnd: net=1, condition=100, published condition=100
04-23 22:36:16.460 D/PowerManagerService(  431): mHoldBootFastWakeLock = true
04-23 22:36:29.270 D/dalvikvm(  431): GC_FOR_ALLOC freed 972K, 13% free 9555K/10980K, paused 70ms, total 71ms
04-23 22:37:16.460 D/PowerManagerService(  431): mHoldBootFastWakeLock = true
04-23 22:38:30.170 D/dalvikvm(  431): GC_FOR_ALLOC freed 966K, 13% free 9555K/10980K, paused 71ms, total 71ms
04-23 22:40:16.460 D/PowerManagerService(  431): mHoldBootFastWakeLock = true
04-23 22:40:36.090 D/dalvikvm(  431): GC_FOR_ALLOC freed 955K, 13% free 9555K/10980K, paused 70ms, total 71ms
04-23 22:42:16.460 D/PowerManagerService(  431): mHoldBootFastWakeLock = true
04-23 22:42:42.000 D/dalvikvm(  431): GC_FOR_ALLOC freed 957K, 14% free 9548K/10980K, paused 70ms, total 71ms
04-23 22:44:13.240 I/System.out(18953): passive
04-23 22:44:13.240 I/System.out(18953): gps
04-23 22:44:13.240 I/System.out(18953): network
04-23 22:44:18.920 D/dalvikvm(18953): GC_CONCURRENT freed 385K, 9% free 4612K/5040K, paused 2ms+1ms, total 18ms
04-23 22:44:42.880 D/dalvikvm(  431): GC_FOR_ALLOC freed 928K, 13% free 9555K/10980K, paused 68ms, total 69ms
04-23 22:45:00.000 I/ProcessStatsService(  431): Prepared write state in 3ms
04-23 22:46:16.460 D/PowerManagerService(  431): mHoldBootFastWakeLock = true
04-23 22:46:43.770 D/dalvikvm(  431): GC_FOR_ALLOC freed 970K, 14% free 9551K/10980K, paused 70ms, total 71ms
04-23 22:47:26.420 D/ConnectivityService(  431): Sampling interval elapsed, updating statistics ..
04-23 22:47:26.420 D/ConnectivityService(  431): Done.
04-23 22:47:26.420 D/ConnectivityService(  431): Setting timer for 720seconds
04-23 22:48:34.570 D/dalvikvm(  431): GC_FOR_ALLOC freed 981K, 13% free 9563K/10980K, paused 68ms, total 68ms
04-23 22:49:16.460 D/PowerManagerService(  431): mHoldBootFastWakeLock = true
04-23 22:49:38.960 I/wpa_supplicant(  639): wlan0: WPA: Group rekeying completed with a4:93:4c:b1:4a:5f [GTK=CCMP]
04-23 22:50:40.510 D/dalvikvm(  431): GC_FOR_ALLOC freed 963K, 13% free 9559K/10980K, paused 71ms, total 72ms
04-23 22:50:49.000 D/GCM     (19183): Message class foe
04-23 22:50:49.500 D/ConnectivityService(  431): handleInetConditionHoldEnd: net=1, condition=100, published condition=100
04-23 22:51:16.460 D/PowerManagerService(  431): mHoldBootFastWakeLock = true
04-23 22:52:16.460 D/PowerManagerService(  431): mHoldBootFastWakeLock = true
04-23 22:52:31.310 D/dalvikvm(  431): GC_FOR_ALLOC freed 942K, 13% free 9560K/10980K, paused 69ms, total 69ms
04-23 22:54:16.460 D/PowerManagerService(  431): mHoldBootFastWakeLock = true
04-23 22:54:16.500 D/dalvikvm(19153): GC_CONCURRENT freed 377K, 10% free 5196K/5740K, paused 2ms+3ms, total 30ms
04-23 22:54:37.220 D/dalvikvm(  431): GC_FOR_ALLOC freed 956K, 14% free 9551K/10980K, paused 68ms, total 69ms
04-23 22:55:16.460 D/PowerManagerService(  431): mHoldBootFastWakeLock = true
04-23 22:56:43.120 D/dalvikvm(  431): GC_FOR_ALLOC freed 953K, 13% free 9559K/10980K, paused 68ms, total 68ms
04-23 22:56:44.440 D/dalvikvm(18992): GC_CONCURRENT freed 384K, 10% free 4928K/5432K, paused 1ms+2ms, total 19ms
04-23 22:58:49.070 D/dalvikvm(  431): GC_FOR_ALLOC freed 936K, 13% free 9557K/10980K, paused 68ms, total 69ms
04-23 23:00:01.990 D/ConnectivityService(  431): Sampling interval elapsed, updating statistics ..
04-23 23:00:01.990 D/ConnectivityService(  431): Done.
04-23 23:00:01.990 D/ConnectivityService(  431): Setting timer for 720seconds
04-23 23:00:02.000 I/EventLogService(19183): Aggregate from 1398263401861 (log), 1398263401861 (data)
04-23 23:00:02.000 I/ActivityManager(  431): Delay finish: com.google.android.gsf/.checkin.EventLogService$Receiver
04-23 23:00:02.050 I/ActivityManager(  431): Resuming delayed broadcast
04-23 23:00:39.870 D/dalvikvm(  431): GC_FOR_ALLOC freed 952K, 13% free 9568K/10980K, paused 69ms, total 69ms
04-23 23:02:45.790 D/dalvikvm(  431): GC_FOR_ALLOC freed 943K, 13% free 9562K/10980K, paused 71ms, total 72ms
04-23 23:04:51.680 D/dalvikvm(  431): GC_FOR_ALLOC freed 935K, 13% free 9562K/10980K, paused 68ms, total 69ms
04-23 23:05:49.390 D/GCM     (19183): Message class foe
04-23 23:05:49.900 D/ConnectivityService(  431): handleInetConditionHoldEnd: net=1, condition=100, published condition=100
04-23 23:06:42.500 D/dalvikvm(  431): GC_FOR_ALLOC freed 947K, 13% free 9563K/10980K, paused 67ms, total 68ms
04-23 23:08:16.460 D/PowerManagerService(  431): mHoldBootFastWakeLock = true
04-23 23:08:43.370 D/dalvikvm(  431): GC_FOR_ALLOC freed 960K, 13% free 9562K/10980K, paused 69ms, total 69ms
04-23 23:09:16.460 D/PowerManagerService(  431): mHoldBootFastWakeLock = true
04-23 23:10:49.290 D/dalvikvm(  431): GC_FOR_ALLOC freed 956K, 13% free 9563K/10980K, paused 68ms, total 69ms
04-23 23:12:02.000 D/ConnectivityService(  431): Sampling interval elapsed, updating statistics ..
04-23 23:12:02.000 D/ConnectivityService(  431): Done.
04-23 23:12:02.000 D/ConnectivityService(  431): Setting timer for 720seconds
04-23 23:12:45.130 D/dalvikvm(  431): GC_FOR_ALLOC freed 919K, 13% free 9566K/10980K, paused 69ms, total 70ms
04-23 23:14:51.050 D/dalvikvm(  431): GC_FOR_ALLOC freed 936K, 13% free 9562K/10980K, paused 68ms, total 68ms
04-23 23:15:00.000 I/ProcessStatsService(  431): Prepared write state in 4ms
04-23 23:15:01.180 D/dalvikvm(18935): GC_CONCURRENT freed 389K, 9% free 4496K/4920K, paused 2ms+1ms, total 45ms
04-23 23:16:52.000 D/dalvikvm(  431): GC_FOR_ALLOC freed 950K, 13% free 9564K/10980K, paused 68ms, total 69ms
04-23 23:18:57.920 D/dalvikvm(  431): GC_FOR_ALLOC freed 943K, 13% free 9557K/10980K, paused 72ms, total 72ms
04-23 23:19:16.460 D/PowerManagerService(  431): mHoldBootFastWakeLock = true
04-23 23:20:16.460 D/PowerManagerService(  431): mHoldBootFastWakeLock = true
04-23 23:20:50.690 D/dalvikvm(  431): GC_FOR_ALLOC freed 1015K, 14% free 9552K/10980K, paused 61ms, total 62ms
04-23 23:20:55.090 D/GCM     (19183): Message class foe
04-23 23:20:55.600 D/ConnectivityService(  431): handleInetConditionHoldEnd: net=1, condition=100, published condition=100
04-23 23:21:16.460 D/PowerManagerService(  431): mHoldBootFastWakeLock = true
04-23 23:22:16.460 D/PowerManagerService(  431): mHoldBootFastWakeLock = true
04-23 23:22:49.530 D/dalvikvm(  431): GC_FOR_ALLOC freed 969K, 13% free 9560K/10980K, paused 68ms, total 69ms
04-23 23:23:16.460 D/PowerManagerService(  431): mHoldBootFastWakeLock = true
04-23 23:24:02.010 D/ConnectivityService(  431): Sampling interval elapsed, updating statistics ..
04-23 23:24:02.010 D/ConnectivityService(  431): Done.
04-23 23:24:02.010 D/ConnectivityService(  431): Setting timer for 720seconds
04-23 23:24:16.460 D/PowerManagerService(  431): mHoldBootFastWakeLock = true
04-23 23:24:45.410 D/dalvikvm(  431): GC_FOR_ALLOC freed 959K, 13% free 9563K/10980K, paused 71ms, total 72ms
04-23 23:25:16.460 D/PowerManagerService(  431): mHoldBootFastWakeLock = true
04-23 23:26:51.330 D/dalvikvm(  431): GC_FOR_ALLOC freed 958K, 13% free 9559K/10980K, paused 73ms, total 73ms
04-23 23:27:16.460 D/PowerManagerService(  431): mHoldBootFastWakeLock = true
04-23 23:28:57.260 D/dalvikvm(  431): GC_FOR_ALLOC freed 955K, 14% free 9550K/10980K, paused 68ms, total 68ms
04-23 23:30:22.550 D/MDnsDS  (  107): MDnsSdListener::Monitor poll timed out
04-23 23:30:22.550 D/MDnsDS  (  107): Going to poll with pollCount 1
04-23 23:31:01.250 D/dalvikvm(  431): GC_FOR_ALLOC freed 970K, 13% free 9553K/10980K, paused 65ms, total 65ms
04-23 23:33:09.020 D/dalvikvm(  431): GC_FOR_ALLOC freed 959K, 14% free 9552K/10980K, paused 68ms, total 69ms
04-23 23:35:14.940 D/dalvikvm(  431): GC_FOR_ALLOC freed 935K, 13% free 9559K/10980K, paused 68ms, total 68ms
04-23 23:35:55.110 I/ActivityManager(  431): Delay finish: com.google.android.gsf/.checkin.EventLogService$Receiver
04-23 23:35:55.120 I/EventLogService(19183): Aggregate from 1398265202017 (log), 1398265202017 (data)
04-23 23:35:55.170 I/ActivityManager(  431): Resuming delayed broadcast
04-23 23:35:55.170 V/BackupManagerService(  431): Running a backup pass
04-23 23:35:55.180 I/LatinIME:LogUtils(19087): Dictionary info: dictionary = UserHistoryDictionary.en_US.dic ; version = ? ; date = 1398267355
04-23 23:35:55.220 V/BackupManagerService(  431): Backup requested but nothing pending
04-23 23:35:55.240 D/dalvikvm(19183): GC_CONCURRENT freed 424K, 11% free 4942K/5540K, paused 5ms+1ms, total 86ms
04-23 23:35:55.510 D/GCM     (19183): Message class foe
04-23 23:35:56.020 D/ConnectivityService(  431): handleInetConditionHoldEnd: net=1, condition=100, published condition=100
04-23 23:36:02.020 D/ConnectivityService(  431): Sampling interval elapsed, updating statistics ..
04-23 23:36:02.020 D/ConnectivityService(  431): Done.
04-23 23:36:02.020 D/ConnectivityService(  431): Setting timer for 720seconds
04-23 23:36:50.650 D/dalvikvm(  431): GC_FOR_ALLOC freed 950K, 13% free 9568K/10980K, paused 70ms, total 71ms
04-23 23:38:56.560 D/dalvikvm(  431): GC_FOR_ALLOC freed 987K, 14% free 9545K/10980K, paused 73ms, total 73ms
04-23 23:40:51.920 I/wpa_supplicant(  639): [CTRL_IFACE]wlan0: DRIVER BTCOEXMODE 1
04-23 23:40:51.920 I/wpa_supplicant(  639): [CTRL_IFACE]wlan0: DRIVER SETSUSPENDMODE 0
04-23 23:40:51.930 I/wpa_supplicant(  639): [CTRL_IFACE]wlan0: SET ps 0
04-23 23:40:52.350 I/wpa_supplicant(  639): [CTRL_IFACE]wlan0: DRIVER SETSUSPENDMODE 1
04-23 23:40:52.350 I/wpa_supplicant(  639): [CTRL_IFACE]wlan0: SET ps 1
04-23 23:40:52.350 I/wpa_supplicant(  639): [CTRL_IFACE]wlan0: DRIVER BTCOEXMODE 2
04-23 23:40:52.350 D/WifiStateMachine(  431): VerifyingLinkState enter
04-23 23:40:52.370 D/WifiStateMachine(  431): VerifyingLinkState GOOD_LINK_DETECTED: transition to captive portal check
04-23 23:40:52.370 D/WifiStateMachine(  431): CaptivePortalCheckState enter
04-23 23:40:52.370 D/ConnectivityService(  431): Captive portal check NetworkInfo: type: WIFI[], state: CONNECTING/CAPTIVE_PORTAL_CHECK, reason: (unspecified), extra: "XP-3f", roaming: false, failover: false, isAvailable: true, isConnectedToProvisioningNetwork: false
04-23 23:40:52.370 D/ConnectivityService(  431): handleCaptivePortalTrackerCheck: call captivePortalCheckComplete ni=NetworkInfo: type: WIFI[], state: CONNECTING/CAPTIVE_PORTAL_CHECK, reason: (unspecified), extra: "XP-3f", roaming: false, failover: false, isAvailable: true, isConnectedToProvisioningNetwork: false
04-23 23:40:52.370 D/ConnectivityService(  431): Captive portal check NetworkInfo: type: WIFI[], state: CONNECTING/CAPTIVE_PORTAL_CHECK, reason: (unspecified), extra: "XP-3f", roaming: false, failover: false, isAvailable: true, isConnectedToProvisioningNetwork: false
04-23 23:40:52.370 D/ConnectivityService(  431): handleCaptivePortalTrackerCheck: call captivePortalCheckComplete ni=NetworkInfo: type: WIFI[], state: CONNECTING/CAPTIVE_PORTAL_CHECK, reason: (unspecified), extra: "XP-3f", roaming: false, failover: false, isAvailable: true, isConnectedToProvisioningNetwork: false
04-23 23:40:52.380 D/WifiStateMachine(  431): CaptivePortalCheckState CMD_CAPTIVE_CHECK_COMPLETE
04-23 23:40:52.380 D/ConnectivityService(  431): ConnectivityChange for WIFI: CONNECTED/CONNECTED
04-23 23:40:52.460 D/dalvikvm(  431): GC_FOR_ALLOC freed 980K, 14% free 9549K/10980K, paused 69ms, total 70ms
04-23 23:40:52.470 E/ConnectivityService(  431): Unexpected mtu value: android.net.wifi.WifiStateTracker@41bfa510
04-23 23:40:52.510 D/ConnectivityService(  431): handleConnectivityChange: address are the same reset per doReset linkProperty[1]: resetMask=0
04-23 23:40:52.510 D/Nat464Xlat(  431): requiresClat: netType=1, hasIPv4Address=true
04-23 23:40:52.520 D/ConnectivityService(  431): ConnectivityChange for WIFI: CONNECTED/CONNECTED
04-23 23:40:52.520 E/ConnectivityService(  431): Unexpected mtu value: android.net.wifi.WifiStateTracker@41bfa510
04-23 23:40:52.540 D/ConnectivityService(  431): handleConnectivityChange: address are the same reset per doReset linkProperty[1]: resetMask=0
04-23 23:40:52.540 D/Nat464Xlat(  431): requiresClat: netType=1, hasIPv4Address=true
04-23 23:40:52.580 D/dalvikvm(  491): GC_CONCURRENT freed 462K, 75% free 6094K/23892K, paused 7ms+39ms, total 109ms
04-23 23:40:53.380 D/ConnectivityService(  431): NetTransition Wakelock for ConnectedState released by timeout
04-23 23:40:55.530 D/Tethering(  431): MasterInitialState.processMessage what=3
04-23 23:40:55.530 I/DeviceInfoService(  431): wifi on
04-23 23:40:55.530 I/DeviceInfoService(  431): onReceive BroadcastReceiver
04-23 23:40:55.530 D/OtaService(  431): onreceive action = android.net.conn.CONNECTIVITY_CHANGE
04-23 23:40:55.530 I/OtaService(  431): onReceive BroadcastReceiver
04-23 23:40:55.590 I/DeviceInfoService(  431): wifi on
04-23 23:40:55.590 I/DeviceInfoService(  431): onReceive BroadcastReceiver
04-23 23:40:55.590 D/OtaService(  431): onreceive action = android.net.conn.CONNECTIVITY_CHANGE
04-23 23:40:55.590 I/OtaService(  431): onReceive BroadcastReceiver
04-23 23:40:55.590 D/Tethering(  431): MasterInitialState.processMessage what=3
04-23 23:40:55.620 D/MobileConnectivityChangeReceiver(21667): onReceive Intent { act=android.net.conn.CONNECTIVITY_CHANGE flg=0x4000010 cmp=com.google.android.setupwizard/.MobileConnectivityChangeReceiver (has extras) }
04-23 23:40:55.620 D/MobileConnectivityChangeReceiver(21667): onReceive CONNECTIVITY_CHANGE networkType=1
04-23 23:40:55.650 D/GCM     (19183): GcmService start Intent { act=android.net.conn.CONNECTIVITY_CHANGE flg=0x4000010 cmp=com.google.android.gms/.gcm.GcmService (has extras) } android.net.conn.CONNECTIVITY_CHANGE
04-23 23:40:55.680 D/        (18953): intervalx=28357478
04-23 23:40:55.770 D/MobileConnectivityChangeReceiver(21667): onReceive Intent { act=android.net.conn.CONNECTIVITY_CHANGE flg=0x4000010 cmp=com.google.android.setupwizard/.MobileConnectivityChangeReceiver (has extras) }
04-23 23:40:55.770 D/GCM     (19183): GcmService start Intent { act=android.net.conn.CONNECTIVITY_CHANGE flg=0x4000010 cmp=com.google.android.gms/.gcm.GcmService (has extras) } android.net.conn.CONNECTIVITY_CHANGE
04-23 23:40:55.770 D/MobileConnectivityChangeReceiver(21667): onReceive CONNECTIVITY_CHANGE networkType=1
04-23 23:40:55.810 D/        (18953): intervalx=28357610
04-23 23:40:56.200 D/ConnectivityService(  431): handleInetConditionHoldEnd: net=1, condition=100, published condition=0
04-23 23:40:57.170 D/dalvikvm(18992): GC_CONCURRENT freed 412K, 10% free 4943K/5468K, paused 2ms+2ms, total 18ms
04-23 23:40:57.170 D/dalvikvm(18992): WAIT_FOR_CONCURRENT_GC blocked 15ms
04-23 23:40:57.170 D/dalvikvm(18992): WAIT_FOR_CONCURRENT_GC blocked 11ms
04-23 23:40:57.200 D/dalvikvm(18992): GC_FOR_ALLOC freed 390K, 11% free 4921K/5488K, paused 16ms, total 16ms
04-23 23:40:57.440 D/dalvikvm(18992): GC_CONCURRENT freed 430K, 10% free 4947K/5488K, paused 3ms+2ms, total 20ms
04-23 23:40:57.440 D/dalvikvm(18992): WAIT_FOR_CONCURRENT_GC blocked 15ms
04-23 23:40:57.450 D/dalvikvm(18992): WAIT_FOR_CONCURRENT_GC blocked 17ms
04-23 23:40:57.480 D/dalvikvm(18992): GC_CONCURRENT freed 455K, 10% free 4956K/5488K, paused 1ms+2ms, total 20ms
04-23 23:40:57.480 D/dalvikvm(18992): WAIT_FOR_CONCURRENT_GC blocked 19ms
04-23 23:40:57.480 D/dalvikvm(18992): WAIT_FOR_CONCURRENT_GC blocked 11ms
04-23 23:41:02.090 D/dalvikvm(18992): GC_CONCURRENT freed 444K, 10% free 4955K/5488K, paused 3ms+2ms, total 22ms
04-23 23:41:02.090 D/dalvikvm(18992): WAIT_FOR_CONCURRENT_GC blocked 14ms
04-23 23:42:07.910 D/dalvikvm(  431): GC_FOR_ALLOC freed 1147K, 13% free 9573K/10980K, paused 74ms, total 75ms
04-23 23:44:13.840 D/dalvikvm(  431): GC_FOR_ALLOC freed 945K, 13% free 9562K/10980K, paused 72ms, total 72ms
04-23 23:44:16.470 D/PowerManagerService(  431): mHoldBootFastWakeLock = true
04-23 23:44:20.060 I/System.out(18953): passive
04-23 23:44:20.060 I/System.out(18953): gps
04-23 23:44:20.060 I/System.out(18953): network
04-23 23:45:00.020 I/ProcessStatsService(  431): Prepared write state in 5ms
04-23 23:45:16.470 D/PowerManagerService(  431): mHoldBootFastWakeLock = true
04-23 23:45:16.570 D/dalvikvm(18992): GC_CONCURRENT freed 406K, 9% free 4933K/5392K, paused 2ms+2ms, total 19ms
04-23 23:46:09.690 D/dalvikvm(  431): GC_FOR_ALLOC freed 983K, 13% free 9558K/10980K, paused 71ms, total 72ms
04-23 23:48:15.620 D/dalvikvm(  431): GC_FOR_ALLOC freed 937K, 13% free 9563K/10980K, paused 68ms, total 69ms
04-23 23:49:13.260 I/ActivityManager(  431): Start proc com.android.vending for service com.android.vending/com.google.android.finsky.services.DailyHygiene: pid=24964 uid=10013 gids={50013, 3003, 1028, 1015}
04-23 23:49:13.330 D/ConnectivityService(  431): Sampling interval elapsed, updating statistics ..
04-23 23:49:13.330 D/ConnectivityService(  431): Done.
04-23 23:49:13.330 D/ConnectivityService(  431): Setting timer for 720seconds
04-23 23:49:13.620 D/Finsky  (24964): [1] FinskyApp.onCreate: Initializing network with DFE https://android.clients.google.com/fdfe/
04-23 23:49:13.670 D/dalvikvm(24964): GC_CONCURRENT freed 216K, 6% free 4538K/4788K, paused 3ms+2ms, total 20ms
04-23 23:49:13.710 D/Finsky  (24964): [1] DailyHygiene.goMakeHygieneIfDirty: Dirty, need more hygiene.
04-23 23:49:13.740 W/Settings(24964): Setting download_manager_max_bytes_over_mobile has moved from android.provider.Settings.Secure to android.provider.Settings.Global.
04-23 23:49:13.740 W/Settings(24964): Setting download_manager_recommended_max_bytes_over_mobile has moved from android.provider.Settings.Secure to android.provider.Settings.Global.
04-23 23:49:13.790 D/dalvikvm(24964): GC_CONCURRENT freed 270K, 7% free 4693K/4996K, paused 3ms+3ms, total 31ms
04-23 23:49:13.810 D/Finsky  (24964): [1] 2.run: Loaded library for account: [7ot3KdCSLg1-xOiZHWJn-iVhf2Y]
04-23 23:49:13.810 D/Finsky  (24964): [1] 2.run: Finished loading 1 libraries.
04-23 23:49:13.840 D/Finsky  (24964): [1] GmsCoreHelper.cleanupNlp: result=false type=4
04-23 23:49:13.900 D/Finsky  (24964): [1] RestoreTracker.stopServiceIfDone: Restore complete with 0 success and 0 failed.
04-23 23:49:19.670 D/dalvikvm(24964): GC_CONCURRENT freed 241K, 6% free 4854K/5128K, paused 3ms+3ms, total 29ms
04-23 23:49:20.030 D/dalvikvm(24964): GC_CONCURRENT freed 391K, 9% free 4862K/5288K, paused 3ms+3ms, total 25ms
04-23 23:49:20.860 D/Volley  (24964): [714] BasicNetwork.logSlowRequests: HTTP response for request=<[ ] https://android.clients.google.com/fdfe/replicateLibrary 0xe8d195d1 NORMAL 1> [lifetime=7038], [size=115], [rc=200], [retryCount=0]
04-23 23:49:20.930 D/dalvikvm(24964): GC_CONCURRENT freed 377K, 8% free 4875K/5288K, paused 3ms+3ms, total 22ms
04-23 23:49:21.100 D/dalvikvm(24964): GC_CONCURRENT freed 178K, 5% free 5148K/5364K, paused 3ms+3ms, total 28ms
04-23 23:49:21.170 D/dalvikvm(24964): GC_CONCURRENT freed 146K, 4% free 5463K/5660K, paused 3ms+3ms, total 31ms
04-23 23:49:21.210 D/dalvikvm(24964): GC_FOR_ALLOC freed 223K, 6% free 5586K/5920K, paused 17ms, total 17ms
04-23 23:49:21.240 D/dalvikvm(24964): GC_FOR_ALLOC freed 183K, 7% free 5630K/6032K, paused 16ms, total 17ms
04-23 23:49:21.270 D/dalvikvm(24964): GC_FOR_ALLOC freed 211K, 8% free 5704K/6140K, paused 16ms, total 17ms
04-23 23:49:21.320 D/dalvikvm(24964): GC_CONCURRENT freed 247K, 6% free 5884K/6248K, paused 2ms+9ms, total 27ms
04-23 23:49:21.400 D/dalvikvm(24964): GC_CONCURRENT freed 162K, 4% free 6237K/6432K, paused 3ms+2ms, total 35ms
04-23 23:49:21.400 D/dalvikvm(24964): WAIT_FOR_CONCURRENT_GC blocked 7ms
04-23 23:49:21.540 D/dalvikvm(24964): GC_CONCURRENT freed 407K, 7% free 6417K/6864K, paused 3ms+3ms, total 36ms
04-23 23:49:21.620 D/dalvikvm(24964): GC_CONCURRENT freed 205K, 4% free 6850K/7092K, paused 3ms+3ms, total 38ms
04-23 23:49:21.690 D/Volley  (24964): [1] Request.finish: 7869 ms: [ ] https://android.clients.google.com/fdfe/replicateLibrary 0xe8d195d1 NORMAL 1
04-23 23:49:21.710 D/Finsky  (24964): [1] CheckWifiAndAutoUpdate.cancelCheck: Cancelling auto-update wifi check.
04-23 23:49:22.970 D/dalvikvm(24964): GC_CONCURRENT freed 918K, 13% free 6673K/7648K, paused 2ms+2ms, total 34ms
04-23 23:49:23.230 D/Finsky  (24964): [1] MultiWayUpdateController.captureVariesByAccount: Change varies-by-account for com.google.android.tts to true
04-23 23:49:23.240 D/Finsky  (24964): [1] MultiWayUpdateController.captureVariesByAccount: Change varies-by-account for com.google.android.googlequicksearchbox to true
04-23 23:49:23.240 D/Finsky  (24964): [1] MultiWayUpdateController.captureVariesByAccount: Change varies-by-account for com.google.android.calendar to true
04-23 23:49:23.250 D/Finsky  (24964): [1] InstallerImpl.requestInstall: Request install of com.google.android.gms v=4325032 for single_install
04-23 23:49:23.250 D/Finsky  (24964): [1] InstallerImpl.kick: Installer kick com.google.android.gms - starting com.google.android.gms
04-23 23:49:23.370 D/Finsky  (24964): [1] InstallerImpl.requestInstall: Request install of com.google.android.tts v=210030011 for auto_update
04-23 23:49:23.370 D/Finsky  (24964): [1] InstallerImpl.kick: Installer kick com.google.android.tts - no action because busy.
04-23 23:49:23.380 D/Finsky  (24964): [1] InstallerImpl.requestInstall: Request install of com.google.android.googlequicksearchbox v=300303110 for auto_update
04-23 23:49:23.380 D/Finsky  (24964): [1] InstallerImpl.kick: Installer kick com.google.android.googlequicksearchbox - no action because busy.
04-23 23:49:23.380 D/Finsky  (24964): [1] InstallerImpl.requestInstall: Request install of com.google.android.calendar v=201308023 for auto_update
04-23 23:49:23.380 D/Finsky  (24964): [1] InstallerImpl.kick: Installer kick com.google.android.calendar - no action because busy.
04-23 23:49:23.390 D/Finsky  (24964): [1] DailyHygiene.flushEventLogs: Flushing event logs for [7ot3KdCSLg1-xOiZHWJn-iVhf2Y]
04-23 23:49:23.410 I/ActivityManager(  431): Killing 21838:com.google.android.partnersetup/u0a9 (adj 15): empty for 14387s
04-23 23:49:23.570 D/dalvikvm(24964): GC_CONCURRENT freed 524K, 11% free 6812K/7648K, paused 2ms+2ms, total 33ms
04-23 23:49:23.870 I/qtaguid (24964): Failed write_ctrl(u 64) res=-1 errno=22
04-23 23:49:23.870 I/qtaguid (24964): Untagging socket 64 failed errno=-22
04-23 23:49:23.870 W/NetworkManagementSocketTagger(24964): untagSocket(64) failed with errno -22
04-23 23:49:24.490 D/Finsky  (24964): [1] InstallerTask.canDownloadPatch: Cannot patch com.google.android.gms, bad hash, expect u3ohdD_zmZgBA94zARBeMEueDd4 actual AR-OSgAS2gw0j1uJl_aD47MS2Q0
04-23 23:49:24.490 D/Finsky  (24964): [1] DownloadImpl.setState: com.google.android.gms from null to UNQUEUED.
04-23 23:49:24.490 D/Finsky  (24964): [1] DownloadQueueImpl.add: Download com.google.android.gms added to DownloadQueue
04-23 23:49:24.490 D/Finsky  (24964): [1] DownloadImpl.setState: com.google.android.gms from UNQUEUED to QUEUED.
04-23 23:49:24.510 I/installd(  114): free_cache(12047382) avail 574287872
04-23 23:49:24.520 D/Finsky  (24964): [1] DownloadQueueImpl.startDownload: Download com.google.android.gms starting
04-23 23:49:24.540 D/Finsky  (24964): [1] CheckWifiAndAutoUpdate.cancelCheck: Cancelling auto-update wifi check.
04-23 23:49:24.570 D/Finsky  (24964): [724] 7.run: Enqueued com.google.android.gms as content://downloads/my_downloads/18
04-23 23:49:24.580 D/Finsky  (24964): [1] DownloadImpl.setState: com.google.android.gms from QUEUED to DOWNLOADING.
04-23 23:49:24.580 D/Finsky  (24964): [1] DownloadQueueImpl.onStart: com.google.android.gms: onStart
04-23 23:49:24.610 D/Finsky  (24964): [1] DownloadQueueImpl.notifyProgress: com.google.android.gms: onProgress 0/-1 Status: 190.
04-23 23:49:24.640 D/Finsky  (24964): [1] DownloadQueueImpl.notifyProgress: com.google.android.gms: onProgress 0/-1 Status: 192.
04-23 23:49:24.660 I/DownloadManager(21309): Download 18 starting
04-23 23:49:24.670 W/ActivityThread(21309): ClassLoader.loadClass: The class loader returned by Thread.getContextClassLoader() may fail for processes that host multiple applications. You should explicitly specify a context class loader. For example: Thread.setContextClassLoader(getClass().getClassLoader());
04-23 23:49:24.710 D/dalvikvm(24964): GC_CONCURRENT freed 415K, 8% free 7091K/7648K, paused 3ms+2ms, total 35ms
04-23 23:49:24.760 I/qtaguid (21309): Failed write_ctrl(t 61 18446742978492891136 10013) res=-1 errno=1
04-23 23:49:24.760 I/qtaguid (21309): Tagging socket 61 with tag ffffff0100000000(-255) for uid 10013 failed errno=-1
04-23 23:49:24.760 I/NetworkManagementSocketTagger(21309): tagSocketFd(61, -255, 10013) failed with errno-1
04-23 23:49:24.820 D/Finsky  (24964): [1] InstallerImpl.requestInstall: Dropping install request for com.google.android.gms because already installing
04-23 23:49:24.870 D/Finsky  (24964): [1] InstallerImpl.requestInstall: Dropping install request for com.google.android.tts because already installing
04-23 23:49:24.870 D/Finsky  (24964): [1] InstallerImpl.requestInstall: Dropping install request for com.google.android.googlequicksearchbox because already installing
04-23 23:49:24.870 D/Finsky  (24964): [1] InstallerImpl.requestInstall: Dropping install request for com.google.android.calendar because already installing
04-23 23:49:24.880 D/Finsky  (24964): [1] DailyHygiene.flushEventLogs: Flushing event logs for [7ot3KdCSLg1-xOiZHWJn-iVhf2Y]
04-23 23:49:24.940 D/PowerManagerService(  431): mHoldBootFastWakeLock = true
04-23 23:49:25.040 I/qtaguid (21309): Failed write_ctrl(t 63 18446742978492891136 10013) res=-1 errno=1
04-23 23:49:25.040 I/qtaguid (21309): Tagging socket 63 with tag ffffff0100000000(-255) for uid 10013 failed errno=-1
04-23 23:49:25.040 I/NetworkManagementSocketTagger(21309): tagSocketFd(63, -255, 10013) failed with errno-1
04-23 23:49:25.040 I/qtaguid (21309): Failed write_ctrl(u 63) res=-1 errno=22
04-23 23:49:25.040 I/qtaguid (21309): Untagging socket 63 failed errno=-22
04-23 23:49:25.040 W/NetworkManagementSocketTagger(21309): untagSocket(63) failed with errno -22
04-23 23:49:25.040 I/qtaguid (21309): Failed write_ctrl(t 63 18446742978492891136 10013) res=-1 errno=1
04-23 23:49:25.040 I/qtaguid (21309): Tagging socket 63 with tag ffffff0100000000(-255) for uid 10013 failed errno=-1
04-23 23:49:25.040 I/NetworkManagementSocketTagger(21309): tagSocketFd(63, -255, 10013) failed with errno-1
04-23 23:49:25.040 I/qtaguid (21309): Failed write_ctrl(u 63) res=-1 errno=22
04-23 23:49:25.040 I/qtaguid (21309): Untagging socket 63 failed errno=-22
04-23 23:49:25.040 W/NetworkManagementSocketTagger(21309): untagSocket(63) failed with errno -22
04-23 23:49:25.050 I/qtaguid (21309): Failed write_ctrl(t 63 18446742978492891136 10013) res=-1 errno=1
04-23 23:49:25.050 I/qtaguid (21309): Tagging socket 63 with tag ffffff0100000000(-255) for uid 10013 failed errno=-1
04-23 23:49:25.050 I/NetworkManagementSocketTagger(21309): tagSocketFd(63, -255, 10013) failed with errno-1
04-23 23:49:25.050 I/qtaguid (21309): Failed write_ctrl(u 63) res=-1 errno=22
04-23 23:49:25.050 I/qtaguid (21309): Untagging socket 63 failed errno=-22
04-23 23:49:25.050 W/NetworkManagementSocketTagger(21309): untagSocket(63) failed with errno -22
04-23 23:49:25.050 I/qtaguid (21309): Failed write_ctrl(t 63 18446742978492891136 10013) res=-1 errno=1
04-23 23:49:25.050 I/qtaguid (21309): Tagging socket 63 with tag ffffff0100000000(-255) for uid 10013 failed errno=-1
04-23 23:49:25.050 I/NetworkManagementSocketTagger(21309): tagSocketFd(63, -255, 10013) failed with errno-1
04-23 23:49:25.050 I/qtaguid (21309): Failed write_ctrl(u 63) res=-1 errno=22
04-23 23:49:25.050 I/qtaguid (21309): Untagging socket 63 failed errno=-22
04-23 23:49:25.050 W/NetworkManagementSocketTagger(21309): untagSocket(63) failed with errno -22
04-23 23:49:25.060 D/dalvikvm(21309): GC_CONCURRENT freed 353K, 8% free 4676K/5068K, paused 3ms+3ms, total 20ms
04-23 23:49:25.060 D/dalvikvm(21309): WAIT_FOR_CONCURRENT_GC blocked 8ms
04-23 23:49:25.060 I/qtaguid (21309): Failed write_ctrl(t 63 18446742978492891136 10013) res=-1 errno=1
04-23 23:49:25.060 I/qtaguid (21309): Tagging socket 63 with tag ffffff0100000000(-255) for uid 10013 failed errno=-1
04-23 23:49:25.060 I/NetworkManagementSocketTagger(21309): tagSocketFd(63, -255, 10013) failed with errno-1
04-23 23:49:25.060 I/qtaguid (21309): Failed write_ctrl(u 63) res=-1 errno=22
04-23 23:49:25.060 I/qtaguid (21309): Untagging socket 63 failed errno=-22
04-23 23:49:25.060 W/NetworkManagementSocketTagger(21309): untagSocket(63) failed with errno -22
04-23 23:49:25.060 I/qtaguid (21309): Failed write_ctrl(t 63 18446742978492891136 10013) res=-1 errno=1
04-23 23:49:25.060 I/qtaguid (21309): Tagging socket 63 with tag ffffff0100000000(-255) for uid 10013 failed errno=-1
04-23 23:49:25.060 I/NetworkManagementSocketTagger(21309): tagSocketFd(63, -255, 10013) failed with errno-1
04-23 23:49:25.070 I/qtaguid (21309): Failed write_ctrl(u 63) res=-1 errno=22
04-23 23:49:25.070 I/qtaguid (21309): Untagging socket 63 failed errno=-22
04-23 23:49:25.070 W/NetworkManagementSocketTagger(21309): untagSocket(63) failed with errno -22
04-23 23:49:25.070 I/qtaguid (21309): Failed write_ctrl(t 63 18446742978492891136 10013) res=-1 errno=1
04-23 23:49:25.070 I/qtaguid (21309): Tagging socket 63 with tag ffffff0100000000(-255) for uid 10013 failed errno=-1
04-23 23:49:25.070 I/NetworkManagementSocketTagger(21309): tagSocketFd(63, -255, 10013) failed with errno-1
04-23 23:49:25.070 I/qtaguid (21309): Failed write_ctrl(u 63) res=-1 errno=22
04-23 23:49:25.070 I/qtaguid (21309): Untagging socket 63 failed errno=-22
04-23 23:49:25.070 W/NetworkManagementSocketTagger(21309): untagSocket(63) failed with errno -22
04-23 23:49:25.610 I/qtaguid (21309): Failed write_ctrl(u 61) res=-1 errno=22
04-23 23:49:25.610 I/qtaguid (21309): Untagging socket 61 failed errno=-22
04-23 23:49:25.610 W/NetworkManagementSocketTagger(21309): untagSocket(61) failed with errno -22
04-23 23:49:31.080 I/qtaguid (21309): Failed write_ctrl(t 63 18446742978492891136 10013) res=-1 errno=1
04-23 23:49:31.080 I/qtaguid (21309): Tagging socket 63 with tag ffffff0100000000(-255) for uid 10013 failed errno=-1
04-23 23:49:31.080 I/NetworkManagementSocketTagger(21309): tagSocketFd(63, -255, 10013) failed with errno-1
04-23 23:49:31.270 I/qtaguid (21309): Failed write_ctrl(t 64 18446742978492891136 10013) res=-1 errno=1
04-23 23:49:31.270 I/qtaguid (21309): Tagging socket 64 with tag ffffff0100000000(-255) for uid 10013 failed errno=-1
