04-24 10:56:35.930 E/AccessibilityNodeInfoCache( 1540): Node from: 280 not from:279 android.view.accessibility.AccessibilityNodeInfo@1e53a; boundsInParent: Rect(0, 0 - 768, 869); boundsInScreen: Rect(1536, 107 - 2304, 976); packageName: com.antutu.ABenchMark; className: android.widget.FrameLayout; text: null; contentDescription: null; viewIdResName: null; checkable: false; checked: false; focusable: false; focused: false; selected: false; clickable: false; longClickable: false; enabled: true; password: false; scrollable: false; [ACTION_SELECT, ACTION_CLEAR_SELECTION, ACTION_ACCESSIBILITY_FOCUS]
04-24 10:56:35.930 E/AccessibilityNodeInfoCache( 1540): Node from: 280 not from:279 android.view.accessibility.AccessibilityNodeInfo@1e8fb; boundsInParent: Rect(0, 0 - 768, 869); boundsInScreen: Rect(0, 107 - 768, 976); packageName: com.antutu.ABenchMark; className: android.widget.ScrollView; text: null; contentDescription: null; viewIdResName: null; checkable: false; checked: false; focusable: true; focused: false; selected: false; clickable: false; longClickable: false; enabled: true; password: false; scrollable: false; [ACTION_FOCUS, ACTION_SELECT, ACTION_CLEAR_SELECTION, ACTION_ACCESSIBILITY_FOCUS]
04-24 10:56:35.930 E/AccessibilityNodeInfoCache( 1540): Node from: 280 not from:279 android.view.accessibility.AccessibilityNodeInfo@1ecbc; boundsInParent: Rect(0, 0 - 768, 869); boundsInScreen: Rect(768, 107 - 1536, 976); packageName: com.antutu.ABenchMark; className: android.widget.FrameLayout; text: null; contentDescription: null; viewIdResName: null; checkable: false; checked: false; focusable: false; focused: false; selected: false; clickable: false; longClickable: false; enabled: true; password: false; scrollable: false; [ACTION_SELECT, ACTION_CLEAR_SELECTION, ACTION_ACCESSIBILITY_FOCUS]
04-24 10:56:35.930 E/AccessibilityNodeInfoCache( 1540): Node from: 280 not from:279 android.view.accessibility.AccessibilityNodeInfo@1f43e; boundsInParent: Rect(0, 0 - 768, 869); boundsInScreen: Rect(768, 107 - 1536, 976); packageName: com.antutu.ABenchMark; className: android.widget.FrameLayout; text: null; contentDescription: null; viewIdResName: com.antutu.ABenchMark:id/main_layout; checkable: false; checked: false; focusable: false; focused: false; selected: false; clickable: false; longClickable: false; enabled: true; password: false; scrollable: false; [ACTION_SELECT, ACTION_CLEAR_SELECTION, ACTION_ACCESSIBILITY_FOCUS]
04-24 10:56:35.930 E/AccessibilityNodeInfoCache( 1540): Node from: 280 not from:279 android.view.accessibility.AccessibilityNodeInfo@1f7ff; boundsInParent: Rect(0, 0 - 768, 869); boundsInScreen: Rect(768, 107 - 1536, 976); packageName: com.antutu.ABenchMark; className: android.view.View; text: null; contentDescription: null; viewIdResName: com.antutu.ABenchMark:id/hot_compare_view; checkable: false; checked: false; focusable: false; focused: false; selected: false; clickable: false; longClickable: false; enabled: true; password: false; scrollable: false; [ACTION_SELECT, ACTION_CLEAR_SELECTION, ACTION_ACCESSIBILITY_FOCUS]
04-24 10:56:35.930 E/AccessibilityNodeInfoCache( 1540): Node from: 280 not from:279 android.view.accessibility.AccessibilityNodeInfo@1fbc0; boundsInParent: Rect(0, 0 - 768, 833); boundsInScreen: Rect(768, 107 - 1536, 940); packageName: com.antutu.ABenchMark; className: android.view.View; text: null; contentDescription: null; viewIdResName: com.antutu.ABenchMark:id/world_rank; checkable: false; checked: false; focusable: false; focused: false; selected: false; clickable: false; longClickable: false; enabled: true; password: false; scrollable: false; [ACTION_SELECT, ACTION_CLEAR_SELECTION, ACTION_ACCESSIBILITY_FOCUS]
04-24 10:56:35.930 E/AccessibilityNodeInfoCache( 1540): Node from: 280 not from:279 android.view.accessibility.AccessibilityNodeInfo@1ff81; boundsInParent: Rect(0, 0 - 768, 797); boundsInScreen: Rect(768, 107 - 1536, 904); packageName: com.antutu.ABenchMark; className: android.view.View; text: null; contentDescription: null; viewIdResName: com.antutu.ABenchMark:id/cross_cmp_view; checkable: false; checked: false; focusable: false; focused: false; selected: false; clickable: false; longClickable: false; enabled: true; password: false; scrollable: false; [ACTION_SELECT, ACTION_CLEAR_SELECTION, ACTION_ACCESSIBILITY_FOCUS]
04-24 10:56:35.930 E/AccessibilityNodeInfoCache( 1540): Node from: 280 not from:279 android.view.accessibility.AccessibilityNodeInfo@20342; boundsInParent: Rect(0, 0 - 768, 36); boundsInScreen: Rect(768, 940 - 1536, 976); packageName: com.antutu.ABenchMark; className: android.widget.FrameLayout; text: null; contentDescription: null; viewIdResName: com.antutu.ABenchMark:id/handle_detail; checkable: false; checked: false; focusable: false; focused: false; selected: false; clickable: true; longClickable: false; enabled: true; password: false; scrollable: false; [ACTION_SELECT, ACTION_CLEAR_SELECTION, ACTION_CLICK, ACTION_ACCESSIBILITY_FOCUS]
04-24 10:56:35.930 E/AccessibilityNodeInfoCache( 1540): Node from: 280 not from:279 android.view.accessibility.AccessibilityNodeInfo@20703; boundsInParent: Rect(0, 0 - 768, 36); boundsInScreen: Rect(768, 904 - 1536, 940); packageName: com.antutu.ABenchMark; className: android.widget.FrameLayout; text: null; contentDescription: null; viewIdResName: com.antutu.ABenchMark:id/world_tag; checkable: false; checked: false; focusable: false; focused: false; selected: false; clickable: true; longClickable: false; enabled: true; password: false; scrollable: false; [ACTION_SELECT, ACTION_CLEAR_SELECTION, ACTION_CLICK, ACTION_ACCESSIBILITY_FOCUS]
04-24 10:56:35.930 E/AccessibilityNodeInfoCache( 1540): Node from: 280 not from:279 android.view.accessibility.AccessibilityNodeInfo@20ac4; boundsInParent: Rect(0, 0 - 768, 36); boundsInScreen: Rect(768, 107 - 1536, 143); packageName: com.antutu.ABenchMark; className: android.widget.FrameLayout; text: null; contentDescription: null; viewIdResName: com.antutu.ABenchMark:id/cross_tag; checkable: false; checked: false; focusable: false; focused: false; selected: false; clickable: true; longClickable: false; enabled: true; password: false; scrollable: false; [ACTION_SELECT, ACTION_CLEAR_SELECTION, ACTION_CLICK, ACTION_ACCESSIBILITY_FOCUS]
04-24 10:56:35.930 E/AccessibilityNodeInfoCache( 1540): Node from: 280 not from:279 android.view.accessibility.AccessibilityNodeInfo@20e85; boundsInParent: Rect(0, 0 - 50, 34); boundsInScreen: Rect(1481, 108 - 1531, 142); packageName: com.antutu.ABenchMark; className: android.widget.FrameLayout; text: null; contentDescription: null; viewIdResName: com.antutu.ABenchMark:id/zoom_cross; checkable: false; checked: false; focusable: false; focused: false; selected: false; clickable: false; longClickable: false; enabled: true; password: false; scrollable: false; [ACTION_SELECT, ACTION_CLEAR_SELECTION, ACTION_ACCESSIBILITY_FOCUS]
04-24 10:56:35.930 E/AccessibilityNodeInfoCache( 1540): Node from: 280 not from:279 android.view.accessibility.AccessibilityNodeInfo@21246; boundsInParent: Rect(0, 0 - 768, 761); boundsInScreen: Rect(768, 143 - 1536, 904); packageName: com.antutu.ABenchMark; className: android.widget.LinearLayout; text: null; contentDescription: null; viewIdResName: com.antutu.ABenchMark:id/loading; checkable: false; checked: false; focusable: false; focused: false; selected: false; clickable: false; longClickable: false; enabled: true; password: false; scrollable: false; [ACTION_SELECT, ACTION_CLEAR_SELECTION, ACTION_ACCESSIBILITY_FOCUS]
04-24 10:56:35.940 D/dalvikvm( 1540): GC_CONCURRENT freed 520K, 79% free 1118K/5120K, paused 2ms+1ms, total 10ms
04-24 10:56:35.940 D/dalvikvm( 1540): WAIT_FOR_CONCURRENT_GC blocked 5ms
04-24 10:56:35.940 E/AccessibilityNodeInfoCache( 1540): Node from: 280 not from:279 android.view.accessibility.AccessibilityNodeInfo@21607; boundsInParent: Rect(0, 0 - 48, 48); boundsInScreen: Rect(1093, 499 - 1141, 547); packageName: com.antutu.ABenchMark; className: android.widget.ProgressBar; text: null; contentDescription: null; viewIdResName: null; checkable: false; checked: false; focusable: false; focused: false; selected: false; clickable: false; longClickable: false; enabled: true; password: false; scrollable: false; [ACTION_SELECT, ACTION_CLEAR_SELECTION, ACTION_ACCESSIBILITY_FOCUS]
04-24 10:56:35.940 E/AccessibilityNodeInfoCache( 1540): Node from: 280 not from:279 android.view.accessibility.AccessibilityNodeInfo@219c8; boundsInParent: Rect(0, 0 - 768, 471); boundsInScreen: Rect(0, 107 - 768, 578); packageName: com.antutu.ABenchMark; className: android.widget.RelativeLayout; text: null; contentDescription: null; viewIdResName: null; checkable: false; checked: false; focusable: false; focused: false; selected: false; clickable: false; longClickable: false; enabled: true; password: false; scrollable: false; [ACTION_SELECT, ACTION_CLEAR_SELECTION, ACTION_ACCESSIBILITY_FOCUS]
04-24 10:56:35.940 E/AccessibilityNodeInfoCache( 1540): Node from: 280 not from:279 android.view.accessibility.AccessibilityNodeInfo@21d89; boundsInParent: Rect(0, 0 - 768, 248); boundsInScreen: Rect(0, 107 - 768, 355); packageName: com.antutu.ABenchMark; className: android.widget.LinearLayout; text: null; contentDescription: null; viewIdResName: com.antutu.ABenchMark:id/usr_info; checkable: false; checked: false; focusable: false; focused: false; selected: false; clickable: false; longClickable: false; enabled: true; password: false; scrollable: false; [ACTION_SELECT, ACTION_CLEAR_SELECTION, ACTION_ACCESSIBILITY_FOCUS]
04-24 10:56:35.940 E/AccessibilityNodeInfoCache( 1540): Node from: 280 not from:279 android.view.accessibility.AccessibilityNodeInfo@2214a; boundsInParent: Rect(0, 0 - 768, 223); boundsInScreen: Rect(0, 355 - 768, 578); packageName: com.antutu.ABenchMark; className: android.widget.LinearLayout; text: null; contentDescription: null; viewIdResName: com.antutu.ABenchMark:id/content_layout; checkable: false; checked: false; focusable: false; focused: false; selected: false; clickable: false; longClickable: false; enabled: true; password: false; scrollable: false; [ACTION_SELECT, ACTION_CLEAR_SELECTION, ACTION_ACCESSIBILITY_FOCUS]
04-24 10:56:35.940 E/AccessibilityNodeInfoCache( 1540): Node from: 280 not from:279 android.view.accessibility.AccessibilityNodeInfo@2250b; boundsInParent: Rect(0, 0 - 768, 174); boundsInScreen: Rect(0, 122 - 768, 296); packageName: com.antutu.ABenchMark; className: android.widget.RelativeLayout; text: null; contentDescription: null; viewIdResName: com.antutu.ABenchMark:id/main_ranking_info_layout; checkable: false; checked: false; focusable: false; focused: false; selected: false; clickable: false; longClickable: false; enabled: true; password: false; scrollable: false; [ACTION_SELECT, ACTION_CLEAR_SELECTION, ACTION_ACCESSIBILITY_FOCUS]
04-24 10:56:35.940 E/AccessibilityNodeInfoCache( 1540): Node from: 280 not from:279 android.view.accessibility.AccessibilityNodeInfo@228cc; boundsInParent: Rect(0, 0 - 748, 49); boundsInScreen: Rect(10, 306 - 758, 355); packageName: com.antutu.ABenchMark; className: android.widget.LinearLayout; text: null; contentDescription: null; viewIdResName: com.antutu.ABenchMark:id/common_test_layout; checkable: false; checked: false; focusable: false; focused: false; selected: false; clickable: false; longClickable: false; enabled: true; password: false; scrollable: false; [ACTION_SELECT, ACTION_CLEAR_SELECTION, ACTION_ACCESSIBILITY_FOCUS]
04-24 10:56:35.940 E/AccessibilityNodeInfoCache( 1540): Node from: 280 not from:279 android.view.accessibility.AccessibilityNodeInfo@22c8d; boundsInParent: Rect(0, 0 - 768, 0); boundsInScreen: Rect(0, 355 - 768, 355); packageName: com.antutu.ABenchMark; className: android.widget.FrameLayout; text: null; contentDescription: null; viewIdResName: com.antutu.ABenchMark:id/layoutAD1; checkable: false; checked: false; focusable: false; focused: false; selected: false; clickable: false; longClickable: false; enabled: true; password: false; scrollable: false; [ACTION_SELECT, ACTION_CLEAR_SELECTION, ACTION_ACCESSIBILITY_FOCUS]
04-24 10:56:35.940 E/AccessibilityNodeInfoCache( 1540): Node from: 280 not from:279 android.view.accessibility.AccessibilityNodeInfo@2304e; boundsInParent: Rect(0, 0 - 768, 0); boundsInScreen: Rect(0, 355 - 768, 355); packageName: com.antutu.ABenchMark; className: android.widget.FrameLayout; text: null; contentDescription: null; viewIdResName: com.antutu.ABenchMark:id/layoutAD; checkable: false; checked: false; focusable: false; focused: false; selected: false; clickable: false; longClickable: false; enabled: true; password: false; scrollable: false; [ACTION_SELECT, ACTION_CLEAR_SELECTION, ACTION_ACCESSIBILITY_FOCUS]
04-24 10:56:35.940 E/AccessibilityNodeInfoCache( 1540): Node from: 280 not from:279 android.view.accessibility.AccessibilityNodeInfo@2340f; boundsInParent: Rect(0, 0 - 748, 176); boundsInScreen: Rect(10, 392 - 758, 568); packageName: com.antutu.ABenchMark; className: android.widget.ScrollView; text: null; contentDescription: null; viewIdResName: com.antutu.ABenchMark:id/content; checkable: false; checked: false; focusable: true; focused: false; selected: false; clickable: false; longClickable: false; enabled: true; password: false; scrollable: false; [ACTION_FOCUS, ACTION_SELECT, ACTION_CLEAR_SELECTION, ACTION_ACCESSIBILITY_FOCUS]
04-24 10:56:35.940 E/AccessibilityNodeInfoCache( 1540): Node from: 280 not from:279 android.view.accessibility.AccessibilityNodeInfo@237d0; boundsInParent: Rect(0, 0 - 768, 0); boundsInScreen: Rect(0, 578 - 768, 578); packageName: com.antutu.ABenchMark; className: android.widget.FrameLayout; text: null; contentDescription: null; viewIdResName: com.antutu.ABenchMark:id/layoutAD3; checkable: false; checked: false; focusable: false; focused: false; selected: false; clickable: false; longClickable: false; enabled: true; password: false; scrollable: false; [ACTION_SELECT, ACTION_CLEAR_SELECTION, ACTION_ACCESSIBILITY_FOCUS]
04-24 10:56:35.940 E/AccessibilityNodeInfoCache( 1540): Node from: 280 not from:279 android.view.accessibility.AccessibilityNodeInfo@2a86e; boundsInParent: Rect(0, 0 - 748, 156); boundsInScreen: Rect(10, 140 - 758, 296); packageName: com.antutu.ABenchMark; className: android.widget.LinearLayout; text: null; contentDescription: null; viewIdResName: com.antutu.ABenchMark:id/info_center_layout; checkable: false; checked: false; focusable: false; focused: false; selected: false; clickable: false; longClickable: false; enabled: true; password: false; scrollable: false; [ACTION_SELECT, ACTION_CLEAR_SELECTION, ACTION_ACCESSIBILITY_FOCUS]
04-24 10:56:35.940 E/AccessibilityNodeInfoCache( 1540): Node from: 280 not from:279 android.view.accessibility.AccessibilityNodeInfo@2ac2f; boundsInParent: Rect(0, 0 - 748, 85); boundsInScreen: Rect(10, 140 - 758, 225); packageName: com.antutu.ABenchMark; className: com.antutu.benchmark.view.CustomViewFlipper; text: null; contentDescription: null; viewIdResName: com.antutu.ABenchMark:id/info_view_flipper; checkable: false; checked: false; focusable: false; focused: false; selected: false; clickable: false; longClickable: false; enabled: true; password: false; scrollable: false; [ACTION_SELECT, ACTION_CLEAR_SELECTION, ACTION_ACCESSIBILITY_FOCUS]
04-24 10:56:35.940 E/AccessibilityNodeInfoCache( 1540): Node from: 280 not from:279 android.view.accessibility.AccessibilityNodeInfo@2aff0; boundsInParent: Rect(0, 0 - 748, 71); boundsInScreen: Rect(10, 225 - 758, 296); packageName: com.antutu.ABenchMark; className: android.widget.RelativeLayout; text: null; contentDescription: null; viewIdResName: com.antutu.ABenchMark:id/common_ranking_layout; checkable: false; checked: false; focusable: false; focused: false; selected: false; clickable: true; longClickable: false; enabled: true; password: false; scrollable: false; [ACTION_SELECT, ACTION_CLEAR_SELECTION, ACTION_CLICK, ACTION_ACCESSIBILITY_FOCUS]
04-24 10:56:35.940 E/AccessibilityNodeInfoCache( 1540): Node from: 280 not from:279 android.view.accessibility.AccessibilityNodeInfo@2b3b1; boundsInParent: Rect(0, 0 - 748, 85); boundsInScreen: Rect(10, 140 - 758, 225); packageName: com.antutu.ABenchMark; className: android.widget.RelativeLayout; text: null; contentDescription: null; viewIdResName: com.antutu.ABenchMark:id/local_info_layout; checkable: false; checked: false; focusable: false; focused: false; selected: false; clickable: false; longClickable: false; enabled: true; password: false; scrollable: false; [ACTION_SELECT, ACTION_CLEAR_SELECTION, ACTION_ACCESSIBILITY_FOCUS]
04-24 10:56:36.020 D/UIAutomatorStub( 1540): URI: /jsonrpc/0, Method: POST, Header: {content-type=application/json, connection=close, remote-addr=127.0.0.1, host=localhost:9008, content-length=172, http-client-ip=127.0.0.1, user-agent=Python-urllib/2.7, accept-encoding=identity}, params, {NanoHttpd.QUERY_STRING={"params": [{"childOrSiblingSelector": [], "text": "Test", "mask": 1, "childOrSibling": []}], "jsonrpc": "2.0", "method": "click", "id": "1f9594917babb23c2cccc2e97990d60a"}, {"params": [{"childOrSiblingSelector": [], "text": "Test", "mask": 1, "childOrSibling": []}], "jsonrpc": "2.0", "method": "click", "id": "1f9594917babb23c2cccc2e97990d60a"}=}, files: {}
04-24 10:56:36.270 I/QueryController( 1540): Matched selector: UiSelector[TEXT=Test] <<==>> [android.view.accessibility.AccessibilityNodeInfo@394ee; boundsInParent: Rect(0, 0 - 79, 53); boundsInScreen: Rect(344, 233 - 423, 286); packageName: com.antutu.ABenchMark; className: android.widget.TextView; text: Test; contentDescription: null; viewIdResName: com.antutu.ABenchMark:id/start_test_text; checkable: false; checked: false; focusable: false; focused: false; selected: false; clickable: false; longClickable: false; enabled: true; password: false; scrollable: false; [ACTION_SELECT, ACTION_CLEAR_SELECTION, ACTION_ACCESSIBILITY_FOCUS, ACTION_NEXT_AT_MOVEMENT_GRANULARITY, ACTION_PREVIOUS_AT_MOVEMENT_GRANULARITY, ACTION_SET_SELECTION]]
04-24 10:56:36.280 D/gralloc (  110): ION_HEAP_CARVEOUT_MASK alloc
04-24 10:56:36.300 D/InteractionController( 1540): clickAndSync(383, 259)
04-24 10:56:36.410 W/Settings( 1582): Setting always_finish_activities has moved from android.provider.Settings.System to android.provider.Settings.Global, returning read-only value.
04-24 10:56:36.420 D/gralloc (  110): ==USE CPU CACHE OP LLL usage = 0x333==
04-24 10:56:36.420 D/gralloc (  110): ION_HEAP_SYSTEM_MASK alloc
04-24 10:56:36.420 I/ActivityManager(  431): START u0 {flg=0x14000000 cmp=com.antutu.ABenchMark/com.antutu.benchmark.activity.ScoreBenchActivity (has extras)} from pid 1582
04-24 10:56:36.550 D/dalvikvm( 1582): GC_CONCURRENT freed 1828K, 20% free 7488K/9360K, paused 3ms+5ms, total 54ms
04-24 10:56:36.560 D/gralloc (  110): ION_HEAP_CARVEOUT_MASK alloc
04-24 10:56:36.570 D/gralloc (  110): ION_HEAP_CARVEOUT_MASK alloc
04-24 10:56:36.640 D/UIAutomatorStub( 1540): URI: /jsonrpc/0, Method: POST, Header: {content-type=application/json, connection=close, remote-addr=127.0.0.1, host=localhost:9008, content-length=172, http-client-ip=127.0.0.1, user-agent=Python-urllib/2.7, accept-encoding=identity}, params, {{"params": [{"childOrSiblingSelector": [], "text": "Show", "mask": 1, "childOrSibling": []}], "jsonrpc": "2.0", "method": "exist", "id": "5aba219e53dcf59b850b9c3f9f50c5fe"}=, NanoHttpd.QUERY_STRING={"params": [{"childOrSiblingSelector": [], "text": "Show", "mask": 1, "childOrSibling": []}], "jsonrpc": "2.0", "method": "exist", "id": "5aba219e53dcf59b850b9c3f9f50c5fe"}}, files: {}
04-24 10:56:36.650 D/dalvikvm( 1540): GC_CONCURRENT freed 492K, 79% free 1082K/5120K, paused 2ms+1ms, total 16ms
04-24 10:56:36.660 I/ActivityManager(  431): Displayed com.antutu.ABenchMark/com.antutu.benchmark.activity.ScoreBenchActivity: +216ms
04-24 10:56:37.040 D/gralloc (  110): ION_HEAP_CARVEOUT_MASK alloc
04-24 10:56:37.550 D/gralloc (  110): ION_HEAP_CARVEOUT_MASK alloc
04-24 10:56:38.360 D/dalvikvm( 1582): GC_CONCURRENT freed 39K, 10% free 8491K/9360K, paused 3ms+3ms, total 24ms
04-24 10:56:38.360 D/dalvikvm( 1582): WAIT_FOR_CONCURRENT_GC blocked 22ms
04-24 10:56:38.360 D/dalvikvm( 1582): WAIT_FOR_CONCURRENT_GC blocked 22ms
04-24 10:56:38.390 D/dalvikvm( 1582): GC_FOR_ALLOC freed 639K, 12% free 8722K/9904K, paused 22ms, total 22ms
04-24 10:56:38.410 D/dalvikvm( 1582): GC_FOR_ALLOC freed <1K, 7% free 9567K/10208K, paused 20ms, total 20ms
04-24 10:56:38.440 D/dalvikvm( 1582): GC_FOR_ALLOC freed <1K, 6% free 10701K/11336K, paused 21ms, total 21ms
04-24 10:56:38.460 D/dalvikvm( 1582): GC_FOR_ALLOC freed <1K, 5% free 12145K/12784K, paused 22ms, total 22ms
04-24 10:56:38.750 I/wpa_supplicant(  639): [CTRL_IFACE]wlan0: SIGNAL_POLL
04-24 10:56:38.940 D/dalvikvm( 1582): GC_FOR_ALLOC freed 286K, 6% free 13402K/14216K, paused 23ms, total 23ms
04-24 10:56:39.180 D/dalvikvm( 1582): GC_CONCURRENT freed 1913K, 13% free 13526K/15472K, paused 3ms+5ms, total 66ms
04-24 10:56:39.590 D/audio_hw_primary(  113): out_standby
04-24 10:56:39.600 E/BitmapFactory( 1582): Unable to decode stream: java.io.FileNotFoundException: /: open failed: EISDIR (Is a directory)
04-24 10:56:40.100 D/UIAutomatorStub( 1540): URI: /jsonrpc/0, Method: POST, Header: {content-type=application/json, connection=close, remote-addr=127.0.0.1, host=localhost:9008, content-length=212, http-client-ip=127.0.0.1, user-agent=Python-urllib/2.7, accept-encoding=identity}, params, {{"params": [{"childOrSiblingSelector": [], "text": "Unfortunately, AnTuTu Benchmark has stopped.", "mask": 1, "childOrSibling": []}], "jsonrpc": "2.0", "method": "exist", "id": "5e51f04bce85317f887239e0ae2e9fc5"}=, NanoHttpd.QUERY_STRING={"params": [{"childOrSiblingSelector": [], "text": "Unfortunately, AnTuTu Benchmark has stopped.", "mask": 1, "childOrSibling": []}], "jsonrpc": "2.0", "method": "exist", "id": "5e51f04bce85317f887239e0ae2e9fc5"}}, files: {}
04-24 10:56:40.170 D/UIAutomatorStub( 1540): URI: /jsonrpc/0, Method: POST, Header: {content-type=application/json, connection=close, remote-addr=127.0.0.1, host=localhost:9008, content-length=172, http-client-ip=127.0.0.1, user-agent=Python-urllib/2.7, accept-encoding=identity}, params, {NanoHttpd.QUERY_STRING={"params": [{"childOrSiblingSelector": [], "text": "Show", "mask": 1, "childOrSibling": []}], "jsonrpc": "2.0", "method": "exist", "id": "d1dfd3e4b0d032ff399c4cd5916cff66"}, {"params": [{"childOrSiblingSelector": [], "text": "Show", "mask": 1, "childOrSibling": []}], "jsonrpc": "2.0", "method": "exist", "id": "d1dfd3e4b0d032ff399c4cd5916cff66"}=}, files: {}
04-24 10:56:40.190 D/dalvikvm( 1540): GC_CONCURRENT freed 408K, 79% free 1093K/5120K, paused 1ms+3ms, total 18ms
04-24 10:56:41.750 I/wpa_supplicant(  639): [CTRL_IFACE]wlan0: SIGNAL_POLL
04-24 10:56:42.330 D/UIAutomatorStub( 1540): URI: /jsonrpc/0, Method: POST, Header: {content-type=application/json, connection=close, remote-addr=127.0.0.1, host=localhost:9008, content-length=212, http-client-ip=127.0.0.1, user-agent=Python-urllib/2.7, accept-encoding=identity}, params, {NanoHttpd.QUERY_STRING={"params": [{"childOrSiblingSelector": [], "text": "Unfortunately, AnTuTu Benchmark has stopped.", "mask": 1, "childOrSibling": []}], "jsonrpc": "2.0", "method": "exist", "id": "25aa830334718d2e33151a5fee3f23a1"}, {"params": [{"childOrSiblingSelector": [], "text": "Unfortunately, AnTuTu Benchmark has stopped.", "mask": 1, "childOrSibling": []}], "jsonrpc": "2.0", "method": "exist", "id": "25aa830334718d2e33151a5fee3f23a1"}=}, files: {}
04-24 10:56:42.400 D/UIAutomatorStub( 1540): URI: /jsonrpc/0, Method: POST, Header: {content-type=application/json, connection=close, remote-addr=127.0.0.1, host=localhost:9008, content-length=172, http-client-ip=127.0.0.1, user-agent=Python-urllib/2.7, accept-encoding=identity}, params, {{"params": [{"childOrSiblingSelector": [], "text": "Show", "mask": 1, "childOrSibling": []}], "jsonrpc": "2.0", "method": "exist", "id": "fc1568138f3865ed22559c41e3448387"}=, NanoHttpd.QUERY_STRING={"params": [{"childOrSiblingSelector": [], "text": "Show", "mask": 1, "childOrSibling": []}], "jsonrpc": "2.0", "method": "exist", "id": "fc1568138f3865ed22559c41e3448387"}}, files: {}
04-24 10:56:42.420 D/dalvikvm( 1540): GC_CONCURRENT freed 409K, 79% free 1087K/5120K, paused 1ms+1ms, total 22ms
04-24 10:56:43.590 I/ActivityManager(  431): Killing 27090:android.process.media/u0a4 (adj 11): empty #2
04-24 10:56:44.450 D/UIAutomatorStub( 1540): URI: /jsonrpc/0, Method: POST, Header: {content-type=application/json, connection=close, remote-addr=127.0.0.1, host=localhost:9008, content-length=212, http-client-ip=127.0.0.1, user-agent=Python-urllib/2.7, accept-encoding=identity}, params, {NanoHttpd.QUERY_STRING={"params": [{"childOrSiblingSelector": [], "text": "Unfortunately, AnTuTu Benchmark has stopped.", "mask": 1, "childOrSibling": []}], "jsonrpc": "2.0", "method": "exist", "id": "87dbb8eafe34272669aaa99ca9d8c334"}, {"params": [{"childOrSiblingSelector": [], "text": "Unfortunately, AnTuTu Benchmark has stopped.", "mask": 1, "childOrSibling": []}], "jsonrpc": "2.0", "method": "exist", "id": "87dbb8eafe34272669aaa99ca9d8c334"}=}, files: {}
04-24 10:56:44.750 I/wpa_supplicant(  639): [CTRL_IFACE]wlan0: SIGNAL_POLL
04-24 10:56:44.810 D/UIAutomatorStub( 1540): URI: /jsonrpc/0, Method: POST, Header: {content-type=application/json, connection=close, remote-addr=127.0.0.1, host=localhost:9008, content-length=172, http-client-ip=127.0.0.1, user-agent=Python-urllib/2.7, accept-encoding=identity}, params, {NanoHttpd.QUERY_STRING={"params": [{"childOrSiblingSelector": [], "text": "Show", "mask": 1, "childOrSibling": []}], "jsonrpc": "2.0", "method": "exist", "id": "cdfa591d68ea04d35249747fe419e777"}, {"params": [{"childOrSiblingSelector": [], "text": "Show", "mask": 1, "childOrSibling": []}], "jsonrpc": "2.0", "method": "exist", "id": "cdfa591d68ea04d35249747fe419e777"}=}, files: {}
04-24 10:56:44.820 D/dalvikvm( 1540): GC_CONCURRENT freed 401K, 79% free 1094K/5120K, paused 2ms+1ms, total 13ms
04-24 10:56:46.860 D/UIAutomatorStub( 1540): URI: /jsonrpc/0, Method: POST, Header: {content-type=application/json, connection=close, remote-addr=127.0.0.1, host=localhost:9008, content-length=212, http-client-ip=127.0.0.1, user-agent=Python-urllib/2.7, accept-encoding=identity}, params, {{"params": [{"childOrSiblingSelector": [], "text": "Unfortunately, AnTuTu Benchmark has stopped.", "mask": 1, "childOrSibling": []}], "jsonrpc": "2.0", "method": "exist", "id": "f03c14e8921b1befdb31cd7edae1dc17"}=, NanoHttpd.QUERY_STRING={"params": [{"childOrSiblingSelector": [], "text": "Unfortunately, AnTuTu Benchmark has stopped.", "mask": 1, "childOrSibling": []}], "jsonrpc": "2.0", "method": "exist", "id": "f03c14e8921b1befdb31cd7edae1dc17"}}, files: {}
04-24 10:56:46.920 D/UIAutomatorStub( 1540): URI: /jsonrpc/0, Method: POST, Header: {content-type=application/json, connection=close, remote-addr=127.0.0.1, host=localhost:9008, content-length=172, http-client-ip=127.0.0.1, user-agent=Python-urllib/2.7, accept-encoding=identity}, params, {{"params": [{"childOrSiblingSelector": [], "text": "Show", "mask": 1, "childOrSibling": []}], "jsonrpc": "2.0", "method": "exist", "id": "a0b67742964899a6ee385a5bea32fd13"}=, NanoHttpd.QUERY_STRING={"params": [{"childOrSiblingSelector": [], "text": "Show", "mask": 1, "childOrSibling": []}], "jsonrpc": "2.0", "method": "exist", "id": "a0b67742964899a6ee385a5bea32fd13"}}, files: {}
04-24 10:56:46.930 D/dalvikvm( 1540): GC_CONCURRENT freed 407K, 79% free 1088K/5120K, paused 8ms+1ms, total 19ms
04-24 10:56:47.760 I/wpa_supplicant(  639): [CTRL_IFACE]wlan0: SIGNAL_POLL
04-24 10:56:49.070 D/UIAutomatorStub( 1540): URI: /jsonrpc/0, Method: POST, Header: {content-type=application/json, connection=close, remote-addr=127.0.0.1, host=localhost:9008, content-length=212, http-client-ip=127.0.0.1, user-agent=Python-urllib/2.7, accept-encoding=identity}, params, {{"params": [{"childOrSiblingSelector": [], "text": "Unfortunately, AnTuTu Benchmark has stopped.", "mask": 1, "childOrSibling": []}], "jsonrpc": "2.0", "method": "exist", "id": "4b320e03ae624f4de2e89329476255d9"}=, NanoHttpd.QUERY_STRING={"params": [{"childOrSiblingSelector": [], "text": "Unfortunately, AnTuTu Benchmark has stopped.", "mask": 1, "childOrSibling": []}], "jsonrpc": "2.0", "method": "exist", "id": "4b320e03ae624f4de2e89329476255d9"}}, files: {}
04-24 10:56:49.120 D/UIAutomatorStub( 1540): URI: /jsonrpc/0, Method: POST, Header: {content-type=application/json, connection=close, remote-addr=127.0.0.1, host=localhost:9008, content-length=172, http-client-ip=127.0.0.1, user-agent=Python-urllib/2.7, accept-encoding=identity}, params, {{"params": [{"childOrSiblingSelector": [], "text": "Show", "mask": 1, "childOrSibling": []}], "jsonrpc": "2.0", "method": "exist", "id": "9ffabec36d99f65e7e3c8d1b7607a925"}=, NanoHttpd.QUERY_STRING={"params": [{"childOrSiblingSelector": [], "text": "Show", "mask": 1, "childOrSibling": []}], "jsonrpc": "2.0", "method": "exist", "id": "9ffabec36d99f65e7e3c8d1b7607a925"}}, files: {}
04-24 10:56:49.120 D/dalvikvm( 1540): GC_CONCURRENT freed 393K, 79% free 1098K/5120K, paused 2ms+4ms, total 15ms
04-24 10:56:50.760 I/wpa_supplicant(  639): [CTRL_IFACE]wlan0: SIGNAL_POLL
04-24 10:56:51.160 D/UIAutomatorStub( 1540): URI: /jsonrpc/0, Method: POST, Header: {content-type=application/json, connection=close, remote-addr=127.0.0.1, host=localhost:9008, content-length=212, http-client-ip=127.0.0.1, user-agent=Python-urllib/2.7, accept-encoding=identity}, params, {NanoHttpd.QUERY_STRING={"params": [{"childOrSiblingSelector": [], "text": "Unfortunately, AnTuTu Benchmark has stopped.", "mask": 1, "childOrSibling": []}], "jsonrpc": "2.0", "method": "exist", "id": "8b2ac48a7be17df6c553736295bbc7ba"}, {"params": [{"childOrSiblingSelector": [], "text": "Unfortunately, AnTuTu Benchmark has stopped.", "mask": 1, "childOrSibling": []}], "jsonrpc": "2.0", "method": "exist", "id": "8b2ac48a7be17df6c553736295bbc7ba"}=}, files: {}
04-24 10:56:51.630 D/dalvikvm( 1540): GC_CONCURRENT freed 383K, 79% free 1104K/5120K, paused 1ms+1ms, total 38ms
04-24 10:56:51.640 D/UIAutomatorStub( 1540): URI: /jsonrpc/0, Method: POST, Header: {content-type=application/json, connection=close, remote-addr=127.0.0.1, host=localhost:9008, content-length=172, http-client-ip=127.0.0.1, user-agent=Python-urllib/2.7, accept-encoding=identity}, params, {{"params": [{"childOrSiblingSelector": [], "text": "Show", "mask": 1, "childOrSibling": []}], "jsonrpc": "2.0", "method": "exist", "id": "71e718487cbe7b2f05f9d5cbbcf61e8e"}=, NanoHttpd.QUERY_STRING={"params": [{"childOrSiblingSelector": [], "text": "Show", "mask": 1, "childOrSibling": []}], "jsonrpc": "2.0", "method": "exist", "id": "71e718487cbe7b2f05f9d5cbbcf61e8e"}}, files: {}
04-24 10:56:53.740 D/UIAutomatorStub( 1540): URI: /jsonrpc/0, Method: POST, Header: {content-type=application/json, connection=close, remote-addr=127.0.0.1, host=localhost:9008, content-length=212, http-client-ip=127.0.0.1, user-agent=Python-urllib/2.7, accept-encoding=identity}, params, {NanoHttpd.QUERY_STRING={"params": [{"childOrSiblingSelector": [], "text": "Unfortunately, AnTuTu Benchmark has stopped.", "mask": 1, "childOrSibling": []}], "jsonrpc": "2.0", "method": "exist", "id": "0a027b1c02ae96cfab99d17e0d3a84ac"}, {"params": [{"childOrSiblingSelector": [], "text": "Unfortunately, AnTuTu Benchmark has stopped.", "mask": 1, "childOrSibling": []}], "jsonrpc": "2.0", "method": "exist", "id": "0a027b1c02ae96cfab99d17e0d3a84ac"}=}, files: {}
04-24 10:56:53.760 I/wpa_supplicant(  639): [CTRL_IFACE]wlan0: SIGNAL_POLL
04-24 10:56:53.860 D/UIAutomatorStub( 1540): URI: /jsonrpc/0, Method: POST, Header: {content-type=application/json, connection=close, remote-addr=127.0.0.1, host=localhost:9008, content-length=172, http-client-ip=127.0.0.1, user-agent=Python-urllib/2.7, accept-encoding=identity}, params, {NanoHttpd.QUERY_STRING={"params": [{"childOrSiblingSelector": [], "text": "Show", "mask": 1, "childOrSibling": []}], "jsonrpc": "2.0", "method": "exist", "id": "0a86c5840ec98854d68647f2fd565a67"}, {"params": [{"childOrSiblingSelector": [], "text": "Show", "mask": 1, "childOrSibling": []}], "jsonrpc": "2.0", "method": "exist", "id": "0a86c5840ec98854d68647f2fd565a67"}=}, files: {}
04-24 10:56:53.930 D/dalvikvm( 1540): GC_CONCURRENT freed 448K, 79% free 1109K/5120K, paused 16ms+1ms, total 86ms
04-24 10:56:56.290 D/UIAutomatorStub( 1540): URI: /jsonrpc/0, Method: POST, Header: {content-type=application/json, connection=close, remote-addr=127.0.0.1, host=localhost:9008, content-length=212, http-client-ip=127.0.0.1, user-agent=Python-urllib/2.7, accept-encoding=identity}, params, {{"params": [{"childOrSiblingSelector": [], "text": "Unfortunately, AnTuTu Benchmark has stopped.", "mask": 1, "childOrSibling": []}], "jsonrpc": "2.0", "method": "exist", "id": "c3ed8e55d6517aad102574e8a2574926"}=, NanoHttpd.QUERY_STRING={"params": [{"childOrSiblingSelector": [], "text": "Unfortunately, AnTuTu Benchmark has stopped.", "mask": 1, "childOrSibling": []}], "jsonrpc": "2.0", "method": "exist", "id": "c3ed8e55d6517aad102574e8a2574926"}}, files: {}
04-24 10:56:56.430 D/UIAutomatorStub( 1540): URI: /jsonrpc/0, Method: POST, Header: {content-type=application/json, connection=close, remote-addr=127.0.0.1, host=localhost:9008, content-length=172, http-client-ip=127.0.0.1, user-agent=Python-urllib/2.7, accept-encoding=identity}, params, {NanoHttpd.QUERY_STRING={"params": [{"childOrSiblingSelector": [], "text": "Show", "mask": 1, "childOrSibling": []}], "jsonrpc": "2.0", "method": "exist", "id": "3712fd8f3fc5641df48c5a17dd65a218"}, {"params": [{"childOrSiblingSelector": [], "text": "Show", "mask": 1, "childOrSibling": []}], "jsonrpc": "2.0", "method": "exist", "id": "3712fd8f3fc5641df48c5a17dd65a218"}=}, files: {}
04-24 10:56:56.480 D/dalvikvm( 1540): GC_CONCURRENT freed 394K, 79% free 1100K/5120K, paused 1ms+1ms, total 41ms
04-24 10:56:56.770 I/wpa_supplicant(  639): [CTRL_IFACE]wlan0: SIGNAL_POLL
04-24 10:56:58.560 D/UIAutomatorStub( 1540): URI: /jsonrpc/0, Method: POST, Header: {content-type=application/json, connection=close, remote-addr=127.0.0.1, host=localhost:9008, content-length=212, http-client-ip=127.0.0.1, user-agent=Python-urllib/2.7, accept-encoding=identity}, params, {NanoHttpd.QUERY_STRING={"params": [{"childOrSiblingSelector": [], "text": "Unfortunately, AnTuTu Benchmark has stopped.", "mask": 1, "childOrSibling": []}], "jsonrpc": "2.0", "method": "exist", "id": "bf489a7484ee22163c9336b8da9042fd"}, {"params": [{"childOrSiblingSelector": [], "text": "Unfortunately, AnTuTu Benchmark has stopped.", "mask": 1, "childOrSibling": []}], "jsonrpc": "2.0", "method": "exist", "id": "bf489a7484ee22163c9336b8da9042fd"}=}, files: {}
04-24 10:56:59.780 I/wpa_supplicant(  639): [CTRL_IFACE]wlan0: SIGNAL_POLL
04-24 10:56:59.790 D/PowerManagerService(  431): mHoldBootFastWakeLock = true
04-24 10:57:00.390 D/UIAutomatorStub( 1540): URI: /jsonrpc/0, Method: POST, Header: {content-type=application/json, connection=close, remote-addr=127.0.0.1, host=localhost:9008, content-length=172, http-client-ip=127.0.0.1, user-agent=Python-urllib/2.7, accept-encoding=identity}, params, {NanoHttpd.QUERY_STRING={"params": [{"childOrSiblingSelector": [], "text": "Show", "mask": 1, "childOrSibling": []}], "jsonrpc": "2.0", "method": "exist", "id": "1ae45d90f36af22ca16a3befa0d8c59e"}, {"params": [{"childOrSiblingSelector": [], "text": "Show", "mask": 1, "childOrSibling": []}], "jsonrpc": "2.0", "method": "exist", "id": "1ae45d90f36af22ca16a3befa0d8c59e"}=}, files: {}
04-24 10:57:00.440 D/dalvikvm( 1540): GC_CONCURRENT freed 400K, 79% free 1084K/5120K, paused 1ms+1ms, total 49ms
04-24 10:57:02.910 I/wpa_supplicant(  639): [CTRL_IFACE]wlan0: SIGNAL_POLL
04-24 10:57:03.340 D/UIAutomatorStub( 1540): URI: /jsonrpc/0, Method: POST, Header: {content-type=application/json, connection=close, remote-addr=127.0.0.1, host=localhost:9008, content-length=212, http-client-ip=127.0.0.1, user-agent=Python-urllib/2.7, accept-encoding=identity}, params, {NanoHttpd.QUERY_STRING={"params": [{"childOrSiblingSelector": [], "text": "Unfortunately, AnTuTu Benchmark has stopped.", "mask": 1, "childOrSibling": []}], "jsonrpc": "2.0", "method": "exist", "id": "0ea25b35a884872a0b9fb530f9c3439b"}, {"params": [{"childOrSiblingSelector": [], "text": "Unfortunately, AnTuTu Benchmark has stopped.", "mask": 1, "childOrSibling": []}], "jsonrpc": "2.0", "method": "exist", "id": "0ea25b35a884872a0b9fb530f9c3439b"}=}, files: {}
04-24 10:57:05.360 D/dalvikvm( 1540): GC_CONCURRENT freed 373K, 79% free 1105K/5120K, paused 8ms+1ms, total 20ms
04-24 10:57:05.360 D/UIAutomatorStub( 1540): URI: /jsonrpc/0, Method: POST, Header: {content-type=application/json, connection=close, remote-addr=127.0.0.1, host=localhost:9008, content-length=172, http-client-ip=127.0.0.1, user-agent=Python-urllib/2.7, accept-encoding=identity}, params, {NanoHttpd.QUERY_STRING={"params": [{"childOrSiblingSelector": [], "text": "Show", "mask": 1, "childOrSibling": []}], "jsonrpc": "2.0", "method": "exist", "id": "3b311223d59b63867023a3c82a95fc5b"}, {"params": [{"childOrSiblingSelector": [], "text": "Show", "mask": 1, "childOrSibling": []}], "jsonrpc": "2.0", "method": "exist", "id": "3b311223d59b63867023a3c82a95fc5b"}=}, files: {}
04-24 10:57:06.670 D/dalvikvm(  431): GC_CONCURRENT freed 1313K, 38% free 9905K/15772K, paused 3ms+2091ms, total 5760ms
04-24 10:57:06.760 I/wpa_supplicant(  639): [CTRL_IFACE]wlan0: SIGNAL_POLL
04-24 10:57:09.660 D/UIAutomatorStub( 1540): URI: /jsonrpc/0, Method: POST, Header: {content-type=application/json, connection=close, remote-addr=127.0.0.1, host=localhost:9008, content-length=212, http-client-ip=127.0.0.1, user-agent=Python-urllib/2.7, accept-encoding=identity}, params, {NanoHttpd.QUERY_STRING={"params": [{"childOrSiblingSelector": [], "text": "Unfortunately, AnTuTu Benchmark has stopped.", "mask": 1, "childOrSibling": []}], "jsonrpc": "2.0", "method": "exist", "id": "8ee91b56e10cd6b3fab1d1eb0a0e0832"}, {"params": [{"childOrSiblingSelector": [], "text": "Unfortunately, AnTuTu Benchmark has stopped.", "mask": 1, "childOrSibling": []}], "jsonrpc": "2.0", "method": "exist", "id": "8ee91b56e10cd6b3fab1d1eb0a0e0832"}=}, files: {}
04-24 10:57:10.070 I/wpa_supplicant(  639): [CTRL_IFACE]wlan0: SIGNAL_POLL
04-24 10:57:10.740 D/UIAutomatorStub( 1540): URI: /jsonrpc/0, Method: POST, Header: {content-type=application/json, connection=close, remote-addr=127.0.0.1, host=localhost:9008, content-length=172, http-client-ip=127.0.0.1, user-agent=Python-urllib/2.7, accept-encoding=identity}, params, {{"params": [{"childOrSiblingSelector": [], "text": "Show", "mask": 1, "childOrSibling": []}], "jsonrpc": "2.0", "method": "exist", "id": "3ecee0f325a33e9e1bd1110af5082d27"}=, NanoHttpd.QUERY_STRING={"params": [{"childOrSiblingSelector": [], "text": "Show", "mask": 1, "childOrSibling": []}], "jsonrpc": "2.0", "method": "exist", "id": "3ecee0f325a33e9e1bd1110af5082d27"}}, files: {}
04-24 10:57:10.750 D/dalvikvm( 1540): GC_CONCURRENT freed 431K, 79% free 1098K/5096K, paused 2ms+1ms, total 20ms
04-24 10:57:12.410 D/DynamicPowerPolicyChangeThread(  431): set policy performance, temp=86.0
04-24 10:57:12.840 D/UIAutomatorStub( 1540): URI: /jsonrpc/0, Method: POST, Header: {content-type=application/json, connection=close, remote-addr=127.0.0.1, host=localhost:9008, content-length=212, http-client-ip=127.0.0.1, user-agent=Python-urllib/2.7, accept-encoding=identity}, params, {NanoHttpd.QUERY_STRING={"params": [{"childOrSiblingSelector": [], "text": "Unfortunately, AnTuTu Benchmark has stopped.", "mask": 1, "childOrSibling": []}], "jsonrpc": "2.0", "method": "exist", "id": "438b051a3670fa70e115abea04cf29ed"}, {"params": [{"childOrSiblingSelector": [], "text": "Unfortunately, AnTuTu Benchmark has stopped.", "mask": 1, "childOrSibling": []}], "jsonrpc": "2.0", "method": "exist", "id": "438b051a3670fa70e115abea04cf29ed"}=}, files: {}
04-24 10:57:13.050 D/dalvikvm( 1540): GC_CONCURRENT freed 383K, 79% free 1106K/5096K, paused 2ms+1ms, total 50ms
04-24 10:57:13.050 D/UIAutomatorStub( 1540): URI: /jsonrpc/0, Method: POST, Header: {content-type=application/json, connection=close, remote-addr=127.0.0.1, host=localhost:9008, content-length=172, http-client-ip=127.0.0.1, user-agent=Python-urllib/2.7, accept-encoding=identity}, params, {NanoHttpd.QUERY_STRING={"params": [{"childOrSiblingSelector": [], "text": "Show", "mask": 1, "childOrSibling": []}], "jsonrpc": "2.0", "method": "exist", "id": "68474c70b3a672ecc925ee9ac2886d69"}, {"params": [{"childOrSiblingSelector": [], "text": "Show", "mask": 1, "childOrSibling": []}], "jsonrpc": "2.0", "method": "exist", "id": "68474c70b3a672ecc925ee9ac2886d69"}=}, files: {}
04-24 10:57:13.150 I/wpa_supplicant(  639): [CTRL_IFACE]wlan0: SIGNAL_POLL
04-24 10:57:15.570 D/UIAutomatorStub( 1540): URI: /jsonrpc/0, Method: POST, Header: {content-type=application/json, connection=close, remote-addr=127.0.0.1, host=localhost:9008, content-length=212, http-client-ip=127.0.0.1, user-agent=Python-urllib/2.7, accept-encoding=identity}, params, {NanoHttpd.QUERY_STRING={"params": [{"childOrSiblingSelector": [], "text": "Unfortunately, AnTuTu Benchmark has stopped.", "mask": 1, "childOrSibling": []}], "jsonrpc": "2.0", "method": "exist", "id": "36cc8a9bd5f884e2957f22a09b0a58a7"}, {"params": [{"childOrSiblingSelector": [], "text": "Unfortunately, AnTuTu Benchmark has stopped.", "mask": 1, "childOrSibling": []}], "jsonrpc": "2.0", "method": "exist", "id": "36cc8a9bd5f884e2957f22a09b0a58a7"}=}, files: {}
04-24 10:57:15.870 D/UIAutomatorStub( 1540): URI: /jsonrpc/0, Method: POST, Header: {content-type=application/json, connection=close, remote-addr=127.0.0.1, host=localhost:9008, content-length=172, http-client-ip=127.0.0.1, user-agent=Python-urllib/2.7, accept-encoding=identity}, params, {{"params": [{"childOrSiblingSelector": [], "text": "Show", "mask": 1, "childOrSibling": []}], "jsonrpc": "2.0", "method": "exist", "id": "7a4d1beaab38016b3e220b6bfcef0402"}=, NanoHttpd.QUERY_STRING={"params": [{"childOrSiblingSelector": [], "text": "Show", "mask": 1, "childOrSibling": []}], "jsonrpc": "2.0", "method": "exist", "id": "7a4d1beaab38016b3e220b6bfcef0402"}}, files: {}
04-24 10:57:15.920 D/dalvikvm( 1540): GC_CONCURRENT freed 402K, 78% free 1128K/5096K, paused 2ms+1ms, total 59ms
04-24 10:57:16.170 I/wpa_supplicant(  639): [CTRL_IFACE]wlan0: SIGNAL_POLL
04-24 10:57:18.100 D/UIAutomatorStub( 1540): URI: /jsonrpc/0, Method: POST, Header: {content-type=application/json, connection=close, remote-addr=127.0.0.1, host=localhost:9008, content-length=212, http-client-ip=127.0.0.1, user-agent=Python-urllib/2.7, accept-encoding=identity}, params, {NanoHttpd.QUERY_STRING={"params": [{"childOrSiblingSelector": [], "text": "Unfortunately, AnTuTu Benchmark has stopped.", "mask": 1, "childOrSibling": []}], "jsonrpc": "2.0", "method": "exist", "id": "246c98f9840443c64dba3f431cf23a29"}, {"params": [{"childOrSiblingSelector": [], "text": "Unfortunately, AnTuTu Benchmark has stopped.", "mask": 1, "childOrSibling": []}], "jsonrpc": "2.0", "method": "exist", "id": "246c98f9840443c64dba3f431cf23a29"}=}, files: {}
04-24 10:57:18.310 D/UIAutomatorStub( 1540): URI: /jsonrpc/0, Method: POST, Header: {content-type=application/json, connection=close, remote-addr=127.0.0.1, host=localhost:9008, content-length=172, http-client-ip=127.0.0.1, user-agent=Python-urllib/2.7, accept-encoding=identity}, params, {{"params": [{"childOrSiblingSelector": [], "text": "Show", "mask": 1, "childOrSibling": []}], "jsonrpc": "2.0", "method": "exist", "id": "33397f3fdbe0bf147792b45ed453ec4b"}=, NanoHttpd.QUERY_STRING={"params": [{"childOrSiblingSelector": [], "text": "Show", "mask": 1, "childOrSibling": []}], "jsonrpc": "2.0", "method": "exist", "id": "33397f3fdbe0bf147792b45ed453ec4b"}}, files: {}
04-24 10:57:18.310 D/dalvikvm( 1540): GC_CONCURRENT freed 429K, 79% free 1101K/5096K, paused 2ms+1ms, total 46ms
04-24 10:57:19.230 I/wpa_supplicant(  639): [CTRL_IFACE]wlan0: SIGNAL_POLL
04-24 10:57:20.650 D/UIAutomatorStub( 1540): URI: /jsonrpc/0, Method: POST, Header: {content-type=application/json, connection=close, remote-addr=127.0.0.1, host=localhost:9008, content-length=212, http-client-ip=127.0.0.1, user-agent=Python-urllib/2.7, accept-encoding=identity}, params, {NanoHttpd.QUERY_STRING={"params": [{"childOrSiblingSelector": [], "text": "Unfortunately, AnTuTu Benchmark has stopped.", "mask": 1, "childOrSibling": []}], "jsonrpc": "2.0", "method": "exist", "id": "a796d158056473c35e7eec865a1db8fe"}, {"params": [{"childOrSiblingSelector": [], "text": "Unfortunately, AnTuTu Benchmark has stopped.", "mask": 1, "childOrSibling": []}], "jsonrpc": "2.0", "method": "exist", "id": "a796d158056473c35e7eec865a1db8fe"}=}, files: {}
04-24 10:57:20.700 D/UIAutomatorStub( 1540): URI: /jsonrpc/0, Method: POST, Header: {content-type=application/json, connection=close, remote-addr=127.0.0.1, host=localhost:9008, content-length=172, http-client-ip=127.0.0.1, user-agent=Python-urllib/2.7, accept-encoding=identity}, params, {NanoHttpd.QUERY_STRING={"params": [{"childOrSiblingSelector": [], "text": "Show", "mask": 1, "childOrSibling": []}], "jsonrpc": "2.0", "method": "exist", "id": "e8a88439483bce26faacab814b15c2ad"}, {"params": [{"childOrSiblingSelector": [], "text": "Show", "mask": 1, "childOrSibling": []}], "jsonrpc": "2.0", "method": "exist", "id": "e8a88439483bce26faacab814b15c2ad"}=}, files: {}
04-24 10:57:20.720 D/dalvikvm( 1540): GC_CONCURRENT freed 414K, 79% free 1120K/5096K, paused 1ms+11ms, total 18ms
04-24 10:57:22.230 I/wpa_supplicant(  639): [CTRL_IFACE]wlan0: SIGNAL_POLL
04-24 10:57:22.770 D/UIAutomatorStub( 1540): URI: /jsonrpc/0, Method: POST, Header: {content-type=application/json, connection=close, remote-addr=127.0.0.1, host=localhost:9008, content-length=212, http-client-ip=127.0.0.1, user-agent=Python-urllib/2.7, accept-encoding=identity}, params, {{"params": [{"childOrSiblingSelector": [], "text": "Unfortunately, AnTuTu Benchmark has stopped.", "mask": 1, "childOrSibling": []}], "jsonrpc": "2.0", "method": "exist", "id": "0e911d2937db39d0413b2119dc191c4e"}=, NanoHttpd.QUERY_STRING={"params": [{"childOrSiblingSelector": [], "text": "Unfortunately, AnTuTu Benchmark has stopped.", "mask": 1, "childOrSibling": []}], "jsonrpc": "2.0", "method": "exist", "id": "0e911d2937db39d0413b2119dc191c4e"}}, files: {}
04-24 10:57:22.910 D/UIAutomatorStub( 1540): URI: /jsonrpc/0, Method: POST, Header: {content-type=application/json, connection=close, remote-addr=127.0.0.1, host=localhost:9008, content-length=172, http-client-ip=127.0.0.1, user-agent=Python-urllib/2.7, accept-encoding=identity}, params, {{"params": [{"childOrSiblingSelector": [], "text": "Show", "mask": 1, "childOrSibling": []}], "jsonrpc": "2.0", "method": "exist", "id": "d7494a232c2ba37b445796518b5b4dee"}=, NanoHttpd.QUERY_STRING={"params": [{"childOrSiblingSelector": [], "text": "Show", "mask": 1, "childOrSibling": []}], "jsonrpc": "2.0", "method": "exist", "id": "d7494a232c2ba37b445796518b5b4dee"}}, files: {}
04-24 10:57:22.930 D/dalvikvm( 1540): GC_CONCURRENT freed 405K, 79% free 1103K/5096K, paused 1ms+1ms, total 7ms
04-24 10:57:25.030 D/UIAutomatorStub( 1540): URI: /jsonrpc/0, Method: POST, Header: {content-type=application/json, connection=close, remote-addr=127.0.0.1, host=localhost:9008, content-length=212, http-client-ip=127.0.0.1, user-agent=Python-urllib/2.7, accept-encoding=identity}, params, {{"params": [{"childOrSiblingSelector": [], "text": "Unfortunately, AnTuTu Benchmark has stopped.", "mask": 1, "childOrSibling": []}], "jsonrpc": "2.0", "method": "exist", "id": "37ab166fe9e24d5dd964add5b7d402de"}=, NanoHttpd.QUERY_STRING={"params": [{"childOrSiblingSelector": [], "text": "Unfortunately, AnTuTu Benchmark has stopped.", "mask": 1, "childOrSibling": []}], "jsonrpc": "2.0", "method": "exist", "id": "37ab166fe9e24d5dd964add5b7d402de"}}, files: {}
04-24 10:57:25.140 D/UIAutomatorStub( 1540): URI: /jsonrpc/0, Method: POST, Header: {content-type=application/json, connection=close, remote-addr=127.0.0.1, host=localhost:9008, content-length=172, http-client-ip=127.0.0.1, user-agent=Python-urllib/2.7, accept-encoding=identity}, params, {NanoHttpd.QUERY_STRING={"params": [{"childOrSiblingSelector": [], "text": "Show", "mask": 1, "childOrSibling": []}], "jsonrpc": "2.0", "method": "exist", "id": "1d8e105bd0acd0513f62146d41454bff"}, {"params": [{"childOrSiblingSelector": [], "text": "Show", "mask": 1, "childOrSibling": []}], "jsonrpc": "2.0", "method": "exist", "id": "1d8e105bd0acd0513f62146d41454bff"}=}, files: {}
04-24 10:57:25.190 D/dalvikvm( 1540): GC_CONCURRENT freed 401K, 79% free 1091K/5096K, paused 0ms+1ms, total 32ms
04-24 10:57:25.230 I/wpa_supplicant(  639): [CTRL_IFACE]wlan0: SIGNAL_POLL
04-24 10:57:27.480 D/UIAutomatorStub( 1540): URI: /jsonrpc/0, Method: POST, Header: {content-type=application/json, connection=close, remote-addr=127.0.0.1, host=localhost:9008, content-length=212, http-client-ip=127.0.0.1, user-agent=Python-urllib/2.7, accept-encoding=identity}, params, {{"params": [{"childOrSiblingSelector": [], "text": "Unfortunately, AnTuTu Benchmark has stopped.", "mask": 1, "childOrSibling": []}], "jsonrpc": "2.0", "method": "exist", "id": "9814af3910ed5f518c59dd4253133fc4"}=, NanoHttpd.QUERY_STRING={"params": [{"childOrSiblingSelector": [], "text": "Unfortunately, AnTuTu Benchmark has stopped.", "mask": 1, "childOrSibling": []}], "jsonrpc": "2.0", "method": "exist", "id": "9814af3910ed5f518c59dd4253133fc4"}}, files: {}
04-24 10:57:27.610 D/dalvikvm( 1540): GC_CONCURRENT freed 391K, 79% free 1084K/5096K, paused 1ms+0ms, total 20ms
