04-23 16:34:26.392 W/InputMethodManagerService(  431): 	at com.android.server.InputMethodManagerService.onServiceDisconnected(InputMethodManagerService.java:1395)
04-23 16:34:26.392 W/InputMethodManagerService(  431): 	at android.app.LoadedApk$ServiceDispatcher.doDeath(LoadedApk.java:1120)
04-23 16:34:26.392 W/InputMethodManagerService(  431): 	at android.app.LoadedApk$ServiceDispatcher$RunConnection.run(LoadedApk.java:1134)
04-23 16:34:26.392 W/InputMethodManagerService(  431): 	at android.os.Handler.handleCallback(Handler.java:733)
04-23 16:34:26.392 W/InputMethodManagerService(  431): 	at android.os.Handler.dispatchMessage(Handler.java:95)
04-23 16:34:26.392 W/InputMethodManagerService(  431): 	at android.os.Looper.loop(Looper.java:137)
04-23 16:34:26.392 W/InputMethodManagerService(  431): 	at com.android.server.ServerThread.initAndLoop(SystemServer.java:1092)
04-23 16:34:26.392 W/InputMethodManagerService(  431): 	at com.android.server.SystemServer.main(SystemServer.java:1178)
04-23 16:34:26.392 W/InputMethodManagerService(  431): 	at java.lang.reflect.Method.invokeNative(Native Method)
04-23 16:34:26.392 W/InputMethodManagerService(  431): 	at java.lang.reflect.Method.invoke(Method.java:515)
04-23 16:34:26.392 W/InputMethodManagerService(  431): 	at com.android.internal.os.ZygoteInit$MethodAndArgsCaller.run(ZygoteInit.java:777)
04-23 16:34:26.392 W/InputMethodManagerService(  431): 	at com.android.internal.os.ZygoteInit.main(ZygoteInit.java:593)
04-23 16:34:26.392 W/InputMethodManagerService(  431): 	at dalvik.system.NativeStart.main(Native Method)
04-23 16:34:26.522 I/ActivityManager(  431): Process com.antutu.ABenchMark (pid 18268) has died.
04-23 16:34:26.522 I/WindowState(  431): WIN DEATH: Window{41eef120 u0 com.antutu.ABenchMark/com.antutu.benchmark.activity.ScoreBenchActivity}
04-23 16:34:26.522 W/ActivityManager(  431): Scheduling restart of crashed service com.antutu.ABenchMark/com.antutu.benchmark.BenchmarkService in 134531ms
04-23 16:34:26.532 I/WindowState(  431): WIN DEATH: Window{41ede400 u0 com.antutu.ABenchMark/com.antutu.benchmark.activity.MainActivity}
04-23 16:34:26.822 I/ActivityManager(  431): Low on memory:
04-23 16:34:26.822 I/ActivityManager(  431):   ntv   N    14258 kB: uiautomator (18199) native
04-23 16:34:26.822 I/ActivityManager(  431):   ntv   N     9469 kB: zygote (111) native
04-23 16:34:26.822 I/ActivityManager(  431):   ntv   N     2315 kB: mediaserver (113) native
04-23 16:34:26.822 I/ActivityManager(  431):   ntv   N     1377 kB: surfaceflinger (110) native
04-23 16:34:26.822 I/ActivityManager(  431):   ntv   N     1179 kB: updatesoftwinner (109) native
04-23 16:34:26.822 I/ActivityManager(  431):   ntv   N      695 kB: wpa_supplicant (639) native
04-23 16:34:26.822 I/ActivityManager(  431):   ntv   N      597 kB: netd (107) native
04-23 16:34:26.822 I/ActivityManager(  431):   ntv   N      337 kB: drmserver (112) native
04-23 16:34:26.822 I/ActivityManager(  431):   ntv   N      248 kB: /init (1) native
04-23 16:34:26.822 I/ActivityManager(  431):   ntv   N      235 kB: dhcpcd (16555) native
04-23 16:34:26.822 I/ActivityManager(  431):   ntv   N      220 kB: adbd (117) native
04-23 16:34:26.822 I/ActivityManager(  431):   ntv   N      172 kB: rild (784) native
04-23 16:34:26.822 I/ActivityManager(  431):   ntv   N      154 kB: debuggerd (12025) native
04-23 16:34:26.822 I/ActivityManager(  431):   ntv   N      154 kB: logcat (18189) native
04-23 16:34:26.822 I/ActivityManager(  431):   ntv   N      136 kB: healthd (104) native
04-23 16:34:26.822 I/ActivityManager(  431):   ntv   N      120 kB: installd (114) native
04-23 16:34:26.822 I/ActivityManager(  431):   ntv   N      116 kB: vold (106) native
04-23 16:34:26.822 I/ActivityManager(  431):   ntv   N       82 kB: ueventd (64) native
04-23 16:34:26.822 I/ActivityManager(  431):   ntv   N       75 kB: sh (116) native
04-23 16:34:26.822 I/ActivityManager(  431):   ntv   N       70 kB: keystore (115) native
04-23 16:34:26.822 I/ActivityManager(  431):   ntv   N       59 kB: servicemanager (105) native
04-23 16:34:26.822 I/ActivityManager(  431):   ntv   N       29 kB: u3gmonitor (785) native
04-23 16:34:26.822 I/ActivityManager(  431):   ntv   N       16 kB: logwrapper (637) native
04-23 16:34:26.822 I/ActivityManager(  431):   sys   P    29951 kB: system (431) fixed
04-23 16:34:26.822 I/ActivityManager(  431):   pers  P    18548 kB: com.android.systemui (491) fixed
04-23 16:34:26.822 I/ActivityManager(  431):   pers  P     6777 kB: com.android.phone (633) fixed
04-23 16:34:26.822 I/ActivityManager(  431):   fore  T    52647 kB: com.antutu.ABenchMark:remote (18783) top-activity
04-23 16:34:26.822 I/ActivityManager(  431):   vis   IF    4304 kB: com.android.smspush (11996) service
04-23 16:34:26.822 I/ActivityManager(  431):                        com.android.smspush/.WapPushManager<=Proc{633:com.android.phone/1001}
04-23 16:34:26.822 I/ActivityManager(  431):   prev  S        0 kB: com.antutu.ABenchMark (18268) cch-started-ui-services
04-23 16:34:26.822 I/ActivityManager(  431):             144340 kB: TOTAL
04-23 16:34:26.822 I/ActivityManager(  431):   MemInfo: 28424 kB slab, 188 kB shmem, 100 kB buffers, 78724 kB cached, 122344 kB free
04-23 16:34:26.822 I/ActivityManager(  431):   ZRAM: 4004 kB RAM, 131068 kB swap total, 120408 kB swap free
04-23 16:34:27.752 I/BootReceiver(  431): Copying /data/tombstones/tombstone_05 to DropBox (SYSTEM_TOMBSTONE)
04-23 16:34:27.892 I/WindowState(  431): WIN DEATH: Window{41dd7c50 u0 SurfaceView}
04-23 16:34:27.892 I/ActivityManager(  431): Process com.antutu.ABenchMark:remote (pid 18783) has died.
04-23 16:34:27.892 W/ActivityManager(  431): Force removing ActivityRecord{41e0a258 u0 com.antutu.ABenchMark/.Test3D.OgreActivity t38}: app died, no saved state
04-23 16:34:27.892 I/WindowState(  431): WIN DEATH: Window{41dc7748 u0 com.antutu.ABenchMark/com.antutu.ABenchMark.Test3D.OgreActivity}
04-23 16:34:28.052 I/ActivityManager(  431): Start proc com.antutu.ABenchMark for activity com.antutu.ABenchMark/com.antutu.benchmark.activity.ScoreBenchActivity: pid=18805 uid=10076 gids={50076, 3003, 1028, 1015}
04-23 16:34:28.782 I/ActivityManager(  431): START u0 {cmp=com.antutu.ABenchMark/com.antutu.benchmark.activity.aj} from pid 18805
04-23 16:34:29.392 I/WindowManager(  431): Screenshot max retries 4 of Token{41d6a6f8 ActivityRecord{419b67e0 u0 com.antutu.ABenchMark/com.antutu.benchmark.activity.MainActivity t38 f}} appWin=Window{419d3e00 u0 Starting com.antutu.ABenchMark} drawState=4
04-23 16:34:29.392 W/WindowManager(  431): Screenshot failure taking screenshot for (768x1024) to layer 21010
04-23 16:34:29.422 I/ActivityManager(  431): Start proc com.android.launcher for activity com.android.launcher/com.android.launcher2.Launcher: pid=18861 uid=10011 gids={50011}
04-23 16:34:31.072 I/ActivityManager(  431): Start proc com.pada.gamecenter for service com.pada.gamecenter/.download.DownloadService: pid=18879 uid=10037 gids={50037, 3003, 1028, 1015}
04-23 16:34:31.492 W/ActivityManager(  431): Launch timeout has expired, giving up wake lock!
04-23 16:34:31.582 I/ActivityManager(  431): Start proc com.android.defcontainer for service com.android.defcontainer/.DefaultContainerService: pid=18900 uid=10003 gids={50003, 1028, 1015, 1023, 2001, 1035}
04-23 16:34:33.992 I/ActivityManager(  431): Start proc com.android.deskclock for service com.android.deskclock/com.android.alarmclock.DigitalAppWidgetService: pid=18935 uid=10028 gids={50028, 1028}
04-23 16:34:41.072 I/ActivityManager(  431): Start proc com.softwinner.baseservice:baseservice for service com.softwinner.baseservice/com.softwinner.service.SoftWinnerService: pid=18953 uid=10065 gids={50065, 1028, 1015, 3003}
04-23 16:34:46.322 I/ActivityManager(  431): START u0 {act=android.intent.action.MAIN cat=[android.intent.category.HOME] flg=0x10200000 cmp=com.android.launcher/com.android.launcher2.Launcher} from pid 431
04-23 16:34:51.072 I/ActivityManager(  431): Start proc com.kugou.android.support for service com.kugou.android/com.kugou.framework.service.KugouBackgroundService: pid=18992 uid=10081 gids={50081, 3003, 1028, 1015, 3002, 3001}
04-23 16:35:00.392 I/ActivityManager(  431): START u0 {act=android.intent.action.MAIN cat=[android.intent.category.HOME] flg=0x10200000 cmp=com.android.launcher/com.android.launcher2.Launcher} from pid 431
04-23 16:35:11.072 I/ActivityManager(  431): Start proc com.android.inputmethod.latin for service com.android.inputmethod.latin/.LatinIME: pid=19087 uid=10043 gids={50043, 1028, 1015}
04-23 16:35:11.482 I/ActivityManager(  431): Start proc android.process.acore for content provider com.android.providers.userdictionary/.UserDictionaryProvider: pid=19106 uid=10002 gids={50002, 3003, 1028, 1015}
04-23 16:35:11.722 W/InputMethodManagerService(  431): Client died receiving input method InputBindResult{com.android.internal.view.IInputMethodSession$Stub$Proxy@41de29e0 com.android.inputmethod.latin/.LatinIME #250}
04-23 16:35:12.252 D/PowerManagerService(  431): mHoldBootFastWakeLock = true
04-23 16:35:14.222 I/ActivityManager(  431): START u0 {act=android.intent.action.MAIN cat=[android.intent.category.HOME] flg=0x10200000 cmp=com.android.launcher/com.android.launcher2.Launcher} from pid 431
04-23 16:35:15.262 I/ActivityManager(  431): START u0 {act=android.intent.action.MAIN cat=[android.intent.category.HOME] flg=0x10200000 cmp=com.android.launcher/com.android.launcher2.Launcher} from pid 431
04-23 16:35:16.312 I/ActivityManager(  431): START u0 {act=com.android.systemui.recent.action.TOGGLE_RECENTS flg=0x10800000 cmp=com.android.systemui/.recent.RecentsActivity} from pid 491
04-23 16:35:21.072 I/ActivityManager(  431): Start proc com.google.process.location for service com.google.android.gms/com.google.android.location.internal.GoogleLocationManagerService: pid=19153 uid=10006 gids={50006, 3003, 1007, 1028, 1015, 2001, 3006, 3007}
04-23 16:35:21.192 I/ActivityManager(  431): Start proc com.google.android.gms for broadcast com.google.android.gms/.init.InitializeGmsReceiver: pid=19166 uid=10006 gids={50006, 3003, 1007, 1028, 1015, 2001, 3006, 3007}
04-23 16:35:21.482 I/ActivityManager(  431): Start proc com.google.process.gapps for content provider com.google.android.gsf/.gservices.GservicesProvider: pid=19183 uid=10006 gids={50006, 3003, 1007, 1028, 1015, 2001, 3006, 3007}
04-23 16:35:21.642 I/ActivityManager(  431): Delay finish: com.google.android.gms/.init.InitializeGmsReceiver
04-23 16:35:21.762 I/ActivityManager(  431): Resuming delayed broadcast
04-23 16:35:22.012 I/ActivityManager(  431): Delay finish: com.google.android.gms/.init.InitializeGmsReceiver
04-23 16:35:22.022 I/ActivityManager(  431): Resuming delayed broadcast
04-23 16:35:22.032 I/ActivityManager(  431): Delay finish: com.google.android.gms/.init.InitializeGmsReceiver
04-23 16:35:22.042 I/ActivityManager(  431): Resuming delayed broadcast
04-23 16:35:28.542 I/ActivityManager(  431): START u0 {act=android.intent.action.MAIN cat=[android.intent.category.HOME] flg=0x10200000 cmp=com.android.launcher/com.android.launcher2.Launcher} from pid 431
04-23 16:35:28.742 D/ConnectivityService(  431): handleInetConditionHoldEnd: net=1, condition=100, published condition=100
04-23 16:35:30.402 W/ActivityThread(19153): ClassLoader.loadClass: The class loader returned by Thread.getContextClassLoader() may fail for processes that host multiple applications. You should explicitly specify a context class loader. For example: Thread.setContextClassLoader(getClass().getClassLoader());
04-23 16:36:12.252 D/PowerManagerService(  431): mHoldBootFastWakeLock = true
04-23 16:37:29.552 I/PowerManagerService(  431): Going to sleep due to screen timeout...
04-23 16:37:30.152 W/InputMethodManagerService(  431): Got RemoteException sending setActive(false) notification to pid 18783 uid 10076
04-23 16:37:32.882 D/PowerManagerService(  431): mHoldBootFastWakeLock = true
04-23 16:38:12.252 D/PowerManagerService(  431): mHoldBootFastWakeLock = true
04-23 16:39:12.252 D/PowerManagerService(  431): mHoldBootFastWakeLock = true
04-23 16:39:28.082 W/InputMethodManagerService(  431): Got RemoteException sending setActive(false) notification to pid 18783 uid 10076
04-23 16:40:12.252 D/PowerManagerService(  431): mHoldBootFastWakeLock = true
04-23 16:41:12.252 D/PowerManagerService(  431): mHoldBootFastWakeLock = true
04-23 16:42:12.252 D/PowerManagerService(  431): mHoldBootFastWakeLock = true
04-23 16:42:12.272 D/ConnectivityService(  431): Sampling interval elapsed, updating statistics ..
04-23 16:42:12.282 D/ConnectivityService(  431): Done.
04-23 16:42:12.282 D/ConnectivityService(  431): Setting timer for 720seconds
04-23 16:43:12.252 D/PowerManagerService(  431): mHoldBootFastWakeLock = true
04-23 16:44:12.252 D/PowerManagerService(  431): mHoldBootFastWakeLock = true
04-23 16:46:12.252 D/PowerManagerService(  431): mHoldBootFastWakeLock = true
04-23 16:47:12.252 D/PowerManagerService(  431): mHoldBootFastWakeLock = true
04-23 16:48:12.252 D/PowerManagerService(  431): mHoldBootFastWakeLock = true
04-23 16:49:12.252 D/PowerManagerService(  431): mHoldBootFastWakeLock = true
04-23 16:50:12.252 D/PowerManagerService(  431): mHoldBootFastWakeLock = true
04-23 16:50:29.082 D/ConnectivityService(  431): handleInetConditionHoldEnd: net=1, condition=100, published condition=100
04-23 16:51:00.032 I/ProcessStatsService(  431): Prepared write state in 13ms
04-23 16:51:12.252 D/PowerManagerService(  431): mHoldBootFastWakeLock = true
04-23 16:52:12.252 D/PowerManagerService(  431): mHoldBootFastWakeLock = true
04-23 16:54:12.252 D/PowerManagerService(  431): mHoldBootFastWakeLock = true
04-23 16:54:12.282 D/ConnectivityService(  431): Sampling interval elapsed, updating statistics ..
04-23 16:54:12.292 D/ConnectivityService(  431): Done.
04-23 16:54:12.292 D/ConnectivityService(  431): Setting timer for 720seconds
04-23 16:56:12.252 D/PowerManagerService(  431): mHoldBootFastWakeLock = true
04-23 16:57:12.252 D/PowerManagerService(  431): mHoldBootFastWakeLock = true
04-23 16:58:12.252 D/PowerManagerService(  431): mHoldBootFastWakeLock = true
04-23 17:00:02.032 I/ActivityManager(  431): Delay finish: com.google.android.gsf/.checkin.EventLogService$Receiver
04-23 17:00:02.152 I/ActivityManager(  431): Resuming delayed broadcast
04-23 17:00:02.612 D/PowerManagerService(  431): mHoldBootFastWakeLock = true
04-23 17:00:12.252 D/PowerManagerService(  431): mHoldBootFastWakeLock = true
04-23 17:01:12.252 D/PowerManagerService(  431): mHoldBootFastWakeLock = true
04-23 17:03:12.252 D/PowerManagerService(  431): mHoldBootFastWakeLock = true
04-23 17:05:29.362 D/ConnectivityService(  431): handleInetConditionHoldEnd: net=1, condition=100, published condition=100
04-23 17:06:15.452 D/ConnectivityService(  431): Sampling interval elapsed, updating statistics ..
04-23 17:06:15.452 D/ConnectivityService(  431): Done.
04-23 17:06:15.452 D/ConnectivityService(  431): Setting timer for 720seconds
04-23 17:20:28.872 D/ConnectivityService(  431): Sampling interval elapsed, updating statistics ..
04-23 17:20:28.872 D/ConnectivityService(  431): Done.
04-23 17:20:28.872 D/ConnectivityService(  431): Setting timer for 720seconds
04-23 17:20:29.662 D/ConnectivityService(  431): handleInetConditionHoldEnd: net=1, condition=100, published condition=100
04-23 17:21:59.992 I/ProcessStatsService(  431): Prepared write state in 6ms
04-23 17:30:01.262 V/BackupManagerService(  431): Running a backup pass
04-23 17:30:01.272 V/BackupManagerService(  431): Backup requested but nothing pending
04-23 17:35:29.172 D/ConnectivityService(  431): Sampling interval elapsed, updating statistics ..
04-23 17:35:29.172 D/ConnectivityService(  431): Done.
04-23 17:35:29.172 D/ConnectivityService(  431): Setting timer for 720seconds
04-23 17:35:29.192 I/ActivityManager(  431): Delay finish: com.google.android.gsf/.checkin.EventLogService$Receiver
04-23 17:35:29.252 I/ActivityManager(  431): Resuming delayed broadcast
04-23 17:35:29.992 D/ConnectivityService(  431): handleInetConditionHoldEnd: net=1, condition=100, published condition=100
04-23 17:42:45.632 D/ConnectivityService(  431): Captive portal check NetworkInfo: type: WIFI[], state: CONNECTING/CAPTIVE_PORTAL_CHECK, reason: (unspecified), extra: "XP-3f", roaming: false, failover: false, isAvailable: true, isConnectedToProvisioningNetwork: false
04-23 17:42:45.632 D/ConnectivityService(  431): handleCaptivePortalTrackerCheck: call captivePortalCheckComplete ni=NetworkInfo: type: WIFI[], state: CONNECTING/CAPTIVE_PORTAL_CHECK, reason: (unspecified), extra: "XP-3f", roaming: false, failover: false, isAvailable: true, isConnectedToProvisioningNetwork: false
04-23 17:42:45.632 D/ConnectivityService(  431): Captive portal check NetworkInfo: type: WIFI[], state: CONNECTING/CAPTIVE_PORTAL_CHECK, reason: (unspecified), extra: "XP-3f", roaming: false, failover: false, isAvailable: true, isConnectedToProvisioningNetwork: false
04-23 17:42:45.632 D/ConnectivityService(  431): handleCaptivePortalTrackerCheck: call captivePortalCheckComplete ni=NetworkInfo: type: WIFI[], state: CONNECTING/CAPTIVE_PORTAL_CHECK, reason: (unspecified), extra: "XP-3f", roaming: false, failover: false, isAvailable: true, isConnectedToProvisioningNetwork: false
04-23 17:42:45.642 D/ConnectivityService(  431): ConnectivityChange for WIFI: CONNECTED/CONNECTED
04-23 17:42:45.642 E/ConnectivityService(  431): Unexpected mtu value: android.net.wifi.WifiStateTracker@41bfa510
04-23 17:42:45.682 D/ConnectivityService(  431): handleConnectivityChange: address are the same reset per doReset linkProperty[1]: resetMask=0
04-23 17:42:45.682 D/Nat464Xlat(  431): requiresClat: netType=1, hasIPv4Address=true
04-23 17:42:45.692 D/ConnectivityService(  431): ConnectivityChange for WIFI: CONNECTED/CONNECTED
04-23 17:42:45.702 E/ConnectivityService(  431): Unexpected mtu value: android.net.wifi.WifiStateTracker@41bfa510
04-23 17:42:45.722 D/ConnectivityService(  431): handleConnectivityChange: address are the same reset per doReset linkProperty[1]: resetMask=0
04-23 17:42:45.722 D/Nat464Xlat(  431): requiresClat: netType=1, hasIPv4Address=true
04-23 17:42:46.652 D/ConnectivityService(  431): NetTransition Wakelock for ConnectedState released by timeout
04-23 17:42:48.722 I/ActivityManager(  431): Start proc android.process.media for broadcast com.android.providers.downloads/.DownloadReceiver: pid=20131 uid=10004 gids={50004, 1028, 1015, 1023, 1024, 2001, 3003, 3007}
04-23 17:42:49.132 I/ActivityManager(  431): Start proc com.google.android.setupwizard for broadcast com.google.android.setupwizard/.MobileConnectivityChangeReceiver: pid=20162 uid=10015 gids={50015, 3003}
04-23 17:42:49.262 I/ActivityManager(  431): Start proc com.google.android.apps.plus for broadcast com.google.android.apps.plus/com.google.android.picasasync.ConnectivityReceiver: pid=20177 uid=10060 gids={50060, 3003, 3002, 1028, 1015}
04-23 17:42:49.632 D/ConnectivityService(  431): handleInetConditionHoldEnd: net=1, condition=100, published condition=0
04-23 17:42:50.082 I/ActivityManager(  431): Start proc com.softwinner.baseservice for broadcast com.softwinner.baseservice/com.softwinner.service.SoftWinnerServiceReceiver: pid=20204 uid=10065 gids={50065, 1028, 1015, 3003}
04-23 17:42:50.132 I/ActivityManager(  431): Start proc com.softwinner.update for broadcast com.softwinner.update/.LoaderReceiver: pid=20217 uid=10068 gids={50068, 2001, 1028, 1015, 1023, 3003}
04-23 17:42:50.752 D/ConnectivityService(  431): handleInetConditionHoldEnd: net=1, condition=100, published condition=100
04-23 17:42:56.102 W/ActivityThread(19183): ClassLoader.loadClass: The class loader returned by Thread.getContextClassLoader() may fail for processes that host multiple applications. You should explicitly specify a context class loader. For example: Thread.setContextClassLoader(getClass().getClassLoader());
04-23 17:45:12.252 D/PowerManagerService(  431): mHoldBootFastWakeLock = true
04-23 17:47:12.252 D/PowerManagerService(  431): mHoldBootFastWakeLock = true
04-23 17:47:29.312 D/ConnectivityService(  431): Sampling interval elapsed, updating statistics ..
04-23 17:47:29.312 D/ConnectivityService(  431): Done.
04-23 17:47:29.312 D/ConnectivityService(  431): Setting timer for 720seconds
04-23 17:48:30.192 I/ActivityManager(  431): Start proc com.google.android.googlequicksearchbox:search for service com.google.android.googlequicksearchbox/com.google.android.velvet.VelvetBackgroundTasksImpl$Service: pid=20315 uid=10017 gids={50017, 3003, 1028, 3002, 1015}
04-23 17:48:30.742 I/ActivityManager(  431): Start proc com.google.android.partnersetup for content provider com.google.android.partnersetup/.RlzAppProvider: pid=20336 uid=10009 gids={50009, 3003}
04-23 17:48:30.922 I/ActivityManager(  431): Killing 18900:com.android.defcontainer/u0a3 (adj 15): empty for 4436s
04-23 17:48:31.532 I/ActivityManager(  431): Delay finish: com.google.android.gms/.playlog.uploader.UploaderAlarmReceiver
04-23 17:48:35.182 W/ProcessCpuTracker(  431): Skipping unknown process pid 20328
04-23 17:48:35.182 W/ProcessCpuTracker(  431): Skipping unknown process pid 20330
04-23 17:48:35.182 W/ProcessCpuTracker(  431): Skipping unknown process pid 20388
04-23 17:48:35.942 W/ActivityManager(  431): Unable to start service Intent { act=com.google.android.gms.analytics.service.START cmp=com.google.android.gms/.analytics.service.AnalyticsService (has extras) } U=0: not found
04-23 17:48:37.712 W/ActivityThread(19166): ClassLoader.loadClass: The class loader returned by Thread.getContextClassLoader() may fail for processes that host multiple applications. You should explicitly specify a context class loader. For example: Thread.setContextClassLoader(getClass().getClassLoader());
04-23 17:48:40.382 I/ActivityManager(  431): Resuming delayed broadcast
04-23 17:48:40.952 W/ActivityManager(  431): Unable to start service Intent { act=com.google.android.gms.analytics.service.START cmp=com.google.android.gms/.analytics.service.AnalyticsService (has extras) } U=0: not found
04-23 17:50:30.272 D/ConnectivityService(  431): handleInetConditionHoldEnd: net=1, condition=100, published condition=100
04-23 17:51:12.252 D/PowerManagerService(  431): mHoldBootFastWakeLock = true
04-23 17:52:00.002 I/ProcessStatsService(  431): Prepared write state in 8ms
04-23 17:52:12.252 D/PowerManagerService(  431): mHoldBootFastWakeLock = true
04-23 17:53:12.252 D/PowerManagerService(  431): mHoldBootFastWakeLock = true
04-23 17:53:31.552 I/ActivityManager(  431): Delay finish: com.google.android.gms/.playlog.uploader.UploaderAlarmReceiver
04-23 17:53:31.562 I/ActivityManager(  431): Resuming delayed broadcast
04-23 17:55:12.252 D/PowerManagerService(  431): mHoldBootFastWakeLock = true
04-23 17:59:12.252 D/PowerManagerService(  431): mHoldBootFastWakeLock = true
04-23 17:59:29.402 D/ConnectivityService(  431): Sampling interval elapsed, updating statistics ..
04-23 17:59:29.472 D/ConnectivityService(  431): Done.
04-23 17:59:29.472 D/ConnectivityService(  431): Setting timer for 720seconds
04-23 18:01:12.252 D/PowerManagerService(  431): mHoldBootFastWakeLock = true
04-23 18:05:29.792 I/ActivityManager(  431): Delay finish: com.google.android.gsf/.checkin.EventLogService$Receiver
04-23 18:05:29.842 I/ActivityManager(  431): Resuming delayed broadcast
04-23 18:05:30.552 D/ConnectivityService(  431): handleInetConditionHoldEnd: net=1, condition=100, published condition=100
04-23 18:06:12.252 D/PowerManagerService(  431): mHoldBootFastWakeLock = true
04-23 18:07:12.252 D/PowerManagerService(  431): mHoldBootFastWakeLock = true
04-23 18:10:12.252 D/PowerManagerService(  431): mHoldBootFastWakeLock = true
04-23 18:11:12.252 D/PowerManagerService(  431): mHoldBootFastWakeLock = true
04-23 18:11:29.562 D/ConnectivityService(  431): Sampling interval elapsed, updating statistics ..
04-23 18:11:29.562 D/ConnectivityService(  431): Done.
04-23 18:11:29.562 D/ConnectivityService(  431): Setting timer for 720seconds
04-23 18:12:59.992 I/ActivityManager(  431): Killing 19106:android.process.acore/u0a2 (adj 15): empty for 1809s
04-23 18:17:24.692 I/EntropyMixer(  431): Writing entropy...
04-23 18:20:12.252 D/PowerManagerService(  431): mHoldBootFastWakeLock = true
04-23 18:20:30.832 D/ConnectivityService(  431): handleInetConditionHoldEnd: net=1, condition=100, published condition=100
04-23 18:22:00.022 I/ProcessStatsService(  431): Prepared write state in 12ms
04-23 18:22:00.042 I/ProcessStatsService(  431): Pruning old procstats: /data/system/procstats/state-2014-04-22-17-01-58.bin
04-23 18:22:12.252 D/PowerManagerService(  431): mHoldBootFastWakeLock = true
04-23 18:23:12.252 D/PowerManagerService(  431): mHoldBootFastWakeLock = true
04-23 18:23:29.572 D/ConnectivityService(  431): Sampling interval elapsed, updating statistics ..
04-23 18:23:29.642 D/ConnectivityService(  431): Done.
04-23 18:23:29.642 D/ConnectivityService(  431): Setting timer for 720seconds
04-23 18:24:12.252 D/PowerManagerService(  431): mHoldBootFastWakeLock = true
04-23 18:25:12.252 D/PowerManagerService(  431): mHoldBootFastWakeLock = true
04-23 18:26:12.252 D/PowerManagerService(  431): mHoldBootFastWakeLock = true
04-23 18:28:12.392 V/BackupManagerService(  431): Running a backup pass
04-23 18:28:12.392 V/BackupManagerService(  431): Backup requested but nothing pending
04-23 18:29:12.252 D/PowerManagerService(  431): mHoldBootFastWakeLock = true
04-23 18:31:12.252 D/PowerManagerService(  431): mHoldBootFastWakeLock = true
04-23 18:33:12.252 D/PowerManagerService(  431): mHoldBootFastWakeLock = true
04-23 18:35:30.342 D/ConnectivityService(  431): Sampling interval elapsed, updating statistics ..
04-23 18:35:30.412 D/ConnectivityService(  431): Done.
04-23 18:35:30.412 D/ConnectivityService(  431): Setting timer for 720seconds
04-23 18:35:30.442 I/ActivityManager(  431): Delay finish: com.google.android.gsf/.checkin.EventLogService$Receiver
04-23 18:35:30.482 I/ActivityManager(  431): Resuming delayed broadcast
04-23 18:35:31.192 D/ConnectivityService(  431): handleInetConditionHoldEnd: net=1, condition=100, published condition=100
04-23 18:36:12.252 D/PowerManagerService(  431): mHoldBootFastWakeLock = true
04-23 18:37:12.252 D/PowerManagerService(  431): mHoldBootFastWakeLock = true
04-23 18:38:12.252 D/PowerManagerService(  431): mHoldBootFastWakeLock = true
04-23 18:39:12.252 D/PowerManagerService(  431): mHoldBootFastWakeLock = true
04-23 18:45:12.252 D/PowerManagerService(  431): mHoldBootFastWakeLock = true
04-23 18:49:01.612 D/ConnectivityService(  431): Sampling interval elapsed, updating statistics ..
04-23 18:49:01.612 D/ConnectivityService(  431): Done.
04-23 18:49:01.612 D/ConnectivityService(  431): Setting timer for 720seconds
04-23 18:50:12.252 D/PowerManagerService(  431): mHoldBootFastWakeLock = true
04-23 18:50:31.472 D/ConnectivityService(  431): handleInetConditionHoldEnd: net=1, condition=100, published condition=100
04-23 18:52:12.252 D/PowerManagerService(  431): mHoldBootFastWakeLock = true
04-23 18:52:59.992 I/ProcessStatsService(  431): Prepared write state in 4ms
04-23 18:53:00.002 I/ProcessStatsService(  431): Prepared write state in 9ms
04-23 18:53:12.252 D/PowerManagerService(  431): mHoldBootFastWakeLock = true
04-23 18:55:12.252 D/PowerManagerService(  431): mHoldBootFastWakeLock = true
04-23 19:00:11.402 D/PowerManagerService(  431): mHoldBootFastWakeLock = true
04-23 19:00:11.402 I/PowerManagerService(  431): Waking up from sleep...
04-23 19:00:11.432 I/WindowManager(  431): No lock screen! windowToken=null
04-23 19:00:11.442 I/ActivityManager(  431): Start proc com.google.android.apps.uploader for broadcast com.google.android.apps.uploader/com.google.android.picasasync.BatteryReceiver: pid=21286 uid=10049 gids={50049, 3003, 1028, 1015}
04-23 19:00:11.892 I/ActivityManager(  431): Killing 20131:android.process.media/u0a4 (adj 15): empty for 4641s
04-23 19:00:11.972 I/ActivityManager(  431): Start proc android.process.media for content provider com.android.providers.media/.MediaProvider: pid=21309 uid=10004 gids={50004, 1028, 1015, 1023, 1024, 2001, 3003, 3007}
04-23 19:00:12.002 I/ActivityManager(  431): Killing 20162:com.google.android.setupwizard/u0a15 (adj 15): empty for 4641s
04-23 19:00:13.142 D/UsbDeviceManager(  431): disable UsbDeviceManager wakelock wlref = 1
04-23 19:00:13.142 V/UsbDeviceManager(  431): enableDPMLock ---
04-23 19:01:01.632 D/ConnectivityService(  431): Sampling interval elapsed, updating statistics ..
04-23 19:01:01.672 D/ConnectivityService(  431): Done.
04-23 19:01:01.672 D/ConnectivityService(  431): Setting timer for 720seconds
04-23 19:01:12.192 D/PowerManagerService(  431): mHoldBootFastWakeLock = false
04-23 19:02:12.242 D/PowerManagerService(  431): mHoldBootFastWakeLock = false
04-23 19:02:12.402 I/PowerManagerService(  431): Going to sleep due to screen timeout...
04-23 19:02:19.510 D/PowerManagerService(  431): mHoldBootFastWakeLock = false
04-23 19:22:13.500 D/PowerManagerService(  431): mHoldBootFastWakeLock = false
04-23 19:22:13.500 I/PowerManagerService(  431): Waking up from sleep...
04-23 19:22:13.510 I/WindowManager(  431): No lock screen! windowToken=null
04-23 19:22:13.770 I/ActivityManager(  431): Delay finish: com.google.android.gsf/.checkin.EventLogService$Receiver
04-23 19:22:13.970 I/ActivityManager(  431): Resuming delayed broadcast
04-23 19:22:13.980 D/ConnectivityService(  431): Sampling interval elapsed, updating statistics ..
04-23 19:22:13.990 D/ConnectivityService(  431): Done.
04-23 19:22:14.000 D/ConnectivityService(  431): Setting timer for 720seconds
04-23 19:22:16.080 D/UsbDeviceManager(  431): enable UsbDeviceManager wakelock wlref = 0
04-23 19:22:16.100 V/UsbDeviceManager(  431): enableDPMLock +++
04-23 19:22:16.160 D/UsbDeviceManager(  431): enable UsbDeviceManager wakelock wlref = 1
04-23 19:22:16.510 D/PowerManagerService(  431): mHoldBootFastWakeLock = true
04-23 19:22:16.520 I/EntropyMixer(  431): Writing entropy...
04-23 19:22:16.750 I/ActivityManager(  431): START u0 {act=android.intent.action.MAIN cat=[android.intent.category.LAUNCHER] flg=0x10200000 cmp=com.android.settings/.Settings bnds=[528,603][624,699]} from pid 18861
04-23 19:22:16.790 I/ActivityManager(  431): Start proc com.android.settings for activity com.android.settings/.Settings: pid=21402 uid=1000 gids={41000, 1028, 1015, 3002, 3001, 3003}
04-23 19:22:17.230 D/BackupManagerService(  431): Now staging backup of android
04-23 19:22:17.460 D/WifiService(  431): setWifiEnabled: true pid=21402, uid=1000
04-23 19:22:18.260 I/ActivityManager(  431): START u0 {act=android.intent.action.MAIN cmp=com.android.settings/.SubSettings (has extras)} from pid 21402
04-23 19:22:21.620 D/ConnectivityService(  431): handleInetConditionHoldEnd: net=1, condition=100, published condition=100
04-23 19:22:22.960 D/PowerManagerService(  431): mHoldBootFastWakeLock = true
04-23 19:22:28.490 I/PowerManagerService(  431): Going to sleep by user request...
04-23 19:22:28.940 I/WindowManager(  431): Screenshot Window{41e72650 u0 com.android.settings/com.android.settings.SubSettings} was monochrome(ff000000)! mSurfaceLayer=21020 minLayer=21000 maxLayer=21020
04-23 19:22:32.980 D/PowerManagerService(  431): mHoldBootFastWakeLock = true
04-23 19:23:16.470 D/PowerManagerService(  431): mHoldBootFastWakeLock = true
04-23 19:30:01.030 V/BackupManagerService(  431): Running a backup pass
04-23 19:30:01.030 V/BackupManagerService(  431): clearing pending backups
04-23 19:30:01.030 V/PerformBackupTask(  431): Beginning backup of 1 targets
04-23 19:30:01.050 D/PerformBackupTask(  431): invokeAgentForBackup on @pm@
04-23 19:30:01.090 I/PerformBackupTask(  431): no backup data written; not calling transport
04-23 19:30:01.100 D/PerformBackupTask(  431): starting agent for backup of BackupRequest{pkg=android}
04-23 19:30:01.100 D/BackupManagerService(  431): awaiting agent for ApplicationInfo{41a8d7d8 android}
04-23 19:30:01.100 D/BackupManagerService(  431): agentConnected pkg=android agent=android.app.backup.BackupAgent$BackupServiceBinder@41c62b88
04-23 19:30:01.100 I/BackupManagerService(  431): got agent android.app.backup.BackupAgent$BackupServiceBinder@41c62b88
04-23 19:30:01.100 D/PerformBackupTask(  431): invokeAgentForBackup on android
04-23 19:30:01.110 I/PerformBackupTask(  431): Backup pass finished.
04-23 19:31:54.100 D/PowerManagerService(  431): mHoldBootFastWakeLock = true
04-23 19:32:04.120 D/PowerManagerService(  431): mHoldBootFastWakeLock = true
04-23 19:35:16.460 D/PowerManagerService(  431): mHoldBootFastWakeLock = true
04-23 19:35:16.480 D/ConnectivityService(  431): Sampling interval elapsed, updating statistics ..
04-23 19:35:16.480 D/ConnectivityService(  431): Done.
04-23 19:35:16.480 D/ConnectivityService(  431): Setting timer for 720seconds
04-23 19:36:16.460 D/PowerManagerService(  431): mHoldBootFastWakeLock = true
04-23 19:37:21.940 D/ConnectivityService(  431): handleInetConditionHoldEnd: net=1, condition=100, published condition=100
04-23 19:37:58.050 D/ConnectivityService(  431): Captive portal check NetworkInfo: type: WIFI[], state: CONNECTING/CAPTIVE_PORTAL_CHECK, reason: (unspecified), extra: "XP-3f", roaming: false, failover: false, isAvailable: true, isConnectedToProvisioningNetwork: false
04-23 19:37:58.050 D/ConnectivityService(  431): handleCaptivePortalTrackerCheck: call captivePortalCheckComplete ni=NetworkInfo: type: WIFI[], state: CONNECTING/CAPTIVE_PORTAL_CHECK, reason: (unspecified), extra: "XP-3f", roaming: false, failover: false, isAvailable: true, isConnectedToProvisioningNetwork: false
04-23 19:37:58.050 D/ConnectivityService(  431): Captive portal check NetworkInfo: type: WIFI[], state: CONNECTING/CAPTIVE_PORTAL_CHECK, reason: (unspecified), extra: "XP-3f", roaming: false, failover: false, isAvailable: true, isConnectedToProvisioningNetwork: false
04-23 19:37:58.050 D/ConnectivityService(  431): handleCaptivePortalTrackerCheck: call captivePortalCheckComplete ni=NetworkInfo: type: WIFI[], state: CONNECTING/CAPTIVE_PORTAL_CHECK, reason: (unspecified), extra: "XP-3f", roaming: false, failover: false, isAvailable: true, isConnectedToProvisioningNetwork: false
04-23 19:37:58.060 D/ConnectivityService(  431): ConnectivityChange for WIFI: CONNECTED/CONNECTED
04-23 19:37:58.070 E/ConnectivityService(  431): Unexpected mtu value: android.net.wifi.WifiStateTracker@41bfa510
04-23 19:37:58.100 D/ConnectivityService(  431): handleConnectivityChange: address are the same reset per doReset linkProperty[1]: resetMask=0
04-23 19:37:58.100 D/Nat464Xlat(  431): requiresClat: netType=1, hasIPv4Address=true
04-23 19:37:58.110 D/ConnectivityService(  431): ConnectivityChange for WIFI: CONNECTED/CONNECTED
04-23 19:37:58.110 E/ConnectivityService(  431): Unexpected mtu value: android.net.wifi.WifiStateTracker@41bfa510
04-23 19:37:58.140 D/ConnectivityService(  431): handleConnectivityChange: address are the same reset per doReset linkProperty[1]: resetMask=0
04-23 19:37:58.140 D/Nat464Xlat(  431): requiresClat: netType=1, hasIPv4Address=true
04-23 19:37:59.060 D/ConnectivityService(  431): NetTransition Wakelock for ConnectedState released by timeout
04-23 19:38:01.290 I/ActivityManager(  431): Start proc com.google.android.setupwizard for broadcast com.google.android.setupwizard/.MobileConnectivityChangeReceiver: pid=21667 uid=10015 gids={50015, 3003}
04-23 19:38:01.460 I/ActivityManager(  431): Killing 20336:com.google.android.partnersetup/u0a9 (adj 15): empty for 5378s
04-23 19:38:01.780 D/ConnectivityService(  431): handleInetConditionHoldEnd: net=1, condition=100, published condition=0
04-23 19:38:16.470 D/PowerManagerService(  431): mHoldBootFastWakeLock = true
04-23 19:38:54.940 D/PowerManagerService(  431): mHoldBootFastWakeLock = true
04-23 19:41:16.460 D/PowerManagerService(  431): mHoldBootFastWakeLock = true
04-23 19:42:16.470 D/PowerManagerService(  431): mHoldBootFastWakeLock = true
04-23 19:42:55.420 D/PowerManagerService(  431): mHoldBootFastWakeLock = true
04-23 19:42:59.990 I/ProcessStatsService(  431): Prepared write state in 4ms
04-23 19:44:16.470 D/PowerManagerService(  431): mHoldBootFastWakeLock = true
04-23 19:45:16.460 D/PowerManagerService(  431): mHoldBootFastWakeLock = true
04-23 19:46:16.470 D/PowerManagerService(  431): mHoldBootFastWakeLock = true
04-23 19:47:26.420 D/ConnectivityService(  431): Sampling interval elapsed, updating statistics ..
04-23 19:47:26.490 D/ConnectivityService(  431): Done.
04-23 19:47:26.490 D/ConnectivityService(  431): Setting timer for 720seconds
04-23 19:49:35.510 I/ActivityManager(  431): Start proc com.google.android.partnersetup for content provider com.google.android.partnersetup/.RlzAppProvider: pid=21838 uid=10009 gids={50009, 3003}
04-23 19:50:09.110 D/ConnectivityService(  431): ConnectivityChange for WIFI: DISCONNECTED/DISCONNECTED
04-23 19:50:09.110 D/ConnectivityService(  431): tryFailover: set mActiveDefaultNetwork=-1, prevNetType=1
04-23 19:50:09.140 D/ConnectivityService(  431): Attempting to switch to mobile
04-23 19:50:09.140 D/ConnectivityService(  431): Attempting to switch to BLUETOOTH_TETHER
04-23 19:50:09.150 D/EthernetDataTracker(  431): ConnectNetwork: Up is true, mLinkUp is false, On is false, mIface 
04-23 19:50:09.150 D/ConnectivityService(  431): Attempting to switch to ETHERNET
04-23 19:50:09.880 E/NetdConnector(  431): NDC Command {106 interface route remove wlan0 default 172.20.0.0 16 0.0.0.0} took too long (727ms)
04-23 19:50:09.900 D/ConnectivityService(  431): resetConnections(wlan0, 3)
04-23 19:50:09.920 D/Nat464Xlat(  431): requiresClat: netType=1, hasIPv4Address=false
04-23 19:50:09.930 D/ConnectivityService(  431): ConnectivityChange for WIFI: DISCONNECTED/DISCONNECTED
04-23 19:50:09.930 D/ConnectivityService(  431): Attempting to switch to mobile
04-23 19:50:09.930 D/ConnectivityService(  431): Attempting to switch to BLUETOOTH_TETHER
04-23 19:50:09.930 D/EthernetDataTracker(  431): ConnectNetwork: Up is true, mLinkUp is false, On is false, mIface 
04-23 19:50:09.930 D/ConnectivityService(  431): Attempting to switch to ETHERNET
04-23 19:50:09.930 D/Nat464Xlat(  431): requiresClat: netType=1, hasIPv4Address=false
04-23 19:50:09.940 D/ConnectivityService(  431): handleInetConditionChange: no active default network - ignore
04-23 19:50:12.940 D/ConnectivityService(  431): setProvNotificationVisible: E visible=false networkType=1 extraInfo=null url=null
04-23 19:50:16.460 D/PowerManagerService(  431): mHoldBootFastWakeLock = true
04-23 19:50:26.440 D/ConnectivityService(  431): handleInetConditionChange: no active default network - ignore
04-23 19:50:26.450 W/SocketClient(  107): write error (Broken pipe)
04-23 19:50:27.510 D/ConnectivityService(  431): Captive portal check NetworkInfo: type: WIFI[], state: CONNECTING/CAPTIVE_PORTAL_CHECK, reason: (unspecified), extra: "XP-3f", roaming: false, failover: false, isAvailable: true, isConnectedToProvisioningNetwork: false
04-23 19:50:27.510 D/ConnectivityService(  431): handleCaptivePortalTrackerCheck: call captivePortalCheckComplete ni=NetworkInfo: type: WIFI[], state: CONNECTING/CAPTIVE_PORTAL_CHECK, reason: (unspecified), extra: "XP-3f", roaming: false, failover: false, isAvailable: true, isConnectedToProvisioningNetwork: false
04-23 19:50:27.510 D/ConnectivityService(  431): Captive portal check NetworkInfo: type: WIFI[], state: CONNECTING/CAPTIVE_PORTAL_CHECK, reason: (unspecified), extra: "XP-3f", roaming: false, failover: false, isAvailable: true, isConnectedToProvisioningNetwork: false
04-23 19:50:27.510 D/ConnectivityService(  431): handleCaptivePortalTrackerCheck: call captivePortalCheckComplete ni=NetworkInfo: type: WIFI[], state: CONNECTING/CAPTIVE_PORTAL_CHECK, reason: (unspecified), extra: "XP-3f", roaming: false, failover: false, isAvailable: true, isConnectedToProvisioningNetwork: false
04-23 19:50:27.520 D/ConnectivityService(  431): ConnectivityChange for WIFI: CONNECTED/CONNECTED
04-23 19:50:27.530 E/ConnectivityService(  431): Unexpected mtu value: android.net.wifi.WifiStateTracker@41bfa510
04-23 19:50:27.570 D/Nat464Xlat(  431): requiresClat: netType=1, hasIPv4Address=true
04-23 19:50:27.580 D/ConnectivityService(  431): ConnectivityChange for WIFI: CONNECTED/CONNECTED
04-23 19:50:27.580 E/ConnectivityService(  431): Unexpected mtu value: android.net.wifi.WifiStateTracker@41bfa510
04-23 19:50:27.610 D/ConnectivityService(  431): handleConnectivityChange: address are the same reset per doReset linkProperty[1]: resetMask=0
04-23 19:50:27.610 D/Nat464Xlat(  431): requiresClat: netType=1, hasIPv4Address=true
04-23 19:50:28.530 D/ConnectivityService(  431): NetTransition Wakelock for ConnectedState released by timeout
04-23 19:50:28.880 D/ConnectivityService(  431): handleConnectivityChange: addresses changed linkProperty[1]: resetMask=0
04-23 19:50:28.880 D/ConnectivityService(  431):    car=removed=[] added=[fe80::2bf:5ff:fe01:c0bd/64,]
04-23 19:50:28.880 D/Nat464Xlat(  431): requiresClat: netType=1, hasIPv4Address=true
04-23 19:50:28.890 D/ConnectivityService(  431): handleConnectivityChange: address are the same reset per doReset linkProperty[1]: resetMask=0
04-23 19:50:28.890 D/Nat464Xlat(  431): requiresClat: netType=1, hasIPv4Address=true
04-23 19:50:37.750 D/ConnectivityService(  431): handleInetConditionHoldEnd: net=1, condition=100, published condition=0
04-23 19:50:40.590 D/ConnectivityService(  431): setProvNotificationVisible: E visible=false networkType=1 extraInfo=null url=null
04-23 19:50:46.610 W/ContextImpl(  431): Calling a method in the system process without a qualified user: android.app.ContextImpl.sendBroadcast:1137 android.net.CaptivePortalTracker.sendNetworkConditionsBroadcast:507 android.net.CaptivePortalTracker.isCaptivePortal:399 android.net.CaptivePortalTracker.access$2600:60 android.net.CaptivePortalTracker$DelayedCaptiveCheckState.processMessage:283 
04-23 19:50:46.610 D/ConnectivityService(  431): captivePortalCheckCompleted: ni=NetworkInfo: type: WIFI[], state: CONNECTED/CONNECTED, reason: (unspecified), extra: "XP-3f", roaming: false, failover: false, isAvailable: true, isConnectedToProvisioningNetwork: false captive=false
04-23 19:51:16.470 D/PowerManagerService(  431): mHoldBootFastWakeLock = true
04-23 19:52:59.990 I/ActivityManager(  431): Killing 21286:com.google.android.apps.uploader/u0a49 (adj 15): empty for 1843s
04-23 19:58:37.300 D/PowerManagerService(  431): mHoldBootFastWakeLock = true
04-23 19:58:47.320 D/PowerManagerService(  431): mHoldBootFastWakeLock = true
04-23 19:59:26.500 D/ConnectivityService(  431): Sampling interval elapsed, updating statistics ..
04-23 19:59:26.500 D/ConnectivityService(  431): Done.
04-23 19:59:26.500 D/ConnectivityService(  431): Setting timer for 720seconds
04-23 19:59:26.510 I/ActivityManager(  431): Delay finish: com.google.android.gsf/.checkin.EventLogService$Receiver
04-23 19:59:26.560 I/ActivityManager(  431): Resuming delayed broadcast
04-23 19:59:27.400 D/PowerManagerService(  431): mHoldBootFastWakeLock = true
04-23 19:59:37.420 D/PowerManagerService(  431): mHoldBootFastWakeLock = true
04-23 20:05:38.840 D/ConnectivityService(  431): handleInetConditionHoldEnd: net=1, condition=100, published condition=100
04-23 20:13:00.020 I/ProcessStatsService(  431): Prepared write state in 5ms
04-23 20:15:01.140 D/ConnectivityService(  431): Sampling interval elapsed, updating statistics ..
04-23 20:15:01.140 D/ConnectivityService(  431): Done.
04-23 20:15:01.140 D/ConnectivityService(  431): Setting timer for 720seconds
04-23 20:20:39.870 D/ConnectivityService(  431): handleInetConditionHoldEnd: net=1, condition=100, published condition=100
--------- beginning of /dev/log/main
04-23 20:26:37.900 D/dalvikvm(  431): GC_FOR_ALLOC freed 935K, 14% free 9550K/10980K, paused 73ms, total 73ms
04-23 20:28:43.830 D/dalvikvm(  431): GC_FOR_ALLOC freed 934K, 14% free 9550K/10980K, paused 67ms, total 68ms
04-23 20:30:01.240 D/ConnectivityService(  431): Sampling interval elapsed, updating statistics ..
04-23 20:30:01.240 D/ConnectivityService(  431): Done.
04-23 20:30:01.240 D/ConnectivityService(  431): Setting timer for 720seconds
04-23 20:30:01.240 V/BackupManagerService(  431): Running a backup pass
04-23 20:30:01.240 V/BackupManagerService(  431): Backup requested but nothing pending
04-23 20:30:01.250 I/ActivityManager(  431): Delay finish: com.google.android.gsf/.checkin.EventLogService$Receiver
04-23 20:30:01.260 I/EventLogService(19183): Aggregate from 1398254366530 (log), 1398254366530 (data)
04-23 20:30:01.300 I/ActivityManager(  431): Resuming delayed broadcast
04-23 20:30:24.580 D/dalvikvm(  431): GC_FOR_ALLOC freed 996K, 13% free 9562K/10980K, paused 68ms, total 69ms
04-23 20:32:30.510 D/dalvikvm(  431): GC_FOR_ALLOC freed 943K, 13% free 9554K/10980K, paused 69ms, total 69ms
04-23 20:34:36.420 D/dalvikvm(  431): GC_FOR_ALLOC freed 935K, 13% free 9554K/10980K, paused 68ms, total 68ms
04-23 20:35:39.390 I/LatinIME:LogUtils(19087): Dictionary info: dictionary = UserHistoryDictionary.en_US.dic ; version = ? ; date = 1398256539
04-23 20:35:39.880 D/GCM     (19183): Message class foe
04-23 20:35:40.390 D/ConnectivityService(  431): handleInetConditionHoldEnd: net=1, condition=100, published condition=100
04-23 20:36:27.230 D/dalvikvm(  431): GC_FOR_ALLOC freed 951K, 13% free 9555K/10980K, paused 68ms, total 69ms
04-23 20:38:33.140 D/dalvikvm(  431): GC_FOR_ALLOC freed 976K, 14% free 9545K/10980K, paused 68ms, total 68ms
04-23 20:40:39.070 D/dalvikvm(  431): GC_FOR_ALLOC freed 938K, 13% free 9554K/10980K, paused 67ms, total 68ms
04-23 20:42:44.990 D/dalvikvm(  431): GC_FOR_ALLOC freed 934K, 13% free 9553K/10980K, paused 71ms, total 71ms
04-23 20:43:00.020 I/ProcessStatsService(  431): Prepared write state in 3ms
04-23 20:43:32.680 D/PowerManagerService(  431): mHoldBootFastWakeLock = true
04-23 20:43:32.700 D/ConnectivityService(  431): Sampling interval elapsed, updating statistics ..
04-23 20:43:32.700 D/ConnectivityService(  431): Done.
04-23 20:43:32.700 D/ConnectivityService(  431): Setting timer for 720seconds
04-23 20:43:42.450 D/MDnsDS  (  107): MDnsSdListener::Monitor poll timed out
04-23 20:43:42.450 D/MDnsDS  (  107): Going to poll with pollCount 1
04-23 20:43:42.700 D/PowerManagerService(  431): mHoldBootFastWakeLock = true
04-23 20:43:59.970 I/System.out(18953): passive
04-23 20:43:59.970 I/System.out(18953): gps
04-23 20:43:59.970 I/System.out(18953): network
04-23 20:44:35.780 D/dalvikvm(  431): GC_FOR_ALLOC freed 969K, 14% free 9550K/10980K, paused 68ms, total 68ms
04-23 20:46:41.710 D/dalvikvm(  431): GC_FOR_ALLOC freed 972K, 14% free 9548K/10980K, paused 69ms, total 69ms
04-23 20:48:47.630 D/dalvikvm(  431): GC_FOR_ALLOC freed 936K, 13% free 9554K/10980K, paused 71ms, total 72ms
04-23 20:49:38.680 I/wpa_supplicant(  639): wlan0: WPA: Group rekeying completed with a4:93:4c:b1:4a:5f [GTK=CCMP]
04-23 20:50:40.250 D/GCM     (19183): Message class foe
04-23 20:50:40.750 D/ConnectivityService(  431): handleInetConditionHoldEnd: net=1, condition=100, published condition=100
04-23 20:50:41.510 D/dalvikvm(  431): GC_FOR_ALLOC freed 995K, 14% free 9550K/10980K, paused 63ms, total 64ms
04-23 20:51:00.060 D/dalvikvm(  491): GC_CONCURRENT freed 459K, 75% free 6092K/23892K, paused 2ms+4ms, total 48ms
04-23 20:52:49.330 D/dalvikvm(  431): GC_FOR_ALLOC freed 952K, 13% free 9555K/10980K, paused 72ms, total 73ms
04-23 20:54:55.260 D/dalvikvm(  431): GC_FOR_ALLOC freed 936K, 13% free 9554K/10980K, paused 68ms, total 69ms
04-23 20:55:32.710 D/ConnectivityService(  431): Sampling interval elapsed, updating statistics ..
04-23 20:55:32.710 D/ConnectivityService(  431): Done.
04-23 20:55:32.710 D/ConnectivityService(  431): Setting timer for 720seconds
04-23 20:56:51.090 D/dalvikvm(  431): GC_FOR_ALLOC freed 918K, 13% free 9559K/10980K, paused 70ms, total 70ms
04-23 20:58:57.020 D/dalvikvm(  431): GC_FOR_ALLOC freed 938K, 13% free 9555K/10980K, paused 68ms, total 68ms
04-23 21:00:01.390 I/EventLogService(19183): Aggregate from 1398256201271 (log), 1398256201271 (data)
04-23 21:00:01.390 I/ActivityManager(  431): Delay finish: com.google.android.gsf/.checkin.EventLogService$Receiver
04-23 21:00:01.440 I/ActivityManager(  431): Resuming delayed broadcast
04-23 21:00:06.520 D/dalvikvm(18935): GC_CONCURRENT freed 388K, 11% free 4492K/5004K, paused 1ms+1ms, total 19ms
04-23 21:00:47.820 D/dalvikvm(  431): GC_FOR_ALLOC freed 940K, 13% free 9563K/10980K, paused 68ms, total 69ms
04-23 21:02:35.730 I/wpa_supplicant(  639): wlan0: Associated with a4:93:4c:b1:4a:5f
04-23 21:02:36.740 I/wpa_supplicant(  639): wlan0: WPA: Key negotiation completed with a4:93:4c:b1:4a:5f [PTK=CCMP GTK=CCMP]
04-23 21:02:36.740 I/wpa_supplicant(  639): wlan0: CTRL-EVENT-CONNECTED - Connection to a4:93:4c:b1:4a:5f completed (auth) [id=1 id_str=]
04-23 21:02:53.740 D/dalvikvm(  431): GC_FOR_ALLOC freed 963K, 13% free 9556K/10980K, paused 70ms, total 71ms
04-23 21:03:47.990 I/wpa_supplicant(  639): wlan0: Associated with a4:93:4c:b1:4a:5f
04-23 21:03:48.200 I/wpa_supplicant(  639): wlan0: WPA: Key negotiation completed with a4:93:4c:b1:4a:5f [PTK=CCMP GTK=CCMP]
04-23 21:03:48.200 I/wpa_supplicant(  639): wlan0: CTRL-EVENT-CONNECTED - Connection to a4:93:4c:b1:4a:5f completed (auth) [id=1 id_str=]
04-23 21:04:36.340 I/wpa_supplicant(  639): wlan0: Associated with a4:93:4c:b1:4a:5f
04-23 21:04:36.350 I/wpa_supplicant(  639): wlan0: WPA: Key negotiation completed with a4:93:4c:b1:4a:5f [PTK=CCMP GTK=CCMP]
04-23 21:04:36.350 I/wpa_supplicant(  639): wlan0: CTRL-EVENT-CONNECTED - Connection to a4:93:4c:b1:4a:5f completed (auth) [id=1 id_str=]
04-23 21:04:59.660 D/dalvikvm(  431): GC_FOR_ALLOC freed 975K, 13% free 9559K/10980K, paused 69ms, total 70ms
04-23 21:05:41.460 D/GCM     (19183): Message class foe
04-23 21:05:41.980 D/ConnectivityService(  431): handleInetConditionHoldEnd: net=1, condition=100, published condition=100
