04-23 14:17:26.560 D/ConnectivityService(  431): Done.
04-23 14:17:26.560 D/ConnectivityService(  431): Setting timer for 720seconds
04-23 14:17:26.570 W/SocketClient(  107): write error (Broken pipe)
04-23 14:17:26.600 I/ActivityManager(  431): Delay finish: com.google.android.gsf/.checkin.EventLogService$Receiver
04-23 14:17:26.640 I/ActivityManager(  431): Resuming delayed broadcast
04-23 14:20:00.030 I/ProcessStatsService(  431): Prepared write state in 5ms
04-23 14:21:09.650 D/ConnectivityService(  431): handleInetConditionChange: no active default network - ignore
04-23 14:21:09.660 W/SocketClient(  107): write error (Broken pipe)
04-23 14:22:06.170 D/PowerManagerService(  431): mHoldBootFastWakeLock = true
04-23 14:23:06.170 D/PowerManagerService(  431): mHoldBootFastWakeLock = true
04-23 14:26:06.170 D/PowerManagerService(  431): mHoldBootFastWakeLock = true
04-23 14:26:09.670 D/ConnectivityService(  431): handleInetConditionChange: no active default network - ignore
04-23 14:27:06.170 D/PowerManagerService(  431): mHoldBootFastWakeLock = true
04-23 14:30:01.020 V/BackupManagerService(  431): Running a backup pass
04-23 14:30:01.020 D/ConnectivityService(  431): Sampling interval elapsed, updating statistics ..
04-23 14:30:01.030 D/ConnectivityService(  431): Done.
04-23 14:30:01.030 D/ConnectivityService(  431): Setting timer for 720seconds
04-23 14:30:01.030 V/BackupManagerService(  431): Backup requested but nothing pending
04-23 14:31:09.690 D/ConnectivityService(  431): handleInetConditionChange: no active default network - ignore
04-23 14:31:09.690 W/SocketClient(  107): write error (Broken pipe)
04-23 14:36:09.700 D/ConnectivityService(  431): handleInetConditionChange: no active default network - ignore
04-23 14:36:09.700 W/SocketClient(  107): write error (Broken pipe)
04-23 14:41:09.720 D/ConnectivityService(  431): handleInetConditionChange: no active default network - ignore
04-23 14:43:06.170 D/PowerManagerService(  431): mHoldBootFastWakeLock = true
04-23 14:44:06.170 D/PowerManagerService(  431): mHoldBootFastWakeLock = true
04-23 14:46:06.170 D/PowerManagerService(  431): mHoldBootFastWakeLock = true
04-23 14:46:09.750 D/ConnectivityService(  431): handleInetConditionChange: no active default network - ignore
04-23 14:46:09.760 W/SocketClient(  107): write error (Broken pipe)
04-23 14:47:26.640 D/ConnectivityService(  431): Sampling interval elapsed, updating statistics ..
04-23 14:47:26.650 D/ConnectivityService(  431): Done.
04-23 14:47:26.650 D/ConnectivityService(  431): Setting timer for 720seconds
04-23 14:47:26.650 W/SocketClient(  107): write error (Broken pipe)
04-23 14:47:26.680 I/ActivityManager(  431): Delay finish: com.google.android.gsf/.checkin.EventLogService$Receiver
04-23 14:47:26.730 I/ActivityManager(  431): Resuming delayed broadcast
04-23 14:48:06.170 D/PowerManagerService(  431): mHoldBootFastWakeLock = true
04-23 14:49:06.170 D/PowerManagerService(  431): mHoldBootFastWakeLock = true
04-23 14:51:00.000 I/ProcessStatsService(  431): Prepared write state in 4ms
04-23 14:51:09.760 D/ConnectivityService(  431): handleInetConditionChange: no active default network - ignore
04-23 14:51:09.770 W/SocketClient(  107): write error (Broken pipe)
04-23 14:53:06.170 D/PowerManagerService(  431): mHoldBootFastWakeLock = true
04-23 14:54:06.170 D/PowerManagerService(  431): mHoldBootFastWakeLock = true
04-23 14:55:06.170 D/PowerManagerService(  431): mHoldBootFastWakeLock = true
04-23 14:56:09.790 D/ConnectivityService(  431): handleInetConditionChange: no active default network - ignore
04-23 14:59:06.170 D/PowerManagerService(  431): mHoldBootFastWakeLock = true
04-23 15:00:01.120 D/ConnectivityService(  431): Sampling interval elapsed, updating statistics ..
04-23 15:00:01.120 D/ConnectivityService(  431): Done.
04-23 15:00:01.120 D/ConnectivityService(  431): Setting timer for 720seconds
04-23 15:01:09.800 D/ConnectivityService(  431): handleInetConditionChange: no active default network - ignore
04-23 15:01:09.800 W/SocketClient(  107): write error (Broken pipe)
04-23 15:04:06.170 D/PowerManagerService(  431): mHoldBootFastWakeLock = true
04-23 15:06:06.170 D/PowerManagerService(  431): mHoldBootFastWakeLock = true
04-23 15:06:09.810 D/ConnectivityService(  431): handleInetConditionChange: no active default network - ignore
04-23 15:06:09.820 W/SocketClient(  107): write error (Broken pipe)
04-23 15:07:06.170 D/PowerManagerService(  431): mHoldBootFastWakeLock = true
04-23 15:11:09.830 D/ConnectivityService(  431): handleInetConditionChange: no active default network - ignore
04-23 15:12:06.170 D/PowerManagerService(  431): mHoldBootFastWakeLock = true
04-23 15:15:01.180 D/ConnectivityService(  431): Sampling interval elapsed, updating statistics ..
04-23 15:15:01.180 D/ConnectivityService(  431): Done.
04-23 15:15:01.180 D/ConnectivityService(  431): Setting timer for 720seconds
04-23 15:16:09.850 D/ConnectivityService(  431): handleInetConditionChange: no active default network - ignore
04-23 15:16:09.850 W/SocketClient(  107): write error (Broken pipe)
04-23 15:17:24.810 I/EntropyMixer(  431): Writing entropy...
04-23 15:19:06.170 D/PowerManagerService(  431): mHoldBootFastWakeLock = true
04-23 15:20:11.850 I/PowerManagerService(  431): Waking up from sleep...
04-23 15:20:11.850 I/WindowManager(  431): No lock screen! windowToken=null
04-23 15:20:13.760 D/PowerManagerService(  431): mHoldBootFastWakeLock = true
04-23 15:20:16.080 I/PowerManagerService(  431): Going to sleep by user request...
04-23 15:20:17.110 I/PowerManagerService(  431): Waking up from sleep...
04-23 15:20:17.120 I/WindowManager(  431): No lock screen! windowToken=null
04-23 15:20:21.630 W/InputMethodManagerService(  431): Window already focused, ignoring focus gain of: com.android.internal.view.IInputMethodClient$Stub$Proxy@41c34740 attribute=android.view.inputmethod.EditorInfo@41db3458, token = android.os.BinderProxy@41c39a08
04-23 15:20:22.190 I/PowerManagerService(  431): Going to sleep by user request...
04-23 15:20:23.130 I/PowerManagerService(  431): Waking up from sleep...
04-23 15:20:23.140 I/WindowManager(  431): No lock screen! windowToken=null
04-23 15:20:26.060 I/ActivityManager(  431): START u0 {act=android.intent.action.MAIN cat=[android.intent.category.LAUNCHER] flg=0x10200000 cmp=com.android.settings/.Settings} from pid 12404
04-23 15:20:26.130 I/ActivityManager(  431): Start proc com.android.settings for activity com.android.settings/.Settings: pid=15735 uid=1000 gids={41000, 1028, 1015, 3002, 3001, 3003}
04-23 15:20:26.580 D/BackupManagerService(  431): Now staging backup of android
04-23 15:20:27.690 I/ActivityManager(  431): Process com.quicinc.vellamo (pid 12735) has died.
04-23 15:20:27.690 W/ActivityManager(  431): Scheduling restart of crashed service com.quicinc.vellamo/.service.BenchmarkService in 5000ms
04-23 15:20:27.720 I/ActivityManager(  431): Process com.kugou.android.support (pid 12534) has died.
04-23 15:20:27.720 W/ActivityManager(  431): Scheduling restart of crashed service com.kugou.android/com.kugou.framework.service.KugouBackgroundService in 14976ms
04-23 15:20:27.720 W/ActivityManager(  431): Scheduling restart of crashed service com.kugou.android/com.kugou.framework.service.KugouPlaybackService in 24974ms
04-23 15:20:27.740 I/ActivityManager(  431): Process android.process.acore (pid 12470) has died.
04-23 15:20:27.750 I/ActivityManager(  431): Process com.google.android.gms (pid 12265) has died.
04-23 15:20:27.770 I/ActivityManager(  431): Process com.google.android.partnersetup (pid 14133) has died.
04-23 15:20:27.770 I/ActivityManager(  431): Process com.android.deskclock (pid 12429) has died.
04-23 15:20:27.790 I/ActivityManager(  431): Process com.softwinner.baseservice:baseservice (pid 12229) has died.
04-23 15:20:27.790 W/ActivityManager(  431): Scheduling restart of crashed service com.softwinner.baseservice/com.softwinner.service.SoftWinnerService in 34899ms
04-23 15:20:28.820 I/ActivityManager(  431): START u0 {act=android.intent.action.MAIN cat=[android.intent.category.HOME] flg=0x10200000 cmp=com.android.launcher/com.android.launcher2.Launcher} from pid 431
04-23 15:20:31.190 I/ActivityManager(  431): START u0 {act=android.intent.action.MAIN cat=[android.intent.category.HOME] flg=0x10200000 cmp=com.android.launcher/com.android.launcher2.Launcher} from pid 431
04-23 15:20:32.710 I/ActivityManager(  431): Start proc com.quicinc.vellamo for service com.quicinc.vellamo/.service.BenchmarkService: pid=15764 uid=10079 gids={50079, 3003, 1028, 1015, 3002, 3001}
04-23 15:20:32.960 I/ActivityManager(  431): START u0 {act=com.android.systemui.recent.action.TOGGLE_RECENTS flg=0x10800000 cmp=com.android.systemui/.recent.RecentsActivity} from pid 491
04-23 15:20:35.190 I/ActivityManager(  431): Killing 15735:com.android.settings/1000 (adj 11): remove task
04-23 15:20:35.230 I/WindowState(  431): WIN DEATH: Window{41d96660 u0 com.android.settings/com.android.settings.Settings}
04-23 15:20:35.980 I/ActivityManager(  431): Killing 12765:com.quicinc.vellamo:benchmarks/u0a79 (adj 11): remove task
04-23 15:20:35.980 I/ActivityManager(  431): Killing 15764:com.quicinc.vellamo/u0a79 (adj 11): remove task
04-23 15:20:36.060 I/WindowState(  431): WIN DEATH: Window{41d366d0 u0 com.quicinc.vellamo/com.quicinc.vellamo.benchmarks.BenchmarksActivity}
04-23 15:20:36.120 W/ActivityManager(  431): Exception when unbinding service com.quicinc.vellamo/.service.BenchmarkService
04-23 15:20:36.120 W/ActivityManager(  431): android.os.TransactionTooLargeException
04-23 15:20:36.120 W/ActivityManager(  431): 	at android.os.BinderProxy.transact(Native Method)
04-23 15:20:36.120 W/ActivityManager(  431): 	at android.app.ApplicationThreadProxy.scheduleUnbindService(ApplicationThreadNative.java:874)
04-23 15:20:36.120 W/ActivityManager(  431): 	at com.android.server.am.ActiveServices.removeConnectionLocked(ActiveServices.java:1629)
04-23 15:20:36.120 W/ActivityManager(  431): 	at com.android.server.am.ActiveServices.killServicesLocked(ActiveServices.java:1941)
04-23 15:20:36.120 W/ActivityManager(  431): 	at com.android.server.am.ActivityManagerService.cleanUpApplicationRecordLocked(ActivityManagerService.java:12315)
04-23 15:20:36.120 W/ActivityManager(  431): 	at com.android.server.am.ActivityManagerService.handleAppDiedLocked(ActivityManagerService.java:3543)
04-23 15:20:36.120 W/ActivityManager(  431): 	at com.android.server.am.ActivityManagerService.appDiedLocked(ActivityManagerService.java:3688)
04-23 15:20:36.120 W/ActivityManager(  431): 	at com.android.server.am.ActivityManagerService$AppDeathRecipient.binderDied(ActivityManagerService.java:1007)
04-23 15:20:36.120 W/ActivityManager(  431): 	at android.os.BinderProxy.sendDeathNotice(Binder.java:493)
04-23 15:20:36.120 W/ActivityManager(  431): 	at dalvik.system.NativeStart.run(Native Method)
04-23 15:20:36.140 W/ActivityManager(  431): Exception when destroying service com.quicinc.vellamo/.service.BenchmarkService
04-23 15:20:36.140 W/ActivityManager(  431): android.os.DeadObjectException
04-23 15:20:36.140 W/ActivityManager(  431): 	at android.os.BinderProxy.transact(Native Method)
04-23 15:20:36.140 W/ActivityManager(  431): 	at android.app.ApplicationThreadProxy.scheduleStopService(ApplicationThreadNative.java:903)
04-23 15:20:36.140 W/ActivityManager(  431): 	at com.android.server.am.ActiveServices.bringDownServiceLocked(ActiveServices.java:1543)
04-23 15:20:36.140 W/ActivityManager(  431): 	at com.android.server.am.ActiveServices.bringDownServiceIfNeededLocked(ActiveServices.java:1455)
04-23 15:20:36.140 W/ActivityManager(  431): 	at com.android.server.am.ActiveServices.removeConnectionLocked(ActiveServices.java:1644)
04-23 15:20:36.140 W/ActivityManager(  431): 	at com.android.server.am.ActiveServices.killServicesLocked(ActiveServices.java:1941)
04-23 15:20:36.140 W/ActivityManager(  431): 	at com.android.server.am.ActivityManagerService.cleanUpApplicationRecordLocked(ActivityManagerService.java:12315)
04-23 15:20:36.140 W/ActivityManager(  431): 	at com.android.server.am.ActivityManagerService.handleAppDiedLocked(ActivityManagerService.java:3543)
04-23 15:20:36.140 W/ActivityManager(  431): 	at com.android.server.am.ActivityManagerService.appDiedLocked(ActivityManagerService.java:3688)
04-23 15:20:36.140 W/ActivityManager(  431): 	at com.android.server.am.ActivityManagerService$AppDeathRecipient.binderDied(ActivityManagerService.java:1007)
04-23 15:20:36.140 W/ActivityManager(  431): 	at android.os.BinderProxy.sendDeathNotice(Binder.java:493)
04-23 15:20:36.140 W/ActivityManager(  431): 	at dalvik.system.NativeStart.run(Native Method)
04-23 15:20:36.700 I/ActivityManager(  431): Killing 12646:com.futuremark.dmandroid.application/u0a78 (adj 11): remove task
04-23 15:20:36.890 I/WindowState(  431): WIN DEATH: Window{41f0d628 u0 com.futuremark.dmandroid.application/com.futuremark.dmandroid.application.activity.MainActivity}
04-23 15:20:37.350 I/ActivityManager(  431): Killing 12450:com.rightware.tdmm2v10jnifree/u0a77 (adj 11): remove task
04-23 15:20:37.420 I/WindowState(  431): WIN DEATH: Window{41d6faa0 u0 com.rightware.tdmm2v10jnifree/com.rightware.tdmm2v10jnifree.ScoreView}
04-23 15:20:37.430 I/WindowState(  431): WIN DEATH: Window{41ee5bb8 u0 com.rightware.tdmm2v10jnifree/com.rightware.tdmm2v10jnifree.TDMM2V10free}
04-23 15:20:38.030 I/WindowManager(  431): Screenshot Window{41eeb2f8 u0 com.android.systemui/com.android.systemui.recent.RecentsActivity} was monochrome(ff000000)! mSurfaceLayer=21015 minLayer=21015 maxLayer=21015
04-23 15:20:38.180 I/ActivityManager(  431): Killing 12011:com.antutu.ABenchMark/u0a76 (adj 16): remove task
04-23 15:20:38.250 W/ActivityManager(  431): Scheduling restart of crashed service com.antutu.ABenchMark/com.antutu.benchmark.BenchmarkService in 34442ms
04-23 15:20:42.720 I/ActivityManager(  431): Start proc com.kugou.android.support for service com.kugou.android/com.kugou.framework.service.KugouBackgroundService: pid=15787 uid=10081 gids={50081, 3003, 1028, 1015, 3002, 3001}
04-23 15:20:42.940 I/ActivityManager(  431): START u0 {act=android.intent.action.MAIN cat=[android.intent.category.LAUNCHER] flg=0x10200000 cmp=com.android.settings/.Settings} from pid 12404
04-23 15:20:43.230 I/ActivityManager(  431): Start proc com.android.settings for activity com.android.settings/.Settings: pid=15805 uid=1000 gids={41000, 1028, 1015, 3002, 3001, 3003}
04-23 15:20:45.080 I/ActivityManager(  431): START u0 {act=android.intent.action.MAIN cat=[android.intent.category.HOME] flg=0x10200000 cmp=com.android.launcher/com.android.launcher2.Launcher} from pid 431
04-23 15:20:46.110 I/ActivityManager(  431): START u0 {act=com.android.systemui.recent.action.TOGGLE_RECENTS flg=0x10800000 cmp=com.android.systemui/.recent.RecentsActivity} from pid 491
04-23 15:20:47.450 I/WindowManager(  431): Screenshot Window{41e0cd00 u0 com.android.systemui/com.android.systemui.recent.RecentsActivity} was monochrome(ff000000)! mSurfaceLayer=21015 minLayer=21015 maxLayer=21015
04-23 15:20:47.460 I/ActivityManager(  431): Killing 15805:com.android.settings/1000 (adj 9): remove task
04-23 15:20:47.510 I/WindowState(  431): WIN DEATH: Window{41dfee60 u0 com.android.settings/com.android.settings.Settings}
04-23 15:20:49.590 I/ActivityManager(  431): START u0 {act=com.android.systemui.recent.action.TOGGLE_RECENTS flg=0x10800000 cmp=com.android.systemui/.recent.RecentsActivity} from pid 491
04-23 15:20:50.810 I/ActivityManager(  431): START u0 {act=android.intent.action.MAIN cat=[android.intent.category.HOME] flg=0x10200000 cmp=com.android.launcher/com.android.launcher2.Launcher} from pid 491
04-23 15:20:50.890 I/WindowManager(  431): Screenshot Window{41e0f9f8 u0 com.android.systemui/com.android.systemui.recent.RecentsActivity} was monochrome(ff000000)! mSurfaceLayer=21005 minLayer=21010 maxLayer=21010
04-23 15:20:52.820 I/ActivityManager(  431): START u0 {act=android.intent.action.MAIN cat=[android.intent.category.HOME] flg=0x10200000 cmp=com.android.launcher/com.android.launcher2.Launcher} from pid 431
04-23 15:20:53.770 I/PowerManagerService(  431): Going to sleep by user request...
04-23 15:20:54.240 I/WindowManager(  431): Screenshot Window{41d38b60 u0 com.android.launcher/com.android.launcher2.Launcher} was monochrome(ff000000)! mSurfaceLayer=21010 minLayer=21000 maxLayer=21010
04-23 15:21:00.010 I/ProcessStatsService(  431): Prepared write state in 8ms
04-23 15:21:00.030 I/ProcessStatsService(  431): Pruning old procstats: /data/system/procstats/state-2014-04-22-14-01-00.bin
04-23 15:21:02.720 I/ActivityManager(  431): Start proc com.softwinner.baseservice:baseservice for service com.softwinner.baseservice/com.softwinner.service.SoftWinnerService: pid=15887 uid=10065 gids={50065, 1028, 1015, 3003}
04-23 15:21:03.860 D/PowerManagerService(  431): mHoldBootFastWakeLock = true
04-23 15:21:09.860 W/SocketClient(  107): write error (Broken pipe)
04-23 15:21:09.930 D/ConnectivityService(  431): handleInetConditionChange: no active default network - ignore
04-23 15:21:09.930 I/ActivityManager(  431): Delay finish: com.google.android.gsf/.checkin.EventLogService$Receiver
04-23 15:21:10.060 I/ActivityManager(  431): Resuming delayed broadcast
04-23 15:21:12.720 I/ActivityManager(  431): Start proc com.antutu.ABenchMark for service com.antutu.ABenchMark/com.antutu.benchmark.BenchmarkService: pid=15909 uid=10076 gids={50076, 3003, 1028, 1015}
04-23 15:22:06.170 D/PowerManagerService(  431): mHoldBootFastWakeLock = true
04-23 15:26:09.940 V/BackupManagerService(  431): Running a backup pass
04-23 15:26:09.950 V/BackupManagerService(  431): clearing pending backups
04-23 15:26:09.950 D/ConnectivityService(  431): handleInetConditionChange: no active default network - ignore
04-23 15:26:09.950 V/PerformBackupTask(  431): Beginning backup of 1 targets
04-23 15:26:09.960 W/SocketClient(  107): write error (Broken pipe)
04-23 15:26:09.980 D/PerformBackupTask(  431): invokeAgentForBackup on @pm@
04-23 15:26:10.000 I/PerformBackupTask(  431): no backup data written; not calling transport
04-23 15:26:10.000 D/PerformBackupTask(  431): starting agent for backup of BackupRequest{pkg=android}
04-23 15:26:10.000 D/BackupManagerService(  431): awaiting agent for ApplicationInfo{41a8d7d8 android}
04-23 15:26:10.000 D/BackupManagerService(  431): agentConnected pkg=android agent=android.app.backup.BackupAgent$BackupServiceBinder@41bfd788
04-23 15:26:10.000 I/BackupManagerService(  431): got agent android.app.backup.BackupAgent$BackupServiceBinder@41bfd788
04-23 15:26:10.000 D/PerformBackupTask(  431): invokeAgentForBackup on android
04-23 15:26:10.020 I/PerformBackupTask(  431): Backup pass finished.
04-23 15:30:01.230 D/ConnectivityService(  431): Sampling interval elapsed, updating statistics ..
04-23 15:30:01.240 D/ConnectivityService(  431): Done.
04-23 15:30:01.240 I/ActivityManager(  431): Start proc com.android.deskclock for broadcast com.android.deskclock/com.android.alarmclock.DigitalAppWidgetProvider: pid=16030 uid=10028 gids={50028, 1028}
04-23 15:30:01.240 D/ConnectivityService(  431): Setting timer for 720seconds
04-23 15:31:09.970 D/ConnectivityService(  431): handleInetConditionChange: no active default network - ignore
04-23 15:31:09.970 W/SocketClient(  107): write error (Broken pipe)
04-23 15:36:09.980 D/ConnectivityService(  431): handleInetConditionChange: no active default network - ignore
04-23 15:36:09.980 W/SocketClient(  107): write error (Broken pipe)
04-23 15:41:10.000 D/ConnectivityService(  431): handleInetConditionChange: no active default network - ignore
04-23 15:44:58.600 D/ConnectivityService(  431): Sampling interval elapsed, updating statistics ..
04-23 15:44:58.610 D/ConnectivityService(  431): Done.
04-23 15:44:58.610 D/ConnectivityService(  431): Setting timer for 720seconds
04-23 15:45:55.840 D/PowerManagerService(  431): mHoldBootFastWakeLock = true
04-23 15:45:55.840 I/PowerManagerService(  431): Waking up from sleep...
04-23 15:45:55.850 I/WindowManager(  431): No lock screen! windowToken=null
04-23 15:45:55.850 I/ActivityManager(  431): Start proc com.google.android.apps.uploader for broadcast com.google.android.apps.uploader/com.google.android.picasasync.BatteryReceiver: pid=16248 uid=10049 gids={50049, 3003, 1028, 1015}
04-23 15:45:56.270 I/ActivityManager(  431): Start proc com.google.android.apps.plus for broadcast com.google.android.apps.plus/.iu.InstantUploadEnvironment$BatteryReceiver: pid=16270 uid=10060 gids={50060, 3003, 3002, 1028, 1015}
04-23 15:45:56.380 I/ActivityManager(  431): Start proc android.process.media for content provider com.android.providers.media/.MediaProvider: pid=16283 uid=10004 gids={50004, 1028, 1015, 1023, 1024, 2001, 3003, 3007}
04-23 15:45:57.660 D/UsbDeviceManager(  431): disable UsbDeviceManager wakelock wlref = 1
04-23 15:45:57.670 V/UsbDeviceManager(  431): enableDPMLock ---
04-23 15:45:58.310 I/ActivityManager(  431): Start proc android.process.acore for content provider com.android.providers.contacts/.ContactsProvider2: pid=16310 uid=10002 gids={50002, 3003, 1028, 1015}
04-23 15:45:59.800 W/InputMethodManagerService(  431): Window already focused, ignoring focus gain of: com.android.internal.view.IInputMethodClient$Stub$Proxy@41dbecd8 attribute=android.view.inputmethod.EditorInfo@41ef0fb8, token = android.os.BinderProxy@41c39a08
04-23 15:46:03.560 I/ActivityManager(  431): START u0 {act=android.intent.action.MAIN cat=[android.intent.category.LAUNCHER] flg=0x10200000 cmp=com.kugou.android/.app.splash.SplashActivity} from pid 12404
04-23 15:46:03.670 I/ActivityManager(  431): Start proc com.kugou.android for activity com.kugou.android/.app.splash.SplashActivity: pid=16329 uid=10081 gids={50081, 3003, 1028, 1015, 3002, 3001}
04-23 15:46:05.290 I/ActivityManager(  431): START u0 {act=android.intent.action.MAIN cat=[android.intent.category.LAUNCHER] flg=0x10200000 cmp=com.kugou.android/.app.MediaActivity bnds=[336,118][432,214]} from pid 16329
04-23 15:46:08.610 E/FrameworkListener(  107): read() failed (Connection reset by peer)
04-23 15:46:10.030 W/SocketClient(  107): write error (Broken pipe)
04-23 15:46:10.030 D/ConnectivityService(  431): handleInetConditionChange: no active default network - ignore
04-23 15:46:22.220 W/InputMethodManagerService(  431): Window already focused, ignoring focus gain of: com.android.internal.view.IInputMethodClient$Stub$Proxy@41a171f0 attribute=null, token = android.os.BinderProxy@41e0f778
04-23 15:46:28.260 W/ProcessCpuTracker(  431): Skipping unknown process pid 16432
04-23 15:46:47.320 W/InputMethodManagerService(  431): Window already focused, ignoring focus gain of: com.android.internal.view.IInputMethodClient$Stub$Proxy@41e75b28 attribute=null, token = android.os.BinderProxy@41e0f778
04-23 15:46:52.150 I/ActivityManager(  431): START u0 {cmp=com.kugou.android/.useraccount.CloudLoginFragment (has extras)} from pid 16329
04-23 15:46:56.080 I/ActivityManager(  431): moveTaskToBack: 33
04-23 15:46:56.730 D/PowerManagerService(  431): mHoldBootFastWakeLock = false
04-23 15:46:58.380 I/ActivityManager(  431): START u0 {act=android.intent.action.MAIN cat=[android.intent.category.LAUNCHER] flg=0x10200000 cmp=com.pada.gamecenter/.activity.SplashActivity} from pid 12404
04-23 15:46:58.480 I/ActivityManager(  431): Start proc com.pada.gamecenter for activity com.pada.gamecenter/.activity.SplashActivity: pid=16457 uid=10037 gids={50037, 3003, 1028, 1015}
04-23 15:46:59.940 I/ActivityManager(  431): Config changes=480 {1.0 ?mcc?mnc en_US ldltr sw768dp w1024dp h695dp 160dpi xlrg land finger -keyb/v/h -nav/h s.10}
04-23 15:47:01.190 I/WindowManager(  431): Screen frozen for +1s290ms due to Window{41da21e8 u0 Starting com.pada.gamecenter}
04-23 15:47:02.930 I/ActivityManager(  431): START u0 {cmp=com.pada.gamecenter/.activity.HomePageActivity} from pid 16457
04-23 15:47:04.580 I/ActivityManager(  431): START u0 {act=android.intent.action.MAIN cat=[android.intent.category.HOME] flg=0x10200000 cmp=com.android.launcher/com.android.launcher2.Launcher} from pid 431
04-23 15:47:04.760 I/ActivityManager(  431): Config changes=480 {1.0 ?mcc?mnc en_US ldltr sw768dp w768dp h951dp 160dpi xlrg port finger -keyb/v/h -nav/h s.11}
04-23 15:47:05.010 I/WindowManager(  431): Screen frozen for +303ms due to Window{41c89148 u0 StatusBar}
04-23 15:47:07.010 I/ActivityManager(  431): START u0 {act=com.android.systemui.recent.action.TOGGLE_RECENTS flg=0x10800000 cmp=com.android.systemui/.recent.RecentsActivity} from pid 491
04-23 15:47:08.410 I/ActivityManager(  431): Killing 16457:com.pada.gamecenter/u0a37 (adj 16): remove task
04-23 15:47:08.470 W/ActivityManager(  431): Scheduling restart of crashed service com.pada.gamecenter/.download.DownloadService in 5000ms
04-23 15:47:08.580 I/ActivityManager(  431): START u0 {act=android.intent.action.MAIN cat=[android.intent.category.HOME] flg=0x10200000 cmp=com.android.launcher/com.android.launcher2.Launcher} from pid 491
04-23 15:47:08.620 I/WindowManager(  431): Screenshot Window{41e0f9f8 u0 com.android.systemui/com.android.systemui.recent.RecentsActivity} was monochrome(ff000000)! mSurfaceLayer=21015 minLayer=21015 maxLayer=21015
04-23 15:47:13.500 I/ActivityManager(  431): Start proc com.pada.gamecenter for service com.pada.gamecenter/.download.DownloadService: pid=16505 uid=10037 gids={50037, 3003, 1028, 1015}
04-23 15:47:19.050 I/ActivityManager(  431): START u0 {act=android.intent.action.MAIN cat=[android.intent.category.LAUNCHER] flg=0x10200000 cmp=com.android.settings/.Settings bnds=[528,603][624,699]} from pid 12404
04-23 15:47:19.170 I/ActivityManager(  431): Start proc com.android.settings for activity com.android.settings/.Settings: pid=16525 uid=1000 gids={41000, 1028, 1015, 3002, 3001, 3003}
04-23 15:47:19.710 D/BackupManagerService(  431): Now staging backup of android
04-23 15:47:22.070 D/WifiService(  431): setWifiEnabled: true pid=16525, uid=1000
04-23 15:47:22.100 D/BackupManagerService(  431): Now staging backup of com.android.providers.settings
04-23 15:47:23.420 I/ActivityManager(  431): START u0 {act=android.intent.action.MAIN cmp=com.android.settings/.SubSettings (has extras)} from pid 16525
04-23 15:47:25.430 W/ProcessCpuTracker(  431): Skipping unknown process pid 16556
04-23 15:47:25.430 W/ProcessCpuTracker(  431): Skipping unknown process pid 16560
04-23 15:47:33.370 D/ConnectivityService(  431): Captive portal check NetworkInfo: type: WIFI[], state: CONNECTING/CAPTIVE_PORTAL_CHECK, reason: (unspecified), extra: "XP-3f", roaming: false, failover: false, isAvailable: true, isConnectedToProvisioningNetwork: false
04-23 15:47:33.370 D/ConnectivityService(  431): handleCaptivePortalTrackerCheck: call captivePortalCheckComplete ni=NetworkInfo: type: WIFI[], state: CONNECTING/CAPTIVE_PORTAL_CHECK, reason: (unspecified), extra: "XP-3f", roaming: false, failover: false, isAvailable: true, isConnectedToProvisioningNetwork: false
04-23 15:47:33.380 D/ConnectivityService(  431): Captive portal check NetworkInfo: type: WIFI[], state: CONNECTING/CAPTIVE_PORTAL_CHECK, reason: (unspecified), extra: "XP-3f", roaming: false, failover: false, isAvailable: true, isConnectedToProvisioningNetwork: false
04-23 15:47:33.380 D/ConnectivityService(  431): handleCaptivePortalTrackerCheck: call captivePortalCheckComplete ni=NetworkInfo: type: WIFI[], state: CONNECTING/CAPTIVE_PORTAL_CHECK, reason: (unspecified), extra: "XP-3f", roaming: false, failover: false, isAvailable: true, isConnectedToProvisioningNetwork: false
04-23 15:47:33.410 D/ConnectivityService(  431): ConnectivityChange for WIFI: CONNECTED/CONNECTED
04-23 15:47:33.430 E/ConnectivityService(  431): Unexpected mtu value: android.net.wifi.WifiStateTracker@41bfa510
04-23 15:47:33.470 D/Nat464Xlat(  431): requiresClat: netType=1, hasIPv4Address=true
04-23 15:47:33.470 D/ConnectivityService(  431): ConnectivityChange for WIFI: CONNECTED/CONNECTED
04-23 15:47:33.550 E/ConnectivityService(  431): Unexpected mtu value: android.net.wifi.WifiStateTracker@41bfa510
04-23 15:47:33.570 D/ConnectivityService(  431): handleConnectivityChange: address are the same reset per doReset linkProperty[1]: resetMask=0
04-23 15:47:33.570 D/Nat464Xlat(  431): requiresClat: netType=1, hasIPv4Address=true
04-23 15:47:34.770 D/ConnectivityService(  431): handleConnectivityChange: addresses changed linkProperty[1]: resetMask=0
04-23 15:47:34.770 D/ConnectivityService(  431):    car=removed=[] added=[fe80::2bf:5ff:fe01:c0bd/64,]
04-23 15:47:34.770 D/Nat464Xlat(  431): requiresClat: netType=1, hasIPv4Address=true
04-23 15:47:34.820 D/ConnectivityService(  431): handleConnectivityChange: address are the same reset per doReset linkProperty[1]: resetMask=0
04-23 15:47:34.820 D/Nat464Xlat(  431): requiresClat: netType=1, hasIPv4Address=true
04-23 15:47:36.810 W/ActivityThread(  431): ClassLoader.loadClass: The class loader returned by Thread.getContextClassLoader() may fail for processes that host multiple applications. You should explicitly specify a context class loader. For example: Thread.setContextClassLoader(getClass().getClassLoader());
04-23 15:47:36.990 I/ActivityManager(  431): Start proc com.google.android.gms for broadcast com.google.android.gms/.gcm.GmsAutoStarter: pid=16612 uid=10006 gids={50006, 3003, 1007, 1028, 1015, 2001, 3006, 3007}
04-23 15:47:37.120 W/ActivityThread(16283): ClassLoader.loadClass: The class loader returned by Thread.getContextClassLoader() may fail for processes that host multiple applications. You should explicitly specify a context class loader. For example: Thread.setContextClassLoader(getClass().getClassLoader());
04-23 15:47:37.600 I/ActivityManager(  431): Start proc com.google.android.setupwizard for broadcast com.google.android.setupwizard/.MobileConnectivityChangeReceiver: pid=16644 uid=10015 gids={50015, 3003}
04-23 15:47:37.680 I/ActivityManager(  431): START u0 {act=android.intent.action.MAIN cat=[android.intent.category.HOME] flg=0x10200000 cmp=com.android.launcher/com.android.launcher2.Launcher} from pid 431
04-23 15:47:38.170 I/ActivityManager(  431): Start proc com.softwinner.baseservice for broadcast com.softwinner.baseservice/com.softwinner.service.SoftWinnerServiceReceiver: pid=16669 uid=10065 gids={50065, 1028, 1015, 3003}
04-23 15:47:38.300 I/ActivityManager(  431): Start proc com.softwinner.update for broadcast com.softwinner.update/.LoaderReceiver: pid=16682 uid=10068 gids={50068, 2001, 1028, 1015, 1023, 3003}
04-23 15:47:38.910 I/ActivityManager(  431): Delay finish: com.google.android.gms/.init.InitializeGmsReceiver
04-23 15:47:40.590 D/ConnectivityService(  431): handleInetConditionHoldEnd: net=1, condition=0, published condition=0
04-23 15:47:41.830 I/ActivityManager(  431): START u0 {act=android.intent.action.MAIN cat=[android.intent.category.LAUNCHER] flg=0x10200000 cmp=com.futuremark.dmandroid.application/.activity.MainActivity} from pid 12404
04-23 15:47:41.940 I/ActivityManager(  431): Start proc com.futuremark.dmandroid.application for activity com.futuremark.dmandroid.application/.activity.MainActivity: pid=16733 uid=10078 gids={50078, 3003, 1028, 1015}
04-23 15:47:45.860 D/ConnectivityService(  431): handleInetConditionHoldEnd: net=1, condition=100, published condition=0
04-23 15:47:46.490 D/ConnectivityService(  431): setProvNotificationVisible: E visible=false networkType=1 extraInfo=null url=null
04-23 15:47:46.550 I/ActivityManager(  431): Start proc com.google.android.music:main for service com.google.android.music/.sync.SyncAdapterService: pid=16783 uid=10050 gids={50050, 3003, 1028, 1015}
04-23 15:47:51.452 I/ActivityManager(  431): Waited long enough for: ServiceRecord{41eea1c8 u0 com.android.providers.downloads/.DownloadService}
04-23 15:47:51.452 I/ActivityManager(  431): Resuming delayed broadcast
04-23 15:47:52.022 I/ActivityManager(  431): Start proc com.google.android.calendar for broadcast com.google.android.calendar/com.android.calendar.widget.CalendarAppWidgetService$CalendarFactory: pid=16814 uid=10025 gids={50025, 3003}
04-23 15:47:53.172 I/ActivityManager(  431): Start proc com.android.providers.calendar for content provider com.android.providers.calendar/.CalendarProvider2: pid=16835 uid=10001 gids={50001, 3003, 1028, 1015}
04-23 15:47:53.892 I/ActivityManager(  431): Delay finish: com.google.android.music/.leanback.AutoCacheSchedulingService$EnablingReceiver
04-23 15:47:53.992 I/ActivityManager(  431): Delaying start of: ServiceRecord{41d95af8 u0 com.android.providers.calendar/.EmptyService}
04-23 15:47:55.222 I/ActivityManager(  431): Resuming delayed broadcast
04-23 15:47:55.542 I/ActivityManager(  431): Delay finish: com.google.android.calendar/com.android.calendar.alerts.AlertReceiver
04-23 15:47:55.892 W/ContextImpl(  431): Calling a method in the system process without a qualified user: android.app.ContextImpl.sendBroadcast:1137 android.net.CaptivePortalTracker.sendNetworkConditionsBroadcast:507 android.net.CaptivePortalTracker.isCaptivePortal:399 android.net.CaptivePortalTracker.access$2600:60 android.net.CaptivePortalTracker$DelayedCaptiveCheckState.processMessage:283 
04-23 15:47:55.902 D/ConnectivityService(  431): captivePortalCheckCompleted: ni=NetworkInfo: type: WIFI[], state: CONNECTED/CONNECTED, reason: (unspecified), extra: "XP-3f", roaming: false, failover: false, isAvailable: true, isConnectedToProvisioningNetwork: false captive=false
04-23 15:47:56.642 D/PowerManagerService(  431): mHoldBootFastWakeLock = false
04-23 15:48:01.662 I/ActivityManager(  431): Resuming delayed broadcast
04-23 15:48:01.802 I/ActivityManager(  431): Start proc com.google.android.partnersetup for broadcast com.google.android.partnersetup/.GservicesChangedReceiver: pid=16869 uid=10009 gids={50009, 3003}
04-23 15:48:02.292 I/ActivityManager(  431): Delay finish: com.google.android.partnersetup/.GservicesChangedReceiver
04-23 15:48:03.122 I/ActivityManager(  431): Resuming delayed broadcast
04-23 15:48:03.362 I/ActivityManager(  431): Delay finish: com.google.android.gsf/.update.SystemUpdateService$Receiver
04-23 15:48:03.642 I/SystemUpdateService(12282): cancelUpdate (empty URL)
04-23 15:48:03.722 I/SystemUpdateService(12282): cancelUpdate (empty URL)
04-23 15:48:03.772 I/ActivityManager(  431): Resuming delayed broadcast
04-23 15:48:04.462 W/ActivityThread(16612): ClassLoader.loadClass: The class loader returned by Thread.getContextClassLoader() may fail for processes that host multiple applications. You should explicitly specify a context class loader. For example: Thread.setContextClassLoader(getClass().getClassLoader());
04-23 15:48:05.442 I/ActivityManager(  431): Delay finish: com.google.android.apps.plus/com.google.android.apps.moviemaker.app.ApplicationEnabler$Receiver
04-23 15:48:05.792 W/PackageManager(  431): Failed setComponentEnabledSetting: component class com.google.android.apps.moviemaker.activity.SettingsActivity does not exist in com.google.android.apps.plus
04-23 15:48:05.822 W/PackageManager(  431): Failed setComponentEnabledSetting: component class com.google.android.apps.moviemaker.activity.SettingsActivity does not exist in com.google.android.apps.plus
04-23 15:48:06.292 D/ConnectivityService(  431): handleInetConditionHoldEnd: net=1, condition=100, published condition=100
04-23 15:48:06.582 I/ActivityManager(  431): Start proc com.google.android.gm for service com.google.android.gm/.provider.MailSyncAdapterService: pid=16921 uid=10038 gids={50038, 3003, 1028, 1015}
04-23 15:48:07.122 I/ActivityManager(  431): Delaying start of: ServiceRecord{41f7d738 u0 com.google.android.gms/.gcm.PushMessagingRegistrarProxy}
04-23 15:48:07.462 D/ActivityThread(16921): Loading provider com.android.gmail.ui: com.google.android.gm.provider.GmailProvider
04-23 15:48:08.742 D/PowerManagerService(  431): mHoldBootFastWakeLock = false
04-23 15:48:10.312 W/ActivityManager(  431): Unable to start service Intent { act=com.google.android.gms.analytics.service.START cmp=com.google.android.gms/.analytics.service.AnalyticsService (has extras) } U=0: not found
04-23 15:48:10.442 D/PowerManagerService(  431): mHoldBootFastWakeLock = true
04-23 15:48:11.442 D/UsbDeviceManager(  431): enable UsbDeviceManager wakelock wlref = 0
04-23 15:48:11.452 V/UsbDeviceManager(  431): enableDPMLock +++
04-23 15:48:11.552 D/UsbDeviceManager(  431): enable UsbDeviceManager wakelock wlref = 1
04-23 15:48:12.312 D/PowerManagerService(  431): mHoldBootFastWakeLock = true
04-23 15:48:12.342 I/EntropyMixer(  431): Writing entropy...
04-23 15:48:12.742 W/ActivityManager(  431): Unable to start service Intent { act=com.google.android.gms.analytics.service.START cmp=com.google.android.gms/.analytics.service.AnalyticsService (has extras) } U=0: not found
04-23 15:48:16.082 W/ActivityManager(  431): Unable to start service Intent { act=com.google.android.gms.analytics.service.START cmp=com.google.android.gms/.analytics.service.AnalyticsService (has extras) } U=0: not found
04-23 15:48:17.822 W/ActivityManager(  431): Unable to start service Intent { act=com.google.android.gms.analytics.service.START cmp=com.google.android.gms/.analytics.service.AnalyticsService (has extras) } U=0: not found
04-23 15:48:19.782 I/ActivityManager(  431): Waited long enough for: ServiceRecord{41e75bf8 u0 com.google.android.googlequicksearchbox/com.google.android.velvet.VelvetBackgroundTasksImpl$Service}
04-23 15:48:20.352 I/ActivityManager(  431): Resuming delayed broadcast
04-23 15:48:20.992 I/ActivityManager(  431): Delay finish: com.google.android.gms/.games.receiver.GamesSystemBroadcastReceiver
04-23 15:48:22.242 I/ActivityManager(  431): Process android.process.acore (pid 16310) has died.
04-23 15:48:22.352 I/ActivityManager(  431): Process com.android.deskclock (pid 16030) has died.
04-23 15:48:23.502 I/ActivityManager(  431): Process com.softwinner.baseservice (pid 16669) has died.
04-23 15:48:23.532 I/ActivityManager(  431): Process com.google.android.partnersetup (pid 16869) has died.
04-23 15:48:23.562 I/ActivityManager(  431): Process com.google.android.setupwizard (pid 16644) has died.
04-23 15:48:24.012 I/ActivityManager(  431): Process com.android.providers.calendar (pid 16835) has died.
04-23 15:48:24.052 I/ActivityManager(  431): Process com.google.android.music:main (pid 16783) has died.
04-23 15:48:24.052 I/ActivityManager(  431): Process com.softwinner.update (pid 16682) has died.
04-23 15:48:24.552 I/ActivityManager(  431): Process com.kugou.android (pid 16329) has died.
04-23 15:48:24.552 I/WindowState(  431): WIN DEATH: Window{41cb8d28 u0 com.kugou.android/com.kugou.android.app.MediaActivity}
04-23 15:48:24.812 I/ActivityManager(  431): Process com.google.android.apps.uploader (pid 16248) has died.
04-23 15:48:26.442 I/ActivityManager(  431): Process com.google.android.calendar (pid 16814) has died.
04-23 15:48:26.662 I/ActivityManager(  431): Resuming delayed broadcast
04-23 15:48:27.072 I/ActivityManager(  431): Start proc com.google.android.apps.uploader for broadcast com.google.android.apps.uploader/com.google.android.picasasync.BatteryReceiver: pid=17040 uid=10049 gids={50049, 3003, 1028, 1015}
04-23 15:48:29.112 I/ActivityManager(  431): Delay finish: com.google.android.gm/.widget.GmailWidgetProvider
04-23 15:48:32.342 I/ActivityManager(  431): Resuming delayed broadcast
04-23 15:48:36.612 I/ActivityManager(  431): START u0 {act=android.intent.action.MAIN cat=[android.intent.category.HOME] flg=0x10200000 cmp=com.android.launcher/com.android.launcher2.Launcher} from pid 431
04-23 15:48:39.702 I/ActivityManager(  431): START u0 {act=android.intent.action.MAIN cat=[android.intent.category.LAUNCHER] flg=0x10200000 cmp=com.android.settings/.Settings} from pid 12404
04-23 15:48:50.972 I/ActivityManager(  431): START u0 {act=android.intent.action.MAIN cat=[android.intent.category.LAUNCHER] flg=0x10200000 cmp=com.antutu.ABenchMark/.ABenchMarkStart} from pid 12404
04-23 15:48:52.472 I/ActivityManager(  431): Killing 16921:com.google.android.gm/u0a38 (adj 11): empty #2
04-23 15:48:52.472 I/ActivityManager(  431): Killing 16612:com.google.android.gms/u0a6 (adj 13): empty #3
04-23 15:48:52.472 I/ActivityManager(  431): Killing 16270:com.google.android.apps.plus/u0a60 (adj 15): empty #4
04-23 15:48:52.472 I/ActivityManager(  431): Killing 17040:com.google.android.apps.uploader/u0a49 (adj 15): empty #5
04-23 15:48:52.472 I/ActivityManager(  431): Killing 16283:android.process.media/u0a4 (adj 15): empty #6
04-23 15:48:52.472 I/ActivityManager(  431): Killing 14110:com.google.android.googlequicksearchbox:search/u0a17 (adj 15): empty #7
--------- beginning of /dev/log/main
04-23 15:48:58.852 I/hwcomposer(  110): IMG_hwcdev_pipe_assign_status_t hwcdev_try_to_assign_pipe(SUNXI_hwcdev_context_t*, SUNXI_hwcdev_pipe_t*, hwc_layer_1_t*, int, int): We use not config memory
04-23 15:48:58.872 I/hwcomposer(  110): IMG_hwcdev_pipe_assign_status_t hwcdev_try_to_assign_pipe(SUNXI_hwcdev_context_t*, SUNXI_hwcdev_pipe_t*, hwc_layer_1_t*, int, int): We use not config memory
04-23 15:48:58.872 I/hwcomposer(  110): IMG_hwcdev_pipe_assign_status_t hwcdev_try_to_assign_pipe(SUNXI_hwcdev_context_t*, SUNXI_hwcdev_pipe_t*, hwc_layer_1_t*, int, int): We use not config memory
04-23 15:48:58.872 I/hwcomposer(  110): IMG_hwcdev_pipe_assign_status_t hwcdev_try_to_assign_pipe(SUNXI_hwcdev_context_t*, SUNXI_hwcdev_pipe_t*, hwc_layer_1_t*, int, int): We use not config memory
04-23 15:48:58.872 I/hwcomposer(  110): IMG_hwcdev_pipe_assign_status_t hwcdev_try_to_assign_pipe(SUNXI_hwcdev_context_t*, SUNXI_hwcdev_pipe_t*, hwc_layer_1_t*, int, int): We use not config memory
04-23 15:48:58.872 I/hwcomposer(  110): IMG_hwcdev_pipe_assign_status_t hwcdev_try_to_assign_pipe(SUNXI_hwcdev_context_t*, SUNXI_hwcdev_pipe_t*, hwc_layer_1_t*, int, int): We use not config memory
04-23 15:48:58.872 I/hwcomposer(  110): IMG_hwcdev_pipe_assign_status_t hwcdev_try_to_assign_pipe(SUNXI_hwcdev_context_t*, SUNXI_hwcdev_pipe_t*, hwc_layer_1_t*, int, int): We use not config memory
04-23 15:48:58.882 I/hwcomposer(  110): IMG_hwcdev_pipe_assign_status_t hwcdev_try_to_assign_pipe(SUNXI_hwcdev_context_t*, SUNXI_hwcdev_pipe_t*, hwc_layer_1_t*, int, int): We use not config memory
04-23 15:48:58.882 I/hwcomposer(  110): IMG_hwcdev_pipe_assign_status_t hwcdev_try_to_assign_pipe(SUNXI_hwcdev_context_t*, SUNXI_hwcdev_pipe_t*, hwc_layer_1_t*, int, int): We use not config memory
04-23 15:48:58.882 I/hwcomposer(  110): IMG_hwcdev_pipe_assign_status_t hwcdev_try_to_assign_pipe(SUNXI_hwcdev_context_t*, SUNXI_hwcdev_pipe_t*, hwc_layer_1_t*, int, int): We use not config memory
04-23 15:48:58.882 I/hwcomposer(  110): IMG_hwcdev_pipe_assign_status_t hwcdev_try_to_assign_pipe(SUNXI_hwcdev_context_t*, SUNXI_hwcdev_pipe_t*, hwc_layer_1_t*, int, int): We use not config memory
04-23 15:48:58.902 I/hwcomposer(  110): IMG_hwcdev_pipe_assign_status_t hwcdev_try_to_assign_pipe(SUNXI_hwcdev_context_t*, SUNXI_hwcdev_pipe_t*, hwc_layer_1_t*, int, int): We use not config memory
04-23 15:48:58.902 I/hwcomposer(  110): IMG_hwcdev_pipe_assign_status_t hwcdev_try_to_assign_pipe(SUNXI_hwcdev_context_t*, SUNXI_hwcdev_pipe_t*, hwc_layer_1_t*, int, int): We use not config memory
04-23 15:48:58.902 I/hwcomposer(  110): IMG_hwcdev_pipe_assign_status_t hwcdev_try_to_assign_pipe(SUNXI_hwcdev_context_t*, SUNXI_hwcdev_pipe_t*, hwc_layer_1_t*, int, int): We use not config memory
04-23 15:48:58.902 I/hwcomposer(  110): IMG_hwcdev_pipe_assign_status_t hwcdev_try_to_assign_pipe(SUNXI_hwcdev_context_t*, SUNXI_hwcdev_pipe_t*, hwc_layer_1_t*, int, int): We use not config memory
04-23 15:48:58.922 I/hwcomposer(  110): IMG_hwcdev_pipe_assign_status_t hwcdev_try_to_assign_pipe(SUNXI_hwcdev_context_t*, SUNXI_hwcdev_pipe_t*, hwc_layer_1_t*, int, int): We use not config memory
04-23 15:48:58.922 I/hwcomposer(  110): IMG_hwcdev_pipe_assign_status_t hwcdev_try_to_assign_pipe(SUNXI_hwcdev_context_t*, SUNXI_hwcdev_pipe_t*, hwc_layer_1_t*, int, int): We use not config memory
04-23 15:48:58.922 I/hwcomposer(  110): IMG_hwcdev_pipe_assign_status_t hwcdev_try_to_assign_pipe(SUNXI_hwcdev_context_t*, SUNXI_hwcdev_pipe_t*, hwc_layer_1_t*, int, int): We use not config memory
04-23 15:48:58.922 I/hwcomposer(  110): IMG_hwcdev_pipe_assign_status_t hwcdev_try_to_assign_pipe(SUNXI_hwcdev_context_t*, SUNXI_hwcdev_pipe_t*, hwc_layer_1_t*, int, int): We use not config memory
04-23 15:48:58.932 I/hwcomposer(  110): IMG_hwcdev_pipe_assign_status_t hwcdev_try_to_assign_pipe(SUNXI_hwcdev_context_t*, SUNXI_hwcdev_pipe_t*, hwc_layer_1_t*, int, int): We use not config memory
04-23 15:48:58.932 I/hwcomposer(  110): IMG_hwcdev_pipe_assign_status_t hwcdev_try_to_assign_pipe(SUNXI_hwcdev_context_t*, SUNXI_hwcdev_pipe_t*, hwc_layer_1_t*, int, int): We use not config memory
04-23 15:48:58.932 I/hwcomposer(  110): IMG_hwcdev_pipe_assign_status_t hwcdev_try_to_assign_pipe(SUNXI_hwcdev_context_t*, SUNXI_hwcdev_pipe_t*, hwc_layer_1_t*, int, int): We use not config memory
04-23 15:48:58.932 I/hwcomposer(  110): IMG_hwcdev_pipe_assign_status_t hwcdev_try_to_assign_pipe(SUNXI_hwcdev_context_t*, SUNXI_hwcdev_pipe_t*, hwc_layer_1_t*, int, int): We use not config memory
04-23 15:48:58.952 I/hwcomposer(  110): IMG_hwcdev_pipe_assign_status_t hwcdev_try_to_assign_pipe(SUNXI_hwcdev_context_t*, SUNXI_hwcdev_pipe_t*, hwc_layer_1_t*, int, int): We use not config memory
04-23 15:48:58.952 I/hwcomposer(  110): IMG_hwcdev_pipe_assign_status_t hwcdev_try_to_assign_pipe(SUNXI_hwcdev_context_t*, SUNXI_hwcdev_pipe_t*, hwc_layer_1_t*, int, int): We use not config memory
04-23 15:48:58.972 I/hwcomposer(  110): IMG_hwcdev_pipe_assign_status_t hwcdev_try_to_assign_pipe(SUNXI_hwcdev_context_t*, SUNXI_hwcdev_pipe_t*, hwc_layer_1_t*, int, int): We use not config memory
04-23 15:48:58.972 I/hwcomposer(  110): IMG_hwcdev_pipe_assign_status_t hwcdev_try_to_assign_pipe(SUNXI_hwcdev_context_t*, SUNXI_hwcdev_pipe_t*, hwc_layer_1_t*, int, int): We use not config memory
04-23 15:48:58.982 I/hwcomposer(  110): IMG_hwcdev_pipe_assign_status_t hwcdev_try_to_assign_pipe(SUNXI_hwcdev_context_t*, SUNXI_hwcdev_pipe_t*, hwc_layer_1_t*, int, int): We use not config memory
04-23 15:48:58.982 I/hwcomposer(  110): IMG_hwcdev_pipe_assign_status_t hwcdev_try_to_assign_pipe(SUNXI_hwcdev_context_t*, SUNXI_hwcdev_pipe_t*, hwc_layer_1_t*, int, int): We use not config memory
04-23 15:48:59.022 I/ActivityManager(  431): Start proc com.google.android.calendar for service com.google.android.calendar/com.google.android.syncadapters.calendar.CalendarSyncAdapterService: pid=17159 uid=10025 gids={50025, 3003}
04-23 15:48:59.342 W/AbstractGoogleClient(17159): Application name is not set. Call Builder#setApplicationName.
04-23 15:48:59.382 I/ActivityManager(  431): Start proc com.android.providers.calendar for content provider com.android.providers.calendar/.CalendarProvider2: pid=17177 uid=10001 gids={50001, 3003, 1028, 1015}
04-23 15:48:59.482 D/dalvikvm(16733): GC_CONCURRENT freed 2329K, 24% free 21456K/28012K, paused 23ms+13ms, total 1115ms
04-23 15:48:59.622 I/hwcomposer(  110): IMG_hwcdev_pipe_assign_status_t hwcdev_try_to_assign_pipe(SUNXI_hwcdev_context_t*, SUNXI_hwcdev_pipe_t*, hwc_layer_1_t*, int, int): We use not config memory
04-23 15:48:59.622 I/hwcomposer(  110): IMG_hwcdev_pipe_assign_status_t hwcdev_try_to_assign_pipe(SUNXI_hwcdev_context_t*, SUNXI_hwcdev_pipe_t*, hwc_layer_1_t*, int, int): We use not config memory
04-23 15:48:59.632 I/hwcomposer(  110): IMG_hwcdev_pipe_assign_status_t hwcdev_try_to_assign_pipe(SUNXI_hwcdev_context_t*, SUNXI_hwcdev_pipe_t*, hwc_layer_1_t*, int, int): We use not config memory
04-23 15:48:59.632 I/hwcomposer(  110): IMG_hwcdev_pipe_assign_status_t hwcdev_try_to_assign_pipe(SUNXI_hwcdev_context_t*, SUNXI_hwcdev_pipe_t*, hwc_layer_1_t*, int, int): We use not config memory
04-23 15:48:59.652 I/hwcomposer(  110): IMG_hwcdev_pipe_assign_status_t hwcdev_try_to_assign_pipe(SUNXI_hwcdev_context_t*, SUNXI_hwcdev_pipe_t*, hwc_layer_1_t*, int, int): We use not config memory
04-23 15:48:59.652 I/hwcomposer(  110): IMG_hwcdev_pipe_assign_status_t hwcdev_try_to_assign_pipe(SUNXI_hwcdev_context_t*, SUNXI_hwcdev_pipe_t*, hwc_layer_1_t*, int, int): We use not config memory
04-23 15:48:59.672 I/hwcomposer(  110): IMG_hwcdev_pipe_assign_status_t hwcdev_try_to_assign_pipe(SUNXI_hwcdev_context_t*, SUNXI_hwcdev_pipe_t*, hwc_layer_1_t*, int, int): We use not config memory
04-23 15:48:59.672 I/hwcomposer(  110): IMG_hwcdev_pipe_assign_status_t hwcdev_try_to_assign_pipe(SUNXI_hwcdev_context_t*, SUNXI_hwcdev_pipe_t*, hwc_layer_1_t*, int, int): We use not config memory
04-23 15:48:59.682 I/hwcomposer(  110): IMG_hwcdev_pipe_assign_status_t hwcdev_try_to_assign_pipe(SUNXI_hwcdev_context_t*, SUNXI_hwcdev_pipe_t*, hwc_layer_1_t*, int, int): We use not config memory
04-23 15:48:59.682 I/hwcomposer(  110): IMG_hwcdev_pipe_assign_status_t hwcdev_try_to_assign_pipe(SUNXI_hwcdev_context_t*, SUNXI_hwcdev_pipe_t*, hwc_layer_1_t*, int, int): We use not config memory
04-23 15:48:59.702 I/hwcomposer(  110): IMG_hwcdev_pipe_assign_status_t hwcdev_try_to_assign_pipe(SUNXI_hwcdev_context_t*, SUNXI_hwcdev_pipe_t*, hwc_layer_1_t*, int, int): We use not config memory
04-23 15:48:59.702 I/hwcomposer(  110): IMG_hwcdev_pipe_assign_status_t hwcdev_try_to_assign_pipe(SUNXI_hwcdev_context_t*, SUNXI_hwcdev_pipe_t*, hwc_layer_1_t*, int, int): We use not config memory
04-23 15:48:59.722 I/hwcomposer(  110): IMG_hwcdev_pipe_assign_status_t hwcdev_try_to_assign_pipe(SUNXI_hwcdev_context_t*, SUNXI_hwcdev_pipe_t*, hwc_layer_1_t*, int, int): We use not config memory
04-23 15:48:59.722 I/hwcomposer(  110): IMG_hwcdev_pipe_assign_status_t hwcdev_try_to_assign_pipe(SUNXI_hwcdev_context_t*, SUNXI_hwcdev_pipe_t*, hwc_layer_1_t*, int, int): We use not config memory
04-23 15:48:59.732 I/hwcomposer(  110): IMG_hwcdev_pipe_assign_status_t hwcdev_try_to_assign_pipe(SUNXI_hwcdev_context_t*, SUNXI_hwcdev_pipe_t*, hwc_layer_1_t*, int, int): We use not config memory
