04-24 10:58:36.520 D/UIAutomatorStub( 1540): URI: /jsonrpc/0, Method: POST, Header: {content-type=application/json, connection=close, remote-addr=127.0.0.1, host=localhost:9008, content-length=172, http-client-ip=127.0.0.1, user-agent=Python-urllib/2.7, accept-encoding=identity}, params, {NanoHttpd.QUERY_STRING={"params": [{"childOrSiblingSelector": [], "text": "Show", "mask": 1, "childOrSibling": []}], "jsonrpc": "2.0", "method": "exist", "id": "a99039d2711c68233e0bed100b1d1587"}, {"params": [{"childOrSiblingSelector": [], "text": "Show", "mask": 1, "childOrSibling": []}], "jsonrpc": "2.0", "method": "exist", "id": "a99039d2711c68233e0bed100b1d1587"}=}, files: {}
04-24 10:58:37.410 I/wpa_supplicant(  639): [CTRL_IFACE]wlan0: SIGNAL_POLL
04-24 10:58:38.650 D/UIAutomatorStub( 1540): URI: /jsonrpc/0, Method: POST, Header: {content-type=application/json, connection=close, remote-addr=127.0.0.1, host=localhost:9008, content-length=212, http-client-ip=127.0.0.1, user-agent=Python-urllib/2.7, accept-encoding=identity}, params, {{"params": [{"childOrSiblingSelector": [], "text": "Unfortunately, AnTuTu Benchmark has stopped.", "mask": 1, "childOrSibling": []}], "jsonrpc": "2.0", "method": "exist", "id": "3f1cb498439b4218d6540e6fb6bfe183"}=, NanoHttpd.QUERY_STRING={"params": [{"childOrSiblingSelector": [], "text": "Unfortunately, AnTuTu Benchmark has stopped.", "mask": 1, "childOrSibling": []}], "jsonrpc": "2.0", "method": "exist", "id": "3f1cb498439b4218d6540e6fb6bfe183"}}, files: {}
04-24 10:58:38.740 D/dalvikvm( 1540): GC_CONCURRENT freed 399K, 79% free 1116K/5096K, paused 0ms+1ms, total 27ms
04-24 10:58:38.780 D/UIAutomatorStub( 1540): URI: /jsonrpc/0, Method: POST, Header: {content-type=application/json, connection=close, remote-addr=127.0.0.1, host=localhost:9008, content-length=172, http-client-ip=127.0.0.1, user-agent=Python-urllib/2.7, accept-encoding=identity}, params, {{"params": [{"childOrSiblingSelector": [], "text": "Show", "mask": 1, "childOrSibling": []}], "jsonrpc": "2.0", "method": "exist", "id": "a3184d8e1c578b81e2c88b8c652d5fd7"}=, NanoHttpd.QUERY_STRING={"params": [{"childOrSiblingSelector": [], "text": "Show", "mask": 1, "childOrSibling": []}], "jsonrpc": "2.0", "method": "exist", "id": "a3184d8e1c578b81e2c88b8c652d5fd7"}}, files: {}
04-24 10:58:39.340 D/dalvikvm( 1582): GC_CONCURRENT freed 8374K, 55% free 7155K/15560K, paused 3ms+5ms, total 44ms
04-24 10:58:39.570 D/dalvikvm( 1582): GC_CONCURRENT freed 949K, 55% free 7052K/15560K, paused 1ms+4ms, total 44ms
04-24 10:58:39.610 I/dalvikvm( 1582): Jit: resizing JitTable from 4096 to 8192
04-24 10:58:39.800 D/dalvikvm( 1582): GC_CONCURRENT freed 891K, 55% free 7060K/15560K, paused 2ms+5ms, total 45ms
04-24 10:58:39.800 D/dalvikvm( 1582): WAIT_FOR_CONCURRENT_GC blocked 14ms
04-24 10:58:39.970 D/dalvikvm( 1582): GC_CONCURRENT freed 881K, 55% free 7065K/15560K, paused 3ms+5ms, total 36ms
04-24 10:58:40.120 D/dalvikvm( 1582): GC_CONCURRENT freed 898K, 55% free 7055K/15560K, paused 3ms+4ms, total 37ms
04-24 10:58:40.410 I/wpa_supplicant(  639): [CTRL_IFACE]wlan0: SIGNAL_POLL
04-24 10:58:40.950 D/UIAutomatorStub( 1540): URI: /jsonrpc/0, Method: POST, Header: {content-type=application/json, connection=close, remote-addr=127.0.0.1, host=localhost:9008, content-length=212, http-client-ip=127.0.0.1, user-agent=Python-urllib/2.7, accept-encoding=identity}, params, {{"params": [{"childOrSiblingSelector": [], "text": "Unfortunately, AnTuTu Benchmark has stopped.", "mask": 1, "childOrSibling": []}], "jsonrpc": "2.0", "method": "exist", "id": "68dd16a7c793e074412afdb233b2f469"}=, NanoHttpd.QUERY_STRING={"params": [{"childOrSiblingSelector": [], "text": "Unfortunately, AnTuTu Benchmark has stopped.", "mask": 1, "childOrSibling": []}], "jsonrpc": "2.0", "method": "exist", "id": "68dd16a7c793e074412afdb233b2f469"}}, files: {}
04-24 10:58:41.210 D/dalvikvm( 1540): GC_CONCURRENT freed 421K, 78% free 1158K/5096K, paused 1ms+7ms, total 18ms
04-24 10:58:41.210 D/UIAutomatorStub( 1540): URI: /jsonrpc/0, Method: POST, Header: {content-type=application/json, connection=close, remote-addr=127.0.0.1, host=localhost:9008, content-length=172, http-client-ip=127.0.0.1, user-agent=Python-urllib/2.7, accept-encoding=identity}, params, {{"params": [{"childOrSiblingSelector": [], "text": "Show", "mask": 1, "childOrSibling": []}], "jsonrpc": "2.0", "method": "exist", "id": "c6fdf1d8da1578ecaf5d27b1e8689fa0"}=, NanoHttpd.QUERY_STRING={"params": [{"childOrSiblingSelector": [], "text": "Show", "mask": 1, "childOrSibling": []}], "jsonrpc": "2.0", "method": "exist", "id": "c6fdf1d8da1578ecaf5d27b1e8689fa0"}}, files: {}
04-24 10:58:43.260 D/UIAutomatorStub( 1540): URI: /jsonrpc/0, Method: POST, Header: {content-type=application/json, connection=close, remote-addr=127.0.0.1, host=localhost:9008, content-length=212, http-client-ip=127.0.0.1, user-agent=Python-urllib/2.7, accept-encoding=identity}, params, {NanoHttpd.QUERY_STRING={"params": [{"childOrSiblingSelector": [], "text": "Unfortunately, AnTuTu Benchmark has stopped.", "mask": 1, "childOrSibling": []}], "jsonrpc": "2.0", "method": "exist", "id": "3cb66362671ffb65eebcf4dadc4d41c2"}, {"params": [{"childOrSiblingSelector": [], "text": "Unfortunately, AnTuTu Benchmark has stopped.", "mask": 1, "childOrSibling": []}], "jsonrpc": "2.0", "method": "exist", "id": "3cb66362671ffb65eebcf4dadc4d41c2"}=}, files: {}
04-24 10:58:43.310 D/dalvikvm( 1540): GC_CONCURRENT freed 462K, 78% free 1126K/5096K, paused 2ms+1ms, total 16ms
04-24 10:58:43.310 D/UIAutomatorStub( 1540): URI: /jsonrpc/0, Method: POST, Header: {content-type=application/json, connection=close, remote-addr=127.0.0.1, host=localhost:9008, content-length=172, http-client-ip=127.0.0.1, user-agent=Python-urllib/2.7, accept-encoding=identity}, params, {{"params": [{"childOrSiblingSelector": [], "text": "Show", "mask": 1, "childOrSibling": []}], "jsonrpc": "2.0", "method": "exist", "id": "af4ca87c75e11a7656e428fc6e26bc81"}=, NanoHttpd.QUERY_STRING={"params": [{"childOrSiblingSelector": [], "text": "Show", "mask": 1, "childOrSibling": []}], "jsonrpc": "2.0", "method": "exist", "id": "af4ca87c75e11a7656e428fc6e26bc81"}}, files: {}
04-24 10:58:43.420 I/wpa_supplicant(  639): [CTRL_IFACE]wlan0: SIGNAL_POLL
04-24 10:58:45.360 D/UIAutomatorStub( 1540): URI: /jsonrpc/0, Method: POST, Header: {content-type=application/json, connection=close, remote-addr=127.0.0.1, host=localhost:9008, content-length=212, http-client-ip=127.0.0.1, user-agent=Python-urllib/2.7, accept-encoding=identity}, params, {NanoHttpd.QUERY_STRING={"params": [{"childOrSiblingSelector": [], "text": "Unfortunately, AnTuTu Benchmark has stopped.", "mask": 1, "childOrSibling": []}], "jsonrpc": "2.0", "method": "exist", "id": "06bd2d681876ea2a44ce7b1b165cbc4e"}, {"params": [{"childOrSiblingSelector": [], "text": "Unfortunately, AnTuTu Benchmark has stopped.", "mask": 1, "childOrSibling": []}], "jsonrpc": "2.0", "method": "exist", "id": "06bd2d681876ea2a44ce7b1b165cbc4e"}=}, files: {}
04-24 10:58:45.430 D/UIAutomatorStub( 1540): URI: /jsonrpc/0, Method: POST, Header: {content-type=application/json, connection=close, remote-addr=127.0.0.1, host=localhost:9008, content-length=172, http-client-ip=127.0.0.1, user-agent=Python-urllib/2.7, accept-encoding=identity}, params, {NanoHttpd.QUERY_STRING={"params": [{"childOrSiblingSelector": [], "text": "Show", "mask": 1, "childOrSibling": []}], "jsonrpc": "2.0", "method": "exist", "id": "a05a4ae6de7fb5fcb4b396db5b6bc723"}, {"params": [{"childOrSiblingSelector": [], "text": "Show", "mask": 1, "childOrSibling": []}], "jsonrpc": "2.0", "method": "exist", "id": "a05a4ae6de7fb5fcb4b396db5b6bc723"}=}, files: {}
04-24 10:58:45.450 D/dalvikvm( 1540): GC_CONCURRENT freed 430K, 78% free 1147K/5096K, paused 18ms+4ms, total 41ms
04-24 10:58:46.420 I/wpa_supplicant(  639): [CTRL_IFACE]wlan0: SIGNAL_POLL
04-24 10:58:47.560 D/UIAutomatorStub( 1540): URI: /jsonrpc/0, Method: POST, Header: {content-type=application/json, connection=close, remote-addr=127.0.0.1, host=localhost:9008, content-length=212, http-client-ip=127.0.0.1, user-agent=Python-urllib/2.7, accept-encoding=identity}, params, {NanoHttpd.QUERY_STRING={"params": [{"childOrSiblingSelector": [], "text": "Unfortunately, AnTuTu Benchmark has stopped.", "mask": 1, "childOrSibling": []}], "jsonrpc": "2.0", "method": "exist", "id": "2c09db37890fcfcf89f8553495ba5b47"}, {"params": [{"childOrSiblingSelector": [], "text": "Unfortunately, AnTuTu Benchmark has stopped.", "mask": 1, "childOrSibling": []}], "jsonrpc": "2.0", "method": "exist", "id": "2c09db37890fcfcf89f8553495ba5b47"}=}, files: {}
04-24 10:58:47.610 D/UIAutomatorStub( 1540): URI: /jsonrpc/0, Method: POST, Header: {content-type=application/json, connection=close, remote-addr=127.0.0.1, host=localhost:9008, content-length=172, http-client-ip=127.0.0.1, user-agent=Python-urllib/2.7, accept-encoding=identity}, params, {{"params": [{"childOrSiblingSelector": [], "text": "Show", "mask": 1, "childOrSibling": []}], "jsonrpc": "2.0", "method": "exist", "id": "839c48c7916685a3770336128217a2a8"}=, NanoHttpd.QUERY_STRING={"params": [{"childOrSiblingSelector": [], "text": "Show", "mask": 1, "childOrSibling": []}], "jsonrpc": "2.0", "method": "exist", "id": "839c48c7916685a3770336128217a2a8"}}, files: {}
04-24 10:58:47.630 D/dalvikvm( 1540): GC_CONCURRENT freed 435K, 79% free 1114K/5096K, paused 2ms+2ms, total 24ms
04-24 10:58:49.420 D/DynamicPowerPolicyChangeThread(  431): set policy extremity, temp=70.0
04-24 10:58:49.430 I/wpa_supplicant(  639): [CTRL_IFACE]wlan0: SIGNAL_POLL
04-24 10:58:49.660 D/UIAutomatorStub( 1540): URI: /jsonrpc/0, Method: POST, Header: {content-type=application/json, connection=close, remote-addr=127.0.0.1, host=localhost:9008, content-length=212, http-client-ip=127.0.0.1, user-agent=Python-urllib/2.7, accept-encoding=identity}, params, {NanoHttpd.QUERY_STRING={"params": [{"childOrSiblingSelector": [], "text": "Unfortunately, AnTuTu Benchmark has stopped.", "mask": 1, "childOrSibling": []}], "jsonrpc": "2.0", "method": "exist", "id": "7a401795add581e3b17ec88a43f51bb6"}, {"params": [{"childOrSiblingSelector": [], "text": "Unfortunately, AnTuTu Benchmark has stopped.", "mask": 1, "childOrSibling": []}], "jsonrpc": "2.0", "method": "exist", "id": "7a401795add581e3b17ec88a43f51bb6"}=}, files: {}
04-24 10:58:49.710 D/UIAutomatorStub( 1540): URI: /jsonrpc/0, Method: POST, Header: {content-type=application/json, connection=close, remote-addr=127.0.0.1, host=localhost:9008, content-length=172, http-client-ip=127.0.0.1, user-agent=Python-urllib/2.7, accept-encoding=identity}, params, {{"params": [{"childOrSiblingSelector": [], "text": "Show", "mask": 1, "childOrSibling": []}], "jsonrpc": "2.0", "method": "exist", "id": "aebd0d6e3d88727b87b3d7d9128cbfa4"}=, NanoHttpd.QUERY_STRING={"params": [{"childOrSiblingSelector": [], "text": "Show", "mask": 1, "childOrSibling": []}], "jsonrpc": "2.0", "method": "exist", "id": "aebd0d6e3d88727b87b3d7d9128cbfa4"}}, files: {}
04-24 10:58:49.730 D/dalvikvm( 1540): GC_CONCURRENT freed 402K, 79% free 1114K/5096K, paused 2ms+1ms, total 34ms
04-24 10:58:49.770 D/dalvikvm( 1582): GC_CONCURRENT freed 755K, 55% free 7080K/15492K, paused 3ms+4ms, total 60ms
04-24 10:58:51.760 D/UIAutomatorStub( 1540): URI: /jsonrpc/0, Method: POST, Header: {content-type=application/json, connection=close, remote-addr=127.0.0.1, host=localhost:9008, content-length=212, http-client-ip=127.0.0.1, user-agent=Python-urllib/2.7, accept-encoding=identity}, params, {NanoHttpd.QUERY_STRING={"params": [{"childOrSiblingSelector": [], "text": "Unfortunately, AnTuTu Benchmark has stopped.", "mask": 1, "childOrSibling": []}], "jsonrpc": "2.0", "method": "exist", "id": "5b61e09abff69ffc563d1207b0d36d1a"}, {"params": [{"childOrSiblingSelector": [], "text": "Unfortunately, AnTuTu Benchmark has stopped.", "mask": 1, "childOrSibling": []}], "jsonrpc": "2.0", "method": "exist", "id": "5b61e09abff69ffc563d1207b0d36d1a"}=}, files: {}
04-24 10:58:51.810 D/dalvikvm( 1540): GC_CONCURRENT freed 402K, 79% free 1096K/5096K, paused 2ms+1ms, total 10ms
04-24 10:58:51.810 D/UIAutomatorStub( 1540): URI: /jsonrpc/0, Method: POST, Header: {content-type=application/json, connection=close, remote-addr=127.0.0.1, host=localhost:9008, content-length=172, http-client-ip=127.0.0.1, user-agent=Python-urllib/2.7, accept-encoding=identity}, params, {NanoHttpd.QUERY_STRING={"params": [{"childOrSiblingSelector": [], "text": "Show", "mask": 1, "childOrSibling": []}], "jsonrpc": "2.0", "method": "exist", "id": "9d8fe1e70674abe374e9693f477b7d57"}, {"params": [{"childOrSiblingSelector": [], "text": "Show", "mask": 1, "childOrSibling": []}], "jsonrpc": "2.0", "method": "exist", "id": "9d8fe1e70674abe374e9693f477b7d57"}=}, files: {}
04-24 10:58:52.430 I/wpa_supplicant(  639): [CTRL_IFACE]wlan0: SIGNAL_POLL
04-24 10:58:53.250 D/gralloc (  110): ==USE CPU CACHE OP LLL usage = 0x333==
04-24 10:58:53.250 D/gralloc (  110): ION_HEAP_SYSTEM_MASK alloc
04-24 10:58:53.250 I/ActivityManager(  431): START u0 {flg=0x14000000 cmp=com.antutu.ABenchMark/com.antutu.benchmark.test2d.SpriteTestActivity} from pid 1582
04-24 10:58:53.270 D/dalvikvm( 1582): Trying to load lib /data/app-lib/com.antutu.ABenchMark-1/libabenchmark.so 0x4199e278
04-24 10:58:53.270 D/dalvikvm( 1582): Shared lib '/data/app-lib/com.antutu.ABenchMark-1/libabenchmark.so' already loaded in same CL 0x4199e278
04-24 10:58:53.350 D/gralloc (  110): ION_HEAP_CARVEOUT_MASK alloc
04-24 10:58:53.360 D/gralloc (  110): ION_HEAP_CARVEOUT_MASK alloc
04-24 10:58:53.380 D/gralloc (  110): ION_HEAP_CARVEOUT_MASK alloc
04-24 10:58:53.390 D/gralloc (  110): ION_HEAP_CARVEOUT_MASK alloc
04-24 10:58:53.430 D/gralloc (  110): ION_HEAP_CARVEOUT_MASK alloc
04-24 10:58:53.450 I/ActivityManager(  431): Displayed com.antutu.ABenchMark/com.antutu.benchmark.test2d.SpriteTestActivity: +189ms
04-24 10:58:53.520 D/gralloc (  110): ION_HEAP_CARVEOUT_MASK alloc
04-24 10:58:53.540 D/gralloc (  110): ION_HEAP_CARVEOUT_MASK alloc
04-24 10:58:53.610 D/dalvikvm(  431): GC_CONCURRENT freed 1273K, 38% free 9899K/15772K, paused 26ms+12ms, total 158ms
04-24 10:58:53.910 D/UIAutomatorStub( 1540): URI: /jsonrpc/0, Method: POST, Header: {content-type=application/json, connection=close, remote-addr=127.0.0.1, host=localhost:9008, content-length=212, http-client-ip=127.0.0.1, user-agent=Python-urllib/2.7, accept-encoding=identity}, params, {{"params": [{"childOrSiblingSelector": [], "text": "Unfortunately, AnTuTu Benchmark has stopped.", "mask": 1, "childOrSibling": []}], "jsonrpc": "2.0", "method": "exist", "id": "7768a32a1b01f74d837fc0f2b05ebafd"}=, NanoHttpd.QUERY_STRING={"params": [{"childOrSiblingSelector": [], "text": "Unfortunately, AnTuTu Benchmark has stopped.", "mask": 1, "childOrSibling": []}], "jsonrpc": "2.0", "method": "exist", "id": "7768a32a1b01f74d837fc0f2b05ebafd"}}, files: {}
04-24 10:58:53.990 D/UIAutomatorStub( 1540): URI: /jsonrpc/0, Method: POST, Header: {content-type=application/json, connection=close, remote-addr=127.0.0.1, host=localhost:9008, content-length=172, http-client-ip=127.0.0.1, user-agent=Python-urllib/2.7, accept-encoding=identity}, params, {NanoHttpd.QUERY_STRING={"params": [{"childOrSiblingSelector": [], "text": "Show", "mask": 1, "childOrSibling": []}], "jsonrpc": "2.0", "method": "exist", "id": "27995cf95dcb9c633b4aac67312c7ea7"}, {"params": [{"childOrSiblingSelector": [], "text": "Show", "mask": 1, "childOrSibling": []}], "jsonrpc": "2.0", "method": "exist", "id": "27995cf95dcb9c633b4aac67312c7ea7"}=}, files: {}
04-24 10:58:54.000 D/dalvikvm( 1540): GC_CONCURRENT freed 396K, 79% free 1110K/5096K, paused 1ms+2ms, total 10ms
04-24 10:58:54.570 D/PowerManagerService(  431): mHoldBootFastWakeLock = true
04-24 10:58:55.440 I/wpa_supplicant(  639): [CTRL_IFACE]wlan0: SIGNAL_POLL
04-24 10:58:56.010 D/UIAutomatorStub( 1540): URI: /jsonrpc/0, Method: POST, Header: {content-type=application/json, connection=close, remote-addr=127.0.0.1, host=localhost:9008, content-length=212, http-client-ip=127.0.0.1, user-agent=Python-urllib/2.7, accept-encoding=identity}, params, {NanoHttpd.QUERY_STRING={"params": [{"childOrSiblingSelector": [], "text": "Unfortunately, AnTuTu Benchmark has stopped.", "mask": 1, "childOrSibling": []}], "jsonrpc": "2.0", "method": "exist", "id": "81ff1530a1065c431197864eb90065a3"}, {"params": [{"childOrSiblingSelector": [], "text": "Unfortunately, AnTuTu Benchmark has stopped.", "mask": 1, "childOrSibling": []}], "jsonrpc": "2.0", "method": "exist", "id": "81ff1530a1065c431197864eb90065a3"}=}, files: {}
04-24 10:58:56.030 D/UIAutomatorStub( 1540): URI: /jsonrpc/0, Method: POST, Header: {content-type=application/json, connection=close, remote-addr=127.0.0.1, host=localhost:9008, content-length=172, http-client-ip=127.0.0.1, user-agent=Python-urllib/2.7, accept-encoding=identity}, params, {NanoHttpd.QUERY_STRING={"params": [{"childOrSiblingSelector": [], "text": "Show", "mask": 1, "childOrSibling": []}], "jsonrpc": "2.0", "method": "exist", "id": "fff5106922f0d40210e70b76de17cd1f"}, {"params": [{"childOrSiblingSelector": [], "text": "Show", "mask": 1, "childOrSibling": []}], "jsonrpc": "2.0", "method": "exist", "id": "fff5106922f0d40210e70b76de17cd1f"}=}, files: {}
04-24 10:58:58.060 D/UIAutomatorStub( 1540): URI: /jsonrpc/0, Method: POST, Header: {content-type=application/json, connection=close, remote-addr=127.0.0.1, host=localhost:9008, content-length=212, http-client-ip=127.0.0.1, user-agent=Python-urllib/2.7, accept-encoding=identity}, params, {NanoHttpd.QUERY_STRING={"params": [{"childOrSiblingSelector": [], "text": "Unfortunately, AnTuTu Benchmark has stopped.", "mask": 1, "childOrSibling": []}], "jsonrpc": "2.0", "method": "exist", "id": "8ef4f7e74606336de43cc29c9a1f415c"}, {"params": [{"childOrSiblingSelector": [], "text": "Unfortunately, AnTuTu Benchmark has stopped.", "mask": 1, "childOrSibling": []}], "jsonrpc": "2.0", "method": "exist", "id": "8ef4f7e74606336de43cc29c9a1f415c"}=}, files: {}
04-24 10:58:58.060 D/dalvikvm( 1540): GC_CONCURRENT freed 449K, 79% free 1097K/5096K, paused 2ms+1ms, total 11ms
04-24 10:58:58.080 D/UIAutomatorStub( 1540): URI: /jsonrpc/0, Method: POST, Header: {content-type=application/json, connection=close, remote-addr=127.0.0.1, host=localhost:9008, content-length=172, http-client-ip=127.0.0.1, user-agent=Python-urllib/2.7, accept-encoding=identity}, params, {{"params": [{"childOrSiblingSelector": [], "text": "Show", "mask": 1, "childOrSibling": []}], "jsonrpc": "2.0", "method": "exist", "id": "04ff95e1aaa27fda392f8fb1db4c42cc"}=, NanoHttpd.QUERY_STRING={"params": [{"childOrSiblingSelector": [], "text": "Show", "mask": 1, "childOrSibling": []}], "jsonrpc": "2.0", "method": "exist", "id": "04ff95e1aaa27fda392f8fb1db4c42cc"}}, files: {}
04-24 10:58:58.440 I/wpa_supplicant(  639): [CTRL_IFACE]wlan0: SIGNAL_POLL
04-24 10:58:59.460 D/PowerManagerService(  431): mHoldBootFastWakeLock = true
04-24 10:58:59.520 D/dalvikvm(  491): GC_CONCURRENT freed 761K, 74% free 6355K/23892K, paused 2ms+3ms, total 59ms
04-24 10:59:00.160 D/UIAutomatorStub( 1540): URI: /jsonrpc/0, Method: POST, Header: {content-type=application/json, connection=close, remote-addr=127.0.0.1, host=localhost:9008, content-length=212, http-client-ip=127.0.0.1, user-agent=Python-urllib/2.7, accept-encoding=identity}, params, {NanoHttpd.QUERY_STRING={"params": [{"childOrSiblingSelector": [], "text": "Unfortunately, AnTuTu Benchmark has stopped.", "mask": 1, "childOrSibling": []}], "jsonrpc": "2.0", "method": "exist", "id": "c10081ec43c1780988783071d5b11ff5"}, {"params": [{"childOrSiblingSelector": [], "text": "Unfortunately, AnTuTu Benchmark has stopped.", "mask": 1, "childOrSibling": []}], "jsonrpc": "2.0", "method": "exist", "id": "c10081ec43c1780988783071d5b11ff5"}=}, files: {}
04-24 10:59:00.190 D/dalvikvm( 1540): GC_CONCURRENT freed 425K, 79% free 1088K/5096K, paused 3ms+2ms, total 12ms
04-24 10:59:00.200 D/UIAutomatorStub( 1540): URI: /jsonrpc/0, Method: POST, Header: {content-type=application/json, connection=close, remote-addr=127.0.0.1, host=localhost:9008, content-length=172, http-client-ip=127.0.0.1, user-agent=Python-urllib/2.7, accept-encoding=identity}, params, {NanoHttpd.QUERY_STRING={"params": [{"childOrSiblingSelector": [], "text": "Show", "mask": 1, "childOrSibling": []}], "jsonrpc": "2.0", "method": "exist", "id": "b3e5d559114a314445c8f4789fe38444"}, {"params": [{"childOrSiblingSelector": [], "text": "Show", "mask": 1, "childOrSibling": []}], "jsonrpc": "2.0", "method": "exist", "id": "b3e5d559114a314445c8f4789fe38444"}=}, files: {}
04-24 10:59:01.440 I/wpa_supplicant(  639): [CTRL_IFACE]wlan0: SIGNAL_POLL
04-24 10:59:02.220 D/UIAutomatorStub( 1540): URI: /jsonrpc/0, Method: POST, Header: {content-type=application/json, connection=close, remote-addr=127.0.0.1, host=localhost:9008, content-length=212, http-client-ip=127.0.0.1, user-agent=Python-urllib/2.7, accept-encoding=identity}, params, {{"params": [{"childOrSiblingSelector": [], "text": "Unfortunately, AnTuTu Benchmark has stopped.", "mask": 1, "childOrSibling": []}], "jsonrpc": "2.0", "method": "exist", "id": "12376685c8771e8af98e43001ec5dab3"}=, NanoHttpd.QUERY_STRING={"params": [{"childOrSiblingSelector": [], "text": "Unfortunately, AnTuTu Benchmark has stopped.", "mask": 1, "childOrSibling": []}], "jsonrpc": "2.0", "method": "exist", "id": "12376685c8771e8af98e43001ec5dab3"}}, files: {}
04-24 10:59:02.240 D/UIAutomatorStub( 1540): URI: /jsonrpc/0, Method: POST, Header: {content-type=application/json, connection=close, remote-addr=127.0.0.1, host=localhost:9008, content-length=172, http-client-ip=127.0.0.1, user-agent=Python-urllib/2.7, accept-encoding=identity}, params, {{"params": [{"childOrSiblingSelector": [], "text": "Show", "mask": 1, "childOrSibling": []}], "jsonrpc": "2.0", "method": "exist", "id": "271f82b8bfa30e9e36e304dd51fe3e9e"}=, NanoHttpd.QUERY_STRING={"params": [{"childOrSiblingSelector": [], "text": "Show", "mask": 1, "childOrSibling": []}], "jsonrpc": "2.0", "method": "exist", "id": "271f82b8bfa30e9e36e304dd51fe3e9e"}}, files: {}
04-24 10:59:02.260 D/dalvikvm( 1540): GC_CONCURRENT freed 398K, 79% free 1102K/5096K, paused 1ms+4ms, total 13ms
04-24 10:59:03.320 D/gralloc (  110): ==USE CPU CACHE OP LLL usage = 0x333==
04-24 10:59:03.320 D/gralloc (  110): ION_HEAP_SYSTEM_MASK alloc
04-24 10:59:03.410 D/gralloc (  110): ION_HEAP_CARVEOUT_MASK alloc
04-24 10:59:03.410 D/gralloc (  110): ION_HEAP_CARVEOUT_MASK alloc
04-24 10:59:03.460 D/gralloc (  110): ION_HEAP_CARVEOUT_MASK alloc
04-24 10:59:03.570 I/ActivityManager(  431): START u0 {flg=0x14000000 cmp=com.antutu.ABenchMark/com.antutu.benchmark.test2d.ParticleTestActivity} from pid 1582
04-24 10:59:03.580 D/gralloc (  110): ==USE CPU CACHE OP LLL usage = 0x333==
04-24 10:59:03.580 D/gralloc (  110): ION_HEAP_SYSTEM_MASK alloc
04-24 10:59:03.660 D/gralloc (  110): ION_HEAP_CARVEOUT_MASK alloc
04-24 10:59:03.660 D/gralloc (  110): ION_HEAP_CARVEOUT_MASK alloc
04-24 10:59:03.690 D/gralloc (  110): ION_HEAP_CARVEOUT_MASK alloc
04-24 10:59:03.690 D/gralloc (  110): ION_HEAP_CARVEOUT_MASK alloc
04-24 10:59:03.750 D/gralloc (  110): ION_HEAP_CARVEOUT_MASK alloc
04-24 10:59:03.780 I/ActivityManager(  431): Displayed com.antutu.ABenchMark/com.antutu.benchmark.test2d.ParticleTestActivity: +187ms
04-24 10:59:03.820 D/gralloc (  110): ION_HEAP_CARVEOUT_MASK alloc
04-24 10:59:03.840 D/dalvikvm( 1582): GC_CONCURRENT freed 605K, 53% free 7383K/15492K, paused 20ms+4ms, total 54ms
04-24 10:59:03.840 D/dalvikvm( 1582): WAIT_FOR_CONCURRENT_GC blocked 22ms
04-24 10:59:03.840 D/dalvikvm( 1582): WAIT_FOR_CONCURRENT_GC blocked 18ms
04-24 10:59:03.950 D/gralloc (  110): ION_HEAP_CARVEOUT_MASK alloc
04-24 10:59:03.990 D/dalvikvm( 1582): GC_CONCURRENT freed 893K, 52% free 7499K/15492K, paused 3ms+3ms, total 63ms
04-24 10:59:03.990 D/dalvikvm( 1582): WAIT_FOR_CONCURRENT_GC blocked 15ms
04-24 10:59:04.000 D/gralloc (  110): ION_HEAP_CARVEOUT_MASK alloc
04-24 10:59:04.260 D/UIAutomatorStub( 1540): URI: /jsonrpc/0, Method: POST, Header: {content-type=application/json, connection=close, remote-addr=127.0.0.1, host=localhost:9008, content-length=212, http-client-ip=127.0.0.1, user-agent=Python-urllib/2.7, accept-encoding=identity}, params, {NanoHttpd.QUERY_STRING={"params": [{"childOrSiblingSelector": [], "text": "Unfortunately, AnTuTu Benchmark has stopped.", "mask": 1, "childOrSibling": []}], "jsonrpc": "2.0", "method": "exist", "id": "74e7e67ceeb3a384d9892ba04d139036"}, {"params": [{"childOrSiblingSelector": [], "text": "Unfortunately, AnTuTu Benchmark has stopped.", "mask": 1, "childOrSibling": []}], "jsonrpc": "2.0", "method": "exist", "id": "74e7e67ceeb3a384d9892ba04d139036"}=}, files: {}
04-24 10:59:04.300 D/UIAutomatorStub( 1540): URI: /jsonrpc/0, Method: POST, Header: {content-type=application/json, connection=close, remote-addr=127.0.0.1, host=localhost:9008, content-length=172, http-client-ip=127.0.0.1, user-agent=Python-urllib/2.7, accept-encoding=identity}, params, {{"params": [{"childOrSiblingSelector": [], "text": "Show", "mask": 1, "childOrSibling": []}], "jsonrpc": "2.0", "method": "exist", "id": "a745f233f2b825a90d99dbcf8be22c4b"}=, NanoHttpd.QUERY_STRING={"params": [{"childOrSiblingSelector": [], "text": "Show", "mask": 1, "childOrSibling": []}], "jsonrpc": "2.0", "method": "exist", "id": "a745f233f2b825a90d99dbcf8be22c4b"}}, files: {}
04-24 10:59:04.420 D/DynamicPowerPolicyChangeThread(  431): set policy performance, temp=87.0
04-24 10:59:04.450 I/wpa_supplicant(  639): [CTRL_IFACE]wlan0: SIGNAL_POLL
04-24 10:59:06.390 D/UIAutomatorStub( 1540): URI: /jsonrpc/0, Method: POST, Header: {content-type=application/json, connection=close, remote-addr=127.0.0.1, host=localhost:9008, content-length=212, http-client-ip=127.0.0.1, user-agent=Python-urllib/2.7, accept-encoding=identity}, params, {{"params": [{"childOrSiblingSelector": [], "text": "Unfortunately, AnTuTu Benchmark has stopped.", "mask": 1, "childOrSibling": []}], "jsonrpc": "2.0", "method": "exist", "id": "27c622171d800180aab0e3efbaaec7e0"}=, NanoHttpd.QUERY_STRING={"params": [{"childOrSiblingSelector": [], "text": "Unfortunately, AnTuTu Benchmark has stopped.", "mask": 1, "childOrSibling": []}], "jsonrpc": "2.0", "method": "exist", "id": "27c622171d800180aab0e3efbaaec7e0"}}, files: {}
04-24 10:59:06.400 D/dalvikvm( 1540): GC_CONCURRENT freed 395K, 78% free 1122K/5096K, paused 2ms+2ms, total 14ms
04-24 10:59:06.420 D/UIAutomatorStub( 1540): URI: /jsonrpc/0, Method: POST, Header: {content-type=application/json, connection=close, remote-addr=127.0.0.1, host=localhost:9008, content-length=172, http-client-ip=127.0.0.1, user-agent=Python-urllib/2.7, accept-encoding=identity}, params, {{"params": [{"childOrSiblingSelector": [], "text": "Show", "mask": 1, "childOrSibling": []}], "jsonrpc": "2.0", "method": "exist", "id": "fc31cfd9a3ba504c025d4c3cf68634a4"}=, NanoHttpd.QUERY_STRING={"params": [{"childOrSiblingSelector": [], "text": "Show", "mask": 1, "childOrSibling": []}], "jsonrpc": "2.0", "method": "exist", "id": "fc31cfd9a3ba504c025d4c3cf68634a4"}}, files: {}
04-24 10:59:07.450 I/wpa_supplicant(  639): [CTRL_IFACE]wlan0: SIGNAL_POLL
04-24 10:59:08.440 D/UIAutomatorStub( 1540): URI: /jsonrpc/0, Method: POST, Header: {content-type=application/json, connection=close, remote-addr=127.0.0.1, host=localhost:9008, content-length=212, http-client-ip=127.0.0.1, user-agent=Python-urllib/2.7, accept-encoding=identity}, params, {{"params": [{"childOrSiblingSelector": [], "text": "Unfortunately, AnTuTu Benchmark has stopped.", "mask": 1, "childOrSibling": []}], "jsonrpc": "2.0", "method": "exist", "id": "71bd4f68e511a625f6612f4eff7b6b88"}=, NanoHttpd.QUERY_STRING={"params": [{"childOrSiblingSelector": [], "text": "Unfortunately, AnTuTu Benchmark has stopped.", "mask": 1, "childOrSibling": []}], "jsonrpc": "2.0", "method": "exist", "id": "71bd4f68e511a625f6612f4eff7b6b88"}}, files: {}
04-24 10:59:08.490 D/dalvikvm( 1540): GC_CONCURRENT freed 448K, 79% free 1089K/5096K, paused 2ms+1ms, total 25ms
04-24 10:59:08.490 D/UIAutomatorStub( 1540): URI: /jsonrpc/0, Method: POST, Header: {content-type=application/json, connection=close, remote-addr=127.0.0.1, host=localhost:9008, content-length=172, http-client-ip=127.0.0.1, user-agent=Python-urllib/2.7, accept-encoding=identity}, params, {NanoHttpd.QUERY_STRING={"params": [{"childOrSiblingSelector": [], "text": "Show", "mask": 1, "childOrSibling": []}], "jsonrpc": "2.0", "method": "exist", "id": "fd19fcfedf653f1ca0f8afa43317c3d3"}, {"params": [{"childOrSiblingSelector": [], "text": "Show", "mask": 1, "childOrSibling": []}], "jsonrpc": "2.0", "method": "exist", "id": "fd19fcfedf653f1ca0f8afa43317c3d3"}=}, files: {}
04-24 10:59:10.460 I/wpa_supplicant(  639): [CTRL_IFACE]wlan0: SIGNAL_POLL
04-24 10:59:10.520 D/UIAutomatorStub( 1540): URI: /jsonrpc/0, Method: POST, Header: {content-type=application/json, connection=close, remote-addr=127.0.0.1, host=localhost:9008, content-length=212, http-client-ip=127.0.0.1, user-agent=Python-urllib/2.7, accept-encoding=identity}, params, {{"params": [{"childOrSiblingSelector": [], "text": "Unfortunately, AnTuTu Benchmark has stopped.", "mask": 1, "childOrSibling": []}], "jsonrpc": "2.0", "method": "exist", "id": "540eebc86c24ea6437fb219a615c8780"}=, NanoHttpd.QUERY_STRING={"params": [{"childOrSiblingSelector": [], "text": "Unfortunately, AnTuTu Benchmark has stopped.", "mask": 1, "childOrSibling": []}], "jsonrpc": "2.0", "method": "exist", "id": "540eebc86c24ea6437fb219a615c8780"}}, files: {}
04-24 10:59:10.550 D/UIAutomatorStub( 1540): URI: /jsonrpc/0, Method: POST, Header: {content-type=application/json, connection=close, remote-addr=127.0.0.1, host=localhost:9008, content-length=172, http-client-ip=127.0.0.1, user-agent=Python-urllib/2.7, accept-encoding=identity}, params, {{"params": [{"childOrSiblingSelector": [], "text": "Show", "mask": 1, "childOrSibling": []}], "jsonrpc": "2.0", "method": "exist", "id": "c8b5aa6e2beb2f1be839e8d0e390d17a"}=, NanoHttpd.QUERY_STRING={"params": [{"childOrSiblingSelector": [], "text": "Show", "mask": 1, "childOrSibling": []}], "jsonrpc": "2.0", "method": "exist", "id": "c8b5aa6e2beb2f1be839e8d0e390d17a"}}, files: {}
04-24 10:59:10.580 D/dalvikvm( 1540): GC_CONCURRENT freed 372K, 79% free 1111K/5096K, paused 2ms+1ms, total 15ms
04-24 10:59:12.680 D/UIAutomatorStub( 1540): URI: /jsonrpc/0, Method: POST, Header: {content-type=application/json, connection=close, remote-addr=127.0.0.1, host=localhost:9008, content-length=212, http-client-ip=127.0.0.1, user-agent=Python-urllib/2.7, accept-encoding=identity}, params, {NanoHttpd.QUERY_STRING={"params": [{"childOrSiblingSelector": [], "text": "Unfortunately, AnTuTu Benchmark has stopped.", "mask": 1, "childOrSibling": []}], "jsonrpc": "2.0", "method": "exist", "id": "e9643cd0d22d5242c5f1a13f7828636d"}, {"params": [{"childOrSiblingSelector": [], "text": "Unfortunately, AnTuTu Benchmark has stopped.", "mask": 1, "childOrSibling": []}], "jsonrpc": "2.0", "method": "exist", "id": "e9643cd0d22d5242c5f1a13f7828636d"}=}, files: {}
04-24 10:59:12.710 D/UIAutomatorStub( 1540): URI: /jsonrpc/0, Method: POST, Header: {content-type=application/json, connection=close, remote-addr=127.0.0.1, host=localhost:9008, content-length=172, http-client-ip=127.0.0.1, user-agent=Python-urllib/2.7, accept-encoding=identity}, params, {{"params": [{"childOrSiblingSelector": [], "text": "Show", "mask": 1, "childOrSibling": []}], "jsonrpc": "2.0", "method": "exist", "id": "7d522a8c356baa2d5293712f3ef64835"}=, NanoHttpd.QUERY_STRING={"params": [{"childOrSiblingSelector": [], "text": "Show", "mask": 1, "childOrSibling": []}], "jsonrpc": "2.0", "method": "exist", "id": "7d522a8c356baa2d5293712f3ef64835"}}, files: {}
04-24 10:59:13.460 I/wpa_supplicant(  639): [CTRL_IFACE]wlan0: SIGNAL_POLL
04-24 10:59:14.750 D/UIAutomatorStub( 1540): URI: /jsonrpc/0, Method: POST, Header: {content-type=application/json, connection=close, remote-addr=127.0.0.1, host=localhost:9008, content-length=212, http-client-ip=127.0.0.1, user-agent=Python-urllib/2.7, accept-encoding=identity}, params, {{"params": [{"childOrSiblingSelector": [], "text": "Unfortunately, AnTuTu Benchmark has stopped.", "mask": 1, "childOrSibling": []}], "jsonrpc": "2.0", "method": "exist", "id": "2380143ac9af1579f0fdbbf238adb386"}=, NanoHttpd.QUERY_STRING={"params": [{"childOrSiblingSelector": [], "text": "Unfortunately, AnTuTu Benchmark has stopped.", "mask": 1, "childOrSibling": []}], "jsonrpc": "2.0", "method": "exist", "id": "2380143ac9af1579f0fdbbf238adb386"}}, files: {}
04-24 10:59:14.760 D/dalvikvm( 1540): GC_CONCURRENT freed 438K, 79% free 1093K/5096K, paused 2ms+2ms, total 17ms
04-24 10:59:14.780 D/UIAutomatorStub( 1540): URI: /jsonrpc/0, Method: POST, Header: {content-type=application/json, connection=close, remote-addr=127.0.0.1, host=localhost:9008, content-length=172, http-client-ip=127.0.0.1, user-agent=Python-urllib/2.7, accept-encoding=identity}, params, {NanoHttpd.QUERY_STRING={"params": [{"childOrSiblingSelector": [], "text": "Show", "mask": 1, "childOrSibling": []}], "jsonrpc": "2.0", "method": "exist", "id": "0b6c0f257d6bc7ae8a077e7376113d8d"}, {"params": [{"childOrSiblingSelector": [], "text": "Show", "mask": 1, "childOrSibling": []}], "jsonrpc": "2.0", "method": "exist", "id": "0b6c0f257d6bc7ae8a077e7376113d8d"}=}, files: {}
04-24 10:59:16.460 I/wpa_supplicant(  639): [CTRL_IFACE]wlan0: SIGNAL_POLL
04-24 10:59:16.820 D/UIAutomatorStub( 1540): URI: /jsonrpc/0, Method: POST, Header: {content-type=application/json, connection=close, remote-addr=127.0.0.1, host=localhost:9008, content-length=212, http-client-ip=127.0.0.1, user-agent=Python-urllib/2.7, accept-encoding=identity}, params, {NanoHttpd.QUERY_STRING={"params": [{"childOrSiblingSelector": [], "text": "Unfortunately, AnTuTu Benchmark has stopped.", "mask": 1, "childOrSibling": []}], "jsonrpc": "2.0", "method": "exist", "id": "74182260c8d8b65b23034bae72b1344b"}, {"params": [{"childOrSiblingSelector": [], "text": "Unfortunately, AnTuTu Benchmark has stopped.", "mask": 1, "childOrSibling": []}], "jsonrpc": "2.0", "method": "exist", "id": "74182260c8d8b65b23034bae72b1344b"}=}, files: {}
04-24 10:59:16.860 D/UIAutomatorStub( 1540): URI: /jsonrpc/0, Method: POST, Header: {content-type=application/json, connection=close, remote-addr=127.0.0.1, host=localhost:9008, content-length=172, http-client-ip=127.0.0.1, user-agent=Python-urllib/2.7, accept-encoding=identity}, params, {NanoHttpd.QUERY_STRING={"params": [{"childOrSiblingSelector": [], "text": "Show", "mask": 1, "childOrSibling": []}], "jsonrpc": "2.0", "method": "exist", "id": "bb8e971aafe55e7c60ce1da5dffd6dd0"}, {"params": [{"childOrSiblingSelector": [], "text": "Show", "mask": 1, "childOrSibling": []}], "jsonrpc": "2.0", "method": "exist", "id": "bb8e971aafe55e7c60ce1da5dffd6dd0"}=}, files: {}
04-24 10:59:16.870 D/dalvikvm( 1540): GC_CONCURRENT freed 428K, 78% free 1140K/5096K, paused 2ms+5ms, total 22ms
04-24 10:59:18.620 D/gralloc (  110): ==USE CPU CACHE OP LLL usage = 0x333==
04-24 10:59:18.620 D/gralloc (  110): ION_HEAP_SYSTEM_MASK alloc
04-24 10:59:18.880 D/gralloc (  110): ION_HEAP_CARVEOUT_MASK alloc
04-24 10:59:18.950 D/gralloc (  110): ION_HEAP_CARVEOUT_MASK alloc
04-24 10:59:19.000 D/UIAutomatorStub( 1540): URI: /jsonrpc/0, Method: POST, Header: {content-type=application/json, connection=close, remote-addr=127.0.0.1, host=localhost:9008, content-length=212, http-client-ip=127.0.0.1, user-agent=Python-urllib/2.7, accept-encoding=identity}, params, {NanoHttpd.QUERY_STRING={"params": [{"childOrSiblingSelector": [], "text": "Unfortunately, AnTuTu Benchmark has stopped.", "mask": 1, "childOrSibling": []}], "jsonrpc": "2.0", "method": "exist", "id": "5994e459d619b76bd38322c1135a7f76"}, {"params": [{"childOrSiblingSelector": [], "text": "Unfortunately, AnTuTu Benchmark has stopped.", "mask": 1, "childOrSibling": []}], "jsonrpc": "2.0", "method": "exist", "id": "5994e459d619b76bd38322c1135a7f76"}=}, files: {}
04-24 10:59:19.050 D/gralloc (  110): ION_HEAP_CARVEOUT_MASK alloc
04-24 10:59:19.480 I/wpa_supplicant(  639): [CTRL_IFACE]wlan0: SIGNAL_POLL
04-24 10:59:19.530 D/UIAutomatorStub( 1540): URI: /jsonrpc/0, Method: POST, Header: {content-type=application/json, connection=close, remote-addr=127.0.0.1, host=localhost:9008, content-length=172, http-client-ip=127.0.0.1, user-agent=Python-urllib/2.7, accept-encoding=identity}, params, {NanoHttpd.QUERY_STRING={"params": [{"childOrSiblingSelector": [], "text": "Show", "mask": 1, "childOrSibling": []}], "jsonrpc": "2.0", "method": "exist", "id": "26d86ba99c4fa23de4927a345c369ce0"}, {"params": [{"childOrSiblingSelector": [], "text": "Show", "mask": 1, "childOrSibling": []}], "jsonrpc": "2.0", "method": "exist", "id": "26d86ba99c4fa23de4927a345c369ce0"}=}, files: {}
04-24 10:59:19.570 D/dalvikvm( 1540): GC_CONCURRENT freed 442K, 78% free 1136K/5096K, paused 1ms+2ms, total 12ms
04-24 10:59:20.740 D/gralloc (  110): ==USE CPU CACHE OP LLL usage = 0x333==
04-24 10:59:20.740 D/gralloc (  110): ION_HEAP_SYSTEM_MASK alloc
04-24 10:59:20.740 I/ActivityManager(  431): START u0 {flg=0x14000000 cmp=com.antutu.ABenchMark/.Test3D.OgreActivity} from pid 1582
04-24 10:59:20.760 D/gralloc (  110): ION_HEAP_CARVEOUT_MASK alloc
04-24 10:59:20.770 E/AccessibilityNodeInfoCache( 1540): Node from: 284 not from:282 android.view.accessibility.AccessibilityNodeInfo@4329b; boundsInParent: Rect(0, 0 - 768, 976); boundsInScreen: Rect(0, 0 - 768, 976); packageName: com.antutu.ABenchMark; className: android.widget.FrameLayout; text: null; contentDescription: null; viewIdResName: null; checkable: false; checked: false; focusable: false; focused: false; selected: false; clickable: false; longClickable: false; enabled: true; password: false; scrollable: false; [ACTION_SELECT, ACTION_CLEAR_SELECTION, ACTION_ACCESSIBILITY_FOCUS]
04-24 10:59:20.770 E/AccessibilityNodeInfoCache( 1540): Node from: 284 not from:282 android.view.accessibility.AccessibilityNodeInfo@4365c; boundsInParent: Rect(0, 0 - 768, 976); boundsInScreen: Rect(0, 0 - 768, 976); packageName: com.antutu.ABenchMark; className: android.view.View; text: null; contentDescription: null; viewIdResName: null; checkable: false; checked: false; focusable: true; focused: true; selected: false; clickable: false; longClickable: false; enabled: true; password: false; scrollable: false; [ACTION_CLEAR_FOCUS, ACTION_SELECT, ACTION_CLEAR_SELECTION, ACTION_ACCESSIBILITY_FOCUS]
04-24 10:59:20.770 E/AccessibilityNodeInfoCache( 1540): Node from: 284 not from:282 android.view.accessibility.AccessibilityNodeInfo@43a1d; boundsInParent: Rect(0, 0 - 768, 976); boundsInScreen: Rect(0, 0 - 768, 976); packageName: com.antutu.ABenchMark; className: android.widget.LinearLayout; text: null; contentDescription: null; viewIdResName: null; checkable: false; checked: false; focusable: false; focused: false; selected: false; clickable: false; longClickable: false; enabled: true; password: false; scrollable: false; [ACTION_SELECT, ACTION_CLEAR_SELECTION, ACTION_ACCESSIBILITY_FOCUS]
04-24 10:59:20.770 E/AccessibilityNodeInfoCache( 1540): Node from: 284 not from:282 android.view.accessibility.AccessibilityNodeInfo@43dde; boundsInParent: Rect(0, 0 - 768, 976); boundsInScreen: Rect(0, 0 - 768, 976); packageName: com.antutu.ABenchMark; className: android.widget.FrameLayout; text: null; contentDescription: null; viewIdResName: android:id/content; checkable: false; checked: false; focusable: false; focused: false; selected: false; clickable: false; longClickable: false; enabled: true; password: false; scrollable: false; [ACTION_SELECT, ACTION_CLEAR_SELECTION, ACTION_ACCESSIBILITY_FOCUS]
04-24 10:59:20.830 D/dalvikvm(  431): GC_FOR_ALLOC freed 1230K, 37% free 9966K/15772K, paused 80ms, total 80ms
04-24 10:59:20.890 D/gralloc (  110): ==USE CPU CACHE OP LLL usage = 0x933==
04-24 10:59:20.890 D/gralloc (  110): ION_HEAP_SYSTEM_MASK alloc
04-24 10:59:20.900 E/AccessibilityNodeInfoCache( 1540): Node from: 284 not from:282 android.view.accessibility.AccessibilityNodeInfo@4329b; boundsInParent: Rect(0, 0 - 768, 976); boundsInScreen: Rect(0, 0 - 768, 976); packageName: com.antutu.ABenchMark; className: android.widget.FrameLayout; text: null; contentDescription: null; viewIdResName: null; checkable: false; checked: false; focusable: false; focused: false; selected: false; clickable: false; longClickable: false; enabled: true; password: false; scrollable: false; [ACTION_SELECT, ACTION_CLEAR_SELECTION, ACTION_ACCESSIBILITY_FOCUS]
04-24 10:59:20.900 E/AccessibilityNodeInfoCache( 1540): Node from: 284 not from:282 android.view.accessibility.AccessibilityNodeInfo@4365c; boundsInParent: Rect(0, 0 - 768, 976); boundsInScreen: Rect(0, 0 - 768, 976); packageName: com.antutu.ABenchMark; className: android.view.View; text: null; contentDescription: null; viewIdResName: null; checkable: false; checked: false; focusable: true; focused: true; selected: false; clickable: false; longClickable: false; enabled: true; password: false; scrollable: false; [ACTION_CLEAR_FOCUS, ACTION_SELECT, ACTION_CLEAR_SELECTION, ACTION_ACCESSIBILITY_FOCUS]
04-24 10:59:20.900 E/AccessibilityNodeInfoCache( 1540): Node from: 284 not from:282 android.view.accessibility.AccessibilityNodeInfo@43a1d; boundsInParent: Rect(0, 0 - 768, 976); boundsInScreen: Rect(0, 0 - 768, 976); packageName: com.antutu.ABenchMark; className: android.widget.LinearLayout; text: null; contentDescription: null; viewIdResName: null; checkable: false; checked: false; focusable: false; focused: false; selected: false; clickable: false; longClickable: false; enabled: true; password: false; scrollable: false; [ACTION_SELECT, ACTION_CLEAR_SELECTION, ACTION_ACCESSIBILITY_FOCUS]
04-24 10:59:20.900 E/AccessibilityNodeInfoCache( 1540): Node from: 284 not from:282 android.view.accessibility.AccessibilityNodeInfo@43dde; boundsInParent: Rect(0, 0 - 768, 976); boundsInScreen: Rect(0, 0 - 768, 976); packageName: com.antutu.ABenchMark; className: android.widget.FrameLayout; text: null; contentDescription: null; viewIdResName: android:id/content; checkable: false; checked: false; focusable: false; focused: false; selected: false; clickable: false; longClickable: false; enabled: true; password: false; scrollable: false; [ACTION_SELECT, ACTION_CLEAR_SELECTION, ACTION_ACCESSIBILITY_FOCUS]
04-24 10:59:20.900 I/ActivityManager(  431): Start proc com.antutu.ABenchMark:remote for activity com.antutu.ABenchMark/.Test3D.OgreActivity: pid=2093 uid=10076 gids={50076, 3003, 1028, 1015}
04-24 10:59:20.950 D/dalvikvm(  431): GC_CONCURRENT freed 184K, 37% free 9989K/15772K, paused 5ms+8ms, total 117ms
04-24 10:59:21.010 D/dalvikvm( 2093): Trying to load lib /data/app-lib/com.antutu.ABenchMark-1/libabenchmark.so 0x4199f0a0
04-24 10:59:21.010 D/dalvikvm( 2093): Added shared lib /data/app-lib/com.antutu.ABenchMark-1/libabenchmark.so 0x4199f0a0
04-24 10:59:21.010 D/dalvikvm( 2093): No JNI_OnLoad found in /data/app-lib/com.antutu.ABenchMark-1/libabenchmark.so 0x4199f0a0, skipping init
04-24 10:59:21.020 D/dalvikvm( 2093): Trying to load lib /data/app-lib/com.antutu.ABenchMark-1/libabenchmark.so 0x4199f0a0
04-24 10:59:21.020 D/dalvikvm( 2093): Shared lib '/data/app-lib/com.antutu.ABenchMark-1/libabenchmark.so' already loaded in same CL 0x4199f0a0
04-24 10:59:21.080 D/libEGL  ( 2093): loaded /system/lib/egl/libEGL_mali.so
04-24 10:59:21.090 D/libEGL  ( 2093): loaded /system/lib/egl/libGLESv1_CM_mali.so
04-24 10:59:21.090 D/libEGL  ( 2093): loaded /system/lib/egl/libGLESv2_mali.so
04-24 10:59:21.110 D/gralloc (  110): ION_HEAP_CARVEOUT_MASK alloc
04-24 10:59:21.120 D/gralloc (  110): ION_HEAP_CARVEOUT_MASK alloc
04-24 10:59:21.130 D/OpenGLRenderer( 2093): Enabling debug mode 0
04-24 10:59:21.200 I/ActivityManager(  431): Displayed com.antutu.ABenchMark/.Test3D.OgreActivity: +329ms
04-24 10:59:21.300 I/hwcomposer(  110): IMG_hwcdev_pipe_assign_status_t hwcdev_try_to_assign_pipe(SUNXI_hwcdev_context_t*, SUNXI_hwcdev_pipe_t*, hwc_layer_1_t*, int, int): We use not config memory
04-24 10:59:21.300 I/hwcomposer(  110): IMG_hwcdev_pipe_assign_status_t hwcdev_try_to_assign_pipe(SUNXI_hwcdev_context_t*, SUNXI_hwcdev_pipe_t*, hwc_layer_1_t*, int, int): We use not config memory
04-24 10:59:21.300 I/hwcomposer(  110): IMG_hwcdev_pipe_assign_status_t hwcdev_try_to_assign_pipe(SUNXI_hwcdev_context_t*, SUNXI_hwcdev_pipe_t*, hwc_layer_1_t*, int, int): We use not config memory
04-24 10:59:21.300 I/hwcomposer(  110): IMG_hwcdev_pipe_assign_status_t hwcdev_try_to_assign_pipe(SUNXI_hwcdev_context_t*, SUNXI_hwcdev_pipe_t*, hwc_layer_1_t*, int, int): We use not config memory
04-24 10:59:21.300 I/hwcomposer(  110): IMG_hwcdev_pipe_assign_status_t hwcdev_try_to_assign_pipe(SUNXI_hwcdev_context_t*, SUNXI_hwcdev_pipe_t*, hwc_layer_1_t*, int, int): We use not config memory
04-24 10:59:21.300 I/hwcomposer(  110): IMG_hwcdev_pipe_assign_status_t hwcdev_try_to_assign_pipe(SUNXI_hwcdev_context_t*, SUNXI_hwcdev_pipe_t*, hwc_layer_1_t*, int, int): We use not config memory
04-24 10:59:21.300 I/hwcomposer(  110): IMG_hwcdev_pipe_assign_status_t hwcdev_try_to_assign_pipe(SUNXI_hwcdev_context_t*, SUNXI_hwcdev_pipe_t*, hwc_layer_1_t*, int, int): We use not config memory
04-24 10:59:21.320 I/hwcomposer(  110): IMG_hwcdev_pipe_assign_status_t hwcdev_try_to_assign_pipe(SUNXI_hwcdev_context_t*, SUNXI_hwcdev_pipe_t*, hwc_layer_1_t*, int, int): We use not config memory
04-24 10:59:21.320 I/hwcomposer(  110): IMG_hwcdev_pipe_assign_status_t hwcdev_try_to_assign_pipe(SUNXI_hwcdev_context_t*, SUNXI_hwcdev_pipe_t*, hwc_layer_1_t*, int, int): We use not config memory
04-24 10:59:21.320 I/hwcomposer(  110): IMG_hwcdev_pipe_assign_status_t hwcdev_try_to_assign_pipe(SUNXI_hwcdev_context_t*, SUNXI_hwcdev_pipe_t*, hwc_layer_1_t*, int, int): We use not config memory
04-24 10:59:21.320 I/hwcomposer(  110): IMG_hwcdev_pipe_assign_status_t hwcdev_try_to_assign_pipe(SUNXI_hwcdev_context_t*, SUNXI_hwcdev_pipe_t*, hwc_layer_1_t*, int, int): We use not config memory
04-24 10:59:21.320 I/hwcomposer(  110): IMG_hwcdev_pipe_assign_status_t hwcdev_try_to_assign_pipe(SUNXI_hwcdev_context_t*, SUNXI_hwcdev_pipe_t*, hwc_layer_1_t*, int, int): We use not config memory
04-24 10:59:21.320 I/hwcomposer(  110): IMG_hwcdev_pipe_assign_status_t hwcdev_try_to_assign_pipe(SUNXI_hwcdev_context_t*, SUNXI_hwcdev_pipe_t*, hwc_layer_1_t*, int, int): We use not config memory
04-24 10:59:21.320 I/hwcomposer(  110): IMG_hwcdev_pipe_assign_status_t hwcdev_try_to_assign_pipe(SUNXI_hwcdev_context_t*, SUNXI_hwcdev_pipe_t*, hwc_layer_1_t*, int, int): We use not config memory
04-24 10:59:21.330 I/hwcomposer(  110): IMG_hwcdev_pipe_assign_status_t hwcdev_try_to_assign_pipe(SUNXI_hwcdev_context_t*, SUNXI_hwcdev_pipe_t*, hwc_layer_1_t*, int, int): We use not config memory
04-24 10:59:21.330 I/hwcomposer(  110): IMG_hwcdev_pipe_assign_status_t hwcdev_try_to_assign_pipe(SUNXI_hwcdev_context_t*, SUNXI_hwcdev_pipe_t*, hwc_layer_1_t*, int, int): We use not config memory
04-24 10:59:21.330 I/hwcomposer(  110): IMG_hwcdev_pipe_assign_status_t hwcdev_try_to_assign_pipe(SUNXI_hwcdev_context_t*, SUNXI_hwcdev_pipe_t*, hwc_layer_1_t*, int, int): We use not config memory
04-24 10:59:21.330 I/hwcomposer(  110): IMG_hwcdev_pipe_assign_status_t hwcdev_try_to_assign_pipe(SUNXI_hwcdev_context_t*, SUNXI_hwcdev_pipe_t*, hwc_layer_1_t*, int, int): We use not config memory
04-24 10:59:21.330 I/hwcomposer(  110): IMG_hwcdev_pipe_assign_status_t hwcdev_try_to_assign_pipe(SUNXI_hwcdev_context_t*, SUNXI_hwcdev_pipe_t*, hwc_layer_1_t*, int, int): We use not config memory
04-24 10:59:21.330 I/hwcomposer(  110): IMG_hwcdev_pipe_assign_status_t hwcdev_try_to_assign_pipe(SUNXI_hwcdev_context_t*, SUNXI_hwcdev_pipe_t*, hwc_layer_1_t*, int, int): We use not config memory
04-24 10:59:21.330 I/hwcomposer(  110): IMG_hwcdev_pipe_assign_status_t hwcdev_try_to_assign_pipe(SUNXI_hwcdev_context_t*, SUNXI_hwcdev_pipe_t*, hwc_layer_1_t*, int, int): We use not config memory
04-24 10:59:21.350 I/hwcomposer(  110): IMG_hwcdev_pipe_assign_status_t hwcdev_try_to_assign_pipe(SUNXI_hwcdev_context_t*, SUNXI_hwcdev_pipe_t*, hwc_layer_1_t*, int, int): We use not config memory
04-24 10:59:21.350 I/hwcomposer(  110): IMG_hwcdev_pipe_assign_status_t hwcdev_try_to_assign_pipe(SUNXI_hwcdev_context_t*, SUNXI_hwcdev_pipe_t*, hwc_layer_1_t*, int, int): We use not config memory
04-24 10:59:21.350 I/hwcomposer(  110): IMG_hwcdev_pipe_assign_status_t hwcdev_try_to_assign_pipe(SUNXI_hwcdev_context_t*, SUNXI_hwcdev_pipe_t*, hwc_layer_1_t*, int, int): We use not config memory
04-24 10:59:21.350 I/hwcomposer(  110): IMG_hwcdev_pipe_assign_status_t hwcdev_try_to_assign_pipe(SUNXI_hwcdev_context_t*, SUNXI_hwcdev_pipe_t*, hwc_layer_1_t*, int, int): We use not config memory
04-24 10:59:21.350 I/hwcomposer(  110): IMG_hwcdev_pipe_assign_status_t hwcdev_try_to_assign_pipe(SUNXI_hwcdev_context_t*, SUNXI_hwcdev_pipe_t*, hwc_layer_1_t*, int, int): We use not config memory
04-24 10:59:21.350 I/hwcomposer(  110): IMG_hwcdev_pipe_assign_status_t hwcdev_try_to_assign_pipe(SUNXI_hwcdev_context_t*, SUNXI_hwcdev_pipe_t*, hwc_layer_1_t*, int, int): We use not config memory
04-24 10:59:21.350 I/hwcomposer(  110): IMG_hwcdev_pipe_assign_status_t hwcdev_try_to_assign_pipe(SUNXI_hwcdev_context_t*, SUNXI_hwcdev_pipe_t*, hwc_layer_1_t*, int, int): We use not config memory
04-24 10:59:21.370 I/hwcomposer(  110): IMG_hwcdev_pipe_assign_status_t hwcdev_try_to_assign_pipe(SUNXI_hwcdev_context_t*, SUNXI_hwcdev_pipe_t*, hwc_layer_1_t*, int, int): We use not config memory
04-24 10:59:21.370 I/hwcomposer(  110): IMG_hwcdev_pipe_assign_status_t hwcdev_try_to_assign_pipe(SUNXI_hwcdev_context_t*, SUNXI_hwcdev_pipe_t*, hwc_layer_1_t*, int, int): We use not config memory
04-24 10:59:21.370 I/hwcomposer(  110): IMG_hwcdev_pipe_assign_status_t hwcdev_try_to_assign_pipe(SUNXI_hwcdev_context_t*, SUNXI_hwcdev_pipe_t*, hwc_layer_1_t*, int, int): We use not config memory
