04-23 11:30:50.340 I/hwcomposer(  110): IMG_hwcdev_pipe_assign_status_t hwcdev_try_to_assign_pipe(SUNXI_hwcdev_context_t*, SUNXI_hwcdev_pipe_t*, hwc_layer_1_t*, int, int): We use not config memory
04-23 11:30:50.340 I/hwcomposer(  110): IMG_hwcdev_pipe_assign_status_t hwcdev_try_to_assign_pipe(SUNXI_hwcdev_context_t*, SUNXI_hwcdev_pipe_t*, hwc_layer_1_t*, int, int): We use not config memory
04-23 11:30:50.340 D/libEGL  (11367): loaded /system/lib/egl/libGLESv1_CM_mali.so
04-23 11:30:50.350 D/libEGL  (11367): loaded /system/lib/egl/libGLESv2_mali.so
04-23 11:30:50.360 I/hwcomposer(  110): IMG_hwcdev_pipe_assign_status_t hwcdev_try_to_assign_pipe(SUNXI_hwcdev_context_t*, SUNXI_hwcdev_pipe_t*, hwc_layer_1_t*, int, int): We use not config memory
04-23 11:30:50.360 I/hwcomposer(  110): IMG_hwcdev_pipe_assign_status_t hwcdev_try_to_assign_pipe(SUNXI_hwcdev_context_t*, SUNXI_hwcdev_pipe_t*, hwc_layer_1_t*, int, int): We use not config memory
04-23 11:30:50.360 I/hwcomposer(  110): IMG_hwcdev_pipe_assign_status_t hwcdev_try_to_assign_pipe(SUNXI_hwcdev_context_t*, SUNXI_hwcdev_pipe_t*, hwc_layer_1_t*, int, int): We use not config memory
04-23 11:30:50.360 I/hwcomposer(  110): IMG_hwcdev_pipe_assign_status_t hwcdev_try_to_assign_pipe(SUNXI_hwcdev_context_t*, SUNXI_hwcdev_pipe_t*, hwc_layer_1_t*, int, int): We use not config memory
04-23 11:30:50.360 I/hwcomposer(  110): IMG_hwcdev_pipe_assign_status_t hwcdev_try_to_assign_pipe(SUNXI_hwcdev_context_t*, SUNXI_hwcdev_pipe_t*, hwc_layer_1_t*, int, int): We use not config memory
04-23 11:30:50.360 I/hwcomposer(  110): IMG_hwcdev_pipe_assign_status_t hwcdev_try_to_assign_pipe(SUNXI_hwcdev_context_t*, SUNXI_hwcdev_pipe_t*, hwc_layer_1_t*, int, int): We use not config memory
04-23 11:30:50.360 I/hwcomposer(  110): IMG_hwcdev_pipe_assign_status_t hwcdev_try_to_assign_pipe(SUNXI_hwcdev_context_t*, SUNXI_hwcdev_pipe_t*, hwc_layer_1_t*, int, int): We use not config memory
04-23 11:30:50.370 D/gralloc (  110): ION_HEAP_CARVEOUT_MASK alloc
04-23 11:30:50.370 I/hwcomposer(  110): IMG_hwcdev_pipe_assign_status_t hwcdev_try_to_assign_pipe(SUNXI_hwcdev_context_t*, SUNXI_hwcdev_pipe_t*, hwc_layer_1_t*, int, int): We use not config memory
04-23 11:30:50.370 I/hwcomposer(  110): IMG_hwcdev_pipe_assign_status_t hwcdev_try_to_assign_pipe(SUNXI_hwcdev_context_t*, SUNXI_hwcdev_pipe_t*, hwc_layer_1_t*, int, int): We use not config memory
04-23 11:30:50.370 I/hwcomposer(  110): IMG_hwcdev_pipe_assign_status_t hwcdev_try_to_assign_pipe(SUNXI_hwcdev_context_t*, SUNXI_hwcdev_pipe_t*, hwc_layer_1_t*, int, int): We use not config memory
04-23 11:30:50.370 I/hwcomposer(  110): IMG_hwcdev_pipe_assign_status_t hwcdev_try_to_assign_pipe(SUNXI_hwcdev_context_t*, SUNXI_hwcdev_pipe_t*, hwc_layer_1_t*, int, int): We use not config memory
04-23 11:30:50.370 I/hwcomposer(  110): IMG_hwcdev_pipe_assign_status_t hwcdev_try_to_assign_pipe(SUNXI_hwcdev_context_t*, SUNXI_hwcdev_pipe_t*, hwc_layer_1_t*, int, int): We use not config memory
04-23 11:30:50.370 I/hwcomposer(  110): IMG_hwcdev_pipe_assign_status_t hwcdev_try_to_assign_pipe(SUNXI_hwcdev_context_t*, SUNXI_hwcdev_pipe_t*, hwc_layer_1_t*, int, int): We use not config memory
04-23 11:30:50.370 I/hwcomposer(  110): IMG_hwcdev_pipe_assign_status_t hwcdev_try_to_assign_pipe(SUNXI_hwcdev_context_t*, SUNXI_hwcdev_pipe_t*, hwc_layer_1_t*, int, int): We use not config memory
04-23 11:30:50.380 D/gralloc (  110): ION_HEAP_CARVEOUT_MASK alloc
04-23 11:30:50.390 D/OpenGLRenderer(11367): Enabling debug mode 0
04-23 11:30:50.390 I/hwcomposer(  110): IMG_hwcdev_pipe_assign_status_t hwcdev_try_to_assign_pipe(SUNXI_hwcdev_context_t*, SUNXI_hwcdev_pipe_t*, hwc_layer_1_t*, int, int): We use not config memory
04-23 11:30:50.390 I/hwcomposer(  110): IMG_hwcdev_pipe_assign_status_t hwcdev_try_to_assign_pipe(SUNXI_hwcdev_context_t*, SUNXI_hwcdev_pipe_t*, hwc_layer_1_t*, int, int): We use not config memory
04-23 11:30:50.390 I/hwcomposer(  110): IMG_hwcdev_pipe_assign_status_t hwcdev_try_to_assign_pipe(SUNXI_hwcdev_context_t*, SUNXI_hwcdev_pipe_t*, hwc_layer_1_t*, int, int): We use not config memory
04-23 11:30:50.390 I/hwcomposer(  110): IMG_hwcdev_pipe_assign_status_t hwcdev_try_to_assign_pipe(SUNXI_hwcdev_context_t*, SUNXI_hwcdev_pipe_t*, hwc_layer_1_t*, int, int): We use not config memory
04-23 11:30:50.390 I/hwcomposer(  110): IMG_hwcdev_pipe_assign_status_t hwcdev_try_to_assign_pipe(SUNXI_hwcdev_context_t*, SUNXI_hwcdev_pipe_t*, hwc_layer_1_t*, int, int): We use not config memory
04-23 11:30:50.390 I/hwcomposer(  110): IMG_hwcdev_pipe_assign_status_t hwcdev_try_to_assign_pipe(SUNXI_hwcdev_context_t*, SUNXI_hwcdev_pipe_t*, hwc_layer_1_t*, int, int): We use not config memory
04-23 11:30:50.390 I/hwcomposer(  110): IMG_hwcdev_pipe_assign_status_t hwcdev_try_to_assign_pipe(SUNXI_hwcdev_context_t*, SUNXI_hwcdev_pipe_t*, hwc_layer_1_t*, int, int): We use not config memory
04-23 11:30:50.410 I/hwcomposer(  110): IMG_hwcdev_pipe_assign_status_t hwcdev_try_to_assign_pipe(SUNXI_hwcdev_context_t*, SUNXI_hwcdev_pipe_t*, hwc_layer_1_t*, int, int): We use not config memory
04-23 11:30:50.410 I/hwcomposer(  110): IMG_hwcdev_pipe_assign_status_t hwcdev_try_to_assign_pipe(SUNXI_hwcdev_context_t*, SUNXI_hwcdev_pipe_t*, hwc_layer_1_t*, int, int): We use not config memory
04-23 11:30:50.410 I/hwcomposer(  110): IMG_hwcdev_pipe_assign_status_t hwcdev_try_to_assign_pipe(SUNXI_hwcdev_context_t*, SUNXI_hwcdev_pipe_t*, hwc_layer_1_t*, int, int): We use not config memory
04-23 11:30:50.410 I/hwcomposer(  110): IMG_hwcdev_pipe_assign_status_t hwcdev_try_to_assign_pipe(SUNXI_hwcdev_context_t*, SUNXI_hwcdev_pipe_t*, hwc_layer_1_t*, int, int): We use not config memory
04-23 11:30:50.410 I/hwcomposer(  110): IMG_hwcdev_pipe_assign_status_t hwcdev_try_to_assign_pipe(SUNXI_hwcdev_context_t*, SUNXI_hwcdev_pipe_t*, hwc_layer_1_t*, int, int): We use not config memory
04-23 11:30:50.410 I/hwcomposer(  110): IMG_hwcdev_pipe_assign_status_t hwcdev_try_to_assign_pipe(SUNXI_hwcdev_context_t*, SUNXI_hwcdev_pipe_t*, hwc_layer_1_t*, int, int): We use not config memory
04-23 11:30:50.410 I/hwcomposer(  110): IMG_hwcdev_pipe_assign_status_t hwcdev_try_to_assign_pipe(SUNXI_hwcdev_context_t*, SUNXI_hwcdev_pipe_t*, hwc_layer_1_t*, int, int): We use not config memory
04-23 11:30:50.420 I/hwcomposer(  110): IMG_hwcdev_pipe_assign_status_t hwcdev_try_to_assign_pipe(SUNXI_hwcdev_context_t*, SUNXI_hwcdev_pipe_t*, hwc_layer_1_t*, int, int): We use not config memory
04-23 11:30:50.420 I/hwcomposer(  110): IMG_hwcdev_pipe_assign_status_t hwcdev_try_to_assign_pipe(SUNXI_hwcdev_context_t*, SUNXI_hwcdev_pipe_t*, hwc_layer_1_t*, int, int): We use not config memory
04-23 11:30:50.420 I/hwcomposer(  110): IMG_hwcdev_pipe_assign_status_t hwcdev_try_to_assign_pipe(SUNXI_hwcdev_context_t*, SUNXI_hwcdev_pipe_t*, hwc_layer_1_t*, int, int): We use not config memory
04-23 11:30:50.420 I/hwcomposer(  110): IMG_hwcdev_pipe_assign_status_t hwcdev_try_to_assign_pipe(SUNXI_hwcdev_context_t*, SUNXI_hwcdev_pipe_t*, hwc_layer_1_t*, int, int): We use not config memory
04-23 11:30:50.420 I/hwcomposer(  110): IMG_hwcdev_pipe_assign_status_t hwcdev_try_to_assign_pipe(SUNXI_hwcdev_context_t*, SUNXI_hwcdev_pipe_t*, hwc_layer_1_t*, int, int): We use not config memory
04-23 11:30:50.420 I/hwcomposer(  110): IMG_hwcdev_pipe_assign_status_t hwcdev_try_to_assign_pipe(SUNXI_hwcdev_context_t*, SUNXI_hwcdev_pipe_t*, hwc_layer_1_t*, int, int): We use not config memory
04-23 11:30:50.420 I/hwcomposer(  110): IMG_hwcdev_pipe_assign_status_t hwcdev_try_to_assign_pipe(SUNXI_hwcdev_context_t*, SUNXI_hwcdev_pipe_t*, hwc_layer_1_t*, int, int): We use not config memory
04-23 11:30:50.440 I/hwcomposer(  110): IMG_hwcdev_pipe_assign_status_t hwcdev_try_to_assign_pipe(SUNXI_hwcdev_context_t*, SUNXI_hwcdev_pipe_t*, hwc_layer_1_t*, int, int): We use not config memory
04-23 11:30:50.440 I/hwcomposer(  110): IMG_hwcdev_pipe_assign_status_t hwcdev_try_to_assign_pipe(SUNXI_hwcdev_context_t*, SUNXI_hwcdev_pipe_t*, hwc_layer_1_t*, int, int): We use not config memory
04-23 11:30:50.440 I/hwcomposer(  110): IMG_hwcdev_pipe_assign_status_t hwcdev_try_to_assign_pipe(SUNXI_hwcdev_context_t*, SUNXI_hwcdev_pipe_t*, hwc_layer_1_t*, int, int): We use not config memory
04-23 11:30:50.440 I/hwcomposer(  110): IMG_hwcdev_pipe_assign_status_t hwcdev_try_to_assign_pipe(SUNXI_hwcdev_context_t*, SUNXI_hwcdev_pipe_t*, hwc_layer_1_t*, int, int): We use not config memory
04-23 11:30:50.440 I/hwcomposer(  110): IMG_hwcdev_pipe_assign_status_t hwcdev_try_to_assign_pipe(SUNXI_hwcdev_context_t*, SUNXI_hwcdev_pipe_t*, hwc_layer_1_t*, int, int): We use not config memory
04-23 11:30:50.440 I/hwcomposer(  110): IMG_hwcdev_pipe_assign_status_t hwcdev_try_to_assign_pipe(SUNXI_hwcdev_context_t*, SUNXI_hwcdev_pipe_t*, hwc_layer_1_t*, int, int): We use not config memory
04-23 11:30:50.440 I/hwcomposer(  110): IMG_hwcdev_pipe_assign_status_t hwcdev_try_to_assign_pipe(SUNXI_hwcdev_context_t*, SUNXI_hwcdev_pipe_t*, hwc_layer_1_t*, int, int): We use not config memory
04-23 11:30:50.460 I/hwcomposer(  110): IMG_hwcdev_pipe_assign_status_t hwcdev_try_to_assign_pipe(SUNXI_hwcdev_context_t*, SUNXI_hwcdev_pipe_t*, hwc_layer_1_t*, int, int): We use not config memory
04-23 11:30:50.460 I/hwcomposer(  110): IMG_hwcdev_pipe_assign_status_t hwcdev_try_to_assign_pipe(SUNXI_hwcdev_context_t*, SUNXI_hwcdev_pipe_t*, hwc_layer_1_t*, int, int): We use not config memory
04-23 11:30:50.460 I/hwcomposer(  110): IMG_hwcdev_pipe_assign_status_t hwcdev_try_to_assign_pipe(SUNXI_hwcdev_context_t*, SUNXI_hwcdev_pipe_t*, hwc_layer_1_t*, int, int): We use not config memory
04-23 11:30:50.460 I/hwcomposer(  110): IMG_hwcdev_pipe_assign_status_t hwcdev_try_to_assign_pipe(SUNXI_hwcdev_context_t*, SUNXI_hwcdev_pipe_t*, hwc_layer_1_t*, int, int): We use not config memory
04-23 11:30:50.460 I/hwcomposer(  110): IMG_hwcdev_pipe_assign_status_t hwcdev_try_to_assign_pipe(SUNXI_hwcdev_context_t*, SUNXI_hwcdev_pipe_t*, hwc_layer_1_t*, int, int): We use not config memory
04-23 11:30:50.460 I/hwcomposer(  110): IMG_hwcdev_pipe_assign_status_t hwcdev_try_to_assign_pipe(SUNXI_hwcdev_context_t*, SUNXI_hwcdev_pipe_t*, hwc_layer_1_t*, int, int): We use not config memory
04-23 11:30:50.460 I/hwcomposer(  110): IMG_hwcdev_pipe_assign_status_t hwcdev_try_to_assign_pipe(SUNXI_hwcdev_context_t*, SUNXI_hwcdev_pipe_t*, hwc_layer_1_t*, int, int): We use not config memory
04-23 11:30:50.460 I/ActivityManager(  431): Displayed com.antutu.ABenchMark/.Test3D.OgreActivity: +319ms
04-23 11:30:50.470 I/hwcomposer(  110): IMG_hwcdev_pipe_assign_status_t hwcdev_try_to_assign_pipe(SUNXI_hwcdev_context_t*, SUNXI_hwcdev_pipe_t*, hwc_layer_1_t*, int, int): We use not config memory
04-23 11:30:50.480 I/hwcomposer(  110): IMG_hwcdev_pipe_assign_status_t hwcdev_try_to_assign_pipe(SUNXI_hwcdev_context_t*, SUNXI_hwcdev_pipe_t*, hwc_layer_1_t*, int, int): We use not config memory
04-23 11:30:50.480 I/hwcomposer(  110): IMG_hwcdev_pipe_assign_status_t hwcdev_try_to_assign_pipe(SUNXI_hwcdev_context_t*, SUNXI_hwcdev_pipe_t*, hwc_layer_1_t*, int, int): We use not config memory
04-23 11:30:50.480 I/hwcomposer(  110): IMG_hwcdev_pipe_assign_status_t hwcdev_try_to_assign_pipe(SUNXI_hwcdev_context_t*, SUNXI_hwcdev_pipe_t*, hwc_layer_1_t*, int, int): We use not config memory
04-23 11:30:50.480 I/hwcomposer(  110): IMG_hwcdev_pipe_assign_status_t hwcdev_try_to_assign_pipe(SUNXI_hwcdev_context_t*, SUNXI_hwcdev_pipe_t*, hwc_layer_1_t*, int, int): We use not config memory
04-23 11:30:50.480 I/hwcomposer(  110): IMG_hwcdev_pipe_assign_status_t hwcdev_try_to_assign_pipe(SUNXI_hwcdev_context_t*, SUNXI_hwcdev_pipe_t*, hwc_layer_1_t*, int, int): We use not config memory
04-23 11:30:50.480 I/hwcomposer(  110): IMG_hwcdev_pipe_assign_status_t hwcdev_try_to_assign_pipe(SUNXI_hwcdev_context_t*, SUNXI_hwcdev_pipe_t*, hwc_layer_1_t*, int, int): We use not config memory
04-23 11:30:50.490 I/hwcomposer(  110): IMG_hwcdev_pipe_assign_status_t hwcdev_try_to_assign_pipe(SUNXI_hwcdev_context_t*, SUNXI_hwcdev_pipe_t*, hwc_layer_1_t*, int, int): We use not config memory
04-23 11:30:50.490 I/hwcomposer(  110): IMG_hwcdev_pipe_assign_status_t hwcdev_try_to_assign_pipe(SUNXI_hwcdev_context_t*, SUNXI_hwcdev_pipe_t*, hwc_layer_1_t*, int, int): We use not config memory
04-23 11:30:50.490 I/hwcomposer(  110): IMG_hwcdev_pipe_assign_status_t hwcdev_try_to_assign_pipe(SUNXI_hwcdev_context_t*, SUNXI_hwcdev_pipe_t*, hwc_layer_1_t*, int, int): We use not config memory
04-23 11:30:50.490 I/hwcomposer(  110): IMG_hwcdev_pipe_assign_status_t hwcdev_try_to_assign_pipe(SUNXI_hwcdev_context_t*, SUNXI_hwcdev_pipe_t*, hwc_layer_1_t*, int, int): We use not config memory
04-23 11:30:50.490 I/hwcomposer(  110): IMG_hwcdev_pipe_assign_status_t hwcdev_try_to_assign_pipe(SUNXI_hwcdev_context_t*, SUNXI_hwcdev_pipe_t*, hwc_layer_1_t*, int, int): We use not config memory
04-23 11:30:50.490 I/hwcomposer(  110): IMG_hwcdev_pipe_assign_status_t hwcdev_try_to_assign_pipe(SUNXI_hwcdev_context_t*, SUNXI_hwcdev_pipe_t*, hwc_layer_1_t*, int, int): We use not config memory
04-23 11:30:50.490 I/hwcomposer(  110): IMG_hwcdev_pipe_assign_status_t hwcdev_try_to_assign_pipe(SUNXI_hwcdev_context_t*, SUNXI_hwcdev_pipe_t*, hwc_layer_1_t*, int, int): We use not config memory
04-23 11:30:50.510 I/hwcomposer(  110): IMG_hwcdev_pipe_assign_status_t hwcdev_try_to_assign_pipe(SUNXI_hwcdev_context_t*, SUNXI_hwcdev_pipe_t*, hwc_layer_1_t*, int, int): We use not config memory
04-23 11:30:50.510 I/hwcomposer(  110): IMG_hwcdev_pipe_assign_status_t hwcdev_try_to_assign_pipe(SUNXI_hwcdev_context_t*, SUNXI_hwcdev_pipe_t*, hwc_layer_1_t*, int, int): We use not config memory
04-23 11:30:50.510 I/hwcomposer(  110): IMG_hwcdev_pipe_assign_status_t hwcdev_try_to_assign_pipe(SUNXI_hwcdev_context_t*, SUNXI_hwcdev_pipe_t*, hwc_layer_1_t*, int, int): We use not config memory
04-23 11:30:50.510 I/hwcomposer(  110): IMG_hwcdev_pipe_assign_status_t hwcdev_try_to_assign_pipe(SUNXI_hwcdev_context_t*, SUNXI_hwcdev_pipe_t*, hwc_layer_1_t*, int, int): We use not config memory
04-23 11:30:50.510 I/hwcomposer(  110): IMG_hwcdev_pipe_assign_status_t hwcdev_try_to_assign_pipe(SUNXI_hwcdev_context_t*, SUNXI_hwcdev_pipe_t*, hwc_layer_1_t*, int, int): We use not config memory
04-23 11:30:50.510 I/hwcomposer(  110): IMG_hwcdev_pipe_assign_status_t hwcdev_try_to_assign_pipe(SUNXI_hwcdev_context_t*, SUNXI_hwcdev_pipe_t*, hwc_layer_1_t*, int, int): We use not config memory
04-23 11:30:50.510 I/hwcomposer(  110): IMG_hwcdev_pipe_assign_status_t hwcdev_try_to_assign_pipe(SUNXI_hwcdev_context_t*, SUNXI_hwcdev_pipe_t*, hwc_layer_1_t*, int, int): We use not config memory
04-23 11:30:50.520 I/hwcomposer(  110): IMG_hwcdev_pipe_assign_status_t hwcdev_try_to_assign_pipe(SUNXI_hwcdev_context_t*, SUNXI_hwcdev_pipe_t*, hwc_layer_1_t*, int, int): We use not config memory
04-23 11:30:50.520 I/hwcomposer(  110): IMG_hwcdev_pipe_assign_status_t hwcdev_try_to_assign_pipe(SUNXI_hwcdev_context_t*, SUNXI_hwcdev_pipe_t*, hwc_layer_1_t*, int, int): We use not config memory
04-23 11:30:50.520 I/hwcomposer(  110): IMG_hwcdev_pipe_assign_status_t hwcdev_try_to_assign_pipe(SUNXI_hwcdev_context_t*, SUNXI_hwcdev_pipe_t*, hwc_layer_1_t*, int, int): We use not config memory
04-23 11:30:50.520 I/hwcomposer(  110): IMG_hwcdev_pipe_assign_status_t hwcdev_try_to_assign_pipe(SUNXI_hwcdev_context_t*, SUNXI_hwcdev_pipe_t*, hwc_layer_1_t*, int, int): We use not config memory
04-23 11:30:50.520 I/hwcomposer(  110): IMG_hwcdev_pipe_assign_status_t hwcdev_try_to_assign_pipe(SUNXI_hwcdev_context_t*, SUNXI_hwcdev_pipe_t*, hwc_layer_1_t*, int, int): We use not config memory
04-23 11:30:50.520 I/hwcomposer(  110): IMG_hwcdev_pipe_assign_status_t hwcdev_try_to_assign_pipe(SUNXI_hwcdev_context_t*, SUNXI_hwcdev_pipe_t*, hwc_layer_1_t*, int, int): We use not config memory
04-23 11:30:50.520 I/hwcomposer(  110): IMG_hwcdev_pipe_assign_status_t hwcdev_try_to_assign_pipe(SUNXI_hwcdev_context_t*, SUNXI_hwcdev_pipe_t*, hwc_layer_1_t*, int, int): We use not config memory
04-23 11:30:50.540 I/hwcomposer(  110): IMG_hwcdev_pipe_assign_status_t hwcdev_try_to_assign_pipe(SUNXI_hwcdev_context_t*, SUNXI_hwcdev_pipe_t*, hwc_layer_1_t*, int, int): We use not config memory
04-23 11:30:50.540 I/hwcomposer(  110): IMG_hwcdev_pipe_assign_status_t hwcdev_try_to_assign_pipe(SUNXI_hwcdev_context_t*, SUNXI_hwcdev_pipe_t*, hwc_layer_1_t*, int, int): We use not config memory
04-23 11:30:50.540 I/hwcomposer(  110): IMG_hwcdev_pipe_assign_status_t hwcdev_try_to_assign_pipe(SUNXI_hwcdev_context_t*, SUNXI_hwcdev_pipe_t*, hwc_layer_1_t*, int, int): We use not config memory
04-23 11:30:50.540 I/hwcomposer(  110): IMG_hwcdev_pipe_assign_status_t hwcdev_try_to_assign_pipe(SUNXI_hwcdev_context_t*, SUNXI_hwcdev_pipe_t*, hwc_layer_1_t*, int, int): We use not config memory
04-23 11:30:50.540 I/hwcomposer(  110): IMG_hwcdev_pipe_assign_status_t hwcdev_try_to_assign_pipe(SUNXI_hwcdev_context_t*, SUNXI_hwcdev_pipe_t*, hwc_layer_1_t*, int, int): We use not config memory
04-23 11:30:50.540 I/hwcomposer(  110): IMG_hwcdev_pipe_assign_status_t hwcdev_try_to_assign_pipe(SUNXI_hwcdev_context_t*, SUNXI_hwcdev_pipe_t*, hwc_layer_1_t*, int, int): We use not config memory
04-23 11:30:50.540 I/hwcomposer(  110): IMG_hwcdev_pipe_assign_status_t hwcdev_try_to_assign_pipe(SUNXI_hwcdev_context_t*, SUNXI_hwcdev_pipe_t*, hwc_layer_1_t*, int, int): We use not config memory
04-23 11:30:50.560 I/hwcomposer(  110): IMG_hwcdev_pipe_assign_status_t hwcdev_try_to_assign_pipe(SUNXI_hwcdev_context_t*, SUNXI_hwcdev_pipe_t*, hwc_layer_1_t*, int, int): We use not config memory
04-23 11:30:50.560 I/hwcomposer(  110): IMG_hwcdev_pipe_assign_status_t hwcdev_try_to_assign_pipe(SUNXI_hwcdev_context_t*, SUNXI_hwcdev_pipe_t*, hwc_layer_1_t*, int, int): We use not config memory
04-23 11:30:50.560 I/hwcomposer(  110): IMG_hwcdev_pipe_assign_status_t hwcdev_try_to_assign_pipe(SUNXI_hwcdev_context_t*, SUNXI_hwcdev_pipe_t*, hwc_layer_1_t*, int, int): We use not config memory
04-23 11:30:50.560 I/hwcomposer(  110): IMG_hwcdev_pipe_assign_status_t hwcdev_try_to_assign_pipe(SUNXI_hwcdev_context_t*, SUNXI_hwcdev_pipe_t*, hwc_layer_1_t*, int, int): We use not config memory
04-23 11:30:50.560 I/hwcomposer(  110): IMG_hwcdev_pipe_assign_status_t hwcdev_try_to_assign_pipe(SUNXI_hwcdev_context_t*, SUNXI_hwcdev_pipe_t*, hwc_layer_1_t*, int, int): We use not config memory
04-23 11:30:50.560 I/hwcomposer(  110): IMG_hwcdev_pipe_assign_status_t hwcdev_try_to_assign_pipe(SUNXI_hwcdev_context_t*, SUNXI_hwcdev_pipe_t*, hwc_layer_1_t*, int, int): We use not config memory
04-23 11:30:50.560 I/hwcomposer(  110): IMG_hwcdev_pipe_assign_status_t hwcdev_try_to_assign_pipe(SUNXI_hwcdev_context_t*, SUNXI_hwcdev_pipe_t*, hwc_layer_1_t*, int, int): We use not config memory
04-23 11:30:50.570 I/hwcomposer(  110): IMG_hwcdev_pipe_assign_status_t hwcdev_try_to_assign_pipe(SUNXI_hwcdev_context_t*, SUNXI_hwcdev_pipe_t*, hwc_layer_1_t*, int, int): We use not config memory
04-23 11:30:50.570 I/hwcomposer(  110): IMG_hwcdev_pipe_assign_status_t hwcdev_try_to_assign_pipe(SUNXI_hwcdev_context_t*, SUNXI_hwcdev_pipe_t*, hwc_layer_1_t*, int, int): We use not config memory
04-23 11:30:50.570 I/hwcomposer(  110): IMG_hwcdev_pipe_assign_status_t hwcdev_try_to_assign_pipe(SUNXI_hwcdev_context_t*, SUNXI_hwcdev_pipe_t*, hwc_layer_1_t*, int, int): We use not config memory
04-23 11:30:50.570 I/hwcomposer(  110): IMG_hwcdev_pipe_assign_status_t hwcdev_try_to_assign_pipe(SUNXI_hwcdev_context_t*, SUNXI_hwcdev_pipe_t*, hwc_layer_1_t*, int, int): We use not config memory
04-23 11:30:50.570 I/hwcomposer(  110): IMG_hwcdev_pipe_assign_status_t hwcdev_try_to_assign_pipe(SUNXI_hwcdev_context_t*, SUNXI_hwcdev_pipe_t*, hwc_layer_1_t*, int, int): We use not config memory
04-23 11:30:50.580 I/hwcomposer(  110): IMG_hwcdev_pipe_assign_status_t hwcdev_try_to_assign_pipe(SUNXI_hwcdev_context_t*, SUNXI_hwcdev_pipe_t*, hwc_layer_1_t*, int, int): We use not config memory
04-23 11:30:50.580 I/hwcomposer(  110): IMG_hwcdev_pipe_assign_status_t hwcdev_try_to_assign_pipe(SUNXI_hwcdev_context_t*, SUNXI_hwcdev_pipe_t*, hwc_layer_1_t*, int, int): We use not config memory
04-23 11:30:50.590 I/hwcomposer(  110): IMG_hwcdev_pipe_assign_status_t hwcdev_try_to_assign_pipe(SUNXI_hwcdev_context_t*, SUNXI_hwcdev_pipe_t*, hwc_layer_1_t*, int, int): We use not config memory
04-23 11:30:50.590 I/hwcomposer(  110): IMG_hwcdev_pipe_assign_status_t hwcdev_try_to_assign_pipe(SUNXI_hwcdev_context_t*, SUNXI_hwcdev_pipe_t*, hwc_layer_1_t*, int, int): We use not config memory
04-23 11:30:50.590 I/hwcomposer(  110): IMG_hwcdev_pipe_assign_status_t hwcdev_try_to_assign_pipe(SUNXI_hwcdev_context_t*, SUNXI_hwcdev_pipe_t*, hwc_layer_1_t*, int, int): We use not config memory
04-23 11:30:50.590 I/hwcomposer(  110): IMG_hwcdev_pipe_assign_status_t hwcdev_try_to_assign_pipe(SUNXI_hwcdev_context_t*, SUNXI_hwcdev_pipe_t*, hwc_layer_1_t*, int, int): We use not config memory
04-23 11:30:50.590 I/hwcomposer(  110): IMG_hwcdev_pipe_assign_status_t hwcdev_try_to_assign_pipe(SUNXI_hwcdev_context_t*, SUNXI_hwcdev_pipe_t*, hwc_layer_1_t*, int, int): We use not config memory
04-23 11:30:50.590 I/hwcomposer(  110): IMG_hwcdev_pipe_assign_status_t hwcdev_try_to_assign_pipe(SUNXI_hwcdev_context_t*, SUNXI_hwcdev_pipe_t*, hwc_layer_1_t*, int, int): We use not config memory
04-23 11:30:50.590 I/hwcomposer(  110): IMG_hwcdev_pipe_assign_status_t hwcdev_try_to_assign_pipe(SUNXI_hwcdev_context_t*, SUNXI_hwcdev_pipe_t*, hwc_layer_1_t*, int, int): We use not config memory
04-23 11:30:50.610 I/hwcomposer(  110): IMG_hwcdev_pipe_assign_status_t hwcdev_try_to_assign_pipe(SUNXI_hwcdev_context_t*, SUNXI_hwcdev_pipe_t*, hwc_layer_1_t*, int, int): We use not config memory
04-23 11:30:50.610 I/hwcomposer(  110): IMG_hwcdev_pipe_assign_status_t hwcdev_try_to_assign_pipe(SUNXI_hwcdev_context_t*, SUNXI_hwcdev_pipe_t*, hwc_layer_1_t*, int, int): We use not config memory
04-23 11:30:50.610 I/hwcomposer(  110): IMG_hwcdev_pipe_assign_status_t hwcdev_try_to_assign_pipe(SUNXI_hwcdev_context_t*, SUNXI_hwcdev_pipe_t*, hwc_layer_1_t*, int, int): We use not config memory
04-23 11:30:50.610 I/hwcomposer(  110): IMG_hwcdev_pipe_assign_status_t hwcdev_try_to_assign_pipe(SUNXI_hwcdev_context_t*, SUNXI_hwcdev_pipe_t*, hwc_layer_1_t*, int, int): We use not config memory
04-23 11:30:50.610 I/hwcomposer(  110): IMG_hwcdev_pipe_assign_status_t hwcdev_try_to_assign_pipe(SUNXI_hwcdev_context_t*, SUNXI_hwcdev_pipe_t*, hwc_layer_1_t*, int, int): We use not config memory
04-23 11:30:50.610 I/hwcomposer(  110): IMG_hwcdev_pipe_assign_status_t hwcdev_try_to_assign_pipe(SUNXI_hwcdev_context_t*, SUNXI_hwcdev_pipe_t*, hwc_layer_1_t*, int, int): We use not config memory
04-23 11:30:50.610 I/hwcomposer(  110): IMG_hwcdev_pipe_assign_status_t hwcdev_try_to_assign_pipe(SUNXI_hwcdev_context_t*, SUNXI_hwcdev_pipe_t*, hwc_layer_1_t*, int, int): We use not config memory
04-23 11:30:50.620 I/hwcomposer(  110): IMG_hwcdev_pipe_assign_status_t hwcdev_try_to_assign_pipe(SUNXI_hwcdev_context_t*, SUNXI_hwcdev_pipe_t*, hwc_layer_1_t*, int, int): We use not config memory
04-23 11:30:50.620 I/hwcomposer(  110): IMG_hwcdev_pipe_assign_status_t hwcdev_try_to_assign_pipe(SUNXI_hwcdev_context_t*, SUNXI_hwcdev_pipe_t*, hwc_layer_1_t*, int, int): We use not config memory
04-23 11:30:50.620 I/hwcomposer(  110): IMG_hwcdev_pipe_assign_status_t hwcdev_try_to_assign_pipe(SUNXI_hwcdev_context_t*, SUNXI_hwcdev_pipe_t*, hwc_layer_1_t*, int, int): We use not config memory
04-23 11:30:50.620 I/hwcomposer(  110): IMG_hwcdev_pipe_assign_status_t hwcdev_try_to_assign_pipe(SUNXI_hwcdev_context_t*, SUNXI_hwcdev_pipe_t*, hwc_layer_1_t*, int, int): We use not config memory
04-23 11:30:50.620 I/hwcomposer(  110): IMG_hwcdev_pipe_assign_status_t hwcdev_try_to_assign_pipe(SUNXI_hwcdev_context_t*, SUNXI_hwcdev_pipe_t*, hwc_layer_1_t*, int, int): We use not config memory
04-23 11:30:50.620 I/hwcomposer(  110): IMG_hwcdev_pipe_assign_status_t hwcdev_try_to_assign_pipe(SUNXI_hwcdev_context_t*, SUNXI_hwcdev_pipe_t*, hwc_layer_1_t*, int, int): We use not config memory
04-23 11:30:50.620 I/hwcomposer(  110): IMG_hwcdev_pipe_assign_status_t hwcdev_try_to_assign_pipe(SUNXI_hwcdev_context_t*, SUNXI_hwcdev_pipe_t*, hwc_layer_1_t*, int, int): We use not config memory
04-23 11:30:50.640 I/hwcomposer(  110): IMG_hwcdev_pipe_assign_status_t hwcdev_try_to_assign_pipe(SUNXI_hwcdev_context_t*, SUNXI_hwcdev_pipe_t*, hwc_layer_1_t*, int, int): We use not config memory
04-23 11:30:50.640 I/hwcomposer(  110): IMG_hwcdev_pipe_assign_status_t hwcdev_try_to_assign_pipe(SUNXI_hwcdev_context_t*, SUNXI_hwcdev_pipe_t*, hwc_layer_1_t*, int, int): We use not config memory
04-23 11:30:50.640 I/hwcomposer(  110): IMG_hwcdev_pipe_assign_status_t hwcdev_try_to_assign_pipe(SUNXI_hwcdev_context_t*, SUNXI_hwcdev_pipe_t*, hwc_layer_1_t*, int, int): We use not config memory
04-23 11:30:50.640 I/hwcomposer(  110): IMG_hwcdev_pipe_assign_status_t hwcdev_try_to_assign_pipe(SUNXI_hwcdev_context_t*, SUNXI_hwcdev_pipe_t*, hwc_layer_1_t*, int, int): We use not config memory
04-23 11:30:50.640 I/hwcomposer(  110): IMG_hwcdev_pipe_assign_status_t hwcdev_try_to_assign_pipe(SUNXI_hwcdev_context_t*, SUNXI_hwcdev_pipe_t*, hwc_layer_1_t*, int, int): We use not config memory
04-23 11:30:50.640 I/hwcomposer(  110): IMG_hwcdev_pipe_assign_status_t hwcdev_try_to_assign_pipe(SUNXI_hwcdev_context_t*, SUNXI_hwcdev_pipe_t*, hwc_layer_1_t*, int, int): We use not config memory
04-23 11:30:50.640 I/hwcomposer(  110): IMG_hwcdev_pipe_assign_status_t hwcdev_try_to_assign_pipe(SUNXI_hwcdev_context_t*, SUNXI_hwcdev_pipe_t*, hwc_layer_1_t*, int, int): We use not config memory
04-23 11:30:51.050 D/UIAutomatorStub( 2789): URI: /jsonrpc/0, Method: POST, Header: {content-type=application/json, connection=close, remote-addr=127.0.0.1, host=localhost:9008, content-length=212, http-client-ip=127.0.0.1, user-agent=Python-urllib/2.7, accept-encoding=identity}, params, {NanoHttpd.QUERY_STRING={"params": [{"childOrSiblingSelector": [], "text": "Unfortunately, AnTuTu Benchmark has stopped.", "mask": 1, "childOrSibling": []}], "jsonrpc": "2.0", "method": "exist", "id": "d0ce618e0a05f3f6aaf84f0a5e723215"}, {"params": [{"childOrSiblingSelector": [], "text": "Unfortunately, AnTuTu Benchmark has stopped.", "mask": 1, "childOrSibling": []}], "jsonrpc": "2.0", "method": "exist", "id": "d0ce618e0a05f3f6aaf84f0a5e723215"}=}, files: {}
04-23 11:30:51.060 D/dalvikvm( 2789): GC_CONCURRENT freed 461K, 74% free 1331K/5084K, paused 1ms+2ms, total 15ms
04-23 11:30:51.110 I/Choreographer(11367): Skipped 38 frames!  The application may be doing too much work on its main thread.
04-23 11:30:51.110 D/gralloc (  110): ION_HEAP_CARVEOUT_MASK alloc
04-23 11:30:51.130 D/gralloc (  110): ION_HEAP_CARVEOUT_MASK alloc
04-23 11:30:51.130 D/gralloc (  110): ION_HEAP_CARVEOUT_MASK alloc
04-23 11:30:51.860 D/DynamicPowerPolicyChangeThread(  431): set policy extremity, temp=70.0
04-23 11:30:54.410 D/gralloc (  110): ION_HEAP_CARVEOUT_MASK alloc
04-23 11:30:54.590 D/gralloc (  110): ION_HEAP_CARVEOUT_MASK alloc
04-23 11:30:54.660 I/ActivityManager(  431): Process com.quicinc.vellamo (pid 9359) has died.
04-23 11:30:54.660 W/ActivityManager(  431): Scheduling restart of crashed service com.quicinc.vellamo/.service.BenchmarkService in 5000ms
04-23 11:30:54.680 D/UIAutomatorStub( 2789): URI: /jsonrpc/0, Method: POST, Header: {content-type=application/json, connection=close, remote-addr=127.0.0.1, host=localhost:9008, content-length=172, http-client-ip=127.0.0.1, user-agent=Python-urllib/2.7, accept-encoding=identity}, params, {{"params": [{"childOrSiblingSelector": [], "text": "Show", "mask": 1, "childOrSibling": []}], "jsonrpc": "2.0", "method": "exist", "id": "2e8f6fbc6c184c5dbad68d9e26d3d9b8"}=, NanoHttpd.QUERY_STRING={"params": [{"childOrSiblingSelector": [], "text": "Show", "mask": 1, "childOrSibling": []}], "jsonrpc": "2.0", "method": "exist", "id": "2e8f6fbc6c184c5dbad68d9e26d3d9b8"}}, files: {}
04-23 11:30:54.680 W/V2      ( 9389): BenchmarkServiceConnector: (non fatal) error: the BenchmarkService has unexpectedly disconnected.
04-23 11:30:54.770 E/libEGL  (11367): call to OpenGL ES API with no current context (logged once per thread)
04-23 11:30:54.820 F/libc    (11367): Fatal signal 6 (SIGABRT) at 0x00002c67 (code=-6), thread 11367 (enchMark:remote)
04-23 11:30:54.930 I/DEBUG   ( 8693): *** *** *** *** *** *** *** *** *** *** *** *** *** *** *** ***
04-23 11:30:54.930 I/DEBUG   ( 8693): Build fingerprint: 'Allwinner-Tablet/polaris_p1/polaris-p1:4.4.2/KOT49H/20140320:eng/test-keys'
04-23 11:30:54.930 I/DEBUG   ( 8693): Revision: '0'
04-23 11:30:54.930 I/DEBUG   ( 8693): pid: 11367, tid: 11367, name: enchMark:remote  >>> com.antutu.ABenchMark:remote <<<
04-23 11:30:54.930 I/DEBUG   ( 8693): signal 6 (SIGABRT), code -6 (SI_TKILL), fault addr --------
04-23 11:30:55.240 I/DEBUG   ( 8693):     r0 00000000  r1 00002c67  r2 00000006  r3 00000000
04-23 11:30:55.240 I/DEBUG   ( 8693):     r4 00000006  r5 00000002  r6 00002c67  r7 0000010c
04-23 11:30:55.240 I/DEBUG   ( 8693):     r8 be8c6578  r9 511d4e14  sl 4148e560  fp be8c64e4
04-23 11:30:55.240 I/DEBUG   ( 8693):     ip 5dd681b8  sp be8c6468  lr 4006a065  pc 40078fa0  cpsr 000f0010
04-23 11:30:55.240 I/DEBUG   ( 8693):     d0  41676e697265646e  d1  7470656378454950
04-23 11:30:55.240 I/DEBUG   ( 8693):     d2  472f736d65747368  d3  6372732f32534561
04-23 11:30:55.240 I/DEBUG   ( 8693):     d4  72674f2f4c47452f  d5  646e69574c474565
04-23 11:30:55.240 I/DEBUG   ( 8693):     d6  28207070632e776f  d7  30363120656e696c
04-23 11:30:55.240 I/DEBUG   ( 8693):     d8  0000000000000000  d9  0000000000000000
04-23 11:30:55.240 I/DEBUG   ( 8693):     d10 0000000000000000  d11 0000000000000000
04-23 11:30:55.240 I/DEBUG   ( 8693):     d12 0000000000000000  d13 0000000000000000
04-23 11:30:55.240 I/DEBUG   ( 8693):     d14 0000000000000000  d15 0000000000000000
04-23 11:30:55.240 I/DEBUG   ( 8693):     d16 fffffffffffeae80  d17 0000000000000000
04-23 11:30:55.240 I/DEBUG   ( 8693):     d18 0000000000000000  d19 bda8fae9be8838d4
04-23 11:30:55.240 I/DEBUG   ( 8693):     d20 be927c65627db97a  d21 bf56bbde129930b4
04-23 11:30:55.240 I/DEBUG   ( 8693):     d22 3e21ed4943eaa517  d23 3fe0000000000000
04-23 11:30:55.240 I/DEBUG   ( 8693):     d24 3ff0000000000000  d25 3f1f16c5cab3294b
04-23 11:30:55.240 I/DEBUG   ( 8693):     d26 bc8e000000000000  d27 3f1f16c5cab31a4b
04-23 11:30:55.240 I/DEBUG   ( 8693):     d28 3fef2640d28080e0  d29 3f81a3400caf2112
04-23 11:30:55.240 I/DEBUG   ( 8693):     d30 0000000000000000  d31 3f55c2778a8be9cf
04-23 11:30:55.240 I/DEBUG   ( 8693):     scr 2000001b
04-23 11:30:55.240 I/DEBUG   ( 8693): 
04-23 11:30:55.240 I/DEBUG   ( 8693): backtrace:
04-23 11:30:55.240 I/DEBUG   ( 8693):     #00  pc 00021fa0  /system/lib/libc.so (tgkill+12)
04-23 11:30:55.240 I/DEBUG   ( 8693):     #01  pc 00013061  /system/lib/libc.so (pthread_kill+48)
04-23 11:30:55.240 I/DEBUG   ( 8693):     #02  pc 00013275  /system/lib/libc.so (raise+10)
04-23 11:30:55.240 I/DEBUG   ( 8693):     #03  pc 00011fa9  /system/lib/libc.so
04-23 11:30:55.240 I/DEBUG   ( 8693):     #04  pc 00021854  /system/lib/libc.so (abort+4)
04-23 11:30:55.240 I/DEBUG   ( 8693):     #05  pc 0031e054  /data/data/com.antutu.ABenchMark/app_data/3drating.12 (__gnu_cxx::__verbose_terminate_handler()+276)
04-23 11:30:55.240 I/DEBUG   ( 8693): 
04-23 11:30:55.240 I/DEBUG   ( 8693): stack:
04-23 11:30:55.240 I/DEBUG   ( 8693):          be8c6428  be8c6430  [stack]
04-23 11:30:55.240 I/DEBUG   ( 8693):          be8c642c  40074c63  /system/lib/libc.so
04-23 11:30:55.240 I/DEBUG   ( 8693):          be8c6430  00000036  
04-23 11:30:55.240 I/DEBUG   ( 8693):          be8c6434  00000000  
04-23 11:30:55.240 I/DEBUG   ( 8693):          be8c6438  40099310  /system/lib/libc.so
04-23 11:30:55.240 I/DEBUG   ( 8693):          be8c643c  000007b2  
04-23 11:30:55.250 I/DEBUG   ( 8693):          be8c6440  000001e8  
04-23 11:30:55.250 I/DEBUG   ( 8693):          be8c6444  00007080  
04-23 11:30:55.250 I/DEBUG   ( 8693):          be8c6448  000007de  
04-23 11:30:55.250 I/DEBUG   ( 8693):          be8c644c  000007de  
04-23 11:30:55.250 I/DEBUG   ( 8693):          be8c6450  5940d8fc  
04-23 11:30:55.250 I/DEBUG   ( 8693):          be8c6454  59d46dac  /data/data/com.antutu.ABenchMark/app_data/3drating.12
04-23 11:30:55.250 I/DEBUG   ( 8693):          be8c6458  400a122c  /system/lib/libc.so
04-23 11:30:55.250 I/DEBUG   ( 8693):          be8c645c  0000000b  
04-23 11:30:55.250 I/DEBUG   ( 8693):          be8c6460  400a122c  /system/lib/libc.so
04-23 11:30:55.250 I/DEBUG   ( 8693):          be8c6464  000000c5  
04-23 11:30:55.250 I/DEBUG   ( 8693):     #00  be8c6468  00000006  
04-23 11:30:55.250 I/DEBUG   ( 8693):          be8c646c  00000002  
04-23 11:30:55.250 I/DEBUG   ( 8693):          be8c6470  00002c67  
04-23 11:30:55.250 I/DEBUG   ( 8693):          be8c6474  5dd681b8  
04-23 11:30:55.250 I/DEBUG   ( 8693):          be8c6478  5dd681b8  
04-23 11:30:55.250 I/DEBUG   ( 8693):          be8c647c  4006a065  /system/lib/libc.so (pthread_kill+52)
04-23 11:30:55.250 I/DEBUG   ( 8693):     #01  be8c6480  00000006  
04-23 11:30:55.250 I/DEBUG   ( 8693):          be8c6484  5bc30e7c  
04-23 11:30:55.250 I/DEBUG   ( 8693):          be8c6488  00000001  
04-23 11:30:55.250 I/DEBUG   ( 8693):          be8c648c  4006a279  /system/lib/libc.so (raise+14)
04-23 11:30:55.250 I/DEBUG   ( 8693):     #02  be8c6490  be8c649c  [stack]
04-23 11:30:55.250 I/DEBUG   ( 8693):          be8c6494  40068fad  /system/lib/libc.so
04-23 11:30:55.250 I/DEBUG   ( 8693): 
04-23 11:30:55.250 I/DEBUG   ( 8693): memory near r1:
04-23 11:30:55.250 I/DEBUG   ( 8693):     00002c44 ffffffff ffffffff ffffffff ffffffff  
04-23 11:30:55.250 I/DEBUG   ( 8693):     00002c54 ffffffff ffffffff ffffffff ffffffff  
04-23 11:30:55.250 I/DEBUG   ( 8693):     00002c64 ffffffff ffffffff ffffffff ffffffff  
04-23 11:30:55.250 I/DEBUG   ( 8693):     00002c74 ffffffff ffffffff ffffffff ffffffff  
04-23 11:30:55.250 I/DEBUG   ( 8693):     00002c84 ffffffff ffffffff ffffffff ffffffff  
04-23 11:30:55.250 I/DEBUG   ( 8693):     00002c94 ffffffff ffffffff ffffffff ffffffff  
04-23 11:30:55.250 I/DEBUG   ( 8693):     00002ca4 ffffffff ffffffff ffffffff ffffffff  
04-23 11:30:55.250 I/DEBUG   ( 8693):     00002cb4 ffffffff ffffffff ffffffff ffffffff  
04-23 11:30:55.250 I/DEBUG   ( 8693):     00002cc4 ffffffff ffffffff ffffffff ffffffff  
04-23 11:30:55.250 I/DEBUG   ( 8693):     00002cd4 ffffffff ffffffff ffffffff ffffffff  
04-23 11:30:55.250 I/DEBUG   ( 8693):     00002ce4 ffffffff ffffffff ffffffff ffffffff  
04-23 11:30:55.250 I/DEBUG   ( 8693):     00002cf4 ffffffff ffffffff ffffffff ffffffff  
04-23 11:30:55.250 I/DEBUG   ( 8693):     00002d04 ffffffff ffffffff ffffffff ffffffff  
04-23 11:30:55.250 I/DEBUG   ( 8693):     00002d14 ffffffff ffffffff ffffffff ffffffff  
04-23 11:30:55.250 I/DEBUG   ( 8693):     00002d24 ffffffff ffffffff ffffffff ffffffff  
04-23 11:30:55.250 I/DEBUG   ( 8693):     00002d34 ffffffff ffffffff ffffffff ffffffff  
04-23 11:30:55.250 I/DEBUG   ( 8693): 
04-23 11:30:55.250 I/DEBUG   ( 8693): memory near r6:
04-23 11:30:55.250 I/DEBUG   ( 8693):     00002c44 ffffffff ffffffff ffffffff ffffffff  
04-23 11:30:55.250 I/DEBUG   ( 8693):     00002c54 ffffffff ffffffff ffffffff ffffffff  
04-23 11:30:55.250 I/DEBUG   ( 8693):     00002c64 ffffffff ffffffff ffffffff ffffffff  
04-23 11:30:55.250 I/DEBUG   ( 8693):     00002c74 ffffffff ffffffff ffffffff ffffffff  
04-23 11:30:55.250 I/DEBUG   ( 8693):     00002c84 ffffffff ffffffff ffffffff ffffffff  
04-23 11:30:55.250 I/DEBUG   ( 8693):     00002c94 ffffffff ffffffff ffffffff ffffffff  
04-23 11:30:55.250 I/DEBUG   ( 8693):     00002ca4 ffffffff ffffffff ffffffff ffffffff  
04-23 11:30:55.250 I/DEBUG   ( 8693):     00002cb4 ffffffff ffffffff ffffffff ffffffff  
04-23 11:30:55.250 I/DEBUG   ( 8693):     00002cc4 ffffffff ffffffff ffffffff ffffffff  
04-23 11:30:55.250 I/DEBUG   ( 8693):     00002cd4 ffffffff ffffffff ffffffff ffffffff  
04-23 11:30:55.250 I/DEBUG   ( 8693):     00002ce4 ffffffff ffffffff ffffffff ffffffff  
04-23 11:30:55.250 I/DEBUG   ( 8693):     00002cf4 ffffffff ffffffff ffffffff ffffffff  
04-23 11:30:55.250 I/DEBUG   ( 8693):     00002d04 ffffffff ffffffff ffffffff ffffffff  
04-23 11:30:55.250 I/DEBUG   ( 8693):     00002d14 ffffffff ffffffff ffffffff ffffffff  
04-23 11:30:55.250 I/DEBUG   ( 8693):     00002d24 ffffffff ffffffff ffffffff ffffffff  
04-23 11:30:55.250 I/DEBUG   ( 8693):     00002d34 ffffffff ffffffff ffffffff ffffffff  
04-23 11:30:55.250 I/DEBUG   ( 8693): 
04-23 11:30:55.250 I/DEBUG   ( 8693): memory near r8:
04-23 11:30:55.250 I/DEBUG   ( 8693):     be8c6558 4148e550 00000000 511d4e1c 59ec04d0  
04-23 11:30:55.250 I/DEBUG   ( 8693):     be8c6568 51522150 58cc0a3c 52a47a3c 414adb50  
04-23 11:30:55.250 I/DEBUG   ( 8693):     be8c6578 511d4e14 00000001 00000008 419a6c48  
04-23 11:30:55.250 I/DEBUG   ( 8693):     be8c6588 4199c724 414ddff7 511d4e14 58c07b8d  
04-23 11:30:55.250 I/DEBUG   ( 8693):     be8c6598 58cc0a20 4148e560 5de164b8 40067ef5  
04-23 11:30:55.250 I/DEBUG   ( 8693):     be8c65a8 8da00019 00000000 4153f6c8 400a5384  
04-23 11:30:55.250 I/DEBUG   ( 8693):     be8c65b8 4148e578 ffffbfff 4148e578 415037b1  
04-23 11:30:55.250 I/DEBUG   ( 8693):     be8c65c8 4148e550 4148e550 5de164b8 00000000  
04-23 11:30:55.250 I/DEBUG   ( 8693):     be8c65d8 00000028 4150934d 52c4a20c 52c4a212  
04-23 11:30:55.250 I/DEBUG   ( 8693):     be8c65e8 0000002a 512e7f88 00000003 00002556  
04-23 11:30:55.250 I/DEBUG   ( 8693):     be8c65f8 00000001 419a6c48 4153f1f0 ffffffff  
04-23 11:30:55.250 I/DEBUG   ( 8693):     be8c6608 4148e458 00000020 00000001 00000020  
04-23 11:30:55.250 I/DEBUG   ( 8693):     be8c6618 4153f1f0 419d3850 4148e458 41503035  
04-23 11:30:55.250 I/DEBUG   ( 8693):     be8c6628 4153ac7c 4153ac7c 4153f1f0 ffffffff  
04-23 11:30:55.250 I/DEBUG   ( 8693):     be8c6638 4148e458 00000020 00000001 00000020  
04-23 11:30:55.250 I/DEBUG   ( 8693):     be8c6648 4153f1f0 419d38a8 4148e458 41503035  
04-23 11:30:55.260 I/DEBUG   ( 8693): 
04-23 11:30:55.260 I/DEBUG   ( 8693): memory near r9:
04-23 11:30:55.260 I/DEBUG   ( 8693):     511d4df4 419b0c50 511d4e28 58b3396a 511d4e28  
04-23 11:30:55.260 I/DEBUG   ( 8693):     511d4e04 58b33986 51522150 00000006 00000000  
04-23 11:30:55.260 I/DEBUG   ( 8693):     511d4e14 511d4e48 52a47a3c 51525f60 58b33986  
04-23 11:30:55.260 I/DEBUG   ( 8693):     511d4e24 00000000 00000001 52c47d7a 419b80b8  
04-23 11:30:55.260 I/DEBUG   ( 8693):     511d4e34 511d4e64 52a47a5c 51271d18 52a47a3c  
04-23 11:30:55.260 I/DEBUG   ( 8693):     511d4e44 00000000 419b80b8 419b4888 511d4e84  
04-23 11:30:55.260 I/DEBUG   ( 8693):     511d4e54 52c46610 51271d58 52a47a5c 00000000  
04-23 11:30:55.260 I/DEBUG   ( 8693):     511d4e64 419b80b8 419a9288 419b4888 511d4ec4  
04-23 11:30:55.260 I/DEBUG   ( 8693):     511d4e74 52a4c8bc 5123cb78 52c46610 00000000  
04-23 11:30:55.260 I/DEBUG   ( 8693):     511d4e84 00002c67 0000275c 00000000 4199d008  
04-23 11:30:55.260 I/DEBUG   ( 8693):     511d4e94 419b4888 00002c67 0000275c 4199d028  
04-23 11:30:55.260 I/DEBUG   ( 8693):     511d4ea4 419a9288 00000000 4199fe40 511d4eec  
04-23 11:30:55.260 I/DEBUG   ( 8693):     511d4eb4 00000000 512bb6e0 52a4c8bc 00000012  
04-23 11:30:55.260 I/DEBUG   ( 8693):     511d4ec4 4199d098 4199d198 00000000 00000000  
04-23 11:30:55.260 I/DEBUG   ( 8693):     511d4ed4 4199a128 511d4f00 00000000 00000000  
04-23 11:30:55.260 I/DEBUG   ( 8693):     511d4ee4 00000000 532f77ac 511d4f34 5228d7b6  
04-23 11:30:55.260 I/DEBUG   ( 8693): 
04-23 11:30:55.260 I/DEBUG   ( 8693): memory near sl:
04-23 11:30:55.260 I/DEBUG   ( 8693):     4148e540 00000000 00000800 511cc008 0000045b  
04-23 11:30:55.260 I/DEBUG   ( 8693):     4148e550 52cbebe8 511d4e14 51525f60 58c73000  
04-23 11:30:55.260 I/DEBUG   ( 8693):     4148e560 00000001 00000000 be8c66a8 00000000  
04-23 11:30:55.260 I/DEBUG   ( 8693):     4148e570 be8c66fc 00000001 00000000 414adcc0  
04-23 11:30:55.260 I/DEBUG   ( 8693):     4148e580 00000000 00000000 50830770 511cf300  
04-23 11:30:55.260 I/DEBUG   ( 8693):     4148e590 00000000 00000000 00000001 00006000  
04-23 11:30:55.260 I/DEBUG   ( 8693):     4148e5a0 00000000 40041154 414adcc0 414b2b80  
04-23 11:30:55.260 I/DEBUG   ( 8693):     4148e5b0 00000000 414b6c7c 414b6cf0 414b6ba0  
04-23 11:30:55.260 I/DEBUG   ( 8693):     4148e5c0 414b6bc0 414b6c1c 00000000 00000000  
04-23 11:30:55.260 I/DEBUG   ( 8693):     4148e5d0 5951c4b8 00000028 00000000 00000000  
04-23 11:30:55.260 I/DEBUG   ( 8693):     4148e5e0 00000000 00000006 00002000 4153f91c  
04-23 11:30:55.260 I/DEBUG   ( 8693):     4148e5f0 00000000 512e7f88 00000007 55146368  
04-23 11:30:55.260 I/DEBUG   ( 8693):     4148e600 00000001 00000080 00000200 00000004  
04-23 11:30:55.260 I/DEBUG   ( 8693):     4148e610 00000002 522d8eec 522d8eec 00000004  
04-23 11:30:55.260 I/DEBUG   ( 8693):     4148e620 522d7d60 512e8a40 f166deda 54e84e70  
04-23 11:30:55.260 I/DEBUG   ( 8693):     4148e630 5b5c59e8 5b5c59e0 2182da36 bc5eb328  
04-23 11:30:55.260 I/DEBUG   ( 8693): 
04-23 11:30:55.260 I/DEBUG   ( 8693): memory near fp:
04-23 11:30:55.260 I/DEBUG   ( 8693):     be8c64c4 59d6c058 5dd68110 00000000 5dd68110  
04-23 11:30:55.260 I/DEBUG   ( 8693):     be8c64d4 59d67390 00000001 59415058 be8c64ec  
04-23 11:30:55.260 I/DEBUG   ( 8693):     be8c64e4 59d67364 be8c64f4 59d673a8 be8c6504  
04-23 11:30:55.260 I/DEBUG   ( 8693):     be8c64f4 59d67530 5dd68168 5941509c be8c658c  
04-23 11:30:55.260 I/DEBUG   ( 8693):     be8c6504 59d9854c 5a148920 5a14968d 000000a0  
04-23 11:30:55.260 I/DEBUG   ( 8693):     be8c6514 59ebf858 5cee9e9c 00000001 59214a74  
04-23 11:30:55.260 I/DEBUG   ( 8693):     be8c6524 5de0a0a4 5a2e8c68 59ea86b8 5940c258  
04-23 11:30:55.260 I/DEBUG   ( 8693):     be8c6534 00000001 59ea8660 59ec0450 5940c258  
04-23 11:30:55.260 I/DEBUG   ( 8693):     be8c6544 4148e550 00000000 511d4e1c be8c6578  
04-23 11:30:55.260 I/DEBUG   ( 8693):     be8c6554 5940c258 4148e550 00000000 511d4e1c  
04-23 11:30:55.260 I/DEBUG   ( 8693):     be8c6564 59ec04d0 51522150 58cc0a3c 52a47a3c  
04-23 11:30:55.260 I/DEBUG   ( 8693):     be8c6574 414adb50 511d4e14 00000001 00000008  
04-23 11:30:55.260 I/DEBUG   ( 8693):     be8c6584 419a6c48 4199c724 414ddff7 511d4e14  
04-23 11:30:55.260 I/DEBUG   ( 8693):     be8c6594 58c07b8d 58cc0a20 4148e560 5de164b8  
04-23 11:30:55.260 I/DEBUG   ( 8693):     be8c65a4 40067ef5 8da00019 00000000 4153f6c8  
04-23 11:30:55.260 I/DEBUG   ( 8693):     be8c65b4 400a5384 4148e578 ffffbfff 4148e578  
04-23 11:30:55.260 I/DEBUG   ( 8693): 
04-23 11:30:55.260 I/DEBUG   ( 8693): memory near ip:
04-23 11:30:55.260 I/DEBUG   ( 8693):     5dd68198 00000000 646e6552 6e697265 49504167  
04-23 11:30:55.260 I/DEBUG   ( 8693):     5dd681a8 65637845 6f697470 ffff006e 00000041  
04-23 11:30:55.260 I/DEBUG   ( 8693):     5dd681b8 6572674f 65523a3a 7265646e 41676e69  
04-23 11:30:55.260 I/DEBUG   ( 8693):     5dd681c8 78454950 74706563 006e6f69 00000000  
04-23 11:30:55.260 I/DEBUG   ( 8693):     5dd681d8 00000001 00000019 00000000 61a2c000  
04-23 11:30:55.260 I/DEBUG   ( 8693):     5dd681e8 00000000 0000003f 00000040 0000008a  
04-23 11:30:55.260 I/DEBUG   ( 8693):     5dd681f8 1419ec40 62438c40 5c3d17d0 5de14dd8  
04-23 11:30:55.260 I/DEBUG   ( 8693):     5dd68208 1419ec40 00003200 0000000d 00000040  
04-23 11:30:55.260 I/DEBUG   ( 8693):     5dd68218 00000001 00000000 00000001 00000034  
04-23 11:30:55.260 I/DEBUG   ( 8693):     5dd68228 00000001 00000000 00000000 00000000  
04-23 11:30:55.260 I/DEBUG   ( 8693):     5dd68238 00000000 00000000 58ecce00 00000001  
04-23 11:30:55.260 I/DEBUG   ( 8693):     5dd68248 00000000 00000000 00000000 00000000  
04-23 11:30:55.260 I/DEBUG   ( 8693):     5dd68258 ffffffff 00000000 00000000 590e2c50  
04-23 11:30:55.260 I/DEBUG   ( 8693):     5dd68268 00000000 62438c40 00000000 0000003f  
04-23 11:30:55.260 I/DEBUG   ( 8693):     5dd68278 58f05198 00000013 5dd68290 00000000  
04-23 11:30:55.260 I/DEBUG   ( 8693):     5dd68288 00000000 00000033 00003000 00000000  
04-23 11:30:55.260 I/DEBUG   ( 8693): 
04-23 11:30:55.260 I/DEBUG   ( 8693): memory near sp:
04-23 11:30:55.260 I/DEBUG   ( 8693):     be8c6448 000007de 000007de 5940d8fc 59d46dac  
04-23 11:30:55.260 I/DEBUG   ( 8693):     be8c6458 400a122c 0000000b 400a122c 000000c5  
04-23 11:30:55.260 I/DEBUG   ( 8693):     be8c6468 00000006 00000002 00002c67 5dd681b8  
04-23 11:30:55.260 I/DEBUG   ( 8693):     be8c6478 5dd681b8 4006a065 00000006 5bc30e7c  
04-23 11:30:55.260 I/DEBUG   ( 8693):     be8c6488 00000001 4006a279 be8c649c 40068fad  
04-23 11:30:55.260 I/DEBUG   ( 8693):     be8c6498 400a122c ffffffdf 0000000a 00000000  
04-23 11:30:55.260 I/DEBUG   ( 8693):     be8c64a8 400a122c 400af324 0000000a 400a1184  
04-23 11:30:55.260 I/DEBUG   ( 8693):     be8c64b8 5bc30e7c 40078858 00002c67 59d6c058  
04-23 11:30:55.260 I/DEBUG   ( 8693):     be8c64c8 5dd68110 00000000 5dd68110 59d67390  
04-23 11:30:55.260 I/DEBUG   ( 8693):     be8c64d8 00000001 59415058 be8c64ec 59d67364  
04-23 11:30:55.270 I/DEBUG   ( 8693):     be8c64e8 be8c64f4 59d673a8 be8c6504 59d67530  
04-23 11:30:55.270 I/DEBUG   ( 8693):     be8c64f8 5dd68168 5941509c be8c658c 59d9854c  
04-23 11:30:55.270 I/DEBUG   ( 8693):     be8c6508 5a148920 5a14968d 000000a0 59ebf858  
04-23 11:30:55.270 I/DEBUG   ( 8693):     be8c6518 5cee9e9c 00000001 59214a74 5de0a0a4  
04-23 11:30:55.270 I/DEBUG   ( 8693):     be8c6528 5a2e8c68 59ea86b8 5940c258 00000001  
04-23 11:30:55.270 I/DEBUG   ( 8693):     be8c6538 59ea8660 59ec0450 5940c258 4148e550  
04-23 11:30:55.270 I/DEBUG   ( 8693): 
04-23 11:30:55.270 I/DEBUG   ( 8693): code around pc:
04-23 11:30:55.270 I/DEBUG   ( 8693):     40078f80 e8bd00f0 e3700a01 912fff1e e2600000  
04-23 11:30:55.270 I/DEBUG   ( 8693):     40078f90 ea006e76 e92d50f0 e3a07f43 ef000000  
04-23 11:30:55.270 I/DEBUG   ( 8693):     40078fa0 e8bd50f0 e3700a01 912fff1e e2600000  
04-23 11:30:55.270 I/DEBUG   ( 8693):     40078fb0 ea006e6e e92d50f0 e3a070ee ef000000  
04-23 11:30:55.270 I/DEBUG   ( 8693):     40078fc0 e8bd50f0 e3700a01 912fff1e e2600000  
04-23 11:30:55.270 I/DEBUG   ( 8693):     40078fd0 ea006e66 e1520003 8a00008c f5d1f040  
04-23 11:30:55.270 I/DEBUG   ( 8693):     40078fe0 e92d4001 e3520010 3a000024 e2603000  
04-23 11:30:55.270 I/DEBUG   ( 8693):     40078ff0 e213300f 0a00000e e0422003 e1b0cf83  
04-23 11:30:55.270 I/DEBUG   ( 8693):     40079000 44d1e001 44c0e001 24d1c001 24d1e001  
04-23 11:30:55.270 I/DEBUG   ( 8693):     40079010 24c0c001 24c0e001 e1b0ce83 aa000001  
04-23 11:30:55.270 I/DEBUG   ( 8693):     40079020 f4a1030d f480031d 3a000001 f421070d  
04-23 11:30:55.270 I/DEBUG   ( 8693):     40079030 f400071d e2522040 3a000006 f421020d  
04-23 11:30:55.270 I/DEBUG   ( 8693):     40079040 f421420d f5d1f100 e2522040 f400022d  
04-23 11:30:55.270 I/DEBUG   ( 8693):     40079050 f400422d 2afffff8 e2922020 3a000002  
04-23 11:30:55.270 I/DEBUG   ( 8693):     40079060 f421020d e2422020 f400022d e2822020  
04-23 11:30:55.270 I/DEBUG   ( 8693):     40079070 e3120010 0a000001 f4210a0d f4000a2d  
04-23 11:30:55.270 I/DEBUG   ( 8693): 
04-23 11:30:55.270 I/DEBUG   ( 8693): code around lr:
04-23 11:30:55.270 I/DEBUG   ( 8693):     4006a044 447b4b13 42b3e010 4812d10e 44786a1e  
04-23 11:30:55.270 I/DEBUG   ( 8693):     4006a054 ec94f7fb e9d6f00d 46224631 ef98f00e  
04-23 11:30:55.270 I/DEBUG   ( 8693):     4006a064 d00a3001 e00b2400 2b00681b 480ad1eb  
04-23 11:30:55.270 I/DEBUG   ( 8693):     4006a074 44782403 ec82f7fb f001e002 6804fa1b  
04-23 11:30:55.270 I/DEBUG   ( 8693):     4006a084 fa18f001 46206005 bf00bd70 0003b35e  
04-23 11:30:55.270 I/DEBUG   ( 8693):     4006a094 0003b352 0003b34a 0003b326 bf7ef7ff  
04-23 11:30:55.270 I/DEBUG   ( 8693):     4006a0a4 43f0e92d 4a3d4b3c 589c447b 6823b08b  
04-23 11:30:55.270 I/DEBUG   ( 8693):     4006a0b4 460d4606 f0019309 46a1f9fd 8000f8d0  
04-23 11:30:55.270 I/DEBUG   ( 8693):     4006a0c4 d0482d00 f00f4628 280ffe69 d8444604  
04-23 11:30:55.270 I/DEBUG   ( 8693):     4006a0d4 ffe4f7ff d1064286 4629200f e8a0f00d  
04-23 11:30:55.270 I/DEBUG   ( 8693):     4006a0e4 d03c2800 482ee02e f7fb4478 482debc6  
04-23 11:30:55.270 I/DEBUG   ( 8693):     4006a0f4 e0154478 d11342b0 482b6a06 f7fb4478  
04-23 11:30:55.270 I/DEBUG   ( 8693):     4006a104 4a2aec3e 447a2120 a8014633 f9fef013  
04-23 11:30:55.270 I/DEBUG   ( 8693):     4006a114 a8012101 fcfcf01a 46061c42 e011d104  
04-23 11:30:55.270 I/DEBUG   ( 8693):     4006a124 28006800 e02cd1e6 46294630 f00d4622  
04-23 11:30:55.270 I/DEBUG   ( 8693):     4006a134 1c43e8dc d11e4607 f9bcf001 29046801  
04-23 11:30:55.390 I/BootReceiver(  431): Copying /data/tombstones/tombstone_04 to DropBox (SYSTEM_TOMBSTONE)
04-23 11:30:55.440 W/InputDispatcher(  431): channel '41db7098 com.antutu.ABenchMark/com.antutu.ABenchMark.Test3D.OgreActivity (server)' ~ Consumer closed input channel or an error occurred.  events=0x9
04-23 11:30:55.440 E/InputDispatcher(  431): channel '41db7098 com.antutu.ABenchMark/com.antutu.ABenchMark.Test3D.OgreActivity (server)' ~ Channel is unrecoverably broken and will be disposed!
04-23 11:30:55.440 D/Zygote  (  111): Process 11367 terminated by signal (6)
04-23 11:30:55.460 D/dalvikvm(  431): GC_FOR_ALLOC freed 413K, 12% free 9420K/10644K, paused 75ms, total 78ms
04-23 11:30:55.470 I/dalvikvm-heap(  431): Grow heap (frag case) to 9.399MB for 171228-byte allocation
04-23 11:30:55.510 D/dalvikvm(  431): GC_FOR_ALLOC freed 19K, 12% free 9568K/10812K, paused 43ms, total 43ms
04-23 11:30:55.510 I/qtaguid (  431): Failed write_ctrl(s 0 10076) res=-1 errno=1
04-23 11:30:55.510 W/NetworkManagementSocketTagger(  431): setKernelCountSet(10076, 0) failed with errno -1
04-23 11:30:55.510 I/ActivityManager(  431): Process com.antutu.ABenchMark:remote (pid 11367) has died.
