04-28 09:14:24.916 I/LoaderReceiver( 1377): data now is :Mon Apr 28 09:14:24 GMT+08:00 2014
04-28 09:14:24.916 I/LoaderReceiver( 1377): check will at time:Tue Apr 29 09:14:24 GMT+08:00 2014
04-28 09:14:24.926 D/dalvikvm(  114): GC_EXPLICIT freed <1K, 2% free 4361K/4440K, paused 2ms+12ms, total 47ms
04-28 09:14:24.946 W/ContextImpl(  833): Implicit intents with startService are not safe: Intent { act=com.google.android.gms.INITIALIZE } android.content.ContextWrapper.startService:494 android.content.ContextWrapper.startService:494 com.google.android.gms.init.InitializeGmsReceiver.onReceive:29 
04-28 09:14:24.966 D/dalvikvm(  114): GC_EXPLICIT freed <1K, 2% free 4361K/4440K, paused 2ms+3ms, total 48ms
04-28 09:14:24.966 I/ActivityManager(  450): Delay finish: com.google.android.gms/.init.InitializeGmsReceiver
04-28 09:14:24.976 I/ActivityManager(  450): Resuming delayed broadcast
04-28 09:14:24.986 I/ActivityManager(  450): Killing 936:com.android.dialer/u0a4 (adj 15): empty #17
04-28 09:14:24.996 W/ContextImpl(  833): Implicit intents with startService are not safe: Intent { act=com.google.android.gms.INITIALIZE } android.content.ContextWrapper.startService:494 android.content.ContextWrapper.startService:494 com.google.android.gms.init.InitializeGmsReceiver.onReceive:29 
04-28 09:14:25.006 D/GCM     (  853): GcmService start Intent { act=com.google.android.gms.INITIALIZE flg=0x10 pkg=com.google.android.gms cmp=com.google.android.gms/.gcm.GcmService } com.google.android.gms.INITIALIZE
04-28 09:14:25.006 I/ActivityManager(  450): Delay finish: com.google.android.gms/.init.InitializeGmsReceiver
04-28 09:14:25.016 I/ActivityManager(  450): Resuming delayed broadcast
04-28 09:14:25.046 D/GCM     (  853): GcmService start Intent { act=com.google.android.gms.INITIALIZE flg=0x10 pkg=com.google.android.gms cmp=com.google.android.gms/.gcm.GcmService } com.google.android.gms.INITIALIZE
04-28 09:14:25.066 I/ActivityManager(  450): Start proc com.google.android.music:main for broadcast com.google.android.music/.store.MediaStoreImportService$Receiver: pid=1396 uid=10048 gids={50048, 3003, 1028, 1015}
04-28 09:14:25.186 I/GCoreUlr(  805): Ensuring that reporting is stopped because of reasons: (no Google accounts)
04-28 09:14:25.186 D/GCoreFlp(  805): Unknown pending intent to remove.
04-28 09:14:25.186 I/GCoreUlr(  805): Unbound from all location providers
04-28 09:14:25.216 I/MusicStore( 1396): Database version: 75
04-28 09:14:25.226 W/ContextImpl( 1396): Implicit intents with startService are not safe: Intent { act=com.google.android.music.PREFERENCE_SERVICE } android.content.ContextWrapper.bindService:517 com.google.android.music.utils.SafeServiceConnection$ServiceConnectionImp.bindService:98 com.google.android.music.utils.SafeServiceConnection.bindService:259 
04-28 09:14:25.256 D/dalvikvm( 1396): GC_CONCURRENT freed 210K, 6% free 4554K/4800K, paused 2ms+3ms, total 27ms
04-28 09:14:25.286 W/ContextImpl( 1396): Implicit intents with startService are not safe: Intent { act=com.google.android.music.NETWORK_MONITOR_SERVICE } android.content.ContextWrapper.bindService:517 com.google.android.music.utils.SafeServiceConnection$ServiceConnectionImp.bindService:98 com.google.android.music.utils.SafeServiceConnection.bindService:259 
04-28 09:14:25.346 D/MusicPreferences( 1396): Set pref key LogFilesEnabled=false
04-28 09:14:25.366 D/dalvikvm( 1396): GC_CONCURRENT freed 259K, 6% free 4705K/5000K, paused 2ms+4ms, total 30ms
04-28 09:14:25.436 I/MediaRouter( 1396): Found default route: MediaRouter.RouteInfo{ uniqueId=android/.support.v7.media.SystemMediaRouteProvider:DEFAULT_ROUTE, name=Tablet, description=null, enabled=true, connecting=false, playbackType=0, playbackStream=3, volumeHandling=1, volume=11, volumeMax=15, presentationDisplayId=-1, extras=null, providerPackageName=android }
04-28 09:14:25.456 I/ActivityManager(  450): Delay finish: com.google.android.music/.store.MediaStoreImportService$Receiver
04-28 09:14:25.486 D/MusicPreferences( 1396): Set pref key isInvalidAccount=false
04-28 09:14:25.506 D/MusicPreferences( 1396): Set pref key upgradeSyncDone=false
04-28 09:14:25.536 D/MusicStore( 1396): Disabled WAL
04-28 09:14:25.576 D/MusicStore( 1396): Database opened
04-28 09:14:25.656 D/dalvikvm( 1396): GC_CONCURRENT freed 237K, 6% free 4858K/5132K, paused 3ms+2ms, total 38ms
04-28 09:14:25.666 D/dalvikvm(  833): GC_CONCURRENT freed 386K, 9% free 4705K/5128K, paused 2ms+3ms, total 38ms
04-28 09:14:25.726 I/MediaStoreImporter( 1396): Update: incremental Added music: 0 Updated music: 0 Deleted music: 0 Created playlists: 0 Updated playlists: 0 Deleted playlists: 0 Inserted playlist items: 0 Deleted playlist items: 0 Removed orphaned playlist items: 0
04-28 09:14:25.726 I/ActivityManager(  450): Resuming delayed broadcast
04-28 09:14:25.766 I/ActivityManager(  450): Killing 963:com.android.providers.calendar/u0a1 (adj 15): empty #17
04-28 09:14:25.776 D/GCM     (  853): GcmService start Intent { act=android.net.conn.CONNECTIVITY_CHANGE flg=0x4000010 cmp=com.google.android.gms/.gcm.GcmService (has extras) } android.net.conn.CONNECTIVITY_CHANGE
04-28 09:14:25.846 V/UpdateService( 1377): UpdateService onCreate
04-28 09:14:25.866 D/GCM     (  853): GcmService start Intent { act=android.net.conn.CONNECTIVITY_CHANGE flg=0x4000010 cmp=com.google.android.gms/.gcm.GcmService (has extras) } android.net.conn.CONNECTIVITY_CHANGE
04-28 09:14:25.876 V/UpdateService( 1377): status=0
04-28 09:14:25.896 V/CheckingTask( 1377): send post to server
04-28 09:14:25.936 I/ActivityManager(  450): Delay finish: com.android.deskclock/com.android.alarmclock.DigitalAppWidgetProvider
04-28 09:14:25.996 D/dalvikvm( 1377): GC_CONCURRENT freed 265K, 7% free 4485K/4788K, paused 3ms+1ms, total 18ms
04-28 09:14:26.296 D/ConnectivityService(  450): handleInetConditionHoldEnd: net=1, condition=100, published condition=100
04-28 09:14:37.736 D/dalvikvm(  450): GC_CONCURRENT freed 864K, 11% free 8418K/9436K, paused 3ms+5ms, total 71ms
04-28 09:14:40.846 I/ActivityManager(  450): Waited long enough for: ServiceRecord{421e0370 u0 com.softwinner.update/.UpdateService}
04-28 09:14:40.846 I/ActivityManager(  450): Resuming delayed broadcast
04-28 09:14:40.966 D/AlertReceiver( 1232): onReceive: a=android.intent.action.PROVIDER_CHANGED Intent { act=android.intent.action.PROVIDER_CHANGED dat=content://com.android.calendar flg=0x10 cmp=com.google.android.calendar/com.android.calendar.alerts.AlertReceiver }
04-28 09:14:41.056 I/ActivityManager(  450): Delay finish: com.google.android.calendar/com.android.calendar.alerts.AlertReceiver
04-28 09:14:41.066 D/dalvikvm( 1262): GC_CONCURRENT freed 274K, 7% free 4515K/4824K, paused 5ms+2ms, total 45ms
04-28 09:14:41.076 D/AlertService( 1232): 0 Action = android.intent.action.PROVIDER_CHANGED
04-28 09:14:43.436 I/CheckingTask( 1377): response status:  200
04-28 09:14:43.446 W/System.err( 1377): org.xml.sax.SAXParseException: processing instructions must not start with xml (position:unknown 
04-28 09:14:43.446 W/System.err( 1377): @2:1 in java.io.InputStreamReader@41db2ae0) 
04-28 09:14:43.456 W/System.err( 1377): 	at org.apache.harmony.xml.parsers.DocumentBuilderImpl.parse(DocumentBuilderImpl.java:146)
04-28 09:14:43.456 W/System.err( 1377): 	at javax.xml.parsers.DocumentBuilder.parse(DocumentBuilder.java:107)
04-28 09:14:43.456 W/System.err( 1377): 	at com.softwinner.update.CheckingTask.parser(CheckingTask.java:330)
04-28 09:14:43.456 W/System.err( 1377): 	at com.softwinner.update.CheckingTask.sendPost(CheckingTask.java:309)
04-28 09:14:43.456 W/System.err( 1377): 	at com.softwinner.update.CheckingTask.onRunning(CheckingTask.java:179)
04-28 09:14:43.456 W/System.err( 1377): 	at com.softwinner.update.ThreadTask.run(ThreadTask.java:43)
04-28 09:14:43.456 W/System.err( 1377): 	at java.lang.Thread.run(Thread.java:841)
04-28 09:14:43.456 V/CheckingTask( 1377): send post to server
04-28 09:14:46.096 D/AlertService( 1232): Beginning updateAlertNotification
04-28 09:14:46.126 I/ActivityManager(  450): Start proc com.android.providers.calendar for content provider com.android.providers.calendar/.CalendarProvider2: pid=1453 uid=10001 gids={50001, 3003, 1028, 1015}
04-28 09:14:46.216 I/CalendarProvider2( 1453): Created com.android.providers.calendar.CalendarAlarmManager@41d80208(com.android.providers.calendar.CalendarProvider2@41d77e58)
04-28 09:14:46.256 D/AlertService( 1232): No fired or scheduled alerts
04-28 09:14:46.276 D/AlertService( 1232): Scheduling next alarm with AlarmScheduler. sEventReminderReceived: null
04-28 09:14:46.306 D/AlarmScheduler( 1232): No events found starting within 1 week.
04-28 09:14:47.256 I/CalendarProvider2( 1453): Sending notification intent: Intent { act=android.intent.action.PROVIDER_CHANGED dat=content://com.android.calendar }
04-28 09:14:47.256 W/ContentResolver( 1453): Failed to get type for: content://com.android.calendar (Unknown URL content://com.android.calendar)
04-28 09:14:47.256 I/ActivityManager(  450): Resuming delayed broadcast
04-28 09:14:47.276 W/ContextImpl(  833): Implicit intents with startService are not safe: Intent { act=com.google.android.gms.INITIALIZE } android.content.ContextWrapper.startService:494 android.content.ContextWrapper.startService:494 com.google.android.gms.init.InitializeGmsReceiver.onReceive:29 
04-28 09:14:47.276 I/ActivityManager(  450): Delay finish: com.google.android.gms/.init.InitializeGmsReceiver
04-28 09:14:47.286 I/ActivityManager(  450): Resuming delayed broadcast
04-28 09:14:47.296 D/GCM     (  853): GcmService start Intent { act=com.google.android.gms.INITIALIZE flg=0x10 pkg=com.google.android.gms cmp=com.google.android.gms/.gcm.GcmService } com.google.android.gms.INITIALIZE
04-28 09:14:47.306 W/ContextImpl(  833): Implicit intents with startService are not safe: Intent { act=com.google.android.gms.INITIALIZE } android.content.ContextWrapper.startService:494 android.content.ContextWrapper.startService:494 com.google.android.gms.init.InitializeGmsReceiver.onReceive:29 
04-28 09:14:47.306 I/ActivityManager(  450): Delay finish: com.google.android.gms/.init.InitializeGmsReceiver
04-28 09:14:47.316 I/ActivityManager(  450): Resuming delayed broadcast
04-28 09:14:47.326 D/GCM     (  853): GcmService start Intent { act=com.google.android.gms.INITIALIZE flg=0x10 pkg=com.google.android.gms cmp=com.google.android.gms/.gcm.GcmService } com.google.android.gms.INITIALIZE
04-28 09:14:47.386 V/AlarmClock( 1262): AlarmInitReceiver android.intent.action.TIME_SET
04-28 09:14:47.406 I/AlarmClock( 1262): Displaying next alarm time: ''
04-28 09:14:47.436 I/ActivityManager(  450): Delay finish: com.google.android.inputmethod.latin/com.android.inputmethod.latin.personalization.DictionaryDecayBroadcastReciever
04-28 09:14:47.446 I/LatinIME:LogUtils(  612): Dictionary info: dictionary = UserHistoryDictionary.en_US.dic ; version = ? ; date = 1398647687
04-28 09:14:47.466 V/AlarmClock( 1262): AlarmInitReceiver finished
04-28 09:14:47.476 I/ActivityManager(  450): Resuming delayed broadcast
04-28 09:14:47.486 D/AlarmManagerService(  450): Kernel timezone updated to -480 minutes west of GMT
04-28 09:14:47.586 D/dalvikvm( 1232): GC_CONCURRENT freed 296K, 7% free 4455K/4788K, paused 9ms+2ms, total 74ms
04-28 09:14:47.586 V/AuthZen ( 1004): Received broadcast action: com.google.android.gms.auth.authzen.CHECK_REGISTRATION
04-28 09:14:47.586 I/ActivityManager(  450): Delay finish: com.google.android.gms/.auth.authzen.GcmReceiverService$Receiver
04-28 09:14:47.596 V/AuthZen ( 1004): Received a GCM message.
04-28 09:14:47.606 I/AuthZen ( 1004): Fetching signing key...
04-28 09:14:47.616 I/AuthZen ( 1004): Signing key fetched successfuly!
04-28 09:14:47.616 I/ActivityManager(  450): Resuming delayed broadcast
04-28 09:14:47.646 I/ActivityManager(  450): Delay finish: com.google.android.music/.leanback.AutoCacheSchedulingService$EnablingReceiver
04-28 09:14:47.666 W/ContextImpl( 1396): Implicit intents with startService are not safe: Intent { act=com.google.android.music.NETWORK_MONITOR_SERVICE } android.content.ContextWrapper.bindService:517 com.google.android.music.utils.SafeServiceConnection$ServiceConnectionImp.bindService:98 com.google.android.music.utils.SafeServiceConnection.bindService:259 
04-28 09:14:47.686 I/MusicLeanback( 1396): Conditions not met for autocaching.
04-28 09:14:47.686 I/MusicLeanback( 1396): Stop autocaching.
04-28 09:14:47.686 D/dalvikvm( 1396): GC_CONCURRENT freed 244K, 6% free 5049K/5336K, paused 2ms+2ms, total 23ms
04-28 09:14:47.696 W/ContextImpl( 1396): Implicit intents with startService are not safe: Intent { act=com.google.android.music.NETWORK_MONITOR_SERVICE } android.content.ContextWrapper.bindService:517 com.google.android.music.utils.SafeServiceConnection$ServiceConnectionImp.bindService:98 com.google.android.music.utils.SafeServiceConnection.bindService:259 
04-28 09:14:47.696 I/ActivityManager(  450): Resuming delayed broadcast
04-28 09:14:47.706 D/CacheService( 1396): onCreate
04-28 09:14:47.756 D/CacheService( 1396): onBind
04-28 09:14:47.776 I/ActivityManager(  450): Delay finish: com.android.providers.calendar/.CalendarProviderBroadcastReceiver
04-28 09:14:47.786 D/CacheService( 1396): onDestroy
04-28 09:14:47.796 I/ActivityManager(  450): Resuming delayed broadcast
04-28 09:14:47.806 I/ActivityManager(  450): Delay finish: com.google.android.gms/.icing.impl.SystemEventReceiver
04-28 09:14:47.816 I/ActivityManager(  450): Resuming delayed broadcast
04-28 09:14:47.826 I/ActivityManager(  450): Delay finish: com.google.android.gms/.analytics.GServicesChangedReceiver
04-28 09:14:47.846 V/GA-SERVICE(  833): Thread[IntentService[RefreshEnabledStateService],5,main]: Update service enabled state to: 2
04-28 09:14:47.856 D/GCM     (  853): GcmService start Intent { act=com.google.gservices.intent.action.GSERVICES_CHANGED flg=0x10 cmp=com.google.android.gms/.gcm.GcmService } com.google.gservices.intent.action.GSERVICES_CHANGED
04-28 09:14:47.856 I/ActivityManager(  450): Resuming delayed broadcast
04-28 09:14:47.866 W/GCM     (  853): DIR: /data/data/com.google.android.gms/app_APP /data/data/com.google.android.gsf
04-28 09:14:47.906 I/ActivityManager(  450): Delay finish: com.google.android.partnersetup/.GservicesChangedReceiver
04-28 09:14:47.976 I/GCoreUlr(  805): Ensuring that reporting is stopped because of reasons: (no Google accounts)
04-28 09:14:47.976 D/GCoreFlp(  805): Unknown pending intent to remove.
04-28 09:14:47.976 I/GCoreUlr(  805): Unbound from all location providers
04-28 09:14:48.006 D/dalvikvm(  805): GC_CONCURRENT freed 356K, 12% free 5144K/5832K, paused 3ms+4ms, total 27ms
04-28 09:14:48.096 D/dalvikvm(  888): GC_CONCURRENT freed 277K, 7% free 4469K/4784K, paused 5ms+2ms, total 21ms
04-28 09:14:48.166 D/dalvikvm(  853): GC_EXPLICIT freed 306K, 10% free 4920K/5408K, paused 2ms+5ms, total 38ms
04-28 09:14:48.196 I/ActivityManager(  450): Resuming delayed broadcast
04-28 09:14:48.206 I/ActivityManager(  450): Delay finish: com.google.android.gsf/.checkin.CheckinService$Receiver
04-28 09:14:48.216 I/ActivityManager(  450): Resuming delayed broadcast
04-28 09:14:48.236 I/ActivityManager(  450): Delay finish: com.google.android.gsf/.update.SystemUpdateService$Receiver
04-28 09:14:48.236 I/SystemUpdateService(  853): cancelUpdate (empty URL)
04-28 09:14:48.246 I/SystemUpdateService(  853): cancelUpdate (empty URL)
04-28 09:14:48.266 I/ActivityManager(  450): Resuming delayed broadcast
04-28 09:14:48.336 I/Search.GservicesUpdateTask( 1167): Updating Gservices keys
04-28 09:14:48.336 I/ActivityManager(  450): Delay finish: com.google.android.gsf/.settings.GoogleLocationSettings$LocationSettingsChangedListener
04-28 09:14:48.356 I/Search.RefreshSearchDomainAndCookiesTask( 1167): refreshing search domain
04-28 09:14:48.356 W/Search.SearchUrlHelper( 1167): Auth token not ready, no auth header set.
04-28 09:14:48.566 W/Search.LoginHelper( 1167): blockingGetGaiaWebLoginLink: account null, returning.
04-28 09:14:48.576 I/ActivityManager(  450): Resuming delayed broadcast
04-28 09:14:48.596 I/ActivityManager(  450): Delay finish: com.google.android.music/.store.MediaStoreImportService$Receiver
04-28 09:14:48.606 I/ActivityManager(  450): Resuming delayed broadcast
04-28 09:14:48.616 I/ActivityManager(  450): Delay finish: com.google.android.music/.store.MediaStoreImportService$Receiver
04-28 09:14:48.666 I/MediaStoreImporter( 1396): Update: incremental Added music: 0 Updated music: 0 Deleted music: 0 Created playlists: 0 Updated playlists: 0 Deleted playlists: 0 Inserted playlist items: 0 Deleted playlist items: 0 Removed orphaned playlist items: 0
04-28 09:14:48.666 I/ActivityManager(  450): Resuming delayed broadcast
04-28 09:14:48.676 I/ActivityManager(  450): Delay finish: com.android.mms/.transaction.SmsReceiver
04-28 09:14:48.686 V/SmsReceiverService( 1087): onStart: #1 mResultCode: -1 = Activity.RESULT_OK
04-28 09:14:48.706 I/ActivityManager(  450): Resuming delayed broadcast
04-28 09:14:48.706 D/ConnectivityService(  450): Sampling interval elapsed, updating statistics ..
04-28 09:14:48.706 D/ConnectivityService(  450): Done.
04-28 09:14:48.706 D/ConnectivityService(  450): Setting timer for 720seconds
04-28 09:14:48.746 I/ActivityManager(  450): Delay finish: com.android.providers.calendar/.CalendarProviderBroadcastReceiver
04-28 09:14:48.766 I/ActivityManager(  450): Resuming delayed broadcast
04-28 09:14:48.786 I/ActivityManager(  450): Delay finish: com.google.android.music/.leanback.AutoCacheSchedulingService$EnablingReceiver
04-28 09:14:48.796 W/ContextImpl( 1396): Implicit intents with startService are not safe: Intent { act=com.google.android.music.NETWORK_MONITOR_SERVICE } android.content.ContextWrapper.bindService:517 com.google.android.music.utils.SafeServiceConnection$ServiceConnectionImp.bindService:98 com.google.android.music.utils.SafeServiceConnection.bindService:259 
04-28 09:14:48.806 W/ContextImpl( 1396): Implicit intents with startService are not safe: Intent { act=com.google.android.music.NETWORK_MONITOR_SERVICE } android.content.ContextWrapper.bindService:517 com.google.android.music.utils.SafeServiceConnection$ServiceConnectionImp.bindService:98 com.google.android.music.utils.SafeServiceConnection.bindService:259 
04-28 09:14:48.806 I/MusicLeanback( 1396): Conditions not met for autocaching.
04-28 09:14:48.806 I/MusicLeanback( 1396): Stop autocaching.
04-28 09:14:48.806 D/CacheService( 1396): onCreate
04-28 09:14:48.806 D/CacheService( 1396): onBind
04-28 09:14:48.806 I/ActivityManager(  450): Resuming delayed broadcast
04-28 09:14:48.816 D/AlertReceiver( 1232): onReceive: a=android.intent.action.PROVIDER_CHANGED Intent { act=android.intent.action.PROVIDER_CHANGED dat=content://com.android.calendar flg=0x10 cmp=com.google.android.calendar/com.android.calendar.alerts.AlertReceiver }
04-28 09:14:48.826 D/CacheService( 1396): onDestroy
04-28 09:14:48.826 D/AlertService( 1232): 0 Action = android.intent.action.PROVIDER_CHANGED
04-28 09:14:48.826 I/ActivityManager(  450): Delay finish: com.google.android.calendar/com.android.calendar.alerts.AlertReceiver
04-28 09:14:49.896 D/        ( 1348): intervalx=332719525
04-28 09:14:49.906 D/BluetoothManagerService(  450): Message: 20
04-28 09:14:49.966 I/System.out( 1348): passive
04-28 09:14:49.966 I/System.out( 1348): gps
04-28 09:14:49.966 I/System.out( 1348): network
04-28 09:14:49.986 D/dalvikvm(  450): GC_EXPLICIT freed 826K, 11% free 8475K/9424K, paused 4ms+10ms, total 83ms
04-28 09:14:49.986 D/BluetoothManagerService(  450): Added callback: android.bluetooth.IBluetoothManagerCallback$Stub$Proxy@4223e438:true
04-28 09:14:50.026 D/dalvikvm( 1348): GC_CONCURRENT freed 316K, 8% free 4452K/4804K, paused 2ms+2ms, total 20ms
04-28 09:14:50.866 D/PowerManagerService(  450): mHoldBootFastWakeLock = true
04-28 09:14:53.836 D/AlertService( 1232): Beginning updateAlertNotification
04-28 09:14:53.836 D/AlertService( 1232): No fired or scheduled alerts
04-28 09:14:53.856 D/AlertService( 1232): Scheduling next alarm with AlarmScheduler. sEventReminderReceived: null
04-28 09:14:53.866 D/AlarmScheduler( 1232): No events found starting within 1 week.
04-28 09:14:53.866 I/ActivityManager(  450): Resuming delayed broadcast
04-28 09:14:55.216 D/dalvikvm(  612): GC_CONCURRENT freed 270K, 7% free 4677K/4980K, paused 3ms+2ms, total 36ms
04-28 09:14:55.326 I/DownloadManager(  578): Download 12 starting
04-28 09:14:55.336 W/ActivityThread(  578): ClassLoader.loadClass: The class loader returned by Thread.getContextClassLoader() may fail for processes that host multiple applications. You should explicitly specify a context class loader. For example: Thread.setContextClassLoader(getClass().getClassLoader());
04-28 09:14:55.396 D/dalvikvm(  578): GC_CONCURRENT freed 384K, 9% free 4729K/5144K, paused 2ms+6ms, total 29ms
04-28 09:14:55.436 I/qtaguid (  578): Failed write_ctrl(t 65 18446742978492891136 10043) res=-1 errno=1
04-28 09:14:55.436 I/qtaguid (  578): Tagging socket 65 with tag ffffff0100000000(-255) for uid 10043 failed errno=-1
04-28 09:14:55.436 I/NetworkManagementSocketTagger(  578): tagSocketFd(65, -255, 10043) failed with errno-1
04-28 09:14:56.456 I/qtaguid (  578): Failed write_ctrl(t 69 18446742978492891136 10043) res=-1 errno=1
04-28 09:14:56.456 I/qtaguid (  578): Tagging socket 69 with tag ffffff0100000000(-255) for uid 10043 failed errno=-1
04-28 09:14:56.456 I/NetworkManagementSocketTagger(  578): tagSocketFd(69, -255, 10043) failed with errno-1
04-28 09:14:56.456 I/qtaguid (  578): Failed write_ctrl(u 69) res=-1 errno=22
04-28 09:14:56.456 I/qtaguid (  578): Untagging socket 69 failed errno=-22
04-28 09:14:56.456 W/NetworkManagementSocketTagger(  578): untagSocket(69) failed with errno -22
04-28 09:14:56.456 I/qtaguid (  578): Failed write_ctrl(t 69 18446742978492891136 10043) res=-1 errno=1
04-28 09:14:56.456 I/qtaguid (  578): Tagging socket 69 with tag ffffff0100000000(-255) for uid 10043 failed errno=-1
04-28 09:14:56.456 I/NetworkManagementSocketTagger(  578): tagSocketFd(69, -255, 10043) failed with errno-1
04-28 09:14:56.456 I/qtaguid (  578): Failed write_ctrl(u 69) res=-1 errno=22
04-28 09:14:56.456 I/qtaguid (  578): Untagging socket 69 failed errno=-22
04-28 09:14:56.456 W/NetworkManagementSocketTagger(  578): untagSocket(69) failed with errno -22
04-28 09:14:56.476 I/qtaguid (  578): Failed write_ctrl(t 69 18446742978492891136 10043) res=-1 errno=1
04-28 09:14:56.476 I/qtaguid (  578): Tagging socket 69 with tag ffffff0100000000(-255) for uid 10043 failed errno=-1
04-28 09:14:56.476 I/NetworkManagementSocketTagger(  578): tagSocketFd(69, -255, 10043) failed with errno-1
04-28 09:14:56.476 I/qtaguid (  578): Failed write_ctrl(u 69) res=-1 errno=22
04-28 09:14:56.476 I/qtaguid (  578): Untagging socket 69 failed errno=-22
04-28 09:14:56.476 W/NetworkManagementSocketTagger(  578): untagSocket(69) failed with errno -22
04-28 09:14:56.476 I/qtaguid (  578): Failed write_ctrl(t 69 18446742978492891136 10043) res=-1 errno=1
04-28 09:14:56.476 I/qtaguid (  578): Tagging socket 69 with tag ffffff0100000000(-255) for uid 10043 failed errno=-1
04-28 09:14:56.476 I/NetworkManagementSocketTagger(  578): tagSocketFd(69, -255, 10043) failed with errno-1
04-28 09:14:56.476 I/qtaguid (  578): Failed write_ctrl(u 69) res=-1 errno=22
04-28 09:14:56.476 I/qtaguid (  578): Untagging socket 69 failed errno=-22
04-28 09:14:56.476 W/NetworkManagementSocketTagger(  578): untagSocket(69) failed with errno -22
04-28 09:14:56.476 I/qtaguid (  578): Failed write_ctrl(t 69 18446742978492891136 10043) res=-1 errno=1
04-28 09:14:56.476 I/qtaguid (  578): Tagging socket 69 with tag ffffff0100000000(-255) for uid 10043 failed errno=-1
04-28 09:14:56.476 I/NetworkManagementSocketTagger(  578): tagSocketFd(69, -255, 10043) failed with errno-1
04-28 09:14:56.476 I/qtaguid (  578): Failed write_ctrl(u 69) res=-1 errno=22
04-28 09:14:56.476 I/qtaguid (  578): Untagging socket 69 failed errno=-22
04-28 09:14:56.476 W/NetworkManagementSocketTagger(  578): untagSocket(69) failed with errno -22
04-28 09:14:56.476 I/qtaguid (  578): Failed write_ctrl(t 69 18446742978492891136 10043) res=-1 errno=1
04-28 09:14:56.476 I/qtaguid (  578): Tagging socket 69 with tag ffffff0100000000(-255) for uid 10043 failed errno=-1
04-28 09:14:56.476 I/NetworkManagementSocketTagger(  578): tagSocketFd(69, -255, 10043) failed with errno-1
04-28 09:14:56.476 I/qtaguid (  578): Failed write_ctrl(u 69) res=-1 errno=22
04-28 09:14:56.476 I/qtaguid (  578): Untagging socket 69 failed errno=-22
04-28 09:14:56.476 W/NetworkManagementSocketTagger(  578): untagSocket(69) failed with errno -22
04-28 09:14:56.486 D/dalvikvm(  578): GC_CONCURRENT freed 470K, 11% free 4669K/5192K, paused 3ms+2ms, total 26ms
04-28 09:14:56.486 I/qtaguid (  578): Failed write_ctrl(t 69 18446742978492891136 10043) res=-1 errno=1
04-28 09:14:56.486 I/qtaguid (  578): Tagging socket 69 with tag ffffff0100000000(-255) for uid 10043 failed errno=-1
04-28 09:14:56.486 I/NetworkManagementSocketTagger(  578): tagSocketFd(69, -255, 10043) failed with errno-1
04-28 09:14:56.486 I/qtaguid (  578): Failed write_ctrl(u 69) res=-1 errno=22
04-28 09:14:56.486 I/qtaguid (  578): Untagging socket 69 failed errno=-22
04-28 09:14:56.486 W/NetworkManagementSocketTagger(  578): untagSocket(69) failed with errno -22
04-28 09:14:56.746 I/DownloadManager(  578): Ignoring Content-Length since Transfer-Encoding is also defined
04-28 09:14:56.806 I/qtaguid (  578): Failed write_ctrl(t 72 18446742978492891136 10043) res=-1 errno=1
04-28 09:14:56.806 I/qtaguid (  578): Tagging socket 72 with tag ffffff0100000000(-255) for uid 10043 failed errno=-1
04-28 09:14:56.806 I/NetworkManagementSocketTagger(  578): tagSocketFd(72, -255, 10043) failed with errno-1
04-28 09:14:56.806 I/qtaguid (  578): Failed write_ctrl(u 65) res=-1 errno=22
04-28 09:14:56.806 I/qtaguid (  578): Untagging socket 65 failed errno=-22
04-28 09:14:56.806 W/NetworkManagementSocketTagger(  578): untagSocket(65) failed with errno -22
04-28 09:14:56.876 I/DownloadManager(  578): Download 12 finished with status SUCCESS
04-28 09:14:57.126 D/dalvikvm(  612): GC_CONCURRENT freed 332K, 7% free 4746K/5100K, paused 3ms+3ms, total 31ms
04-28 09:14:57.366 I/LatinIME:LogUtils(  612): Dictionary info: dictionary = main:en_us ; version = 44 ; date = 1393228158
04-28 09:14:57.386 D/dalvikvm(  612): GC_CONCURRENT freed 426K, 9% free 4801K/5260K, paused 3ms+3ms, total 19ms
04-28 09:14:57.736 I/LatinIME:LogUtils(  612): Dictionary info: dictionary = main:en_us ; version = 44 ; date = 1393228158
04-28 09:14:59.916 I/System.out( 1348): passive
04-28 09:14:59.916 I/System.out( 1348): gps
04-28 09:14:59.916 I/System.out( 1348): network
04-28 09:15:17.366 D/PowerManagerService(  450): mHoldBootFastWakeLock = true
04-28 09:15:38.366 D/dalvikvm(  450): GC_FOR_ALLOC freed 928K, 12% free 8435K/9532K, paused 283ms, total 291ms
04-28 09:15:46.586 W/System.err( 1377): org.apache.http.conn.HttpHostConnectException: Connection to http://42.121.236.55 refused
04-28 09:15:46.586 W/System.err( 1377): 	at org.apache.http.impl.conn.DefaultClientConnectionOperator.openConnection(DefaultClientConnectionOperator.java:183)
04-28 09:15:46.586 W/System.err( 1377): 	at org.apache.http.impl.conn.AbstractPoolEntry.open(AbstractPoolEntry.java:164)
04-28 09:15:46.586 W/System.err( 1377): 	at org.apache.http.impl.conn.AbstractPooledConnAdapter.open(AbstractPooledConnAdapter.java:119)
04-28 09:15:46.586 W/System.err( 1377): 	at org.apache.http.impl.client.DefaultRequestDirector.execute(DefaultRequestDirector.java:360)
04-28 09:15:46.586 W/System.err( 1377): 	at org.apache.http.impl.client.AbstractHttpClient.execute(AbstractHttpClient.java:555)
04-28 09:15:46.586 W/System.err( 1377): 	at org.apache.http.impl.client.AbstractHttpClient.execute(AbstractHttpClient.java:487)
04-28 09:15:46.586 W/System.err( 1377): 	at org.apache.http.impl.client.AbstractHttpClient.execute(AbstractHttpClient.java:465)
04-28 09:15:46.596 W/System.err( 1377): 	at com.softwinner.update.CheckingTask.sendPost(CheckingTask.java:288)
04-28 09:15:46.596 W/System.err( 1377): 	at com.softwinner.update.CheckingTask.onRunning(CheckingTask.java:183)
04-28 09:15:46.596 W/System.err( 1377): 	at com.softwinner.update.ThreadTask.run(ThreadTask.java:43)
04-28 09:15:46.596 W/System.err( 1377): 	at java.lang.Thread.run(Thread.java:841)
04-28 09:15:46.596 W/System.err( 1377): Caused by: java.net.ConnectException: failed to connect to /42.121.236.55 (port 80): connect failed: ETIMEDOUT (Connection timed out)
04-28 09:15:46.596 W/System.err( 1377): 	at libcore.io.IoBridge.connect(IoBridge.java:114)
04-28 09:15:46.596 W/System.err( 1377): 	at java.net.PlainSocketImpl.connect(PlainSocketImpl.java:192)
04-28 09:15:46.596 W/System.err( 1377): 	at java.net.PlainSocketImpl.connect(PlainSocketImpl.java:459)
04-28 09:15:46.596 W/System.err( 1377): 	at java.net.Socket.connect(Socket.java:843)
04-28 09:15:46.596 W/System.err( 1377): 	at org.apache.http.conn.scheme.PlainSocketFactory.connectSocket(PlainSocketFactory.java:119)
04-28 09:15:46.596 W/System.err( 1377): 	at org.apache.http.impl.conn.DefaultClientConnectionOperator.openConnection(DefaultClientConnectionOperator.java:144)
04-28 09:15:46.606 W/System.err( 1377): 	... 10 more
04-28 09:15:46.606 W/System.err( 1377): Caused by: libcore.io.ErrnoException: connect failed: ETIMEDOUT (Connection timed out)
04-28 09:15:46.606 W/System.err( 1377): 	at libcore.io.Posix.connect(Native Method)
04-28 09:15:46.606 W/System.err( 1377): 	at libcore.io.BlockGuardOs.connect(BlockGuardOs.java:85)
04-28 09:15:46.606 W/System.err( 1377): 	at libcore.io.IoBridge.connectErrno(IoBridge.java:127)
04-28 09:15:46.606 W/System.err( 1377): 	at libcore.io.IoBridge.connect(IoBridge.java:112)
04-28 09:15:46.606 W/System.err( 1377): 	... 15 more
04-28 09:15:46.606 V/CheckingTask( 1377): ErrorCode=3
04-28 09:15:50.866 D/PowerManagerService(  450): mHoldBootFastWakeLock = true
04-28 09:16:17.486 D/PowerManagerService(  450): mHoldBootFastWakeLock = true
04-28 09:16:21.816 W/ActivityThread(  805): ClassLoader.loadClass: The class loader returned by Thread.getContextClassLoader() may fail for processes that host multiple applications. You should explicitly specify a context class loader. For example: Thread.setContextClassLoader(getClass().getClassLoader());
04-28 09:17:16.766 D/dalvikvm(  450): GC_FOR_ALLOC freed 774K, 12% free 8416K/9532K, paused 60ms, total 61ms
04-28 09:17:17.606 D/PowerManagerService(  450): mHoldBootFastWakeLock = true
04-28 09:17:50.866 D/PowerManagerService(  450): mHoldBootFastWakeLock = true
04-28 09:18:17.726 D/PowerManagerService(  450): mHoldBootFastWakeLock = true
04-28 09:18:46.226 I/ActivityManager(  450): Delay finish: com.google.android.gms/.playlog.uploader.UploaderAlarmReceiver
04-28 09:18:46.256 W/Uploader(  833): No account for auth token provided
04-28 09:18:46.326 D/dalvikvm(  833): GC_CONCURRENT freed 358K, 8% free 4737K/5128K, paused 3ms+3ms, total 30ms
04-28 09:18:50.866 D/PowerManagerService(  450): mHoldBootFastWakeLock = true
04-28 09:18:58.916 D/dalvikvm(  450): GC_FOR_ALLOC freed 816K, 12% free 8417K/9532K, paused 55ms, total 56ms
04-28 09:19:01.226 I/ActivityManager(  450): Waited long enough for: ServiceRecord{421248f8 u0 com.google.android.gms/.playlog.uploader.UploaderIntentService}
04-28 09:19:01.226 I/ActivityManager(  450): Resuming delayed broadcast
04-28 09:19:12.516 D/Uploader(  833): Network request failed class org.apache.http.conn.ConnectTimeoutException(Connect to /74.125.128.95:443 timed out)
04-28 09:19:17.846 D/PowerManagerService(  450): mHoldBootFastWakeLock = true
04-28 09:19:50.866 D/PowerManagerService(  450): mHoldBootFastWakeLock = true
04-28 09:20:17.966 D/PowerManagerService(  450): mHoldBootFastWakeLock = true
04-28 09:20:45.226 D/dalvikvm(  450): GC_FOR_ALLOC freed 832K, 12% free 8408K/9532K, paused 61ms, total 62ms
04-28 09:20:50.866 D/PowerManagerService(  450): mHoldBootFastWakeLock = true
04-28 09:21:18.086 D/PowerManagerService(  450): mHoldBootFastWakeLock = true
04-28 09:21:50.866 D/PowerManagerService(  450): mHoldBootFastWakeLock = true
04-28 09:22:18.206 D/PowerManagerService(  450): mHoldBootFastWakeLock = true
04-28 09:22:25.856 D/dalvikvm(  450): GC_FOR_ALLOC freed 808K, 12% free 8409K/9532K, paused 54ms, total 54ms
04-28 09:22:50.866 D/PowerManagerService(  450): mHoldBootFastWakeLock = true
04-28 09:23:18.326 D/PowerManagerService(  450): mHoldBootFastWakeLock = true
04-28 09:23:50.866 D/PowerManagerService(  450): mHoldBootFastWakeLock = true
04-28 09:24:11.566 D/dalvikvm(  450): GC_FOR_ALLOC freed 833K, 12% free 8416K/9532K, paused 65ms, total 66ms
04-28 09:24:12.526 I/ActivityManager(  450): Delay finish: com.google.android.gms/.playlog.uploader.UploaderAlarmReceiver
04-28 09:24:12.536 W/Uploader(  833): No account for auth token provided
04-28 09:24:18.446 D/PowerManagerService(  450): mHoldBootFastWakeLock = true
04-28 09:24:18.456 D/dalvikvm(  833): GC_CONCURRENT freed 376K, 9% free 4754K/5168K, paused 3ms+1ms, total 59ms
04-28 09:24:18.666 W/ActivityThread(  833): ClassLoader.loadClass: The class loader returned by Thread.getContextClassLoader() may fail for processes that host multiple applications. You should explicitly specify a context class loader. For example: Thread.setContextClassLoader(getClass().getClassLoader());
04-28 09:24:18.916 I/ActivityManager(  450): Resuming delayed broadcast
04-28 09:24:50.866 D/PowerManagerService(  450): mHoldBootFastWakeLock = true
04-28 09:25:18.566 D/PowerManagerService(  450): mHoldBootFastWakeLock = true
04-28 09:25:50.866 D/PowerManagerService(  450): mHoldBootFastWakeLock = true
04-28 09:25:57.256 D/dalvikvm(  450): GC_FOR_ALLOC freed 846K, 12% free 8411K/9532K, paused 64ms, total 66ms
04-28 09:26:18.686 D/PowerManagerService(  450): mHoldBootFastWakeLock = true
04-28 09:26:50.866 D/PowerManagerService(  450): mHoldBootFastWakeLock = true
04-28 09:27:18.806 D/PowerManagerService(  450): mHoldBootFastWakeLock = true
04-28 09:27:42.946 D/dalvikvm(  450): GC_FOR_ALLOC freed 832K, 12% free 8420K/9532K, paused 65ms, total 65ms
04-28 09:27:50.866 D/PowerManagerService(  450): mHoldBootFastWakeLock = true
04-28 09:28:23.276 D/ConnectivityService(  450): Sampling interval elapsed, updating statistics ..
04-28 09:28:23.276 D/ConnectivityService(  450): Done.
04-28 09:28:23.276 D/ConnectivityService(  450): Setting timer for 720seconds
04-28 09:28:23.496 D/GCM     (  853): Message class fog
04-28 09:28:24.006 D/ConnectivityService(  450): handleInetConditionHoldEnd: net=1, condition=100, published condition=100
04-28 09:28:50.866 D/PowerManagerService(  450): mHoldBootFastWakeLock = true
04-28 09:29:13.556 D/dalvikvm(  450): GC_FOR_ALLOC freed 820K, 12% free 8426K/9532K, paused 64ms, total 64ms
04-28 09:30:01.056 D/dalvikvm( 1262): GC_CONCURRENT freed 415K, 10% free 4522K/4972K, paused 3ms+17ms, total 36ms
04-28 09:30:50.866 D/PowerManagerService(  450): mHoldBootFastWakeLock = true
04-28 09:30:50.906 D/dalvikvm(  805): GC_CONCURRENT freed 403K, 13% free 5127K/5832K, paused 1ms+3ms, total 38ms
04-28 09:31:01.246 D/dalvikvm(  450): GC_FOR_ALLOC freed 849K, 12% free 8416K/9532K, paused 54ms, total 56ms
04-28 09:31:50.866 D/PowerManagerService(  450): mHoldBootFastWakeLock = true
04-28 09:32:50.866 D/PowerManagerService(  450): mHoldBootFastWakeLock = true
04-28 09:32:52.116 D/dalvikvm(  450): GC_FOR_ALLOC freed 845K, 12% free 8411K/9532K, paused 54ms, total 55ms
04-28 09:33:49.586 D/PowerManagerService(  450): mHoldBootFastWakeLock = true
04-28 09:34:34.606 D/dalvikvm(  640): GC_FOR_ALLOC freed 248K, 9% free 5680K/6220K, paused 39ms, total 42ms
04-28 09:34:34.666 V/audio_hw_primary(  116): start_output_stream, line: 732
04-28 09:34:34.666 V/codec_audio_plan_one(  116): in normal mode, speaker on,****LINE:106,FUNC:set_normal_path
04-28 09:34:34.816 V/audio_hw_primary(  116): normal mode , speaker,****LINE:657,FUNC:select_output_device
04-28 09:34:34.816 V/audio_hw_primary(  116): start_output_stream: card:0, port:0, rate:44100
04-28 09:34:35.856 D/dalvikvm(  640): GC_CONCURRENT freed 200K, 6% free 5886K/6220K, paused 4ms+2ms, total 38ms
04-28 09:34:36.086 D/gralloc (  113): ION_HEAP_CARVEOUT_MASK alloc
04-28 09:34:36.106 D/gralloc (  113): ION_HEAP_CARVEOUT_MASK alloc
04-28 09:34:36.136 D/dalvikvm(  516): GC_CONCURRENT freed 12708K, 57% free 9984K/22724K, paused 3ms+7ms, total 71ms
04-28 09:34:36.246 D/alsa_pcm(  116): pcm_open:,sparams.stop_threshold:1540, config->stop_threshold:0
04-28 09:34:36.246 V/audio_hw_primary(  116): do not use out resampler
04-28 09:34:36.246 W/AudioFlinger(  116): write blocked for 1584 msecs, 1 delayed writes, thread 0x413b9008
04-28 09:34:36.366 D/dalvikvm(  640): GC_FOR_ALLOC freed 69K, 4% free 6136K/6392K, paused 23ms, total 24ms
04-28 09:34:36.396 I/Choreographer(  640): Skipped 58 frames!  The application may be doing too much work on its main thread.
04-28 09:34:36.436 D/dalvikvm(  640): GC_FOR_ALLOC freed 61K, 4% free 6469K/6736K, paused 26ms, total 26ms
04-28 09:34:37.336 D/dalvikvm(  450): GC_FOR_ALLOC freed 838K, 12% free 8416K/9532K, paused 76ms, total 76ms
04-28 09:34:39.386 D/audio_hw_primary(  116): out_standby
04-28 09:34:50.866 D/PowerManagerService(  450): mHoldBootFastWakeLock = true
04-28 09:35:23.326 V/audio_hw_primary(  116): start_output_stream, line: 732
04-28 09:35:23.326 V/codec_audio_plan_one(  116): in normal mode, speaker on,****LINE:106,FUNC:set_normal_path
04-28 09:35:23.326 I/ActivityManager(  450): START u0 {act=android.intent.action.MAIN cat=[android.intent.category.LAUNCHER] flg=0x10200000 cmp=com.google.android.music/com.android.music.activitymanagement.TopLevelActivity bnds=[505,895][585,975]} from pid 640
04-28 09:35:23.346 D/PermissionCache(  113): checking android.permission.READ_FRAME_BUFFER for uid=1000 => granted (296 us)
04-28 09:35:23.356 D/gralloc (  113): ==USE CPU CACHE OP LLL usage = 0x333==
04-28 09:35:23.356 D/gralloc (  113): ION_HEAP_SYSTEM_MASK alloc
04-28 09:35:23.456 I/ActivityManager(  450): Start proc com.google.android.music:ui for activity com.google.android.music/com.android.music.activitymanagement.TopLevelActivity: pid=2548 uid=10048 gids={50048, 3003, 1028, 1015}
04-28 09:35:23.466 V/audio_hw_primary(  116): normal mode , speaker,****LINE:657,FUNC:select_output_device
04-28 09:35:23.466 V/audio_hw_primary(  116): start_output_stream: card:0, port:0, rate:44100
04-28 09:35:23.466 D/alsa_pcm(  116): pcm_open:,sparams.stop_threshold:1540, config->stop_threshold:0
04-28 09:35:23.466 V/audio_hw_primary(  116): do not use out resampler
04-28 09:35:23.486 I/UsageStats(  450): Deleting usage file : usage-19700102
04-28 09:35:23.496 D/gralloc (  113): ==USE CPU CACHE OP LLL usage = 0x933==
04-28 09:35:23.496 D/gralloc (  113): ION_HEAP_SYSTEM_MASK alloc
04-28 09:35:23.546 D/gralloc (  113): ==USE CPU CACHE OP LLL usage = 0x933==
04-28 09:35:23.546 D/gralloc (  113): ION_HEAP_SYSTEM_MASK alloc
04-28 09:35:23.596 I/qtaguid (  450): Failed write_ctrl(s 1 10048) res=-1 errno=1
04-28 09:35:23.596 W/NetworkManagementSocketTagger(  450): setKernelCountSet(10048, 1) failed with errno -1
04-28 09:35:23.596 I/qtaguid (  450): Failed write_ctrl(s 0 10012) res=-1 errno=1
04-28 09:35:23.596 W/NetworkManagementSocketTagger(  450): setKernelCountSet(10012, 0) failed with errno -1
04-28 09:35:23.626 I/hwcomposer(  113): hwcdev_try_to_assign_pipe: We use not config memory
04-28 09:35:23.626 I/hwcomposer(  113): hwcdev_try_to_assign_pipe: We use not config memory
04-28 09:35:23.626 I/hwcomposer(  113): hwcdev_try_to_assign_pipe: We use not config memory
04-28 09:35:23.626 I/hwcomposer(  113): hwcdev_try_to_assign_pipe: We use not config memory
04-28 09:35:23.646 I/hwcomposer(  113): hwcdev_try_to_assign_pipe: We use not config memory
04-28 09:35:23.646 I/hwcomposer(  113): hwcdev_try_to_assign_pipe: We use not config memory
04-28 09:35:23.646 I/hwcomposer(  113): hwcdev_try_to_assign_pipe: We use not config memory
04-28 09:35:23.646 I/hwcomposer(  113): hwcdev_try_to_assign_pipe: We use not config memory
04-28 09:35:23.666 I/hwcomposer(  113): hwcdev_try_to_assign_pipe: We use not config memory
04-28 09:35:23.666 I/hwcomposer(  113): hwcdev_try_to_assign_pipe: We use not config memory
04-28 09:35:23.666 I/hwcomposer(  113): hwcdev_try_to_assign_pipe: We use not config memory
04-28 09:35:23.676 W/ContextImpl( 2548): Implicit intents with startService are not safe: Intent { act=com.google.android.music.PREFERENCE_SERVICE } android.content.ContextWrapper.bindService:517 com.google.android.music.utils.SafeServiceConnection$ServiceConnectionImp.bindService:98 com.google.android.music.utils.SafeServiceConnection.bindService:259 
04-28 09:35:23.676 I/hwcomposer(  113): hwcdev_try_to_assign_pipe: We use not config memory
04-28 09:35:23.676 I/hwcomposer(  113): hwcdev_try_to_assign_pipe: We use not config memory
04-28 09:35:23.676 I/hwcomposer(  113): hwcdev_try_to_assign_pipe: We use not config memory
04-28 09:35:23.676 I/hwcomposer(  113): hwcdev_try_to_assign_pipe: We use not config memory
04-28 09:35:23.696 I/hwcomposer(  113): hwcdev_try_to_assign_pipe: We use not config memory
04-28 09:35:23.696 I/hwcomposer(  113): hwcdev_try_to_assign_pipe: We use not config memory
04-28 09:35:23.696 I/hwcomposer(  113): hwcdev_try_to_assign_pipe: We use not config memory
04-28 09:35:23.696 I/hwcomposer(  113): hwcdev_try_to_assign_pipe: We use not config memory
04-28 09:35:23.716 I/hwcomposer(  113): hwcdev_try_to_assign_pipe: We use not config memory
04-28 09:35:23.716 I/hwcomposer(  113): hwcdev_try_to_assign_pipe: We use not config memory
04-28 09:35:23.716 I/hwcomposer(  113): hwcdev_try_to_assign_pipe: We use not config memory
04-28 09:35:23.716 I/hwcomposer(  113): hwcdev_try_to_assign_pipe: We use not config memory
04-28 09:35:23.726 I/hwcomposer(  113): hwcdev_try_to_assign_pipe: We use not config memory
04-28 09:35:23.726 I/hwcomposer(  113): hwcdev_try_to_assign_pipe: We use not config memory
04-28 09:35:23.726 I/hwcomposer(  113): hwcdev_try_to_assign_pipe: We use not config memory
04-28 09:35:23.726 I/hwcomposer(  113): hwcdev_try_to_assign_pipe: We use not config memory
04-28 09:35:23.736 D/MusicPreferences( 2548): Set pref key LogFilesEnabled=false
04-28 09:35:23.746 I/hwcomposer(  113): hwcdev_try_to_assign_pipe: We use not config memory
04-28 09:35:23.746 I/hwcomposer(  113): hwcdev_try_to_assign_pipe: We use not config memory
04-28 09:35:23.746 I/hwcomposer(  113): hwcdev_try_to_assign_pipe: We use not config memory
04-28 09:35:23.746 I/hwcomposer(  113): hwcdev_try_to_assign_pipe: We use not config memory
04-28 09:35:23.766 I/hwcomposer(  113): hwcdev_try_to_assign_pipe: We use not config memory
04-28 09:35:23.766 I/hwcomposer(  113): hwcdev_try_to_assign_pipe: We use not config memory
04-28 09:35:23.766 I/hwcomposer(  113): hwcdev_try_to_assign_pipe: We use not config memory
04-28 09:35:23.766 I/hwcomposer(  113): hwcdev_try_to_assign_pipe: We use not config memory
04-28 09:35:23.776 I/hwcomposer(  113): hwcdev_try_to_assign_pipe: We use not config memory
04-28 09:35:23.776 I/hwcomposer(  113): hwcdev_try_to_assign_pipe: We use not config memory
04-28 09:35:23.776 I/hwcomposer(  113): hwcdev_try_to_assign_pipe: We use not config memory
04-28 09:35:23.776 I/hwcomposer(  113): hwcdev_try_to_assign_pipe: We use not config memory
04-28 09:35:23.796 D/dalvikvm( 2548): GC_CONCURRENT freed 303K, 7% free 4549K/4888K, paused 3ms+2ms, total 26ms
04-28 09:35:23.796 I/hwcomposer(  113): hwcdev_try_to_assign_pipe: We use not config memory
04-28 09:35:23.796 I/hwcomposer(  113): hwcdev_try_to_assign_pipe: We use not config memory
04-28 09:35:23.796 I/hwcomposer(  113): hwcdev_try_to_assign_pipe: We use not config memory
04-28 09:35:23.796 I/hwcomposer(  113): hwcdev_try_to_assign_pipe: We use not config memory
04-28 09:35:23.816 I/hwcomposer(  113): hwcdev_try_to_assign_pipe: We use not config memory
04-28 09:35:23.816 I/hwcomposer(  113): hwcdev_try_to_assign_pipe: We use not config memory
04-28 09:35:23.816 I/hwcomposer(  113): hwcdev_try_to_assign_pipe: We use not config memory
04-28 09:35:23.816 I/hwcomposer(  113): hwcdev_try_to_assign_pipe: We use not config memory
04-28 09:35:23.826 I/hwcomposer(  113): hwcdev_try_to_assign_pipe: We use not config memory
04-28 09:35:23.826 I/hwcomposer(  113): hwcdev_try_to_assign_pipe: We use not config memory
04-28 09:35:23.826 I/hwcomposer(  113): hwcdev_try_to_assign_pipe: We use not config memory
04-28 09:35:23.826 I/hwcomposer(  113): hwcdev_try_to_assign_pipe: We use not config memory
04-28 09:35:23.846 I/hwcomposer(  113): hwcdev_try_to_assign_pipe: We use not config memory
04-28 09:35:23.846 I/hwcomposer(  113): hwcdev_try_to_assign_pipe: We use not config memory
04-28 09:35:23.846 I/hwcomposer(  113): hwcdev_try_to_assign_pipe: We use not config memory
04-28 09:35:23.846 I/hwcomposer(  113): hwcdev_try_to_assign_pipe: We use not config memory
04-28 09:35:23.846 I/hwcomposer(  113): hwcdev_try_to_assign_pipe: We use not config memory
04-28 09:35:23.846 I/hwcomposer(  113): hwcdev_try_to_assign_pipe: We use not config memory
04-28 09:35:23.846 I/hwcomposer(  113): hwcdev_try_to_assign_pipe: We use not config memory
04-28 09:35:23.856 W/ContextImpl( 2548): Implicit intents with startService are not safe: Intent { act=com.google.android.music.NETWORK_MONITOR_SERVICE } android.content.ContextWrapper.bindService:517 com.google.android.music.utils.SafeServiceConnection$ServiceConnectionImp.bindService:98 com.google.android.music.utils.SafeServiceConnection.bindService:259 
04-28 09:35:23.866 I/hwcomposer(  113): hwcdev_try_to_assign_pipe: We use not config memory
04-28 09:35:23.866 I/hwcomposer(  113): hwcdev_try_to_assign_pipe: We use not config memory
04-28 09:35:23.866 I/hwcomposer(  113): hwcdev_try_to_assign_pipe: We use not config memory
04-28 09:35:23.866 I/hwcomposer(  113): hwcdev_try_to_assign_pipe: We use not config memory
04-28 09:35:23.866 I/hwcomposer(  113): hwcdev_try_to_assign_pipe: We use not config memory
04-28 09:35:23.866 I/hwcomposer(  113): hwcdev_try_to_assign_pipe: We use not config memory
04-28 09:35:23.866 I/hwcomposer(  113): hwcdev_try_to_assign_pipe: We use not config memory
04-28 09:35:23.876 I/hwcomposer(  113): hwcdev_try_to_assign_pipe: We use not config memory
04-28 09:35:23.876 I/hwcomposer(  113): hwcdev_try_to_assign_pipe: We use not config memory
04-28 09:35:23.876 I/hwcomposer(  113): hwcdev_try_to_assign_pipe: We use not config memory
04-28 09:35:23.876 I/hwcomposer(  113): hwcdev_try_to_assign_pipe: We use not config memory
04-28 09:35:23.876 I/hwcomposer(  113): hwcdev_try_to_assign_pipe: We use not config memory
04-28 09:35:23.876 I/hwcomposer(  113): hwcdev_try_to_assign_pipe: We use not config memory
04-28 09:35:23.876 I/hwcomposer(  113): hwcdev_try_to_assign_pipe: We use not config memory
04-28 09:35:23.906 W/ContextImpl( 2548): Implicit intents with startService are not safe: Intent { act=com.google.android.music.STORE_SERVICE } android.content.ContextWrapper.bindService:517 com.google.android.music.utils.SafeServiceConnection$ServiceConnectionImp.bindService:98 com.google.android.music.utils.SafeServiceConnection.bindService:259 
04-28 09:35:23.916 I/hwcomposer(  113): hwcdev_try_to_assign_pipe: We use not config memory
04-28 09:35:23.916 I/hwcomposer(  113): hwcdev_try_to_assign_pipe: We use not config memory
04-28 09:35:23.916 I/hwcomposer(  113): hwcdev_try_to_assign_pipe: We use not config memory
04-28 09:35:23.916 I/hwcomposer(  113): hwcdev_try_to_assign_pipe: We use not config memory
04-28 09:35:23.916 I/hwcomposer(  113): hwcdev_try_to_assign_pipe: We use not config memory
04-28 09:35:23.916 I/hwcomposer(  113): hwcdev_try_to_assign_pipe: We use not config memory
04-28 09:35:23.916 I/hwcomposer(  113): hwcdev_try_to_assign_pipe: We use not config memory
04-28 09:35:23.926 D/dalvikvm( 1396): GC_CONCURRENT freed 361K, 8% free 5083K/5480K, paused 2ms+3ms, total 35ms
04-28 09:35:23.956 W/ContextImpl( 1396): Implicit intents with startService are not safe: Intent { act=com.google.android.music.NETWORK_MONITOR_SERVICE } android.content.ContextWrapper.bindService:517 com.google.android.music.utils.SafeServiceConnection$ServiceConnectionImp.bindService:98 com.google.android.music.utils.SafeServiceConnection.bindService:259 
04-28 09:35:23.986 I/MediaRouter( 2548): Found default route: MediaRouter.RouteInfo{ uniqueId=android/.support.v7.media.SystemMediaRouteProvider:DEFAULT_ROUTE, name=Tablet, description=null, enabled=true, connecting=false, playbackType=0, playbackStream=3, volumeHandling=1, volume=11, volumeMax=15, presentationDisplayId=-1, extras=null, providerPackageName=android }
04-28 09:35:24.006 D/SystemUtils( 1396): getSystemProperty: lpa.decode=null
04-28 09:35:24.056 D/CacheService( 1396): onCreate
04-28 09:35:24.056 D/CacheService( 1396): onBind
04-28 09:35:24.066 W/ContextImpl( 1396): Implicit intents with startService are not safe: Intent { act=com.google.android.music.NETWORK_MONITOR_SERVICE } android.content.ContextWrapper.bindService:517 com.google.android.music.utils.SafeServiceConnection$ServiceConnectionImp.bindService:98 com.google.android.music.utils.SafeServiceConnection.bindService:259 
04-28 09:35:24.066 I/LocalDevicePlayback( 1396): Streaming client created.
04-28 09:35:24.126 D/dalvikvm( 2548): GC_CONCURRENT freed 242K, 6% free 4706K/4984K, paused 2ms+1ms, total 18ms
04-28 09:35:24.136 D/MusicBaseActivity( 2548): Bottom state changed: HIDDEN
04-28 09:35:24.156 I/ConfigStore( 1396): Config Database version: 1
04-28 09:35:24.176 D/ConfigStore( 1396): Config Database created
04-28 09:35:24.186 D/MusicStore( 1396): Disabled WAL
04-28 09:35:24.186 D/ConfigStore( 1396): Database opened
04-28 09:35:24.206 I/ActivityManager(  450): START u0 {flg=0x14000000 cmp=com.google.android.music/.tutorial.TutorialLaunchActivity} from pid 2548
04-28 09:35:24.226 I/UIStateManager( 2548): Connected to playback service
