04-28 09:50:05.586 D/chen    ( 2824): item  camera_back_take_pic_2014-04-25_09-03-55_dmesg.log
04-28 09:50:05.616 D/chen    ( 2824): item  camera_back_take_pic_2014-04-25_09-02-53_logcat.log
04-28 09:50:07.376 D/chen    ( 2824): item  camera_back_take_pic_2014-04-25_09-02-53_dmesg.log
04-28 09:50:07.416 D/chen    ( 2824): item  camera_back_pic_video_switch_2014-04-25_09-03-55_logcat.log
04-28 09:50:07.446 D/chen    ( 2824): item  camera_back_pic_video_switch_2014-04-25_09-03-55_dmesg.log
04-28 09:50:08.796 D/dalvikvm(  516): GC_CONCURRENT freed 1760K, 57% free 9992K/22724K, paused 3ms+3ms, total 77ms
04-28 09:50:08.936 D/gralloc (  113): ==USE CPU CACHE OP LLL usage = 0x333==
04-28 09:50:08.936 D/gralloc (  113): ION_HEAP_SYSTEM_MASK alloc
04-28 09:50:08.936 I/ActivityManager(  450): START u0 {act=android.intent.action.MAIN cat=[android.intent.category.HOME] flg=0x10200000 cmp=com.android.launcher/com.android.launcher2.Launcher} from pid 450
04-28 09:50:09.016 D/dalvikvm(  450): GC_FOR_ALLOC freed 494K, 11% free 8803K/9804K, paused 66ms, total 68ms
04-28 09:50:09.016 V/audio_hw_primary(  116): start_output_stream, line: 732
04-28 09:50:09.016 V/codec_audio_plan_one(  116): in normal mode, speaker on,****LINE:106,FUNC:set_normal_path
04-28 09:50:09.046 I/qtaguid (  450): Failed write_ctrl(s 1 10012) res=-1 errno=1
04-28 09:50:09.046 W/NetworkManagementSocketTagger(  450): setKernelCountSet(10012, 1) failed with errno -1
04-28 09:50:09.146 D/gralloc (  113): ION_HEAP_CARVEOUT_MASK alloc
04-28 09:50:09.146 D/gralloc (  113): ION_HEAP_CARVEOUT_MASK alloc
04-28 09:50:09.166 V/audio_hw_primary(  116): normal mode , speaker,****LINE:657,FUNC:select_output_device
04-28 09:50:09.166 V/audio_hw_primary(  116): start_output_stream: card:0, port:0, rate:44100
04-28 09:50:09.166 D/alsa_pcm(  116): pcm_open:,sparams.stop_threshold:1540, config->stop_threshold:0
04-28 09:50:09.166 V/audio_hw_primary(  116): do not use out resampler
04-28 09:50:09.616 D/gralloc (  113): ION_HEAP_CARVEOUT_MASK alloc
04-28 09:50:09.636 I/qtaguid (  450): Failed write_ctrl(s 0 10035) res=-1 errno=1
04-28 09:50:09.636 W/NetworkManagementSocketTagger(  450): setKernelCountSet(10035, 0) failed with errno -1
04-28 09:50:09.656 D/gralloc (  113): ION_HEAP_CARVEOUT_MASK alloc
04-28 09:50:14.596 D/gralloc (  113): ==USE CPU CACHE OP LLL usage = 0xb33==
04-28 09:50:14.596 D/gralloc (  113): ION_HEAP_SYSTEM_MASK alloc
04-28 09:50:14.626 I/hwcomposer(  113): hwcdev_try_to_assign_pipe: We use not config memory
04-28 09:50:14.626 I/hwcomposer(  113): hwcdev_try_to_assign_pipe: We use not config memory
04-28 09:50:14.626 I/hwcomposer(  113): hwcdev_try_to_assign_pipe: We use not config memory
04-28 09:50:14.636 I/InputReader(  450): Reconfiguring input devices.  changes=0x00000004
04-28 09:50:14.636 I/InputReader(  450): Device reconfigured: id=3, name='gslX680', size 1024x600, orientation 0, mode 1, display id 0
04-28 09:50:14.656 I/ActivityManager(  450): Config changes=480 {1.0 ?mcc?mnc en_US ldltr sw600dp w1024dp h527dp 160dpi lrg land finger -keyb/v/h -nav/h s.6}
04-28 09:50:14.676 I/hwcomposer(  113): hwcdev_try_to_assign_pipe: We use not config memory
04-28 09:50:14.676 I/hwcomposer(  113): hwcdev_try_to_assign_pipe: We use not config memory
04-28 09:50:14.676 I/hwcomposer(  113): hwcdev_try_to_assign_pipe: We use not config memory
04-28 09:50:14.696 I/hwcomposer(  113): hwcdev_try_to_assign_pipe: We use not config memory
04-28 09:50:14.696 I/hwcomposer(  113): hwcdev_try_to_assign_pipe: We use not config memory
04-28 09:50:14.696 I/hwcomposer(  113): hwcdev_try_to_assign_pipe: We use not config memory
04-28 09:50:14.716 I/hwcomposer(  113): hwcdev_try_to_assign_pipe: We use not config memory
04-28 09:50:14.716 I/hwcomposer(  113): hwcdev_try_to_assign_pipe: We use not config memory
04-28 09:50:14.716 I/hwcomposer(  113): hwcdev_try_to_assign_pipe: We use not config memory
04-28 09:50:14.736 D/PhoneStatusBar(  516): mSettingsPanelGravity = 8388661
04-28 09:50:14.746 I/hwcomposer(  113): hwcdev_try_to_assign_pipe: We use not config memory
04-28 09:50:14.746 I/hwcomposer(  113): hwcdev_try_to_assign_pipe: We use not config memory
04-28 09:50:14.746 I/hwcomposer(  113): hwcdev_try_to_assign_pipe: We use not config memory
04-28 09:50:14.786 D/gralloc (  113): ION_HEAP_CARVEOUT_MASK alloc
04-28 09:50:14.796 D/gralloc (  113): ION_HEAP_CARVEOUT_MASK alloc
04-28 09:50:14.866 I/hwcomposer(  113): hwcdev_try_to_assign_pipe: We use not config memory
04-28 09:50:14.866 I/hwcomposer(  113): hwcdev_try_to_assign_pipe: We use not config memory
04-28 09:50:14.866 I/hwcomposer(  113): hwcdev_try_to_assign_pipe: We use not config memory
04-28 09:50:14.876 I/hwcomposer(  113): hwcdev_try_to_assign_pipe: We use not config memory
04-28 09:50:14.876 I/hwcomposer(  113): hwcdev_try_to_assign_pipe: We use not config memory
04-28 09:50:14.896 D/gralloc (  113): ION_HEAP_CARVEOUT_MASK alloc
04-28 09:50:14.896 I/ActivityManager(  450): Start proc android.process.acore for content provider com.android.providers.contacts/.ContactsProvider2: pid=2870 uid=10002 gids={50002, 3003, 1028, 1015}
04-28 09:50:14.906 D/gralloc (  113): ION_HEAP_CARVEOUT_MASK alloc
04-28 09:50:14.916 I/hwcomposer(  113): hwcdev_try_to_assign_pipe: We use not config memory
04-28 09:50:14.916 I/hwcomposer(  113): hwcdev_try_to_assign_pipe: We use not config memory
04-28 09:50:14.946 I/hwcomposer(  113): hwcdev_try_to_assign_pipe: We use not config memory
04-28 09:50:14.946 I/hwcomposer(  113): hwcdev_try_to_assign_pipe: We use not config memory
04-28 09:50:14.956 D/gralloc (  113): ION_HEAP_CARVEOUT_MASK alloc
04-28 09:50:14.956 D/gralloc (  113): ION_HEAP_CARVEOUT_MASK alloc
04-28 09:50:14.976 I/hwcomposer(  113): hwcdev_try_to_assign_pipe: We use not config memory
04-28 09:50:14.976 I/hwcomposer(  113): hwcdev_try_to_assign_pipe: We use not config memory
04-28 09:50:14.976 D/gralloc (  113): ION_HEAP_CARVEOUT_MASK alloc
04-28 09:50:14.996 D/gralloc (  113): ION_HEAP_CARVEOUT_MASK alloc
04-28 09:50:14.996 I/hwcomposer(  113): hwcdev_try_to_assign_pipe: We use not config memory
04-28 09:50:14.996 I/hwcomposer(  113): hwcdev_try_to_assign_pipe: We use not config memory
04-28 09:50:14.996 I/hwcomposer(  113): hwcdev_try_to_assign_pipe: We use not config memory
04-28 09:50:15.016 I/hwcomposer(  113): hwcdev_try_to_assign_pipe: We use not config memory
04-28 09:50:15.016 I/hwcomposer(  113): hwcdev_try_to_assign_pipe: We use not config memory
04-28 09:50:15.016 I/hwcomposer(  113): hwcdev_try_to_assign_pipe: We use not config memory
04-28 09:50:15.026 I/hwcomposer(  113): hwcdev_try_to_assign_pipe: We use not config memory
04-28 09:50:15.026 I/hwcomposer(  113): hwcdev_try_to_assign_pipe: We use not config memory
04-28 09:50:15.026 I/hwcomposer(  113): hwcdev_try_to_assign_pipe: We use not config memory
04-28 09:50:15.026 I/hwcomposer(  113): hwcdev_try_to_assign_pipe: We use not config memory
04-28 09:50:15.036 D/gralloc (  113): ION_HEAP_CARVEOUT_MASK alloc
04-28 09:50:15.046 I/hwcomposer(  113): hwcdev_try_to_assign_pipe: We use not config memory
04-28 09:50:15.046 I/hwcomposer(  113): hwcdev_try_to_assign_pipe: We use not config memory
04-28 09:50:15.046 I/hwcomposer(  113): hwcdev_try_to_assign_pipe: We use not config memory
04-28 09:50:15.046 I/hwcomposer(  113): hwcdev_try_to_assign_pipe: We use not config memory
04-28 09:50:15.066 I/hwcomposer(  113): hwcdev_try_to_assign_pipe: We use not config memory
04-28 09:50:15.066 I/hwcomposer(  113): hwcdev_try_to_assign_pipe: We use not config memory
04-28 09:50:15.066 I/hwcomposer(  113): hwcdev_try_to_assign_pipe: We use not config memory
04-28 09:50:15.066 I/hwcomposer(  113): hwcdev_try_to_assign_pipe: We use not config memory
04-28 09:50:15.076 I/hwcomposer(  113): hwcdev_try_to_assign_pipe: We use not config memory
04-28 09:50:15.076 I/hwcomposer(  113): hwcdev_try_to_assign_pipe: We use not config memory
04-28 09:50:15.076 I/hwcomposer(  113): hwcdev_try_to_assign_pipe: We use not config memory
04-28 09:50:15.076 I/hwcomposer(  113): hwcdev_try_to_assign_pipe: We use not config memory
04-28 09:50:15.096 I/hwcomposer(  113): hwcdev_try_to_assign_pipe: We use not config memory
04-28 09:50:15.096 I/hwcomposer(  113): hwcdev_try_to_assign_pipe: We use not config memory
04-28 09:50:15.096 I/hwcomposer(  113): hwcdev_try_to_assign_pipe: We use not config memory
04-28 09:50:15.096 I/hwcomposer(  113): hwcdev_try_to_assign_pipe: We use not config memory
04-28 09:50:15.116 I/hwcomposer(  113): hwcdev_try_to_assign_pipe: We use not config memory
04-28 09:50:15.116 I/hwcomposer(  113): hwcdev_try_to_assign_pipe: We use not config memory
04-28 09:50:15.116 I/hwcomposer(  113): hwcdev_try_to_assign_pipe: We use not config memory
04-28 09:50:15.116 I/hwcomposer(  113): hwcdev_try_to_assign_pipe: We use not config memory
04-28 09:50:15.126 I/hwcomposer(  113): hwcdev_try_to_assign_pipe: We use not config memory
04-28 09:50:15.126 I/hwcomposer(  113): hwcdev_try_to_assign_pipe: We use not config memory
04-28 09:50:15.126 I/hwcomposer(  113): hwcdev_try_to_assign_pipe: We use not config memory
04-28 09:50:15.126 I/hwcomposer(  113): hwcdev_try_to_assign_pipe: We use not config memory
04-28 09:50:15.146 I/hwcomposer(  113): hwcdev_try_to_assign_pipe: We use not config memory
04-28 09:50:15.146 I/hwcomposer(  113): hwcdev_try_to_assign_pipe: We use not config memory
04-28 09:50:15.146 I/hwcomposer(  113): hwcdev_try_to_assign_pipe: We use not config memory
04-28 09:50:15.146 I/hwcomposer(  113): hwcdev_try_to_assign_pipe: We use not config memory
04-28 09:50:15.166 I/hwcomposer(  113): hwcdev_try_to_assign_pipe: We use not config memory
04-28 09:50:15.166 I/hwcomposer(  113): hwcdev_try_to_assign_pipe: We use not config memory
04-28 09:50:15.166 I/hwcomposer(  113): hwcdev_try_to_assign_pipe: We use not config memory
04-28 09:50:15.166 I/hwcomposer(  113): hwcdev_try_to_assign_pipe: We use not config memory
04-28 09:50:15.176 I/hwcomposer(  113): hwcdev_try_to_assign_pipe: We use not config memory
04-28 09:50:15.176 I/hwcomposer(  113): hwcdev_try_to_assign_pipe: We use not config memory
04-28 09:50:15.176 I/hwcomposer(  113): hwcdev_try_to_assign_pipe: We use not config memory
04-28 09:50:15.176 I/hwcomposer(  113): hwcdev_try_to_assign_pipe: We use not config memory
04-28 09:50:15.186 D/dalvikvm( 2870): GC_CONCURRENT freed 209K, 5% free 4658K/4872K, paused 5ms+4ms, total 55ms
04-28 09:50:15.196 I/hwcomposer(  113): hwcdev_try_to_assign_pipe: We use not config memory
04-28 09:50:15.196 I/hwcomposer(  113): hwcdev_try_to_assign_pipe: We use not config memory
04-28 09:50:15.196 I/hwcomposer(  113): hwcdev_try_to_assign_pipe: We use not config memory
04-28 09:50:15.196 I/hwcomposer(  113): hwcdev_try_to_assign_pipe: We use not config memory
04-28 09:50:15.266 I/hwcomposer(  113): hwcdev_try_to_assign_pipe: We use not config memory
04-28 09:50:15.266 I/hwcomposer(  113): hwcdev_try_to_assign_pipe: We use not config memory
04-28 09:50:15.266 I/hwcomposer(  113): hwcdev_try_to_assign_pipe: We use not config memory
04-28 09:50:15.356 I/ContactLocale( 2870): AddressBook Labels [en_US]: [, A, B, C, D, E, F, G, H, I, J, K, L, M, N, O, P, Q, R, S, T, U, V, W, X, Y, Z, , , , , , , , , , , , , , , , , , , , , , , , , , , , , , , , , , , , , , , , , , , , , , , , , , , , , , , , , , , , , , , , , , , , , , , , , , , , , , , , , , , , , , , , , , , , , , , , , , , , , , , , , , , , , , , , , , , , , , , , , , , , , , , , , , , , , , , , , , , , , , , , , , , , , , , , , , , , , , , , , , , , , , , , , , , , , , , , , , , , , , #, ]
04-28 09:50:15.396 I/hwcomposer(  113): hwcdev_try_to_assign_pipe: We use not config memory
04-28 09:50:15.396 I/hwcomposer(  113): hwcdev_try_to_assign_pipe: We use not config memory
04-28 09:50:15.396 I/hwcomposer(  113): hwcdev_try_to_assign_pipe: We use not config memory
04-28 09:50:15.406 D/gralloc (  113): ION_HEAP_CARVEOUT_MASK alloc
04-28 09:50:15.406 D/gralloc (  113): ION_HEAP_CARVEOUT_MASK alloc
04-28 09:50:15.426 I/hwcomposer(  113): hwcdev_try_to_assign_pipe: We use not config memory
04-28 09:50:15.426 I/hwcomposer(  113): hwcdev_try_to_assign_pipe: We use not config memory
04-28 09:50:15.426 I/hwcomposer(  113): hwcdev_try_to_assign_pipe: We use not config memory
04-28 09:50:15.426 I/hwcomposer(  113): hwcdev_try_to_assign_pipe: We use not config memory
04-28 09:50:15.456 D/gralloc (  113): ION_HEAP_CARVEOUT_MASK alloc
04-28 09:50:15.466 I/hwcomposer(  113): hwcdev_try_to_assign_pipe: We use not config memory
04-28 09:50:15.466 I/hwcomposer(  113): hwcdev_try_to_assign_pipe: We use not config memory
04-28 09:50:15.466 I/hwcomposer(  113): hwcdev_try_to_assign_pipe: We use not config memory
04-28 09:50:15.466 I/hwcomposer(  113): hwcdev_try_to_assign_pipe: We use not config memory
04-28 09:50:15.466 I/WindowManager(  450): Screen frozen for +875ms due to Window{422288f0 u0 com.android.launcher/com.android.launcher2.Launcher}
04-28 09:50:15.476 I/hwcomposer(  113): hwcdev_try_to_assign_pipe: We use not config memory
04-28 09:50:15.476 I/hwcomposer(  113): hwcdev_try_to_assign_pipe: We use not config memory
04-28 09:50:15.496 I/hwcomposer(  113): hwcdev_try_to_assign_pipe: We use not config memory
04-28 09:50:15.496 I/hwcomposer(  113): hwcdev_try_to_assign_pipe: We use not config memory
04-28 09:50:15.496 I/hwcomposer(  113): hwcdev_try_to_assign_pipe: We use not config memory
04-28 09:50:16.056 D/gralloc (  113): ION_HEAP_CARVEOUT_MASK alloc
04-28 09:50:16.336 D/audio_hw_primary(  116): out_standby
04-28 09:50:17.576 D/dalvikvm(  450): GC_EXPLICIT freed 494K, 11% free 8806K/9804K, paused 5ms+8ms, total 85ms
04-28 09:50:20.536 I/ActivityManager(  450): Killing 1087:com.android.mms/u0a13 (adj 15): empty for 2131s
04-28 09:50:20.556 D/CountryDetector(  450): No listener is left
04-28 09:50:50.866 D/PowerManagerService(  450): mHoldBootFastWakeLock = true
04-28 09:50:50.876 D/gralloc (  113): ION_HEAP_CARVEOUT_MASK alloc
04-28 09:51:01.646 D/PowerManagerService(  450): mHoldBootFastWakeLock = true
04-28 09:51:11.666 D/PowerManagerService(  450): mHoldBootFastWakeLock = true
04-28 09:52:01.776 D/PowerManagerService(  450): mHoldBootFastWakeLock = true
04-28 09:52:11.786 D/PowerManagerService(  450): mHoldBootFastWakeLock = true
04-28 09:52:17.636 D/dalvikvm(  450): GC_CONCURRENT freed 1013K, 12% free 8798K/9908K, paused 4ms+5ms, total 76ms
04-28 09:52:50.866 D/PowerManagerService(  450): mHoldBootFastWakeLock = true
04-28 09:53:01.886 D/PowerManagerService(  450): mHoldBootFastWakeLock = true
04-28 09:53:11.906 D/PowerManagerService(  450): mHoldBootFastWakeLock = true
04-28 09:53:21.926 D/PowerManagerService(  450): mHoldBootFastWakeLock = true
04-28 09:54:02.016 D/PowerManagerService(  450): mHoldBootFastWakeLock = true
04-28 09:54:12.026 D/PowerManagerService(  450): mHoldBootFastWakeLock = true
04-28 09:54:18.366 D/dalvikvm(  450): GC_CONCURRENT freed 1014K, 12% free 8794K/9932K, paused 3ms+5ms, total 73ms
04-28 09:54:42.086 D/PowerManagerService(  450): mHoldBootFastWakeLock = true
04-28 09:54:52.106 D/PowerManagerService(  450): mHoldBootFastWakeLock = true
04-28 09:55:02.136 D/PowerManagerService(  450): mHoldBootFastWakeLock = true
04-28 09:55:22.166 D/PowerManagerService(  450): mHoldBootFastWakeLock = true
04-28 09:55:42.206 D/PowerManagerService(  450): mHoldBootFastWakeLock = true
04-28 09:56:12.266 D/PowerManagerService(  450): mHoldBootFastWakeLock = true
04-28 09:56:19.106 D/dalvikvm(  450): GC_CONCURRENT freed 1006K, 12% free 8795K/9924K, paused 4ms+5ms, total 72ms
04-28 09:56:30.226 V/DeadZone(  516): consuming errant click: (795.2234,8.066528)
04-28 09:56:31.486 D/gralloc (  113): ==USE CPU CACHE OP LLL usage = 0xb33==
04-28 09:56:31.486 D/gralloc (  113): ION_HEAP_SYSTEM_MASK alloc
04-28 09:56:31.526 I/hwcomposer(  113): hwcdev_try_to_assign_pipe: We use not config memory
04-28 09:56:31.526 I/hwcomposer(  113): hwcdev_try_to_assign_pipe: We use not config memory
04-28 09:56:31.526 I/hwcomposer(  113): hwcdev_try_to_assign_pipe: We use not config memory
04-28 09:56:31.536 I/InputReader(  450): Reconfiguring input devices.  changes=0x00000004
04-28 09:56:31.536 I/InputReader(  450): Device reconfigured: id=3, name='gslX680', size 1024x600, orientation 3, mode 1, display id 0
04-28 09:56:31.546 I/ActivityManager(  450): Config changes=480 {1.0 ?mcc?mnc en_US ldltr sw600dp w600dp h951dp 160dpi lrg port finger -keyb/v/h -nav/h s.7}
04-28 09:56:31.576 I/hwcomposer(  113): hwcdev_try_to_assign_pipe: We use not config memory
04-28 09:56:31.576 I/hwcomposer(  113): hwcdev_try_to_assign_pipe: We use not config memory
04-28 09:56:31.576 I/hwcomposer(  113): hwcdev_try_to_assign_pipe: We use not config memory
04-28 09:56:31.596 I/hwcomposer(  113): hwcdev_try_to_assign_pipe: We use not config memory
04-28 09:56:31.596 I/hwcomposer(  113): hwcdev_try_to_assign_pipe: We use not config memory
04-28 09:56:31.596 I/hwcomposer(  113): hwcdev_try_to_assign_pipe: We use not config memory
04-28 09:56:31.616 I/hwcomposer(  113): hwcdev_try_to_assign_pipe: We use not config memory
04-28 09:56:31.616 I/hwcomposer(  113): hwcdev_try_to_assign_pipe: We use not config memory
04-28 09:56:31.616 I/hwcomposer(  113): hwcdev_try_to_assign_pipe: We use not config memory
04-28 09:56:31.626 D/PhoneStatusBar(  516): mSettingsPanelGravity = 8388661
04-28 09:56:31.626 I/hwcomposer(  113): hwcdev_try_to_assign_pipe: We use not config memory
04-28 09:56:31.626 I/hwcomposer(  113): hwcdev_try_to_assign_pipe: We use not config memory
04-28 09:56:31.626 I/hwcomposer(  113): hwcdev_try_to_assign_pipe: We use not config memory
04-28 09:56:31.646 I/hwcomposer(  113): hwcdev_try_to_assign_pipe: We use not config memory
04-28 09:56:31.646 I/hwcomposer(  113): hwcdev_try_to_assign_pipe: We use not config memory
04-28 09:56:31.646 I/hwcomposer(  113): hwcdev_try_to_assign_pipe: We use not config memory
04-28 09:56:31.646 D/gralloc (  113): ION_HEAP_CARVEOUT_MASK alloc
04-28 09:56:31.656 D/gralloc (  113): ION_HEAP_CARVEOUT_MASK alloc
04-28 09:56:31.696 I/hwcomposer(  113): hwcdev_try_to_assign_pipe: We use not config memory
04-28 09:56:31.696 I/hwcomposer(  113): hwcdev_try_to_assign_pipe: We use not config memory
04-28 09:56:31.696 I/hwcomposer(  113): hwcdev_try_to_assign_pipe: We use not config memory
04-28 09:56:31.736 D/gralloc (  113): ION_HEAP_CARVEOUT_MASK alloc
04-28 09:56:31.736 D/gralloc (  113): ION_HEAP_CARVEOUT_MASK alloc
04-28 09:56:31.746 I/hwcomposer(  113): hwcdev_try_to_assign_pipe: We use not config memory
04-28 09:56:31.746 I/hwcomposer(  113): hwcdev_try_to_assign_pipe: We use not config memory
04-28 09:56:31.746 I/hwcomposer(  113): hwcdev_try_to_assign_pipe: We use not config memory
04-28 09:56:31.766 I/hwcomposer(  113): hwcdev_try_to_assign_pipe: We use not config memory
04-28 09:56:31.766 I/hwcomposer(  113): hwcdev_try_to_assign_pipe: We use not config memory
04-28 09:56:31.766 I/hwcomposer(  113): hwcdev_try_to_assign_pipe: We use not config memory
04-28 09:56:31.776 D/gralloc (  113): ION_HEAP_CARVEOUT_MASK alloc
04-28 09:56:31.776 D/gralloc (  113): ION_HEAP_CARVEOUT_MASK alloc
04-28 09:56:31.796 I/hwcomposer(  113): hwcdev_try_to_assign_pipe: We use not config memory
04-28 09:56:31.796 I/hwcomposer(  113): hwcdev_try_to_assign_pipe: We use not config memory
04-28 09:56:31.796 I/hwcomposer(  113): hwcdev_try_to_assign_pipe: We use not config memory
04-28 09:56:31.796 I/hwcomposer(  113): hwcdev_try_to_assign_pipe: We use not config memory
04-28 09:56:31.796 D/gralloc (  113): ION_HEAP_CARVEOUT_MASK alloc
04-28 09:56:31.806 D/gralloc (  113): ION_HEAP_CARVEOUT_MASK alloc
04-28 09:56:31.816 I/hwcomposer(  113): hwcdev_try_to_assign_pipe: We use not config memory
04-28 09:56:31.816 I/hwcomposer(  113): hwcdev_try_to_assign_pipe: We use not config memory
04-28 09:56:31.816 I/hwcomposer(  113): hwcdev_try_to_assign_pipe: We use not config memory
04-28 09:56:31.816 I/hwcomposer(  113): hwcdev_try_to_assign_pipe: We use not config memory
04-28 09:56:31.826 I/hwcomposer(  113): hwcdev_try_to_assign_pipe: We use not config memory
04-28 09:56:31.826 I/hwcomposer(  113): hwcdev_try_to_assign_pipe: We use not config memory
04-28 09:56:31.826 I/hwcomposer(  113): hwcdev_try_to_assign_pipe: We use not config memory
04-28 09:56:31.826 I/hwcomposer(  113): hwcdev_try_to_assign_pipe: We use not config memory
04-28 09:56:31.876 I/hwcomposer(  113): hwcdev_try_to_assign_pipe: We use not config memory
04-28 09:56:31.876 I/hwcomposer(  113): hwcdev_try_to_assign_pipe: We use not config memory
04-28 09:56:31.876 I/hwcomposer(  113): hwcdev_try_to_assign_pipe: We use not config memory
04-28 09:56:31.876 I/hwcomposer(  113): hwcdev_try_to_assign_pipe: We use not config memory
04-28 09:56:31.886 D/gralloc (  113): ION_HEAP_CARVEOUT_MASK alloc
04-28 09:56:31.886 D/gralloc (  113): ION_HEAP_CARVEOUT_MASK alloc
04-28 09:56:31.916 I/hwcomposer(  113): hwcdev_try_to_assign_pipe: We use not config memory
04-28 09:56:31.916 I/hwcomposer(  113): hwcdev_try_to_assign_pipe: We use not config memory
04-28 09:56:31.916 I/hwcomposer(  113): hwcdev_try_to_assign_pipe: We use not config memory
04-28 09:56:31.916 I/hwcomposer(  113): hwcdev_try_to_assign_pipe: We use not config memory
04-28 09:56:31.926 I/hwcomposer(  113): hwcdev_try_to_assign_pipe: We use not config memory
04-28 09:56:31.926 I/hwcomposer(  113): hwcdev_try_to_assign_pipe: We use not config memory
04-28 09:56:31.926 I/hwcomposer(  113): hwcdev_try_to_assign_pipe: We use not config memory
04-28 09:56:31.926 I/hwcomposer(  113): hwcdev_try_to_assign_pipe: We use not config memory
04-28 09:56:31.946 I/WindowManager(  450): Screen frozen for +465ms due to Window{42192b90 u0 com.android.launcher/com.android.launcher2.Launcher}
04-28 09:56:31.966 I/hwcomposer(  113): hwcdev_try_to_assign_pipe: We use not config memory
04-28 09:56:31.966 I/hwcomposer(  113): hwcdev_try_to_assign_pipe: We use not config memory
04-28 09:56:31.976 I/hwcomposer(  113): hwcdev_try_to_assign_pipe: We use not config memory
04-28 09:56:31.976 I/hwcomposer(  113): hwcdev_try_to_assign_pipe: We use not config memory
04-28 09:56:31.976 I/hwcomposer(  113): hwcdev_try_to_assign_pipe: We use not config memory
04-28 09:56:32.486 D/gralloc (  113): ION_HEAP_CARVEOUT_MASK alloc
04-28 09:56:34.036 D/dalvikvm(  450): GC_EXPLICIT freed 199K, 12% free 8770K/9900K, paused 4ms+10ms, total 81ms
04-28 09:56:41.266 I/PowerManagerService(  450): Going to sleep by user request...
04-28 09:56:41.706 D/SurfaceFlinger(  113): Screen released, type=0 flinger=0x402fd008
04-28 09:56:41.706 V/KeyguardServiceDelegate(  450): onScreenTurnedOn(showListener = com.android.internal.policy.impl.PhoneWindowManager$18@42154998)
04-28 09:56:41.726 V/KeyguardServiceDelegate(  450): **** SHOWN CALLED ****
04-28 09:56:41.726 I/WindowManager(  450): No lock screen! windowToken=null
04-28 09:56:41.756 V/audio_hw_primary(  116): adev_set_parameters, screen_state=on
04-28 09:56:41.766 I/qtaguid (  450): Failed write_ctrl(s 0 10012) res=-1 errno=1
04-28 09:56:41.766 W/NetworkManagementSocketTagger(  450): setKernelCountSet(10012, 0) failed with errno -1
04-28 09:56:41.876 V/audio_hw_primary(  116): adev_set_parameters, screen_state=off
04-28 09:56:42.086 D/PowerManagerService-JNI(  450): Excessive delay in autosuspend_enable() while turning screen off: 380ms
04-28 09:56:50.866 D/PowerManagerService(  450): mHoldBootFastWakeLock = true
04-28 09:56:52.346 D/PowerManagerService(  450): mHoldBootFastWakeLock = true
04-28 09:57:50.866 D/PowerManagerService(  450): mHoldBootFastWakeLock = true
04-28 09:58:09.786 D/dalvikvm(  450): GC_FOR_ALLOC freed 930K, 12% free 8797K/9900K, paused 62ms, total 64ms
04-28 09:58:23.736 D/ConnectivityService(  450): Sampling interval elapsed, updating statistics ..
04-28 09:58:23.736 D/ConnectivityService(  450): Done.
04-28 09:58:23.736 D/ConnectivityService(  450): Setting timer for 720seconds
04-28 09:58:23.956 D/GCM     (  853): Message class fog
04-28 09:58:24.466 D/ConnectivityService(  450): handleInetConditionHoldEnd: net=1, condition=100, published condition=100
04-28 09:58:50.866 D/PowerManagerService(  450): mHoldBootFastWakeLock = true
04-28 09:59:50.866 D/PowerManagerService(  450): mHoldBootFastWakeLock = true
04-28 10:00:02.256 D/dalvikvm(  450): GC_CONCURRENT freed 1000K, 12% free 8794K/9932K, paused 5ms+6ms, total 66ms
04-28 10:00:50.866 D/PowerManagerService(  450): mHoldBootFastWakeLock = true
04-28 10:01:02.856 D/PowerManagerService(  450): mHoldBootFastWakeLock = true
04-28 10:01:50.866 D/PowerManagerService(  450): mHoldBootFastWakeLock = true
04-28 10:02:11.286 D/dalvikvm(  450): GC_CONCURRENT freed 983K, 12% free 8801K/9944K, paused 3ms+5ms, total 63ms
04-28 10:02:50.866 D/PowerManagerService(  450): mHoldBootFastWakeLock = true
04-28 10:03:50.866 D/PowerManagerService(  450): mHoldBootFastWakeLock = true
04-28 10:04:27.106 D/dalvikvm(  450): GC_FOR_ALLOC freed 1003K, 12% free 8785K/9952K, paused 63ms, total 64ms
04-28 10:04:50.866 D/PowerManagerService(  450): mHoldBootFastWakeLock = true
04-28 10:05:50.866 D/PowerManagerService(  450): mHoldBootFastWakeLock = true
04-28 10:06:37.966 D/dalvikvm(  450): GC_CONCURRENT freed 982K, 12% free 8799K/9952K, paused 3ms+5ms, total 67ms
04-28 10:06:50.866 D/PowerManagerService(  450): mHoldBootFastWakeLock = true
04-28 10:07:50.866 D/PowerManagerService(  450): mHoldBootFastWakeLock = true
04-28 10:08:50.866 D/PowerManagerService(  450): mHoldBootFastWakeLock = true
04-28 10:08:52.246 D/dalvikvm(  450): GC_CONCURRENT freed 1015K, 12% free 8775K/9952K, paused 3ms+7ms, total 62ms
04-28 10:09:03.816 D/PowerManagerService(  450): mHoldBootFastWakeLock = true
04-28 10:09:50.866 D/PowerManagerService(  450): mHoldBootFastWakeLock = true
04-28 10:10:50.866 D/PowerManagerService(  450): mHoldBootFastWakeLock = true
04-28 10:10:59.576 D/dalvikvm(  450): GC_CONCURRENT freed 960K, 12% free 8799K/9932K, paused 3ms+5ms, total 63ms
04-28 10:11:50.866 D/PowerManagerService(  450): mHoldBootFastWakeLock = true
04-28 10:12:50.866 D/PowerManagerService(  450): mHoldBootFastWakeLock = true
04-28 10:13:01.286 D/dalvikvm(  450): GC_FOR_ALLOC freed 999K, 12% free 8776K/9944K, paused 56ms, total 56ms
04-28 10:13:19.946 D/ConnectivityService(  450): Sampling interval elapsed, updating statistics ..
04-28 10:13:19.956 D/ConnectivityService(  450): Done.
04-28 10:13:19.956 D/ConnectivityService(  450): Setting timer for 720seconds
04-28 10:13:23.966 I/ProcessStatsService(  450): Prepared write state in 6ms
04-28 10:13:24.176 D/GCM     (  853): Message class fog
04-28 10:13:24.686 D/ConnectivityService(  450): handleInetConditionHoldEnd: net=1, condition=100, published condition=100
04-28 10:13:50.866 D/PowerManagerService(  450): mHoldBootFastWakeLock = true
04-28 10:14:35.896 D/dalvikvm(  450): GC_CONCURRENT freed 954K, 12% free 8807K/9944K, paused 3ms+5ms, total 63ms
04-28 10:14:50.866 D/PowerManagerService(  450): mHoldBootFastWakeLock = true
04-28 10:15:01.206 I/System.out( 1348): passive
04-28 10:15:01.206 I/System.out( 1348): gps
04-28 10:15:01.206 I/System.out( 1348): network
04-28 10:15:01.226 D/dalvikvm( 1348): GC_CONCURRENT freed 275K, 7% free 4599K/4912K, paused 4ms+7ms, total 34ms
04-28 10:15:50.866 D/PowerManagerService(  450): mHoldBootFastWakeLock = true
04-28 10:16:41.656 D/dalvikvm(  450): GC_CONCURRENT freed 999K, 12% free 8806K/9952K, paused 3ms+5ms, total 69ms
04-28 10:16:50.866 D/PowerManagerService(  450): mHoldBootFastWakeLock = true
04-28 10:17:24.806 D/PowerManagerService(  450): mHoldBootFastWakeLock = true
04-28 10:17:50.866 D/PowerManagerService(  450): mHoldBootFastWakeLock = true
04-28 10:18:50.866 D/PowerManagerService(  450): mHoldBootFastWakeLock = true
04-28 10:18:52.456 D/dalvikvm(  450): GC_FOR_ALLOC freed 998K, 12% free 8790K/9948K, paused 62ms, total 63ms
04-28 10:19:50.866 D/PowerManagerService(  450): mHoldBootFastWakeLock = true
04-28 10:20:50.866 D/PowerManagerService(  450): mHoldBootFastWakeLock = true
04-28 10:21:01.486 D/dalvikvm(  450): GC_CONCURRENT freed 992K, 12% free 8781K/9948K, paused 3ms+7ms, total 61ms
04-28 10:21:50.866 D/PowerManagerService(  450): mHoldBootFastWakeLock = true
04-28 10:22:50.866 D/PowerManagerService(  450): mHoldBootFastWakeLock = true
04-28 10:23:14.126 D/dalvikvm(  450): GC_CONCURRENT freed 985K, 12% free 8805K/9944K, paused 4ms+5ms, total 71ms
04-28 10:23:50.866 D/PowerManagerService(  450): mHoldBootFastWakeLock = true
04-28 10:25:29.966 D/dalvikvm(  450): GC_CONCURRENT freed 993K, 12% free 8805K/9960K, paused 4ms+5ms, total 63ms
04-28 10:25:35.786 D/PowerManagerService(  450): mHoldBootFastWakeLock = true
04-28 10:26:50.866 D/PowerManagerService(  450): mHoldBootFastWakeLock = true
04-28 10:27:45.786 D/dalvikvm(  450): GC_FOR_ALLOC freed 1004K, 12% free 8789K/9956K, paused 62ms, total 63ms
04-28 10:27:45.846 D/dalvikvm(  450): GC_CONCURRENT freed 46K, 12% free 8771K/9956K, paused 4ms+5ms, total 57ms
04-28 10:27:50.866 D/PowerManagerService(  450): mHoldBootFastWakeLock = true
04-28 10:28:24.186 D/ConnectivityService(  450): Sampling interval elapsed, updating statistics ..
04-28 10:28:24.196 D/ConnectivityService(  450): Done.
04-28 10:28:24.196 D/ConnectivityService(  450): Setting timer for 720seconds
04-28 10:28:24.216 I/EventLogService(  853): Aggregate from 1398649501068 (log), 1398649501068 (data)
04-28 10:28:24.216 I/ActivityManager(  450): Delay finish: com.google.android.gsf/.checkin.EventLogService$Receiver
04-28 10:28:24.246 I/ActivityManager(  450): Resuming delayed broadcast
04-28 10:28:24.416 D/GCM     (  853): Message class fog
04-28 10:28:24.916 D/ConnectivityService(  450): handleInetConditionHoldEnd: net=1, condition=100, published condition=100
04-28 10:28:50.866 D/PowerManagerService(  450): mHoldBootFastWakeLock = true
04-28 10:29:36.536 D/dalvikvm(  450): GC_CONCURRENT freed 954K, 12% free 8813K/9952K, paused 3ms+7ms, total 71ms
04-28 10:29:50.866 D/PowerManagerService(  450): mHoldBootFastWakeLock = true
04-28 10:30:01.056 D/dalvikvm( 1262): GC_CONCURRENT freed 416K, 10% free 4518K/4972K, paused 3ms+1ms, total 32ms
04-28 10:30:50.866 D/PowerManagerService(  450): mHoldBootFastWakeLock = true
04-28 10:31:47.326 D/dalvikvm(  450): GC_CONCURRENT freed 1012K, 12% free 8810K/9960K, paused 4ms+7ms, total 72ms
04-28 10:31:50.866 D/PowerManagerService(  450): mHoldBootFastWakeLock = true
04-28 10:32:50.866 D/PowerManagerService(  450): mHoldBootFastWakeLock = true
04-28 10:33:50.866 D/PowerManagerService(  450): mHoldBootFastWakeLock = true
04-28 10:34:00.086 D/dalvikvm(  450): GC_CONCURRENT freed 1025K, 12% free 8776K/9956K, paused 9ms+6ms, total 67ms
04-28 10:34:06.806 D/PowerManagerService(  450): mHoldBootFastWakeLock = true
04-28 10:34:06.856 D/dalvikvm(  516): GC_CONCURRENT freed 1516K, 55% free 10230K/22724K, paused 2ms+8ms, total 43ms
04-28 10:35:50.866 D/PowerManagerService(  450): mHoldBootFastWakeLock = true
04-28 10:36:08.926 D/dalvikvm(  450): GC_CONCURRENT freed 970K, 12% free 8799K/9944K, paused 3ms+8ms, total 71ms
04-28 10:36:50.866 D/PowerManagerService(  450): mHoldBootFastWakeLock = true
04-28 10:37:50.866 D/PowerManagerService(  450): mHoldBootFastWakeLock = true
04-28 10:38:24.756 D/dalvikvm(  450): GC_FOR_ALLOC freed 1002K, 12% free 8775K/9952K, paused 63ms, total 63ms
04-28 10:38:50.866 D/PowerManagerService(  450): mHoldBootFastWakeLock = true
04-28 10:39:50.866 D/PowerManagerService(  450): mHoldBootFastWakeLock = true
04-28 10:40:35.616 D/dalvikvm(  450): GC_CONCURRENT freed 981K, 12% free 8798K/9952K, paused 3ms+5ms, total 68ms
04-28 10:40:50.866 D/PowerManagerService(  450): mHoldBootFastWakeLock = true
04-28 10:41:50.866 D/PowerManagerService(  450): mHoldBootFastWakeLock = true
04-28 10:42:46.776 D/dalvikvm(  450): GC_CONCURRENT freed 1014K, 12% free 8782K/9952K, paused 4ms+5ms, total 77ms
04-28 10:42:46.776 D/dalvikvm(  450): WAIT_FOR_CONCURRENT_GC blocked 35ms
04-28 10:42:47.846 D/PowerManagerService(  450): mHoldBootFastWakeLock = true
04-28 10:43:24.426 D/ConnectivityService(  450): Sampling interval elapsed, updating statistics ..
04-28 10:43:24.436 I/ProcessStatsService(  450): Prepared write state in 9ms
04-28 10:43:24.456 D/ConnectivityService(  450): Done.
04-28 10:43:24.456 D/ConnectivityService(  450): Setting timer for 720seconds
04-28 10:43:24.666 D/GCM     (  853): Message class fog
04-28 10:43:25.166 D/ConnectivityService(  450): handleInetConditionHoldEnd: net=1, condition=100, published condition=100
04-28 10:43:50.866 D/PowerManagerService(  450): mHoldBootFastWakeLock = true
04-28 10:44:22.056 D/dalvikvm(  450): GC_CONCURRENT freed 982K, 12% free 8804K/9948K, paused 3ms+5ms, total 68ms
04-28 10:44:50.866 D/PowerManagerService(  450): mHoldBootFastWakeLock = true
04-28 10:45:50.866 D/PowerManagerService(  450): mHoldBootFastWakeLock = true
04-28 10:46:32.866 D/dalvikvm(  450): GC_CONCURRENT freed 1008K, 12% free 8802K/9960K, paused 4ms+5ms, total 70ms
04-28 10:46:50.866 D/PowerManagerService(  450): mHoldBootFastWakeLock = true
04-28 10:47:50.866 D/PowerManagerService(  450): mHoldBootFastWakeLock = true
04-28 10:48:48.716 D/dalvikvm(  450): GC_FOR_ALLOC freed 1005K, 12% free 8785K/9956K, paused 63ms, total 64ms
04-28 10:48:48.776 D/dalvikvm(  450): GC_CONCURRENT freed 46K, 12% free 8767K/9956K, paused 4ms+5ms, total 61ms
04-28 10:48:50.866 D/PowerManagerService(  450): mHoldBootFastWakeLock = true
04-28 10:49:48.006 I/wpa_supplicant(  511): wlan0: WPA: Group rekeying completed with a4:93:4c:b1:4a:5f [GTK=CCMP]
04-28 10:49:50.866 D/PowerManagerService(  450): mHoldBootFastWakeLock = true
04-28 10:50:50.866 D/PowerManagerService(  450): mHoldBootFastWakeLock = true
04-28 10:50:59.596 D/dalvikvm(  450): GC_CONCURRENT freed 950K, 12% free 8802K/9944K, paused 4ms+5ms, total 68ms
04-28 10:51:18.866 D/PowerManagerService(  450): mHoldBootFastWakeLock = true
04-28 10:51:50.866 D/PowerManagerService(  450): mHoldBootFastWakeLock = true
04-28 10:52:50.866 D/PowerManagerService(  450): mHoldBootFastWakeLock = true
04-28 10:53:10.406 D/dalvikvm(  450): GC_FOR_ALLOC freed 1006K, 12% free 8786K/9952K, paused 62ms, total 63ms
04-28 10:53:10.466 D/dalvikvm(  450): GC_CONCURRENT freed 47K, 12% free 8767K/9952K, paused 4ms+6ms, total 58ms
04-28 10:53:50.866 D/PowerManagerService(  450): mHoldBootFastWakeLock = true
04-28 10:54:50.866 D/PowerManagerService(  450): mHoldBootFastWakeLock = true
04-28 10:55:26.296 D/dalvikvm(  450): GC_FOR_ALLOC freed 962K, 12% free 8785K/9948K, paused 61ms, total 62ms
04-28 10:55:26.346 D/dalvikvm(  450): GC_CONCURRENT freed 46K, 12% free 8767K/9948K, paused 4ms+5ms, total 57ms
04-28 10:55:50.866 D/PowerManagerService(  450): mHoldBootFastWakeLock = true
04-28 10:56:50.866 D/PowerManagerService(  450): mHoldBootFastWakeLock = true
04-28 10:57:42.186 D/dalvikvm(  450): GC_FOR_ALLOC freed 964K, 12% free 8785K/9936K, paused 64ms, total 65ms
04-28 10:57:42.246 D/dalvikvm(  450): GC_CONCURRENT freed 47K, 12% free 8767K/9936K, paused 4ms+5ms, total 57ms
04-28 10:57:50.866 D/PowerManagerService(  450): mHoldBootFastWakeLock = true
04-28 10:58:24.676 D/ConnectivityService(  450): Sampling interval elapsed, updating statistics ..
04-28 10:58:24.676 D/ConnectivityService(  450): Done.
04-28 10:58:24.676 D/ConnectivityService(  450): Setting timer for 720seconds
04-28 10:58:24.706 I/ActivityManager(  450): Delay finish: com.google.android.gsf/.checkin.EventLogService$Receiver
04-28 10:58:24.716 I/EventLogService(  853): Aggregate from 1398652104229 (log), 1398652104229 (data)
04-28 10:58:24.746 I/ActivityManager(  450): Resuming delayed broadcast
04-28 10:58:25.006 D/GCM     (  853): Message class fog
04-28 10:58:25.506 D/ConnectivityService(  450): handleInetConditionHoldEnd: net=1, condition=100, published condition=100
04-28 10:58:50.866 D/PowerManagerService(  450): mHoldBootFastWakeLock = true
04-28 10:59:32.946 D/dalvikvm(  450): GC_CONCURRENT freed 953K, 12% free 8809K/9932K, paused 3ms+5ms, total 69ms
04-28 10:59:50.866 D/PowerManagerService(  450): mHoldBootFastWakeLock = true
04-28 10:59:59.906 D/PowerManagerService(  450): mHoldBootFastWakeLock = true
04-28 11:00:50.866 D/PowerManagerService(  450): mHoldBootFastWakeLock = true
04-28 11:01:42.636 D/dalvikvm(  450): GC_CONCURRENT freed 1019K, 12% free 8782K/9944K, paused 3ms+7ms, total 62ms
04-28 11:01:50.866 D/PowerManagerService(  450): mHoldBootFastWakeLock = true
04-28 11:03:50.866 D/PowerManagerService(  450): mHoldBootFastWakeLock = true
04-28 11:03:54.546 D/dalvikvm(  450): GC_FOR_ALLOC freed 976K, 12% free 8789K/9932K, paused 61ms, total 63ms
04-28 11:03:54.606 D/dalvikvm(  450): GC_CONCURRENT freed 46K, 12% free 8772K/9932K, paused 4ms+6ms, total 57ms
04-28 11:04:50.866 D/PowerManagerService(  450): mHoldBootFastWakeLock = true
04-28 11:05:50.866 D/PowerManagerService(  450): mHoldBootFastWakeLock = true
04-28 11:06:05.416 D/dalvikvm(  450): GC_FOR_ALLOC freed 952K, 12% free 8782K/9924K, paused 62ms, total 63ms
04-28 11:06:50.866 D/PowerManagerService(  450): mHoldBootFastWakeLock = true
04-28 11:07:50.866 D/PowerManagerService(  450): mHoldBootFastWakeLock = true
04-28 11:08:16.266 D/dalvikvm(  450): GC_FOR_ALLOC freed 976K, 12% free 8789K/9924K, paused 61ms, total 62ms
04-28 11:08:22.806 E/wpa_supplicant(  511): wpa_driver_nl80211_driver_cmd: failed to issue private commands
04-28 11:08:22.806 E/WifiStateMachine(  450): Unexpected BatchedScanResults :null
04-28 11:08:22.806 E/wpa_supplicant(  511): wpa_driver_nl80211_driver_cmd: failed to issue private commands
04-28 11:08:23.236 D/WifiStateMachine(  450): VerifyingLinkState enter
04-28 11:08:23.256 D/WifiStateMachine(  450): VerifyingLinkState GOOD_LINK_DETECTED: transition to captive portal check
04-28 11:08:23.256 D/WifiStateMachine(  450): CaptivePortalCheckState enter
04-28 11:08:23.256 D/ConnectivityService(  450): Captive portal check NetworkInfo: type: WIFI[], state: CONNECTING/CAPTIVE_PORTAL_CHECK, reason: (unspecified), extra: "XP-3f", roaming: false, failover: false, isAvailable: true, isConnectedToProvisioningNetwork: false
04-28 11:08:23.256 D/ConnectivityService(  450): handleCaptivePortalTrackerCheck: call captivePortalCheckComplete ni=NetworkInfo: type: WIFI[], state: CONNECTING/CAPTIVE_PORTAL_CHECK, reason: (unspecified), extra: "XP-3f", roaming: false, failover: false, isAvailable: true, isConnectedToProvisioningNetwork: false
04-28 11:08:23.256 D/ConnectivityService(  450): Captive portal check NetworkInfo: type: WIFI[], state: CONNECTING/CAPTIVE_PORTAL_CHECK, reason: (unspecified), extra: "XP-3f", roaming: false, failover: false, isAvailable: true, isConnectedToProvisioningNetwork: false
04-28 11:08:23.256 D/ConnectivityService(  450): handleCaptivePortalTrackerCheck: call captivePortalCheckComplete ni=NetworkInfo: type: WIFI[], state: CONNECTING/CAPTIVE_PORTAL_CHECK, reason: (unspecified), extra: "XP-3f", roaming: false, failover: false, isAvailable: true, isConnectedToProvisioningNetwork: false
04-28 11:08:23.266 D/WifiStateMachine(  450): CaptivePortalCheckState CMD_CAPTIVE_CHECK_COMPLETE
04-28 11:08:23.286 D/ConnectivityService(  450): ConnectivityChange for WIFI: CONNECTED/CONNECTED
04-28 11:08:23.286 E/ConnectivityService(  450): Unexpected mtu value: android.net.wifi.WifiStateTracker@4201a910
04-28 11:08:23.306 D/ConnectivityService(  450): handleConnectivityChange: address are the same reset per doReset linkProperty[1]: resetMask=0
04-28 11:08:23.306 D/Nat464Xlat(  450): requiresClat: netType=1, hasIPv4Address=true
04-28 11:08:23.326 D/ConnectivityService(  450): ConnectivityChange for WIFI: CONNECTED/CONNECTED
04-28 11:08:23.336 E/ConnectivityService(  450): Unexpected mtu value: android.net.wifi.WifiStateTracker@4201a910
04-28 11:08:23.356 D/ConnectivityService(  450): handleConnectivityChange: address are the same reset per doReset linkProperty[1]: resetMask=0
04-28 11:08:23.356 D/Nat464Xlat(  450): requiresClat: netType=1, hasIPv4Address=true
04-28 11:08:24.286 D/ConnectivityService(  450): NetTransition Wakelock for ConnectedState released by timeout
04-28 11:08:26.336 I/DeviceInfoService(  450): wifi on
04-28 11:08:26.336 I/DeviceInfoService(  450): onReceive BroadcastReceiver
04-28 11:08:26.336 D/OtaService(  450): onreceive action = android.net.conn.CONNECTIVITY_CHANGE
04-28 11:08:26.336 I/OtaService(  450): onReceive BroadcastReceiver
04-28 11:08:26.336 I/dalvikvm(  450): Jit: resizing JitTable from 8192 to 16384
04-28 11:08:26.346 D/Tethering(  450): MasterInitialState.processMessage what=3
04-28 11:08:26.376 I/DeviceInfoService(  450): wifi on
04-28 11:08:26.376 I/DeviceInfoService(  450): onReceive BroadcastReceiver
04-28 11:08:26.376 D/OtaService(  450): onreceive action = android.net.conn.CONNECTIVITY_CHANGE
04-28 11:08:26.376 I/OtaService(  450): onReceive BroadcastReceiver
04-28 11:08:26.376 D/Tethering(  450): MasterInitialState.processMessage what=3
04-28 11:08:26.416 D/GCM     (  853): GcmService start Intent { act=android.net.conn.CONNECTIVITY_CHANGE flg=0x4000010 cmp=com.google.android.gms/.gcm.GcmService (has extras) } android.net.conn.CONNECTIVITY_CHANGE
04-28 11:08:26.466 I/ActivityManager(  450): Start proc com.android.mms for broadcast com.android.mms/.transaction.MmsSystemEventReceiver: pid=3897 uid=10013 gids={50013, 3003, 1028, 1015}
04-28 11:08:26.626 D/CountryDetector(  450): The first listener is added
04-28 11:08:26.636 V/MmsConfig( 3897): mnc/mcc: 
04-28 11:08:26.636 V/MmsConfig( 3897): tag: bool value: enabledMMS - true
04-28 11:08:26.636 V/MmsConfig( 3897): tag: int value: maxMessageSize - 307200
04-28 11:08:26.636 V/MmsConfig( 3897): tag: int value: maxImageHeight - 480
04-28 11:08:26.636 V/MmsConfig( 3897): tag: int value: maxImageWidth - 640
04-28 11:08:26.636 V/MmsConfig( 3897): tag: int value: defaultSMSMessagesPerThread - 10000
04-28 11:08:26.636 V/MmsConfig( 3897): tag: int value: defaultMMSMessagesPerThread - 1000
04-28 11:08:26.636 V/MmsConfig( 3897): tag: int value: minMessageCountPerThread - 10
04-28 11:08:26.636 V/MmsConfig( 3897): tag: int value: maxMessageCountPerThread - 5000
04-28 11:08:26.636 V/MmsConfig( 3897): tag: string value: uaProfUrl - http://www.google.com/oha/rdf/ua-profile-kila.xml
04-28 11:08:26.636 V/MmsConfig( 3897): tag: int value: recipientLimit - -1
04-28 11:08:26.636 V/MmsConfig( 3897): tag: bool value: enableMultipartSMS - true
04-28 11:08:26.636 V/MmsConfig( 3897): tag: int value: smsToMmsTextThreshold - -1
04-28 11:08:26.636 V/MmsConfig( 3897): tag: bool value: enableSlideDuration - true
04-28 11:08:26.636 V/MmsConfig( 3897): tag: int value: maxMessageTextSize - -1
04-28 11:08:26.686 D/        ( 1348): intervalx=6816793
04-28 11:08:26.716 D/GCM     (  853): GcmService start Intent { act=android.net.conn.CONNECTIVITY_CHANGE flg=0x4000010 cmp=com.google.android.gms/.gcm.GcmService (has extras) } android.net.conn.CONNECTIVITY_CHANGE
04-28 11:08:26.776 I/ActivityManager(  450): Killing 1278:com.android.email/u0a32 (adj 15): empty for 6818s
04-28 11:08:26.786 D/        ( 1348): intervalx=6816889
04-28 11:08:26.786 D/dalvikvm(  853): GC_CONCURRENT freed 435K, 11% free 4885K/5468K, paused 2ms+2ms, total 64ms
04-28 11:08:26.806 I/ActivityManager(  450): Delay finish: com.google.android.gsf/.settings.GoogleLocationSettings$LocationSettingsChangedListener
04-28 11:08:26.806 I/ActivityManager(  450): Resuming delayed broadcast
04-28 11:08:26.816 V/SmsReceiverService( 3897): onStart: #1 mResultCode: -1 = Activity.RESULT_OK
04-28 11:08:26.816 I/ActivityManager(  450): Delay finish: com.android.mms/.transaction.SmsReceiver
04-28 11:08:26.836 I/ActivityManager(  450): Resuming delayed broadcast
04-28 11:08:26.936 D/ConnectivityService(  450): handleInetConditionHoldEnd: net=1, condition=100, published condition=0
04-28 11:08:40.945 D/PowerManagerService(  450): mHoldBootFastWakeLock = true
04-28 11:08:42.216 D/dalvikvm(  450): GC_CONCURRENT freed 966K, 12% free 8814K/9924K, paused 4ms+8ms, total 65ms
04-28 11:09:50.866 D/PowerManagerService(  450): mHoldBootFastWakeLock = true
04-28 11:10:12.006 D/dalvikvm(  450): GC_FOR_ALLOC freed 678K, 12% free 8794K/9956K, paused 61ms, total 62ms
04-28 11:10:24.686 D/ConnectivityService(  450): Sampling interval elapsed, updating statistics ..
04-28 11:10:24.686 D/ConnectivityService(  450): Done.
04-28 11:10:24.686 D/ConnectivityService(  450): Setting timer for 720seconds
04-28 11:10:50.866 D/PowerManagerService(  450): mHoldBootFastWakeLock = true
04-28 11:11:50.866 D/PowerManagerService(  450): mHoldBootFastWakeLock = true
04-28 11:12:02.726 D/dalvikvm(  450): GC_FOR_ALLOC freed 884K, 12% free 8802K/9956K, paused 62ms, total 63ms
04-28 11:12:50.866 D/PowerManagerService(  450): mHoldBootFastWakeLock = true
04-28 11:13:25.026 I/ProcessStatsService(  450): Prepared write state in 8ms
04-28 11:13:25.026 I/ProcessStatsService(  450): Prepared write state in 5ms
04-28 11:13:25.206 D/GCM     (  853): Message class fog
04-28 11:13:25.716 D/ConnectivityService(  450): handleInetConditionHoldEnd: net=1, condition=100, published condition=100
04-28 11:13:26.266 D/dalvikvm(  450): GC_FOR_ALLOC freed 939K, 12% free 8792K/9956K, paused 57ms, total 57ms
04-28 11:15:07.516 I/System.out( 1348): passive
04-28 11:15:07.516 I/System.out( 1348): gps
04-28 11:15:07.516 I/System.out( 1348): network
04-28 11:15:17.086 D/dalvikvm(  450): GC_FOR_ALLOC freed 908K, 12% free 8792K/9956K, paused 54ms, total 55ms
04-28 11:15:50.866 D/PowerManagerService(  450): mHoldBootFastWakeLock = true
04-28 11:16:50.866 D/PowerManagerService(  450): mHoldBootFastWakeLock = true
04-28 11:17:11.966 D/PowerManagerService(  450): mHoldBootFastWakeLock = true
04-28 11:17:14.676 D/dalvikvm(  450): GC_FOR_ALLOC freed 900K, 12% free 8799K/9956K, paused 62ms, total 62ms
04-28 11:17:50.866 D/PowerManagerService(  450): mHoldBootFastWakeLock = true
04-28 11:18:50.866 D/PowerManagerService(  450): mHoldBootFastWakeLock = true
04-28 11:19:15.476 D/dalvikvm(  450): GC_FOR_ALLOC freed 905K, 12% free 8799K/9956K, paused 63ms, total 63ms
04-28 11:20:50.866 D/PowerManagerService(  450): mHoldBootFastWakeLock = true
04-28 11:21:16.256 D/dalvikvm(  450): GC_FOR_ALLOC freed 892K, 12% free 8799K/9956K, paused 62ms, total 62ms
04-28 11:21:50.866 D/PowerManagerService(  450): mHoldBootFastWakeLock = true
04-28 11:22:50.866 D/PowerManagerService(  450): mHoldBootFastWakeLock = true
04-28 11:23:17.046 D/dalvikvm(  450): GC_FOR_ALLOC freed 905K, 12% free 8800K/9956K, paused 62ms, total 63ms
04-28 11:23:50.866 D/PowerManagerService(  450): mHoldBootFastWakeLock = true
04-28 11:24:50.866 D/PowerManagerService(  450): mHoldBootFastWakeLock = true
04-28 11:25:17.836 D/dalvikvm(  450): GC_FOR_ALLOC freed 905K, 12% free 8800K/9956K, paused 61ms, total 62ms
04-28 11:25:50.866 D/PowerManagerService(  450): mHoldBootFastWakeLock = true
04-28 11:26:03.036 D/PowerManagerService(  450): mHoldBootFastWakeLock = true
04-28 11:27:18.636 D/dalvikvm(  450): GC_FOR_ALLOC freed 905K, 12% free 8801K/9956K, paused 62ms, total 63ms
04-28 11:27:50.866 D/PowerManagerService(  450): mHoldBootFastWakeLock = true
04-28 11:28:25.216 D/ConnectivityService(  450): Sampling interval elapsed, updating statistics ..
04-28 11:28:25.216 D/ConnectivityService(  450): Done.
04-28 11:28:25.216 D/ConnectivityService(  450): Setting timer for 720seconds
04-28 11:28:25.246 I/LatinIME:LogUtils(  612): Dictionary info: dictionary = UserHistoryDictionary.en_US.dic ; version = ? ; date = 1398655705
04-28 11:28:25.256 I/EventLogService(  853): Aggregate from 1398653904726 (log), 1398653904726 (data)
04-28 11:28:25.256 I/ActivityManager(  450): Delay finish: com.google.android.gsf/.checkin.EventLogService$Receiver
04-28 11:28:25.286 I/ActivityManager(  450): Resuming delayed broadcast
04-28 11:28:25.446 D/GCM     (  853): Message class fog
04-28 11:28:25.946 D/ConnectivityService(  450): handleInetConditionHoldEnd: net=1, condition=100, published condition=100
04-28 11:28:59.316 D/dalvikvm(  450): GC_FOR_ALLOC freed 890K, 12% free 8807K/9956K, paused 62ms, total 63ms
04-28 11:29:04.386 D/SensorManager(  450): >>>>>>> set discard sensrtime =3
04-28 11:29:04.386 I/PowerManagerService(  450): Waking up from sleep...
04-28 11:29:04.406 V/KeyguardServiceDelegate(  450): onScreenTurnedOn(showListener = com.android.internal.policy.impl.PhoneWindowManager$18@4215fbd8)
04-28 11:29:04.416 V/KeyguardServiceDelegate(  450): **** SHOWN CALLED ****
04-28 11:29:04.416 D/SurfaceFlinger(  113): Screen acquired, type=0 flinger=0x402fd008
04-28 11:29:04.416 I/WindowManager(  450): No lock screen! windowToken=null
04-28 11:29:04.446 D/gralloc (  113): ION_HEAP_CARVEOUT_MASK alloc
04-28 11:29:04.456 D/gralloc (  113): ION_HEAP_CARVEOUT_MASK alloc
04-28 11:29:04.476 D/SensorManager(  450): discard gsensor data ...
04-28 11:29:04.486 D/gralloc (  113): ION_HEAP_CARVEOUT_MASK alloc
04-28 11:29:04.496 V/audio_hw_primary(  116): adev_set_parameters, screen_state=on
04-28 11:29:04.546 D/SensorManager(  450): discard gsensor data ...
04-28 11:29:04.556 I/qtaguid (  450): Failed write_ctrl(s 1 10012) res=-1 errno=1
04-28 11:29:04.556 W/NetworkManagementSocketTagger(  450): setKernelCountSet(10012, 1) failed with errno -1
04-28 11:29:04.616 D/SensorManager(  450): discard gsensor data ...
04-28 11:29:13.406 D/PowerManagerService(  450): mHoldBootFastWakeLock = true
04-28 11:30:01.046 D/dalvikvm( 1262): GC_CONCURRENT freed 390K, 10% free 4514K/4972K, paused 3ms+7ms, total 28ms
