04-23 11:38:32.760 E/AccessibilityNodeInfoCache( 2789): Node from: 190 not from:188 android.view.accessibility.AccessibilityNodeInfo@a98c; boundsInParent: Rect(0, 0 - 768, 976); boundsInScreen: Rect(0, 0 - 768, 976); packageName: com.antutu.ABenchMark; className: android.widget.FrameLayout; text: null; contentDescription: null; viewIdResName: null; checkable: false; checked: false; focusable: false; focused: false; selected: false; clickable: false; longClickable: false; enabled: true; password: false; scrollable: false; [ACTION_SELECT, ACTION_CLEAR_SELECTION, ACTION_ACCESSIBILITY_FOCUS]
04-23 11:38:32.760 E/AccessibilityNodeInfoCache( 2789): Node from: 190 not from:188 android.view.accessibility.AccessibilityNodeInfo@a98c; boundsInParent: Rect(0, 0 - 768, 976); boundsInScreen: Rect(0, 0 - 768, 976); packageName: com.antutu.ABenchMark; className: android.widget.FrameLayout; text: null; contentDescription: null; viewIdResName: null; checkable: false; checked: false; focusable: false; focused: false; selected: false; clickable: false; longClickable: false; enabled: true; password: false; scrollable: false; [ACTION_SELECT, ACTION_CLEAR_SELECTION, ACTION_ACCESSIBILITY_FOCUS]
04-23 11:38:32.760 E/AccessibilityNodeInfoCache( 2789): Node from: 190 not from:188 android.view.accessibility.AccessibilityNodeInfo@a98c; boundsInParent: Rect(0, 0 - 768, 976); boundsInScreen: Rect(0, 0 - 768, 976); packageName: com.antutu.ABenchMark; className: android.widget.FrameLayout; text: null; contentDescription: null; viewIdResName: null; checkable: false; checked: false; focusable: false; focused: false; selected: false; clickable: false; longClickable: false; enabled: true; password: false; scrollable: false; [ACTION_SELECT, ACTION_CLEAR_SELECTION, ACTION_ACCESSIBILITY_FOCUS]
04-23 11:38:32.760 E/AccessibilityNodeInfoCache( 2789): Node from: 190 not from:188 android.view.accessibility.AccessibilityNodeInfo@a98c; boundsInParent: Rect(0, 0 - 768, 976); boundsInScreen: Rect(0, 0 - 768, 976); packageName: com.antutu.ABenchMark; className: android.widget.FrameLayout; text: null; contentDescription: null; viewIdResName: null; checkable: false; checked: false; focusable: false; focused: false; selected: false; clickable: false; longClickable: false; enabled: true; password: false; scrollable: false; [ACTION_SELECT, ACTION_CLEAR_SELECTION, ACTION_ACCESSIBILITY_FOCUS]
04-23 11:38:32.770 E/AccessibilityNodeInfoCache( 2789): Node from: 190 not from:188 android.view.accessibility.AccessibilityNodeInfo@a98c; boundsInParent: Rect(0, 0 - 768, 976); boundsInScreen: Rect(0, 0 - 768, 976); packageName: com.antutu.ABenchMark; className: android.widget.FrameLayout; text: null; contentDescription: null; viewIdResName: null; checkable: false; checked: false; focusable: false; focused: false; selected: false; clickable: false; longClickable: false; enabled: true; password: false; scrollable: false; [ACTION_SELECT, ACTION_CLEAR_SELECTION, ACTION_ACCESSIBILITY_FOCUS]
04-23 11:38:32.770 E/AccessibilityNodeInfoCache( 2789): Node from: 190 not from:188 android.view.accessibility.AccessibilityNodeInfo@a98c; boundsInParent: Rect(0, 0 - 768, 976); boundsInScreen: Rect(0, 0 - 768, 976); packageName: com.antutu.ABenchMark; className: android.widget.FrameLayout; text: null; contentDescription: null; viewIdResName: null; checkable: false; checked: false; focusable: false; focused: false; selected: false; clickable: false; longClickable: false; enabled: true; password: false; scrollable: false; [ACTION_SELECT, ACTION_CLEAR_SELECTION, ACTION_ACCESSIBILITY_FOCUS]
04-23 11:38:32.770 E/AccessibilityNodeInfoCache( 2789): Node from: 190 not from:188 android.view.accessibility.AccessibilityNodeInfo@a98c; boundsInParent: Rect(0, 0 - 768, 976); boundsInScreen: Rect(0, 0 - 768, 976); packageName: com.antutu.ABenchMark; className: android.widget.FrameLayout; text: null; contentDescription: null; viewIdResName: null; checkable: false; checked: false; focusable: false; focused: false; selected: false; clickable: false; longClickable: false; enabled: true; password: false; scrollable: false; [ACTION_SELECT, ACTION_CLEAR_SELECTION, ACTION_ACCESSIBILITY_FOCUS]
04-23 11:38:32.770 E/AccessibilityNodeInfoCache( 2789): Node from: 190 not from:188 android.view.accessibility.AccessibilityNodeInfo@a98c; boundsInParent: Rect(0, 0 - 768, 976); boundsInScreen: Rect(0, 0 - 768, 976); packageName: com.antutu.ABenchMark; className: android.widget.FrameLayout; text: null; contentDescription: null; viewIdResName: null; checkable: false; checked: false; focusable: false; focused: false; selected: false; clickable: false; longClickable: false; enabled: true; password: false; scrollable: false; [ACTION_SELECT, ACTION_CLEAR_SELECTION, ACTION_ACCESSIBILITY_FOCUS]
04-23 11:38:32.770 E/AccessibilityNodeInfoCache( 2789): Node from: 190 not from:188 android.view.accessibility.AccessibilityNodeInfo@a98c; boundsInParent: Rect(0, 0 - 768, 976); boundsInScreen: Rect(0, 0 - 768, 976); packageName: com.antutu.ABenchMark; className: android.widget.FrameLayout; text: null; contentDescription: null; viewIdResName: null; checkable: false; checked: false; focusable: false; focused: false; selected: false; clickable: false; longClickable: false; enabled: true; password: false; scrollable: false; [ACTION_SELECT, ACTION_CLEAR_SELECTION, ACTION_ACCESSIBILITY_FOCUS]
04-23 11:38:32.770 E/AccessibilityNodeInfoCache( 2789): Node from: 190 not from:188 android.view.accessibility.AccessibilityNodeInfo@a98c; boundsInParent: Rect(0, 0 - 768, 976); boundsInScreen: Rect(0, 0 - 768, 976); packageName: com.antutu.ABenchMark; className: android.widget.FrameLayout; text: null; contentDescription: null; viewIdResName: null; checkable: false; checked: false; focusable: false; focused: false; selected: false; clickable: false; longClickable: false; enabled: true; password: false; scrollable: false; [ACTION_SELECT, ACTION_CLEAR_SELECTION, ACTION_ACCESSIBILITY_FOCUS]
04-23 11:38:32.770 E/AccessibilityNodeInfoCache( 2789): Node from: 190 not from:188 android.view.accessibility.AccessibilityNodeInfo@a98c; boundsInParent: Rect(0, 0 - 768, 976); boundsInScreen: Rect(0, 0 - 768, 976); packageName: com.antutu.ABenchMark; className: android.widget.FrameLayout; text: null; contentDescription: null; viewIdResName: null; checkable: false; checked: false; focusable: false; focused: false; selected: false; clickable: false; longClickable: false; enabled: true; password: false; scrollable: false; [ACTION_SELECT, ACTION_CLEAR_SELECTION, ACTION_ACCESSIBILITY_FOCUS]
04-23 11:38:32.770 E/AccessibilityNodeInfoCache( 2789): Node from: 190 not from:188 android.view.accessibility.AccessibilityNodeInfo@a98c; boundsInParent: Rect(0, 0 - 768, 976); boundsInScreen: Rect(0, 0 - 768, 976); packageName: com.antutu.ABenchMark; className: android.widget.FrameLayout; text: null; contentDescription: null; viewIdResName: null; checkable: false; checked: false; focusable: false; focused: false; selected: false; clickable: false; longClickable: false; enabled: true; password: false; scrollable: false; [ACTION_SELECT, ACTION_CLEAR_SELECTION, ACTION_ACCESSIBILITY_FOCUS]
04-23 11:38:32.770 E/AccessibilityNodeInfoCache( 2789): Node from: 190 not from:188 android.view.accessibility.AccessibilityNodeInfo@a98c; boundsInParent: Rect(0, 0 - 768, 976); boundsInScreen: Rect(0, 0 - 768, 976); packageName: com.antutu.ABenchMark; className: android.widget.FrameLayout; text: null; contentDescription: null; viewIdResName: null; checkable: false; checked: false; focusable: false; focused: false; selected: false; clickable: false; longClickable: false; enabled: true; password: false; scrollable: false; [ACTION_SELECT, ACTION_CLEAR_SELECTION, ACTION_ACCESSIBILITY_FOCUS]
04-23 11:38:32.770 E/AccessibilityNodeInfoCache( 2789): Node from: 190 not from:188 android.view.accessibility.AccessibilityNodeInfo@a98c; boundsInParent: Rect(0, 0 - 768, 976); boundsInScreen: Rect(0, 0 - 768, 976); packageName: com.antutu.ABenchMark; className: android.widget.FrameLayout; text: null; contentDescription: null; viewIdResName: null; checkable: false; checked: false; focusable: false; focused: false; selected: false; clickable: false; longClickable: false; enabled: true; password: false; scrollable: false; [ACTION_SELECT, ACTION_CLEAR_SELECTION, ACTION_ACCESSIBILITY_FOCUS]
04-23 11:38:32.770 E/AccessibilityNodeInfoCache( 2789): Node from: 190 not from:188 android.view.accessibility.AccessibilityNodeInfo@a98c; boundsInParent: Rect(0, 0 - 768, 976); boundsInScreen: Rect(0, 0 - 768, 976); packageName: com.antutu.ABenchMark; className: android.widget.FrameLayout; text: null; contentDescription: null; viewIdResName: null; checkable: false; checked: false; focusable: false; focused: false; selected: false; clickable: false; longClickable: false; enabled: true; password: false; scrollable: false; [ACTION_SELECT, ACTION_CLEAR_SELECTION, ACTION_ACCESSIBILITY_FOCUS]
04-23 11:38:33.920 D/DynamicPowerPolicyChangeThread(  431): set policy extremity, temp=70.0
04-23 11:38:34.450 D/UIAutomatorStub( 2789): URI: /jsonrpc/0, Method: POST, Header: {content-type=application/json, connection=close, remote-addr=127.0.0.1, host=localhost:9008, content-length=212, http-client-ip=127.0.0.1, user-agent=Python-urllib/2.7, accept-encoding=identity}, params, {NanoHttpd.QUERY_STRING={"params": [{"childOrSiblingSelector": [], "text": "Unfortunately, AnTuTu Benchmark has stopped.", "mask": 1, "childOrSibling": []}], "jsonrpc": "2.0", "method": "exist", "id": "0b489bac802c2aefa9c6879473706086"}, {"params": [{"childOrSiblingSelector": [], "text": "Unfortunately, AnTuTu Benchmark has stopped.", "mask": 1, "childOrSibling": []}], "jsonrpc": "2.0", "method": "exist", "id": "0b489bac802c2aefa9c6879473706086"}=}, files: {}
04-23 11:38:34.530 D/dalvikvm( 2789): GC_CONCURRENT freed 315K, 73% free 1410K/5084K, paused 2ms+1ms, total 13ms
04-23 11:38:38.490 D/UIAutomatorStub( 2789): URI: /jsonrpc/0, Method: POST, Header: {content-type=application/json, connection=close, remote-addr=127.0.0.1, host=localhost:9008, content-length=172, http-client-ip=127.0.0.1, user-agent=Python-urllib/2.7, accept-encoding=identity}, params, {{"params": [{"childOrSiblingSelector": [], "text": "Show", "mask": 1, "childOrSibling": []}], "jsonrpc": "2.0", "method": "exist", "id": "ecfc2dab6a018e23bafc72a5d34faeb4"}=, NanoHttpd.QUERY_STRING={"params": [{"childOrSiblingSelector": [], "text": "Show", "mask": 1, "childOrSibling": []}], "jsonrpc": "2.0", "method": "exist", "id": "ecfc2dab6a018e23bafc72a5d34faeb4"}}, files: {}
04-23 11:38:38.570 D/dalvikvm( 2789): GC_CONCURRENT freed 412K, 73% free 1404K/5084K, paused 1ms+1ms, total 22ms
04-23 11:38:39.000 I/ActivityManager(  431): Killing 11967:android.process.acore/u0a2 (adj 11): empty #2
04-23 11:38:39.880 I/ActivityManager(  431): Start proc com.google.process.location for service com.google.android.gms/com.google.android.location.internal.GoogleLocationManagerService: pid=12252 uid=10006 gids={50006, 3003, 1007, 1028, 1015, 2001, 3006, 3007}
04-23 11:38:39.970 I/ActivityManager(  431): Start proc com.google.android.gms for broadcast com.google.android.gms/.init.InitializeGmsReceiver: pid=12265 uid=10006 gids={50006, 3003, 1007, 1028, 1015, 2001, 3006, 3007}
04-23 11:38:39.980 D/dalvikvm(  111): GC_EXPLICIT freed 41K, 2% free 4363K/4440K, paused 2ms+3ms, total 28ms
04-23 11:38:40.000 D/dalvikvm(  111): GC_EXPLICIT freed <1K, 2% free 4363K/4440K, paused 2ms+2ms, total 21ms
04-23 11:38:40.020 D/GeofencerStateMachine(12252): Creating GeofencerStateMachine
04-23 11:38:40.030 D/dalvikvm(  111): GC_EXPLICIT freed <1K, 2% free 4363K/4440K, paused 2ms+2ms, total 21ms
04-23 11:38:40.160 D/dalvikvm(12252): GC_CONCURRENT freed 212K, 6% free 4551K/4796K, paused 2ms+1ms, total 17ms
04-23 11:38:40.210 I/ActivityManager(  431): Start proc com.google.process.gapps for content provider com.google.android.gsf/.gservices.GservicesProvider: pid=12282 uid=10006 gids={50006, 3003, 1007, 1028, 1015, 2001, 3006, 3007}
04-23 11:38:40.280 W/ContextImpl(12265): Implicit intents with startService are not safe: Intent { act=com.google.android.gms.INITIALIZE } android.content.ContextWrapper.startService:494 android.content.ContextWrapper.startService:494 com.google.android.gms.init.InitializeGmsReceiver.onReceive:29 
04-23 11:38:40.290 I/ActivityManager(  431): Delay finish: com.google.android.gms/.init.InitializeGmsReceiver
04-23 11:38:40.320 I/GservicesProvider(12282): Gservices pushing to system: true; secure/global: true
04-23 11:38:40.380 D/dalvikvm(12282): GC_CONCURRENT freed 209K, 5% free 4618K/4860K, paused 1ms+3ms, total 17ms
04-23 11:38:40.410 W/GeofencerStateMachine(12252): Received SM_HARDWARE_GEOFENCE_CHANGED_CMD in NotInitializedState
04-23 11:38:40.430 I/ActivityManager(  431): Resuming delayed broadcast
04-23 11:38:40.430 I/ActivityManager(  431): Killing 12162:com.android.defcontainer/u0a3 (adj 11): empty #2
04-23 11:38:40.450 V/GmsNetworkLocationProvi(12252): onSetRequest: ProviderRequestUnbundled, reportLocation is true and interval is 86400000
04-23 11:38:40.490 W/GCM     (12282): DIR: /data/data/com.google.android.gms/app_APP /data/data/com.google.android.gsf
04-23 11:38:40.500 D/GCM     (12282): GcmService start null null
04-23 11:38:40.520 D/ConnectivityService(  431): handleInetConditionChange: no active default network - ignore
04-23 11:38:40.540 D/GCM     (12282): GcmService start Intent { act=com.google.android.gms.INITIALIZE flg=0x10 pkg=com.google.android.gms cmp=com.google.android.gms/.gcm.GcmService } com.google.android.gms.INITIALIZE
04-23 11:38:40.550 W/ContextImpl(12265): Implicit intents with startService are not safe: Intent { act=com.google.android.gms.INITIALIZE } android.content.ContextWrapper.startService:494 android.content.ContextWrapper.startService:494 com.google.android.gms.init.InitializeGmsReceiver.onReceive:29 
04-23 11:38:40.550 I/ActivityManager(  431): Delay finish: com.google.android.gms/.init.InitializeGmsReceiver
04-23 11:38:40.550 I/ActivityManager(  431): Resuming delayed broadcast
04-23 11:38:40.560 D/GCM     (12282): GcmService start Intent { act=com.google.android.gms.INITIALIZE flg=0x10 pkg=com.google.android.gms cmp=com.google.android.gms/.gcm.GcmService } com.google.android.gms.INITIALIZE
04-23 11:38:40.570 W/ContextImpl(12265): Implicit intents with startService are not safe: Intent { act=com.google.android.gms.INITIALIZE } android.content.ContextWrapper.startService:494 android.content.ContextWrapper.startService:494 com.google.android.gms.init.InitializeGmsReceiver.onReceive:29 
04-23 11:38:40.570 I/ActivityManager(  431): Delay finish: com.google.android.gms/.init.InitializeGmsReceiver
04-23 11:38:40.580 D/GCM     (12282): GcmService start Intent { act=com.google.android.gms.INITIALIZE flg=0x10 pkg=com.google.android.gms cmp=com.google.android.gms/.gcm.GcmService } com.google.android.gms.INITIALIZE
04-23 11:38:40.580 I/ActivityManager(  431): Resuming delayed broadcast
04-23 11:38:40.610 D/dalvikvm(12252): GC_CONCURRENT freed 190K, 5% free 4833K/5068K, paused 1ms+1ms, total 16ms
04-23 11:38:40.610 D/dalvikvm(12252): WAIT_FOR_CONCURRENT_GC blocked 8ms
04-23 11:38:40.620 D/dalvikvm(12252): GC_FOR_ALLOC freed 117K, 7% free 4907K/5272K, paused 11ms, total 11ms
04-23 11:38:40.620 I/dalvikvm-heap(12252): Grow heap (frag case) to 5.000MB for 186718-byte allocation
04-23 11:38:40.630 D/dalvikvm(12252): GC_FOR_ALLOC freed <1K, 7% free 5090K/5456K, paused 12ms, total 12ms
04-23 11:38:40.700 D/dalvikvm(12252): GC_CONCURRENT freed 503K, 10% free 5097K/5636K, paused 3ms+2ms, total 29ms
04-23 11:38:40.700 D/dalvikvm(12252): WAIT_FOR_CONCURRENT_GC blocked 13ms
04-23 11:38:40.720 D/UIAutomatorStub( 2789): URI: /jsonrpc/0, Method: POST, Header: {content-type=application/json, connection=close, remote-addr=127.0.0.1, host=localhost:9008, content-length=212, http-client-ip=127.0.0.1, user-agent=Python-urllib/2.7, accept-encoding=identity}, params, {NanoHttpd.QUERY_STRING={"params": [{"childOrSiblingSelector": [], "text": "Unfortunately, AnTuTu Benchmark has stopped.", "mask": 1, "childOrSibling": []}], "jsonrpc": "2.0", "method": "exist", "id": "de054570276a108d35a3220a8c0919c0"}, {"params": [{"childOrSiblingSelector": [], "text": "Unfortunately, AnTuTu Benchmark has stopped.", "mask": 1, "childOrSibling": []}], "jsonrpc": "2.0", "method": "exist", "id": "de054570276a108d35a3220a8c0919c0"}=}, files: {}
04-23 11:38:40.790 D/dalvikvm( 2789): GC_CONCURRENT freed 385K, 72% free 1427K/5084K, paused 2ms+4ms, total 15ms
04-23 11:38:40.830 D/dalvikvm(12252): GC_CONCURRENT freed 679K, 13% free 4927K/5644K, paused 2ms+2ms, total 46ms
04-23 11:38:40.830 D/dalvikvm(12252): WAIT_FOR_CONCURRENT_GC blocked 7ms
04-23 11:38:40.900 W/Settings(12252): Setting airplane_mode_on has moved from android.provider.Settings.System to android.provider.Settings.Global, returning read-only value.
04-23 11:38:40.900 W/Settings(12252): Setting airplane_mode_on has moved from android.provider.Settings.System to android.provider.Settings.Global, returning read-only value.
04-23 11:38:40.960 D/UIAutomatorStub( 2789): URI: /jsonrpc/0, Method: POST, Header: {content-type=application/json, connection=close, remote-addr=127.0.0.1, host=localhost:9008, content-length=172, http-client-ip=127.0.0.1, user-agent=Python-urllib/2.7, accept-encoding=identity}, params, {{"params": [{"childOrSiblingSelector": [], "text": "Show", "mask": 1, "childOrSibling": []}], "jsonrpc": "2.0", "method": "exist", "id": "e3a53436366a419799396fb5d5a67342"}=, NanoHttpd.QUERY_STRING={"params": [{"childOrSiblingSelector": [], "text": "Show", "mask": 1, "childOrSibling": []}], "jsonrpc": "2.0", "method": "exist", "id": "e3a53436366a419799396fb5d5a67342"}}, files: {}
04-23 11:38:41.020 D/dalvikvm( 2789): GC_CONCURRENT freed 430K, 73% free 1404K/5084K, paused 1ms+1ms, total 12ms
04-23 11:38:41.020 V/GeofencerHelper(12252): Initializing geofence's system cache.
04-23 11:38:41.020 V/GmsNetworkLocationProvi(12252): ENABLE
04-23 11:38:41.020 V/GmsNetworkLocationProvi(12252): SET-REQUEST
04-23 11:38:41.030 V/GmsNetworkLocationProvi(12252): in Handler: ProviderRequestUnbundled, reportLocation is true and interval is 86400000
04-23 11:38:41.030 D/GeofenceStateCache(12252): Recovered 0 geofences.
04-23 11:38:41.050 W/Settings(12252): Setting airplane_mode_on has moved from android.provider.Settings.System to android.provider.Settings.Global, returning read-only value.
04-23 11:38:41.080 I/wpa_supplicant(  639): [CTRL_IFACE]wlan0: SCAN TYPE=ONLY
04-23 11:38:41.110 D/dalvikvm(12011): GC_CONCURRENT freed 877K, 10% free 8647K/9556K, paused 7ms+16ms, total 85ms
04-23 11:38:41.270 D/dalvikvm(12252): GC_CONCURRENT freed 321K, 12% free 4999K/5644K, paused 2ms+1ms, total 23ms
04-23 11:38:41.290 I/GCoreUlr(12252): Ensuring that reporting is stopped because of reasons: {account#-13#=[InactiveReason{mVersionCode=0, mIdentifier=3, mName='UnsupportedGeo'}]}
04-23 11:38:41.290 D/GCoreFlp(12252): Unknown pending intent to remove.
04-23 11:38:41.290 I/GCoreUlr(12252): Unbound from all location providers
04-23 11:38:43.020 I/wpa_supplicant(  639): [CTRL_IFACE]wlan0: BSS RANGE=0- MASK=0x21987
04-23 11:38:43.240 D/UIAutomatorStub( 2789): URI: /jsonrpc/0, Method: POST, Header: {content-type=application/json, connection=close, remote-addr=127.0.0.1, host=localhost:9008, content-length=212, http-client-ip=127.0.0.1, user-agent=Python-urllib/2.7, accept-encoding=identity}, params, {NanoHttpd.QUERY_STRING={"params": [{"childOrSiblingSelector": [], "text": "Unfortunately, AnTuTu Benchmark has stopped.", "mask": 1, "childOrSibling": []}], "jsonrpc": "2.0", "method": "exist", "id": "08d32abd51d8a6f1f6a1a0eaf0ff22e2"}, {"params": [{"childOrSiblingSelector": [], "text": "Unfortunately, AnTuTu Benchmark has stopped.", "mask": 1, "childOrSibling": []}], "jsonrpc": "2.0", "method": "exist", "id": "08d32abd51d8a6f1f6a1a0eaf0ff22e2"}=}, files: {}
04-23 11:38:43.300 D/dalvikvm( 2789): GC_CONCURRENT freed 410K, 73% free 1403K/5084K, paused 2ms+2ms, total 12ms
04-23 11:38:43.410 D/UIAutomatorStub( 2789): URI: /jsonrpc/0, Method: POST, Header: {content-type=application/json, connection=close, remote-addr=127.0.0.1, host=localhost:9008, content-length=172, http-client-ip=127.0.0.1, user-agent=Python-urllib/2.7, accept-encoding=identity}, params, {{"params": [{"childOrSiblingSelector": [], "text": "Show", "mask": 1, "childOrSibling": []}], "jsonrpc": "2.0", "method": "exist", "id": "bd50d0141e0c41a21dbfc2150fa92ca2"}=, NanoHttpd.QUERY_STRING={"params": [{"childOrSiblingSelector": [], "text": "Show", "mask": 1, "childOrSibling": []}], "jsonrpc": "2.0", "method": "exist", "id": "bd50d0141e0c41a21dbfc2150fa92ca2"}}, files: {}
04-23 11:38:43.470 D/dalvikvm( 2789): GC_CONCURRENT freed 406K, 73% free 1404K/5084K, paused 0ms+1ms, total 11ms
04-23 11:38:45.650 D/UIAutomatorStub( 2789): URI: /jsonrpc/0, Method: POST, Header: {content-type=application/json, connection=close, remote-addr=127.0.0.1, host=localhost:9008, content-length=212, http-client-ip=127.0.0.1, user-agent=Python-urllib/2.7, accept-encoding=identity}, params, {{"params": [{"childOrSiblingSelector": [], "text": "Unfortunately, AnTuTu Benchmark has stopped.", "mask": 1, "childOrSibling": []}], "jsonrpc": "2.0", "method": "exist", "id": "3648c17ada71ac857601bda79ad24e7b"}=, NanoHttpd.QUERY_STRING={"params": [{"childOrSiblingSelector": [], "text": "Unfortunately, AnTuTu Benchmark has stopped.", "mask": 1, "childOrSibling": []}], "jsonrpc": "2.0", "method": "exist", "id": "3648c17ada71ac857601bda79ad24e7b"}}, files: {}
04-23 11:38:45.710 D/dalvikvm( 2789): GC_CONCURRENT freed 409K, 73% free 1403K/5084K, paused 1ms+1ms, total 13ms
04-23 11:38:45.830 D/UIAutomatorStub( 2789): URI: /jsonrpc/0, Method: POST, Header: {content-type=application/json, connection=close, remote-addr=127.0.0.1, host=localhost:9008, content-length=172, http-client-ip=127.0.0.1, user-agent=Python-urllib/2.7, accept-encoding=identity}, params, {NanoHttpd.QUERY_STRING={"params": [{"childOrSiblingSelector": [], "text": "Show", "mask": 1, "childOrSibling": []}], "jsonrpc": "2.0", "method": "exist", "id": "78015f5f7584a93fb69cf66bb2ee6528"}, {"params": [{"childOrSiblingSelector": [], "text": "Show", "mask": 1, "childOrSibling": []}], "jsonrpc": "2.0", "method": "exist", "id": "78015f5f7584a93fb69cf66bb2ee6528"}=}, files: {}
04-23 11:38:45.890 D/dalvikvm( 2789): GC_CONCURRENT freed 406K, 73% free 1404K/5084K, paused 1ms+2ms, total 12ms
04-23 11:38:48.000 D/UIAutomatorStub( 2789): URI: /jsonrpc/0, Method: POST, Header: {content-type=application/json, connection=close, remote-addr=127.0.0.1, host=localhost:9008, content-length=212, http-client-ip=127.0.0.1, user-agent=Python-urllib/2.7, accept-encoding=identity}, params, {NanoHttpd.QUERY_STRING={"params": [{"childOrSiblingSelector": [], "text": "Unfortunately, AnTuTu Benchmark has stopped.", "mask": 1, "childOrSibling": []}], "jsonrpc": "2.0", "method": "exist", "id": "033290f40559303291105e856c0ef4c4"}, {"params": [{"childOrSiblingSelector": [], "text": "Unfortunately, AnTuTu Benchmark has stopped.", "mask": 1, "childOrSibling": []}], "jsonrpc": "2.0", "method": "exist", "id": "033290f40559303291105e856c0ef4c4"}=}, files: {}
04-23 11:38:48.070 D/dalvikvm( 2789): GC_CONCURRENT freed 409K, 73% free 1403K/5084K, paused 0ms+2ms, total 12ms
04-23 11:38:48.180 D/UIAutomatorStub( 2789): URI: /jsonrpc/0, Method: POST, Header: {content-type=application/json, connection=close, remote-addr=127.0.0.1, host=localhost:9008, content-length=172, http-client-ip=127.0.0.1, user-agent=Python-urllib/2.7, accept-encoding=identity}, params, {{"params": [{"childOrSiblingSelector": [], "text": "Show", "mask": 1, "childOrSibling": []}], "jsonrpc": "2.0", "method": "exist", "id": "36324e180d791bad203f64dd4e8e608a"}=, NanoHttpd.QUERY_STRING={"params": [{"childOrSiblingSelector": [], "text": "Show", "mask": 1, "childOrSibling": []}], "jsonrpc": "2.0", "method": "exist", "id": "36324e180d791bad203f64dd4e8e608a"}}, files: {}
04-23 11:38:48.240 D/dalvikvm( 2789): GC_CONCURRENT freed 405K, 73% free 1405K/5084K, paused 1ms+1ms, total 12ms
04-23 11:38:50.350 D/UIAutomatorStub( 2789): URI: /jsonrpc/0, Method: POST, Header: {content-type=application/json, connection=close, remote-addr=127.0.0.1, host=localhost:9008, content-length=212, http-client-ip=127.0.0.1, user-agent=Python-urllib/2.7, accept-encoding=identity}, params, {{"params": [{"childOrSiblingSelector": [], "text": "Unfortunately, AnTuTu Benchmark has stopped.", "mask": 1, "childOrSibling": []}], "jsonrpc": "2.0", "method": "exist", "id": "6ed9d6d4f5ef0bbadb4ba0277e0298cb"}=, NanoHttpd.QUERY_STRING={"params": [{"childOrSiblingSelector": [], "text": "Unfortunately, AnTuTu Benchmark has stopped.", "mask": 1, "childOrSibling": []}], "jsonrpc": "2.0", "method": "exist", "id": "6ed9d6d4f5ef0bbadb4ba0277e0298cb"}}, files: {}
04-23 11:38:50.410 D/dalvikvm( 2789): GC_CONCURRENT freed 409K, 73% free 1404K/5084K, paused 1ms+1ms, total 12ms
04-23 11:38:50.520 D/UIAutomatorStub( 2789): URI: /jsonrpc/0, Method: POST, Header: {content-type=application/json, connection=close, remote-addr=127.0.0.1, host=localhost:9008, content-length=172, http-client-ip=127.0.0.1, user-agent=Python-urllib/2.7, accept-encoding=identity}, params, {{"params": [{"childOrSiblingSelector": [], "text": "Show", "mask": 1, "childOrSibling": []}], "jsonrpc": "2.0", "method": "exist", "id": "4935443306900e8d0c2f65224190ad5b"}=, NanoHttpd.QUERY_STRING={"params": [{"childOrSiblingSelector": [], "text": "Show", "mask": 1, "childOrSibling": []}], "jsonrpc": "2.0", "method": "exist", "id": "4935443306900e8d0c2f65224190ad5b"}}, files: {}
04-23 11:38:50.580 D/dalvikvm( 2789): GC_CONCURRENT freed 406K, 73% free 1405K/5084K, paused 0ms+1ms, total 12ms
04-23 11:38:52.740 D/UIAutomatorStub( 2789): URI: /jsonrpc/0, Method: POST, Header: {content-type=application/json, connection=close, remote-addr=127.0.0.1, host=localhost:9008, content-length=212, http-client-ip=127.0.0.1, user-agent=Python-urllib/2.7, accept-encoding=identity}, params, {{"params": [{"childOrSiblingSelector": [], "text": "Unfortunately, AnTuTu Benchmark has stopped.", "mask": 1, "childOrSibling": []}], "jsonrpc": "2.0", "method": "exist", "id": "bdf15812dc52aacc589a3f6917e8958f"}=, NanoHttpd.QUERY_STRING={"params": [{"childOrSiblingSelector": [], "text": "Unfortunately, AnTuTu Benchmark has stopped.", "mask": 1, "childOrSibling": []}], "jsonrpc": "2.0", "method": "exist", "id": "bdf15812dc52aacc589a3f6917e8958f"}}, files: {}
04-23 11:38:52.800 D/dalvikvm( 2789): GC_CONCURRENT freed 409K, 73% free 1404K/5084K, paused 0ms+1ms, total 11ms
04-23 11:38:52.900 D/UIAutomatorStub( 2789): URI: /jsonrpc/0, Method: POST, Header: {content-type=application/json, connection=close, remote-addr=127.0.0.1, host=localhost:9008, content-length=172, http-client-ip=127.0.0.1, user-agent=Python-urllib/2.7, accept-encoding=identity}, params, {{"params": [{"childOrSiblingSelector": [], "text": "Show", "mask": 1, "childOrSibling": []}], "jsonrpc": "2.0", "method": "exist", "id": "8fad058693db3fd6929f2b1454c8ceff"}=, NanoHttpd.QUERY_STRING={"params": [{"childOrSiblingSelector": [], "text": "Show", "mask": 1, "childOrSibling": []}], "jsonrpc": "2.0", "method": "exist", "id": "8fad058693db3fd6929f2b1454c8ceff"}}, files: {}
04-23 11:38:52.970 D/dalvikvm( 2789): GC_CONCURRENT freed 406K, 73% free 1405K/5084K, paused 1ms+1ms, total 12ms
04-23 11:38:55.090 D/UIAutomatorStub( 2789): URI: /jsonrpc/0, Method: POST, Header: {content-type=application/json, connection=close, remote-addr=127.0.0.1, host=localhost:9008, content-length=212, http-client-ip=127.0.0.1, user-agent=Python-urllib/2.7, accept-encoding=identity}, params, {{"params": [{"childOrSiblingSelector": [], "text": "Unfortunately, AnTuTu Benchmark has stopped.", "mask": 1, "childOrSibling": []}], "jsonrpc": "2.0", "method": "exist", "id": "35b13eb8f9496e20e78ec349e5d10bc2"}=, NanoHttpd.QUERY_STRING={"params": [{"childOrSiblingSelector": [], "text": "Unfortunately, AnTuTu Benchmark has stopped.", "mask": 1, "childOrSibling": []}], "jsonrpc": "2.0", "method": "exist", "id": "35b13eb8f9496e20e78ec349e5d10bc2"}}, files: {}
04-23 11:38:55.160 D/dalvikvm( 2789): GC_CONCURRENT freed 409K, 73% free 1404K/5084K, paused 2ms+2ms, total 13ms
04-23 11:38:55.260 D/UIAutomatorStub( 2789): URI: /jsonrpc/0, Method: POST, Header: {content-type=application/json, connection=close, remote-addr=127.0.0.1, host=localhost:9008, content-length=172, http-client-ip=127.0.0.1, user-agent=Python-urllib/2.7, accept-encoding=identity}, params, {NanoHttpd.QUERY_STRING={"params": [{"childOrSiblingSelector": [], "text": "Show", "mask": 1, "childOrSibling": []}], "jsonrpc": "2.0", "method": "exist", "id": "f240da1cee4c05d0ef892abc1678c3c9"}, {"params": [{"childOrSiblingSelector": [], "text": "Show", "mask": 1, "childOrSibling": []}], "jsonrpc": "2.0", "method": "exist", "id": "f240da1cee4c05d0ef892abc1678c3c9"}=}, files: {}
04-23 11:38:55.330 D/dalvikvm( 2789): GC_CONCURRENT freed 406K, 73% free 1405K/5084K, paused 1ms+2ms, total 12ms
04-23 11:38:57.500 D/UIAutomatorStub( 2789): URI: /jsonrpc/0, Method: POST, Header: {content-type=application/json, connection=close, remote-addr=127.0.0.1, host=localhost:9008, content-length=212, http-client-ip=127.0.0.1, user-agent=Python-urllib/2.7, accept-encoding=identity}, params, {{"params": [{"childOrSiblingSelector": [], "text": "Unfortunately, AnTuTu Benchmark has stopped.", "mask": 1, "childOrSibling": []}], "jsonrpc": "2.0", "method": "exist", "id": "d4b5a15578ddc60276fe6a249e7a2466"}=, NanoHttpd.QUERY_STRING={"params": [{"childOrSiblingSelector": [], "text": "Unfortunately, AnTuTu Benchmark has stopped.", "mask": 1, "childOrSibling": []}], "jsonrpc": "2.0", "method": "exist", "id": "d4b5a15578ddc60276fe6a249e7a2466"}}, files: {}
04-23 11:38:57.560 D/dalvikvm( 2789): GC_CONCURRENT freed 409K, 73% free 1405K/5084K, paused 1ms+1ms, total 13ms
04-23 11:38:57.670 D/UIAutomatorStub( 2789): URI: /jsonrpc/0, Method: POST, Header: {content-type=application/json, connection=close, remote-addr=127.0.0.1, host=localhost:9008, content-length=172, http-client-ip=127.0.0.1, user-agent=Python-urllib/2.7, accept-encoding=identity}, params, {NanoHttpd.QUERY_STRING={"params": [{"childOrSiblingSelector": [], "text": "Show", "mask": 1, "childOrSibling": []}], "jsonrpc": "2.0", "method": "exist", "id": "af660f9c2a1b96d35c8f2fa2dfe423c4"}, {"params": [{"childOrSiblingSelector": [], "text": "Show", "mask": 1, "childOrSibling": []}], "jsonrpc": "2.0", "method": "exist", "id": "af660f9c2a1b96d35c8f2fa2dfe423c4"}=}, files: {}
04-23 11:38:57.730 D/dalvikvm( 2789): GC_CONCURRENT freed 406K, 73% free 1406K/5084K, paused 1ms+1ms, total 12ms
04-23 11:38:59.840 D/UIAutomatorStub( 2789): URI: /jsonrpc/0, Method: POST, Header: {content-type=application/json, connection=close, remote-addr=127.0.0.1, host=localhost:9008, content-length=212, http-client-ip=127.0.0.1, user-agent=Python-urllib/2.7, accept-encoding=identity}, params, {NanoHttpd.QUERY_STRING={"params": [{"childOrSiblingSelector": [], "text": "Unfortunately, AnTuTu Benchmark has stopped.", "mask": 1, "childOrSibling": []}], "jsonrpc": "2.0", "method": "exist", "id": "aadb433d77effb445f8ce6783b3bc29b"}, {"params": [{"childOrSiblingSelector": [], "text": "Unfortunately, AnTuTu Benchmark has stopped.", "mask": 1, "childOrSibling": []}], "jsonrpc": "2.0", "method": "exist", "id": "aadb433d77effb445f8ce6783b3bc29b"}=}, files: {}
04-23 11:38:59.910 D/dalvikvm( 2789): GC_CONCURRENT freed 409K, 73% free 1405K/5084K, paused 1ms+2ms, total 12ms
04-23 11:39:00.020 D/UIAutomatorStub( 2789): URI: /jsonrpc/0, Method: POST, Header: {content-type=application/json, connection=close, remote-addr=127.0.0.1, host=localhost:9008, content-length=172, http-client-ip=127.0.0.1, user-agent=Python-urllib/2.7, accept-encoding=identity}, params, {{"params": [{"childOrSiblingSelector": [], "text": "Show", "mask": 1, "childOrSibling": []}], "jsonrpc": "2.0", "method": "exist", "id": "2a6d2697d6c54f748ca1a08f469f1ad1"}=, NanoHttpd.QUERY_STRING={"params": [{"childOrSiblingSelector": [], "text": "Show", "mask": 1, "childOrSibling": []}], "jsonrpc": "2.0", "method": "exist", "id": "2a6d2697d6c54f748ca1a08f469f1ad1"}}, files: {}
04-23 11:39:00.100 D/dalvikvm( 2789): GC_CONCURRENT freed 406K, 73% free 1406K/5084K, paused 1ms+2ms, total 12ms
04-23 11:39:01.900 D/dalvikvm(  431): GC_CONCURRENT freed 1064K, 14% free 9312K/10804K, paused 3ms+5ms, total 52ms
04-23 11:39:02.210 D/UIAutomatorStub( 2789): URI: /jsonrpc/0, Method: POST, Header: {content-type=application/json, connection=close, remote-addr=127.0.0.1, host=localhost:9008, content-length=212, http-client-ip=127.0.0.1, user-agent=Python-urllib/2.7, accept-encoding=identity}, params, {{"params": [{"childOrSiblingSelector": [], "text": "Unfortunately, AnTuTu Benchmark has stopped.", "mask": 1, "childOrSibling": []}], "jsonrpc": "2.0", "method": "exist", "id": "d8b88773f71765acd9dd8ecd9e9a6bb5"}=, NanoHttpd.QUERY_STRING={"params": [{"childOrSiblingSelector": [], "text": "Unfortunately, AnTuTu Benchmark has stopped.", "mask": 1, "childOrSibling": []}], "jsonrpc": "2.0", "method": "exist", "id": "d8b88773f71765acd9dd8ecd9e9a6bb5"}}, files: {}
04-23 11:39:02.270 D/dalvikvm( 2789): GC_CONCURRENT freed 409K, 73% free 1405K/5084K, paused 0ms+1ms, total 11ms
04-23 11:39:02.380 D/UIAutomatorStub( 2789): URI: /jsonrpc/0, Method: POST, Header: {content-type=application/json, connection=close, remote-addr=127.0.0.1, host=localhost:9008, content-length=172, http-client-ip=127.0.0.1, user-agent=Python-urllib/2.7, accept-encoding=identity}, params, {NanoHttpd.QUERY_STRING={"params": [{"childOrSiblingSelector": [], "text": "Show", "mask": 1, "childOrSibling": []}], "jsonrpc": "2.0", "method": "exist", "id": "b14ed8d9ddbd2281e051f19802365ab6"}, {"params": [{"childOrSiblingSelector": [], "text": "Show", "mask": 1, "childOrSibling": []}], "jsonrpc": "2.0", "method": "exist", "id": "b14ed8d9ddbd2281e051f19802365ab6"}=}, files: {}
04-23 11:39:02.440 D/dalvikvm( 2789): GC_CONCURRENT freed 406K, 73% free 1406K/5084K, paused 1ms+2ms, total 12ms
04-23 11:39:04.600 D/UIAutomatorStub( 2789): URI: /jsonrpc/0, Method: POST, Header: {content-type=application/json, connection=close, remote-addr=127.0.0.1, host=localhost:9008, content-length=212, http-client-ip=127.0.0.1, user-agent=Python-urllib/2.7, accept-encoding=identity}, params, {{"params": [{"childOrSiblingSelector": [], "text": "Unfortunately, AnTuTu Benchmark has stopped.", "mask": 1, "childOrSibling": []}], "jsonrpc": "2.0", "method": "exist", "id": "1aaf195e9281ec6c78c5fc8911edd8a1"}=, NanoHttpd.QUERY_STRING={"params": [{"childOrSiblingSelector": [], "text": "Unfortunately, AnTuTu Benchmark has stopped.", "mask": 1, "childOrSibling": []}], "jsonrpc": "2.0", "method": "exist", "id": "1aaf195e9281ec6c78c5fc8911edd8a1"}}, files: {}
04-23 11:39:04.660 D/dalvikvm( 2789): GC_CONCURRENT freed 409K, 73% free 1406K/5084K, paused 2ms+1ms, total 13ms
04-23 11:39:04.770 D/UIAutomatorStub( 2789): URI: /jsonrpc/0, Method: POST, Header: {content-type=application/json, connection=close, remote-addr=127.0.0.1, host=localhost:9008, content-length=172, http-client-ip=127.0.0.1, user-agent=Python-urllib/2.7, accept-encoding=identity}, params, {{"params": [{"childOrSiblingSelector": [], "text": "Show", "mask": 1, "childOrSibling": []}], "jsonrpc": "2.0", "method": "exist", "id": "ea10397bdbb9eabfec9a9c9a8bb04a2c"}=, NanoHttpd.QUERY_STRING={"params": [{"childOrSiblingSelector": [], "text": "Show", "mask": 1, "childOrSibling": []}], "jsonrpc": "2.0", "method": "exist", "id": "ea10397bdbb9eabfec9a9c9a8bb04a2c"}}, files: {}
04-23 11:39:04.840 D/dalvikvm( 2789): GC_CONCURRENT freed 406K, 73% free 1407K/5084K, paused 1ms+1ms, total 12ms
04-23 11:39:06.170 D/PowerManagerService(  431): mHoldBootFastWakeLock = true
04-23 11:39:06.290 E/AccessibilityNodeInfoCache( 2789): Node from: 190 not from:188 android.view.accessibility.AccessibilityNodeInfo@a98c; boundsInParent: Rect(0, 0 - 768, 976); boundsInScreen: Rect(0, 0 - 768, 976); packageName: com.antutu.ABenchMark; className: android.widget.FrameLayout; text: null; contentDescription: null; viewIdResName: null; checkable: false; checked: false; focusable: false; focused: false; selected: false; clickable: false; longClickable: false; enabled: true; password: false; scrollable: false; [ACTION_SELECT, ACTION_CLEAR_SELECTION, ACTION_ACCESSIBILITY_FOCUS]
04-23 11:39:06.290 E/AccessibilityNodeInfoCache( 2789): Node from: 190 not from:188 android.view.accessibility.AccessibilityNodeInfo@b10e; boundsInParent: Rect(0, 0 - 768, 869); boundsInScreen: Rect(0, 107 - 768, 976); packageName: com.antutu.ABenchMark; className: android.support.v4.view.ViewPager; text: null; contentDescription: null; viewIdResName: com.antutu.ABenchMark:id/pager; checkable: false; checked: false; focusable: true; focused: false; selected: false; clickable: false; longClickable: false; enabled: true; password: false; scrollable: true; [ACTION_FOCUS, ACTION_SELECT, ACTION_CLEAR_SELECTION, ACTION_ACCESSIBILITY_FOCUS, ACTION_SCROLL_FORWARD]
04-23 11:39:06.290 E/AccessibilityNodeInfoCache( 2789): Node from: 190 not from:188 android.view.accessibility.AccessibilityNodeInfo@b4cf; boundsInParent: Rect(0, 0 - 27, 24); boundsInScreen: Rect(731, 35 - 758, 59); packageName: com.antutu.ABenchMark; className: android.widget.TextView; text: null; contentDescription: null; viewIdResName: com.antutu.ABenchMark:id/action; checkable: false; checked: false; focusable: false; focused: false; selected: false; clickable: true; longClickable: false; enabled: true; password: false; scrollable: false; [ACTION_SELECT, ACTION_CLEAR_SELECTION, ACTION_CLICK, ACTION_ACCESSIBILITY_FOCUS]
04-23 11:39:06.290 E/AccessibilityNodeInfoCache( 2789): Node from: 190 not from:188 android.view.accessibility.AccessibilityNodeInfo@b890; boundsInParent: Rect(0, 0 - 142, 22); boundsInScreen: Rect(313, 36 - 455, 58); packageName: com.antutu.ABenchMark; className: android.widget.TextView; text: AnTuTu Benchmark; contentDescription: null; viewIdResName: com.antutu.ABenchMark:id/title_text; checkable: false; checked: false; focusable: false; focused: false; selected: false; clickable: false; longClickable: false; enabled: true; password: false; scrollable: false; [ACTION_SELECT, ACTION_CLEAR_SELECTION, ACTION_ACCESSIBILITY_FOCUS, ACTION_NEXT_AT_MOVEMENT_GRANULARITY, ACTION_PREVIOUS_AT_MOVEMENT_GRANULARITY, ACTION_SET_SELECTION]
04-23 11:39:06.290 E/AccessibilityNodeInfoCache( 2789): Node from: 190 not from:188 android.view.accessibility.AccessibilityNodeInfo@bc51; boundsInParent: Rect(0, 0 - 256, 37); boundsInScreen: Rect(0, 70 - 256, 107); packageName: com.antutu.ABenchMark; className: android.widget.TextView; text: Test; contentDescription: null; viewIdResName: null; checkable: false; checked: false; focusable: true; focused: false; selected: true; clickable: true; longClickable: false; enabled: true; password: false; scrollable: false; [ACTION_FOCUS, ACTION_SELECT, ACTION_CLEAR_SELECTION, ACTION_CLICK, ACTION_ACCESSIBILITY_FOCUS, ACTION_NEXT_AT_MOVEMENT_GRANULARITY, ACTION_PREVIOUS_AT_MOVEMENT_GRANULARITY, ACTION_SET_SELECTION]
04-23 11:39:06.290 E/AccessibilityNodeInfoCache( 2789): Node from: 190 not from:188 android.view.accessibility.AccessibilityNodeInfo@c012; boundsInParent: Rect(0, 0 - 256, 37); boundsInScreen: Rect(256, 70 - 512, 107); packageName: com.antutu.ABenchMark; className: android.widget.TextView; text: Ranking; contentDescription: null; viewIdResName: null; checkable: false; checked: false; focusable: true; focused: false; selected: false; clickable: true; longClickable: false; enabled: true; password: false; scrollable: false; [ACTION_FOCUS, ACTION_SELECT, ACTION_CLEAR_SELECTION, ACTION_CLICK, ACTION_ACCESSIBILITY_FOCUS, ACTION_NEXT_AT_MOVEMENT_GRANULARITY, ACTION_PREVIOUS_AT_MOVEMENT_GRANULARITY, ACTION_SET_SELECTION]
04-23 11:39:06.290 E/AccessibilityNodeInfoCache( 2789): Node from: 190 not from:188 android.view.accessibility.AccessibilityNodeInfo@c3d3; boundsInParent: Rect(0, 0 - 256, 37); boundsInScreen: Rect(512, 70 - 768, 107); packageName: com.antutu.ABenchMark; className: android.widget.TextView; text: Device Info; contentDescription: null; viewIdResName: null; checkable: false; checked: false; focusable: true; focused: false; selected: false; clickable: true; longClickable: false; enabled: true; password: false; scrollable: false; [ACTION_FOCUS, ACTION_SELECT, ACTION_CLEAR_SELECTION, ACTION_CLICK, ACTION_ACCESSIBILITY_FOCUS, ACTION_NEXT_AT_MOVEMENT_GRANULARITY, ACTION_PREVIOUS_AT_MOVEMENT_GRANULARITY, ACTION_SET_SELECTION]
04-23 11:39:06.290 E/AccessibilityNodeInfoCache( 2789): Node from: 190 not from:188 android.view.accessibility.AccessibilityNodeInfo@cb55; boundsInParent: Rect(0, 0 - 768, 976); boundsInScreen: Rect(0, 0 - 768, 976); packageName: com.antutu.ABenchMark; className: android.widget.RelativeLayout; text: null; contentDescription: null; viewIdResName: com.antutu.ABenchMark:id/slidingmenumain; checkable: false; checked: false; focusable: false; focused: false; selected: false; clickable: false; longClickable: false; enabled: true; password: false; scrollable: false; [ACTION_SELECT, ACTION_CLEAR_SELECTION, ACTION_ACCESSIBILITY_FOCUS]
04-23 11:39:06.290 E/AccessibilityNodeInfoCache( 2789): Node from: 190 not from:188 android.view.accessibility.AccessibilityNodeInfo@de1a; boundsInParent: Rect(0, 0 - 768, 27); boundsInScreen: Rect(0, 355 - 768, 382); packageName: com.antutu.ABenchMark; className: android.widget.TextView; text: My Device; contentDescription: null; viewIdResName: com.antutu.ABenchMark:id/dev_info_title; checkable: false; checked: false; focusable: false; focused: false; selected: false; clickable: false; longClickable: false; enabled: true; password: false; scrollable: false; [ACTION_SELECT, ACTION_CLEAR_SELECTION, ACTION_ACCESSIBILITY_FOCUS, ACTION_NEXT_AT_MOVEMENT_GRANULARITY, ACTION_PREVIOUS_AT_MOVEMENT_GRANULARITY, ACTION_SET_SELECTION]
04-23 11:39:06.290 E/AccessibilityNodeInfoCache( 2789): Node from: 190 not from:188 android.view.accessibility.AccessibilityNodeInfo@e1db; boundsInParent: Rect(0, 0 - 748, 41); boundsInScreen: Rect(10, 150 - 758, 191); packageName: com.antutu.ABenchMark; className: android.widget.TextView; text: Good; contentDescription: null; viewIdResName: com.antutu.ABenchMark:id/local_text; checkable: false; checked: false; focusable: false; focused: false; selected: false; clickable: true; longClickable: false; enabled: true; password: false; scrollable: false; [ACTION_SELECT, ACTION_CLEAR_SELECTION, ACTION_CLICK, ACTION_ACCESSIBILITY_FOCUS, ACTION_NEXT_AT_MOVEMENT_GRANULARITY, ACTION_PREVIOUS_AT_MOVEMENT_GRANULARITY, ACTION_SET_SELECTION]
04-23 11:39:06.290 E/AccessibilityNodeInfoCache( 2789): Node from: 190 not from:188 android.view.accessibility.AccessibilityNodeInfo@e59c; boundsInParent: Rect(0, 0 - 140, 65); boundsInScreen: Rect(314, 228 - 454, 293); packageName: com.antutu.ABenchMark; className: android.widget.TextView; text: 10694; contentDescription: null; viewIdResName: com.antutu.ABenchMark:id/score_text; checkable: false; checked: false; focusable: false; focused: false; selected: false; clickable: false; longClickable: false; enabled: true; password: false; scrollable: false; [ACTION_SELECT, ACTION_CLEAR_SELECTION, ACTION_ACCESSIBILITY_FOCUS, ACTION_NEXT_AT_MOVEMENT_GRANULARITY, ACTION_PREVIOUS_AT_MOVEMENT_GRANULARITY, ACTION_SET_SELECTION]
04-23 11:39:06.290 E/AccessibilityNodeInfoCache( 2789): Node from: 190 not from:188 android.view.accessibility.AccessibilityNodeInfo@e95d; boundsInParent: Rect(0, 0 - 5, 32); boundsInScreen: Rect(454, 228 - 459, 260); packageName: com.antutu.ABenchMark; className: android.widget.TextView; text: null; contentDescription: null; viewIdResName: com.antutu.ABenchMark:id/ranking_level_text; checkable: false; checked: false; focusable: false; focused: false; selected: false; clickable: false; longClickable: false; enabled: true; password: false; scrollable: false; [ACTION_SELECT, ACTION_CLEAR_SELECTION, ACTION_ACCESSIBILITY_FOCUS]
04-23 11:39:06.290 E/AccessibilityNodeInfoCache( 2789): Node from: 190 not from:188 android.view.accessibility.AccessibilityNodeInfo@ed1e; boundsInParent: Rect(0, 0 - 372, 45); boundsInScreen: Rect(12, 308 - 384, 353); packageName: com.antutu.ABenchMark; className: android.widget.Button; text: Test Again; contentDescription: null; viewIdResName: com.antutu.ABenchMark:id/test_btn; checkable: false; checked: false; focusable: true; focused: false; selected: false; clickable: true; longClickable: false; enabled: true; password: false; scrollable: false; [ACTION_FOCUS, ACTION_SELECT, ACTION_CLEAR_SELECTION, ACTION_CLICK, ACTION_ACCESSIBILITY_FOCUS, ACTION_NEXT_AT_MOVEMENT_GRANULARITY, ACTION_PREVIOUS_AT_MOVEMENT_GRANULARITY, ACTION_SET_SELECTION]
04-23 11:39:06.290 E/AccessibilityNodeInfoCache( 2789): Node from: 190 not from:188 android.view.accessibility.AccessibilityNodeInfo@f0df; boundsInParent: Rect(0, 0 - 372, 45); boundsInScreen: Rect(384, 308 - 756, 353); packageName: com.antutu.ABenchMark; className: android.widget.Button; text: Details; contentDescription: null; viewIdResName: com.antutu.ABenchMark:id/detail_btn; checkable: false; checked: false; focusable: true; focused: false; selected: false; clickable: true; longClickable: false; enabled: true; password: false; scrollable: false; [ACTION_FOCUS, ACTION_SELECT, ACTION_CLEAR_SELECTION, ACTION_CLICK, ACTION_ACCESSIBILITY_FOCUS, ACTION_NEXT_AT_MOVEMENT_GRANULARITY, ACTION_PREVIOUS_AT_MOVEMENT_GRANULARITY, ACTION_SET_SELECTION]
04-23 11:39:06.290 E/AccessibilityNodeInfoCache( 2789): Node from: 190 not from:188 android.view.accessibility.AccessibilityNodeInfo@f4a0; boundsInParent: Rect(0, 0 - 105, 19); boundsInScreen: Rect(120, 402 - 225, 421); packageName: com.antutu.ABenchMark; className: android.widget.TextView; text: Allwinner-Tablet; contentDescription: null; viewIdResName: com.antutu.ABenchMark:id/device_name; checkable: false; checked: false; focusable: false; focused: false; selected: false; clickable: false; longClickable: false; enabled: true; password: false; scrollable: false; [ACTION_SELECT, ACTION_CLEAR_SELECTION, ACTION_ACCESSIBILITY_FOCUS, ACTION_NEXT_AT_MOVEMENT_GRANULARITY, ACTION_PREVIOUS_AT_MOVEMENT_GRANULARITY, ACTION_SET_SELECTION]
04-23 11:39:06.290 E/AccessibilityNodeInfoCache( 2789): Node from: 190 not from:188 android.view.accessibility.AccessibilityNodeInfo@f861; boundsInParent: Rect(0, 0 - 0, 19); boundsInScreen: Rect(120, 441 - 120, 460); packageName: com.antutu.ABenchMark; className: android.widget.TextView; text: null; contentDescription: null; viewIdResName: com.antutu.ABenchMark:id/detail; checkable: false; checked: false; focusable: false; focused: false; selected: false; clickable: false; longClickable: false; enabled: true; password: false; scrollable: false; [ACTION_SELECT, ACTION_CLEAR_SELECTION, ACTION_ACCESSIBILITY_FOCUS]
04-23 11:39:06.290 E/AccessibilityNodeInfoCache( 2789): Node from: 190 not from:188 android.view.accessibility.AccessibilityNodeInfo@fc22; boundsInParent: Rect(0, 0 - 82, 19); boundsInScreen: Rect(649, 533 - 731, 552); packageName: com.antutu.ABenchMark; className: android.widget.TextView; text: Performance; contentDescription: null; viewIdResName: com.antutu.ABenchMark:id/performance_feature; checkable: false; checked: false; focusable: false; focused: false; selected: false; clickable: false; longClickable: false; enabled: true; password: false; scrollable: false; [ACTION_SELECT, ACTION_CLEAR_SELECTION, ACTION_ACCESSIBILITY_FOCUS, ACTION_NEXT_AT_MOVEMENT_GRANULARITY, ACTION_PREVIOUS_AT_MOVEMENT_GRANULARITY, ACTION_SET_SELECTION]
04-23 11:39:06.290 E/AccessibilityNodeInfoCache( 2789): Node from: 190 not from:188 android.view.accessibility.AccessibilityNodeInfo@ffe3; boundsInParent: Rect(0, 0 - 44, 57); boundsInScreen: Rect(709, 392 - 753, 449); packageName: com.antutu.ABenchMark; className: android.widget.TextView; text: null; contentDescription: null; viewIdResName: com.antutu.ABenchMark:id/user_dev_ranking; checkable: false; checked: false; focusable: false; focused: false; selected: false; clickable: true; longClickable: false; enabled: true; password: false; scrollable: false; [ACTION_SELECT, ACTION_CLEAR_SELECTION, ACTION_CLICK, ACTION_ACCESSIBILITY_FOCUS]
04-23 11:39:06.300 E/AccessibilityNodeInfoCache( 2789): Node from: 190 not from:188 android.view.accessibility.AccessibilityNodeInfo@260c1; boundsInParent: Rect(0, 0 - 768, 951); boundsInScreen: Rect(0, 25 - 768, 976); packageName: com.antutu.ABenchMark; className: android.view.View; text: null; contentDescription: null; viewIdResName: null; checkable: false; checked: false; focusable: true; focused: false; selected: false; clickable: false; longClickable: false; enabled: true; password: false; scrollable: false; [ACTION_FOCUS, ACTION_SELECT, ACTION_CLEAR_SELECTION, ACTION_ACCESSIBILITY_FOCUS]
04-23 11:39:06.300 E/AccessibilityNodeInfoCache( 2789): Node from: 190 not from:188 android.view.accessibility.AccessibilityNodeInfo@26843; boundsInParent: Rect(0, 0 - 768, 951); boundsInScreen: Rect(0, 25 - 768, 976); packageName: com.antutu.ABenchMark; className: android.widget.LinearLayout; text: null; contentDescription: null; viewIdResName: null; checkable: false; checked: false; focusable: false; focused: false; selected: false; clickable: false; longClickable: false; enabled: true; password: false; scrollable: false; [ACTION_SELECT, ACTION_CLEAR_SELECTION, ACTION_ACCESSIBILITY_FOCUS]
