04-23 11:37:58.090 I/ActivityManager(  431):   ntv   N    12293 kB: zygote (111) native
04-23 11:37:58.090 I/ActivityManager(  431):   ntv   N     2501 kB: mediaserver (113) native
04-23 11:37:58.090 I/ActivityManager(  431):   ntv   N     1383 kB: surfaceflinger (110) native
04-23 11:37:58.090 I/ActivityManager(  431):   ntv   N     1365 kB: updatesoftwinner (109) native
04-23 11:37:58.090 I/ActivityManager(  431):   ntv   N     1056 kB: wpa_supplicant (639) native
04-23 11:37:58.090 I/ActivityManager(  431):   ntv   N     1054 kB: logcat (1984) native
04-23 11:37:58.090 I/ActivityManager(  431):   ntv   N     1050 kB: logcat (1534) native
04-23 11:37:58.090 I/ActivityManager(  431):   ntv   N      702 kB: logcat (10814) native
04-23 11:37:58.090 I/ActivityManager(  431):   ntv   N      382 kB: rild (784) native
04-23 11:37:58.090 I/ActivityManager(  431):   ntv   N      377 kB: drmserver (112) native
04-23 11:37:58.090 I/ActivityManager(  431):   ntv   N      353 kB: netd (107) native
04-23 11:37:58.090 I/ActivityManager(  431):   ntv   N      291 kB: /init (1) native
04-23 11:37:58.090 I/ActivityManager(  431):   ntv   N      259 kB: debuggerd (8693) native
04-23 11:37:58.090 I/ActivityManager(  431):   ntv   N      236 kB: adbd (117) native
04-23 11:37:58.090 I/ActivityManager(  431):   ntv   N      205 kB: sh (867) native
04-23 11:37:58.090 I/ActivityManager(  431):   ntv   N      186 kB: logcat (8015) native
04-23 11:37:58.090 I/ActivityManager(  431):   ntv   N      163 kB: vold (106) native
04-23 11:37:58.090 I/ActivityManager(  431):   ntv   N      156 kB: u3gmonitor (785) native
04-23 11:37:58.090 I/ActivityManager(  431):   ntv   N      146 kB: logcat (11531) native
04-23 11:37:58.090 I/ActivityManager(  431):   ntv   N      136 kB: healthd (104) native
04-23 11:37:58.090 I/ActivityManager(  431):   ntv   N      107 kB: logwrapper (637) native
04-23 11:37:58.090 I/ActivityManager(  431):   ntv   N       98 kB: installd (114) native
04-23 11:37:58.090 I/ActivityManager(  431):   ntv   N       86 kB: keystore (115) native
04-23 11:37:58.090 I/ActivityManager(  431):   ntv   N       82 kB: ueventd (64) native
04-23 11:37:58.090 I/ActivityManager(  431):   ntv   N       58 kB: servicemanager (105) native
04-23 11:37:58.090 I/ActivityManager(  431):   ntv   N       54 kB: sh (116) native
04-23 11:37:58.090 I/ActivityManager(  431):   sys   P    27195 kB: system (431) fixed
04-23 11:37:58.090 I/ActivityManager(  431):   pers  P    16021 kB: com.android.systemui (491) fixed
04-23 11:37:58.090 I/ActivityManager(  431):   pers  P     8052 kB: com.android.phone (633) fixed
04-23 11:37:58.090 I/ActivityManager(  431):   fore  T    53810 kB: com.antutu.ABenchMark:remote (11913) top-activity
04-23 11:37:58.090 I/ActivityManager(  431):   svc   S        0 kB: com.kugou.android.support (10640) started-services
04-23 11:37:58.090 I/ActivityManager(  431):   home  HO       0 kB: com.android.launcher (9782) home
04-23 11:37:58.090 I/ActivityManager(  431):   prev  S        0 kB: com.antutu.ABenchMark (10847) cch-started-ui-services
04-23 11:37:58.090 I/ActivityManager(  431):   cch   S        0 kB: com.google.process.gapps (8704) cch-started-services
04-23 11:37:58.090 I/ActivityManager(  431):             143257 kB: TOTAL
04-23 11:37:58.090 I/ActivityManager(  431):   MemInfo: 27576 kB slab, 232 kB shmem, 196 kB buffers, 70396 kB cached, 117500 kB free
04-23 11:37:58.090 I/ActivityManager(  431):   ZRAM: 3464 kB RAM, 131068 kB swap total, 123128 kB swap free
04-23 11:38:06.170 D/PowerManagerService(  431): mHoldBootFastWakeLock = true
04-23 11:38:09.880 I/ActivityManager(  431): Start proc com.android.inputmethod.latin for service com.android.inputmethod.latin/.LatinIME: pid=11950 uid=10043 gids={50043, 1028, 1015}
04-23 11:38:10.990 I/ActivityManager(  431): Start proc android.process.acore for content provider com.android.providers.userdictionary/.UserDictionaryProvider: pid=11967 uid=10002 gids={50002, 3003, 1028, 1015}
04-23 11:38:19.880 I/ActivityManager(  431): Start proc com.android.smspush for service com.android.smspush/.WapPushManager: pid=11996 uid=10072 gids={50072}
04-23 11:38:21.980 I/ActivityManager(  431): Start proc com.antutu.ABenchMark for broadcast com.antutu.ABenchMark/com.antutu.benchmark.BenchGLES3Receiver: pid=12011 uid=10076 gids={50076, 3003, 1028, 1015}
04-23 11:38:22.110 I/ActivityManager(  431): Process com.antutu.ABenchMark:remote (pid 11913) has died.
04-23 11:38:22.110 I/WindowState(  431): WIN DEATH: Window{41de9448 u0 com.antutu.ABenchMark/com.antutu.ABenchMark.Test3D.OgreActivity}
04-23 11:38:22.120 I/WindowState(  431): WIN DEATH: Window{41dfbe30 u0 SurfaceView}
04-23 11:38:22.240 I/ActivityManager(  431): START u0 {act=android.intent.action.MAIN cat=[android.intent.category.LAUNCHER] flg=0x10000000 pkg=com.antutu.ABenchMark cmp=com.antutu.ABenchMark/.ABenchMarkStart} from pid 12011
04-23 11:38:22.960 W/InputMethodManagerService(  431): Got RemoteException sending setActive(false) notification to pid 11913 uid 10076
04-23 11:38:24.410 I/ActivityManager(  431): START u0 {cmp=com.antutu.ABenchMark/com.antutu.benchmark.activity.MainActivity} from pid 12011
04-23 11:38:27.900 I/ActivityManager(  431): Start proc com.android.defcontainer for service com.android.defcontainer/.DefaultContainerService: pid=12162 uid=10003 gids={50003, 1028, 1015, 1023, 2001, 1035}
04-23 11:38:29.870 I/ActivityManager(  431): Start proc com.softwinner.baseservice:baseservice for service com.softwinner.baseservice/com.softwinner.service.SoftWinnerService: pid=12229 uid=10065 gids={50065, 1028, 1015, 3003}
04-23 11:38:39.000 I/ActivityManager(  431): Killing 11967:android.process.acore/u0a2 (adj 11): empty #2
04-23 11:38:39.880 I/ActivityManager(  431): Start proc com.google.process.location for service com.google.android.gms/com.google.android.location.internal.GoogleLocationManagerService: pid=12252 uid=10006 gids={50006, 3003, 1007, 1028, 1015, 2001, 3006, 3007}
04-23 11:38:39.970 I/ActivityManager(  431): Start proc com.google.android.gms for broadcast com.google.android.gms/.init.InitializeGmsReceiver: pid=12265 uid=10006 gids={50006, 3003, 1007, 1028, 1015, 2001, 3006, 3007}
04-23 11:38:40.210 I/ActivityManager(  431): Start proc com.google.process.gapps for content provider com.google.android.gsf/.gservices.GservicesProvider: pid=12282 uid=10006 gids={50006, 3003, 1007, 1028, 1015, 2001, 3006, 3007}
04-23 11:38:40.290 I/ActivityManager(  431): Delay finish: com.google.android.gms/.init.InitializeGmsReceiver
04-23 11:38:40.430 I/ActivityManager(  431): Resuming delayed broadcast
04-23 11:38:40.430 I/ActivityManager(  431): Killing 12162:com.android.defcontainer/u0a3 (adj 11): empty #2
04-23 11:38:40.520 D/ConnectivityService(  431): handleInetConditionChange: no active default network - ignore
04-23 11:38:40.550 I/ActivityManager(  431): Delay finish: com.google.android.gms/.init.InitializeGmsReceiver
04-23 11:38:40.550 I/ActivityManager(  431): Resuming delayed broadcast
04-23 11:38:40.570 I/ActivityManager(  431): Delay finish: com.google.android.gms/.init.InitializeGmsReceiver
04-23 11:38:40.580 I/ActivityManager(  431): Resuming delayed broadcast
04-23 11:39:06.170 D/PowerManagerService(  431): mHoldBootFastWakeLock = true
04-23 11:39:20.900 I/ActivityManager(  431): START u0 {act=android.intent.action.MAIN cat=[android.intent.category.HOME] flg=0x10200000 cmp=com.android.launcher/com.android.launcher2.Launcher} from pid 431
04-23 11:39:20.930 I/ActivityManager(  431): Start proc com.android.launcher for activity com.android.launcher/com.android.launcher2.Launcher: pid=12404 uid=10011 gids={50011}
04-23 11:39:22.390 I/ActivityManager(  431): Start proc com.android.deskclock for service com.android.deskclock/com.android.alarmclock.DigitalAppWidgetService: pid=12429 uid=10028 gids={50028, 1028}
04-23 11:39:24.970 I/ActivityManager(  431): START u0 {act=android.intent.action.MAIN cat=[android.intent.category.LAUNCHER] flg=0x10200000 cmp=com.rightware.tdmm2v10jnifree/.SplashView} from pid 12404
04-23 11:39:25.050 I/ActivityManager(  431): Start proc com.rightware.tdmm2v10jnifree for activity com.rightware.tdmm2v10jnifree/.SplashView: pid=12450 uid=10077 gids={50077, 3003}
04-23 11:39:25.130 I/ActivityManager(  431): Config changes=480 {1.0 ?mcc?mnc en_US ldltr sw768dp w1024dp h695dp 160dpi xlrg land finger -keyb/v/h -nav/h s.8}
04-23 11:39:26.800 I/WindowManager(  431): Screen frozen for +1s705ms due to Window{41d7d2d0 u0 NavigationBar}
04-23 11:39:26.920 I/ActivityManager(  431): Start proc android.process.acore for content provider com.android.providers.contacts/.ContactsProvider2: pid=12470 uid=10002 gids={50002, 3003, 1028, 1015}
04-23 11:39:28.200 I/ActivityManager(  431): START u0 {act=SPLASH_BASEMARK cmp=com.rightware.tdmm2v10jnifree/.SplashView} from pid 12450
04-23 11:39:31.000 I/ActivityManager(  431): START u0 {cmp=com.rightware.tdmm2v10jnifree/.TDMM2V10free} from pid 12450
04-23 11:39:33.420 I/ActivityManager(  431): START u0 {cmp=com.rightware.tdmm2v10jnifree/.TDMM2V10test} from pid 12450
04-23 11:39:44.710 D/ConnectivityService(  431): handleInetConditionChange: no active default network - ignore
04-23 11:39:59.900 I/ActivityManager(  431): Start proc com.kugou.android.support for service com.kugou.android/com.kugou.framework.service.KugouBackgroundService: pid=12534 uid=10081 gids={50081, 3003, 1028, 1015, 3002, 3001}
04-23 11:40:06.170 D/PowerManagerService(  431): mHoldBootFastWakeLock = true
04-23 11:40:22.310 I/ActivityManager(  431): START u0 {act=SCORE_CURRENT cmp=com.rightware.tdmm2v10jnifree/.ScoreView} from pid 12450
04-23 11:40:22.320 W/ActivityManager(  431): startActivity called from finishing ActivityRecord{41e87f58 u0 com.rightware.tdmm2v10jnifree/.TDMM2V10test t21 f}; forcing Intent.FLAG_ACTIVITY_NEW_TASK for: Intent { act=SCORE_CURRENT cmp=com.rightware.tdmm2v10jnifree/.ScoreView }
04-23 11:40:25.590 I/ActivityManager(  431): START u0 {act=android.intent.action.MAIN cat=[android.intent.category.HOME] flg=0x10200000 cmp=com.android.launcher/com.android.launcher2.Launcher} from pid 431
04-23 11:40:25.720 I/ActivityManager(  431): Config changes=480 {1.0 ?mcc?mnc en_US ldltr sw768dp w768dp h951dp 160dpi xlrg port finger -keyb/v/h -nav/h s.9}
04-23 11:40:26.230 I/WindowManager(  431): Screen frozen for +537ms due to Window{41cdf590 u0 com.android.systemui.ImageWallpaper}
04-23 11:40:27.440 I/ActivityManager(  431): START u0 {act=android.intent.action.MAIN cat=[android.intent.category.HOME] flg=0x10200000 cmp=com.android.launcher/com.android.launcher2.Launcher} from pid 431
04-23 11:40:30.230 I/ActivityManager(  431): START u0 {act=android.intent.action.MAIN cat=[android.intent.category.LAUNCHER] flg=0x10200000 cmp=com.futuremark.dmandroid.application/.activity.MainActivity} from pid 12404
04-23 11:40:30.340 I/ActivityManager(  431): Start proc com.futuremark.dmandroid.application for activity com.futuremark.dmandroid.application/.activity.MainActivity: pid=12646 uid=10078 gids={50078, 3003, 1028, 1015}
04-23 11:40:34.850 I/ActivityManager(  431): START u0 {act=android.intent.action.MAIN cat=[android.intent.category.HOME] flg=0x10200000 cmp=com.android.launcher/com.android.launcher2.Launcher} from pid 431
04-23 11:40:34.980 W/InputMethodManagerService(  431): Focus gain on non-focused client com.android.internal.view.IInputMethodClient$Stub$Proxy@41c73708 (uid=10078 pid=12646)
04-23 11:40:35.230 W/InputMethodManagerService(  431): Window already focused, ignoring focus gain of: com.android.internal.view.IInputMethodClient$Stub$Proxy@41d1dc30 attribute=android.view.inputmethod.EditorInfo@41d98378, token = android.os.BinderProxy@41c39a08
04-23 11:40:36.020 I/ActivityManager(  431): START u0 {act=android.intent.action.MAIN cat=[android.intent.category.HOME] flg=0x10200000 cmp=com.android.launcher/com.android.launcher2.Launcher} from pid 431
04-23 11:40:37.200 I/ActivityManager(  431): START u0 {act=android.intent.action.MAIN cat=[android.intent.category.HOME] flg=0x10200000 cmp=com.android.launcher/com.android.launcher2.Launcher} from pid 431
04-23 11:40:38.320 I/ActivityManager(  431): START u0 {act=com.android.systemui.recent.action.TOGGLE_RECENTS flg=0x10800000 cmp=com.android.systemui/.recent.RecentsActivity} from pid 491
04-23 11:40:40.870 W/InputMethodManagerService(  431): Window already focused, ignoring focus gain of: com.android.internal.view.IInputMethodClient$Stub$Proxy@41d44690 attribute=null, token = android.os.BinderProxy@41e27a70
04-23 11:40:41.700 I/ActivityManager(  431): START u0 {act=android.intent.action.MAIN cat=[android.intent.category.HOME] flg=0x10200000 cmp=com.android.launcher/com.android.launcher2.Launcher} from pid 431
04-23 11:40:41.720 I/WindowManager(  431): Screenshot Window{41eeb2f8 u0 com.android.systemui/com.android.systemui.recent.RecentsActivity} was monochrome(ff000000)! mSurfaceLayer=21030 minLayer=21030 maxLayer=21030
04-23 11:40:44.340 I/ActivityManager(  431): START u0 {act=android.intent.action.MAIN cat=[android.intent.category.LAUNCHER] flg=0x10200000 cmp=com.quicinc.vellamo/.VellamoActivity} from pid 12404
04-23 11:40:44.460 I/ActivityManager(  431): Start proc com.quicinc.vellamo for activity com.quicinc.vellamo/.VellamoActivity: pid=12735 uid=10079 gids={50079, 3003, 1028, 1015, 3002, 3001}
04-23 11:40:45.750 D/PowerManagerService(  431): mHoldBootFastWakeLock = true
04-23 11:40:48.930 I/ActivityManager(  431): START u0 {flg=0x10000000 cmp=com.quicinc.vellamo/.benchmarks.BenchmarksActivity (has extras)} from pid 12735
04-23 11:40:48.950 I/ActivityManager(  431): Start proc com.quicinc.vellamo:benchmarks for activity com.quicinc.vellamo/.benchmarks.BenchmarksActivity: pid=12765 uid=10079 gids={50079, 3003, 1028, 1015, 3002, 3001}
04-23 11:41:06.170 D/PowerManagerService(  431): mHoldBootFastWakeLock = true
04-23 11:41:47.990 I/ActivityManager(  431): START u0 {act=android.intent.action.MAIN cat=[android.intent.category.HOME] flg=0x10200000 cmp=com.android.launcher/com.android.launcher2.Launcher} from pid 431
04-23 11:41:52.890 D/ConnectivityService(  431): handleInetConditionChange: no active default network - ignore
04-23 11:42:06.170 D/PowerManagerService(  431): mHoldBootFastWakeLock = true
04-23 11:42:40.770 W/InputMethodManagerService(  431): Window already focused, ignoring focus gain of: com.android.internal.view.IInputMethodClient$Stub$Proxy@41e621d8 attribute=null, token = android.os.BinderProxy@41c39a08
04-23 11:42:41.650 I/PowerManagerService(  431): Going to sleep by user request...
04-23 11:42:47.720 D/PowerManagerService(  431): mHoldBootFastWakeLock = true
04-23 11:42:56.870 D/ConnectivityService(  431): Sampling interval elapsed, updating statistics ..
04-23 11:42:56.880 D/ConnectivityService(  431): Done.
04-23 11:42:56.880 D/ConnectivityService(  431): Setting timer for 720seconds
04-23 11:43:06.170 D/PowerManagerService(  431): mHoldBootFastWakeLock = true
04-23 11:44:06.170 D/PowerManagerService(  431): mHoldBootFastWakeLock = true
04-23 11:45:06.200 D/PowerManagerService(  431): mHoldBootFastWakeLock = true
04-23 11:46:06.170 D/PowerManagerService(  431): mHoldBootFastWakeLock = true
04-23 11:46:09.220 D/ConnectivityService(  431): handleInetConditionChange: no active default network - ignore
04-23 11:47:06.170 D/PowerManagerService(  431): mHoldBootFastWakeLock = true
04-23 11:48:06.170 D/PowerManagerService(  431): mHoldBootFastWakeLock = true
04-23 11:49:00.000 I/ProcessStatsService(  431): Prepared write state in 9ms
04-23 11:49:06.170 D/PowerManagerService(  431): mHoldBootFastWakeLock = true
04-23 11:50:06.170 D/PowerManagerService(  431): mHoldBootFastWakeLock = true
04-23 11:51:06.170 D/PowerManagerService(  431): mHoldBootFastWakeLock = true
04-23 11:51:09.230 D/ConnectivityService(  431): handleInetConditionChange: no active default network - ignore
04-23 11:52:06.170 D/PowerManagerService(  431): mHoldBootFastWakeLock = true
04-23 11:53:06.170 D/PowerManagerService(  431): mHoldBootFastWakeLock = true
04-23 11:54:06.170 D/PowerManagerService(  431): mHoldBootFastWakeLock = true
04-23 11:55:06.170 D/PowerManagerService(  431): mHoldBootFastWakeLock = true
04-23 11:56:06.170 D/PowerManagerService(  431): mHoldBootFastWakeLock = true
04-23 11:56:09.240 D/ConnectivityService(  431): handleInetConditionChange: no active default network - ignore
04-23 11:57:06.170 D/PowerManagerService(  431): mHoldBootFastWakeLock = true
04-23 11:58:06.170 D/PowerManagerService(  431): mHoldBootFastWakeLock = true
04-23 11:59:06.170 D/PowerManagerService(  431): mHoldBootFastWakeLock = true
04-23 12:00:01.040 W/SocketClient(  107): write error (Broken pipe)
04-23 12:00:01.080 D/ConnectivityService(  431): Sampling interval elapsed, updating statistics ..
04-23 12:00:01.090 D/ConnectivityService(  431): Done.
04-23 12:00:01.090 D/ConnectivityService(  431): Setting timer for 720seconds
04-23 12:00:01.150 I/ActivityManager(  431): Delay finish: com.google.android.gsf/.checkin.EventLogService$Receiver
04-23 12:00:01.290 I/ActivityManager(  431): Resuming delayed broadcast
04-23 12:00:06.170 D/PowerManagerService(  431): mHoldBootFastWakeLock = true
04-23 12:01:06.170 D/PowerManagerService(  431): mHoldBootFastWakeLock = true
04-23 12:01:09.260 D/ConnectivityService(  431): handleInetConditionChange: no active default network - ignore
04-23 12:02:06.170 D/PowerManagerService(  431): mHoldBootFastWakeLock = true
04-23 12:04:06.170 D/PowerManagerService(  431): mHoldBootFastWakeLock = true
04-23 12:05:06.170 D/PowerManagerService(  431): mHoldBootFastWakeLock = true
04-23 12:06:09.270 D/ConnectivityService(  431): handleInetConditionChange: no active default network - ignore
04-23 12:11:09.290 D/ConnectivityService(  431): handleInetConditionChange: no active default network - ignore
04-23 12:11:30.110 D/PowerManagerService(  431): mHoldBootFastWakeLock = true
04-23 12:12:06.170 D/PowerManagerService(  431): mHoldBootFastWakeLock = true
04-23 12:13:06.170 D/PowerManagerService(  431): mHoldBootFastWakeLock = true
04-23 12:16:06.170 D/PowerManagerService(  431): mHoldBootFastWakeLock = true
04-23 12:16:09.300 D/ConnectivityService(  431): handleInetConditionChange: no active default network - ignore
04-23 12:17:24.790 I/EntropyMixer(  431): Writing entropy...
04-23 12:19:00.040 I/ProcessStatsService(  431): Prepared write state in 17ms
04-23 12:19:00.050 I/ProcessStatsService(  431): Pruning old procstats: /data/system/procstats/state-2014-04-22-11-00-47.bin
04-23 12:20:34.700 D/ConnectivityService(  431): Sampling interval elapsed, updating statistics ..
04-23 12:20:34.700 D/ConnectivityService(  431): Done.
04-23 12:20:34.710 D/ConnectivityService(  431): Setting timer for 720seconds
04-23 12:20:34.730 V/BackupManagerService(  431): Running a backup pass
04-23 12:20:34.730 V/BackupManagerService(  431): Backup requested but nothing pending
04-23 12:21:06.170 D/PowerManagerService(  431): mHoldBootFastWakeLock = true
04-23 12:21:09.310 D/ConnectivityService(  431): handleInetConditionChange: no active default network - ignore
04-23 12:26:09.330 D/ConnectivityService(  431): handleInetConditionChange: no active default network - ignore
04-23 12:30:01.380 I/ActivityManager(  431): Delay finish: com.google.android.gsf/.checkin.EventLogService$Receiver
04-23 12:30:01.430 I/ActivityManager(  431): Resuming delayed broadcast
04-23 12:31:09.340 D/ConnectivityService(  431): handleInetConditionChange: no active default network - ignore
04-23 12:32:34.710 D/ConnectivityService(  431): Sampling interval elapsed, updating statistics ..
04-23 12:32:34.720 D/ConnectivityService(  431): Done.
04-23 12:32:34.720 D/ConnectivityService(  431): Setting timer for 720seconds
04-23 12:36:09.360 D/ConnectivityService(  431): handleInetConditionChange: no active default network - ignore
04-23 12:41:09.370 D/ConnectivityService(  431): handleInetConditionChange: no active default network - ignore
04-23 12:45:01.480 D/ConnectivityService(  431): Sampling interval elapsed, updating statistics ..
04-23 12:45:01.490 D/ConnectivityService(  431): Done.
04-23 12:45:01.490 D/ConnectivityService(  431): Setting timer for 720seconds
04-23 12:46:09.380 D/ConnectivityService(  431): handleInetConditionChange: no active default network - ignore
04-23 12:50:00.000 I/ProcessStatsService(  431): Prepared write state in 4ms
04-23 12:51:09.400 D/ConnectivityService(  431): handleInetConditionChange: no active default network - ignore
04-23 12:56:09.410 D/ConnectivityService(  431): handleInetConditionChange: no active default network - ignore
04-23 13:00:01.560 D/ConnectivityService(  431): Sampling interval elapsed, updating statistics ..
04-23 13:00:01.580 D/ConnectivityService(  431): Done.
04-23 13:00:01.580 D/ConnectivityService(  431): Setting timer for 720seconds
04-23 13:00:01.590 I/ActivityManager(  431): Delay finish: com.google.android.gsf/.checkin.EventLogService$Receiver
04-23 13:00:01.660 I/ActivityManager(  431): Resuming delayed broadcast
04-23 13:01:09.430 D/ConnectivityService(  431): handleInetConditionChange: no active default network - ignore
04-23 13:06:09.440 D/ConnectivityService(  431): handleInetConditionChange: no active default network - ignore
04-23 13:08:06.170 D/PowerManagerService(  431): mHoldBootFastWakeLock = true
04-23 13:09:06.170 D/PowerManagerService(  431): mHoldBootFastWakeLock = true
04-23 13:11:06.170 D/PowerManagerService(  431): mHoldBootFastWakeLock = true
04-23 13:11:09.450 D/ConnectivityService(  431): handleInetConditionChange: no active default network - ignore
04-23 13:16:06.170 D/PowerManagerService(  431): mHoldBootFastWakeLock = true
04-23 13:16:09.460 D/ConnectivityService(  431): handleInetConditionChange: no active default network - ignore
04-23 13:17:06.170 D/PowerManagerService(  431): mHoldBootFastWakeLock = true
04-23 13:18:37.940 I/ActivityManager(  431): Start proc com.google.android.googlequicksearchbox:search for service com.google.android.googlequicksearchbox/com.google.android.velvet.VelvetBackgroundTasksImpl$Service: pid=14110 uid=10017 gids={50017, 3003, 1028, 3002, 1015}
04-23 13:18:37.950 D/ConnectivityService(  431): Sampling interval elapsed, updating statistics ..
04-23 13:18:37.950 D/ConnectivityService(  431): Done.
04-23 13:18:37.960 D/ConnectivityService(  431): Setting timer for 720seconds
04-23 13:18:38.910 I/ActivityManager(  431): Start proc com.google.android.partnersetup for content provider com.google.android.partnersetup/.RlzAppProvider: pid=14133 uid=10009 gids={50009, 3003}
04-23 13:18:39.470 W/SocketClient(  107): write error (Broken pipe)
04-23 13:18:44.130 W/ActivityManager(  431): Unable to start service Intent { act=com.google.android.gms.analytics.service.START cmp=com.google.android.gms/.analytics.service.AnalyticsService (has extras) } U=0: not found
04-23 13:18:49.130 W/ActivityManager(  431): Unable to start service Intent { act=com.google.android.gms.analytics.service.START cmp=com.google.android.gms/.analytics.service.AnalyticsService (has extras) } U=0: not found
04-23 13:19:06.170 D/PowerManagerService(  431): mHoldBootFastWakeLock = true
04-23 13:20:00.000 I/ProcessStatsService(  431): Prepared write state in 3ms
04-23 13:21:09.480 D/ConnectivityService(  431): handleInetConditionChange: no active default network - ignore
04-23 13:21:09.480 W/SocketClient(  107): write error (Broken pipe)
04-23 13:25:06.170 D/PowerManagerService(  431): mHoldBootFastWakeLock = true
04-23 13:26:06.170 D/PowerManagerService(  431): mHoldBootFastWakeLock = true
04-23 13:26:09.490 D/ConnectivityService(  431): handleInetConditionChange: no active default network - ignore
04-23 13:26:09.490 W/SocketClient(  107): write error (Broken pipe)
04-23 13:29:06.170 D/PowerManagerService(  431): mHoldBootFastWakeLock = true
04-23 13:30:06.170 D/PowerManagerService(  431): mHoldBootFastWakeLock = true
04-23 13:31:06.170 D/PowerManagerService(  431): mHoldBootFastWakeLock = true
04-23 13:31:09.490 D/ConnectivityService(  431): Sampling interval elapsed, updating statistics ..
04-23 13:31:09.500 D/ConnectivityService(  431): Done.
04-23 13:31:09.500 D/ConnectivityService(  431): Setting timer for 720seconds
04-23 13:31:09.510 D/ConnectivityService(  431): handleInetConditionChange: no active default network - ignore
04-23 13:31:09.520 W/SocketClient(  107): write error (Broken pipe)
04-23 13:33:06.170 D/PowerManagerService(  431): mHoldBootFastWakeLock = true
04-23 13:34:06.180 D/PowerManagerService(  431): mHoldBootFastWakeLock = true
04-23 13:36:06.170 D/PowerManagerService(  431): mHoldBootFastWakeLock = true
04-23 13:36:09.520 D/ConnectivityService(  431): handleInetConditionChange: no active default network - ignore
04-23 13:36:09.530 W/SocketClient(  107): write error (Broken pipe)
04-23 13:37:06.170 D/PowerManagerService(  431): mHoldBootFastWakeLock = true
04-23 13:40:00.650 V/BackupManagerService(  431): Running a backup pass
04-23 13:40:00.650 V/BackupManagerService(  431): Backup requested but nothing pending
04-23 13:40:00.660 I/ActivityManager(  431): Delay finish: com.google.android.gsf/.checkin.EventLogService$Receiver
04-23 13:40:00.710 I/ActivityManager(  431): Resuming delayed broadcast
04-23 13:41:09.540 D/ConnectivityService(  431): handleInetConditionChange: no active default network - ignore
04-23 13:41:09.540 W/SocketClient(  107): write error (Broken pipe)
04-23 13:43:06.170 D/PowerManagerService(  431): mHoldBootFastWakeLock = true
04-23 13:44:06.170 D/PowerManagerService(  431): mHoldBootFastWakeLock = true
04-23 13:45:01.810 D/ConnectivityService(  431): Sampling interval elapsed, updating statistics ..
04-23 13:45:01.820 D/ConnectivityService(  431): Done.
04-23 13:45:01.820 D/ConnectivityService(  431): Setting timer for 720seconds
04-23 13:46:09.550 D/ConnectivityService(  431): handleInetConditionChange: no active default network - ignore
04-23 13:46:09.550 W/SocketClient(  107): write error (Broken pipe)
04-23 13:50:00.020 I/ProcessStatsService(  431): Prepared write state in 3ms
04-23 13:51:09.560 D/ConnectivityService(  431): handleInetConditionChange: no active default network - ignore
04-23 13:51:09.570 W/SocketClient(  107): write error (Broken pipe)
04-23 13:56:09.570 D/ConnectivityService(  431): handleInetConditionChange: no active default network - ignore
04-23 13:56:09.580 W/SocketClient(  107): write error (Broken pipe)
04-23 14:00:01.880 W/SocketClient(  107): write error (Broken pipe)
04-23 14:00:01.900 D/ConnectivityService(  431): Sampling interval elapsed, updating statistics ..
04-23 14:00:01.900 D/ConnectivityService(  431): Done.
04-23 14:00:01.900 D/ConnectivityService(  431): Setting timer for 720seconds
04-23 14:01:09.590 D/ConnectivityService(  431): handleInetConditionChange: no active default network - ignore
04-23 14:01:09.590 W/SocketClient(  107): write error (Broken pipe)
04-23 14:06:09.600 D/ConnectivityService(  431): handleInetConditionChange: no active default network - ignore
04-23 14:06:09.600 W/SocketClient(  107): write error (Broken pipe)
04-23 14:07:06.170 D/PowerManagerService(  431): mHoldBootFastWakeLock = true
04-23 14:08:06.170 D/PowerManagerService(  431): mHoldBootFastWakeLock = true
04-23 14:11:09.620 D/ConnectivityService(  431): handleInetConditionChange: no active default network - ignore
04-23 14:16:09.640 D/ConnectivityService(  431): handleInetConditionChange: no active default network - ignore
04-23 14:17:26.550 D/ConnectivityService(  431): Sampling interval elapsed, updating statistics ..
04-23 14:17:26.560 D/ConnectivityService(  431): Done.
04-23 14:17:26.560 D/ConnectivityService(  431): Setting timer for 720seconds
04-23 14:17:26.570 W/SocketClient(  107): write error (Broken pipe)
04-23 14:17:26.600 I/ActivityManager(  431): Delay finish: com.google.android.gsf/.checkin.EventLogService$Receiver
04-23 14:17:26.640 I/ActivityManager(  431): Resuming delayed broadcast
04-23 14:20:00.030 I/ProcessStatsService(  431): Prepared write state in 5ms
04-23 14:21:09.650 D/ConnectivityService(  431): handleInetConditionChange: no active default network - ignore
04-23 14:21:09.660 W/SocketClient(  107): write error (Broken pipe)
04-23 14:22:06.170 D/PowerManagerService(  431): mHoldBootFastWakeLock = true
04-23 14:23:06.170 D/PowerManagerService(  431): mHoldBootFastWakeLock = true
04-23 14:26:06.170 D/PowerManagerService(  431): mHoldBootFastWakeLock = true
04-23 14:26:09.670 D/ConnectivityService(  431): handleInetConditionChange: no active default network - ignore
04-23 14:27:06.170 D/PowerManagerService(  431): mHoldBootFastWakeLock = true
04-23 14:30:01.020 V/BackupManagerService(  431): Running a backup pass
04-23 14:30:01.020 D/ConnectivityService(  431): Sampling interval elapsed, updating statistics ..
04-23 14:30:01.030 D/ConnectivityService(  431): Done.
04-23 14:30:01.030 D/ConnectivityService(  431): Setting timer for 720seconds
04-23 14:30:01.030 V/BackupManagerService(  431): Backup requested but nothing pending
04-23 14:31:09.690 D/ConnectivityService(  431): handleInetConditionChange: no active default network - ignore
04-23 14:31:09.690 W/SocketClient(  107): write error (Broken pipe)
04-23 14:36:09.700 D/ConnectivityService(  431): handleInetConditionChange: no active default network - ignore
04-23 14:36:09.700 W/SocketClient(  107): write error (Broken pipe)
04-23 14:41:09.720 D/ConnectivityService(  431): handleInetConditionChange: no active default network - ignore
04-23 14:43:06.170 D/PowerManagerService(  431): mHoldBootFastWakeLock = true
04-23 14:44:06.170 D/PowerManagerService(  431): mHoldBootFastWakeLock = true
04-23 14:46:06.170 D/PowerManagerService(  431): mHoldBootFastWakeLock = true
04-23 14:46:09.750 D/ConnectivityService(  431): handleInetConditionChange: no active default network - ignore
04-23 14:46:09.760 W/SocketClient(  107): write error (Broken pipe)
04-23 14:47:26.640 D/ConnectivityService(  431): Sampling interval elapsed, updating statistics ..
04-23 14:47:26.650 D/ConnectivityService(  431): Done.
04-23 14:47:26.650 D/ConnectivityService(  431): Setting timer for 720seconds
04-23 14:47:26.650 W/SocketClient(  107): write error (Broken pipe)
04-23 14:47:26.680 I/ActivityManager(  431): Delay finish: com.google.android.gsf/.checkin.EventLogService$Receiver
04-23 14:47:26.730 I/ActivityManager(  431): Resuming delayed broadcast
04-23 14:48:06.170 D/PowerManagerService(  431): mHoldBootFastWakeLock = true
04-23 14:49:06.170 D/PowerManagerService(  431): mHoldBootFastWakeLock = true
04-23 14:51:00.000 I/ProcessStatsService(  431): Prepared write state in 4ms
04-23 14:51:09.760 D/ConnectivityService(  431): handleInetConditionChange: no active default network - ignore
04-23 14:51:09.770 W/SocketClient(  107): write error (Broken pipe)
04-23 14:53:06.170 D/PowerManagerService(  431): mHoldBootFastWakeLock = true
04-23 14:54:06.170 D/PowerManagerService(  431): mHoldBootFastWakeLock = true
04-23 14:55:06.170 D/PowerManagerService(  431): mHoldBootFastWakeLock = true
04-23 14:56:09.790 D/ConnectivityService(  431): handleInetConditionChange: no active default network - ignore
04-23 14:59:06.170 D/PowerManagerService(  431): mHoldBootFastWakeLock = true
04-23 15:00:01.120 D/ConnectivityService(  431): Sampling interval elapsed, updating statistics ..
04-23 15:00:01.120 D/ConnectivityService(  431): Done.
04-23 15:00:01.120 D/ConnectivityService(  431): Setting timer for 720seconds
04-23 15:01:09.800 D/ConnectivityService(  431): handleInetConditionChange: no active default network - ignore
04-23 15:01:09.800 W/SocketClient(  107): write error (Broken pipe)
04-23 15:04:06.170 D/PowerManagerService(  431): mHoldBootFastWakeLock = true
04-23 15:06:06.170 D/PowerManagerService(  431): mHoldBootFastWakeLock = true
04-23 15:06:09.810 D/ConnectivityService(  431): handleInetConditionChange: no active default network - ignore
04-23 15:06:09.820 W/SocketClient(  107): write error (Broken pipe)
04-23 15:07:06.170 D/PowerManagerService(  431): mHoldBootFastWakeLock = true
04-23 15:11:09.830 D/ConnectivityService(  431): handleInetConditionChange: no active default network - ignore
04-23 15:12:06.170 D/PowerManagerService(  431): mHoldBootFastWakeLock = true
04-23 15:15:01.180 D/ConnectivityService(  431): Sampling interval elapsed, updating statistics ..
04-23 15:15:01.180 D/ConnectivityService(  431): Done.
04-23 15:15:01.180 D/ConnectivityService(  431): Setting timer for 720seconds
04-23 15:16:09.850 D/ConnectivityService(  431): handleInetConditionChange: no active default network - ignore
04-23 15:16:09.850 W/SocketClient(  107): write error (Broken pipe)
04-23 15:17:24.810 I/EntropyMixer(  431): Writing entropy...
04-23 15:19:06.170 D/PowerManagerService(  431): mHoldBootFastWakeLock = true
04-23 15:20:11.850 I/PowerManagerService(  431): Waking up from sleep...
04-23 15:20:11.850 I/WindowManager(  431): No lock screen! windowToken=null
04-23 15:20:13.760 D/PowerManagerService(  431): mHoldBootFastWakeLock = true
04-23 15:20:16.080 I/PowerManagerService(  431): Going to sleep by user request...
04-23 15:20:17.110 I/PowerManagerService(  431): Waking up from sleep...
04-23 15:20:17.120 I/WindowManager(  431): No lock screen! windowToken=null
04-23 15:20:21.630 W/InputMethodManagerService(  431): Window already focused, ignoring focus gain of: com.android.internal.view.IInputMethodClient$Stub$Proxy@41c34740 attribute=android.view.inputmethod.EditorInfo@41db3458, token = android.os.BinderProxy@41c39a08
04-23 15:20:22.190 I/PowerManagerService(  431): Going to sleep by user request...
04-23 15:20:23.130 I/PowerManagerService(  431): Waking up from sleep...
04-23 15:20:23.140 I/WindowManager(  431): No lock screen! windowToken=null
04-23 15:20:26.060 I/ActivityManager(  431): START u0 {act=android.intent.action.MAIN cat=[android.intent.category.LAUNCHER] flg=0x10200000 cmp=com.android.settings/.Settings} from pid 12404
04-23 15:20:26.130 I/ActivityManager(  431): Start proc com.android.settings for activity com.android.settings/.Settings: pid=15735 uid=1000 gids={41000, 1028, 1015, 3002, 3001, 3003}
04-23 15:20:26.580 D/BackupManagerService(  431): Now staging backup of android
04-23 15:20:27.690 I/ActivityManager(  431): Process com.quicinc.vellamo (pid 12735) has died.
04-23 15:20:27.690 W/ActivityManager(  431): Scheduling restart of crashed service com.quicinc.vellamo/.service.BenchmarkService in 5000ms
04-23 15:20:27.720 I/ActivityManager(  431): Process com.kugou.android.support (pid 12534) has died.
04-23 15:20:27.720 W/ActivityManager(  431): Scheduling restart of crashed service com.kugou.android/com.kugou.framework.service.KugouBackgroundService in 14976ms
04-23 15:20:27.720 W/ActivityManager(  431): Scheduling restart of crashed service com.kugou.android/com.kugou.framework.service.KugouPlaybackService in 24974ms
04-23 15:20:27.740 I/ActivityManager(  431): Process android.process.acore (pid 12470) has died.
04-23 15:20:27.750 I/ActivityManager(  431): Process com.google.android.gms (pid 12265) has died.
04-23 15:20:27.770 I/ActivityManager(  431): Process com.google.android.partnersetup (pid 14133) has died.
04-23 15:20:27.770 I/ActivityManager(  431): Process com.android.deskclock (pid 12429) has died.
04-23 15:20:27.790 I/ActivityManager(  431): Process com.softwinner.baseservice:baseservice (pid 12229) has died.
04-23 15:20:27.790 W/ActivityManager(  431): Scheduling restart of crashed service com.softwinner.baseservice/com.softwinner.service.SoftWinnerService in 34899ms
04-23 15:20:28.820 I/ActivityManager(  431): START u0 {act=android.intent.action.MAIN cat=[android.intent.category.HOME] flg=0x10200000 cmp=com.android.launcher/com.android.launcher2.Launcher} from pid 431
04-23 15:20:31.190 I/ActivityManager(  431): START u0 {act=android.intent.action.MAIN cat=[android.intent.category.HOME] flg=0x10200000 cmp=com.android.launcher/com.android.launcher2.Launcher} from pid 431
04-23 15:20:32.710 I/ActivityManager(  431): Start proc com.quicinc.vellamo for service com.quicinc.vellamo/.service.BenchmarkService: pid=15764 uid=10079 gids={50079, 3003, 1028, 1015, 3002, 3001}
04-23 15:20:32.960 I/ActivityManager(  431): START u0 {act=com.android.systemui.recent.action.TOGGLE_RECENTS flg=0x10800000 cmp=com.android.systemui/.recent.RecentsActivity} from pid 491
04-23 15:20:35.190 I/ActivityManager(  431): Killing 15735:com.android.settings/1000 (adj 11): remove task
04-23 15:20:35.230 I/WindowState(  431): WIN DEATH: Window{41d96660 u0 com.android.settings/com.android.settings.Settings}
04-23 15:20:35.980 I/ActivityManager(  431): Killing 12765:com.quicinc.vellamo:benchmarks/u0a79 (adj 11): remove task
04-23 15:20:35.980 I/ActivityManager(  431): Killing 15764:com.quicinc.vellamo/u0a79 (adj 11): remove task
04-23 15:20:36.060 I/WindowState(  431): WIN DEATH: Window{41d366d0 u0 com.quicinc.vellamo/com.quicinc.vellamo.benchmarks.BenchmarksActivity}
04-23 15:20:36.120 W/ActivityManager(  431): Exception when unbinding service com.quicinc.vellamo/.service.BenchmarkService
04-23 15:20:36.120 W/ActivityManager(  431): android.os.TransactionTooLargeException
04-23 15:20:36.120 W/ActivityManager(  431): 	at android.os.BinderProxy.transact(Native Method)
04-23 15:20:36.120 W/ActivityManager(  431): 	at android.app.ApplicationThreadProxy.scheduleUnbindService(ApplicationThreadNative.java:874)
04-23 15:20:36.120 W/ActivityManager(  431): 	at com.android.server.am.ActiveServices.removeConnectionLocked(ActiveServices.java:1629)
04-23 15:20:36.120 W/ActivityManager(  431): 	at com.android.server.am.ActiveServices.killServicesLocked(ActiveServices.java:1941)
04-23 15:20:36.120 W/ActivityManager(  431): 	at com.android.server.am.ActivityManagerService.cleanUpApplicationRecordLocked(ActivityManagerService.java:12315)
04-23 15:20:36.120 W/ActivityManager(  431): 	at com.android.server.am.ActivityManagerService.handleAppDiedLocked(ActivityManagerService.java:3543)
04-23 15:20:36.120 W/ActivityManager(  431): 	at com.android.server.am.ActivityManagerService.appDiedLocked(ActivityManagerService.java:3688)
04-23 15:20:36.120 W/ActivityManager(  431): 	at com.android.server.am.ActivityManagerService$AppDeathRecipient.binderDied(ActivityManagerService.java:1007)
04-23 15:20:36.120 W/ActivityManager(  431): 	at android.os.BinderProxy.sendDeathNotice(Binder.java:493)
04-23 15:20:36.120 W/ActivityManager(  431): 	at dalvik.system.NativeStart.run(Native Method)
04-23 15:20:36.140 W/ActivityManager(  431): Exception when destroying service com.quicinc.vellamo/.service.BenchmarkService
04-23 15:20:36.140 W/ActivityManager(  431): android.os.DeadObjectException
04-23 15:20:36.140 W/ActivityManager(  431): 	at android.os.BinderProxy.transact(Native Method)
04-23 15:20:36.140 W/ActivityManager(  431): 	at android.app.ApplicationThreadProxy.scheduleStopService(ApplicationThreadNative.java:903)
04-23 15:20:36.140 W/ActivityManager(  431): 	at com.android.server.am.ActiveServices.bringDownServiceLocked(ActiveServices.java:1543)
04-23 15:20:36.140 W/ActivityManager(  431): 	at com.android.server.am.ActiveServices.bringDownServiceIfNeededLocked(ActiveServices.java:1455)
04-23 15:20:36.140 W/ActivityManager(  431): 	at com.android.server.am.ActiveServices.removeConnectionLocked(ActiveServices.java:1644)
04-23 15:20:36.140 W/ActivityManager(  431): 	at com.android.server.am.ActiveServices.killServicesLocked(ActiveServices.java:1941)
04-23 15:20:36.140 W/ActivityManager(  431): 	at com.android.server.am.ActivityManagerService.cleanUpApplicationRecordLocked(ActivityManagerService.java:12315)
04-23 15:20:36.140 W/ActivityManager(  431): 	at com.android.server.am.ActivityManagerService.handleAppDiedLocked(ActivityManagerService.java:3543)
04-23 15:20:36.140 W/ActivityManager(  431): 	at com.android.server.am.ActivityManagerService.appDiedLocked(ActivityManagerService.java:3688)
04-23 15:20:36.140 W/ActivityManager(  431): 	at com.android.server.am.ActivityManagerService$AppDeathRecipient.binderDied(ActivityManagerService.java:1007)
04-23 15:20:36.140 W/ActivityManager(  431): 	at android.os.BinderProxy.sendDeathNotice(Binder.java:493)
04-23 15:20:36.140 W/ActivityManager(  431): 	at dalvik.system.NativeStart.run(Native Method)
04-23 15:20:36.700 I/ActivityManager(  431): Killing 12646:com.futuremark.dmandroid.application/u0a78 (adj 11): remove task
04-23 15:20:36.890 I/WindowState(  431): WIN DEATH: Window{41f0d628 u0 com.futuremark.dmandroid.application/com.futuremark.dmandroid.application.activity.MainActivity}
04-23 15:20:37.350 I/ActivityManager(  431): Killing 12450:com.rightware.tdmm2v10jnifree/u0a77 (adj 11): remove task
04-23 15:20:37.420 I/WindowState(  431): WIN DEATH: Window{41d6faa0 u0 com.rightware.tdmm2v10jnifree/com.rightware.tdmm2v10jnifree.ScoreView}
04-23 15:20:37.430 I/WindowState(  431): WIN DEATH: Window{41ee5bb8 u0 com.rightware.tdmm2v10jnifree/com.rightware.tdmm2v10jnifree.TDMM2V10free}
04-23 15:20:38.030 I/WindowManager(  431): Screenshot Window{41eeb2f8 u0 com.android.systemui/com.android.systemui.recent.RecentsActivity} was monochrome(ff000000)! mSurfaceLayer=21015 minLayer=21015 maxLayer=21015
04-23 15:20:38.180 I/ActivityManager(  431): Killing 12011:com.antutu.ABenchMark/u0a76 (adj 16): remove task
04-23 15:20:38.250 W/ActivityManager(  431): Scheduling restart of crashed service com.antutu.ABenchMark/com.antutu.benchmark.BenchmarkService in 34442ms
04-23 15:20:42.720 I/ActivityManager(  431): Start proc com.kugou.android.support for service com.kugou.android/com.kugou.framework.service.KugouBackgroundService: pid=15787 uid=10081 gids={50081, 3003, 1028, 1015, 3002, 3001}
04-23 15:20:42.940 I/ActivityManager(  431): START u0 {act=android.intent.action.MAIN cat=[android.intent.category.LAUNCHER] flg=0x10200000 cmp=com.android.settings/.Settings} from pid 12404
04-23 15:20:43.230 I/ActivityManager(  431): Start proc com.android.settings for activity com.android.settings/.Settings: pid=15805 uid=1000 gids={41000, 1028, 1015, 3002, 3001, 3003}
04-23 15:20:45.080 I/ActivityManager(  431): START u0 {act=android.intent.action.MAIN cat=[android.intent.category.HOME] flg=0x10200000 cmp=com.android.launcher/com.android.launcher2.Launcher} from pid 431
04-23 15:20:46.110 I/ActivityManager(  431): START u0 {act=com.android.systemui.recent.action.TOGGLE_RECENTS flg=0x10800000 cmp=com.android.systemui/.recent.RecentsActivity} from pid 491
04-23 15:20:47.450 I/WindowManager(  431): Screenshot Window{41e0cd00 u0 com.android.systemui/com.android.systemui.recent.RecentsActivity} was monochrome(ff000000)! mSurfaceLayer=21015 minLayer=21015 maxLayer=21015
04-23 15:20:47.460 I/ActivityManager(  431): Killing 15805:com.android.settings/1000 (adj 9): remove task
04-23 15:20:47.510 I/WindowState(  431): WIN DEATH: Window{41dfee60 u0 com.android.settings/com.android.settings.Settings}
04-23 15:20:49.590 I/ActivityManager(  431): START u0 {act=com.android.systemui.recent.action.TOGGLE_RECENTS flg=0x10800000 cmp=com.android.systemui/.recent.RecentsActivity} from pid 491
04-23 15:20:50.810 I/ActivityManager(  431): START u0 {act=android.intent.action.MAIN cat=[android.intent.category.HOME] flg=0x10200000 cmp=com.android.launcher/com.android.launcher2.Launcher} from pid 491
04-23 15:20:50.890 I/WindowManager(  431): Screenshot Window{41e0f9f8 u0 com.android.systemui/com.android.systemui.recent.RecentsActivity} was monochrome(ff000000)! mSurfaceLayer=21005 minLayer=21010 maxLayer=21010
04-23 15:20:52.820 I/ActivityManager(  431): START u0 {act=android.intent.action.MAIN cat=[android.intent.category.HOME] flg=0x10200000 cmp=com.android.launcher/com.android.launcher2.Launcher} from pid 431
04-23 15:20:53.770 I/PowerManagerService(  431): Going to sleep by user request...
04-23 15:20:54.240 I/WindowManager(  431): Screenshot Window{41d38b60 u0 com.android.launcher/com.android.launcher2.Launcher} was monochrome(ff000000)! mSurfaceLayer=21010 minLayer=21000 maxLayer=21010
04-23 15:21:00.010 I/ProcessStatsService(  431): Prepared write state in 8ms
04-23 15:21:00.030 I/ProcessStatsService(  431): Pruning old procstats: /data/system/procstats/state-2014-04-22-14-01-00.bin
04-23 15:21:02.720 I/ActivityManager(  431): Start proc com.softwinner.baseservice:baseservice for service com.softwinner.baseservice/com.softwinner.service.SoftWinnerService: pid=15887 uid=10065 gids={50065, 1028, 1015, 3003}
04-23 15:21:03.860 D/PowerManagerService(  431): mHoldBootFastWakeLock = true
04-23 15:21:09.860 W/SocketClient(  107): write error (Broken pipe)
04-23 15:21:09.930 D/ConnectivityService(  431): handleInetConditionChange: no active default network - ignore
04-23 15:21:09.930 I/ActivityManager(  431): Delay finish: com.google.android.gsf/.checkin.EventLogService$Receiver
04-23 15:21:10.060 I/ActivityManager(  431): Resuming delayed broadcast
04-23 15:21:12.720 I/ActivityManager(  431): Start proc com.antutu.ABenchMark for service com.antutu.ABenchMark/com.antutu.benchmark.BenchmarkService: pid=15909 uid=10076 gids={50076, 3003, 1028, 1015}
04-23 15:22:06.170 D/PowerManagerService(  431): mHoldBootFastWakeLock = true
04-23 15:26:09.940 V/BackupManagerService(  431): Running a backup pass
04-23 15:26:09.950 V/BackupManagerService(  431): clearing pending backups
04-23 15:26:09.950 D/ConnectivityService(  431): handleInetConditionChange: no active default network - ignore
04-23 15:26:09.950 V/PerformBackupTask(  431): Beginning backup of 1 targets
04-23 15:26:09.960 W/SocketClient(  107): write error (Broken pipe)
04-23 15:26:09.980 D/PerformBackupTask(  431): invokeAgentForBackup on @pm@
04-23 15:26:10.000 I/PerformBackupTask(  431): no backup data written; not calling transport
04-23 15:26:10.000 D/PerformBackupTask(  431): starting agent for backup of BackupRequest{pkg=android}
04-23 15:26:10.000 D/BackupManagerService(  431): awaiting agent for ApplicationInfo{41a8d7d8 android}
04-23 15:26:10.000 D/BackupManagerService(  431): agentConnected pkg=android agent=android.app.backup.BackupAgent$BackupServiceBinder@41bfd788
04-23 15:26:10.000 I/BackupManagerService(  431): got agent android.app.backup.BackupAgent$BackupServiceBinder@41bfd788
04-23 15:26:10.000 D/PerformBackupTask(  431): invokeAgentForBackup on android
04-23 15:26:10.020 I/PerformBackupTask(  431): Backup pass finished.
04-23 15:30:01.230 D/ConnectivityService(  431): Sampling interval elapsed, updating statistics ..
04-23 15:30:01.240 D/ConnectivityService(  431): Done.
04-23 15:30:01.240 I/ActivityManager(  431): Start proc com.android.deskclock for broadcast com.android.deskclock/com.android.alarmclock.DigitalAppWidgetProvider: pid=16030 uid=10028 gids={50028, 1028}
04-23 15:30:01.240 D/ConnectivityService(  431): Setting timer for 720seconds
04-23 15:31:09.970 D/ConnectivityService(  431): handleInetConditionChange: no active default network - ignore
04-23 15:31:09.970 W/SocketClient(  107): write error (Broken pipe)
04-23 15:36:09.980 D/ConnectivityService(  431): handleInetConditionChange: no active default network - ignore
04-23 15:36:09.980 W/SocketClient(  107): write error (Broken pipe)
04-23 15:41:10.000 D/ConnectivityService(  431): handleInetConditionChange: no active default network - ignore
04-23 15:44:58.600 D/ConnectivityService(  431): Sampling interval elapsed, updating statistics ..
04-23 15:44:58.610 D/ConnectivityService(  431): Done.
04-23 15:44:58.610 D/ConnectivityService(  431): Setting timer for 720seconds
04-23 15:45:55.840 D/PowerManagerService(  431): mHoldBootFastWakeLock = true
04-23 15:45:55.840 I/PowerManagerService(  431): Waking up from sleep...
04-23 15:45:55.850 I/WindowManager(  431): No lock screen! windowToken=null
04-23 15:45:55.850 I/ActivityManager(  431): Start proc com.google.android.apps.uploader for broadcast com.google.android.apps.uploader/com.google.android.picasasync.BatteryReceiver: pid=16248 uid=10049 gids={50049, 3003, 1028, 1015}
04-23 15:45:56.270 I/ActivityManager(  431): Start proc com.google.android.apps.plus for broadcast com.google.android.apps.plus/.iu.InstantUploadEnvironment$BatteryReceiver: pid=16270 uid=10060 gids={50060, 3003, 3002, 1028, 1015}
04-23 15:45:56.380 I/ActivityManager(  431): Start proc android.process.media for content provider com.android.providers.media/.MediaProvider: pid=16283 uid=10004 gids={50004, 1028, 1015, 1023, 1024, 2001, 3003, 3007}
04-23 15:45:57.660 D/UsbDeviceManager(  431): disable UsbDeviceManager wakelock wlref = 1
04-23 15:45:57.670 V/UsbDeviceManager(  431): enableDPMLock ---
04-23 15:45:58.310 I/ActivityManager(  431): Start proc android.process.acore for content provider com.android.providers.contacts/.ContactsProvider2: pid=16310 uid=10002 gids={50002, 3003, 1028, 1015}
04-23 15:45:59.800 W/InputMethodManagerService(  431): Window already focused, ignoring focus gain of: com.android.internal.view.IInputMethodClient$Stub$Proxy@41dbecd8 attribute=android.view.inputmethod.EditorInfo@41ef0fb8, token = android.os.BinderProxy@41c39a08
04-23 15:46:03.560 I/ActivityManager(  431): START u0 {act=android.intent.action.MAIN cat=[android.intent.category.LAUNCHER] flg=0x10200000 cmp=com.kugou.android/.app.splash.SplashActivity} from pid 12404
04-23 15:46:03.670 I/ActivityManager(  431): Start proc com.kugou.android for activity com.kugou.android/.app.splash.SplashActivity: pid=16329 uid=10081 gids={50081, 3003, 1028, 1015, 3002, 3001}
04-23 15:46:05.290 I/ActivityManager(  431): START u0 {act=android.intent.action.MAIN cat=[android.intent.category.LAUNCHER] flg=0x10200000 cmp=com.kugou.android/.app.MediaActivity bnds=[336,118][432,214]} from pid 16329
04-23 15:46:08.610 E/FrameworkListener(  107): read() failed (Connection reset by peer)
04-23 15:46:10.030 W/SocketClient(  107): write error (Broken pipe)
04-23 15:46:10.030 D/ConnectivityService(  431): handleInetConditionChange: no active default network - ignore
