--------- beginning of /dev/log/system
04-23 09:26:29.210 W/SocketClient(  107): write error (Broken pipe)
04-23 09:26:29.210 W/SocketClient(  107): write error (Broken pipe)
04-23 09:26:32.070 I/ActivityManager(  431): START u0 {flg=0x14000000 cmp=com.antutu.ABenchMark/.Test3D.OgreActivity} from pid 1593
04-23 09:26:32.170 I/ActivityManager(  431): START u0 {flg=0x4000000 cmp=com.antutu.ABenchMark/com.antutu.benchmark.activity.IndependentActivity (has extras)} from pid 1593
04-23 09:26:33.340 I/ActivityManager(  431): START u0 {flg=0x14000000 cmp=com.antutu.ABenchMark/com.antutu.benchmark.activity.ScoreBenchActivity (has extras)} from pid 1593
04-23 09:26:42.120 E/WindowManager(  431): Starting window AppWindowToken{41e05268 token=Token{41c922a8 ActivityRecord{41d07c40 u0 com.antutu.ABenchMark/.Test3D.OgreActivity t4}}} timed out
04-23 09:27:06.170 D/PowerManagerService(  431): mHoldBootFastWakeLock = true
04-23 09:27:17.570 I/ActivityManager(  431): Start proc com.antutu.ABenchMark:remote for activity com.antutu.ABenchMark/.Test3D.OgreActivity: pid=2240 uid=10076 gids={50076, 3003, 1028, 1015}
04-23 09:27:21.200 I/ActivityManager(  431): Process com.android.defcontainer (pid 1737) has died.
04-23 09:27:21.210 I/ActivityManager(  431): Process com.softwinner.baseservice:baseservice (pid 1223) has died.
04-23 09:27:21.220 W/ActivityManager(  431): Scheduling restart of crashed service com.softwinner.baseservice/com.softwinner.service.SoftWinnerService in 5000ms
04-23 09:27:21.220 I/ActivityManager(  431): Process com.android.launcher (pid 648) has died.
04-23 09:27:21.220 I/WindowState(  431): WIN DEATH: Window{41d1f1d8 u0 com.android.launcher/com.android.launcher2.Launcher}
04-23 09:27:21.270 I/ActivityManager(  431): Process com.google.process.gapps (pid 690) has died.
04-23 09:27:21.270 W/ActivityManager(  431): Scheduling restart of crashed service com.google.android.gms/.gcm.GcmService in 14941ms
04-23 09:27:21.780 I/ActivityManager(  431): Low on memory:
04-23 09:27:21.780 I/ActivityManager(  431):   ntv   N    14444 kB: uiautomator (1993) native
04-23 09:27:21.780 I/ActivityManager(  431):   ntv   N    13409 kB: zygote (111) native
04-23 09:27:21.780 I/ActivityManager(  431):   ntv   N     4610 kB: mediaserver (113) native
04-23 09:27:21.780 I/ActivityManager(  431):   ntv   N     2539 kB: updatesoftwinner (109) native
04-23 09:27:21.780 I/ActivityManager(  431):   ntv   N     1531 kB: surfaceflinger (110) native
04-23 09:27:21.780 I/ActivityManager(  431):   ntv   N     1132 kB: drmserver (112) native
04-23 09:27:21.780 I/ActivityManager(  431):   ntv   N     1059 kB: logcat (1984) native
04-23 09:27:21.780 I/ActivityManager(  431):   ntv   N     1051 kB: logcat (1534) native
04-23 09:27:21.780 I/ActivityManager(  431):   ntv   N     1047 kB: wpa_supplicant (639) native
04-23 09:27:21.780 I/ActivityManager(  431):   ntv   N      550 kB: netd (107) native
04-23 09:27:21.780 I/ActivityManager(  431):   ntv   N      420 kB: keystore (115) native
04-23 09:27:21.780 I/ActivityManager(  431):   ntv   N      378 kB: rild (784) native
04-23 09:27:21.780 I/ActivityManager(  431):   ntv   N      361 kB: vold (106) native
04-23 09:27:21.780 I/ActivityManager(  431):   ntv   N      242 kB: /init (1) native
04-23 09:27:21.780 I/ActivityManager(  431):   ntv   N      216 kB: adbd (117) native
04-23 09:27:21.780 I/ActivityManager(  431):   ntv   N      183 kB: sh (867) native
04-23 09:27:21.780 I/ActivityManager(  431):   ntv   N      156 kB: u3gmonitor (785) native
04-23 09:27:21.780 I/ActivityManager(  431):   ntv   N      146 kB: sh (116) native
04-23 09:27:21.780 I/ActivityManager(  431):   ntv   N      144 kB: sh (1639) native
04-23 09:27:21.780 I/ActivityManager(  431):   ntv   N      112 kB: healthd (104) native
04-23 09:27:21.780 I/ActivityManager(  431):   ntv   N      107 kB: logwrapper (637) native
04-23 09:27:21.780 I/ActivityManager(  431):   ntv   N       77 kB: debuggerd (108) native
04-23 09:27:21.780 I/ActivityManager(  431):   ntv   N       70 kB: installd (114) native
04-23 09:27:21.780 I/ActivityManager(  431):   ntv   N       62 kB: ueventd (64) native
04-23 09:27:21.780 I/ActivityManager(  431):   ntv   N       26 kB: servicemanager (105) native
04-23 09:27:21.780 I/ActivityManager(  431):   sys   P    23613 kB: system (431) fixed
04-23 09:27:21.780 I/ActivityManager(  431):   pers  P    30509 kB: com.android.systemui (491) fixed
04-23 09:27:21.780 I/ActivityManager(  431):   pers  P     7234 kB: com.android.phone (633) fixed
04-23 09:27:21.780 I/ActivityManager(  431):   fore  T    51064 kB: com.antutu.ABenchMark:remote (2240) top-activity
04-23 09:27:21.780 I/ActivityManager(  431):   vis   T    25434 kB: com.antutu.ABenchMark (1593) visible
04-23 09:27:21.780 I/ActivityManager(  431):   vis   IB   10731 kB: com.google.process.location (602) service
04-23 09:27:21.780 I/ActivityManager(  431):                        com.google.android.gms/com.google.android.location.network.NetworkLocationService<=Proc{431:system/1000}
04-23 09:27:21.780 I/ActivityManager(  431):   vis   IF    3292 kB: com.android.smspush (710) service
04-23 09:27:21.780 I/ActivityManager(  431):                        com.android.smspush/.WapPushManager<=Proc{633:com.android.phone/1001}
04-23 09:27:21.780 I/ActivityManager(  431):   prcp  IF    7349 kB: com.android.inputmethod.latin (591) service
04-23 09:27:21.780 I/ActivityManager(  431):                        com.android.inputmethod.latin/.LatinIME<=Proc{431:system/1000}
04-23 09:27:21.780 I/ActivityManager(  431):   svc   S     9253 kB: com.android.vending (985) started-services
04-23 09:27:21.780 I/ActivityManager(  431):   svc   S        0 kB: com.google.process.gapps (690) started-services
04-23 09:27:21.780 I/ActivityManager(  431):   home  HO       0 kB: com.android.launcher (648) home
04-23 09:27:21.780 I/ActivityManager(  431):   svcb  S        0 kB: com.softwinner.baseservice:baseservice (1223) started-services
04-23 09:27:21.780 I/ActivityManager(  431):             212551 kB: TOTAL
04-23 09:27:21.780 I/ActivityManager(  431):   MemInfo: 27944 kB slab, 200 kB shmem, 72 kB buffers, 64432 kB cached, 91856 kB free
04-23 09:27:21.780 I/ActivityManager(  431):   ZRAM: 1056 kB RAM, 131068 kB swap total, 130096 kB swap free
04-23 09:27:22.640 I/BootReceiver(  431): Copying /data/tombstones/tombstone_02 to DropBox (SYSTEM_TOMBSTONE)
04-23 09:27:22.800 I/WindowState(  431): WIN DEATH: Window{41d82830 u0 com.antutu.ABenchMark/com.antutu.ABenchMark.Test3D.OgreActivity}
04-23 09:27:22.800 W/WindowManager(  431): Force-removing child win Window{41d96660 u0 SurfaceView} from container Window{41d82830 u0 com.antutu.ABenchMark/com.antutu.ABenchMark.Test3D.OgreActivity}
04-23 09:27:22.800 I/ActivityManager(  431): Process com.antutu.ABenchMark:remote (pid 2240) has died.
04-23 09:27:22.800 W/ActivityManager(  431): Force removing ActivityRecord{41d07c40 u0 com.antutu.ABenchMark/.Test3D.OgreActivity t4}: app died, no saved state
04-23 09:27:22.910 W/WindowManager(  431): Failed looking up window
04-23 09:27:22.910 W/WindowManager(  431): java.lang.IllegalArgumentException: Requested window android.os.BinderProxy@41d1c340 does not exist
04-23 09:27:22.910 W/WindowManager(  431): 	at com.android.server.wm.WindowManagerService.windowForClientLocked(WindowManagerService.java:7914)
04-23 09:27:22.910 W/WindowManager(  431): 	at com.android.server.wm.WindowManagerService.windowForClientLocked(WindowManagerService.java:7905)
04-23 09:27:22.910 W/WindowManager(  431): 	at com.android.server.wm.WindowState$DeathRecipient.binderDied(WindowState.java:1040)
04-23 09:27:22.910 W/WindowManager(  431): 	at android.os.BinderProxy.sendDeathNotice(Binder.java:493)
04-23 09:27:22.910 W/WindowManager(  431): 	at dalvik.system.NativeStart.run(Native Method)
04-23 09:27:22.910 I/WindowState(  431): WIN DEATH: null
04-23 09:27:26.230 I/ActivityManager(  431): Start proc com.softwinner.baseservice:baseservice for service com.softwinner.baseservice/com.softwinner.service.SoftWinnerService: pid=2291 uid=10065 gids={50065, 1028, 1015, 3003}
04-23 09:27:36.230 I/ActivityManager(  431): Start proc com.google.process.gapps for service com.google.android.gms/.gcm.GcmService: pid=2309 uid=10006 gids={50006, 3003, 1007, 1028, 1015, 2001, 3006, 3007}
04-23 09:27:36.560 I/ActivityManager(  431): Start proc com.google.android.gms for broadcast com.google.android.gms/.init.InitializeGmsReceiver: pid=2325 uid=10006 gids={50006, 3003, 1007, 1028, 1015, 2001, 3006, 3007}
04-23 09:27:36.810 D/ConnectivityService(  431): handleInetConditionChange: no active default network - ignore
04-23 09:27:36.830 I/ActivityManager(  431): Delay finish: com.google.android.gms/.init.InitializeGmsReceiver
04-23 09:27:36.850 I/ActivityManager(  431): Resuming delayed broadcast
04-23 09:27:36.870 I/ActivityManager(  431): Delay finish: com.google.android.gms/.init.InitializeGmsReceiver
04-23 09:27:36.870 I/ActivityManager(  431): Resuming delayed broadcast
04-23 09:28:06.170 D/PowerManagerService(  431): mHoldBootFastWakeLock = true
04-23 09:28:11.720 D/ConnectivityService(  431): handleInetConditionChange: no active default network - ignore
04-23 09:29:06.170 D/PowerManagerService(  431): mHoldBootFastWakeLock = true
04-23 09:29:21.370 D/ConnectivityService(  431): handleInetConditionChange: no active default network - ignore
04-23 09:29:23.900 I/PowerManagerService(  431): Going to sleep due to screen timeout...
04-23 09:29:24.340 I/WindowManager(  431): Screenshot Window{41cbb090 u0 com.antutu.ABenchMark/com.antutu.benchmark.activity.MainActivity} was monochrome(ff000000)! mSurfaceLayer=21010 minLayer=21000 maxLayer=21010
04-23 09:29:24.360 W/InputMethodManagerService(  431): Got RemoteException sending setActive(false) notification to pid 2240 uid 10076
04-23 09:29:31.760 D/PowerManagerService(  431): mHoldBootFastWakeLock = true
04-23 09:30:01.570 I/ActivityManager(  431): Start proc com.android.deskclock for broadcast com.android.deskclock/com.android.alarmclock.DigitalAppWidgetProvider: pid=2448 uid=10028 gids={50028, 1028}
04-23 09:30:01.750 I/ActivityManager(  431): Killing 2325:com.google.android.gms/u0a6 (adj 11): empty #2
04-23 09:30:06.170 D/PowerManagerService(  431): mHoldBootFastWakeLock = true
04-23 09:30:45.770 D/ConnectivityService(  431): Sampling interval elapsed, updating statistics ..
04-23 09:30:45.770 D/ConnectivityService(  431): Done.
04-23 09:30:45.770 D/ConnectivityService(  431): Setting timer for 720seconds
04-23 09:31:05.450 I/PowerManagerService(  431): Waking up from sleep...
04-23 09:31:05.450 I/WindowManager(  431): No lock screen! windowToken=null
04-23 09:31:05.510 W/InputMethodManagerService(  431): Got RemoteException sending setActive(false) notification to pid 2240 uid 10076
04-23 09:31:06.190 D/PowerManagerService(  431): mHoldBootFastWakeLock = true
04-23 09:31:11.960 D/PowerManagerService(  431): mHoldBootFastWakeLock = true
04-23 09:31:40.660 D/ConnectivityService(  431): handleInetConditionChange: no active default network - ignore
04-23 09:32:06.170 D/PowerManagerService(  431): mHoldBootFastWakeLock = true
04-23 09:32:22.930 W/InputMethodManagerService(  431): Got RemoteException sending setActive(false) notification to pid 2240 uid 10076
04-23 09:33:06.170 D/PowerManagerService(  431): mHoldBootFastWakeLock = true
04-23 09:33:06.440 I/PowerManagerService(  431): Going to sleep due to screen timeout...
04-23 09:33:12.200 D/PowerManagerService(  431): mHoldBootFastWakeLock = true
04-23 09:33:14.780 I/PowerManagerService(  431): Waking up from sleep...
04-23 09:33:14.780 I/WindowManager(  431): No lock screen! windowToken=null
04-23 09:33:22.220 D/PowerManagerService(  431): mHoldBootFastWakeLock = true
04-23 09:34:06.170 D/PowerManagerService(  431): mHoldBootFastWakeLock = true
04-23 09:35:06.170 D/PowerManagerService(  431): mHoldBootFastWakeLock = true
04-23 09:35:15.780 I/PowerManagerService(  431): Going to sleep due to screen timeout...
04-23 09:35:22.460 D/PowerManagerService(  431): mHoldBootFastWakeLock = true
04-23 09:36:06.170 D/PowerManagerService(  431): mHoldBootFastWakeLock = true
04-23 09:36:19.220 D/ConnectivityService(  431): handleInetConditionChange: no active default network - ignore
04-23 09:36:26.770 I/PowerManagerService(  431): Waking up from sleep...
04-23 09:36:26.780 I/WindowManager(  431): No lock screen! windowToken=null
04-23 09:36:27.310 I/ActivityManager(  431): START u0 {act=android.intent.action.MAIN cat=[android.intent.category.HOME] flg=0x10200000 cmp=com.android.launcher/com.android.launcher2.Launcher} from pid 431
04-23 09:36:27.320 I/ActivityManager(  431): Start proc com.android.launcher for activity com.android.launcher/com.android.launcher2.Launcher: pid=2834 uid=10011 gids={50011}
04-23 09:36:28.340 I/ActivityManager(  431): START u0 {act=android.intent.action.MAIN cat=[android.intent.category.HOME] flg=0x10200000 cmp=com.android.launcher/com.android.launcher2.Launcher} from pid 431
04-23 09:36:29.360 I/ActivityManager(  431): START u0 {act=com.android.systemui.recent.action.TOGGLE_RECENTS flg=0x10800000 cmp=com.android.systemui/.recent.RecentsActivity} from pid 491
04-23 09:36:32.450 W/InputMethodManagerService(  431): Window already focused, ignoring focus gain of: com.android.internal.view.IInputMethodClient$Stub$Proxy@41b39680 attribute=null, token = android.os.BinderProxy@41d5dd98
04-23 09:36:32.600 D/PowerManagerService(  431): mHoldBootFastWakeLock = true
04-23 09:36:32.810 I/WindowManager(  431): Screenshot Window{41d63658 u0 PopupWindow:42b9db70} was monochrome(ff000000)! mSurfaceLayer=21025 minLayer=21020 maxLayer=21025
04-23 09:36:32.820 I/ActivityManager(  431): Killing 1593:com.antutu.ABenchMark/u0a76 (adj 9): remove task
04-23 09:36:32.890 I/WindowState(  431): WIN DEATH: Window{41cbb090 u0 com.antutu.ABenchMark/com.antutu.benchmark.activity.MainActivity}
04-23 09:36:32.900 I/WindowState(  431): WIN DEATH: Window{41e6ca70 u0 com.antutu.ABenchMark/com.antutu.benchmark.activity.MainActivity}
04-23 09:36:34.180 I/ActivityManager(  431): START u0 {act=android.intent.action.MAIN cat=[android.intent.category.HOME] flg=0x10200000 cmp=com.android.launcher/com.android.launcher2.Launcher} from pid 431
04-23 09:36:36.770 I/ActivityManager(  431): START u0 {act=android.intent.action.MAIN cat=[android.intent.category.LAUNCHER] flg=0x10200000 cmp=com.antutu.ABenchMark/.ABenchMarkStart} from pid 2834
04-23 09:36:36.930 I/ActivityManager(  431): Start proc com.antutu.ABenchMark for activity com.antutu.ABenchMark/.ABenchMarkStart: pid=2877 uid=10076 gids={50076, 3003, 1028, 1015}
04-23 09:36:37.600 W/SocketClient(  107): write error (Broken pipe)
04-23 09:36:37.600 W/SocketClient(  107): write error (Broken pipe)
04-23 09:36:39.440 I/ActivityManager(  431): START u0 {cmp=com.antutu.ABenchMark/com.antutu.benchmark.activity.MainActivity} from pid 2877
04-23 09:36:40.440 I/ActivityManager(  431): Start proc com.android.defcontainer for service com.android.defcontainer/.DefaultContainerService: pid=2994 uid=10003 gids={50003, 1028, 1015, 1023, 2001, 1035}
04-23 09:36:43.780 I/ActivityManager(  431): START u0 {flg=0x4000000 cmp=com.antutu.ABenchMark/com.antutu.benchmark.activity.IndependentActivity (has extras)} from pid 2877
04-23 09:36:44.840 I/ActivityManager(  431): START u0 {flg=0x14000000 cmp=com.antutu.ABenchMark/com.antutu.benchmark.activity.ScoreBenchActivity (has extras)} from pid 2877
04-23 09:36:51.690 I/ActivityManager(  431): Killing 2448:com.android.deskclock/u0a28 (adj 11): empty #2
04-23 09:37:06.170 D/PowerManagerService(  431): mHoldBootFastWakeLock = true
04-23 09:37:58.120 W/SocketClient(  107): write error (Broken pipe)
04-23 09:38:06.170 D/PowerManagerService(  431): mHoldBootFastWakeLock = true
04-23 09:39:03.220 I/ActivityManager(  431): START u0 {flg=0x14000000 cmp=com.antutu.ABenchMark/com.antutu.benchmark.test2d.SpriteTestActivity} from pid 2877
04-23 09:39:06.170 D/PowerManagerService(  431): mHoldBootFastWakeLock = true
04-23 09:39:13.540 I/ActivityManager(  431): START u0 {flg=0x14000000 cmp=com.antutu.ABenchMark/com.antutu.benchmark.test2d.ParticleTestActivity} from pid 2877
04-23 09:39:28.970 I/ActivityManager(  431): START u0 {flg=0x14000000 cmp=com.antutu.ABenchMark/.Test3D.OgreActivity} from pid 2877
04-23 09:39:29.220 I/WindowManager(  431): Screenshot Window{41cbb090 u0 com.antutu.ABenchMark/com.antutu.benchmark.activity.ScoreBenchActivity} was monochrome(ff000000)! mSurfaceLayer=21015 minLayer=21000 maxLayer=21015
04-23 09:39:29.250 I/ActivityManager(  431): Start proc com.antutu.ABenchMark:remote for activity com.antutu.ABenchMark/.Test3D.OgreActivity: pid=3371 uid=10076 gids={50076, 3003, 1028, 1015}
04-23 09:39:34.600 I/ActivityManager(  431): Process com.android.launcher (pid 2834) has died.
04-23 09:39:34.600 I/WindowState(  431): WIN DEATH: Window{41cb9fc8 u0 com.android.launcher/com.android.launcher2.Launcher}
04-23 09:39:34.630 I/ActivityManager(  431): Process com.google.process.gapps (pid 2309) has died.
04-23 09:39:34.630 W/ActivityManager(  431): Scheduling restart of crashed service com.google.android.gms/.gcm.GcmService in 5000ms
04-23 09:39:34.670 I/ActivityManager(  431): Process com.android.inputmethod.latin (pid 591) has died.
04-23 09:39:34.670 W/ActivityManager(  431): Scheduling restart of crashed service com.android.inputmethod.latin/.LatinIME in 14965ms
04-23 09:39:34.700 W/InputMethodManagerService(  431): Session failed to close due to remote exception
04-23 09:39:34.700 W/InputMethodManagerService(  431): android.os.DeadObjectException
04-23 09:39:34.700 W/InputMethodManagerService(  431): 	at android.os.BinderProxy.transact(Native Method)
04-23 09:39:34.700 W/InputMethodManagerService(  431): 	at com.android.internal.view.IInputMethodSession$Stub$Proxy.finishSession(IInputMethodSession.java:292)
04-23 09:39:34.700 W/InputMethodManagerService(  431): 	at com.android.server.InputMethodManagerService.finishSessionLocked(InputMethodManagerService.java:1359)
04-23 09:39:34.700 W/InputMethodManagerService(  431): 	at com.android.server.InputMethodManagerService.clearClientSessionLocked(InputMethodManagerService.java:1350)
04-23 09:39:34.700 W/InputMethodManagerService(  431): 	at com.android.server.InputMethodManagerService.clearCurMethodLocked(InputMethodManagerService.java:1376)
04-23 09:39:34.700 W/InputMethodManagerService(  431): 	at com.android.server.InputMethodManagerService.onServiceDisconnected(InputMethodManagerService.java:1395)
04-23 09:39:34.700 W/InputMethodManagerService(  431): 	at android.app.LoadedApk$ServiceDispatcher.doDeath(LoadedApk.java:1120)
04-23 09:39:34.700 W/InputMethodManagerService(  431): 	at android.app.LoadedApk$ServiceDispatcher$RunConnection.run(LoadedApk.java:1134)
04-23 09:39:34.700 W/InputMethodManagerService(  431): 	at android.os.Handler.handleCallback(Handler.java:733)
04-23 09:39:34.700 W/InputMethodManagerService(  431): 	at android.os.Handler.dispatchMessage(Handler.java:95)
04-23 09:39:34.700 W/InputMethodManagerService(  431): 	at android.os.Looper.loop(Looper.java:137)
04-23 09:39:34.700 W/InputMethodManagerService(  431): 	at com.android.server.ServerThread.initAndLoop(SystemServer.java:1092)
04-23 09:39:34.700 W/InputMethodManagerService(  431): 	at com.android.server.SystemServer.main(SystemServer.java:1178)
04-23 09:39:34.700 W/InputMethodManagerService(  431): 	at java.lang.reflect.Method.invokeNative(Native Method)
04-23 09:39:34.700 W/InputMethodManagerService(  431): 	at java.lang.reflect.Method.invoke(Method.java:515)
04-23 09:39:34.700 W/InputMethodManagerService(  431): 	at com.android.internal.os.ZygoteInit$MethodAndArgsCaller.run(ZygoteInit.java:777)
04-23 09:39:34.700 W/InputMethodManagerService(  431): 	at com.android.internal.os.ZygoteInit.main(ZygoteInit.java:593)
04-23 09:39:34.700 W/InputMethodManagerService(  431): 	at dalvik.system.NativeStart.main(Native Method)
04-23 09:39:34.700 W/InputMethodManagerService(  431): Session failed to close due to remote exception
04-23 09:39:34.700 W/InputMethodManagerService(  431): android.os.DeadObjectException
04-23 09:39:34.700 W/InputMethodManagerService(  431): 	at android.os.BinderProxy.transact(Native Method)
04-23 09:39:34.700 W/InputMethodManagerService(  431): 	at com.android.internal.view.IInputMethodSession$Stub$Proxy.finishSession(IInputMethodSession.java:292)
04-23 09:39:34.700 W/InputMethodManagerService(  431): 	at com.android.server.InputMethodManagerService.finishSessionLocked(InputMethodManagerService.java:1359)
04-23 09:39:34.700 W/InputMethodManagerService(  431): 	at com.android.server.InputMethodManagerService.clearClientSessionLocked(InputMethodManagerService.java:1350)
04-23 09:39:34.700 W/InputMethodManagerService(  431): 	at com.android.server.InputMethodManagerService.clearCurMethodLocked(InputMethodManagerService.java:1376)
04-23 09:39:34.700 W/InputMethodManagerService(  431): 	at com.android.server.InputMethodManagerService.onServiceDisconnected(InputMethodManagerService.java:1395)
04-23 09:39:34.700 W/InputMethodManagerService(  431): 	at android.app.LoadedApk$ServiceDispatcher.doDeath(LoadedApk.java:1120)
04-23 09:39:34.700 W/InputMethodManagerService(  431): 	at android.app.LoadedApk$ServiceDispatcher$RunConnection.run(LoadedApk.java:1134)
04-23 09:39:34.700 W/InputMethodManagerService(  431): 	at android.os.Handler.handleCallback(Handler.java:733)
04-23 09:39:34.700 W/InputMethodManagerService(  431): 	at android.os.Handler.dispatchMessage(Handler.java:95)
04-23 09:39:34.700 W/InputMethodManagerService(  431): 	at android.os.Looper.loop(Looper.java:137)
04-23 09:39:34.700 W/InputMethodManagerService(  431): 	at com.android.server.ServerThread.initAndLoop(SystemServer.java:1092)
04-23 09:39:34.700 W/InputMethodManagerService(  431): 	at com.android.server.SystemServer.main(SystemServer.java:1178)
04-23 09:39:34.700 W/InputMethodManagerService(  431): 	at java.lang.reflect.Method.invokeNative(Native Method)
04-23 09:39:34.700 W/InputMethodManagerService(  431): 	at java.lang.reflect.Method.invoke(Method.java:515)
04-23 09:39:34.700 W/InputMethodManagerService(  431): 	at com.android.internal.os.ZygoteInit$MethodAndArgsCaller.run(ZygoteInit.java:777)
04-23 09:39:34.700 W/InputMethodManagerService(  431): 	at com.android.internal.os.ZygoteInit.main(ZygoteInit.java:593)
04-23 09:39:34.700 W/InputMethodManagerService(  431): 	at dalvik.system.NativeStart.main(Native Method)
04-23 09:39:34.710 W/InputMethodManagerService(  431): Session failed to close due to remote exception
04-23 09:39:34.710 W/InputMethodManagerService(  431): android.os.DeadObjectException
04-23 09:39:34.710 W/InputMethodManagerService(  431): 	at android.os.BinderProxy.transact(Native Method)
04-23 09:39:34.710 W/InputMethodManagerService(  431): 	at com.android.internal.view.IInputMethodSession$Stub$Proxy.finishSession(IInputMethodSession.java:292)
04-23 09:39:34.710 W/InputMethodManagerService(  431): 	at com.android.server.InputMethodManagerService.finishSessionLocked(InputMethodManagerService.java:1359)
04-23 09:39:34.710 W/InputMethodManagerService(  431): 	at com.android.server.InputMethodManagerService.clearClientSessionLocked(InputMethodManagerService.java:1350)
04-23 09:39:34.710 W/InputMethodManagerService(  431): 	at com.android.server.InputMethodManagerService.clearCurMethodLocked(InputMethodManagerService.java:1376)
04-23 09:39:34.710 W/InputMethodManagerService(  431): 	at com.android.server.InputMethodManagerService.onServiceDisconnected(InputMethodManagerService.java:1395)
04-23 09:39:34.710 W/InputMethodManagerService(  431): 	at android.app.LoadedApk$ServiceDispatcher.doDeath(LoadedApk.java:1120)
04-23 09:39:34.710 W/InputMethodManagerService(  431): 	at android.app.LoadedApk$ServiceDispatcher$RunConnection.run(LoadedApk.java:1134)
04-23 09:39:34.710 W/InputMethodManagerService(  431): 	at android.os.Handler.handleCallback(Handler.java:733)
04-23 09:39:34.710 W/InputMethodManagerService(  431): 	at android.os.Handler.dispatchMessage(Handler.java:95)
04-23 09:39:34.710 W/InputMethodManagerService(  431): 	at android.os.Looper.loop(Looper.java:137)
04-23 09:39:34.710 W/InputMethodManagerService(  431): 	at com.android.server.ServerThread.initAndLoop(SystemServer.java:1092)
04-23 09:39:34.710 W/InputMethodManagerService(  431): 	at com.android.server.SystemServer.main(SystemServer.java:1178)
04-23 09:39:34.710 W/InputMethodManagerService(  431): 	at java.lang.reflect.Method.invokeNative(Native Method)
04-23 09:39:34.710 W/InputMethodManagerService(  431): 	at java.lang.reflect.Method.invoke(Method.java:515)
04-23 09:39:34.710 W/InputMethodManagerService(  431): 	at com.android.internal.os.ZygoteInit$MethodAndArgsCaller.run(ZygoteInit.java:777)
04-23 09:39:34.710 W/InputMethodManagerService(  431): 	at com.android.internal.os.ZygoteInit.main(ZygoteInit.java:593)
04-23 09:39:34.710 W/InputMethodManagerService(  431): 	at dalvik.system.NativeStart.main(Native Method)
04-23 09:39:34.800 I/ActivityManager(  431): Process com.softwinner.baseservice:baseservice (pid 2291) has died.
04-23 09:39:34.800 W/ActivityManager(  431): Scheduling restart of crashed service com.softwinner.baseservice/com.softwinner.service.SoftWinnerService in 24830ms
04-23 09:39:34.800 I/ActivityManager(  431): Process com.android.defcontainer (pid 2994) has died.
04-23 09:39:35.090 I/ActivityManager(  431): Process com.google.process.location (pid 602) has died.
04-23 09:39:35.090 W/ActivityManager(  431): Scheduling restart of crashed service com.google.android.gms/com.google.android.location.internal.GoogleLocationManagerService in 34538ms
04-23 09:39:35.090 W/ActivityManager(  431): Scheduling restart of crashed service com.google.android.gms/com.google.android.location.fused.FusedLocationService in 44537ms
04-23 09:39:35.090 W/ActivityManager(  431): Scheduling restart of crashed service com.google.android.gms/com.google.android.location.geocode.GeocodeService in 54537ms
04-23 09:39:35.090 W/ActivityManager(  431): Scheduling restart of crashed service com.google.android.gms/com.google.android.location.fused.NlpLocationReceiverService in 64537ms
04-23 09:39:35.100 W/ActivityManager(  431): Scheduling restart of crashed service com.google.android.gms/com.google.android.location.geofencer.service.GeofenceProviderService in 74536ms
04-23 09:39:35.100 W/ActivityManager(  431): Scheduling restart of crashed service com.google.android.gms/com.google.android.location.network.NetworkLocationService in 84535ms
04-23 09:39:35.100 W/ActivityManager(  431): Scheduling restart of crashed service com.google.android.gms/com.google.android.location.internal.server.GoogleLocationService in 94534ms
04-23 09:39:35.270 I/ActivityManager(  431): Low on memory:
04-23 09:39:35.270 I/ActivityManager(  431):   ntv   N    15215 kB: zygote (111) native
04-23 09:39:35.270 I/ActivityManager(  431):   ntv   N    12904 kB: uiautomator (2789) native
04-23 09:39:35.270 I/ActivityManager(  431):   ntv   N     4657 kB: mediaserver (113) native
04-23 09:39:35.270 I/ActivityManager(  431):   ntv   N     2607 kB: updatesoftwinner (109) native
04-23 09:39:35.270 I/ActivityManager(  431):   ntv   N     1606 kB: surfaceflinger (110) native
04-23 09:39:35.270 I/ActivityManager(  431):   ntv   N     1143 kB: drmserver (112) native
04-23 09:39:35.270 I/ActivityManager(  431):   ntv   N     1090 kB: wpa_supplicant (639) native
04-23 09:39:35.270 I/ActivityManager(  431):   ntv   N     1059 kB: logcat (1984) native
04-23 09:39:35.270 I/ActivityManager(  431):   ntv   N     1051 kB: logcat (1534) native
04-23 09:39:35.270 I/ActivityManager(  431):   ntv   N      561 kB: netd (107) native
04-23 09:39:35.270 I/ActivityManager(  431):   ntv   N      427 kB: keystore (115) native
04-23 09:39:35.270 I/ActivityManager(  431):   ntv   N      390 kB: vold (106) native
04-23 09:39:35.270 I/ActivityManager(  431):   ntv   N      380 kB: rild (784) native
04-23 09:39:35.270 I/ActivityManager(  431):   ntv   N      287 kB: /init (1) native
04-23 09:39:35.270 I/ActivityManager(  431):   ntv   N      216 kB: adbd (117) native
04-23 09:39:35.270 I/ActivityManager(  431):   ntv   N      211 kB: debuggerd (108) native
04-23 09:39:35.270 I/ActivityManager(  431):   ntv   N      183 kB: sh (867) native
04-23 09:39:35.270 I/ActivityManager(  431):   ntv   N      156 kB: u3gmonitor (785) native
04-23 09:39:35.270 I/ActivityManager(  431):   ntv   N      146 kB: sh (2923) native
04-23 09:39:35.270 I/ActivityManager(  431):   ntv   N      139 kB: sh (116) native
04-23 09:39:35.270 I/ActivityManager(  431):   ntv   N      136 kB: healthd (104) native
04-23 09:39:35.270 I/ActivityManager(  431):   ntv   N      108 kB: logwrapper (637) native
04-23 09:39:35.270 I/ActivityManager(  431):   ntv   N      106 kB: installd (114) native
04-23 09:39:35.270 I/ActivityManager(  431):   ntv   N       82 kB: ueventd (64) native
04-23 09:39:35.270 I/ActivityManager(  431):   ntv   N       58 kB: servicemanager (105) native
04-23 09:39:35.270 I/ActivityManager(  431):   sys   P    25963 kB: system (431) fixed
04-23 09:39:35.270 I/ActivityManager(  431):   pers  P    14976 kB: com.android.systemui (491) fixed
04-23 09:39:35.270 I/ActivityManager(  431):   pers  P     9084 kB: com.android.phone (633) fixed
04-23 09:39:35.270 I/ActivityManager(  431):   fore  T    53681 kB: com.antutu.ABenchMark:remote (3371) top-activity
04-23 09:39:35.270 I/ActivityManager(  431):   vis   IF    4796 kB: com.android.smspush (710) service
04-23 09:39:35.270 I/ActivityManager(  431):                        com.android.smspush/.WapPushManager<=Proc{633:com.android.phone/1001}
04-23 09:39:35.270 I/ActivityManager(  431):   vis   IB       0 kB: com.google.process.location (602) service
04-23 09:39:35.270 I/ActivityManager(  431):                        com.google.android.gms/com.google.android.location.network.NetworkLocationService<=Proc{431:system/1000}
04-23 09:39:35.270 I/ActivityManager(  431):   svc   S        0 kB: com.android.vending (985) started-services
04-23 09:39:35.270 I/ActivityManager(  431):   prev  S        0 kB: com.antutu.ABenchMark (2877) cch-started-ui-services
04-23 09:39:35.270 I/ActivityManager(  431):             153418 kB: TOTAL
04-23 09:39:35.270 I/ActivityManager(  431):   MemInfo: 27352 kB slab, 200 kB shmem, 88 kB buffers, 62872 kB cached, 119112 kB free
04-23 09:39:35.270 I/ActivityManager(  431):   ZRAM: 996 kB RAM, 131068 kB swap total, 130184 kB swap free
04-23 09:39:35.380 I/WindowState(  431): WIN DEATH: Window{41cbb090 u0 com.antutu.ABenchMark/com.antutu.benchmark.activity.ScoreBenchActivity}
04-23 09:39:35.390 I/ActivityManager(  431): Process com.antutu.ABenchMark (pid 2877) has died.
04-23 09:39:35.390 I/WindowState(  431): WIN DEATH: Window{41deb980 u0 com.antutu.ABenchMark/com.antutu.benchmark.activity.MainActivity}
04-23 09:39:35.390 W/ActivityManager(  431): Scheduling restart of crashed service com.antutu.ABenchMark/com.antutu.benchmark.BenchmarkService in 104248ms
04-23 09:39:35.420 I/ActivityManager(  431): Process com.android.vending (pid 985) has died.
04-23 09:39:35.420 W/ActivityManager(  431): Scheduling restart of crashed service com.android.vending/com.google.android.finsky.services.ContentSyncService in 114220ms
04-23 09:39:38.830 W/ActivityManager(  431): Launch timeout has expired, giving up wake lock!
04-23 09:39:39.650 I/ActivityManager(  431): Start proc com.google.process.gapps for service com.google.android.gms/.gcm.GcmService: pid=3398 uid=10006 gids={50006, 3003, 1007, 1028, 1015, 2001, 3006, 3007}
04-23 09:39:40.330 I/ActivityManager(  431): Start proc com.google.android.gms for broadcast com.google.android.gms/.init.InitializeGmsReceiver: pid=3414 uid=10006 gids={50006, 3003, 1007, 1028, 1015, 2001, 3006, 3007}
04-23 09:39:40.790 D/ConnectivityService(  431): handleInetConditionChange: no active default network - ignore
04-23 09:39:40.960 I/ActivityManager(  431): Delay finish: com.google.android.gms/.init.InitializeGmsReceiver
04-23 09:39:41.040 I/ActivityManager(  431): Resuming delayed broadcast
04-23 09:39:41.070 I/ActivityManager(  431): Delay finish: com.google.android.gms/.init.InitializeGmsReceiver
04-23 09:39:41.080 I/ActivityManager(  431): Resuming delayed broadcast
04-23 09:39:49.650 I/ActivityManager(  431): Start proc com.android.inputmethod.latin for service com.android.inputmethod.latin/.LatinIME: pid=3446 uid=10043 gids={50043, 1028, 1015}
04-23 09:39:50.760 I/ActivityManager(  431): Start proc android.process.acore for content provider com.android.providers.userdictionary/.UserDictionaryProvider: pid=3465 uid=10002 gids={50002, 3003, 1028, 1015}
04-23 09:39:51.180 I/ActivityManager(  431): Killing 3414:com.google.android.gms/u0a6 (adj 11): empty #2
04-23 09:39:59.700 I/ActivityManager(  431): Start proc com.softwinner.baseservice:baseservice for service com.softwinner.baseservice/com.softwinner.service.SoftWinnerService: pid=3493 uid=10065 gids={50065, 1028, 1015, 3003}
04-23 09:40:04.000 I/ActivityManager(  431): Start proc com.antutu.ABenchMark for broadcast com.antutu.ABenchMark/com.antutu.benchmark.BenchGLES3Receiver: pid=3514 uid=10076 gids={50076, 3003, 1028, 1015}
04-23 09:40:04.120 I/ActivityManager(  431): Process com.antutu.ABenchMark:remote (pid 3371) has died.
04-23 09:40:04.130 I/WindowState(  431): WIN DEATH: Window{41e463d0 u0 SurfaceView}
04-23 09:40:04.130 I/WindowState(  431): WIN DEATH: Window{41e0dc48 u0 com.antutu.ABenchMark/com.antutu.ABenchMark.Test3D.OgreActivity}
04-23 09:40:04.250 I/ActivityManager(  431): START u0 {act=android.intent.action.MAIN cat=[android.intent.category.LAUNCHER] flg=0x10000000 pkg=com.antutu.ABenchMark cmp=com.antutu.ABenchMark/.ABenchMarkStart} from pid 3514
04-23 09:40:04.860 W/InputMethodManagerService(  431): Got RemoteException sending setActive(false) notification to pid 3371 uid 10076
04-23 09:40:05.510 W/SocketClient(  107): write error (Broken pipe)
04-23 09:40:06.170 D/PowerManagerService(  431): mHoldBootFastWakeLock = true
04-23 09:40:06.400 I/ActivityManager(  431): START u0 {cmp=com.antutu.ABenchMark/com.antutu.benchmark.activity.MainActivity} from pid 3514
04-23 09:40:07.350 D/ConnectivityService(  431): handleInetConditionChange: no active default network - ignore
04-23 09:40:09.640 I/ActivityManager(  431): Start proc com.google.process.location for service com.google.android.gms/com.google.android.location.internal.GoogleLocationManagerService: pid=3667 uid=10006 gids={50006, 3003, 1007, 1028, 1015, 2001, 3006, 3007}
04-23 09:40:09.820 I/ActivityManager(  431): Start proc com.google.android.gms for broadcast com.google.android.gms/.init.InitializeGmsReceiver: pid=3692 uid=10006 gids={50006, 3003, 1007, 1028, 1015, 2001, 3006, 3007}
04-23 09:40:09.880 I/ActivityManager(  431): Start proc com.android.defcontainer for service com.android.defcontainer/.DefaultContainerService: pid=3706 uid=10003 gids={50003, 1028, 1015, 1023, 2001, 1035}
04-23 09:40:10.250 I/ActivityManager(  431): Delay finish: com.google.android.gms/.init.InitializeGmsReceiver
04-23 09:40:10.340 I/ActivityManager(  431): Resuming delayed broadcast
04-23 09:40:10.350 I/ActivityManager(  431): Killing 3465:android.process.acore/u0a2 (adj 11): empty #2
04-23 09:40:10.400 I/ActivityManager(  431): Delay finish: com.google.android.gms/.init.InitializeGmsReceiver
04-23 09:40:10.420 I/ActivityManager(  431): Resuming delayed broadcast
04-23 09:40:22.220 I/ActivityManager(  431): Killing 3706:com.android.defcontainer/u0a3 (adj 11): empty #2
04-23 09:41:06.170 D/PowerManagerService(  431): mHoldBootFastWakeLock = true
04-23 09:42:06.170 D/PowerManagerService(  431): mHoldBootFastWakeLock = true
04-23 09:42:11.470 I/PowerManagerService(  431): Going to sleep due to screen timeout...
04-23 09:42:11.990 I/WindowManager(  431): Screenshot Window{41d83c10 u0 com.antutu.ABenchMark/com.antutu.benchmark.activity.MainActivity} was monochrome(ff000000)! mSurfaceLayer=21005 minLayer=21000 maxLayer=21005
04-23 09:42:23.300 D/PowerManagerService(  431): mHoldBootFastWakeLock = true
04-23 09:42:51.480 I/PowerManagerService(  431): Waking up from sleep...
04-23 09:42:51.490 I/WindowManager(  431): No lock screen! windowToken=null
04-23 09:42:51.530 D/ConnectivityService(  431): Sampling interval elapsed, updating statistics ..
04-23 09:42:51.540 D/ConnectivityService(  431): Done.
04-23 09:42:51.540 D/ConnectivityService(  431): Setting timer for 720seconds
04-23 09:42:53.360 D/PowerManagerService(  431): mHoldBootFastWakeLock = true
04-23 09:42:56.970 I/PowerManagerService(  431): Going to sleep by user request...
04-23 09:42:57.370 W/InputMethodManagerService(  431): Window already focused, ignoring focus gain of: com.android.internal.view.IInputMethodClient$Stub$Proxy@41cecad0 attribute=android.view.inputmethod.EditorInfo@41e32480, token = android.os.BinderProxy@41d4a738
04-23 09:42:57.860 I/PowerManagerService(  431): Waking up from sleep...
04-23 09:42:57.870 I/WindowManager(  431): No lock screen! windowToken=null
04-23 09:43:02.760 W/InputMethodManagerService(  431): Window already focused, ignoring focus gain of: com.android.internal.view.IInputMethodClient$Stub$Proxy@41df0d08 attribute=android.view.inputmethod.EditorInfo@41d6bf48, token = android.os.BinderProxy@41d4a738
04-23 09:43:03.820 W/InputMethodManagerService(  431): Window already focused, ignoring focus gain of: com.android.internal.view.IInputMethodClient$Stub$Proxy@41a08df8 attribute=null, token = android.os.BinderProxy@41d4a738
04-23 09:43:06.170 D/PowerManagerService(  431): mHoldBootFastWakeLock = true
04-23 09:43:06.900 W/InputMethodManagerService(  431): Window already focused, ignoring focus gain of: com.android.internal.view.IInputMethodClient$Stub$Proxy@41df18e8 attribute=null, token = android.os.BinderProxy@41d4a738
04-23 09:43:28.520 I/ActivityManager(  431): START u0 {flg=0x4000000 cmp=com.antutu.ABenchMark/com.antutu.benchmark.activity.IndependentActivity (has extras)} from pid 3514
04-23 09:43:30.510 I/ActivityManager(  431): START u0 {flg=0x14000000 cmp=com.antutu.ABenchMark/com.antutu.benchmark.activity.ScoreBenchActivity (has extras)} from pid 3514
04-23 09:43:40.400 D/ConnectivityService(  431): handleInetConditionChange: no active default network - ignore
04-23 09:44:06.170 D/PowerManagerService(  431): mHoldBootFastWakeLock = true
04-23 09:45:01.760 I/ActivityManager(  431): Start proc com.android.deskclock for broadcast com.android.deskclock/com.android.alarmclock.DigitalAppWidgetProvider: pid=4301 uid=10028 gids={50028, 1028}
04-23 09:45:01.960 I/ActivityManager(  431): Killing 3692:com.google.android.gms/u0a6 (adj 11): empty #2
04-23 09:45:06.180 D/PowerManagerService(  431): mHoldBootFastWakeLock = true
04-23 09:46:06.170 D/PowerManagerService(  431): mHoldBootFastWakeLock = true
04-23 09:46:09.280 I/ActivityManager(  431): START u0 {flg=0x14000000 cmp=com.antutu.ABenchMark/com.antutu.benchmark.test2d.SpriteTestActivity} from pid 3514
04-23 09:46:19.680 I/ActivityManager(  431): START u0 {flg=0x14000000 cmp=com.antutu.ABenchMark/com.antutu.benchmark.test2d.ParticleTestActivity} from pid 3514
04-23 09:46:35.050 I/ActivityManager(  431): START u0 {flg=0x14000000 cmp=com.antutu.ABenchMark/.Test3D.OgreActivity} from pid 3514
04-23 09:46:35.190 I/ActivityManager(  431): Start proc com.antutu.ABenchMark:remote for activity com.antutu.ABenchMark/.Test3D.OgreActivity: pid=4478 uid=10076 gids={50076, 3003, 1028, 1015}
04-23 09:46:44.940 W/ActivityManager(  431): Launch timeout has expired, giving up wake lock!
04-23 09:47:06.170 D/PowerManagerService(  431): mHoldBootFastWakeLock = true
04-23 09:47:10.040 I/ActivityManager(  431): Process com.antutu.ABenchMark:remote (pid 4478) has died.
04-23 09:47:10.040 I/WindowState(  431): WIN DEATH: Window{41d91470 u0 com.antutu.ABenchMark/com.antutu.ABenchMark.Test3D.OgreActivity}
04-23 09:47:10.040 I/WindowState(  431): WIN DEATH: Window{41d97618 u0 SurfaceView}
04-23 09:47:10.090 W/InputMethodManagerService(  431): Got RemoteException sending setActive(false) notification to pid 4478 uid 10076
04-23 09:47:10.560 I/ActivityManager(  431): START u0 {cmp=com.antutu.ABenchMark/com.antutu.benchmark.activity.RankingChartActivity} from pid 3514
04-23 09:47:12.350 I/ActivityManager(  431): START u0 {flg=0x4000000 cmp=com.antutu.ABenchMark/com.antutu.benchmark.activity.IndependentActivity (has extras)} from pid 3514
04-23 09:47:14.150 I/ActivityManager(  431): START u0 {act=android.intent.action.MAIN cat=[android.intent.category.HOME] flg=0x10200000 cmp=com.android.launcher/com.android.launcher2.Launcher} from pid 431
04-23 09:47:14.320 I/ActivityManager(  431): Start proc com.android.launcher for activity com.android.launcher/com.android.launcher2.Launcher: pid=4552 uid=10011 gids={50011}
04-23 09:47:14.810 I/ActivityManager(  431): Delay finish: com.google.android.gsf/.checkin.EventLogService$Receiver
04-23 09:47:15.000 I/ActivityManager(  431): Resuming delayed broadcast
04-23 09:47:16.920 W/InputMethodManagerService(  431): Starting input on non-focused client com.android.internal.view.IInputMethodClient$Stub$Proxy@41d79d90 (uid=10076 pid=3514)
04-23 09:47:18.230 I/ProcessStatsService(  431): Prepared write state in 5ms
04-23 09:47:18.250 I/ProcessStatsService(  431): Pruning old procstats: /data/system/procstats/state-2014-04-22-10-41-00.bin
04-23 09:48:06.170 D/PowerManagerService(  431): mHoldBootFastWakeLock = true
04-23 09:48:14.350 I/ActivityManager(  431): START u0 {act=android.intent.action.MAIN cat=[android.intent.category.HOME] flg=0x10200000 cmp=com.android.launcher/com.android.launcher2.Launcher} from pid 431
04-23 09:48:14.910 I/ActivityManager(  431): START u0 {act=android.intent.action.MAIN cat=[android.intent.category.HOME] flg=0x10200000 cmp=com.android.launcher/com.android.launcher2.Launcher} from pid 431
04-23 09:48:16.000 I/ActivityManager(  431): START u0 {act=com.android.systemui.recent.action.TOGGLE_RECENTS flg=0x10800000 cmp=com.android.systemui/.recent.RecentsActivity} from pid 491
04-23 09:48:18.980 W/InputMethodManagerService(  431): Window already focused, ignoring focus gain of: com.android.internal.view.IInputMethodClient$Stub$Proxy@41cee420 attribute=null, token = android.os.BinderProxy@41c6ce18
04-23 09:48:19.200 I/WindowManager(  431): Screenshot Window{41d72f68 u0 PopupWindow:42c76e30 EXITING} was monochrome(ff000000)! mSurfaceLayer=21030 minLayer=21025 maxLayer=21030
04-23 09:48:19.210 I/ActivityManager(  431): Killing 3514:com.antutu.ABenchMark/u0a76 (adj 9): remove task
04-23 09:48:19.300 I/WindowState(  431): WIN DEATH: Window{41d51d48 u0 com.antutu.ABenchMark/com.antutu.benchmark.activity.RankingChartActivity}
04-23 09:48:19.300 I/WindowState(  431): WIN DEATH: Window{41d67118 u0 com.antutu.ABenchMark/com.antutu.benchmark.activity.IndependentActivity}
04-23 09:48:19.300 I/WindowState(  431): WIN DEATH: Window{41d83c10 u0 com.antutu.ABenchMark/com.antutu.benchmark.activity.MainActivity}
04-23 09:48:19.910 I/ActivityManager(  431): START u0 {act=android.intent.action.MAIN cat=[android.intent.category.HOME] flg=0x10200000 cmp=com.android.launcher/com.android.launcher2.Launcher} from pid 431
04-23 09:48:22.500 I/ActivityManager(  431): START u0 {act=android.intent.action.MAIN cat=[android.intent.category.LAUNCHER] flg=0x10200000 cmp=com.antutu.ABenchMark/.ABenchMarkStart} from pid 4552
04-23 09:48:22.660 I/ActivityManager(  431): Start proc com.antutu.ABenchMark for activity com.antutu.ABenchMark/.ABenchMarkStart: pid=4621 uid=10076 gids={50076, 3003, 1028, 1015}
04-23 09:48:25.030 I/ActivityManager(  431): START u0 {cmp=com.antutu.ABenchMark/com.antutu.benchmark.activity.MainActivity} from pid 4621
04-23 09:48:26.010 I/ActivityManager(  431): Start proc com.android.defcontainer for service com.android.defcontainer/.DefaultContainerService: pid=4737 uid=10003 gids={50003, 1028, 1015, 1023, 2001, 1035}
04-23 09:48:27.000 W/SocketClient(  107): write error (Broken pipe)
04-23 09:48:29.780 I/ActivityManager(  431): START u0 {flg=0x4000000 cmp=com.antutu.ABenchMark/com.antutu.benchmark.activity.IndependentActivity (has extras)} from pid 4621
04-23 09:48:30.850 I/ActivityManager(  431): START u0 {flg=0x14000000 cmp=com.antutu.ABenchMark/com.antutu.benchmark.activity.ScoreBenchActivity (has extras)} from pid 4621
04-23 09:48:37.170 I/ActivityManager(  431): Killing 4301:com.android.deskclock/u0a28 (adj 11): empty #2
04-23 09:48:40.530 W/SocketClient(  107): write error (Broken pipe)
04-23 09:48:40.530 D/ConnectivityService(  431): handleInetConditionChange: no active default network - ignore
04-23 09:49:06.790 D/PowerManagerService(  431): mHoldBootFastWakeLock = true
04-23 09:50:06.180 D/PowerManagerService(  431): mHoldBootFastWakeLock = true
04-23 09:50:49.900 I/ActivityManager(  431): START u0 {flg=0x14000000 cmp=com.antutu.ABenchMark/com.antutu.benchmark.test2d.SpriteTestActivity} from pid 4621
04-23 09:51:00.220 I/ActivityManager(  431): START u0 {flg=0x14000000 cmp=com.antutu.ABenchMark/com.antutu.benchmark.test2d.ParticleTestActivity} from pid 4621
04-23 09:51:06.180 D/PowerManagerService(  431): mHoldBootFastWakeLock = true
04-23 09:51:15.660 I/ActivityManager(  431): START u0 {flg=0x14000000 cmp=com.antutu.ABenchMark/.Test3D.OgreActivity} from pid 4621
04-23 09:51:15.820 I/WindowManager(  431): Screenshot Window{41d83c10 u0 com.antutu.ABenchMark/com.antutu.benchmark.activity.ScoreBenchActivity} was monochrome(ff000000)! mSurfaceLayer=21015 minLayer=21000 maxLayer=21015
04-23 09:51:15.840 I/ActivityManager(  431): Start proc com.antutu.ABenchMark:remote for activity com.antutu.ABenchMark/.Test3D.OgreActivity: pid=5115 uid=10076 gids={50076, 3003, 1028, 1015}
04-23 09:51:25.720 I/ActivityManager(  431): Process com.android.defcontainer (pid 4737) has died.
04-23 09:51:25.940 I/ActivityManager(  431): Process com.android.inputmethod.latin (pid 3446) has died.
04-23 09:51:25.940 W/ActivityManager(  431): Scheduling restart of crashed service com.android.inputmethod.latin/.LatinIME in 5000ms
04-23 09:51:25.950 W/InputMethodManagerService(  431): Session failed to close due to remote exception
04-23 09:51:25.950 W/InputMethodManagerService(  431): android.os.DeadObjectException
04-23 09:51:25.950 W/InputMethodManagerService(  431): 	at android.os.BinderProxy.transact(Native Method)
04-23 09:51:25.950 W/InputMethodManagerService(  431): 	at com.android.internal.view.IInputMethodSession$Stub$Proxy.finishSession(IInputMethodSession.java:292)
04-23 09:51:25.950 W/InputMethodManagerService(  431): 	at com.android.server.InputMethodManagerService.finishSessionLocked(InputMethodManagerService.java:1359)
04-23 09:51:25.950 W/InputMethodManagerService(  431): 	at com.android.server.InputMethodManagerService.clearClientSessionLocked(InputMethodManagerService.java:1350)
04-23 09:51:25.950 W/InputMethodManagerService(  431): 	at com.android.server.InputMethodManagerService.clearCurMethodLocked(InputMethodManagerService.java:1376)
04-23 09:51:25.950 W/InputMethodManagerService(  431): 	at com.android.server.InputMethodManagerService.onServiceDisconnected(InputMethodManagerService.java:1395)
04-23 09:51:25.950 W/InputMethodManagerService(  431): 	at android.app.LoadedApk$ServiceDispatcher.doDeath(LoadedApk.java:1120)
04-23 09:51:25.950 W/InputMethodManagerService(  431): 	at android.app.LoadedApk$ServiceDispatcher$RunConnection.run(LoadedApk.java:1134)
04-23 09:51:25.950 W/InputMethodManagerService(  431): 	at android.os.Handler.handleCallback(Handler.java:733)
04-23 09:51:25.950 W/InputMethodManagerService(  431): 	at android.os.Handler.dispatchMessage(Handler.java:95)
04-23 09:51:25.950 W/InputMethodManagerService(  431): 	at android.os.Looper.loop(Looper.java:137)
04-23 09:51:25.950 W/InputMethodManagerService(  431): 	at com.android.server.ServerThread.initAndLoop(SystemServer.java:1092)
04-23 09:51:25.950 W/InputMethodManagerService(  431): 	at com.android.server.SystemServer.main(SystemServer.java:1178)
04-23 09:51:25.950 W/InputMethodManagerService(  431): 	at java.lang.reflect.Method.invokeNative(Native Method)
04-23 09:51:25.950 W/InputMethodManagerService(  431): 	at java.lang.reflect.Method.invoke(Method.java:515)
04-23 09:51:25.950 W/InputMethodManagerService(  431): 	at com.android.internal.os.ZygoteInit$MethodAndArgsCaller.run(ZygoteInit.java:777)
04-23 09:51:25.950 W/InputMethodManagerService(  431): 	at com.android.internal.os.ZygoteInit.main(ZygoteInit.java:593)
04-23 09:51:25.950 W/InputMethodManagerService(  431): 	at dalvik.system.NativeStart.main(Native Method)
04-23 09:51:25.950 W/InputMethodManagerService(  431): Session failed to close due to remote exception
04-23 09:51:25.950 W/InputMethodManagerService(  431): android.os.DeadObjectException
04-23 09:51:25.950 W/InputMethodManagerService(  431): 	at android.os.BinderProxy.transact(Native Method)
04-23 09:51:25.950 W/InputMethodManagerService(  431): 	at com.android.internal.view.IInputMethodSession$Stub$Proxy.finishSession(IInputMethodSession.java:292)
04-23 09:51:25.950 W/InputMethodManagerService(  431): 	at com.android.server.InputMethodManagerService.finishSessionLocked(InputMethodManagerService.java:1359)
04-23 09:51:25.950 W/InputMethodManagerService(  431): 	at com.android.server.InputMethodManagerService.clearClientSessionLocked(InputMethodManagerService.java:1350)
04-23 09:51:25.950 W/InputMethodManagerService(  431): 	at com.android.server.InputMethodManagerService.clearCurMethodLocked(InputMethodManagerService.java:1376)
04-23 09:51:25.950 W/InputMethodManagerService(  431): 	at com.android.server.InputMethodManagerService.onServiceDisconnected(InputMethodManagerService.java:1395)
04-23 09:51:25.950 W/InputMethodManagerService(  431): 	at android.app.LoadedApk$ServiceDispatcher.doDeath(LoadedApk.java:1120)
04-23 09:51:25.950 W/InputMethodManagerService(  431): 	at android.app.LoadedApk$ServiceDispatcher$RunConnection.run(LoadedApk.java:1134)
