04-28 09:35:24.256 V/UIStateManager( 2548): Nautilus status changed null to UNAVAILABLE
04-28 09:35:24.256 I/MusicBaseActivity( 2548): onNewNautilusStatus status: UNAVAILABLE has menu list: true
04-28 09:35:24.286 I/ActivityManager(  450): START u0 {flg=0x14000000 cmp=com.google.android.music/.tutorial.TutorialSelectAccountActivity (has extras)} from pid 1396
04-28 09:35:24.296 I/hwcomposer(  113): hwcdev_try_to_assign_pipe: We use not config memory
04-28 09:35:24.296 I/hwcomposer(  113): hwcdev_try_to_assign_pipe: We use not config memory
04-28 09:35:24.296 I/hwcomposer(  113): hwcdev_try_to_assign_pipe: We use not config memory
04-28 09:35:24.296 I/hwcomposer(  113): hwcdev_try_to_assign_pipe: We use not config memory
04-28 09:35:24.296 I/hwcomposer(  113): hwcdev_try_to_assign_pipe: We use not config memory
04-28 09:35:24.296 I/hwcomposer(  113): hwcdev_try_to_assign_pipe: We use not config memory
04-28 09:35:24.296 I/hwcomposer(  113): hwcdev_try_to_assign_pipe: We use not config memory
04-28 09:35:24.306 D/libEGL  ( 1396): loaded /system/lib/egl/libEGL_mali.so
04-28 09:35:24.316 I/hwcomposer(  113): hwcdev_try_to_assign_pipe: We use not config memory
04-28 09:35:24.316 I/hwcomposer(  113): hwcdev_try_to_assign_pipe: We use not config memory
04-28 09:35:24.316 I/hwcomposer(  113): hwcdev_try_to_assign_pipe: We use not config memory
04-28 09:35:24.316 I/hwcomposer(  113): hwcdev_try_to_assign_pipe: We use not config memory
04-28 09:35:24.316 I/hwcomposer(  113): hwcdev_try_to_assign_pipe: We use not config memory
04-28 09:35:24.316 I/hwcomposer(  113): hwcdev_try_to_assign_pipe: We use not config memory
04-28 09:35:24.316 I/hwcomposer(  113): hwcdev_try_to_assign_pipe: We use not config memory
04-28 09:35:24.316 D/libEGL  ( 1396): loaded /system/lib/egl/libGLESv1_CM_mali.so
04-28 09:35:24.326 D/libEGL  ( 1396): loaded /system/lib/egl/libGLESv2_mali.so
04-28 09:35:24.326 I/hwcomposer(  113): hwcdev_try_to_assign_pipe: We use not config memory
04-28 09:35:24.326 I/hwcomposer(  113): hwcdev_try_to_assign_pipe: We use not config memory
04-28 09:35:24.326 I/hwcomposer(  113): hwcdev_try_to_assign_pipe: We use not config memory
04-28 09:35:24.326 I/hwcomposer(  113): hwcdev_try_to_assign_pipe: We use not config memory
04-28 09:35:24.326 I/hwcomposer(  113): hwcdev_try_to_assign_pipe: We use not config memory
04-28 09:35:24.326 I/hwcomposer(  113): hwcdev_try_to_assign_pipe: We use not config memory
04-28 09:35:24.326 I/hwcomposer(  113): hwcdev_try_to_assign_pipe: We use not config memory
04-28 09:35:24.346 D/gralloc (  113): ION_HEAP_CARVEOUT_MASK alloc
04-28 09:35:24.346 I/hwcomposer(  113): hwcdev_try_to_assign_pipe: We use not config memory
04-28 09:35:24.346 I/hwcomposer(  113): hwcdev_try_to_assign_pipe: We use not config memory
04-28 09:35:24.346 I/hwcomposer(  113): hwcdev_try_to_assign_pipe: We use not config memory
04-28 09:35:24.346 I/hwcomposer(  113): hwcdev_try_to_assign_pipe: We use not config memory
04-28 09:35:24.346 I/hwcomposer(  113): hwcdev_try_to_assign_pipe: We use not config memory
04-28 09:35:24.346 I/hwcomposer(  113): hwcdev_try_to_assign_pipe: We use not config memory
04-28 09:35:24.346 I/hwcomposer(  113): hwcdev_try_to_assign_pipe: We use not config memory
04-28 09:35:24.346 D/gralloc (  113): ION_HEAP_CARVEOUT_MASK alloc
04-28 09:35:24.356 D/OpenGLRenderer( 1396): Enabling debug mode 0
04-28 09:35:24.366 I/hwcomposer(  113): hwcdev_try_to_assign_pipe: We use not config memory
04-28 09:35:24.366 I/hwcomposer(  113): hwcdev_try_to_assign_pipe: We use not config memory
04-28 09:35:24.366 I/hwcomposer(  113): hwcdev_try_to_assign_pipe: We use not config memory
04-28 09:35:24.366 I/hwcomposer(  113): hwcdev_try_to_assign_pipe: We use not config memory
04-28 09:35:24.366 I/hwcomposer(  113): hwcdev_try_to_assign_pipe: We use not config memory
04-28 09:35:24.366 I/hwcomposer(  113): hwcdev_try_to_assign_pipe: We use not config memory
04-28 09:35:24.366 I/hwcomposer(  113): hwcdev_try_to_assign_pipe: We use not config memory
04-28 09:35:24.376 I/hwcomposer(  113): hwcdev_try_to_assign_pipe: We use not config memory
04-28 09:35:24.376 I/hwcomposer(  113): hwcdev_try_to_assign_pipe: We use not config memory
04-28 09:35:24.376 I/hwcomposer(  113): hwcdev_try_to_assign_pipe: We use not config memory
04-28 09:35:24.376 I/hwcomposer(  113): hwcdev_try_to_assign_pipe: We use not config memory
04-28 09:35:24.376 I/hwcomposer(  113): hwcdev_try_to_assign_pipe: We use not config memory
04-28 09:35:24.376 I/hwcomposer(  113): hwcdev_try_to_assign_pipe: We use not config memory
04-28 09:35:24.376 I/hwcomposer(  113): hwcdev_try_to_assign_pipe: We use not config memory
04-28 09:35:24.456 D/dalvikvm( 1396): GC_FOR_ALLOC freed 175K, 6% free 5270K/5596K, paused 21ms, total 21ms
04-28 09:35:24.456 I/dalvikvm-heap( 1396): Grow heap (frag case) to 9.084MB for 4096016-byte allocation
04-28 09:35:24.496 D/dalvikvm( 1396): GC_CONCURRENT freed 1K, 4% free 9268K/9600K, paused 5ms+2ms, total 33ms
04-28 09:35:24.496 D/dalvikvm( 1396): WAIT_FOR_CONCURRENT_GC blocked 24ms
04-28 09:35:24.586 D/MusicPreferences( 1396): Set pref key AccountAutoSelectEnabled=false
04-28 09:35:24.626 D/gralloc (  113): ION_HEAP_CARVEOUT_MASK alloc
04-28 09:35:24.636 D/gralloc (  113): ION_HEAP_CARVEOUT_MASK alloc
04-28 09:35:24.636 D/gralloc (  113): ION_HEAP_CARVEOUT_MASK alloc
04-28 09:35:24.716 I/hwcomposer(  113): hwcdev_try_to_assign_pipe: We use not config memory
04-28 09:35:24.716 I/hwcomposer(  113): hwcdev_try_to_assign_pipe: We use not config memory
04-28 09:35:24.716 I/hwcomposer(  113): hwcdev_try_to_assign_pipe: We use not config memory
04-28 09:35:24.716 I/hwcomposer(  113): hwcdev_try_to_assign_pipe: We use not config memory
04-28 09:35:24.716 I/hwcomposer(  113): hwcdev_try_to_assign_pipe: We use not config memory
04-28 09:35:24.716 I/hwcomposer(  113): hwcdev_try_to_assign_pipe: We use not config memory
04-28 09:35:24.716 I/hwcomposer(  113): hwcdev_try_to_assign_pipe: We use not config memory
04-28 09:35:24.726 I/hwcomposer(  113): hwcdev_try_to_assign_pipe: We use not config memory
04-28 09:35:24.726 I/hwcomposer(  113): hwcdev_try_to_assign_pipe: We use not config memory
04-28 09:35:24.726 I/hwcomposer(  113): hwcdev_try_to_assign_pipe: We use not config memory
04-28 09:35:24.726 I/hwcomposer(  113): hwcdev_try_to_assign_pipe: We use not config memory
04-28 09:35:24.726 I/hwcomposer(  113): hwcdev_try_to_assign_pipe: We use not config memory
04-28 09:35:24.726 I/hwcomposer(  113): hwcdev_try_to_assign_pipe: We use not config memory
04-28 09:35:24.726 I/hwcomposer(  113): hwcdev_try_to_assign_pipe: We use not config memory
04-28 09:35:24.736 D/gralloc (  113): ION_HEAP_CARVEOUT_MASK alloc
04-28 09:35:24.746 I/ActivityManager(  450): Displayed com.google.android.music/.tutorial.TutorialSelectAccountActivity: +381ms (total +1s315ms)
04-28 09:35:24.766 I/hwcomposer(  113): hwcdev_try_to_assign_pipe: We use not config memory
04-28 09:35:24.766 I/hwcomposer(  113): hwcdev_try_to_assign_pipe: We use not config memory
04-28 09:35:24.766 I/hwcomposer(  113): hwcdev_try_to_assign_pipe: We use not config memory
04-28 09:35:24.766 I/hwcomposer(  113): hwcdev_try_to_assign_pipe: We use not config memory
04-28 09:35:24.766 I/hwcomposer(  113): hwcdev_try_to_assign_pipe: We use not config memory
04-28 09:35:24.766 I/hwcomposer(  113): hwcdev_try_to_assign_pipe: We use not config memory
04-28 09:35:24.766 I/hwcomposer(  113): hwcdev_try_to_assign_pipe: We use not config memory
04-28 09:35:24.776 I/hwcomposer(  113): hwcdev_try_to_assign_pipe: We use not config memory
04-28 09:35:24.776 I/hwcomposer(  113): hwcdev_try_to_assign_pipe: We use not config memory
04-28 09:35:24.776 I/hwcomposer(  113): hwcdev_try_to_assign_pipe: We use not config memory
04-28 09:35:24.776 I/hwcomposer(  113): hwcdev_try_to_assign_pipe: We use not config memory
04-28 09:35:24.776 I/hwcomposer(  113): hwcdev_try_to_assign_pipe: We use not config memory
04-28 09:35:24.776 I/hwcomposer(  113): hwcdev_try_to_assign_pipe: We use not config memory
04-28 09:35:24.776 I/hwcomposer(  113): hwcdev_try_to_assign_pipe: We use not config memory
04-28 09:35:24.796 I/hwcomposer(  113): hwcdev_try_to_assign_pipe: We use not config memory
04-28 09:35:24.796 I/hwcomposer(  113): hwcdev_try_to_assign_pipe: We use not config memory
04-28 09:35:24.796 I/hwcomposer(  113): hwcdev_try_to_assign_pipe: We use not config memory
04-28 09:35:24.796 I/hwcomposer(  113): hwcdev_try_to_assign_pipe: We use not config memory
04-28 09:35:24.796 I/hwcomposer(  113): hwcdev_try_to_assign_pipe: We use not config memory
04-28 09:35:24.816 I/hwcomposer(  113): hwcdev_try_to_assign_pipe: We use not config memory
04-28 09:35:24.816 I/hwcomposer(  113): hwcdev_try_to_assign_pipe: We use not config memory
04-28 09:35:24.816 I/hwcomposer(  113): hwcdev_try_to_assign_pipe: We use not config memory
04-28 09:35:24.816 I/hwcomposer(  113): hwcdev_try_to_assign_pipe: We use not config memory
04-28 09:35:24.816 I/hwcomposer(  113): hwcdev_try_to_assign_pipe: We use not config memory
04-28 09:35:24.826 I/hwcomposer(  113): hwcdev_try_to_assign_pipe: We use not config memory
04-28 09:35:24.826 I/hwcomposer(  113): hwcdev_try_to_assign_pipe: We use not config memory
04-28 09:35:24.826 I/hwcomposer(  113): hwcdev_try_to_assign_pipe: We use not config memory
04-28 09:35:24.826 I/hwcomposer(  113): hwcdev_try_to_assign_pipe: We use not config memory
04-28 09:35:24.826 I/hwcomposer(  113): hwcdev_try_to_assign_pipe: We use not config memory
04-28 09:35:24.846 I/hwcomposer(  113): hwcdev_try_to_assign_pipe: We use not config memory
04-28 09:35:24.846 I/hwcomposer(  113): hwcdev_try_to_assign_pipe: We use not config memory
04-28 09:35:24.846 I/hwcomposer(  113): hwcdev_try_to_assign_pipe: We use not config memory
04-28 09:35:24.846 I/hwcomposer(  113): hwcdev_try_to_assign_pipe: We use not config memory
04-28 09:35:24.846 I/hwcomposer(  113): hwcdev_try_to_assign_pipe: We use not config memory
04-28 09:35:24.866 I/hwcomposer(  113): hwcdev_try_to_assign_pipe: We use not config memory
04-28 09:35:24.866 I/hwcomposer(  113): hwcdev_try_to_assign_pipe: We use not config memory
04-28 09:35:24.866 I/hwcomposer(  113): hwcdev_try_to_assign_pipe: We use not config memory
04-28 09:35:24.866 I/hwcomposer(  113): hwcdev_try_to_assign_pipe: We use not config memory
04-28 09:35:24.866 I/hwcomposer(  113): hwcdev_try_to_assign_pipe: We use not config memory
04-28 09:35:24.876 I/hwcomposer(  113): hwcdev_try_to_assign_pipe: We use not config memory
04-28 09:35:24.876 I/hwcomposer(  113): hwcdev_try_to_assign_pipe: We use not config memory
04-28 09:35:24.876 I/hwcomposer(  113): hwcdev_try_to_assign_pipe: We use not config memory
04-28 09:35:24.876 I/hwcomposer(  113): hwcdev_try_to_assign_pipe: We use not config memory
04-28 09:35:24.876 I/hwcomposer(  113): hwcdev_try_to_assign_pipe: We use not config memory
04-28 09:35:24.896 I/hwcomposer(  113): hwcdev_try_to_assign_pipe: We use not config memory
04-28 09:35:24.896 I/hwcomposer(  113): hwcdev_try_to_assign_pipe: We use not config memory
04-28 09:35:24.896 I/hwcomposer(  113): hwcdev_try_to_assign_pipe: We use not config memory
04-28 09:35:24.896 I/hwcomposer(  113): hwcdev_try_to_assign_pipe: We use not config memory
04-28 09:35:24.896 I/hwcomposer(  113): hwcdev_try_to_assign_pipe: We use not config memory
04-28 09:35:24.916 I/hwcomposer(  113): hwcdev_try_to_assign_pipe: We use not config memory
04-28 09:35:24.916 I/hwcomposer(  113): hwcdev_try_to_assign_pipe: We use not config memory
04-28 09:35:24.916 I/hwcomposer(  113): hwcdev_try_to_assign_pipe: We use not config memory
04-28 09:35:24.916 I/hwcomposer(  113): hwcdev_try_to_assign_pipe: We use not config memory
04-28 09:35:24.916 I/hwcomposer(  113): hwcdev_try_to_assign_pipe: We use not config memory
04-28 09:35:24.926 D/dalvikvm( 2548): GC_CONCURRENT freed 145K, 4% free 4997K/5176K, paused 5ms+2ms, total 29ms
04-28 09:35:24.926 I/hwcomposer(  113): hwcdev_try_to_assign_pipe: We use not config memory
04-28 09:35:24.926 I/hwcomposer(  113): hwcdev_try_to_assign_pipe: We use not config memory
04-28 09:35:24.926 I/hwcomposer(  113): hwcdev_try_to_assign_pipe: We use not config memory
04-28 09:35:24.996 D/BufferProgressListener( 2548): updateCurrentSong: null
04-28 09:35:25.006 D/BufferProgressListener( 2548): updateCurrentSong: null
04-28 09:35:25.016 W/ActivityManager(  450): Unbind failed: could not find connection for android.os.BinderProxy@420f3eb8
04-28 09:35:25.096 I/MediaStoreImporter( 1396): Update: incremental Added music: 0 Updated music: 0 Deleted music: 0 Created playlists: 0 Updated playlists: 0 Deleted playlists: 0 Inserted playlist items: 0 Deleted playlist items: 0 Removed orphaned playlist items: 0
04-28 09:35:26.186 D/dalvikvm(  450): GC_CONCURRENT freed 632K, 9% free 8675K/9532K, paused 3ms+6ms, total 60ms
04-28 09:35:26.566 D/audio_hw_primary(  116): out_standby
04-28 09:35:29.406 D/gralloc (  113): ==USE CPU CACHE OP LLL usage = 0x333==
04-28 09:35:29.406 D/gralloc (  113): ION_HEAP_SYSTEM_MASK alloc
04-28 09:35:29.426 V/audio_hw_primary(  116): start_output_stream, line: 732
04-28 09:35:29.426 V/codec_audio_plan_one(  116): in normal mode, speaker on,****LINE:106,FUNC:set_normal_path
04-28 09:35:29.436 I/qtaguid (  450): Failed write_ctrl(s 1 10012) res=-1 errno=1
04-28 09:35:29.436 W/NetworkManagementSocketTagger(  450): setKernelCountSet(10012, 1) failed with errno -1
04-28 09:35:29.536 D/gralloc (  113): ION_HEAP_CARVEOUT_MASK alloc
04-28 09:35:29.536 D/gralloc (  113): ION_HEAP_CARVEOUT_MASK alloc
04-28 09:35:29.566 V/audio_hw_primary(  116): normal mode , speaker,****LINE:657,FUNC:select_output_device
04-28 09:35:29.566 V/audio_hw_primary(  116): start_output_stream: card:0, port:0, rate:44100
04-28 09:35:29.566 D/alsa_pcm(  116): pcm_open:,sparams.stop_threshold:1540, config->stop_threshold:0
04-28 09:35:29.566 V/audio_hw_primary(  116): do not use out resampler
04-28 09:35:29.676 D/gralloc (  113): ION_HEAP_CARVEOUT_MASK alloc
04-28 09:35:29.716 D/dalvikvm(  640): GC_CONCURRENT freed 716K, 11% free 6332K/7096K, paused 7ms+7ms, total 125ms
04-28 09:35:30.076 D/gralloc (  113): ION_HEAP_CARVEOUT_MASK alloc
04-28 09:35:30.086 I/qtaguid (  450): Failed write_ctrl(s 0 10048) res=-1 errno=1
04-28 09:35:30.086 W/NetworkManagementSocketTagger(  450): setKernelCountSet(10048, 0) failed with errno -1
04-28 09:35:30.096 W/SurfaceFlinger(  113): couldn't log to binary event log: overflow.
04-28 09:35:30.726 D/gralloc (  113): ION_HEAP_CARVEOUT_MASK alloc
04-28 09:35:31.246 I/ActivityManager(  450): START u0 {act=android.intent.action.MAIN cat=[android.intent.category.LAUNCHER] flg=0x10200000 cmp=com.google.android.music/com.android.music.activitymanagement.TopLevelActivity bnds=[505,895][585,975]} from pid 640
04-28 09:35:31.296 I/qtaguid (  450): Failed write_ctrl(s 1 10048) res=-1 errno=1
04-28 09:35:31.296 W/NetworkManagementSocketTagger(  450): setKernelCountSet(10048, 1) failed with errno -1
04-28 09:35:31.316 D/MusicBaseActivity( 2548): Bottom state changed: HIDDEN
04-28 09:35:31.326 D/gralloc (  113): ==USE CPU CACHE OP LLL usage = 0x933==
04-28 09:35:31.326 D/gralloc (  113): ION_HEAP_SYSTEM_MASK alloc
04-28 09:35:31.326 I/ActivityManager(  450): START u0 {flg=0x14000000 cmp=com.google.android.music/.tutorial.TutorialLaunchActivity} from pid 2548
04-28 09:35:31.376 D/gralloc (  113): ==USE CPU CACHE OP LLL usage = 0x933==
04-28 09:35:31.376 D/gralloc (  113): ION_HEAP_SYSTEM_MASK alloc
04-28 09:35:31.406 I/ActivityManager(  450): START u0 {flg=0x14000000 cmp=com.google.android.music/.tutorial.TutorialSelectAccountActivity (has extras)} from pid 1396
04-28 09:35:31.416 I/hwcomposer(  113): hwcdev_try_to_assign_pipe: We use not config memory
04-28 09:35:31.416 I/hwcomposer(  113): hwcdev_try_to_assign_pipe: We use not config memory
04-28 09:35:31.416 I/hwcomposer(  113): hwcdev_try_to_assign_pipe: We use not config memory
04-28 09:35:31.416 I/hwcomposer(  113): hwcdev_try_to_assign_pipe: We use not config memory
04-28 09:35:31.426 D/gralloc (  113): ION_HEAP_CARVEOUT_MASK alloc
04-28 09:35:31.426 D/gralloc (  113): ION_HEAP_CARVEOUT_MASK alloc
04-28 09:35:31.426 I/hwcomposer(  113): hwcdev_try_to_assign_pipe: We use not config memory
04-28 09:35:31.426 I/hwcomposer(  113): hwcdev_try_to_assign_pipe: We use not config memory
04-28 09:35:31.426 I/hwcomposer(  113): hwcdev_try_to_assign_pipe: We use not config memory
04-28 09:35:31.426 I/hwcomposer(  113): hwcdev_try_to_assign_pipe: We use not config memory
04-28 09:35:31.446 I/hwcomposer(  113): hwcdev_try_to_assign_pipe: We use not config memory
04-28 09:35:31.446 I/hwcomposer(  113): hwcdev_try_to_assign_pipe: We use not config memory
04-28 09:35:31.446 I/hwcomposer(  113): hwcdev_try_to_assign_pipe: We use not config memory
04-28 09:35:31.446 I/hwcomposer(  113): hwcdev_try_to_assign_pipe: We use not config memory
04-28 09:35:31.506 D/MusicPreferences( 1396): Set pref key AccountAutoSelectEnabled=false
04-28 09:35:31.526 I/InputDispatcher(  450): Dropping event because there is no touchable window at (504, 289).
04-28 09:35:31.536 D/gralloc (  113): ION_HEAP_CARVEOUT_MASK alloc
04-28 09:35:31.546 D/gralloc (  113): ION_HEAP_CARVEOUT_MASK alloc
04-28 09:35:31.546 D/gralloc (  113): ION_HEAP_CARVEOUT_MASK alloc
04-28 09:35:31.606 I/ActivityManager(  450): Displayed com.google.android.music/.tutorial.TutorialSelectAccountActivity: +169ms (total +335ms)
04-28 09:35:31.606 D/gralloc (  113): ION_HEAP_CARVEOUT_MASK alloc
04-28 09:35:31.656 I/qtaguid (  450): Failed write_ctrl(s 0 10012) res=-1 errno=1
04-28 09:35:31.656 W/NetworkManagementSocketTagger(  450): setKernelCountSet(10012, 0) failed with errno -1
04-28 09:35:31.736 D/BufferProgressListener( 2548): updateCurrentSong: null
04-28 09:35:31.756 D/dalvikvm( 2548): GC_CONCURRENT freed 106K, 3% free 5304K/5448K, paused 2ms+2ms, total 38ms
04-28 09:35:31.766 D/BufferProgressListener( 2548): updateCurrentSong: null
04-28 09:35:31.776 W/ActivityManager(  450): Unbind failed: could not find connection for android.os.BinderProxy@42126a58
04-28 09:35:34.396 D/audio_hw_primary(  116): out_standby
04-28 09:35:49.026 D/dalvikvm(  450): GC_FOR_ALLOC freed 907K, 12% free 8691K/9796K, paused 58ms, total 60ms
04-28 09:35:49.736 I/ActivityManager(  450): START u0 {act=android.intent.action.MAIN cat=[android.intent.category.HOME] flg=0x10200000 cmp=com.android.launcher/com.android.launcher2.Launcher} from pid 450
04-28 09:35:49.746 D/gralloc (  113): ==USE CPU CACHE OP LLL usage = 0x333==
04-28 09:35:49.746 D/gralloc (  113): ION_HEAP_SYSTEM_MASK alloc
04-28 09:35:49.756 V/audio_hw_primary(  116): start_output_stream, line: 732
04-28 09:35:49.756 V/codec_audio_plan_one(  116): in normal mode, speaker on,****LINE:106,FUNC:set_normal_path
04-28 09:35:49.776 I/qtaguid (  450): Failed write_ctrl(s 1 10012) res=-1 errno=1
04-28 09:35:49.776 W/NetworkManagementSocketTagger(  450): setKernelCountSet(10012, 1) failed with errno -1
04-28 09:35:49.856 D/gralloc (  113): ION_HEAP_CARVEOUT_MASK alloc
04-28 09:35:49.866 D/gralloc (  113): ION_HEAP_CARVEOUT_MASK alloc
04-28 09:35:49.906 V/audio_hw_primary(  116): normal mode , speaker,****LINE:657,FUNC:select_output_device
04-28 09:35:49.906 V/audio_hw_primary(  116): start_output_stream: card:0, port:0, rate:44100
04-28 09:35:49.906 D/alsa_pcm(  116): pcm_open:,sparams.stop_threshold:1540, config->stop_threshold:0
04-28 09:35:49.906 V/audio_hw_primary(  116): do not use out resampler
04-28 09:35:49.946 D/gralloc (  113): ION_HEAP_CARVEOUT_MASK alloc
04-28 09:35:50.366 W/SurfaceFlinger(  113): couldn't log to binary event log: overflow.
04-28 09:35:50.366 D/gralloc (  113): ION_HEAP_CARVEOUT_MASK alloc
04-28 09:35:50.376 I/qtaguid (  450): Failed write_ctrl(s 0 10048) res=-1 errno=1
04-28 09:35:50.376 W/NetworkManagementSocketTagger(  450): setKernelCountSet(10048, 0) failed with errno -1
04-28 09:35:50.376 D/gralloc (  113): ION_HEAP_CARVEOUT_MASK alloc
04-28 09:35:51.326 D/dalvikvm(  640): GC_CONCURRENT freed 577K, 12% free 6303K/7092K, paused 3ms+3ms, total 27ms
04-28 09:35:51.406 D/dalvikvm(  640): GC_FOR_ALLOC freed 74K, 9% free 6484K/7092K, paused 20ms, total 21ms
04-28 09:35:51.406 I/dalvikvm-heap(  640): Grow heap (frag case) to 6.528MB for 175168-byte allocation
04-28 09:35:51.426 D/dalvikvm(  640): GC_FOR_ALLOC freed 2K, 9% free 6653K/7264K, paused 20ms, total 20ms
04-28 09:35:51.476 D/dalvikvm(  640): GC_FOR_ALLOC freed 28K, 9% free 6831K/7436K, paused 22ms, total 22ms
04-28 09:35:51.566 D/dalvikvm(  640): GC_FOR_ALLOC freed 8K, 8% free 7005K/7608K, paused 22ms, total 22ms
04-28 09:35:51.586 D/dalvikvm(  640): GC_FOR_ALLOC freed 1K, 8% free 7176K/7780K, paused 21ms, total 21ms
04-28 09:35:51.626 D/dalvikvm(  640): GC_FOR_ALLOC freed 30K, 8% free 7520K/8124K, paused 23ms, total 23ms
04-28 09:35:51.676 D/dalvikvm(  640): GC_FOR_ALLOC freed 19K, 7% free 7883K/8468K, paused 20ms, total 20ms
04-28 09:35:51.716 D/dalvikvm(  640): GC_FOR_ALLOC freed 30K, 7% free 8385K/8984K, paused 21ms, total 21ms
04-28 09:35:51.776 D/dalvikvm(  640): GC_FOR_ALLOC freed 78K, 6% free 9096K/9672K, paused 22ms, total 24ms
04-28 09:35:53.746 D/audio_hw_primary(  116): out_standby
04-28 09:35:56.436 I/Icing   (  833): Not enough disk space for indexing trimmable
04-28 09:35:56.436 I/Icing   (  833): Cannot sync trimmable corpus: no trimmable
04-28 09:35:56.446 E/Icing   (  833): Aborting indexing of corpus D33C1178E7120FEAA92935618CDE2003050CEFE5
04-28 09:35:58.276 V/audio_hw_primary(  116): start_output_stream, line: 732
04-28 09:35:58.276 V/codec_audio_plan_one(  116): in normal mode, speaker on,****LINE:106,FUNC:set_normal_path
04-28 09:35:58.426 V/audio_hw_primary(  116): normal mode , speaker,****LINE:657,FUNC:select_output_device
04-28 09:35:58.426 V/audio_hw_primary(  116): start_output_stream: card:0, port:0, rate:44100
04-28 09:35:58.426 D/alsa_pcm(  116): pcm_open:,sparams.stop_threshold:1540, config->stop_threshold:0
04-28 09:35:58.426 V/audio_hw_primary(  116): do not use out resampler
04-28 09:36:02.296 D/audio_hw_primary(  116): out_standby
04-28 09:36:50.866 D/PowerManagerService(  450): mHoldBootFastWakeLock = true
04-28 09:36:52.126 D/dalvikvm(  450): GC_FOR_ALLOC freed 933K, 12% free 8701K/9816K, paused 60ms, total 61ms
04-28 09:37:50.866 D/PowerManagerService(  450): mHoldBootFastWakeLock = true
04-28 09:38:50.866 D/PowerManagerService(  450): mHoldBootFastWakeLock = true
04-28 09:38:57.486 D/dalvikvm(  450): GC_FOR_ALLOC freed 953K, 12% free 8704K/9816K, paused 63ms, total 64ms
04-28 09:39:50.866 D/PowerManagerService(  450): mHoldBootFastWakeLock = true
04-28 09:40:50.866 D/PowerManagerService(  450): mHoldBootFastWakeLock = true
04-28 09:40:58.296 D/dalvikvm(  450): GC_CONCURRENT freed 947K, 12% free 8722K/9836K, paused 3ms+4ms, total 72ms
04-28 09:41:50.866 D/PowerManagerService(  450): mHoldBootFastWakeLock = true
04-28 09:42:50.866 D/PowerManagerService(  450): mHoldBootFastWakeLock = true
04-28 09:42:57.416 D/dalvikvm(  450): GC_CONCURRENT freed 985K, 12% free 8704K/9848K, paused 3ms+5ms, total 62ms
04-28 09:43:23.526 I/ProcessStatsService(  450): Prepared write state in 8ms
04-28 09:43:23.536 I/ProcessStatsService(  450): Pruning old procstats: /data/system/procstats/state-2014-04-23-01-41-25.bin
04-28 09:43:23.716 D/GCM     (  853): Message class fog
04-28 09:43:23.726 D/ConnectivityService(  450): Sampling interval elapsed, updating statistics ..
04-28 09:43:23.726 D/ConnectivityService(  450): Done.
04-28 09:43:23.726 D/ConnectivityService(  450): Setting timer for 720seconds
04-28 09:43:24.216 D/ConnectivityService(  450): handleInetConditionHoldEnd: net=1, condition=100, published condition=100
04-28 09:43:50.866 D/PowerManagerService(  450): mHoldBootFastWakeLock = true
04-28 09:43:59.996 I/ActivityManager(  450): Killing 1118:com.android.onetimeinitializer/u0a15 (adj 15): empty for 1815s
04-28 09:43:59.996 I/ActivityManager(  450): Killing 1036:com.google.android.onetimeinitializer/u0a9 (adj 15): empty for 1827s
04-28 09:44:34.626 D/dalvikvm(  450): GC_CONCURRENT freed 955K, 12% free 8737K/9840K, paused 3ms+5ms, total 73ms
04-28 09:44:50.866 D/PowerManagerService(  450): mHoldBootFastWakeLock = true
04-28 09:44:59.996 I/ActivityManager(  450): Killing 1167:com.google.android.googlequicksearchbox:search/u0a20 (adj 15): empty for 1811s
04-28 09:44:59.996 I/ActivityManager(  450): Killing 888:com.google.android.partnersetup/u0a10 (adj 15): empty for 1812s
04-28 09:44:59.996 I/ActivityManager(  450): Killing 1004:com.google.android.gms.ui/u0a7 (adj 15): empty for 1812s
04-28 09:44:59.996 I/ActivityManager(  450): Killing 1319:android.process.acore/u0a2 (adj 15): empty for 1850s
04-28 09:44:59.996 I/ActivityManager(  450): Killing 1301:com.android.exchange/u0a33 (adj 15): empty for 1850s
04-28 09:45:01.056 I/EventLogService(  853): Aggregate from 1398647622995 (log), 1398647622995 (data)
04-28 09:45:01.056 I/ActivityManager(  450): Delay finish: com.google.android.gsf/.checkin.EventLogService$Receiver
04-28 09:45:01.086 I/ActivityManager(  450): Resuming delayed broadcast
04-28 09:45:50.866 D/PowerManagerService(  450): mHoldBootFastWakeLock = true
04-28 09:46:15.276 D/dalvikvm(  450): GC_CONCURRENT freed 988K, 12% free 8733K/9828K, paused 3ms+6ms, total 71ms
04-28 09:46:50.866 D/PowerManagerService(  450): mHoldBootFastWakeLock = true
04-28 09:47:50.866 D/PowerManagerService(  450): mHoldBootFastWakeLock = true
04-28 09:48:21.056 D/dalvikvm(  450): GC_CONCURRENT freed 996K, 12% free 8718K/9856K, paused 3ms+5ms, total 70ms
04-28 09:48:50.866 D/PowerManagerService(  450): mHoldBootFastWakeLock = true
04-28 09:49:01.406 D/PowerManagerService(  450): mHoldBootFastWakeLock = true
04-28 09:49:11.426 D/PowerManagerService(  450): mHoldBootFastWakeLock = true
04-28 09:49:42.706 D/gralloc (  113): ION_HEAP_CARVEOUT_MASK alloc
04-28 09:49:42.706 D/gralloc (  113): ION_HEAP_CARVEOUT_MASK alloc
04-28 09:49:42.746 I/ActivityManager(  450): START u0 {act=android.intent.action.MAIN cat=[android.intent.category.HOME] flg=0x10200000 cmp=com.android.launcher/com.android.launcher2.Launcher} from pid 450
04-28 09:49:42.766 V/audio_hw_primary(  116): start_output_stream, line: 732
04-28 09:49:42.766 V/codec_audio_plan_one(  116): in normal mode, speaker on,****LINE:106,FUNC:set_normal_path
04-28 09:49:42.896 D/gralloc (  113): ION_HEAP_CARVEOUT_MASK alloc
04-28 09:49:42.906 V/audio_hw_primary(  116): normal mode , speaker,****LINE:657,FUNC:select_output_device
04-28 09:49:42.906 V/audio_hw_primary(  116): start_output_stream: card:0, port:0, rate:44100
04-28 09:49:42.906 D/alsa_pcm(  116): pcm_open:,sparams.stop_threshold:1540, config->stop_threshold:0
04-28 09:49:42.906 V/audio_hw_primary(  116): do not use out resampler
04-28 09:49:43.036 W/InputMethodManagerService(  450): Window already focused, ignoring focus gain of: com.android.internal.view.IInputMethodClient$Stub$Proxy@4200ef88 attribute=null, token = android.os.BinderProxy@421041d8
04-28 09:49:46.836 I/ActivityManager(  450): START u0 {act=android.intent.action.MAIN cat=[android.intent.category.HOME] flg=0x10200000 cmp=com.android.launcher/com.android.launcher2.Launcher} from pid 450
04-28 09:49:47.986 I/wpa_supplicant(  511): wlan0: WPA: Group rekeying completed with a4:93:4c:b1:4a:5f [GTK=CCMP]
04-28 09:49:48.346 I/ActivityManager(  450): START u0 {act=android.intent.action.MAIN cat=[android.intent.category.HOME] flg=0x10200000 cmp=com.android.launcher/com.android.launcher2.Launcher} from pid 450
04-28 09:49:50.166 D/dalvikvm(  640): GC_CONCURRENT freed 773K, 9% free 9818K/10680K, paused 6ms+19ms, total 91ms
04-28 09:49:50.876 D/PowerManagerService(  450): mHoldBootFastWakeLock = true
04-28 09:49:51.806 D/dalvikvm(  450): GC_CONCURRENT freed 954K, 12% free 8735K/9844K, paused 4ms+20ms, total 189ms
04-28 09:49:53.376 D/audio_hw_primary(  116): out_standby
04-28 09:49:55.806 V/audio_hw_primary(  116): start_output_stream, line: 732
04-28 09:49:55.806 V/codec_audio_plan_one(  116): in normal mode, speaker on,****LINE:106,FUNC:set_normal_path
04-28 09:49:55.816 I/ActivityManager(  450): START u0 {act=android.intent.action.MAIN cat=[android.intent.category.LAUNCHER] flg=0x10200000 cmp=com.softwinner.explore/.Main} from pid 640
04-28 09:49:55.886 D/gralloc (  113): ==USE CPU CACHE OP LLL usage = 0x933==
04-28 09:49:55.886 D/gralloc (  113): ION_HEAP_SYSTEM_MASK alloc
04-28 09:49:55.916 I/ActivityManager(  450): Start proc com.softwinner.explore for activity com.softwinner.explore/.Main: pid=2824 uid=10035 gids={50035, 1028, 1015}
04-28 09:49:55.956 V/audio_hw_primary(  116): normal mode , speaker,****LINE:657,FUNC:select_output_device
04-28 09:49:55.956 V/audio_hw_primary(  116): start_output_stream: card:0, port:0, rate:44100
04-28 09:49:55.956 D/alsa_pcm(  116): pcm_open:,sparams.stop_threshold:1540, config->stop_threshold:0
04-28 09:49:55.956 V/audio_hw_primary(  116): do not use out resampler
04-28 09:49:55.956 I/dalvikvm( 2824): Enabling JNI app bug workarounds for target SDK version 10...
04-28 09:49:55.966 I/PackageManager(  450): Running dexopt on: com.softwinner.explore
04-28 09:49:56.356 D/dalvikvm( 2837): DexOpt: load 30ms, verify+opt 158ms, 521332 bytes
04-28 09:49:56.386 V/PhoneStatusBar(  516): setLightsOn(true)
04-28 09:49:56.386 I/qtaguid (  450): Failed write_ctrl(s 1 10035) res=-1 errno=1
04-28 09:49:56.386 W/NetworkManagementSocketTagger(  450): setKernelCountSet(10035, 1) failed with errno -1
04-28 09:49:56.396 I/qtaguid (  450): Failed write_ctrl(s 0 10012) res=-1 errno=1
04-28 09:49:56.396 W/NetworkManagementSocketTagger(  450): setKernelCountSet(10012, 0) failed with errno -1
04-28 09:49:56.416 I/hwcomposer(  113): hwcdev_try_to_assign_pipe: We use not config memory
04-28 09:49:56.416 I/hwcomposer(  113): hwcdev_try_to_assign_pipe: We use not config memory
04-28 09:49:56.416 I/hwcomposer(  113): hwcdev_try_to_assign_pipe: We use not config memory
04-28 09:49:56.416 I/hwcomposer(  113): hwcdev_try_to_assign_pipe: We use not config memory
04-28 09:49:56.426 I/hwcomposer(  113): hwcdev_try_to_assign_pipe: We use not config memory
04-28 09:49:56.426 I/hwcomposer(  113): hwcdev_try_to_assign_pipe: We use not config memory
04-28 09:49:56.426 I/hwcomposer(  113): hwcdev_try_to_assign_pipe: We use not config memory
04-28 09:49:56.426 I/hwcomposer(  113): hwcdev_try_to_assign_pipe: We use not config memory
04-28 09:49:56.446 I/hwcomposer(  113): hwcdev_try_to_assign_pipe: We use not config memory
04-28 09:49:56.446 I/hwcomposer(  113): hwcdev_try_to_assign_pipe: We use not config memory
04-28 09:49:56.446 I/hwcomposer(  113): hwcdev_try_to_assign_pipe: We use not config memory
04-28 09:49:56.446 I/hwcomposer(  113): hwcdev_try_to_assign_pipe: We use not config memory
04-28 09:49:56.466 I/hwcomposer(  113): hwcdev_try_to_assign_pipe: We use not config memory
04-28 09:49:56.466 I/hwcomposer(  113): hwcdev_try_to_assign_pipe: We use not config memory
04-28 09:49:56.466 I/hwcomposer(  113): hwcdev_try_to_assign_pipe: We use not config memory
04-28 09:49:56.466 I/hwcomposer(  113): hwcdev_try_to_assign_pipe: We use not config memory
04-28 09:49:56.476 I/hwcomposer(  113): hwcdev_try_to_assign_pipe: We use not config memory
04-28 09:49:56.476 I/hwcomposer(  113): hwcdev_try_to_assign_pipe: We use not config memory
04-28 09:49:56.476 I/hwcomposer(  113): hwcdev_try_to_assign_pipe: We use not config memory
04-28 09:49:56.476 I/hwcomposer(  113): hwcdev_try_to_assign_pipe: We use not config memory
04-28 09:49:56.496 I/hwcomposer(  113): hwcdev_try_to_assign_pipe: We use not config memory
04-28 09:49:56.496 I/hwcomposer(  113): hwcdev_try_to_assign_pipe: We use not config memory
04-28 09:49:56.496 I/hwcomposer(  113): hwcdev_try_to_assign_pipe: We use not config memory
04-28 09:49:56.496 I/hwcomposer(  113): hwcdev_try_to_assign_pipe: We use not config memory
04-28 09:49:56.516 I/hwcomposer(  113): hwcdev_try_to_assign_pipe: We use not config memory
04-28 09:49:56.516 I/hwcomposer(  113): hwcdev_try_to_assign_pipe: We use not config memory
04-28 09:49:56.516 I/hwcomposer(  113): hwcdev_try_to_assign_pipe: We use not config memory
04-28 09:49:56.516 I/hwcomposer(  113): hwcdev_try_to_assign_pipe: We use not config memory
04-28 09:49:56.516 D/dalvikvm( 2824): GC_CONCURRENT freed 57K, 2% free 4770K/4864K, paused 3ms+3ms, total 32ms
04-28 09:49:56.526 I/hwcomposer(  113): hwcdev_try_to_assign_pipe: We use not config memory
04-28 09:49:56.526 I/hwcomposer(  113): hwcdev_try_to_assign_pipe: We use not config memory
04-28 09:49:56.526 I/hwcomposer(  113): hwcdev_try_to_assign_pipe: We use not config memory
04-28 09:49:56.526 I/hwcomposer(  113): hwcdev_try_to_assign_pipe: We use not config memory
04-28 09:49:56.546 I/hwcomposer(  113): hwcdev_try_to_assign_pipe: We use not config memory
04-28 09:49:56.546 I/hwcomposer(  113): hwcdev_try_to_assign_pipe: We use not config memory
04-28 09:49:56.546 I/hwcomposer(  113): hwcdev_try_to_assign_pipe: We use not config memory
04-28 09:49:56.566 I/hwcomposer(  113): hwcdev_try_to_assign_pipe: We use not config memory
04-28 09:49:56.566 I/hwcomposer(  113): hwcdev_try_to_assign_pipe: We use not config memory
04-28 09:49:56.566 I/hwcomposer(  113): hwcdev_try_to_assign_pipe: We use not config memory
04-28 09:49:56.576 I/hwcomposer(  113): hwcdev_try_to_assign_pipe: We use not config memory
04-28 09:49:56.576 I/hwcomposer(  113): hwcdev_try_to_assign_pipe: We use not config memory
04-28 09:49:56.576 I/hwcomposer(  113): hwcdev_try_to_assign_pipe: We use not config memory
04-28 09:49:56.576 I/hwcomposer(  113): hwcdev_try_to_assign_pipe: We use not config memory
04-28 09:49:56.596 I/hwcomposer(  113): hwcdev_try_to_assign_pipe: We use not config memory
04-28 09:49:56.596 I/hwcomposer(  113): hwcdev_try_to_assign_pipe: We use not config memory
04-28 09:49:56.596 I/hwcomposer(  113): hwcdev_try_to_assign_pipe: We use not config memory
04-28 09:49:56.596 I/hwcomposer(  113): hwcdev_try_to_assign_pipe: We use not config memory
04-28 09:49:56.606 D/libEGL  ( 2824): loaded /system/lib/egl/libEGL_mali.so
04-28 09:49:56.606 D/libEGL  ( 2824): loaded /system/lib/egl/libGLESv1_CM_mali.so
04-28 09:49:56.616 I/hwcomposer(  113): hwcdev_try_to_assign_pipe: We use not config memory
04-28 09:49:56.616 I/hwcomposer(  113): hwcdev_try_to_assign_pipe: We use not config memory
04-28 09:49:56.616 I/hwcomposer(  113): hwcdev_try_to_assign_pipe: We use not config memory
04-28 09:49:56.616 I/hwcomposer(  113): hwcdev_try_to_assign_pipe: We use not config memory
04-28 09:49:56.616 D/libEGL  ( 2824): loaded /system/lib/egl/libGLESv2_mali.so
04-28 09:49:56.626 D/gralloc (  113): ION_HEAP_CARVEOUT_MASK alloc
04-28 09:49:56.636 I/hwcomposer(  113): hwcdev_try_to_assign_pipe: We use not config memory
04-28 09:49:56.636 I/hwcomposer(  113): hwcdev_try_to_assign_pipe: We use not config memory
04-28 09:49:56.636 I/hwcomposer(  113): hwcdev_try_to_assign_pipe: We use not config memory
04-28 09:49:56.636 I/hwcomposer(  113): hwcdev_try_to_assign_pipe: We use not config memory
04-28 09:49:56.636 I/hwcomposer(  113): hwcdev_try_to_assign_pipe: We use not config memory
04-28 09:49:56.636 I/hwcomposer(  113): hwcdev_try_to_assign_pipe: We use not config memory
04-28 09:49:56.636 I/hwcomposer(  113): hwcdev_try_to_assign_pipe: We use not config memory
04-28 09:49:56.636 D/gralloc (  113): ION_HEAP_CARVEOUT_MASK alloc
04-28 09:49:56.646 D/OpenGLRenderer( 2824): Enabling debug mode 0
04-28 09:49:56.646 I/hwcomposer(  113): hwcdev_try_to_assign_pipe: We use not config memory
04-28 09:49:56.646 I/hwcomposer(  113): hwcdev_try_to_assign_pipe: We use not config memory
04-28 09:49:56.646 I/hwcomposer(  113): hwcdev_try_to_assign_pipe: We use not config memory
04-28 09:49:56.646 I/hwcomposer(  113): hwcdev_try_to_assign_pipe: We use not config memory
04-28 09:49:56.646 I/hwcomposer(  113): hwcdev_try_to_assign_pipe: We use not config memory
04-28 09:49:56.646 I/hwcomposer(  113): hwcdev_try_to_assign_pipe: We use not config memory
04-28 09:49:56.646 I/hwcomposer(  113): hwcdev_try_to_assign_pipe: We use not config memory
04-28 09:49:56.656 D/chen    ( 2824): item  /mnt/sdcard
04-28 09:49:56.666 I/hwcomposer(  113): hwcdev_try_to_assign_pipe: We use not config memory
04-28 09:49:56.666 I/hwcomposer(  113): hwcdev_try_to_assign_pipe: We use not config memory
04-28 09:49:56.666 I/hwcomposer(  113): hwcdev_try_to_assign_pipe: We use not config memory
04-28 09:49:56.666 I/hwcomposer(  113): hwcdev_try_to_assign_pipe: We use not config memory
04-28 09:49:56.666 I/hwcomposer(  113): hwcdev_try_to_assign_pipe: We use not config memory
04-28 09:49:56.666 I/hwcomposer(  113): hwcdev_try_to_assign_pipe: We use not config memory
04-28 09:49:56.666 I/hwcomposer(  113): hwcdev_try_to_assign_pipe: We use not config memory
04-28 09:49:56.676 I/hwcomposer(  113): hwcdev_try_to_assign_pipe: We use not config memory
04-28 09:49:56.676 I/hwcomposer(  113): hwcdev_try_to_assign_pipe: We use not config memory
04-28 09:49:56.676 I/hwcomposer(  113): hwcdev_try_to_assign_pipe: We use not config memory
04-28 09:49:56.676 I/hwcomposer(  113): hwcdev_try_to_assign_pipe: We use not config memory
04-28 09:49:56.676 I/hwcomposer(  113): hwcdev_try_to_assign_pipe: We use not config memory
04-28 09:49:56.676 I/hwcomposer(  113): hwcdev_try_to_assign_pipe: We use not config memory
04-28 09:49:56.676 I/hwcomposer(  113): hwcdev_try_to_assign_pipe: We use not config memory
04-28 09:49:56.696 I/hwcomposer(  113): hwcdev_try_to_assign_pipe: We use not config memory
04-28 09:49:56.696 I/hwcomposer(  113): hwcdev_try_to_assign_pipe: We use not config memory
04-28 09:49:56.696 I/hwcomposer(  113): hwcdev_try_to_assign_pipe: We use not config memory
04-28 09:49:56.696 I/hwcomposer(  113): hwcdev_try_to_assign_pipe: We use not config memory
04-28 09:49:56.696 I/hwcomposer(  113): hwcdev_try_to_assign_pipe: We use not config memory
04-28 09:49:56.696 I/hwcomposer(  113): hwcdev_try_to_assign_pipe: We use not config memory
04-28 09:49:56.696 I/hwcomposer(  113): hwcdev_try_to_assign_pipe: We use not config memory
04-28 09:49:56.716 I/hwcomposer(  113): hwcdev_try_to_assign_pipe: We use not config memory
04-28 09:49:56.716 I/hwcomposer(  113): hwcdev_try_to_assign_pipe: We use not config memory
04-28 09:49:56.716 I/hwcomposer(  113): hwcdev_try_to_assign_pipe: We use not config memory
04-28 09:49:56.716 I/hwcomposer(  113): hwcdev_try_to_assign_pipe: We use not config memory
04-28 09:49:56.716 I/hwcomposer(  113): hwcdev_try_to_assign_pipe: We use not config memory
04-28 09:49:56.716 I/hwcomposer(  113): hwcdev_try_to_assign_pipe: We use not config memory
04-28 09:49:56.716 I/hwcomposer(  113): hwcdev_try_to_assign_pipe: We use not config memory
04-28 09:49:56.726 I/hwcomposer(  113): hwcdev_try_to_assign_pipe: We use not config memory
04-28 09:49:56.726 I/hwcomposer(  113): hwcdev_try_to_assign_pipe: We use not config memory
04-28 09:49:56.726 I/hwcomposer(  113): hwcdev_try_to_assign_pipe: We use not config memory
04-28 09:49:56.726 I/hwcomposer(  113): hwcdev_try_to_assign_pipe: We use not config memory
04-28 09:49:56.726 I/hwcomposer(  113): hwcdev_try_to_assign_pipe: We use not config memory
04-28 09:49:56.726 I/hwcomposer(  113): hwcdev_try_to_assign_pipe: We use not config memory
04-28 09:49:56.726 I/hwcomposer(  113): hwcdev_try_to_assign_pipe: We use not config memory
04-28 09:49:56.746 I/hwcomposer(  113): hwcdev_try_to_assign_pipe: We use not config memory
04-28 09:49:56.746 I/hwcomposer(  113): hwcdev_try_to_assign_pipe: We use not config memory
04-28 09:49:56.746 I/hwcomposer(  113): hwcdev_try_to_assign_pipe: We use not config memory
04-28 09:49:56.746 I/hwcomposer(  113): hwcdev_try_to_assign_pipe: We use not config memory
04-28 09:49:56.746 I/hwcomposer(  113): hwcdev_try_to_assign_pipe: We use not config memory
04-28 09:49:56.746 I/hwcomposer(  113): hwcdev_try_to_assign_pipe: We use not config memory
04-28 09:49:56.746 I/hwcomposer(  113): hwcdev_try_to_assign_pipe: We use not config memory
04-28 09:49:56.766 I/hwcomposer(  113): hwcdev_try_to_assign_pipe: We use not config memory
04-28 09:49:56.766 I/hwcomposer(  113): hwcdev_try_to_assign_pipe: We use not config memory
04-28 09:49:56.766 I/hwcomposer(  113): hwcdev_try_to_assign_pipe: We use not config memory
04-28 09:49:56.766 I/hwcomposer(  113): hwcdev_try_to_assign_pipe: We use not config memory
04-28 09:49:56.766 I/hwcomposer(  113): hwcdev_try_to_assign_pipe: We use not config memory
04-28 09:49:56.766 I/hwcomposer(  113): hwcdev_try_to_assign_pipe: We use not config memory
04-28 09:49:56.766 I/hwcomposer(  113): hwcdev_try_to_assign_pipe: We use not config memory
04-28 09:49:56.766 I/ActivityManager(  450): Displayed com.softwinner.explore/.Main: +868ms
04-28 09:49:56.786 D/gralloc (  113): ION_HEAP_CARVEOUT_MASK alloc
04-28 09:49:56.786 I/hwcomposer(  113): hwcdev_try_to_assign_pipe: We use not config memory
04-28 09:49:56.786 I/hwcomposer(  113): hwcdev_try_to_assign_pipe: We use not config memory
04-28 09:49:56.786 I/hwcomposer(  113): hwcdev_try_to_assign_pipe: We use not config memory
04-28 09:49:56.786 I/hwcomposer(  113): hwcdev_try_to_assign_pipe: We use not config memory
04-28 09:49:56.786 I/hwcomposer(  113): hwcdev_try_to_assign_pipe: We use not config memory
04-28 09:49:56.786 I/hwcomposer(  113): hwcdev_try_to_assign_pipe: We use not config memory
04-28 09:49:56.786 I/hwcomposer(  113): hwcdev_try_to_assign_pipe: We use not config memory
04-28 09:49:56.796 I/hwcomposer(  113): hwcdev_try_to_assign_pipe: We use not config memory
04-28 09:49:56.796 I/hwcomposer(  113): hwcdev_try_to_assign_pipe: We use not config memory
04-28 09:49:56.796 I/hwcomposer(  113): hwcdev_try_to_assign_pipe: We use not config memory
04-28 09:49:56.796 I/hwcomposer(  113): hwcdev_try_to_assign_pipe: We use not config memory
04-28 09:49:56.796 I/hwcomposer(  113): hwcdev_try_to_assign_pipe: We use not config memory
04-28 09:49:56.796 I/hwcomposer(  113): hwcdev_try_to_assign_pipe: We use not config memory
04-28 09:49:56.796 I/hwcomposer(  113): hwcdev_try_to_assign_pipe: We use not config memory
04-28 09:49:56.816 I/hwcomposer(  113): hwcdev_try_to_assign_pipe: We use not config memory
04-28 09:49:56.816 I/hwcomposer(  113): hwcdev_try_to_assign_pipe: We use not config memory
04-28 09:49:56.816 I/hwcomposer(  113): hwcdev_try_to_assign_pipe: We use not config memory
04-28 09:49:56.816 D/gralloc (  113): ION_HEAP_CARVEOUT_MASK alloc
04-28 09:49:56.826 I/hwcomposer(  113): hwcdev_try_to_assign_pipe: We use not config memory
04-28 09:49:56.826 I/hwcomposer(  113): hwcdev_try_to_assign_pipe: We use not config memory
04-28 09:49:56.826 I/hwcomposer(  113): hwcdev_try_to_assign_pipe: We use not config memory
04-28 09:49:56.826 I/hwcomposer(  113): hwcdev_try_to_assign_pipe: We use not config memory
04-28 09:49:56.826 I/hwcomposer(  113): hwcdev_try_to_assign_pipe: We use not config memory
04-28 09:49:56.846 I/hwcomposer(  113): hwcdev_try_to_assign_pipe: We use not config memory
04-28 09:49:56.846 I/hwcomposer(  113): hwcdev_try_to_assign_pipe: We use not config memory
04-28 09:49:56.846 I/hwcomposer(  113): hwcdev_try_to_assign_pipe: We use not config memory
04-28 09:49:56.846 I/hwcomposer(  113): hwcdev_try_to_assign_pipe: We use not config memory
04-28 09:49:56.846 I/hwcomposer(  113): hwcdev_try_to_assign_pipe: We use not config memory
04-28 09:49:56.866 I/hwcomposer(  113): hwcdev_try_to_assign_pipe: We use not config memory
04-28 09:49:56.866 I/hwcomposer(  113): hwcdev_try_to_assign_pipe: We use not config memory
04-28 09:49:56.866 I/hwcomposer(  113): hwcdev_try_to_assign_pipe: We use not config memory
04-28 09:49:56.866 I/hwcomposer(  113): hwcdev_try_to_assign_pipe: We use not config memory
04-28 09:49:56.866 I/hwcomposer(  113): hwcdev_try_to_assign_pipe: We use not config memory
04-28 09:49:56.876 I/hwcomposer(  113): hwcdev_try_to_assign_pipe: We use not config memory
04-28 09:49:56.876 I/hwcomposer(  113): hwcdev_try_to_assign_pipe: We use not config memory
04-28 09:49:56.876 I/hwcomposer(  113): hwcdev_try_to_assign_pipe: We use not config memory
04-28 09:49:56.876 I/hwcomposer(  113): hwcdev_try_to_assign_pipe: We use not config memory
04-28 09:49:56.876 I/hwcomposer(  113): hwcdev_try_to_assign_pipe: We use not config memory
04-28 09:49:56.896 I/hwcomposer(  113): hwcdev_try_to_assign_pipe: We use not config memory
04-28 09:49:56.896 I/hwcomposer(  113): hwcdev_try_to_assign_pipe: We use not config memory
04-28 09:49:56.896 I/hwcomposer(  113): hwcdev_try_to_assign_pipe: We use not config memory
04-28 09:49:56.896 I/hwcomposer(  113): hwcdev_try_to_assign_pipe: We use not config memory
04-28 09:49:56.896 I/hwcomposer(  113): hwcdev_try_to_assign_pipe: We use not config memory
04-28 09:49:56.916 I/hwcomposer(  113): hwcdev_try_to_assign_pipe: We use not config memory
04-28 09:49:56.916 I/hwcomposer(  113): hwcdev_try_to_assign_pipe: We use not config memory
04-28 09:49:56.916 I/hwcomposer(  113): hwcdev_try_to_assign_pipe: We use not config memory
04-28 09:49:56.916 I/hwcomposer(  113): hwcdev_try_to_assign_pipe: We use not config memory
04-28 09:49:56.916 I/hwcomposer(  113): hwcdev_try_to_assign_pipe: We use not config memory
04-28 09:49:56.926 I/hwcomposer(  113): hwcdev_try_to_assign_pipe: We use not config memory
04-28 09:49:56.926 I/hwcomposer(  113): hwcdev_try_to_assign_pipe: We use not config memory
04-28 09:49:56.926 I/hwcomposer(  113): hwcdev_try_to_assign_pipe: We use not config memory
04-28 09:49:56.926 I/hwcomposer(  113): hwcdev_try_to_assign_pipe: We use not config memory
04-28 09:49:56.926 I/hwcomposer(  113): hwcdev_try_to_assign_pipe: We use not config memory
04-28 09:49:56.946 I/hwcomposer(  113): hwcdev_try_to_assign_pipe: We use not config memory
04-28 09:49:56.946 I/hwcomposer(  113): hwcdev_try_to_assign_pipe: We use not config memory
04-28 09:49:56.946 I/hwcomposer(  113): hwcdev_try_to_assign_pipe: We use not config memory
04-28 09:49:56.946 I/hwcomposer(  113): hwcdev_try_to_assign_pipe: We use not config memory
04-28 09:49:56.946 I/hwcomposer(  113): hwcdev_try_to_assign_pipe: We use not config memory
04-28 09:49:56.966 I/hwcomposer(  113): hwcdev_try_to_assign_pipe: We use not config memory
04-28 09:49:56.966 I/hwcomposer(  113): hwcdev_try_to_assign_pipe: We use not config memory
04-28 09:49:56.966 I/hwcomposer(  113): hwcdev_try_to_assign_pipe: We use not config memory
04-28 09:49:56.966 I/hwcomposer(  113): hwcdev_try_to_assign_pipe: We use not config memory
04-28 09:49:56.966 I/hwcomposer(  113): hwcdev_try_to_assign_pipe: We use not config memory
04-28 09:49:57.786 D/chen    ( 2824): item  /mnt/sdcard
04-28 09:49:57.806 D/chen    ( 2824): item  Alarms
04-28 09:49:57.806 D/chen    ( 2824): item  Android
04-28 09:49:57.816 D/chen    ( 2824): item  camera_back_pic_video_switch_2014-04-25_09-02-53_dmesg.log
04-28 09:49:57.826 D/chen    ( 2824): item  camera_back_pic_video_switch_2014-04-25_09-02-53_logcat.log
04-28 09:49:57.836 D/chen    ( 2824): item  camera_back_pic_video_switch_2014-04-25_09-03-55_dmesg.log
04-28 09:49:57.846 D/chen    ( 2824): item  camera_back_pic_video_switch_2014-04-25_09-03-55_logcat.log
04-28 09:49:57.856 D/chen    ( 2824): item  camera_back_take_pic_2014-04-25_09-02-53_dmesg.log
04-28 09:49:57.866 D/chen    ( 2824): item  camera_back_take_pic_2014-04-25_09-02-53_logcat.log
04-28 09:49:57.876 D/chen    ( 2824): item  camera_back_take_pic_2014-04-25_09-03-55_dmesg.log
04-28 09:49:57.886 D/chen    ( 2824): item  camera_back_take_pic_2014-04-25_09-03-55_logcat.log
04-28 09:49:57.896 D/chen    ( 2824): item  camera_back_video_2014-04-25_09-02-53_dmesg.log
04-28 09:49:57.896 D/chen    ( 2824): item  camera_back_video_2014-04-25_09-02-53_logcat.log
04-28 09:49:57.906 D/chen    ( 2824): item  camera_back_video_2014-04-25_09-03-55_dmesg.log
04-28 09:49:57.916 D/chen    ( 2824): item  camera_back_video_2014-04-25_09-03-55_logcat.log
04-28 09:49:57.926 D/chen    ( 2824): item  camera_front_back_switch_take_pic_2014-04-25_09-03-55_dmesg.log
04-28 09:49:57.936 D/chen    ( 2824): item  camera_front_back_switch_take_pic_2014-04-25_09-03-55_logcat.log
04-28 09:49:57.936 D/chen    ( 2824): item  camera_front_back_switch_video_2014-04-25_09-03-55_dmesg.log
04-28 09:49:57.946 D/chen    ( 2824): item  camera_front_back_switch_video_2014-04-25_09-03-55_logcat.log
04-28 09:49:59.856 D/chen    ( 2824): item  camera_front_pic_video_switch_2014-04-25_09-03-55_dmesg.log
04-28 09:49:59.956 D/chen    ( 2824): item  camera_front_pic_video_switch_2014-04-25_09-03-55_logcat.log
04-28 09:50:00.936 D/audio_hw_primary(  116): out_standby
04-28 09:50:01.606 D/chen    ( 2824): item  DCIM
04-28 09:50:01.746 D/chen    ( 2824): item  Download
04-28 09:50:01.846 D/chen    ( 2824): item  LOST.DIR
04-28 09:50:01.866 D/dalvikvm( 2824): GC_CONCURRENT freed 125K, 4% free 5031K/5192K, paused 2ms+3ms, total 21ms
04-28 09:50:01.946 D/chen    ( 2824): item  Movies
04-28 09:50:02.176 D/chen    ( 2824): item  Music
04-28 09:50:03.206 D/chen    ( 2824): item  NanoHTTPD--1859373521
04-28 09:50:03.246 D/chen    ( 2824): item  NanoHTTPD--49873475
04-28 09:50:03.286 D/chen    ( 2824): item  Notifications
04-28 09:50:03.316 D/chen    ( 2824): item  Pictures
04-28 09:50:03.406 D/chen    ( 2824): item  Podcasts
04-28 09:50:03.526 D/chen    ( 2824): item  res
04-28 09:50:04.216 D/chen    ( 2824): item  Ringtones
04-28 09:50:04.246 D/chen    ( 2824): item  camera_front_back_switch_take_pic_2014-04-25_09-03-55_dmesg.log
04-28 09:50:04.936 D/chen    ( 2824): item  camera_back_video_2014-04-25_09-03-55_logcat.log
04-28 09:50:04.966 D/chen    ( 2824): item  camera_back_video_2014-04-25_09-03-55_dmesg.log
04-28 09:50:04.996 D/chen    ( 2824): item  camera_back_video_2014-04-25_09-02-53_logcat.log
04-28 09:50:05.066 D/chen    ( 2824): item  camera_back_video_2014-04-25_09-02-53_dmesg.log
04-28 09:50:05.556 D/chen    ( 2824): item  camera_back_take_pic_2014-04-25_09-03-55_logcat.log
