04-23 16:31:26.472 D/libEGL  (18268): loaded /system/lib/egl/libGLESv1_CM_mali.so
04-23 16:31:26.482 D/task    (  431): set pid ok!
04-23 16:31:26.482 D/libEGL  (18268): loaded /system/lib/egl/libGLESv2_mali.so
04-23 16:31:26.482 I/hwcomposer(  110): IMG_hwcdev_pipe_assign_status_t hwcdev_try_to_assign_pipe(SUNXI_hwcdev_context_t*, SUNXI_hwcdev_pipe_t*, hwc_layer_1_t*, int, int): We use not config memory
04-23 16:31:26.482 I/hwcomposer(  110): IMG_hwcdev_pipe_assign_status_t hwcdev_try_to_assign_pipe(SUNXI_hwcdev_context_t*, SUNXI_hwcdev_pipe_t*, hwc_layer_1_t*, int, int): We use not config memory
04-23 16:31:26.482 I/hwcomposer(  110): IMG_hwcdev_pipe_assign_status_t hwcdev_try_to_assign_pipe(SUNXI_hwcdev_context_t*, SUNXI_hwcdev_pipe_t*, hwc_layer_1_t*, int, int): We use not config memory
04-23 16:31:26.482 I/hwcomposer(  110): IMG_hwcdev_pipe_assign_status_t hwcdev_try_to_assign_pipe(SUNXI_hwcdev_context_t*, SUNXI_hwcdev_pipe_t*, hwc_layer_1_t*, int, int): We use not config memory
04-23 16:31:26.482 I/hwcomposer(  110): IMG_hwcdev_pipe_assign_status_t hwcdev_try_to_assign_pipe(SUNXI_hwcdev_context_t*, SUNXI_hwcdev_pipe_t*, hwc_layer_1_t*, int, int): We use not config memory
04-23 16:31:26.482 I/hwcomposer(  110): IMG_hwcdev_pipe_assign_status_t hwcdev_try_to_assign_pipe(SUNXI_hwcdev_context_t*, SUNXI_hwcdev_pipe_t*, hwc_layer_1_t*, int, int): We use not config memory
04-23 16:31:26.482 I/hwcomposer(  110): IMG_hwcdev_pipe_assign_status_t hwcdev_try_to_assign_pipe(SUNXI_hwcdev_context_t*, SUNXI_hwcdev_pipe_t*, hwc_layer_1_t*, int, int): We use not config memory
04-23 16:31:26.492 D/gralloc (  110): ION_HEAP_CARVEOUT_MASK alloc
04-23 16:31:26.502 D/gralloc (  110): ION_HEAP_CARVEOUT_MASK alloc
04-23 16:31:26.502 I/hwcomposer(  110): IMG_hwcdev_pipe_assign_status_t hwcdev_try_to_assign_pipe(SUNXI_hwcdev_context_t*, SUNXI_hwcdev_pipe_t*, hwc_layer_1_t*, int, int): We use not config memory
04-23 16:31:26.502 I/hwcomposer(  110): IMG_hwcdev_pipe_assign_status_t hwcdev_try_to_assign_pipe(SUNXI_hwcdev_context_t*, SUNXI_hwcdev_pipe_t*, hwc_layer_1_t*, int, int): We use not config memory
04-23 16:31:26.502 I/hwcomposer(  110): IMG_hwcdev_pipe_assign_status_t hwcdev_try_to_assign_pipe(SUNXI_hwcdev_context_t*, SUNXI_hwcdev_pipe_t*, hwc_layer_1_t*, int, int): We use not config memory
04-23 16:31:26.502 I/hwcomposer(  110): IMG_hwcdev_pipe_assign_status_t hwcdev_try_to_assign_pipe(SUNXI_hwcdev_context_t*, SUNXI_hwcdev_pipe_t*, hwc_layer_1_t*, int, int): We use not config memory
04-23 16:31:26.502 I/hwcomposer(  110): IMG_hwcdev_pipe_assign_status_t hwcdev_try_to_assign_pipe(SUNXI_hwcdev_context_t*, SUNXI_hwcdev_pipe_t*, hwc_layer_1_t*, int, int): We use not config memory
04-23 16:31:26.502 I/hwcomposer(  110): IMG_hwcdev_pipe_assign_status_t hwcdev_try_to_assign_pipe(SUNXI_hwcdev_context_t*, SUNXI_hwcdev_pipe_t*, hwc_layer_1_t*, int, int): We use not config memory
04-23 16:31:26.502 I/hwcomposer(  110): IMG_hwcdev_pipe_assign_status_t hwcdev_try_to_assign_pipe(SUNXI_hwcdev_context_t*, SUNXI_hwcdev_pipe_t*, hwc_layer_1_t*, int, int): We use not config memory
04-23 16:31:26.502 D/OpenGLRenderer(18268): Enabling debug mode 0
04-23 16:31:26.522 I/hwcomposer(  110): IMG_hwcdev_pipe_assign_status_t hwcdev_try_to_assign_pipe(SUNXI_hwcdev_context_t*, SUNXI_hwcdev_pipe_t*, hwc_layer_1_t*, int, int): We use not config memory
04-23 16:31:26.522 I/hwcomposer(  110): IMG_hwcdev_pipe_assign_status_t hwcdev_try_to_assign_pipe(SUNXI_hwcdev_context_t*, SUNXI_hwcdev_pipe_t*, hwc_layer_1_t*, int, int): We use not config memory
04-23 16:31:26.522 I/hwcomposer(  110): IMG_hwcdev_pipe_assign_status_t hwcdev_try_to_assign_pipe(SUNXI_hwcdev_context_t*, SUNXI_hwcdev_pipe_t*, hwc_layer_1_t*, int, int): We use not config memory
04-23 16:31:26.522 I/hwcomposer(  110): IMG_hwcdev_pipe_assign_status_t hwcdev_try_to_assign_pipe(SUNXI_hwcdev_context_t*, SUNXI_hwcdev_pipe_t*, hwc_layer_1_t*, int, int): We use not config memory
04-23 16:31:26.522 I/hwcomposer(  110): IMG_hwcdev_pipe_assign_status_t hwcdev_try_to_assign_pipe(SUNXI_hwcdev_context_t*, SUNXI_hwcdev_pipe_t*, hwc_layer_1_t*, int, int): We use not config memory
04-23 16:31:26.522 I/hwcomposer(  110): IMG_hwcdev_pipe_assign_status_t hwcdev_try_to_assign_pipe(SUNXI_hwcdev_context_t*, SUNXI_hwcdev_pipe_t*, hwc_layer_1_t*, int, int): We use not config memory
04-23 16:31:26.522 I/hwcomposer(  110): IMG_hwcdev_pipe_assign_status_t hwcdev_try_to_assign_pipe(SUNXI_hwcdev_context_t*, SUNXI_hwcdev_pipe_t*, hwc_layer_1_t*, int, int): We use not config memory
04-23 16:31:26.522 D/gralloc (  110): ION_HEAP_CARVEOUT_MASK alloc
04-23 16:31:26.532 D/gralloc (  110): ION_HEAP_CARVEOUT_MASK alloc
04-23 16:31:26.552 I/hwcomposer(  110): IMG_hwcdev_pipe_assign_status_t hwcdev_try_to_assign_pipe(SUNXI_hwcdev_context_t*, SUNXI_hwcdev_pipe_t*, hwc_layer_1_t*, int, int): We use not config memory
04-23 16:31:26.552 I/hwcomposer(  110): IMG_hwcdev_pipe_assign_status_t hwcdev_try_to_assign_pipe(SUNXI_hwcdev_context_t*, SUNXI_hwcdev_pipe_t*, hwc_layer_1_t*, int, int): We use not config memory
04-23 16:31:26.552 I/hwcomposer(  110): IMG_hwcdev_pipe_assign_status_t hwcdev_try_to_assign_pipe(SUNXI_hwcdev_context_t*, SUNXI_hwcdev_pipe_t*, hwc_layer_1_t*, int, int): We use not config memory
04-23 16:31:26.552 I/hwcomposer(  110): IMG_hwcdev_pipe_assign_status_t hwcdev_try_to_assign_pipe(SUNXI_hwcdev_context_t*, SUNXI_hwcdev_pipe_t*, hwc_layer_1_t*, int, int): We use not config memory
04-23 16:31:26.552 I/hwcomposer(  110): IMG_hwcdev_pipe_assign_status_t hwcdev_try_to_assign_pipe(SUNXI_hwcdev_context_t*, SUNXI_hwcdev_pipe_t*, hwc_layer_1_t*, int, int): We use not config memory
04-23 16:31:26.552 I/hwcomposer(  110): IMG_hwcdev_pipe_assign_status_t hwcdev_try_to_assign_pipe(SUNXI_hwcdev_context_t*, SUNXI_hwcdev_pipe_t*, hwc_layer_1_t*, int, int): We use not config memory
04-23 16:31:26.552 I/hwcomposer(  110): IMG_hwcdev_pipe_assign_status_t hwcdev_try_to_assign_pipe(SUNXI_hwcdev_context_t*, SUNXI_hwcdev_pipe_t*, hwc_layer_1_t*, int, int): We use not config memory
04-23 16:31:26.592 I/AwesomePlayer(  113): setDataSource_l(URL suppressed)
04-23 16:31:26.602 D/gralloc (  110): ION_HEAP_CARVEOUT_MASK alloc
04-23 16:31:26.602 I/hwcomposer(  110): IMG_hwcdev_pipe_assign_status_t hwcdev_try_to_assign_pipe(SUNXI_hwcdev_context_t*, SUNXI_hwcdev_pipe_t*, hwc_layer_1_t*, int, int): We use not config memory
04-23 16:31:26.602 I/hwcomposer(  110): IMG_hwcdev_pipe_assign_status_t hwcdev_try_to_assign_pipe(SUNXI_hwcdev_context_t*, SUNXI_hwcdev_pipe_t*, hwc_layer_1_t*, int, int): We use not config memory
04-23 16:31:26.602 I/hwcomposer(  110): IMG_hwcdev_pipe_assign_status_t hwcdev_try_to_assign_pipe(SUNXI_hwcdev_context_t*, SUNXI_hwcdev_pipe_t*, hwc_layer_1_t*, int, int): We use not config memory
04-23 16:31:26.602 I/hwcomposer(  110): IMG_hwcdev_pipe_assign_status_t hwcdev_try_to_assign_pipe(SUNXI_hwcdev_context_t*, SUNXI_hwcdev_pipe_t*, hwc_layer_1_t*, int, int): We use not config memory
04-23 16:31:26.602 I/hwcomposer(  110): IMG_hwcdev_pipe_assign_status_t hwcdev_try_to_assign_pipe(SUNXI_hwcdev_context_t*, SUNXI_hwcdev_pipe_t*, hwc_layer_1_t*, int, int): We use not config memory
04-23 16:31:26.602 I/hwcomposer(  110): IMG_hwcdev_pipe_assign_status_t hwcdev_try_to_assign_pipe(SUNXI_hwcdev_context_t*, SUNXI_hwcdev_pipe_t*, hwc_layer_1_t*, int, int): We use not config memory
04-23 16:31:26.602 I/hwcomposer(  110): IMG_hwcdev_pipe_assign_status_t hwcdev_try_to_assign_pipe(SUNXI_hwcdev_context_t*, SUNXI_hwcdev_pipe_t*, hwc_layer_1_t*, int, int): We use not config memory
04-23 16:31:26.602 I/ActivityManager(  431): Displayed com.antutu.ABenchMark/.ABenchMarkStart: +865ms
04-23 16:31:26.622 I/hwcomposer(  110): IMG_hwcdev_pipe_assign_status_t hwcdev_try_to_assign_pipe(SUNXI_hwcdev_context_t*, SUNXI_hwcdev_pipe_t*, hwc_layer_1_t*, int, int): We use not config memory
04-23 16:31:26.622 I/hwcomposer(  110): IMG_hwcdev_pipe_assign_status_t hwcdev_try_to_assign_pipe(SUNXI_hwcdev_context_t*, SUNXI_hwcdev_pipe_t*, hwc_layer_1_t*, int, int): We use not config memory
04-23 16:31:26.622 I/hwcomposer(  110): IMG_hwcdev_pipe_assign_status_t hwcdev_try_to_assign_pipe(SUNXI_hwcdev_context_t*, SUNXI_hwcdev_pipe_t*, hwc_layer_1_t*, int, int): We use not config memory
04-23 16:31:26.632 I/hwcomposer(  110): IMG_hwcdev_pipe_assign_status_t hwcdev_try_to_assign_pipe(SUNXI_hwcdev_context_t*, SUNXI_hwcdev_pipe_t*, hwc_layer_1_t*, int, int): We use not config memory
04-23 16:31:26.632 I/hwcomposer(  110): IMG_hwcdev_pipe_assign_status_t hwcdev_try_to_assign_pipe(SUNXI_hwcdev_context_t*, SUNXI_hwcdev_pipe_t*, hwc_layer_1_t*, int, int): We use not config memory
04-23 16:31:26.632 I/hwcomposer(  110): IMG_hwcdev_pipe_assign_status_t hwcdev_try_to_assign_pipe(SUNXI_hwcdev_context_t*, SUNXI_hwcdev_pipe_t*, hwc_layer_1_t*, int, int): We use not config memory
04-23 16:31:26.632 I/hwcomposer(  110): IMG_hwcdev_pipe_assign_status_t hwcdev_try_to_assign_pipe(SUNXI_hwcdev_context_t*, SUNXI_hwcdev_pipe_t*, hwc_layer_1_t*, int, int): We use not config memory
04-23 16:31:26.632 I/hwcomposer(  110): IMG_hwcdev_pipe_assign_status_t hwcdev_try_to_assign_pipe(SUNXI_hwcdev_context_t*, SUNXI_hwcdev_pipe_t*, hwc_layer_1_t*, int, int): We use not config memory
04-23 16:31:26.632 D/gralloc (  110): ION_HEAP_CARVEOUT_MASK alloc
04-23 16:31:26.632 I/hwcomposer(  110): IMG_hwcdev_pipe_assign_status_t hwcdev_try_to_assign_pipe(SUNXI_hwcdev_context_t*, SUNXI_hwcdev_pipe_t*, hwc_layer_1_t*, int, int): We use not config memory
04-23 16:31:26.632 I/hwcomposer(  110): IMG_hwcdev_pipe_assign_status_t hwcdev_try_to_assign_pipe(SUNXI_hwcdev_context_t*, SUNXI_hwcdev_pipe_t*, hwc_layer_1_t*, int, int): We use not config memory
04-23 16:31:26.632 I/hwcomposer(  110): IMG_hwcdev_pipe_assign_status_t hwcdev_try_to_assign_pipe(SUNXI_hwcdev_context_t*, SUNXI_hwcdev_pipe_t*, hwc_layer_1_t*, int, int): We use not config memory
04-23 16:31:26.632 I/hwcomposer(  110): IMG_hwcdev_pipe_assign_status_t hwcdev_try_to_assign_pipe(SUNXI_hwcdev_context_t*, SUNXI_hwcdev_pipe_t*, hwc_layer_1_t*, int, int): We use not config memory
04-23 16:31:26.632 I/hwcomposer(  110): IMG_hwcdev_pipe_assign_status_t hwcdev_try_to_assign_pipe(SUNXI_hwcdev_context_t*, SUNXI_hwcdev_pipe_t*, hwc_layer_1_t*, int, int): We use not config memory
04-23 16:31:26.632 I/hwcomposer(  110): IMG_hwcdev_pipe_assign_status_t hwcdev_try_to_assign_pipe(SUNXI_hwcdev_context_t*, SUNXI_hwcdev_pipe_t*, hwc_layer_1_t*, int, int): We use not config memory
04-23 16:31:26.662 I/hwcomposer(  110): IMG_hwcdev_pipe_assign_status_t hwcdev_try_to_assign_pipe(SUNXI_hwcdev_context_t*, SUNXI_hwcdev_pipe_t*, hwc_layer_1_t*, int, int): We use not config memory
04-23 16:31:26.662 I/hwcomposer(  110): IMG_hwcdev_pipe_assign_status_t hwcdev_try_to_assign_pipe(SUNXI_hwcdev_context_t*, SUNXI_hwcdev_pipe_t*, hwc_layer_1_t*, int, int): We use not config memory
04-23 16:31:26.662 I/hwcomposer(  110): IMG_hwcdev_pipe_assign_status_t hwcdev_try_to_assign_pipe(SUNXI_hwcdev_context_t*, SUNXI_hwcdev_pipe_t*, hwc_layer_1_t*, int, int): We use not config memory
04-23 16:31:26.662 I/hwcomposer(  110): IMG_hwcdev_pipe_assign_status_t hwcdev_try_to_assign_pipe(SUNXI_hwcdev_context_t*, SUNXI_hwcdev_pipe_t*, hwc_layer_1_t*, int, int): We use not config memory
04-23 16:31:26.662 I/hwcomposer(  110): IMG_hwcdev_pipe_assign_status_t hwcdev_try_to_assign_pipe(SUNXI_hwcdev_context_t*, SUNXI_hwcdev_pipe_t*, hwc_layer_1_t*, int, int): We use not config memory
04-23 16:31:26.662 I/hwcomposer(  110): IMG_hwcdev_pipe_assign_status_t hwcdev_try_to_assign_pipe(SUNXI_hwcdev_context_t*, SUNXI_hwcdev_pipe_t*, hwc_layer_1_t*, int, int): We use not config memory
04-23 16:31:26.662 I/hwcomposer(  110): IMG_hwcdev_pipe_assign_status_t hwcdev_try_to_assign_pipe(SUNXI_hwcdev_context_t*, SUNXI_hwcdev_pipe_t*, hwc_layer_1_t*, int, int): We use not config memory
04-23 16:31:26.662 I/hwcomposer(  110): IMG_hwcdev_pipe_assign_status_t hwcdev_try_to_assign_pipe(SUNXI_hwcdev_context_t*, SUNXI_hwcdev_pipe_t*, hwc_layer_1_t*, int, int): We use not config memory
04-23 16:31:26.662 I/hwcomposer(  110): IMG_hwcdev_pipe_assign_status_t hwcdev_try_to_assign_pipe(SUNXI_hwcdev_context_t*, SUNXI_hwcdev_pipe_t*, hwc_layer_1_t*, int, int): We use not config memory
04-23 16:31:26.662 I/hwcomposer(  110): IMG_hwcdev_pipe_assign_status_t hwcdev_try_to_assign_pipe(SUNXI_hwcdev_context_t*, SUNXI_hwcdev_pipe_t*, hwc_layer_1_t*, int, int): We use not config memory
04-23 16:31:26.662 I/hwcomposer(  110): IMG_hwcdev_pipe_assign_status_t hwcdev_try_to_assign_pipe(SUNXI_hwcdev_context_t*, SUNXI_hwcdev_pipe_t*, hwc_layer_1_t*, int, int): We use not config memory
04-23 16:31:26.692 I/hwcomposer(  110): IMG_hwcdev_pipe_assign_status_t hwcdev_try_to_assign_pipe(SUNXI_hwcdev_context_t*, SUNXI_hwcdev_pipe_t*, hwc_layer_1_t*, int, int): We use not config memory
04-23 16:31:26.692 I/hwcomposer(  110): IMG_hwcdev_pipe_assign_status_t hwcdev_try_to_assign_pipe(SUNXI_hwcdev_context_t*, SUNXI_hwcdev_pipe_t*, hwc_layer_1_t*, int, int): We use not config memory
04-23 16:31:26.692 I/hwcomposer(  110): IMG_hwcdev_pipe_assign_status_t hwcdev_try_to_assign_pipe(SUNXI_hwcdev_context_t*, SUNXI_hwcdev_pipe_t*, hwc_layer_1_t*, int, int): We use not config memory
04-23 16:31:26.692 I/hwcomposer(  110): IMG_hwcdev_pipe_assign_status_t hwcdev_try_to_assign_pipe(SUNXI_hwcdev_context_t*, SUNXI_hwcdev_pipe_t*, hwc_layer_1_t*, int, int): We use not config memory
04-23 16:31:26.692 I/AwesomePlayer(  113): setDataSource_l(URL suppressed)
04-23 16:31:26.702 I/hwcomposer(  110): IMG_hwcdev_pipe_assign_status_t hwcdev_try_to_assign_pipe(SUNXI_hwcdev_context_t*, SUNXI_hwcdev_pipe_t*, hwc_layer_1_t*, int, int): We use not config memory
04-23 16:31:26.702 I/hwcomposer(  110): IMG_hwcdev_pipe_assign_status_t hwcdev_try_to_assign_pipe(SUNXI_hwcdev_context_t*, SUNXI_hwcdev_pipe_t*, hwc_layer_1_t*, int, int): We use not config memory
04-23 16:31:26.702 I/hwcomposer(  110): IMG_hwcdev_pipe_assign_status_t hwcdev_try_to_assign_pipe(SUNXI_hwcdev_context_t*, SUNXI_hwcdev_pipe_t*, hwc_layer_1_t*, int, int): We use not config memory
04-23 16:31:26.702 I/hwcomposer(  110): IMG_hwcdev_pipe_assign_status_t hwcdev_try_to_assign_pipe(SUNXI_hwcdev_context_t*, SUNXI_hwcdev_pipe_t*, hwc_layer_1_t*, int, int): We use not config memory
04-23 16:31:26.712 I/CameraClient(  113): Opening camera 0
04-23 16:31:26.712 D/HALCameraFactory(  113): Calling process is: com.antutu.ABenchMark
04-23 16:31:26.712 D/V4L2CameraDevice(  113): V4L2CameraDevice::openCameraDev
04-23 16:31:26.732 I/hwcomposer(  110): IMG_hwcdev_pipe_assign_status_t hwcdev_try_to_assign_pipe(SUNXI_hwcdev_context_t*, SUNXI_hwcdev_pipe_t*, hwc_layer_1_t*, int, int): We use not config memory
04-23 16:31:26.732 I/hwcomposer(  110): IMG_hwcdev_pipe_assign_status_t hwcdev_try_to_assign_pipe(SUNXI_hwcdev_context_t*, SUNXI_hwcdev_pipe_t*, hwc_layer_1_t*, int, int): We use not config memory
04-23 16:31:26.732 I/hwcomposer(  110): IMG_hwcdev_pipe_assign_status_t hwcdev_try_to_assign_pipe(SUNXI_hwcdev_context_t*, SUNXI_hwcdev_pipe_t*, hwc_layer_1_t*, int, int): We use not config memory
04-23 16:31:26.732 I/hwcomposer(  110): IMG_hwcdev_pipe_assign_status_t hwcdev_try_to_assign_pipe(SUNXI_hwcdev_context_t*, SUNXI_hwcdev_pipe_t*, hwc_layer_1_t*, int, int): We use not config memory
04-23 16:31:26.752 I/hwcomposer(  110): IMG_hwcdev_pipe_assign_status_t hwcdev_try_to_assign_pipe(SUNXI_hwcdev_context_t*, SUNXI_hwcdev_pipe_t*, hwc_layer_1_t*, int, int): We use not config memory
04-23 16:31:26.752 I/hwcomposer(  110): IMG_hwcdev_pipe_assign_status_t hwcdev_try_to_assign_pipe(SUNXI_hwcdev_context_t*, SUNXI_hwcdev_pipe_t*, hwc_layer_1_t*, int, int): We use not config memory
04-23 16:31:26.752 I/hwcomposer(  110): IMG_hwcdev_pipe_assign_status_t hwcdev_try_to_assign_pipe(SUNXI_hwcdev_context_t*, SUNXI_hwcdev_pipe_t*, hwc_layer_1_t*, int, int): We use not config memory
04-23 16:31:26.752 I/hwcomposer(  110): IMG_hwcdev_pipe_assign_status_t hwcdev_try_to_assign_pipe(SUNXI_hwcdev_context_t*, SUNXI_hwcdev_pipe_t*, hwc_layer_1_t*, int, int): We use not config memory
04-23 16:31:26.762 I/hwcomposer(  110): IMG_hwcdev_pipe_assign_status_t hwcdev_try_to_assign_pipe(SUNXI_hwcdev_context_t*, SUNXI_hwcdev_pipe_t*, hwc_layer_1_t*, int, int): We use not config memory
04-23 16:31:26.762 I/hwcomposer(  110): IMG_hwcdev_pipe_assign_status_t hwcdev_try_to_assign_pipe(SUNXI_hwcdev_context_t*, SUNXI_hwcdev_pipe_t*, hwc_layer_1_t*, int, int): We use not config memory
04-23 16:31:26.762 I/hwcomposer(  110): IMG_hwcdev_pipe_assign_status_t hwcdev_try_to_assign_pipe(SUNXI_hwcdev_context_t*, SUNXI_hwcdev_pipe_t*, hwc_layer_1_t*, int, int): We use not config memory
04-23 16:31:26.772 I/qtaguid (  431): Failed write_ctrl(s 0 10011) res=-1 errno=1
04-23 16:31:26.772 W/NetworkManagementSocketTagger(  431): setKernelCountSet(10011, 0) failed with errno -1
04-23 16:31:26.782 I/hwcomposer(  110): IMG_hwcdev_pipe_assign_status_t hwcdev_try_to_assign_pipe(SUNXI_hwcdev_context_t*, SUNXI_hwcdev_pipe_t*, hwc_layer_1_t*, int, int): We use not config memory
04-23 16:31:26.782 I/hwcomposer(  110): IMG_hwcdev_pipe_assign_status_t hwcdev_try_to_assign_pipe(SUNXI_hwcdev_context_t*, SUNXI_hwcdev_pipe_t*, hwc_layer_1_t*, int, int): We use not config memory
04-23 16:31:26.782 I/hwcomposer(  110): IMG_hwcdev_pipe_assign_status_t hwcdev_try_to_assign_pipe(SUNXI_hwcdev_context_t*, SUNXI_hwcdev_pipe_t*, hwc_layer_1_t*, int, int): We use not config memory
04-23 16:31:26.782 I/hwcomposer(  110): IMG_hwcdev_pipe_assign_status_t hwcdev_try_to_assign_pipe(SUNXI_hwcdev_context_t*, SUNXI_hwcdev_pipe_t*, hwc_layer_1_t*, int, int): We use not config memory
04-23 16:31:26.792 I/hwcomposer(  110): IMG_hwcdev_pipe_assign_status_t hwcdev_try_to_assign_pipe(SUNXI_hwcdev_context_t*, SUNXI_hwcdev_pipe_t*, hwc_layer_1_t*, int, int): We use not config memory
04-23 16:31:26.792 I/hwcomposer(  110): IMG_hwcdev_pipe_assign_status_t hwcdev_try_to_assign_pipe(SUNXI_hwcdev_context_t*, SUNXI_hwcdev_pipe_t*, hwc_layer_1_t*, int, int): We use not config memory
04-23 16:31:26.792 I/hwcomposer(  110): IMG_hwcdev_pipe_assign_status_t hwcdev_try_to_assign_pipe(SUNXI_hwcdev_context_t*, SUNXI_hwcdev_pipe_t*, hwc_layer_1_t*, int, int): We use not config memory
04-23 16:31:26.792 I/hwcomposer(  110): IMG_hwcdev_pipe_assign_status_t hwcdev_try_to_assign_pipe(SUNXI_hwcdev_context_t*, SUNXI_hwcdev_pipe_t*, hwc_layer_1_t*, int, int): We use not config memory
04-23 16:31:26.812 I/hwcomposer(  110): IMG_hwcdev_pipe_assign_status_t hwcdev_try_to_assign_pipe(SUNXI_hwcdev_context_t*, SUNXI_hwcdev_pipe_t*, hwc_layer_1_t*, int, int): We use not config memory
04-23 16:31:26.812 I/hwcomposer(  110): IMG_hwcdev_pipe_assign_status_t hwcdev_try_to_assign_pipe(SUNXI_hwcdev_context_t*, SUNXI_hwcdev_pipe_t*, hwc_layer_1_t*, int, int): We use not config memory
04-23 16:31:26.812 I/hwcomposer(  110): IMG_hwcdev_pipe_assign_status_t hwcdev_try_to_assign_pipe(SUNXI_hwcdev_context_t*, SUNXI_hwcdev_pipe_t*, hwc_layer_1_t*, int, int): We use not config memory
04-23 16:31:26.812 I/hwcomposer(  110): IMG_hwcdev_pipe_assign_status_t hwcdev_try_to_assign_pipe(SUNXI_hwcdev_context_t*, SUNXI_hwcdev_pipe_t*, hwc_layer_1_t*, int, int): We use not config memory
04-23 16:31:26.842 E/V4L2CameraDevice(  113): VIDIOC_S_INPUT error!
04-23 16:31:26.862 E/V4L2CameraDevice(  113): AWHLABEL#camera#connectDevice:open-FAIL!
04-23 16:31:26.862 E/HALCameraFactory(  113): cameraDeviceOpen: Unable to connect camera
04-23 16:31:26.862 E/CameraClient(  113): Could not open camera 0: -22
04-23 16:31:26.862 E/CameraClient(  113): initialize: Camera 0: unable to initialize device: Invalid argument (-22)
04-23 16:31:26.862 I/CameraClient(  113): Destroying camera 0
04-23 16:31:26.862 W/AudioFlinger(  113): session id 168 not found for pid 18268
04-23 16:31:26.872 W/AudioFlinger(  113): session id 169 not found for pid 18268
04-23 16:31:26.872 W/CameraBase(18268): An error occurred while connecting to camera: 0
04-23 16:31:27.082 D/dalvikvm(18268): GC_CONCURRENT freed 302K, 6% free 5725K/6028K, paused 3ms+14ms, total 70ms
04-23 16:31:27.172 D/dalvikvm(18268): Trying to load lib /data/app-lib/com.antutu.ABenchMark-1/libabenchmark.so 0x419a11c8
04-23 16:31:27.172 D/dalvikvm(18268): Shared lib '/data/app-lib/com.antutu.ABenchMark-1/libabenchmark.so' already loaded in same CL 0x419a11c8
04-23 16:31:27.412 I/wpa_supplicant(  639): [CTRL_IFACE]wlan0: SIGNAL_POLL
04-23 16:31:28.102 D/gralloc (  110): ==USE CPU CACHE OP LLL usage = 0x333==
04-23 16:31:28.102 D/gralloc (  110): ION_HEAP_SYSTEM_MASK alloc
04-23 16:31:28.102 I/ActivityManager(  431): START u0 {cmp=com.antutu.ABenchMark/com.antutu.benchmark.activity.MainActivity} from pid 18268
04-23 16:31:28.182 D/dalvikvm(  431): GC_FOR_ALLOC freed 391K, 13% free 9489K/10820K, paused 51ms, total 51ms
04-23 16:31:28.282 D/dalvikvm(18268): GC_CONCURRENT freed 300K, 6% free 5838K/6172K, paused 1ms+2ms, total 18ms
04-23 16:31:28.372 V/SlidingMenu(18268): setting padding!
04-23 16:31:28.462 D/dalvikvm(18268): GC_CONCURRENT freed 191K, 4% free 6096K/6324K, paused 2ms+1ms, total 19ms
04-23 16:31:28.572 D/dalvikvm(18268): GC_CONCURRENT freed 204K, 5% free 6370K/6640K, paused 6ms+4ms, total 29ms
04-23 16:31:28.642 I/AssetsDatabase(18268): Create database devinfo
04-23 16:31:28.672 D/UIAutomatorStub(18199): URI: /jsonrpc/0, Method: POST, Header: {content-type=application/json, connection=close, remote-addr=127.0.0.1, host=localhost:9008, content-length=175, http-client-ip=127.0.0.1, user-agent=Python-urllib/2.7, accept-encoding=identity}, params, {NanoHttpd.QUERY_STRING={"params": [{"childOrSiblingSelector": [], "text": "Try Now", "mask": 1, "childOrSibling": []}], "jsonrpc": "2.0", "method": "exist", "id": "00506aa82ec1a2920dbe6c7bc54d02ac"}, {"params": [{"childOrSiblingSelector": [], "text": "Try Now", "mask": 1, "childOrSibling": []}], "jsonrpc": "2.0", "method": "exist", "id": "00506aa82ec1a2920dbe6c7bc54d02ac"}=}, files: {}
04-23 16:31:28.722 D/audio_hw_primary(  113): out_standby
04-23 16:31:28.772 D/dalvikvm(18268): GC_CONCURRENT freed 363K, 6% free 6574K/6972K, paused 3ms+2ms, total 20ms
04-23 16:31:28.982 D/gralloc (  110): ION_HEAP_CARVEOUT_MASK alloc
04-23 16:31:28.992 D/gralloc (  110): ION_HEAP_CARVEOUT_MASK alloc
04-23 16:31:29.052 V/CustomViewBehind(18268): behind INVISIBLE
04-23 16:31:29.392 D/dalvikvm(18268): GC_CONCURRENT freed 249K, 4% free 6961K/7236K, paused 3ms+3ms, total 52ms
04-23 16:31:29.922 I/ActivityManager(  431): Start proc com.android.defcontainer for service com.android.defcontainer/.DefaultContainerService: pid=18410 uid=10003 gids={50003, 1028, 1015, 1023, 2001, 1035}
04-23 16:31:29.932 I/Choreographer(18268): Skipped 93 frames!  The application may be doing too much work on its main thread.
04-23 16:31:30.102 I/ActivityManager(  431): Displayed com.antutu.ABenchMark/com.antutu.benchmark.activity.MainActivity: +1s910ms
04-23 16:31:30.352 D/gralloc (  110): ION_HEAP_CARVEOUT_MASK alloc
04-23 16:31:30.412 I/wpa_supplicant(  639): [CTRL_IFACE]wlan0: SIGNAL_POLL
04-23 16:31:30.472 D/dalvikvm(18268): GC_CONCURRENT freed 370K, 6% free 7345K/7748K, paused 1ms+9ms, total 52ms
04-23 16:31:30.692 D/gralloc (  110): ION_HEAP_CARVEOUT_MASK alloc
04-23 16:31:30.692 V/SlidingMenu(18268): setting padding!
04-23 16:31:30.902 D/DynamicPowerPolicyChangeThread(  431): set policy performance, temp=87.0
04-23 16:31:31.182 I/PowerManagerService(  431): Going to sleep by user request...
04-23 16:31:31.592 D/UIAutomatorStub(18199): URI: /jsonrpc/0, Method: POST, Header: {content-type=application/json, connection=close, remote-addr=127.0.0.1, host=localhost:9008, content-length=211, http-client-ip=127.0.0.1, user-agent=Python-urllib/2.7, accept-encoding=identity}, params, {NanoHttpd.QUERY_STRING={"params": [{"childOrSiblingSelector": [], "className": "android.widget.Button", "text": "Test", "mask": 17, "childOrSibling": []}], "jsonrpc": "2.0", "method": "exist", "id": "2a4c23496d8c53e95d543968009d5c8c"}, {"params": [{"childOrSiblingSelector": [], "className": "android.widget.Button", "text": "Test", "mask": 17, "childOrSibling": []}], "jsonrpc": "2.0", "method": "exist", "id": "2a4c23496d8c53e95d543968009d5c8c"}=}, files: {}
04-23 16:31:31.622 D/SurfaceFlinger(  110): Screen released, type=0 flinger=0x40390008
04-23 16:31:31.632 D/gralloc (  110): ==USE CPU CACHE OP LLL usage = 0x333==
04-23 16:31:31.632 D/gralloc (  110): ION_HEAP_SYSTEM_MASK alloc
04-23 16:31:31.702 D/dalvikvm(  431): GC_FOR_ALLOC freed 599K, 13% free 9490K/10820K, paused 64ms, total 64ms
04-23 16:31:31.762 D/dalvikvm(  431): GC_FOR_ALLOC freed 203K, 13% free 9470K/10820K, paused 56ms, total 56ms
04-23 16:31:31.782 I/wpa_supplicant(  639): [CTRL_IFACE]wlan0: DRIVER SETSUSPENDMODE 1
04-23 16:31:31.792 V/audio_hw_primary(  113): adev_set_parameters, screen_state=off
04-23 16:31:31.792 I/qtaguid (  431): Failed write_ctrl(s 0 10076) res=-1 errno=1
04-23 16:31:31.792 W/NetworkManagementSocketTagger(  431): setKernelCountSet(10076, 0) failed with errno -1
04-23 16:31:31.842 D/dalvikvm(18268): GC_CONCURRENT freed 625K, 8% free 7708K/8368K, paused 5ms+4ms, total 49ms
04-23 16:31:32.022 D/PowerManagerService-JNI(  431): Excessive delay in autosuspend_enable() while turning screen off: 391ms
04-23 16:31:32.112 V/KeyguardServiceDelegate(  431): onScreenTurnedOn(showListener = com.android.internal.policy.impl.PhoneWindowManager$18@41e2a2c8)
04-23 16:31:32.112 I/PowerManagerService(  431): Waking up from sleep...
04-23 16:31:32.122 V/KeyguardServiceDelegate(  431): **** SHOWN CALLED ****
04-23 16:31:32.122 I/WindowManager(  431): No lock screen! windowToken=null
04-23 16:31:32.132 D/SurfaceFlinger(  110): Screen acquired, type=0 flinger=0x40390008
04-23 16:31:32.162 I/wpa_supplicant(  639): [CTRL_IFACE]wlan0: SIGNAL_POLL
04-23 16:31:32.162 I/wpa_supplicant(  639): [CTRL_IFACE]wlan0: DRIVER SETSUSPENDMODE 0
04-23 16:31:32.242 V/audio_hw_primary(  113): adev_set_parameters, screen_state=on
04-23 16:31:32.252 I/qtaguid (  431): Failed write_ctrl(s 1 10076) res=-1 errno=1
04-23 16:31:32.252 W/NetworkManagementSocketTagger(  431): setKernelCountSet(10076, 1) failed with errno -1
04-23 16:31:32.412 D/UIAutomatorStub(18199): URI: /jsonrpc/0, Method: POST, Header: {content-type=application/json, connection=close, remote-addr=127.0.0.1, host=localhost:9008, content-length=178, http-client-ip=127.0.0.1, user-agent=Python-urllib/2.7, accept-encoding=identity}, params, {NanoHttpd.QUERY_STRING={"params": [{"childOrSiblingSelector": [], "text": "Test Again", "mask": 1, "childOrSibling": []}], "jsonrpc": "2.0", "method": "click", "id": "3b9cb72ef26276c4bdee1baaee279e09"}, {"params": [{"childOrSiblingSelector": [], "text": "Test Again", "mask": 1, "childOrSibling": []}], "jsonrpc": "2.0", "method": "click", "id": "3b9cb72ef26276c4bdee1baaee279e09"}=}, files: {}
04-23 16:31:32.522 D/dalvikvm(18199): GC_FOR_ALLOC freed 3981K, 78% free 1137K/5120K, paused 17ms, total 17ms
04-23 16:31:32.532 I/QueryController(18199): Matched selector: UiSelector[TEXT=Test Again] <<==>> [android.view.accessibility.AccessibilityNodeInfo@d6da; boundsInParent: Rect(0, 0 - 372, 45); boundsInScreen: Rect(12, 308 - 384, 353); packageName: com.antutu.ABenchMark; className: android.widget.Button; text: Test Again; contentDescription: null; viewIdResName: com.antutu.ABenchMark:id/test_btn; checkable: false; checked: false; focusable: true; focused: false; selected: false; clickable: true; longClickable: false; enabled: true; password: false; scrollable: false; [ACTION_FOCUS, ACTION_SELECT, ACTION_CLEAR_SELECTION, ACTION_CLICK, ACTION_ACCESSIBILITY_FOCUS, ACTION_NEXT_AT_MOVEMENT_GRANULARITY, ACTION_PREVIOUS_AT_MOVEMENT_GRANULARITY, ACTION_SET_SELECTION]]
04-23 16:31:32.532 D/InteractionController(18199): clickAndSync(198, 330)
04-23 16:31:32.662 I/PowerManagerService(  431): Going to sleep by user request...
04-23 16:31:32.682 V/audio_hw_primary(  113): start_output_stream, line: 732
04-23 16:31:32.682 V/codec_audio_pad(  113): in normal mode, headset or speaker on,****LINE:112,FUNC:set_normal_path
04-23 16:31:32.682 I/ActivityManager(  431): START u0 {flg=0x4000000 cmp=com.antutu.ABenchMark/com.antutu.benchmark.activity.IndependentActivity (has extras)} from pid 18268
04-23 16:31:32.842 V/audio_hw_primary(  113): normal mode , speaker,****LINE:657,FUNC:select_output_device
04-23 16:31:32.842 V/audio_hw_primary(  113): start_output_stream: card:0, port:0, rate:44100
04-23 16:31:32.842 D/alsa_pcm(  113): pcm_open:,sparams.stop_threshold:1540, config->stop_threshold:0
04-23 16:31:32.842 V/audio_hw_primary(  113): do not use out resampler
04-23 16:31:32.872 D/dalvikvm(18268): GC_FOR_ALLOC freed 217K, 7% free 8027K/8616K, paused 32ms, total 32ms
04-23 16:31:33.002 D/gralloc (  110): ION_HEAP_CARVEOUT_MASK alloc
04-23 16:31:33.022 D/gralloc (  110): ION_HEAP_CARVEOUT_MASK alloc
04-23 16:31:33.122 W/ResourceType(  431): Skipping entry 0x7f040003 in package table 0 because it is not complex!
04-23 16:31:33.132 W/ResourceType(  431): Skipping entry 0x7f040006 in package table 0 because it is not complex!
04-23 16:31:33.132 D/UIAutomatorStub(18199): URI: /jsonrpc/0, Method: POST, Header: {content-type=application/json, connection=close, remote-addr=127.0.0.1, host=localhost:9008, content-length=172, http-client-ip=127.0.0.1, user-agent=Python-urllib/2.7, accept-encoding=identity}, params, {NanoHttpd.QUERY_STRING={"params": [{"childOrSiblingSelector": [], "text": "Test", "mask": 1, "childOrSibling": []}], "jsonrpc": "2.0", "method": "click", "id": "1f023f4e279641310a46daf151591d04"}, {"params": [{"childOrSiblingSelector": [], "text": "Test", "mask": 1, "childOrSibling": []}], "jsonrpc": "2.0", "method": "click", "id": "1f023f4e279641310a46daf151591d04"}=}, files: {}
04-23 16:31:33.152 D/gralloc (  110): ==USE CPU CACHE OP LLL usage = 0x333==
04-23 16:31:33.162 D/gralloc (  110): ION_HEAP_SYSTEM_MASK alloc
04-23 16:31:33.162 D/gralloc (  110): ION_HEAP_CARVEOUT_MASK alloc
04-23 16:31:33.162 D/SurfaceFlinger(  110): Screen released, type=0 flinger=0x40390008
04-23 16:31:33.222 D/dalvikvm(  431): GC_FOR_ALLOC freed 293K, 13% free 9493K/10820K, paused 56ms, total 57ms
04-23 16:31:33.282 D/dalvikvm(  431): GC_FOR_ALLOC freed 202K, 13% free 9473K/10820K, paused 52ms, total 52ms
04-23 16:31:33.322 I/wpa_supplicant(  639): [CTRL_IFACE]wlan0: DRIVER SETSUSPENDMODE 1
04-23 16:31:33.322 V/audio_hw_primary(  113): adev_set_parameters, screen_state=off
04-23 16:31:33.332 I/qtaguid (  431): Failed write_ctrl(s 0 10076) res=-1 errno=1
04-23 16:31:33.332 W/NetworkManagementSocketTagger(  431): setKernelCountSet(10076, 0) failed with errno -1
04-23 16:31:33.352 V/KeyguardServiceDelegate(  431): onScreenTurnedOn(showListener = com.android.internal.policy.impl.PhoneWindowManager$18@41e99398)
04-23 16:31:33.352 V/KeyguardServiceDelegate(  431): **** SHOWN CALLED ****
04-23 16:31:33.352 I/PowerManagerService(  431): Waking up from sleep...
04-23 16:31:33.362 I/WindowManager(  431): No lock screen! windowToken=null
04-23 16:31:33.392 D/gralloc (  110): ION_HEAP_CARVEOUT_MASK alloc
04-23 16:31:33.412 I/wpa_supplicant(  639): [CTRL_IFACE]wlan0: SIGNAL_POLL
04-23 16:31:33.412 I/wpa_supplicant(  639): [CTRL_IFACE]wlan0: DRIVER SETSUSPENDMODE 0
04-23 16:31:33.412 V/audio_hw_primary(  113): adev_set_parameters, screen_state=on
04-23 16:31:33.422 I/qtaguid (  431): Failed write_ctrl(s 1 10076) res=-1 errno=1
04-23 16:31:33.422 W/NetworkManagementSocketTagger(  431): setKernelCountSet(10076, 1) failed with errno -1
04-23 16:31:33.472 D/dalvikvm(  491): GC_CONCURRENT freed 766K, 73% free 6455K/23892K, paused 2ms+4ms, total 36ms
04-23 16:31:33.472 D/dalvikvm(  491): WAIT_FOR_CONCURRENT_GC blocked 13ms
04-23 16:31:33.622 D/PowerManagerService-JNI(  431): Excessive delay in autosuspend_enable() while turning screen off: 390ms
04-23 16:31:33.622 D/SurfaceFlinger(  110): Screen acquired, type=0 flinger=0x40390008
04-23 16:31:33.792 I/QueryController(18199): Matched selector: UiSelector[TEXT=Test] <<==>> [android.view.accessibility.AccessibilityNodeInfo@35145; boundsInParent: Rect(0, 0 - 79, 53); boundsInScreen: Rect(344, 233 - 423, 286); packageName: com.antutu.ABenchMark; className: android.widget.TextView; text: Test; contentDescription: null; viewIdResName: com.antutu.ABenchMark:id/start_test_text; checkable: false; checked: false; focusable: false; focused: false; selected: false; clickable: false; longClickable: false; enabled: true; password: false; scrollable: false; [ACTION_SELECT, ACTION_CLEAR_SELECTION, ACTION_ACCESSIBILITY_FOCUS, ACTION_NEXT_AT_MOVEMENT_GRANULARITY, ACTION_PREVIOUS_AT_MOVEMENT_GRANULARITY, ACTION_SET_SELECTION]]
04-23 16:31:33.852 D/InteractionController(18199): clickAndSync(383, 259)
04-23 16:31:33.992 W/Settings(18268): Setting always_finish_activities has moved from android.provider.Settings.System to android.provider.Settings.Global, returning read-only value.
04-23 16:31:34.002 I/ActivityManager(  431): START u0 {flg=0x14000000 cmp=com.antutu.ABenchMark/com.antutu.benchmark.activity.ScoreBenchActivity (has extras)} from pid 18268
04-23 16:31:34.112 D/dalvikvm(18268): GC_CONCURRENT freed 713K, 8% free 8535K/9260K, paused 4ms+5ms, total 64ms
04-23 16:31:34.282 D/gralloc (  110): ION_HEAP_CARVEOUT_MASK alloc
04-23 16:31:34.292 D/gralloc (  110): ION_HEAP_CARVEOUT_MASK alloc
04-23 16:31:34.312 E/BitmapFactory(18268): Unable to decode stream: java.io.FileNotFoundException: /: open failed: EISDIR (Is a directory)
04-23 16:31:34.372 I/ActivityManager(  431): Displayed com.antutu.ABenchMark/com.antutu.benchmark.activity.ScoreBenchActivity: +350ms (total +1s680ms)
04-23 16:31:34.392 D/UIAutomatorStub(18199): URI: /jsonrpc/0, Method: POST, Header: {content-type=application/json, connection=close, remote-addr=127.0.0.1, host=localhost:9008, content-length=172, http-client-ip=127.0.0.1, user-agent=Python-urllib/2.7, accept-encoding=identity}, params, {{"params": [{"childOrSiblingSelector": [], "text": "Show", "mask": 1, "childOrSibling": []}], "jsonrpc": "2.0", "method": "exist", "id": "2597604477f62e142bc4da1f00606cec"}=, NanoHttpd.QUERY_STRING={"params": [{"childOrSiblingSelector": [], "text": "Show", "mask": 1, "childOrSibling": []}], "jsonrpc": "2.0", "method": "exist", "id": "2597604477f62e142bc4da1f00606cec"}}, files: {}
04-23 16:31:34.402 D/dalvikvm(18199): GC_CONCURRENT freed 450K, 79% free 1082K/5120K, paused 1ms+1ms, total 10ms
04-23 16:31:34.752 E/ActivityThread(18268): Activity com.antutu.benchmark.activity.IndependentActivity has leaked IntentReceiver com.antutu.benchmark.d.bs@41cb2ca0 that was originally registered here. Are you missing a call to unregisterReceiver()?
04-23 16:31:34.752 E/ActivityThread(18268): android.app.IntentReceiverLeaked: Activity com.antutu.benchmark.activity.IndependentActivity has leaked IntentReceiver com.antutu.benchmark.d.bs@41cb2ca0 that was originally registered here. Are you missing a call to unregisterReceiver()?
04-23 16:31:34.752 E/ActivityThread(18268): 	at android.app.LoadedApk$ReceiverDispatcher.<init>(LoadedApk.java:810)
04-23 16:31:34.752 E/ActivityThread(18268): 	at android.app.LoadedApk.getReceiverDispatcher(LoadedApk.java:606)
04-23 16:31:34.752 E/ActivityThread(18268): 	at android.app.ContextImpl.registerReceiverInternal(ContextImpl.java:1430)
04-23 16:31:34.752 E/ActivityThread(18268): 	at android.app.ContextImpl.registerReceiver(ContextImpl.java:1410)
04-23 16:31:34.752 E/ActivityThread(18268): 	at android.app.ContextImpl.registerReceiver(ContextImpl.java:1404)
04-23 16:31:34.752 E/ActivityThread(18268): 	at android.content.ContextWrapper.registerReceiver(ContextWrapper.java:467)
04-23 16:31:34.752 E/ActivityThread(18268): 	at com.antutu.benchmark.d.br.j(Unknown Source)
04-23 16:31:34.752 E/ActivityThread(18268): 	at android.support.v4.app.Fragment.t(Unknown Source)
04-23 16:31:34.752 E/ActivityThread(18268): 	at android.support.v4.app.p.a(Unknown Source)
04-23 16:31:34.752 E/ActivityThread(18268): 	at android.support.v4.app.p.a(Unknown Source)
04-23 16:31:34.752 E/ActivityThread(18268): 	at android.support.v4.app.p.a(Unknown Source)
04-23 16:31:34.752 E/ActivityThread(18268): 	at android.support.v4.app.p.l(Unknown Source)
04-23 16:31:34.752 E/ActivityThread(18268): 	at android.support.v4.app.h.onStart(Unknown Source)
04-23 16:31:34.752 E/ActivityThread(18268): 	at android.app.Instrumentation.callActivityOnStart(Instrumentation.java:1171)
04-23 16:31:34.752 E/ActivityThread(18268): 	at android.app.Activity.performStart(Activity.java:5253)
04-23 16:31:34.752 E/ActivityThread(18268): 	at android.app.ActivityThread.performLaunchActivity(ActivityThread.java:2149)
04-23 16:31:34.752 E/ActivityThread(18268): 	at android.app.ActivityThread.handleLaunchActivity(ActivityThread.java:2226)
04-23 16:31:34.752 E/ActivityThread(18268): 	at android.app.ActivityThread.access$700(ActivityThread.java:135)
04-23 16:31:34.752 E/ActivityThread(18268): 	at android.app.ActivityThread$H.handleMessage(ActivityThread.java:1397)
04-23 16:31:34.752 E/ActivityThread(18268): 	at android.os.Handler.dispatchMessage(Handler.java:102)
04-23 16:31:34.752 E/ActivityThread(18268): 	at android.os.Looper.loop(Looper.java:137)
04-23 16:31:34.752 E/ActivityThread(18268): 	at android.app.ActivityThread.main(ActivityThread.java:4998)
04-23 16:31:34.752 E/ActivityThread(18268): 	at java.lang.reflect.Method.invokeNative(Native Method)
04-23 16:31:34.752 E/ActivityThread(18268): 	at java.lang.reflect.Method.invoke(Method.java:515)
04-23 16:31:34.752 E/ActivityThread(18268): 	at com.android.internal.os.ZygoteInit$MethodAndArgsCaller.run(ZygoteInit.java:777)
04-23 16:31:34.752 E/ActivityThread(18268): 	at com.android.internal.os.ZygoteInit.main(ZygoteInit.java:593)
04-23 16:31:34.752 E/ActivityThread(18268): 	at dalvik.system.NativeStart.main(Native Method)
04-23 16:31:34.772 D/gralloc (  110): ION_HEAP_CARVEOUT_MASK alloc
04-23 16:31:35.292 D/gralloc (  110): ION_HEAP_CARVEOUT_MASK alloc
04-23 16:31:35.372 D/dalvikvm(18268): GC_FOR_ALLOC freed 1038K, 11% free 8879K/9960K, paused 40ms, total 40ms
04-23 16:31:35.452 D/dalvikvm(18268): GC_CONCURRENT freed 2338K, 25% free 7867K/10420K, paused 12ms+8ms, total 80ms
04-23 16:31:35.452 D/dalvikvm(18268): WAIT_FOR_CONCURRENT_GC blocked 29ms
04-23 16:31:35.452 D/dalvikvm(18268): WAIT_FOR_CONCURRENT_GC blocked 28ms
04-23 16:31:35.452 D/dalvikvm(18268): WAIT_FOR_CONCURRENT_GC blocked 12ms
04-23 16:31:35.452 D/dalvikvm(18268): WAIT_FOR_CONCURRENT_GC blocked 30ms
04-23 16:31:35.462 D/dalvikvm(18268): WAIT_FOR_CONCURRENT_GC blocked 17ms
04-23 16:31:35.462 D/dalvikvm(18268): WAIT_FOR_CONCURRENT_GC blocked 33ms
04-23 16:31:36.102 D/dalvikvm(18268): GC_CONCURRENT freed 1590K, 29% free 7447K/10420K, paused 2ms+4ms, total 35ms
04-23 16:31:36.102 D/dalvikvm(18268): WAIT_FOR_CONCURRENT_GC blocked 33ms
04-23 16:31:36.102 D/dalvikvm(18268): WAIT_FOR_CONCURRENT_GC blocked 22ms
04-23 16:31:36.102 D/dalvikvm(18268): WAIT_FOR_CONCURRENT_GC blocked 35ms
04-23 16:31:36.142 D/dalvikvm(18268): GC_CONCURRENT freed 46K, 20% free 8432K/10420K, paused 3ms+2ms, total 35ms
04-23 16:31:36.142 D/dalvikvm(18268): WAIT_FOR_CONCURRENT_GC blocked 32ms
04-23 16:31:36.142 D/dalvikvm(18268): WAIT_FOR_CONCURRENT_GC blocked 19ms
04-23 16:31:36.142 D/dalvikvm(18268): WAIT_FOR_CONCURRENT_GC blocked 35ms
04-23 16:31:36.172 D/dalvikvm(18268): GC_FOR_ALLOC freed 1K, 7% free 9790K/10420K, paused 27ms, total 27ms
04-23 16:31:36.202 D/dalvikvm(18268): GC_CONCURRENT freed 2K, 6% free 11008K/11636K, paused 2ms+4ms, total 30ms
04-23 16:31:36.202 D/dalvikvm(18268): WAIT_FOR_CONCURRENT_GC blocked 23ms
04-23 16:31:36.202 D/dalvikvm(18268): WAIT_FOR_CONCURRENT_GC blocked 22ms
04-23 16:31:36.242 D/dalvikvm(18268): GC_FOR_ALLOC freed <1K, 5% free 12451K/13084K, paused 25ms, total 25ms
04-23 16:31:36.412 I/wpa_supplicant(  639): [CTRL_IFACE]wlan0: SIGNAL_POLL
04-23 16:31:37.112 D/audio_hw_primary(  113): out_standby
04-23 16:31:37.932 D/UIAutomatorStub(18199): URI: /jsonrpc/0, Method: POST, Header: {content-type=application/json, connection=close, remote-addr=127.0.0.1, host=localhost:9008, content-length=212, http-client-ip=127.0.0.1, user-agent=Python-urllib/2.7, accept-encoding=identity}, params, {NanoHttpd.QUERY_STRING={"params": [{"childOrSiblingSelector": [], "text": "Unfortunately, AnTuTu Benchmark has stopped.", "mask": 1, "childOrSibling": []}], "jsonrpc": "2.0", "method": "exist", "id": "d31dec1f8f3529c40c5bbb12d627458e"}, {"params": [{"childOrSiblingSelector": [], "text": "Unfortunately, AnTuTu Benchmark has stopped.", "mask": 1, "childOrSibling": []}], "jsonrpc": "2.0", "method": "exist", "id": "d31dec1f8f3529c40c5bbb12d627458e"}=}, files: {}
04-23 16:31:38.002 D/UIAutomatorStub(18199): URI: /jsonrpc/0, Method: POST, Header: {content-type=application/json, connection=close, remote-addr=127.0.0.1, host=localhost:9008, content-length=172, http-client-ip=127.0.0.1, user-agent=Python-urllib/2.7, accept-encoding=identity}, params, {{"params": [{"childOrSiblingSelector": [], "text": "Show", "mask": 1, "childOrSibling": []}], "jsonrpc": "2.0", "method": "exist", "id": "63bc3dfb6a227805b89948d575089059"}=, NanoHttpd.QUERY_STRING={"params": [{"childOrSiblingSelector": [], "text": "Show", "mask": 1, "childOrSibling": []}], "jsonrpc": "2.0", "method": "exist", "id": "63bc3dfb6a227805b89948d575089059"}}, files: {}
04-23 16:31:38.012 D/dalvikvm(18199): GC_CONCURRENT freed 388K, 79% free 1108K/5120K, paused 2ms+8ms, total 21ms
04-23 16:31:39.412 I/wpa_supplicant(  639): [CTRL_IFACE]wlan0: SIGNAL_POLL
04-23 16:31:40.082 D/UIAutomatorStub(18199): URI: /jsonrpc/0, Method: POST, Header: {content-type=application/json, connection=close, remote-addr=127.0.0.1, host=localhost:9008, content-length=212, http-client-ip=127.0.0.1, user-agent=Python-urllib/2.7, accept-encoding=identity}, params, {{"params": [{"childOrSiblingSelector": [], "text": "Unfortunately, AnTuTu Benchmark has stopped.", "mask": 1, "childOrSibling": []}], "jsonrpc": "2.0", "method": "exist", "id": "c6dcf2a600986b0695de09e3d795659a"}=, NanoHttpd.QUERY_STRING={"params": [{"childOrSiblingSelector": [], "text": "Unfortunately, AnTuTu Benchmark has stopped.", "mask": 1, "childOrSibling": []}], "jsonrpc": "2.0", "method": "exist", "id": "c6dcf2a600986b0695de09e3d795659a"}}, files: {}
04-23 16:31:40.142 D/UIAutomatorStub(18199): URI: /jsonrpc/0, Method: POST, Header: {content-type=application/json, connection=close, remote-addr=127.0.0.1, host=localhost:9008, content-length=172, http-client-ip=127.0.0.1, user-agent=Python-urllib/2.7, accept-encoding=identity}, params, {{"params": [{"childOrSiblingSelector": [], "text": "Show", "mask": 1, "childOrSibling": []}], "jsonrpc": "2.0", "method": "exist", "id": "4fe12d843299cedd874cc965f64eb40e"}=, NanoHttpd.QUERY_STRING={"params": [{"childOrSiblingSelector": [], "text": "Show", "mask": 1, "childOrSibling": []}], "jsonrpc": "2.0", "method": "exist", "id": "4fe12d843299cedd874cc965f64eb40e"}}, files: {}
04-23 16:31:40.152 D/dalvikvm(18199): GC_CONCURRENT freed 424K, 79% free 1086K/5120K, paused 1ms+1ms, total 16ms
04-23 16:31:40.992 I/ActivityManager(  431): Killing 18154:android.process.media/u0a4 (adj 11): empty #2
04-23 16:31:42.202 D/UIAutomatorStub(18199): URI: /jsonrpc/0, Method: POST, Header: {content-type=application/json, connection=close, remote-addr=127.0.0.1, host=localhost:9008, content-length=212, http-client-ip=127.0.0.1, user-agent=Python-urllib/2.7, accept-encoding=identity}, params, {NanoHttpd.QUERY_STRING={"params": [{"childOrSiblingSelector": [], "text": "Unfortunately, AnTuTu Benchmark has stopped.", "mask": 1, "childOrSibling": []}], "jsonrpc": "2.0", "method": "exist", "id": "63ff61e97cb2ca4c9a88b74107a4c1ec"}, {"params": [{"childOrSiblingSelector": [], "text": "Unfortunately, AnTuTu Benchmark has stopped.", "mask": 1, "childOrSibling": []}], "jsonrpc": "2.0", "method": "exist", "id": "63ff61e97cb2ca4c9a88b74107a4c1ec"}=}, files: {}
04-23 16:31:42.572 I/wpa_supplicant(  639): [CTRL_IFACE]wlan0: SIGNAL_POLL
04-23 16:31:42.742 D/UIAutomatorStub(18199): URI: /jsonrpc/0, Method: POST, Header: {content-type=application/json, connection=close, remote-addr=127.0.0.1, host=localhost:9008, content-length=172, http-client-ip=127.0.0.1, user-agent=Python-urllib/2.7, accept-encoding=identity}, params, {{"params": [{"childOrSiblingSelector": [], "text": "Show", "mask": 1, "childOrSibling": []}], "jsonrpc": "2.0", "method": "exist", "id": "f5b8fb2fc7825bdf731a75f04e171cdf"}=, NanoHttpd.QUERY_STRING={"params": [{"childOrSiblingSelector": [], "text": "Show", "mask": 1, "childOrSibling": []}], "jsonrpc": "2.0", "method": "exist", "id": "f5b8fb2fc7825bdf731a75f04e171cdf"}}, files: {}
04-23 16:31:42.762 D/dalvikvm(18199): GC_CONCURRENT freed 402K, 79% free 1117K/5120K, paused 1ms+1ms, total 19ms
04-23 16:31:44.882 D/UIAutomatorStub(18199): URI: /jsonrpc/0, Method: POST, Header: {content-type=application/json, connection=close, remote-addr=127.0.0.1, host=localhost:9008, content-length=212, http-client-ip=127.0.0.1, user-agent=Python-urllib/2.7, accept-encoding=identity}, params, {{"params": [{"childOrSiblingSelector": [], "text": "Unfortunately, AnTuTu Benchmark has stopped.", "mask": 1, "childOrSibling": []}], "jsonrpc": "2.0", "method": "exist", "id": "1755d776cf9a8de32e83a3bf4f7911ed"}=, NanoHttpd.QUERY_STRING={"params": [{"childOrSiblingSelector": [], "text": "Unfortunately, AnTuTu Benchmark has stopped.", "mask": 1, "childOrSibling": []}], "jsonrpc": "2.0", "method": "exist", "id": "1755d776cf9a8de32e83a3bf4f7911ed"}}, files: {}
04-23 16:31:44.932 D/UIAutomatorStub(18199): URI: /jsonrpc/0, Method: POST, Header: {content-type=application/json, connection=close, remote-addr=127.0.0.1, host=localhost:9008, content-length=172, http-client-ip=127.0.0.1, user-agent=Python-urllib/2.7, accept-encoding=identity}, params, {NanoHttpd.QUERY_STRING={"params": [{"childOrSiblingSelector": [], "text": "Show", "mask": 1, "childOrSibling": []}], "jsonrpc": "2.0", "method": "exist", "id": "10c19fc108afc5f7023195eb59a0f4ac"}, {"params": [{"childOrSiblingSelector": [], "text": "Show", "mask": 1, "childOrSibling": []}], "jsonrpc": "2.0", "method": "exist", "id": "10c19fc108afc5f7023195eb59a0f4ac"}=}, files: {}
04-23 16:31:44.962 D/dalvikvm(18199): GC_CONCURRENT freed 432K, 79% free 1112K/5120K, paused 1ms+8ms, total 17ms
04-23 16:31:45.702 I/wpa_supplicant(  639): [CTRL_IFACE]wlan0: SIGNAL_POLL
04-23 16:31:46.982 D/UIAutomatorStub(18199): URI: /jsonrpc/0, Method: POST, Header: {content-type=application/json, connection=close, remote-addr=127.0.0.1, host=localhost:9008, content-length=212, http-client-ip=127.0.0.1, user-agent=Python-urllib/2.7, accept-encoding=identity}, params, {{"params": [{"childOrSiblingSelector": [], "text": "Unfortunately, AnTuTu Benchmark has stopped.", "mask": 1, "childOrSibling": []}], "jsonrpc": "2.0", "method": "exist", "id": "34fc38df31d22cd31e710855f99888bd"}=, NanoHttpd.QUERY_STRING={"params": [{"childOrSiblingSelector": [], "text": "Unfortunately, AnTuTu Benchmark has stopped.", "mask": 1, "childOrSibling": []}], "jsonrpc": "2.0", "method": "exist", "id": "34fc38df31d22cd31e710855f99888bd"}}, files: {}
04-23 16:31:47.022 D/UIAutomatorStub(18199): URI: /jsonrpc/0, Method: POST, Header: {content-type=application/json, connection=close, remote-addr=127.0.0.1, host=localhost:9008, content-length=172, http-client-ip=127.0.0.1, user-agent=Python-urllib/2.7, accept-encoding=identity}, params, {{"params": [{"childOrSiblingSelector": [], "text": "Show", "mask": 1, "childOrSibling": []}], "jsonrpc": "2.0", "method": "exist", "id": "d9203f069234c349cbf9b20aefb85ce9"}=, NanoHttpd.QUERY_STRING={"params": [{"childOrSiblingSelector": [], "text": "Show", "mask": 1, "childOrSibling": []}], "jsonrpc": "2.0", "method": "exist", "id": "d9203f069234c349cbf9b20aefb85ce9"}}, files: {}
04-23 16:31:47.082 D/dalvikvm(18199): GC_CONCURRENT freed 435K, 78% free 1134K/5120K, paused 1ms+1ms, total 26ms
04-23 16:31:48.702 I/wpa_supplicant(  639): [CTRL_IFACE]wlan0: SIGNAL_POLL
04-23 16:31:49.092 D/UIAutomatorStub(18199): URI: /jsonrpc/0, Method: POST, Header: {content-type=application/json, connection=close, remote-addr=127.0.0.1, host=localhost:9008, content-length=212, http-client-ip=127.0.0.1, user-agent=Python-urllib/2.7, accept-encoding=identity}, params, {NanoHttpd.QUERY_STRING={"params": [{"childOrSiblingSelector": [], "text": "Unfortunately, AnTuTu Benchmark has stopped.", "mask": 1, "childOrSibling": []}], "jsonrpc": "2.0", "method": "exist", "id": "0b843c27eb1b5a51df7b43a600dd352b"}, {"params": [{"childOrSiblingSelector": [], "text": "Unfortunately, AnTuTu Benchmark has stopped.", "mask": 1, "childOrSibling": []}], "jsonrpc": "2.0", "method": "exist", "id": "0b843c27eb1b5a51df7b43a600dd352b"}=}, files: {}
04-23 16:31:49.142 D/UIAutomatorStub(18199): URI: /jsonrpc/0, Method: POST, Header: {content-type=application/json, connection=close, remote-addr=127.0.0.1, host=localhost:9008, content-length=172, http-client-ip=127.0.0.1, user-agent=Python-urllib/2.7, accept-encoding=identity}, params, {NanoHttpd.QUERY_STRING={"params": [{"childOrSiblingSelector": [], "text": "Show", "mask": 1, "childOrSibling": []}], "jsonrpc": "2.0", "method": "exist", "id": "c5237b2aeab9e148fec78f7271487669"}, {"params": [{"childOrSiblingSelector": [], "text": "Show", "mask": 1, "childOrSibling": []}], "jsonrpc": "2.0", "method": "exist", "id": "c5237b2aeab9e148fec78f7271487669"}=}, files: {}
04-23 16:31:49.222 D/dalvikvm(18199): GC_CONCURRENT freed 405K, 78% free 1131K/5120K, paused 2ms+1ms, total 12ms
