04-23 16:33:02.452 D/dalvikvm(18199): GC_CONCURRENT freed 399K, 79% free 1112K/5120K, paused 2ms+1ms, total 10ms
04-23 16:33:04.452 I/wpa_supplicant(  639): [CTRL_IFACE]wlan0: SIGNAL_POLL
04-23 16:33:04.462 D/UIAutomatorStub(18199): URI: /jsonrpc/0, Method: POST, Header: {content-type=application/json, connection=close, remote-addr=127.0.0.1, host=localhost:9008, content-length=212, http-client-ip=127.0.0.1, user-agent=Python-urllib/2.7, accept-encoding=identity}, params, {NanoHttpd.QUERY_STRING={"params": [{"childOrSiblingSelector": [], "text": "Unfortunately, AnTuTu Benchmark has stopped.", "mask": 1, "childOrSibling": []}], "jsonrpc": "2.0", "method": "exist", "id": "5d0fb09691f539f3ab5a09048e270cf4"}, {"params": [{"childOrSiblingSelector": [], "text": "Unfortunately, AnTuTu Benchmark has stopped.", "mask": 1, "childOrSibling": []}], "jsonrpc": "2.0", "method": "exist", "id": "5d0fb09691f539f3ab5a09048e270cf4"}=}, files: {}
04-23 16:33:04.492 D/UIAutomatorStub(18199): URI: /jsonrpc/0, Method: POST, Header: {content-type=application/json, connection=close, remote-addr=127.0.0.1, host=localhost:9008, content-length=172, http-client-ip=127.0.0.1, user-agent=Python-urllib/2.7, accept-encoding=identity}, params, {{"params": [{"childOrSiblingSelector": [], "text": "Show", "mask": 1, "childOrSibling": []}], "jsonrpc": "2.0", "method": "exist", "id": "0bb51570e272ba8179b72671889d0f4d"}=, NanoHttpd.QUERY_STRING={"params": [{"childOrSiblingSelector": [], "text": "Show", "mask": 1, "childOrSibling": []}], "jsonrpc": "2.0", "method": "exist", "id": "0bb51570e272ba8179b72671889d0f4d"}}, files: {}
04-23 16:33:04.522 D/dalvikvm(18199): GC_CONCURRENT freed 388K, 78% free 1163K/5120K, paused 2ms+1ms, total 14ms
04-23 16:33:06.532 D/UIAutomatorStub(18199): URI: /jsonrpc/0, Method: POST, Header: {content-type=application/json, connection=close, remote-addr=127.0.0.1, host=localhost:9008, content-length=212, http-client-ip=127.0.0.1, user-agent=Python-urllib/2.7, accept-encoding=identity}, params, {{"params": [{"childOrSiblingSelector": [], "text": "Unfortunately, AnTuTu Benchmark has stopped.", "mask": 1, "childOrSibling": []}], "jsonrpc": "2.0", "method": "exist", "id": "8c1d86db27a37e91855cb77d708afd3d"}=, NanoHttpd.QUERY_STRING={"params": [{"childOrSiblingSelector": [], "text": "Unfortunately, AnTuTu Benchmark has stopped.", "mask": 1, "childOrSibling": []}], "jsonrpc": "2.0", "method": "exist", "id": "8c1d86db27a37e91855cb77d708afd3d"}}, files: {}
04-23 16:33:06.562 D/UIAutomatorStub(18199): URI: /jsonrpc/0, Method: POST, Header: {content-type=application/json, connection=close, remote-addr=127.0.0.1, host=localhost:9008, content-length=172, http-client-ip=127.0.0.1, user-agent=Python-urllib/2.7, accept-encoding=identity}, params, {NanoHttpd.QUERY_STRING={"params": [{"childOrSiblingSelector": [], "text": "Show", "mask": 1, "childOrSibling": []}], "jsonrpc": "2.0", "method": "exist", "id": "1a5b85efcf812a2f7c47c065fa730b84"}, {"params": [{"childOrSiblingSelector": [], "text": "Show", "mask": 1, "childOrSibling": []}], "jsonrpc": "2.0", "method": "exist", "id": "1a5b85efcf812a2f7c47c065fa730b84"}=}, files: {}
04-23 16:33:06.602 D/dalvikvm(18199): GC_CONCURRENT freed 428K, 78% free 1137K/5120K, paused 2ms+1ms, total 12ms
04-23 16:33:07.452 I/wpa_supplicant(  639): [CTRL_IFACE]wlan0: SIGNAL_POLL
04-23 16:33:08.792 D/UIAutomatorStub(18199): URI: /jsonrpc/0, Method: POST, Header: {content-type=application/json, connection=close, remote-addr=127.0.0.1, host=localhost:9008, content-length=212, http-client-ip=127.0.0.1, user-agent=Python-urllib/2.7, accept-encoding=identity}, params, {NanoHttpd.QUERY_STRING={"params": [{"childOrSiblingSelector": [], "text": "Unfortunately, AnTuTu Benchmark has stopped.", "mask": 1, "childOrSibling": []}], "jsonrpc": "2.0", "method": "exist", "id": "d432ef0131781a1eecce0a3c6384d6f5"}, {"params": [{"childOrSiblingSelector": [], "text": "Unfortunately, AnTuTu Benchmark has stopped.", "mask": 1, "childOrSibling": []}], "jsonrpc": "2.0", "method": "exist", "id": "d432ef0131781a1eecce0a3c6384d6f5"}=}, files: {}
04-23 16:33:08.852 D/UIAutomatorStub(18199): URI: /jsonrpc/0, Method: POST, Header: {content-type=application/json, connection=close, remote-addr=127.0.0.1, host=localhost:9008, content-length=172, http-client-ip=127.0.0.1, user-agent=Python-urllib/2.7, accept-encoding=identity}, params, {{"params": [{"childOrSiblingSelector": [], "text": "Show", "mask": 1, "childOrSibling": []}], "jsonrpc": "2.0", "method": "exist", "id": "0c8bdf404454e7de96018af2c5208ff0"}=, NanoHttpd.QUERY_STRING={"params": [{"childOrSiblingSelector": [], "text": "Show", "mask": 1, "childOrSibling": []}], "jsonrpc": "2.0", "method": "exist", "id": "0c8bdf404454e7de96018af2c5208ff0"}}, files: {}
04-23 16:33:08.902 D/DynamicPowerPolicyChangeThread(  431): set policy performance, temp=88.0
04-23 16:33:08.922 D/dalvikvm(18199): GC_CONCURRENT freed 402K, 78% free 1137K/5120K, paused 2ms+1ms, total 28ms
04-23 16:33:10.452 I/wpa_supplicant(  639): [CTRL_IFACE]wlan0: SIGNAL_POLL
04-23 16:33:10.832 D/GCM     (12282): Message class foe
04-23 16:33:10.942 D/UIAutomatorStub(18199): URI: /jsonrpc/0, Method: POST, Header: {content-type=application/json, connection=close, remote-addr=127.0.0.1, host=localhost:9008, content-length=212, http-client-ip=127.0.0.1, user-agent=Python-urllib/2.7, accept-encoding=identity}, params, {{"params": [{"childOrSiblingSelector": [], "text": "Unfortunately, AnTuTu Benchmark has stopped.", "mask": 1, "childOrSibling": []}], "jsonrpc": "2.0", "method": "exist", "id": "744f389991ba5558cc5f5208cdbd4624"}=, NanoHttpd.QUERY_STRING={"params": [{"childOrSiblingSelector": [], "text": "Unfortunately, AnTuTu Benchmark has stopped.", "mask": 1, "childOrSibling": []}], "jsonrpc": "2.0", "method": "exist", "id": "744f389991ba5558cc5f5208cdbd4624"}}, files: {}
04-23 16:33:11.022 D/UIAutomatorStub(18199): URI: /jsonrpc/0, Method: POST, Header: {content-type=application/json, connection=close, remote-addr=127.0.0.1, host=localhost:9008, content-length=172, http-client-ip=127.0.0.1, user-agent=Python-urllib/2.7, accept-encoding=identity}, params, {{"params": [{"childOrSiblingSelector": [], "text": "Show", "mask": 1, "childOrSibling": []}], "jsonrpc": "2.0", "method": "exist", "id": "3c7847632912074f758d21a13ac541ae"}=, NanoHttpd.QUERY_STRING={"params": [{"childOrSiblingSelector": [], "text": "Show", "mask": 1, "childOrSibling": []}], "jsonrpc": "2.0", "method": "exist", "id": "3c7847632912074f758d21a13ac541ae"}}, files: {}
04-23 16:33:11.112 D/dalvikvm(18199): GC_CONCURRENT freed 401K, 78% free 1137K/5120K, paused 2ms+5ms, total 20ms
04-23 16:33:11.332 D/ConnectivityService(  431): handleInetConditionHoldEnd: net=1, condition=100, published condition=100
04-23 16:33:12.242 D/PowerManagerService(  431): mHoldBootFastWakeLock = true
04-23 16:33:13.122 D/UIAutomatorStub(18199): URI: /jsonrpc/0, Method: POST, Header: {content-type=application/json, connection=close, remote-addr=127.0.0.1, host=localhost:9008, content-length=212, http-client-ip=127.0.0.1, user-agent=Python-urllib/2.7, accept-encoding=identity}, params, {NanoHttpd.QUERY_STRING={"params": [{"childOrSiblingSelector": [], "text": "Unfortunately, AnTuTu Benchmark has stopped.", "mask": 1, "childOrSibling": []}], "jsonrpc": "2.0", "method": "exist", "id": "0e50b72f59f0fc5303251f9f0b9e042d"}, {"params": [{"childOrSiblingSelector": [], "text": "Unfortunately, AnTuTu Benchmark has stopped.", "mask": 1, "childOrSibling": []}], "jsonrpc": "2.0", "method": "exist", "id": "0e50b72f59f0fc5303251f9f0b9e042d"}=}, files: {}
04-23 16:33:13.212 D/UIAutomatorStub(18199): URI: /jsonrpc/0, Method: POST, Header: {content-type=application/json, connection=close, remote-addr=127.0.0.1, host=localhost:9008, content-length=172, http-client-ip=127.0.0.1, user-agent=Python-urllib/2.7, accept-encoding=identity}, params, {NanoHttpd.QUERY_STRING={"params": [{"childOrSiblingSelector": [], "text": "Show", "mask": 1, "childOrSibling": []}], "jsonrpc": "2.0", "method": "exist", "id": "4fa2fb3f595936f6e8ecb531d1cddd5c"}, {"params": [{"childOrSiblingSelector": [], "text": "Show", "mask": 1, "childOrSibling": []}], "jsonrpc": "2.0", "method": "exist", "id": "4fa2fb3f595936f6e8ecb531d1cddd5c"}=}, files: {}
04-23 16:33:13.292 D/dalvikvm(18199): GC_CONCURRENT freed 394K, 78% free 1136K/5120K, paused 2ms+1ms, total 17ms
04-23 16:33:13.462 I/wpa_supplicant(  639): [CTRL_IFACE]wlan0: SIGNAL_POLL
04-23 16:33:15.352 D/UIAutomatorStub(18199): URI: /jsonrpc/0, Method: POST, Header: {content-type=application/json, connection=close, remote-addr=127.0.0.1, host=localhost:9008, content-length=212, http-client-ip=127.0.0.1, user-agent=Python-urllib/2.7, accept-encoding=identity}, params, {{"params": [{"childOrSiblingSelector": [], "text": "Unfortunately, AnTuTu Benchmark has stopped.", "mask": 1, "childOrSibling": []}], "jsonrpc": "2.0", "method": "exist", "id": "dda6f17a4dbfbe9829e84e578d89d69e"}=, NanoHttpd.QUERY_STRING={"params": [{"childOrSiblingSelector": [], "text": "Unfortunately, AnTuTu Benchmark has stopped.", "mask": 1, "childOrSibling": []}], "jsonrpc": "2.0", "method": "exist", "id": "dda6f17a4dbfbe9829e84e578d89d69e"}}, files: {}
04-23 16:33:15.392 D/UIAutomatorStub(18199): URI: /jsonrpc/0, Method: POST, Header: {content-type=application/json, connection=close, remote-addr=127.0.0.1, host=localhost:9008, content-length=172, http-client-ip=127.0.0.1, user-agent=Python-urllib/2.7, accept-encoding=identity}, params, {{"params": [{"childOrSiblingSelector": [], "text": "Show", "mask": 1, "childOrSibling": []}], "jsonrpc": "2.0", "method": "exist", "id": "83134efdf6dc5d6ecdd789669a39cd6b"}=, NanoHttpd.QUERY_STRING={"params": [{"childOrSiblingSelector": [], "text": "Show", "mask": 1, "childOrSibling": []}], "jsonrpc": "2.0", "method": "exist", "id": "83134efdf6dc5d6ecdd789669a39cd6b"}}, files: {}
04-23 16:33:15.422 D/dalvikvm(18199): GC_CONCURRENT freed 407K, 79% free 1113K/5120K, paused 2ms+1ms, total 9ms
04-23 16:33:16.472 I/wpa_supplicant(  639): [CTRL_IFACE]wlan0: SIGNAL_POLL
04-23 16:33:17.432 D/UIAutomatorStub(18199): URI: /jsonrpc/0, Method: POST, Header: {content-type=application/json, connection=close, remote-addr=127.0.0.1, host=localhost:9008, content-length=212, http-client-ip=127.0.0.1, user-agent=Python-urllib/2.7, accept-encoding=identity}, params, {NanoHttpd.QUERY_STRING={"params": [{"childOrSiblingSelector": [], "text": "Unfortunately, AnTuTu Benchmark has stopped.", "mask": 1, "childOrSibling": []}], "jsonrpc": "2.0", "method": "exist", "id": "fc3507e91ac59899bef0a92b4d9a5c90"}, {"params": [{"childOrSiblingSelector": [], "text": "Unfortunately, AnTuTu Benchmark has stopped.", "mask": 1, "childOrSibling": []}], "jsonrpc": "2.0", "method": "exist", "id": "fc3507e91ac59899bef0a92b4d9a5c90"}=}, files: {}
04-23 16:33:17.472 D/UIAutomatorStub(18199): URI: /jsonrpc/0, Method: POST, Header: {content-type=application/json, connection=close, remote-addr=127.0.0.1, host=localhost:9008, content-length=172, http-client-ip=127.0.0.1, user-agent=Python-urllib/2.7, accept-encoding=identity}, params, {NanoHttpd.QUERY_STRING={"params": [{"childOrSiblingSelector": [], "text": "Show", "mask": 1, "childOrSibling": []}], "jsonrpc": "2.0", "method": "exist", "id": "54270b081a8ca7e834812d09c9f6314a"}, {"params": [{"childOrSiblingSelector": [], "text": "Show", "mask": 1, "childOrSibling": []}], "jsonrpc": "2.0", "method": "exist", "id": "54270b081a8ca7e834812d09c9f6314a"}=}, files: {}
04-23 16:33:17.512 D/dalvikvm(18199): GC_CONCURRENT freed 426K, 79% free 1125K/5120K, paused 1ms+1ms, total 20ms
04-23 16:33:19.462 I/wpa_supplicant(  639): [CTRL_IFACE]wlan0: SIGNAL_POLL
04-23 16:33:19.532 D/UIAutomatorStub(18199): URI: /jsonrpc/0, Method: POST, Header: {content-type=application/json, connection=close, remote-addr=127.0.0.1, host=localhost:9008, content-length=212, http-client-ip=127.0.0.1, user-agent=Python-urllib/2.7, accept-encoding=identity}, params, {NanoHttpd.QUERY_STRING={"params": [{"childOrSiblingSelector": [], "text": "Unfortunately, AnTuTu Benchmark has stopped.", "mask": 1, "childOrSibling": []}], "jsonrpc": "2.0", "method": "exist", "id": "2425fe91dcfdd676a52fdb4c4b6f613b"}, {"params": [{"childOrSiblingSelector": [], "text": "Unfortunately, AnTuTu Benchmark has stopped.", "mask": 1, "childOrSibling": []}], "jsonrpc": "2.0", "method": "exist", "id": "2425fe91dcfdd676a52fdb4c4b6f613b"}=}, files: {}
04-23 16:33:19.592 D/UIAutomatorStub(18199): URI: /jsonrpc/0, Method: POST, Header: {content-type=application/json, connection=close, remote-addr=127.0.0.1, host=localhost:9008, content-length=172, http-client-ip=127.0.0.1, user-agent=Python-urllib/2.7, accept-encoding=identity}, params, {NanoHttpd.QUERY_STRING={"params": [{"childOrSiblingSelector": [], "text": "Show", "mask": 1, "childOrSibling": []}], "jsonrpc": "2.0", "method": "exist", "id": "dfad117b2127218308f638ebf413ddf7"}, {"params": [{"childOrSiblingSelector": [], "text": "Show", "mask": 1, "childOrSibling": []}], "jsonrpc": "2.0", "method": "exist", "id": "dfad117b2127218308f638ebf413ddf7"}=}, files: {}
04-23 16:33:19.652 D/dalvikvm(18199): GC_CONCURRENT freed 398K, 78% free 1129K/5120K, paused 1ms+1ms, total 19ms
04-23 16:33:21.802 D/UIAutomatorStub(18199): URI: /jsonrpc/0, Method: POST, Header: {content-type=application/json, connection=close, remote-addr=127.0.0.1, host=localhost:9008, content-length=212, http-client-ip=127.0.0.1, user-agent=Python-urllib/2.7, accept-encoding=identity}, params, {NanoHttpd.QUERY_STRING={"params": [{"childOrSiblingSelector": [], "text": "Unfortunately, AnTuTu Benchmark has stopped.", "mask": 1, "childOrSibling": []}], "jsonrpc": "2.0", "method": "exist", "id": "5d289aa89576a1c40870f3b9f65cf7ec"}, {"params": [{"childOrSiblingSelector": [], "text": "Unfortunately, AnTuTu Benchmark has stopped.", "mask": 1, "childOrSibling": []}], "jsonrpc": "2.0", "method": "exist", "id": "5d289aa89576a1c40870f3b9f65cf7ec"}=}, files: {}
04-23 16:33:21.872 D/UIAutomatorStub(18199): URI: /jsonrpc/0, Method: POST, Header: {content-type=application/json, connection=close, remote-addr=127.0.0.1, host=localhost:9008, content-length=172, http-client-ip=127.0.0.1, user-agent=Python-urllib/2.7, accept-encoding=identity}, params, {{"params": [{"childOrSiblingSelector": [], "text": "Show", "mask": 1, "childOrSibling": []}], "jsonrpc": "2.0", "method": "exist", "id": "f6e640eae6a883f0a48a5a8b795e5d66"}=, NanoHttpd.QUERY_STRING={"params": [{"childOrSiblingSelector": [], "text": "Show", "mask": 1, "childOrSibling": []}], "jsonrpc": "2.0", "method": "exist", "id": "f6e640eae6a883f0a48a5a8b795e5d66"}}, files: {}
04-23 16:33:21.942 D/dalvikvm(18199): GC_CONCURRENT freed 401K, 78% free 1129K/5120K, paused 1ms+1ms, total 29ms
04-23 16:33:22.472 I/wpa_supplicant(  639): [CTRL_IFACE]wlan0: SIGNAL_POLL
04-23 16:33:23.942 D/UIAutomatorStub(18199): URI: /jsonrpc/0, Method: POST, Header: {content-type=application/json, connection=close, remote-addr=127.0.0.1, host=localhost:9008, content-length=212, http-client-ip=127.0.0.1, user-agent=Python-urllib/2.7, accept-encoding=identity}, params, {NanoHttpd.QUERY_STRING={"params": [{"childOrSiblingSelector": [], "text": "Unfortunately, AnTuTu Benchmark has stopped.", "mask": 1, "childOrSibling": []}], "jsonrpc": "2.0", "method": "exist", "id": "9897d82212015fcaf5f7dab806bca9fd"}, {"params": [{"childOrSiblingSelector": [], "text": "Unfortunately, AnTuTu Benchmark has stopped.", "mask": 1, "childOrSibling": []}], "jsonrpc": "2.0", "method": "exist", "id": "9897d82212015fcaf5f7dab806bca9fd"}=}, files: {}
04-23 16:33:24.042 D/UIAutomatorStub(18199): URI: /jsonrpc/0, Method: POST, Header: {content-type=application/json, connection=close, remote-addr=127.0.0.1, host=localhost:9008, content-length=172, http-client-ip=127.0.0.1, user-agent=Python-urllib/2.7, accept-encoding=identity}, params, {{"params": [{"childOrSiblingSelector": [], "text": "Show", "mask": 1, "childOrSibling": []}], "jsonrpc": "2.0", "method": "exist", "id": "4d281baced8943680d51bdf35da8571e"}=, NanoHttpd.QUERY_STRING={"params": [{"childOrSiblingSelector": [], "text": "Show", "mask": 1, "childOrSibling": []}], "jsonrpc": "2.0", "method": "exist", "id": "4d281baced8943680d51bdf35da8571e"}}, files: {}
04-23 16:33:24.142 D/dalvikvm(18199): GC_CONCURRENT freed 393K, 78% free 1139K/5120K, paused 2ms+15ms, total 28ms
04-23 16:33:25.472 I/wpa_supplicant(  639): [CTRL_IFACE]wlan0: SIGNAL_POLL
04-23 16:33:26.192 D/UIAutomatorStub(18199): URI: /jsonrpc/0, Method: POST, Header: {content-type=application/json, connection=close, remote-addr=127.0.0.1, host=localhost:9008, content-length=212, http-client-ip=127.0.0.1, user-agent=Python-urllib/2.7, accept-encoding=identity}, params, {NanoHttpd.QUERY_STRING={"params": [{"childOrSiblingSelector": [], "text": "Unfortunately, AnTuTu Benchmark has stopped.", "mask": 1, "childOrSibling": []}], "jsonrpc": "2.0", "method": "exist", "id": "145ac91b30295d4e13f494f774bae2b2"}, {"params": [{"childOrSiblingSelector": [], "text": "Unfortunately, AnTuTu Benchmark has stopped.", "mask": 1, "childOrSibling": []}], "jsonrpc": "2.0", "method": "exist", "id": "145ac91b30295d4e13f494f774bae2b2"}=}, files: {}
04-23 16:33:26.322 D/UIAutomatorStub(18199): URI: /jsonrpc/0, Method: POST, Header: {content-type=application/json, connection=close, remote-addr=127.0.0.1, host=localhost:9008, content-length=172, http-client-ip=127.0.0.1, user-agent=Python-urllib/2.7, accept-encoding=identity}, params, {NanoHttpd.QUERY_STRING={"params": [{"childOrSiblingSelector": [], "text": "Show", "mask": 1, "childOrSibling": []}], "jsonrpc": "2.0", "method": "exist", "id": "e877d98451e55fce36916b34cb5b7fa4"}, {"params": [{"childOrSiblingSelector": [], "text": "Show", "mask": 1, "childOrSibling": []}], "jsonrpc": "2.0", "method": "exist", "id": "e877d98451e55fce36916b34cb5b7fa4"}=}, files: {}
04-23 16:33:26.432 D/dalvikvm(18199): GC_CONCURRENT freed 402K, 78% free 1139K/5120K, paused 2ms+1ms, total 36ms
04-23 16:33:28.472 I/wpa_supplicant(  639): [CTRL_IFACE]wlan0: SIGNAL_POLL
04-23 16:33:28.732 D/UIAutomatorStub(18199): URI: /jsonrpc/0, Method: POST, Header: {content-type=application/json, connection=close, remote-addr=127.0.0.1, host=localhost:9008, content-length=212, http-client-ip=127.0.0.1, user-agent=Python-urllib/2.7, accept-encoding=identity}, params, {{"params": [{"childOrSiblingSelector": [], "text": "Unfortunately, AnTuTu Benchmark has stopped.", "mask": 1, "childOrSibling": []}], "jsonrpc": "2.0", "method": "exist", "id": "5c23eea16941063e13d8d7ca27a8a2a7"}=, NanoHttpd.QUERY_STRING={"params": [{"childOrSiblingSelector": [], "text": "Unfortunately, AnTuTu Benchmark has stopped.", "mask": 1, "childOrSibling": []}], "jsonrpc": "2.0", "method": "exist", "id": "5c23eea16941063e13d8d7ca27a8a2a7"}}, files: {}
04-23 16:33:28.832 D/UIAutomatorStub(18199): URI: /jsonrpc/0, Method: POST, Header: {content-type=application/json, connection=close, remote-addr=127.0.0.1, host=localhost:9008, content-length=172, http-client-ip=127.0.0.1, user-agent=Python-urllib/2.7, accept-encoding=identity}, params, {NanoHttpd.QUERY_STRING={"params": [{"childOrSiblingSelector": [], "text": "Show", "mask": 1, "childOrSibling": []}], "jsonrpc": "2.0", "method": "exist", "id": "d4b0cb4bcf7059c3aea6f0575d03be9d"}, {"params": [{"childOrSiblingSelector": [], "text": "Show", "mask": 1, "childOrSibling": []}], "jsonrpc": "2.0", "method": "exist", "id": "d4b0cb4bcf7059c3aea6f0575d03be9d"}=}, files: {}
04-23 16:33:28.902 D/dalvikvm(18199): GC_CONCURRENT freed 410K, 78% free 1131K/5120K, paused 2ms+1ms, total 28ms
04-23 16:33:30.902 D/UIAutomatorStub(18199): URI: /jsonrpc/0, Method: POST, Header: {content-type=application/json, connection=close, remote-addr=127.0.0.1, host=localhost:9008, content-length=212, http-client-ip=127.0.0.1, user-agent=Python-urllib/2.7, accept-encoding=identity}, params, {{"params": [{"childOrSiblingSelector": [], "text": "Unfortunately, AnTuTu Benchmark has stopped.", "mask": 1, "childOrSibling": []}], "jsonrpc": "2.0", "method": "exist", "id": "b5ee27d19ededf95f0b8f7070ed2ae32"}=, NanoHttpd.QUERY_STRING={"params": [{"childOrSiblingSelector": [], "text": "Unfortunately, AnTuTu Benchmark has stopped.", "mask": 1, "childOrSibling": []}], "jsonrpc": "2.0", "method": "exist", "id": "b5ee27d19ededf95f0b8f7070ed2ae32"}}, files: {}
04-23 16:33:30.972 D/UIAutomatorStub(18199): URI: /jsonrpc/0, Method: POST, Header: {content-type=application/json, connection=close, remote-addr=127.0.0.1, host=localhost:9008, content-length=172, http-client-ip=127.0.0.1, user-agent=Python-urllib/2.7, accept-encoding=identity}, params, {{"params": [{"childOrSiblingSelector": [], "text": "Show", "mask": 1, "childOrSibling": []}], "jsonrpc": "2.0", "method": "exist", "id": "60d9cf8e3eb94ef9339ca58d71ae986d"}=, NanoHttpd.QUERY_STRING={"params": [{"childOrSiblingSelector": [], "text": "Show", "mask": 1, "childOrSibling": []}], "jsonrpc": "2.0", "method": "exist", "id": "60d9cf8e3eb94ef9339ca58d71ae986d"}}, files: {}
04-23 16:33:31.042 D/dalvikvm(18199): GC_CONCURRENT freed 393K, 78% free 1131K/5120K, paused 2ms+1ms, total 21ms
04-23 16:33:31.472 I/wpa_supplicant(  639): [CTRL_IFACE]wlan0: SIGNAL_POLL
04-23 16:33:33.042 D/UIAutomatorStub(18199): URI: /jsonrpc/0, Method: POST, Header: {content-type=application/json, connection=close, remote-addr=127.0.0.1, host=localhost:9008, content-length=212, http-client-ip=127.0.0.1, user-agent=Python-urllib/2.7, accept-encoding=identity}, params, {NanoHttpd.QUERY_STRING={"params": [{"childOrSiblingSelector": [], "text": "Unfortunately, AnTuTu Benchmark has stopped.", "mask": 1, "childOrSibling": []}], "jsonrpc": "2.0", "method": "exist", "id": "22aca290f95a04e3617c71c5f60d48cc"}, {"params": [{"childOrSiblingSelector": [], "text": "Unfortunately, AnTuTu Benchmark has stopped.", "mask": 1, "childOrSibling": []}], "jsonrpc": "2.0", "method": "exist", "id": "22aca290f95a04e3617c71c5f60d48cc"}=}, files: {}
04-23 16:33:33.142 D/UIAutomatorStub(18199): URI: /jsonrpc/0, Method: POST, Header: {content-type=application/json, connection=close, remote-addr=127.0.0.1, host=localhost:9008, content-length=172, http-client-ip=127.0.0.1, user-agent=Python-urllib/2.7, accept-encoding=identity}, params, {NanoHttpd.QUERY_STRING={"params": [{"childOrSiblingSelector": [], "text": "Show", "mask": 1, "childOrSibling": []}], "jsonrpc": "2.0", "method": "exist", "id": "bd1e2c80b0a49c40050793b1deb0ff66"}, {"params": [{"childOrSiblingSelector": [], "text": "Show", "mask": 1, "childOrSibling": []}], "jsonrpc": "2.0", "method": "exist", "id": "bd1e2c80b0a49c40050793b1deb0ff66"}=}, files: {}
04-23 16:33:33.212 D/dalvikvm(18199): GC_CONCURRENT freed 426K, 79% free 1115K/5120K, paused 2ms+1ms, total 26ms
04-23 16:33:34.482 I/wpa_supplicant(  639): [CTRL_IFACE]wlan0: SIGNAL_POLL
04-23 16:33:35.372 D/UIAutomatorStub(18199): URI: /jsonrpc/0, Method: POST, Header: {content-type=application/json, connection=close, remote-addr=127.0.0.1, host=localhost:9008, content-length=212, http-client-ip=127.0.0.1, user-agent=Python-urllib/2.7, accept-encoding=identity}, params, {NanoHttpd.QUERY_STRING={"params": [{"childOrSiblingSelector": [], "text": "Unfortunately, AnTuTu Benchmark has stopped.", "mask": 1, "childOrSibling": []}], "jsonrpc": "2.0", "method": "exist", "id": "b107a71c8fe0114f7293736d879341ed"}, {"params": [{"childOrSiblingSelector": [], "text": "Unfortunately, AnTuTu Benchmark has stopped.", "mask": 1, "childOrSibling": []}], "jsonrpc": "2.0", "method": "exist", "id": "b107a71c8fe0114f7293736d879341ed"}=}, files: {}
04-23 16:33:35.442 D/UIAutomatorStub(18199): URI: /jsonrpc/0, Method: POST, Header: {content-type=application/json, connection=close, remote-addr=127.0.0.1, host=localhost:9008, content-length=172, http-client-ip=127.0.0.1, user-agent=Python-urllib/2.7, accept-encoding=identity}, params, {NanoHttpd.QUERY_STRING={"params": [{"childOrSiblingSelector": [], "text": "Show", "mask": 1, "childOrSibling": []}], "jsonrpc": "2.0", "method": "exist", "id": "b5f723a8bc7ba2b95ba9f37e20c64791"}, {"params": [{"childOrSiblingSelector": [], "text": "Show", "mask": 1, "childOrSibling": []}], "jsonrpc": "2.0", "method": "exist", "id": "b5f723a8bc7ba2b95ba9f37e20c64791"}=}, files: {}
04-23 16:33:35.512 D/dalvikvm(18199): GC_CONCURRENT freed 378K, 78% free 1140K/5120K, paused 2ms+1ms, total 25ms
04-23 16:33:37.482 I/wpa_supplicant(  639): [CTRL_IFACE]wlan0: SIGNAL_POLL
04-23 16:33:37.532 D/UIAutomatorStub(18199): URI: /jsonrpc/0, Method: POST, Header: {content-type=application/json, connection=close, remote-addr=127.0.0.1, host=localhost:9008, content-length=212, http-client-ip=127.0.0.1, user-agent=Python-urllib/2.7, accept-encoding=identity}, params, {NanoHttpd.QUERY_STRING={"params": [{"childOrSiblingSelector": [], "text": "Unfortunately, AnTuTu Benchmark has stopped.", "mask": 1, "childOrSibling": []}], "jsonrpc": "2.0", "method": "exist", "id": "af3bfc3036f07e43031b3cd8979274c1"}, {"params": [{"childOrSiblingSelector": [], "text": "Unfortunately, AnTuTu Benchmark has stopped.", "mask": 1, "childOrSibling": []}], "jsonrpc": "2.0", "method": "exist", "id": "af3bfc3036f07e43031b3cd8979274c1"}=}, files: {}
04-23 16:33:37.692 D/UIAutomatorStub(18199): URI: /jsonrpc/0, Method: POST, Header: {content-type=application/json, connection=close, remote-addr=127.0.0.1, host=localhost:9008, content-length=172, http-client-ip=127.0.0.1, user-agent=Python-urllib/2.7, accept-encoding=identity}, params, {{"params": [{"childOrSiblingSelector": [], "text": "Show", "mask": 1, "childOrSibling": []}], "jsonrpc": "2.0", "method": "exist", "id": "145bb12de8d062f6f5a3d7af8e698f5d"}=, NanoHttpd.QUERY_STRING={"params": [{"childOrSiblingSelector": [], "text": "Show", "mask": 1, "childOrSibling": []}], "jsonrpc": "2.0", "method": "exist", "id": "145bb12de8d062f6f5a3d7af8e698f5d"}}, files: {}
04-23 16:33:37.842 D/dalvikvm(18199): GC_CONCURRENT freed 421K, 79% free 1123K/5120K, paused 2ms+1ms, total 38ms
04-23 16:33:39.862 D/UIAutomatorStub(18199): URI: /jsonrpc/0, Method: POST, Header: {content-type=application/json, connection=close, remote-addr=127.0.0.1, host=localhost:9008, content-length=212, http-client-ip=127.0.0.1, user-agent=Python-urllib/2.7, accept-encoding=identity}, params, {{"params": [{"childOrSiblingSelector": [], "text": "Unfortunately, AnTuTu Benchmark has stopped.", "mask": 1, "childOrSibling": []}], "jsonrpc": "2.0", "method": "exist", "id": "176014d9e57489e28529a3074ffd9ccb"}=, NanoHttpd.QUERY_STRING={"params": [{"childOrSiblingSelector": [], "text": "Unfortunately, AnTuTu Benchmark has stopped.", "mask": 1, "childOrSibling": []}], "jsonrpc": "2.0", "method": "exist", "id": "176014d9e57489e28529a3074ffd9ccb"}}, files: {}
04-23 16:33:39.932 D/dalvikvm(  431): GC_FOR_ALLOC freed 950K, 13% free 9514K/10852K, paused 840ms, total 841ms
04-23 16:33:40.062 D/UIAutomatorStub(18199): URI: /jsonrpc/0, Method: POST, Header: {content-type=application/json, connection=close, remote-addr=127.0.0.1, host=localhost:9008, content-length=172, http-client-ip=127.0.0.1, user-agent=Python-urllib/2.7, accept-encoding=identity}, params, {NanoHttpd.QUERY_STRING={"params": [{"childOrSiblingSelector": [], "text": "Show", "mask": 1, "childOrSibling": []}], "jsonrpc": "2.0", "method": "exist", "id": "3ade88dfe2e7c59e6c2497d8b06c1934"}, {"params": [{"childOrSiblingSelector": [], "text": "Show", "mask": 1, "childOrSibling": []}], "jsonrpc": "2.0", "method": "exist", "id": "3ade88dfe2e7c59e6c2497d8b06c1934"}=}, files: {}
04-23 16:33:40.152 D/dalvikvm(18199): GC_CONCURRENT freed 393K, 78% free 1141K/5120K, paused 2ms+1ms, total 14ms
04-23 16:33:40.312 I/dalvikvm(18268): Jit: resizing JitTable from 4096 to 8192
04-23 16:33:40.392 D/dalvikvm(18268): GC_CONCURRENT freed 881K, 52% free 7067K/14424K, paused 1ms+4ms, total 39ms
04-23 16:33:40.482 I/wpa_supplicant(  639): [CTRL_IFACE]wlan0: SIGNAL_POLL
04-23 16:33:40.612 D/dalvikvm(18268): GC_CONCURRENT freed 839K, 51% free 7072K/14424K, paused 2ms+6ms, total 39ms
04-23 16:33:40.802 D/dalvikvm(18268): GC_CONCURRENT freed 895K, 52% free 7065K/14424K, paused 2ms+5ms, total 37ms
04-23 16:33:40.962 D/dalvikvm(18268): GC_CONCURRENT freed 881K, 51% free 7076K/14424K, paused 2ms+3ms, total 35ms
04-23 16:33:41.102 D/dalvikvm(18268): GC_CONCURRENT freed 913K, 52% free 7065K/14424K, paused 2ms+5ms, total 41ms
04-23 16:33:42.222 D/UIAutomatorStub(18199): URI: /jsonrpc/0, Method: POST, Header: {content-type=application/json, connection=close, remote-addr=127.0.0.1, host=localhost:9008, content-length=212, http-client-ip=127.0.0.1, user-agent=Python-urllib/2.7, accept-encoding=identity}, params, {{"params": [{"childOrSiblingSelector": [], "text": "Unfortunately, AnTuTu Benchmark has stopped.", "mask": 1, "childOrSibling": []}], "jsonrpc": "2.0", "method": "exist", "id": "897b00adbf493eec370486978e92f826"}=, NanoHttpd.QUERY_STRING={"params": [{"childOrSiblingSelector": [], "text": "Unfortunately, AnTuTu Benchmark has stopped.", "mask": 1, "childOrSibling": []}], "jsonrpc": "2.0", "method": "exist", "id": "897b00adbf493eec370486978e92f826"}}, files: {}
04-23 16:33:42.262 D/UIAutomatorStub(18199): URI: /jsonrpc/0, Method: POST, Header: {content-type=application/json, connection=close, remote-addr=127.0.0.1, host=localhost:9008, content-length=172, http-client-ip=127.0.0.1, user-agent=Python-urllib/2.7, accept-encoding=identity}, params, {{"params": [{"childOrSiblingSelector": [], "text": "Show", "mask": 1, "childOrSibling": []}], "jsonrpc": "2.0", "method": "exist", "id": "9bcbb5b5eecf85ae76368333e211602c"}=, NanoHttpd.QUERY_STRING={"params": [{"childOrSiblingSelector": [], "text": "Show", "mask": 1, "childOrSibling": []}], "jsonrpc": "2.0", "method": "exist", "id": "9bcbb5b5eecf85ae76368333e211602c"}}, files: {}
04-23 16:33:42.302 D/dalvikvm(18199): GC_CONCURRENT freed 408K, 78% free 1143K/5120K, paused 3ms+1ms, total 17ms
04-23 16:33:43.492 I/wpa_supplicant(  639): [CTRL_IFACE]wlan0: SIGNAL_POLL
04-23 16:33:44.312 D/UIAutomatorStub(18199): URI: /jsonrpc/0, Method: POST, Header: {content-type=application/json, connection=close, remote-addr=127.0.0.1, host=localhost:9008, content-length=212, http-client-ip=127.0.0.1, user-agent=Python-urllib/2.7, accept-encoding=identity}, params, {NanoHttpd.QUERY_STRING={"params": [{"childOrSiblingSelector": [], "text": "Unfortunately, AnTuTu Benchmark has stopped.", "mask": 1, "childOrSibling": []}], "jsonrpc": "2.0", "method": "exist", "id": "d81950878636369b8d3443eb9f1a436c"}, {"params": [{"childOrSiblingSelector": [], "text": "Unfortunately, AnTuTu Benchmark has stopped.", "mask": 1, "childOrSibling": []}], "jsonrpc": "2.0", "method": "exist", "id": "d81950878636369b8d3443eb9f1a436c"}=}, files: {}
04-23 16:33:44.352 D/UIAutomatorStub(18199): URI: /jsonrpc/0, Method: POST, Header: {content-type=application/json, connection=close, remote-addr=127.0.0.1, host=localhost:9008, content-length=172, http-client-ip=127.0.0.1, user-agent=Python-urllib/2.7, accept-encoding=identity}, params, {NanoHttpd.QUERY_STRING={"params": [{"childOrSiblingSelector": [], "text": "Show", "mask": 1, "childOrSibling": []}], "jsonrpc": "2.0", "method": "exist", "id": "459e292206413e64439453fbeec123e0"}, {"params": [{"childOrSiblingSelector": [], "text": "Show", "mask": 1, "childOrSibling": []}], "jsonrpc": "2.0", "method": "exist", "id": "459e292206413e64439453fbeec123e0"}=}, files: {}
04-23 16:33:44.402 D/dalvikvm(18199): GC_CONCURRENT freed 413K, 78% free 1133K/5120K, paused 3ms+1ms, total 15ms
04-23 16:33:46.412 D/UIAutomatorStub(18199): URI: /jsonrpc/0, Method: POST, Header: {content-type=application/json, connection=close, remote-addr=127.0.0.1, host=localhost:9008, content-length=212, http-client-ip=127.0.0.1, user-agent=Python-urllib/2.7, accept-encoding=identity}, params, {NanoHttpd.QUERY_STRING={"params": [{"childOrSiblingSelector": [], "text": "Unfortunately, AnTuTu Benchmark has stopped.", "mask": 1, "childOrSibling": []}], "jsonrpc": "2.0", "method": "exist", "id": "d89c8b5a2824792df7271574655b32f7"}, {"params": [{"childOrSiblingSelector": [], "text": "Unfortunately, AnTuTu Benchmark has stopped.", "mask": 1, "childOrSibling": []}], "jsonrpc": "2.0", "method": "exist", "id": "d89c8b5a2824792df7271574655b32f7"}=}, files: {}
04-23 16:33:46.472 D/UIAutomatorStub(18199): URI: /jsonrpc/0, Method: POST, Header: {content-type=application/json, connection=close, remote-addr=127.0.0.1, host=localhost:9008, content-length=172, http-client-ip=127.0.0.1, user-agent=Python-urllib/2.7, accept-encoding=identity}, params, {NanoHttpd.QUERY_STRING={"params": [{"childOrSiblingSelector": [], "text": "Show", "mask": 1, "childOrSibling": []}], "jsonrpc": "2.0", "method": "exist", "id": "7b46969080dba22ca299f107674d176e"}, {"params": [{"childOrSiblingSelector": [], "text": "Show", "mask": 1, "childOrSibling": []}], "jsonrpc": "2.0", "method": "exist", "id": "7b46969080dba22ca299f107674d176e"}=}, files: {}
04-23 16:33:46.492 I/wpa_supplicant(  639): [CTRL_IFACE]wlan0: SIGNAL_POLL
04-23 16:33:46.542 D/dalvikvm(18199): GC_CONCURRENT freed 402K, 78% free 1133K/5120K, paused 2ms+1ms, total 20ms
04-23 16:33:48.602 D/UIAutomatorStub(18199): URI: /jsonrpc/0, Method: POST, Header: {content-type=application/json, connection=close, remote-addr=127.0.0.1, host=localhost:9008, content-length=212, http-client-ip=127.0.0.1, user-agent=Python-urllib/2.7, accept-encoding=identity}, params, {{"params": [{"childOrSiblingSelector": [], "text": "Unfortunately, AnTuTu Benchmark has stopped.", "mask": 1, "childOrSibling": []}], "jsonrpc": "2.0", "method": "exist", "id": "62a0823a9cc442ec88ef78adddbdce70"}=, NanoHttpd.QUERY_STRING={"params": [{"childOrSiblingSelector": [], "text": "Unfortunately, AnTuTu Benchmark has stopped.", "mask": 1, "childOrSibling": []}], "jsonrpc": "2.0", "method": "exist", "id": "62a0823a9cc442ec88ef78adddbdce70"}}, files: {}
04-23 16:33:48.652 D/UIAutomatorStub(18199): URI: /jsonrpc/0, Method: POST, Header: {content-type=application/json, connection=close, remote-addr=127.0.0.1, host=localhost:9008, content-length=172, http-client-ip=127.0.0.1, user-agent=Python-urllib/2.7, accept-encoding=identity}, params, {{"params": [{"childOrSiblingSelector": [], "text": "Show", "mask": 1, "childOrSibling": []}], "jsonrpc": "2.0", "method": "exist", "id": "09bd9e2c1075a63f65370a2f0c18a2c9"}=, NanoHttpd.QUERY_STRING={"params": [{"childOrSiblingSelector": [], "text": "Show", "mask": 1, "childOrSibling": []}], "jsonrpc": "2.0", "method": "exist", "id": "09bd9e2c1075a63f65370a2f0c18a2c9"}}, files: {}
04-23 16:33:48.702 D/dalvikvm(18199): GC_CONCURRENT freed 394K, 78% free 1135K/5120K, paused 2ms+1ms, total 13ms
04-23 16:33:49.502 I/wpa_supplicant(  639): [CTRL_IFACE]wlan0: SIGNAL_POLL
04-23 16:33:50.712 D/UIAutomatorStub(18199): URI: /jsonrpc/0, Method: POST, Header: {content-type=application/json, connection=close, remote-addr=127.0.0.1, host=localhost:9008, content-length=212, http-client-ip=127.0.0.1, user-agent=Python-urllib/2.7, accept-encoding=identity}, params, {NanoHttpd.QUERY_STRING={"params": [{"childOrSiblingSelector": [], "text": "Unfortunately, AnTuTu Benchmark has stopped.", "mask": 1, "childOrSibling": []}], "jsonrpc": "2.0", "method": "exist", "id": "1c270ef7d68cda61edbc997f5e39d509"}, {"params": [{"childOrSiblingSelector": [], "text": "Unfortunately, AnTuTu Benchmark has stopped.", "mask": 1, "childOrSibling": []}], "jsonrpc": "2.0", "method": "exist", "id": "1c270ef7d68cda61edbc997f5e39d509"}=}, files: {}
04-23 16:33:50.772 D/UIAutomatorStub(18199): URI: /jsonrpc/0, Method: POST, Header: {content-type=application/json, connection=close, remote-addr=127.0.0.1, host=localhost:9008, content-length=172, http-client-ip=127.0.0.1, user-agent=Python-urllib/2.7, accept-encoding=identity}, params, {NanoHttpd.QUERY_STRING={"params": [{"childOrSiblingSelector": [], "text": "Show", "mask": 1, "childOrSibling": []}], "jsonrpc": "2.0", "method": "exist", "id": "d28d585862337966a301c8260c7d65ef"}, {"params": [{"childOrSiblingSelector": [], "text": "Show", "mask": 1, "childOrSibling": []}], "jsonrpc": "2.0", "method": "exist", "id": "d28d585862337966a301c8260c7d65ef"}=}, files: {}
04-23 16:33:50.842 D/dalvikvm(18199): GC_CONCURRENT freed 399K, 78% free 1146K/5120K, paused 2ms+8ms, total 21ms
04-23 16:33:52.502 I/wpa_supplicant(  639): [CTRL_IFACE]wlan0: SIGNAL_POLL
04-23 16:33:52.842 D/UIAutomatorStub(18199): URI: /jsonrpc/0, Method: POST, Header: {content-type=application/json, connection=close, remote-addr=127.0.0.1, host=localhost:9008, content-length=212, http-client-ip=127.0.0.1, user-agent=Python-urllib/2.7, accept-encoding=identity}, params, {NanoHttpd.QUERY_STRING={"params": [{"childOrSiblingSelector": [], "text": "Unfortunately, AnTuTu Benchmark has stopped.", "mask": 1, "childOrSibling": []}], "jsonrpc": "2.0", "method": "exist", "id": "b440a0bd5111934182e9f15eb88b5cbf"}, {"params": [{"childOrSiblingSelector": [], "text": "Unfortunately, AnTuTu Benchmark has stopped.", "mask": 1, "childOrSibling": []}], "jsonrpc": "2.0", "method": "exist", "id": "b440a0bd5111934182e9f15eb88b5cbf"}=}, files: {}
04-23 16:33:52.892 D/UIAutomatorStub(18199): URI: /jsonrpc/0, Method: POST, Header: {content-type=application/json, connection=close, remote-addr=127.0.0.1, host=localhost:9008, content-length=172, http-client-ip=127.0.0.1, user-agent=Python-urllib/2.7, accept-encoding=identity}, params, {{"params": [{"childOrSiblingSelector": [], "text": "Show", "mask": 1, "childOrSibling": []}], "jsonrpc": "2.0", "method": "exist", "id": "e3e657710ccbdfc4aa520f5720b7e6c3"}=, NanoHttpd.QUERY_STRING={"params": [{"childOrSiblingSelector": [], "text": "Show", "mask": 1, "childOrSibling": []}], "jsonrpc": "2.0", "method": "exist", "id": "e3e657710ccbdfc4aa520f5720b7e6c3"}}, files: {}
04-23 16:33:52.942 D/dalvikvm(18199): GC_CONCURRENT freed 404K, 78% free 1144K/5120K, paused 3ms+1ms, total 18ms
04-23 16:33:55.012 D/UIAutomatorStub(18199): URI: /jsonrpc/0, Method: POST, Header: {content-type=application/json, connection=close, remote-addr=127.0.0.1, host=localhost:9008, content-length=212, http-client-ip=127.0.0.1, user-agent=Python-urllib/2.7, accept-encoding=identity}, params, {{"params": [{"childOrSiblingSelector": [], "text": "Unfortunately, AnTuTu Benchmark has stopped.", "mask": 1, "childOrSibling": []}], "jsonrpc": "2.0", "method": "exist", "id": "fae3e4ab708558b064e1b4ddf90e2363"}=, NanoHttpd.QUERY_STRING={"params": [{"childOrSiblingSelector": [], "text": "Unfortunately, AnTuTu Benchmark has stopped.", "mask": 1, "childOrSibling": []}], "jsonrpc": "2.0", "method": "exist", "id": "fae3e4ab708558b064e1b4ddf90e2363"}}, files: {}
04-23 16:33:55.232 D/gralloc (  110): ==USE CPU CACHE OP LLL usage = 0x333==
04-23 16:33:55.232 D/gralloc (  110): ION_HEAP_SYSTEM_MASK alloc
04-23 16:33:55.232 I/ActivityManager(  431): START u0 {flg=0x14000000 cmp=com.antutu.ABenchMark/com.antutu.benchmark.test2d.SpriteTestActivity} from pid 18268
04-23 16:33:55.302 D/dalvikvm(  431): GC_FOR_ALLOC freed 184K, 13% free 9542K/10852K, paused 59ms, total 59ms
04-23 16:33:55.302 I/dalvikvm-heap(  431): Grow heap (frag case) to 9.473MB for 124216-byte allocation
04-23 16:33:55.352 D/dalvikvm(  431): GC_FOR_ALLOC freed 1K, 12% free 9662K/10976K, paused 51ms, total 51ms
04-23 16:33:55.372 D/dalvikvm(18268): Trying to load lib /data/app-lib/com.antutu.ABenchMark-1/libabenchmark.so 0x419a11c8
04-23 16:33:55.372 D/dalvikvm(18268): Shared lib '/data/app-lib/com.antutu.ABenchMark-1/libabenchmark.so' already loaded in same CL 0x419a11c8
04-23 16:33:55.422 D/dalvikvm(18268): GC_CONCURRENT freed 758K, 51% free 7121K/14396K, paused 6ms+9ms, total 51ms
04-23 16:33:55.442 D/gralloc (  110): ION_HEAP_CARVEOUT_MASK alloc
04-23 16:33:55.442 D/gralloc (  110): ION_HEAP_CARVEOUT_MASK alloc
04-23 16:33:55.472 D/gralloc (  110): ION_HEAP_CARVEOUT_MASK alloc
04-23 16:33:55.482 D/gralloc (  110): ION_HEAP_CARVEOUT_MASK alloc
04-23 16:33:55.512 D/gralloc (  110): ION_HEAP_CARVEOUT_MASK alloc
04-23 16:33:55.522 I/wpa_supplicant(  639): [CTRL_IFACE]wlan0: SIGNAL_POLL
04-23 16:33:55.582 I/ActivityManager(  431): Displayed com.antutu.ABenchMark/com.antutu.benchmark.test2d.SpriteTestActivity: +224ms
04-23 16:33:55.642 D/gralloc (  110): ION_HEAP_CARVEOUT_MASK alloc
04-23 16:33:55.652 D/gralloc (  110): ION_HEAP_CARVEOUT_MASK alloc
04-23 16:33:56.112 D/UIAutomatorStub(18199): URI: /jsonrpc/0, Method: POST, Header: {content-type=application/json, connection=close, remote-addr=127.0.0.1, host=localhost:9008, content-length=172, http-client-ip=127.0.0.1, user-agent=Python-urllib/2.7, accept-encoding=identity}, params, {{"params": [{"childOrSiblingSelector": [], "text": "Show", "mask": 1, "childOrSibling": []}], "jsonrpc": "2.0", "method": "exist", "id": "ab4bf52ed335f7207571bb65924f99c8"}=, NanoHttpd.QUERY_STRING={"params": [{"childOrSiblingSelector": [], "text": "Show", "mask": 1, "childOrSibling": []}], "jsonrpc": "2.0", "method": "exist", "id": "ab4bf52ed335f7207571bb65924f99c8"}}, files: {}
04-23 16:33:58.162 D/dalvikvm(18199): GC_CONCURRENT freed 427K, 79% free 1100K/5112K, paused 2ms+1ms, total 21ms
04-23 16:33:58.172 D/UIAutomatorStub(18199): URI: /jsonrpc/0, Method: POST, Header: {content-type=application/json, connection=close, remote-addr=127.0.0.1, host=localhost:9008, content-length=212, http-client-ip=127.0.0.1, user-agent=Python-urllib/2.7, accept-encoding=identity}, params, {{"params": [{"childOrSiblingSelector": [], "text": "Unfortunately, AnTuTu Benchmark has stopped.", "mask": 1, "childOrSibling": []}], "jsonrpc": "2.0", "method": "exist", "id": "84b800c886bdb69f566a6b50087a28fd"}=, NanoHttpd.QUERY_STRING={"params": [{"childOrSiblingSelector": [], "text": "Unfortunately, AnTuTu Benchmark has stopped.", "mask": 1, "childOrSibling": []}], "jsonrpc": "2.0", "method": "exist", "id": "84b800c886bdb69f566a6b50087a28fd"}}, files: {}
04-23 16:33:58.212 D/UIAutomatorStub(18199): URI: /jsonrpc/0, Method: POST, Header: {content-type=application/json, connection=close, remote-addr=127.0.0.1, host=localhost:9008, content-length=172, http-client-ip=127.0.0.1, user-agent=Python-urllib/2.7, accept-encoding=identity}, params, {{"params": [{"childOrSiblingSelector": [], "text": "Show", "mask": 1, "childOrSibling": []}], "jsonrpc": "2.0", "method": "exist", "id": "c025dc1d05034720021df1392db3adf5"}=, NanoHttpd.QUERY_STRING={"params": [{"childOrSiblingSelector": [], "text": "Show", "mask": 1, "childOrSibling": []}], "jsonrpc": "2.0", "method": "exist", "id": "c025dc1d05034720021df1392db3adf5"}}, files: {}
04-23 16:33:58.532 I/wpa_supplicant(  639): [CTRL_IFACE]wlan0: SIGNAL_POLL
04-23 16:34:00.342 D/UIAutomatorStub(18199): URI: /jsonrpc/0, Method: POST, Header: {content-type=application/json, connection=close, remote-addr=127.0.0.1, host=localhost:9008, content-length=212, http-client-ip=127.0.0.1, user-agent=Python-urllib/2.7, accept-encoding=identity}, params, {{"params": [{"childOrSiblingSelector": [], "text": "Unfortunately, AnTuTu Benchmark has stopped.", "mask": 1, "childOrSibling": []}], "jsonrpc": "2.0", "method": "exist", "id": "524cb2e1aa695f4524d99b675bf1682a"}=, NanoHttpd.QUERY_STRING={"params": [{"childOrSiblingSelector": [], "text": "Unfortunately, AnTuTu Benchmark has stopped.", "mask": 1, "childOrSibling": []}], "jsonrpc": "2.0", "method": "exist", "id": "524cb2e1aa695f4524d99b675bf1682a"}}, files: {}
04-23 16:34:00.382 D/dalvikvm(18199): GC_CONCURRENT freed 367K, 78% free 1155K/5112K, paused 4ms+1ms, total 32ms
04-23 16:34:00.392 D/UIAutomatorStub(18199): URI: /jsonrpc/0, Method: POST, Header: {content-type=application/json, connection=close, remote-addr=127.0.0.1, host=localhost:9008, content-length=172, http-client-ip=127.0.0.1, user-agent=Python-urllib/2.7, accept-encoding=identity}, params, {{"params": [{"childOrSiblingSelector": [], "text": "Show", "mask": 1, "childOrSibling": []}], "jsonrpc": "2.0", "method": "exist", "id": "4b230d7380f3196215578dd7061bc22c"}=, NanoHttpd.QUERY_STRING={"params": [{"childOrSiblingSelector": [], "text": "Show", "mask": 1, "childOrSibling": []}], "jsonrpc": "2.0", "method": "exist", "id": "4b230d7380f3196215578dd7061bc22c"}}, files: {}
04-23 16:34:01.532 I/wpa_supplicant(  639): [CTRL_IFACE]wlan0: SIGNAL_POLL
04-23 16:34:02.432 D/UIAutomatorStub(18199): URI: /jsonrpc/0, Method: POST, Header: {content-type=application/json, connection=close, remote-addr=127.0.0.1, host=localhost:9008, content-length=212, http-client-ip=127.0.0.1, user-agent=Python-urllib/2.7, accept-encoding=identity}, params, {{"params": [{"childOrSiblingSelector": [], "text": "Unfortunately, AnTuTu Benchmark has stopped.", "mask": 1, "childOrSibling": []}], "jsonrpc": "2.0", "method": "exist", "id": "43622c20c537c4cda35ff6573bfe1d75"}=, NanoHttpd.QUERY_STRING={"params": [{"childOrSiblingSelector": [], "text": "Unfortunately, AnTuTu Benchmark has stopped.", "mask": 1, "childOrSibling": []}], "jsonrpc": "2.0", "method": "exist", "id": "43622c20c537c4cda35ff6573bfe1d75"}}, files: {}
04-23 16:34:02.782 D/UIAutomatorStub(18199): URI: /jsonrpc/0, Method: POST, Header: {content-type=application/json, connection=close, remote-addr=127.0.0.1, host=localhost:9008, content-length=172, http-client-ip=127.0.0.1, user-agent=Python-urllib/2.7, accept-encoding=identity}, params, {NanoHttpd.QUERY_STRING={"params": [{"childOrSiblingSelector": [], "text": "Show", "mask": 1, "childOrSibling": []}], "jsonrpc": "2.0", "method": "exist", "id": "6a0250c45e5c1b88c826a5c1f49289bf"}, {"params": [{"childOrSiblingSelector": [], "text": "Show", "mask": 1, "childOrSibling": []}], "jsonrpc": "2.0", "method": "exist", "id": "6a0250c45e5c1b88c826a5c1f49289bf"}=}, files: {}
04-23 16:34:02.792 D/dalvikvm(18199): GC_CONCURRENT freed 422K, 78% free 1139K/5112K, paused 1ms+1ms, total 12ms
04-23 16:34:02.902 D/DynamicPowerPolicyChangeThread(  431): set policy extremity, temp=70.0
04-23 16:34:04.532 I/wpa_supplicant(  639): [CTRL_IFACE]wlan0: SIGNAL_POLL
04-23 16:34:04.812 D/UIAutomatorStub(18199): URI: /jsonrpc/0, Method: POST, Header: {content-type=application/json, connection=close, remote-addr=127.0.0.1, host=localhost:9008, content-length=212, http-client-ip=127.0.0.1, user-agent=Python-urllib/2.7, accept-encoding=identity}, params, {{"params": [{"childOrSiblingSelector": [], "text": "Unfortunately, AnTuTu Benchmark has stopped.", "mask": 1, "childOrSibling": []}], "jsonrpc": "2.0", "method": "exist", "id": "fe47ed5f586094c50d0024f0a5968fba"}=, NanoHttpd.QUERY_STRING={"params": [{"childOrSiblingSelector": [], "text": "Unfortunately, AnTuTu Benchmark has stopped.", "mask": 1, "childOrSibling": []}], "jsonrpc": "2.0", "method": "exist", "id": "fe47ed5f586094c50d0024f0a5968fba"}}, files: {}
04-23 16:34:04.842 D/UIAutomatorStub(18199): URI: /jsonrpc/0, Method: POST, Header: {content-type=application/json, connection=close, remote-addr=127.0.0.1, host=localhost:9008, content-length=172, http-client-ip=127.0.0.1, user-agent=Python-urllib/2.7, accept-encoding=identity}, params, {{"params": [{"childOrSiblingSelector": [], "text": "Show", "mask": 1, "childOrSibling": []}], "jsonrpc": "2.0", "method": "exist", "id": "c5d82dad1b0c28adc1b91493d4125364"}=, NanoHttpd.QUERY_STRING={"params": [{"childOrSiblingSelector": [], "text": "Show", "mask": 1, "childOrSibling": []}], "jsonrpc": "2.0", "method": "exist", "id": "c5d82dad1b0c28adc1b91493d4125364"}}, files: {}
04-23 16:34:05.392 D/gralloc (  110): ==USE CPU CACHE OP LLL usage = 0x333==
04-23 16:34:05.392 D/gralloc (  110): ION_HEAP_SYSTEM_MASK alloc
04-23 16:34:05.462 D/dalvikvm(  431): GC_FOR_ALLOC freed 414K, 13% free 9555K/10976K, paused 57ms, total 57ms
04-23 16:34:05.512 D/gralloc (  110): ION_HEAP_CARVEOUT_MASK alloc
04-23 16:34:05.512 D/gralloc (  110): ION_HEAP_CARVEOUT_MASK alloc
04-23 16:34:05.542 D/gralloc (  110): ION_HEAP_CARVEOUT_MASK alloc
04-23 16:34:05.672 I/ActivityManager(  431): START u0 {flg=0x14000000 cmp=com.antutu.ABenchMark/com.antutu.benchmark.test2d.ParticleTestActivity} from pid 18268
04-23 16:34:05.722 D/gralloc (  110): ==USE CPU CACHE OP LLL usage = 0x333==
04-23 16:34:05.722 D/gralloc (  110): ION_HEAP_SYSTEM_MASK alloc
04-23 16:34:05.782 D/dalvikvm(  431): GC_FOR_ALLOC freed 271K, 14% free 9548K/10976K, paused 50ms, total 50ms
04-23 16:34:05.822 D/gralloc (  110): ION_HEAP_CARVEOUT_MASK alloc
04-23 16:34:05.822 D/gralloc (  110): ION_HEAP_CARVEOUT_MASK alloc
04-23 16:34:05.842 D/gralloc (  110): ION_HEAP_CARVEOUT_MASK alloc
04-23 16:34:05.852 D/gralloc (  110): ION_HEAP_CARVEOUT_MASK alloc
04-23 16:34:05.902 D/gralloc (  110): ION_HEAP_CARVEOUT_MASK alloc
04-23 16:34:05.922 I/ActivityManager(  431): Displayed com.antutu.ABenchMark/com.antutu.benchmark.test2d.ParticleTestActivity: +138ms
04-23 16:34:05.932 D/gralloc (  110): ION_HEAP_CARVEOUT_MASK alloc
04-23 16:34:06.002 D/dalvikvm(18268): GC_CONCURRENT freed 647K, 49% free 7396K/14396K, paused 2ms+3ms, total 48ms
04-23 16:34:06.002 D/dalvikvm(18268): WAIT_FOR_CONCURRENT_GC blocked 32ms
04-23 16:34:06.092 D/gralloc (  110): ION_HEAP_CARVEOUT_MASK alloc
04-23 16:34:06.122 D/gralloc (  110): ION_HEAP_CARVEOUT_MASK alloc
04-23 16:34:06.192 D/dalvikvm(18268): GC_CONCURRENT freed 799K, 48% free 7526K/14396K, paused 3ms+8ms, total 79ms
04-23 16:34:06.902 D/DynamicPowerPolicyChangeThread(  431): set policy performance, temp=87.0
