01-03 03:25:06.130 D/BluetoothMap(  788): Create BluetoothMap proxy object
01-03 03:25:06.130 D/BluetoothManagerService(  450): Message: 30
01-03 03:25:06.130 W/ContextImpl(  788): Calling a method in the system process without a qualified user: android.app.ContextImpl.bindService:1543 android.content.ContextWrapper.bindService:517 android.bluetooth.BluetoothPan.doBind:149 android.bluetooth.BluetoothPan.<init>:141 android.bluetooth.BluetoothAdapter.getProfileProxy:1190 
01-03 03:25:06.140 W/ContextImpl(  788): Calling a method in the system process without a qualified user: android.app.ContextImpl.bindService:1543 android.content.ContextWrapper.bindService:517 android.bluetooth.BluetoothMap.doBind:109 android.bluetooth.BluetoothMap.<init>:102 android.bluetooth.BluetoothAdapter.getProfileProxy:1196 
01-03 03:25:06.180 D/BluetoothManagerService(  450): Message: 30
01-03 03:25:06.180 W/ContextImpl(  788): Calling a method in the system process without a qualified user: android.app.ContextImpl.bindService:1543 android.content.ContextWrapper.bindService:517 android.bluetooth.BluetoothPbap.doBind:164 android.bluetooth.BluetoothPbap.<init>:157 com.android.settings.bluetooth.PbapServerProfile.<init>:68 
01-03 03:25:06.190 D/LocalBluetoothProfileManager(  788): LocalBluetoothProfileManager construction complete
01-03 03:25:06.190 D/BluetoothAdapter(  788): 1104629128: getState() :  mService = null. Returning STATE_OFF
01-03 03:25:06.190 D/BluetoothAdapter(  788): 1104629128: getState() :  mService = null. Returning STATE_OFF
01-03 03:25:06.230 D/BluetoothAdapter(  788): 1104629128: getState() :  mService = null. Returning STATE_OFF
01-03 03:25:06.250 D/BluetoothAdapter(  788): 1104629128: getState() :  mService = null. Returning STATE_OFF
01-03 03:25:06.300 I/ActivityManager(  450): Start proc com.google.android.gms for broadcast com.google.android.gms/com.google.android.location.internal.NlpNetworkProviderSettingsUpdateReceiver: pid=833 uid=10007 gids={50007, 3003, 1007, 1028, 1015, 3007, 2001, 3006}
01-03 03:25:06.370 V/BackupManagerService(  450): Connected to transport ComponentInfo{com.google.android.backuptransport/com.google.android.backup.BackupTransportService}
01-03 03:25:06.370 V/BackupManagerService(  450): Registering transport com.google.android.backuptransport/com.google.android.backup.BackupTransportService::com.google.android.backup/.BackupTransportService = com.android.internal.backup.IBackupTransport$Stub$Proxy@42004490
01-03 03:25:06.580 I/ActivityManager(  450): Start proc com.google.process.gapps for content provider com.google.android.gsf/.settings.GoogleSettingsProvider: pid=853 uid=10007 gids={50007, 3003, 1007, 1028, 1015, 3007, 2001, 3006}
01-03 03:25:06.710 D/dalvikvm(  516): GC_FOR_ALLOC freed 94K, 4% free 5744K/5924K, paused 28ms, total 29ms
01-03 03:25:06.710 I/dalvikvm-heap(  516): Grow heap (frag case) to 16.184MB for 11059216-byte allocation
01-03 03:25:06.770 D/dalvikvm(  516): GC_CONCURRENT freed 2K, 2% free 16542K/16728K, paused 3ms+2ms, total 59ms
01-03 03:25:06.770 D/dalvikvm(  516): WAIT_FOR_CONCURRENT_GC blocked 9ms
01-03 03:25:06.800 D/ConnectivityService(  450): handleConnectivityChange: addresses changed linkProperty[1]: resetMask=0
01-03 03:25:06.800 D/ConnectivityService(  450):    car=removed=[] added=[fe80::222:f4ff:fef9:1147/64,]
01-03 03:25:06.800 D/Nat464Xlat(  450): requiresClat: netType=1, hasIPv4Address=true
01-03 03:25:06.820 D/ConnectivityService(  450): handleConnectivityChange: address are the same reset per doReset linkProperty[1]: resetMask=0
01-03 03:25:06.830 D/Nat464Xlat(  450): requiresClat: netType=1, hasIPv4Address=true
01-03 03:25:06.880 I/GservicesProvider(  853): Gservices pushing to system: true; secure/global: true
01-03 03:25:07.010 D/dalvikvm(  516): GC_FOR_ALLOC freed <1K, 2% free 16543K/16728K, paused 27ms, total 27ms
01-03 03:25:07.010 I/dalvikvm-heap(  516): Grow heap (frag case) to 20.300MB for 4317200-byte allocation
01-03 03:25:07.030 D/dalvikvm(  853): GC_CONCURRENT freed 222K, 6% free 4616K/4876K, paused 13ms+3ms, total 48ms
01-03 03:25:07.030 D/dalvikvm(  516): GC_CONCURRENT freed 0K, 1% free 20759K/20948K, paused 3ms+3ms, total 23ms
01-03 03:25:07.030 D/dalvikvm(  516): WAIT_FOR_CONCURRENT_GC blocked 16ms
01-03 03:25:07.060 D/gralloc (  113): ION_HEAP_CARVEOUT_MASK alloc
01-03 03:25:07.070 D/gralloc (  113): ION_HEAP_CARVEOUT_MASK alloc
01-03 03:25:07.140 D/dalvikvm(  578): GC_CONCURRENT freed 189K, 5% free 4549K/4772K, paused 4ms+25ms, total 98ms
01-03 03:25:07.150 I/Choreographer(  516): Skipped 97 frames!  The application may be doing too much work on its main thread.
01-03 03:25:07.160 I/SurfaceFlinger(  113): Boot is finished (21683 ms)
01-03 03:25:07.160 I/SurfaceFlinger(  113): Total boot time is (26310 ms)
01-03 03:25:07.190 D/dalvikvm(  640): GC_CONCURRENT freed 180K, 4% free 5308K/5528K, paused 7ms+2ms, total 44ms
01-03 03:25:07.250 D/gralloc (  113): ION_HEAP_CARVEOUT_MASK alloc
01-03 03:25:07.250 V/GmsNetworkLocationProvi(  805): onSetRequest: ProviderRequestUnbundled, reportLocation is true and interval is 86400000
01-03 03:25:07.300 D/gralloc (  113): ION_HEAP_CARVEOUT_MASK alloc
01-03 03:25:07.300 D/dalvikvm(  805): GC_CONCURRENT freed 270K, 7% free 4492K/4800K, paused 3ms+2ms, total 23ms
01-03 03:25:07.340 I/ContactLocale(  678): AddressBook Labels [en_US]: [, A, B, C, D, E, F, G, H, I, J, K, L, M, N, O, P, Q, R, S, T, U, V, W, X, Y, Z, , , , , , , , , , , , , , , , , , , , , , , , , , , , , , , , , , , , , , , , , , , , , , , , , , , , , , , , , , , , , , , , , , , , , , , , , , , , , , , , , , , , , , , , , , , , , , , , , , , , , , , , , , , , , , , , , , , , , , , , , , , , , , , , , , , , , , , , , , , , , , , , , , , , , , , , , , , , , , , , , , , , , , , , , , , , , , , , , , , , , , #, ]
01-03 03:25:07.410 V/ProvidersChangedReceiver(  805): calling applySettings
01-03 03:25:07.440 V/GmsNetworkLocationProvi(  805): ENABLE
01-03 03:25:07.440 V/GmsNetworkLocationProvi(  805): SET-REQUEST
01-03 03:25:07.440 V/GmsNetworkLocationProvi(  805): in Handler: ProviderRequestUnbundled, reportLocation is true and interval is 86400000
01-03 03:25:07.530 D/dalvikvm(  805): GC_CONCURRENT freed 261K, 6% free 4677K/4972K, paused 4ms+3ms, total 25ms
01-03 03:25:07.570 D/dalvikvm(  640): GC_CONCURRENT freed 189K, 6% free 5508K/5824K, paused 3ms+5ms, total 31ms
01-03 03:25:07.600 D/dalvikvm(  805): GC_CONCURRENT freed 179K, 7% free 4908K/5224K, paused 3ms+2ms, total 17ms
01-03 03:25:07.600 D/dalvikvm(  805): WAIT_FOR_CONCURRENT_GC blocked 10ms
01-03 03:25:07.610 W/MediaScanner(  578): Error opening directory '/mnt/extsd/', skipping: Permission denied.
01-03 03:25:07.610 W/MediaScanner(  578): Error opening directory '/mnt/usbhost1/', skipping: Permission denied.
01-03 03:25:07.660 D/dalvikvm(  805): GC_CONCURRENT freed 444K, 9% free 4956K/5440K, paused 2ms+4ms, total 24ms
01-03 03:25:07.750 D/dalvikvm(  805): GC_CONCURRENT freed 134K, 4% free 5301K/5472K, paused 2ms+2ms, total 19ms
01-03 03:25:07.800 D/dalvikvm(  640): GC_CONCURRENT freed 217K, 6% free 5688K/6020K, paused 3ms+2ms, total 22ms
01-03 03:25:07.890 W/Settings(  805): Setting airplane_mode_on has moved from android.provider.Settings.System to android.provider.Settings.Global, returning read-only value.
01-03 03:25:07.940 D/dalvikvm(  640): GC_FOR_ALLOC freed 191K, 9% free 5703K/6228K, paused 14ms, total 20ms
01-03 03:25:07.970 D/dalvikvm(  640): GC_FOR_ALLOC freed 78K, 9% free 5700K/6228K, paused 18ms, total 18ms
01-03 03:25:08.030 D/BluetoothAdapter(  788): 1104629128: getState() :  mService = null. Returning STATE_OFF
01-03 03:25:08.080 D/dalvikvm(  805): GC_CONCURRENT freed 807K, 15% free 4990K/5832K, paused 3ms+8ms, total 55ms
01-03 03:25:08.150 I/ActivityManager(  450): Start proc com.google.android.partnersetup for broadcast com.google.android.partnersetup/.PhoneStateReceiver: pid=888 uid=10010 gids={50010, 3003}
01-03 03:25:08.180 D/Tethering(  450): MasterInitialState.processMessage what=3
01-03 03:25:08.180 D/CaptivePortalTracker(  450): NoActiveNetworkState{ when=-1ms what=1 obj=NetworkInfo: type: WIFI[], state: CONNECTED/CONNECTED, reason: (unspecified), extra: "XP-3f", roaming: false, failover: false, isAvailable: true, isConnectedToProvisioningNetwork: false target=com.android.internal.util.StateMachine$SmHandler }
01-03 03:25:08.190 D/dalvikvm(  450): GC_CONCURRENT freed 746K, 9% free 8093K/8884K, paused 12ms+6ms, total 109ms
01-03 03:25:08.240 D/GeofencerStateMachine(  805): Creating GeofencerStateMachine
01-03 03:25:08.280 D/CaptivePortalTracker(  450): DelayedCaptiveCheckState{ when=0 what=1 obj=NetworkInfo: type: WIFI[], state: CONNECTED/CONNECTED, reason: (unspecified), extra: "XP-3f", roaming: false, failover: false, isAvailable: true, isConnectedToProvisioningNetwork: false target=com.android.internal.util.StateMachine$SmHandler }
01-03 03:25:08.280 D/Tethering(  450): MasterInitialState.processMessage what=3
01-03 03:25:08.290 I/GCoreUlr(  805): Ensuring that reporting is stopped because of reasons: (no Google accounts)
01-03 03:25:08.300 D/GCoreFlp(  805): Unknown pending intent to remove.
01-03 03:25:08.300 I/GCoreUlr(  805): Unbound from all location providers
01-03 03:25:08.350 V/GeofencerHelper(  805): Initializing geofence's system cache.
01-03 03:25:08.360 V/ProvidersChangedReceiver(  805): calling applySettings
01-03 03:25:08.390 D/GeofenceStateCache(  805): Recovered 0 geofences.
01-03 03:25:08.480 D/BluetoothAdapter(  788): 1104629128: getState() :  mService = null. Returning STATE_OFF
01-03 03:25:08.530 I/ActivityManager(  450): Start proc com.google.android.music:main for broadcast com.google.android.music/.store.MediaStoreImportService$Receiver: pid=908 uid=10048 gids={50048, 3003, 1028, 1015}
01-03 03:25:08.570 I/GCoreUlr(  805): Ensuring that reporting is stopped because of reasons: (no Google accounts)
01-03 03:25:08.590 D/GCoreFlp(  805): Unknown pending intent to remove.
01-03 03:25:08.590 I/GCoreUlr(  805): Unbound from all location providers
01-03 03:25:08.610 D/dalvikvm(  805): GC_CONCURRENT freed 338K, 14% free 5043K/5832K, paused 1ms+2ms, total 26ms
01-03 03:25:08.880 I/MusicStore(  908): Database version: 75
01-03 03:25:08.920 D/dalvikvm(  908): GC_CONCURRENT freed 193K, 5% free 4568K/4796K, paused 2ms+5ms, total 22ms
01-03 03:25:08.920 W/ContextImpl(  908): Implicit intents with startService are not safe: Intent { act=com.google.android.music.PREFERENCE_SERVICE } android.content.ContextWrapper.bindService:517 com.google.android.music.utils.SafeServiceConnection$ServiceConnectionImp.bindService:98 com.google.android.music.utils.SafeServiceConnection.bindService:259 
01-03 03:25:08.990 W/ContextImpl(  908): Implicit intents with startService are not safe: Intent { act=com.google.android.music.NETWORK_MONITOR_SERVICE } android.content.ContextWrapper.bindService:517 com.google.android.music.utils.SafeServiceConnection$ServiceConnectionImp.bindService:98 com.google.android.music.utils.SafeServiceConnection.bindService:259 
01-03 03:25:09.060 W/GooglePlayServicesUtil(  908): Certificate is not yet valid.
01-03 03:25:09.060 W/GooglePlayServicesUtil(  908): Google Play Store signature invalid.
01-03 03:25:09.070 D/MusicPreferences(  908): Set pref key LogFilesEnabled=false
01-03 03:25:09.100 D/dalvikvm(  908): GC_CONCURRENT freed 296K, 7% free 4722K/5052K, paused 1ms+2ms, total 17ms
01-03 03:25:09.150 I/MediaRouter(  908): Found default route: MediaRouter.RouteInfo{ uniqueId=android/.support.v7.media.SystemMediaRouteProvider:DEFAULT_ROUTE, name=Tablet, description=null, enabled=true, connecting=false, playbackType=0, playbackStream=3, volumeHandling=1, volume=11, volumeMax=15, presentationDisplayId=-1, extras=null, providerPackageName=android }
01-03 03:25:09.160 I/ActivityManager(  450): Delay finish: com.google.android.music/.store.MediaStoreImportService$Receiver
01-03 03:25:09.190 D/MusicPreferences(  908): Set pref key isInvalidAccount=false
01-03 03:25:09.200 I/ActivityManager(  450): Resuming delayed broadcast
01-03 03:25:09.220 I/ActivityManager(  450): Start proc com.android.dialer for broadcast com.android.dialer/.calllog.CallLogReceiver: pid=936 uid=10004 gids={50004, 3003, 1028, 1015}
01-03 03:25:09.230 D/MusicPreferences(  908): Set pref key upgradeSyncDone=false
01-03 03:25:09.320 D/ExtensionsFactory(  936): No custom extensions.
01-03 03:25:09.320 I/ActivityManager(  450): Delay finish: com.android.dialer/.calllog.CallLogReceiver
01-03 03:25:09.350 I/ActivityManager(  450): Resuming delayed broadcast
01-03 03:25:09.370 D/BluetoothManagerService(  450): Message: 30
01-03 03:25:09.380 D/BluetoothManagerService(  450): Message: 30
01-03 03:25:09.380 W/ContextImpl(  450): Calling a method in the system process without a qualified user: android.app.ContextImpl.bindService:1543 android.bluetooth.BluetoothHeadset.doBind:283 android.bluetooth.BluetoothHeadset.<init>:276 android.bluetooth.BluetoothAdapter.getProfileProxy:1181 android.media.AudioService.getBluetoothHeadset:2291 
01-03 03:25:09.380 W/ContextImpl(  450): Calling a method in the system process without a qualified user: android.app.ContextImpl.bindService:1543 android.bluetooth.BluetoothA2dp.doBind:165 android.bluetooth.BluetoothA2dp.<init>:158 android.bluetooth.BluetoothAdapter.getProfileProxy:1184 android.media.AudioService$AudioServiceBroadcastReceiver.onReceive:4237 
01-03 03:25:09.380 V/WiredAccessoryManager(  450): init()
01-03 03:25:09.390 I/DynamicPManagerService(  450): setCpuFrequnecyPolicy flag :2
01-03 03:25:09.390 I/PowerManagerService(  450): Boot animation finished.
01-03 03:25:09.400 I/DynamicPowerPolicyChangeThread(  450): DynamicPowerPolicyChangeThread, {Sensor name="Temperature sensor", vendor="AW.", version=1, type=13, maxRange=125.0, resolution=1.0, power=0.35, minDelay=0}
01-03 03:25:09.400 D/DynamicPManagerService(  450): mMaxPowerEnable = false
01-03 03:25:09.400 D/DynamicPManagerService(  450): updateDynamicPower
01-03 03:25:09.400 D/DynamicPManagerService(  450): enableFantasyMaxPower  = false
01-03 03:25:09.410 I/RecoverySystem(  450): No recovery log file
01-03 03:25:09.430 W/AudioCache(  116): Battery track warning: refCount is already 0
01-03 03:25:09.430 I/ActivityManager(  450): Start proc com.android.providers.calendar for broadcast com.android.providers.calendar/.CalendarReceiver: pid=963 uid=10001 gids={50001, 3003, 1028, 1015}
01-03 03:25:09.490 W/AudioCache(  116): Battery track warning: refCount is already 0
01-03 03:25:09.520 W/AudioCache(  116): Battery track warning: refCount is already 0
01-03 03:25:09.530 I/BootReceiver(  450): Copying audit failures to DropBox
01-03 03:25:09.530 I/BootReceiver(  450): Checking for fsck errors
01-03 03:25:09.560 W/AudioCache(  116): Battery track warning: refCount is already 0
01-03 03:25:09.590 W/AudioCache(  116): Battery track warning: refCount is already 0
01-03 03:25:09.610 I/CalendarProvider2(  963): Created com.android.providers.calendar.CalendarAlarmManager@41d869a8(com.android.providers.calendar.CalendarProvider2@41d7e608)
01-03 03:25:09.630 I/ActivityManager(  450): Delay finish: com.android.providers.downloads/.DownloadReceiver
01-03 03:25:09.650 W/AudioCache(  116): Battery track warning: refCount is already 0
01-03 03:25:09.660 I/ActivityManager(  450): Resuming delayed broadcast
01-03 03:25:09.670 I/ActivityManager(  450): Delay finish: com.google.android.gms/.app.receiver.GetRestrictionsReceiver
01-03 03:25:10.620 D/dalvikvm(  450): GC_CONCURRENT freed 745K, 9% free 8194K/8984K, paused 3ms+4ms, total 50ms
01-03 03:25:10.670 I/CalendarProvider2(  963): Sending notification intent: Intent { act=android.intent.action.PROVIDER_CHANGED dat=content://com.android.calendar }
01-03 03:25:10.670 W/ContentResolver(  963): Failed to get type for: content://com.android.calendar (Unknown URL content://com.android.calendar)
01-03 03:25:10.670 I/ActivityManager(  450): Resuming delayed broadcast
01-03 03:25:10.700 I/ActivityManager(  450): Delay finish: com.google.android.gms/.auth.be.recovery.AccountRecoveryBackgroundService$Receiver
01-03 03:25:10.720 I/ActivityManager(  450): Resuming delayed broadcast
01-03 03:25:10.740 I/ActivityManager(  450): Start proc com.google.android.gms.ui for broadcast com.google.android.gms/.auth.authzen.GcmReceiverService$Receiver: pid=1004 uid=10007 gids={50007, 3003, 1007, 1028, 1015, 3007, 2001, 3006}
01-03 03:25:10.780 V/AuthZen ( 1004): Received broadcast action: android.intent.action.BOOT_COMPLETED
01-03 03:25:10.790 V/AuthZen ( 1004): Received a GCM message.
01-03 03:25:10.790 I/ActivityManager(  450): Delay finish: com.google.android.gms/.auth.authzen.GcmReceiverService$Receiver
01-03 03:25:10.840 I/AuthZen ( 1004): Fetching signing key...
01-03 03:25:10.870 I/AuthZen ( 1004): Signing key fetched successfuly!
01-03 03:25:10.870 I/ActivityManager(  450): Resuming delayed broadcast
01-03 03:25:10.900 I/ActivityManager(  450): Delay finish: com.google.android.gms/.icing.impl.SystemEventReceiver
01-03 03:25:10.960 D/dalvikvm(  833): GC_CONCURRENT freed 259K, 7% free 4516K/4812K, paused 3ms+2ms, total 20ms
01-03 03:25:10.990 I/ActivityManager(  450): Resuming delayed broadcast
01-03 03:25:11.000 I/ActivityManager(  450): Delay finish: com.google.android.gms/.gcm.ServiceAutoStarter
01-03 03:25:11.040 W/GCM     (  853): DIR: /data/data/com.google.android.gms/app_APP /data/data/com.google.android.gsf
01-03 03:25:11.050 D/GCM     (  853): GcmService start Intent { act=android.intent.action.BOOT_COMPLETED flg=0x8000010 cmp=com.google.android.gms/.gcm.GcmService (has extras) } android.intent.action.BOOT_COMPLETED
01-03 03:25:11.340 D/PowerManagerService(  450): mHoldBootFastWakeLock = true
01-03 03:25:13.970 D/GpsLocationProvider(  450): NTP server returned: 1398647599795 (Mon Apr 28 09:13:19 GMT+08:00 2014) reference: 33121 certainty: 47 system time offset: 1398491285816
01-03 03:25:13.970 D/        (  450): Setting time of day to sec=1398647599
04-28 09:13:22.566 D/dalvikvm(  853): GC_CONCURRENT freed 285K, 7% free 4762K/5084K, paused 7ms+3ms, total 41ms
04-28 09:13:23.206 D/GCM     (  853): Connected
04-28 09:13:23.226 I/GCM     (  853): GCM message com.google.android.gsf.gtalkservice 
04-28 09:13:23.266 D/GCM     (  853): Message class fon
04-28 09:13:23.716 D/ConnectivityService(  450): handleInetConditionHoldEnd: net=1, condition=100, published condition=0
04-28 09:13:24.006 D/CaptivePortalTracker(  450): DelayedCaptiveCheckState{ when=-9ms what=2 arg1=1 target=com.android.internal.util.StateMachine$SmHandler }
04-28 09:13:24.006 D/ConnectivityService(  450): setProvNotificationVisible: E visible=false networkType=1 extraInfo=null url=null
04-28 09:13:29.486 D/CaptivePortalTracker(  450): Checking http://74.125.235.206/generate_204
04-28 09:13:29.496 W/ActivityThread(  450): ClassLoader.loadClass: The class loader returned by Thread.getContextClassLoader() may fail for processes that host multiple applications. You should explicitly specify a context class loader. For example: Thread.setContextClassLoader(getClass().getClassLoader());
04-28 09:13:29.926 D/CaptivePortalTracker(  450): isCaptivePortal: ret=false rspCode=204
04-28 09:13:29.926 D/CaptivePortalTracker(  450): Not captive network NetworkInfo: type: WIFI[], state: CONNECTED/CONNECTED, reason: (unspecified), extra: "XP-3f", roaming: false, failover: false, isAvailable: true, isConnectedToProvisioningNetwork: false
04-28 09:13:29.926 D/CaptivePortalTracker(  450): notifyPortalCheckCompleted: captive=false ni=NetworkInfo: type: WIFI[], state: CONNECTED/CONNECTED, reason: (unspecified), extra: "XP-3f", roaming: false, failover: false, isAvailable: true, isConnectedToProvisioningNetwork: false
04-28 09:13:29.926 W/ContextImpl(  450): Calling a method in the system process without a qualified user: android.app.ContextImpl.sendBroadcast:1137 android.net.CaptivePortalTracker.sendNetworkConditionsBroadcast:507 android.net.CaptivePortalTracker.isCaptivePortal:399 android.net.CaptivePortalTracker.access$2600:60 android.net.CaptivePortalTracker$DelayedCaptiveCheckState.processMessage:283 
04-28 09:13:29.926 D/ConnectivityService(  450): captivePortalCheckCompleted: ni=NetworkInfo: type: WIFI[], state: CONNECTED/CONNECTED, reason: (unspecified), extra: "XP-3f", roaming: false, failover: false, isAvailable: true, isConnectedToProvisioningNetwork: false captive=false
04-28 09:13:31.816 I/ActivityManager(  450): Waited long enough for: ServiceRecord{4210d758 u0 com.google.android.gms/.gcm.GcmService}
04-28 09:13:31.816 I/ActivityManager(  450): Resuming delayed broadcast
04-28 09:13:31.866 I/ActivityManager(  450): Start proc com.google.android.onetimeinitializer for broadcast com.google.android.onetimeinitializer/.OneTimeInitializerReceiver: pid=1036 uid=10009 gids={50009}
04-28 09:13:31.986 I/GCoreUlr(  805): Ensuring that reporting is stopped because of reasons: (no Google accounts)
04-28 09:13:31.986 D/GCoreFlp(  805): Unknown pending intent to remove.
04-28 09:13:31.986 I/GCoreUlr(  805): Unbound from all location providers
04-28 09:13:32.016 D/dalvikvm(  805): GC_CONCURRENT freed 343K, 13% free 5111K/5832K, paused 3ms+2ms, total 36ms
04-28 09:13:32.026 V/OneTimeInitializerReceiver( 1036): OneTimeInitializerReceiver.onReceive
04-28 09:13:32.036 I/ActivityManager(  450): Delay finish: com.google.android.onetimeinitializer/.OneTimeInitializerReceiver
04-28 09:13:32.046 V/OneTimeService( 1036): OneTimeService.onHandleIntent
04-28 09:13:32.046 I/ActivityManager(  450): Resuming delayed broadcast
04-28 09:13:32.086 I/ActivityManager(  450): Delay finish: com.google.android.partnersetup/.GooglePartnerSetup
04-28 09:13:32.336 D/dalvikvm(  450): GC_CONCURRENT freed 776K, 10% free 8278K/9104K, paused 5ms+6ms, total 70ms
04-28 09:13:32.356 I/ActivityManager(  450): Resuming delayed broadcast
04-28 09:13:32.366 I/ActivityManager(  450): Delay finish: com.google.android.partnersetup/.RlzPingBroadcastReceiver
04-28 09:13:32.406 I/RlzPingService(  888): Setting next ping for 1398744334326
04-28 09:13:32.406 I/ActivityManager(  450): Resuming delayed broadcast
04-28 09:13:32.436 I/ActivityManager(  450): Delay finish: com.google.android.gsf/.checkin.CheckinService$Receiver
04-28 09:13:32.466 I/CheckinService(  853): Preparing to send checkin request
04-28 09:13:32.476 I/EventLogService(  853): Accumulating logs since 1398476931086
04-28 09:13:32.486 D/dalvikvm(  853): GC_CONCURRENT freed 410K, 9% free 4808K/5260K, paused 3ms+3ms, total 23ms
04-28 09:13:32.546 W/EventLogAggregator(  853): Unknown tag: SYSTEM_AUDIT
04-28 09:13:32.546 W/EventLogAggregator(  853): Unknown tag: faceunlock
04-28 09:13:32.546 W/EventLogAggregator(  853): Unknown tag: faceunlock_failure
04-28 09:13:32.546 W/EventLogAggregator(  853): Unknown tag: faceunlock_recognized
04-28 09:13:32.546 W/EventLogAggregator(  853): Unknown tag: faceunlock_rejected
04-28 09:13:32.646 I/CheckinTask(  853): Sending checkin request (1674 bytes)
04-28 09:13:32.686 D/dalvikvm(  853): GC_CONCURRENT freed 258K, 6% free 4984K/5280K, paused 1ms+4ms, total 22ms
04-28 09:13:39.296 W/ActivityThread(  853): ClassLoader.loadClass: The class loader returned by Thread.getContextClassLoader() may fail for processes that host multiple applications. You should explicitly specify a context class loader. For example: Thread.setContextClassLoader(getClass().getClassLoader());
04-28 09:13:42.736 I/CheckinResponseProcessor(  853): From server: 1 gservices updates and 0 deletes
04-28 09:13:42.816 D/dalvikvm(  853): GC_CONCURRENT freed 391K, 8% free 4979K/5408K, paused 3ms+1ms, total 19ms
04-28 09:13:42.896 I/GservicesProvider(  853): main difference update completed
04-28 09:13:42.926 I/CheckinTask(  853): Checkin success: https://android.clients.google.com/checkin (1 requests sent)
04-28 09:13:42.936 I/ActivityManager(  450): Resuming delayed broadcast
04-28 09:13:42.956 I/ActivityManager(  450): Delay finish: com.google.android.gsf/.checkin.EventLogService$Receiver
04-28 09:13:42.986 I/EventLogService(  853): Aggregate from 1398647612558 (log), 1398476931086 (data)
04-28 09:13:42.986 W/EventLogAggregator(  853): Unknown tag: SYSTEM_AUDIT
04-28 09:13:42.986 W/EventLogAggregator(  853): Unknown tag: faceunlock
04-28 09:13:42.986 W/EventLogAggregator(  853): Unknown tag: faceunlock_failure
04-28 09:13:42.986 W/EventLogAggregator(  853): Unknown tag: faceunlock_recognized
04-28 09:13:42.986 W/EventLogAggregator(  853): Unknown tag: faceunlock_rejected
04-28 09:13:43.006 I/ActivityManager(  450): Resuming delayed broadcast
04-28 09:13:43.036 I/ActivityManager(  450): Delay finish: com.google.android.gsf/.update.SystemUpdateService$Receiver
04-28 09:13:43.056 I/SystemUpdateService(  853): cancelUpdate (empty URL)
04-28 09:13:43.076 I/SystemUpdateService(  853): cancelUpdate (empty URL)
04-28 09:13:43.096 I/ActivityManager(  450): Resuming delayed broadcast
04-28 09:13:43.126 I/ActivityManager(  450): Delay finish: com.android.providers.media/.MediaScannerReceiver
04-28 09:13:43.416 D/dalvikvm(  578): GC_CONCURRENT freed 288K, 7% free 4646K/4968K, paused 2ms+3ms, total 22ms
04-28 09:13:43.676 D/dalvikvm(  578): GC_CONCURRENT freed 304K, 7% free 4725K/5064K, paused 3ms+2ms, total 24ms
04-28 09:13:43.806 W/MediaScanner(  578): Error opening directory '/mnt/extsd/', skipping: Permission denied.
04-28 09:13:43.806 W/MediaScanner(  578): Error opening directory '/mnt/usbhost1/', skipping: Permission denied.
04-28 09:13:43.816 I/ActivityManager(  450): Resuming delayed broadcast
04-28 09:13:43.866 I/ActivityManager(  450): Start proc com.android.mms for broadcast com.android.mms/.transaction.MmsSystemEventReceiver: pid=1087 uid=10013 gids={50013, 3003, 1028, 1015}
04-28 09:13:43.896 D/dalvikvm(  114): GC_EXPLICIT freed 42K, 2% free 4361K/4440K, paused 2ms+3ms, total 51ms
04-28 09:13:43.926 D/dalvikvm(  114): GC_EXPLICIT freed <1K, 2% free 4361K/4440K, paused 2ms+5ms, total 30ms
04-28 09:13:43.976 D/dalvikvm(  114): GC_EXPLICIT freed <1K, 2% free 4361K/4440K, paused 4ms+5ms, total 44ms
04-28 09:13:44.006 D/CountryDetector(  450): The first listener is added
04-28 09:13:44.046 V/MmsConfig( 1087): mnc/mcc: 
04-28 09:13:44.046 V/MmsConfig( 1087): tag: bool value: enabledMMS - true
04-28 09:13:44.046 V/MmsConfig( 1087): tag: int value: maxMessageSize - 307200
04-28 09:13:44.046 V/MmsConfig( 1087): tag: int value: maxImageHeight - 480
04-28 09:13:44.046 V/MmsConfig( 1087): tag: int value: maxImageWidth - 640
04-28 09:13:44.046 V/MmsConfig( 1087): tag: int value: defaultSMSMessagesPerThread - 10000
04-28 09:13:44.046 V/MmsConfig( 1087): tag: int value: defaultMMSMessagesPerThread - 1000
04-28 09:13:44.046 V/MmsConfig( 1087): tag: int value: minMessageCountPerThread - 10
04-28 09:13:44.046 V/MmsConfig( 1087): tag: int value: maxMessageCountPerThread - 5000
04-28 09:13:44.046 V/MmsConfig( 1087): tag: string value: uaProfUrl - http://www.google.com/oha/rdf/ua-profile-kila.xml
04-28 09:13:44.046 V/MmsConfig( 1087): tag: int value: recipientLimit - -1
04-28 09:13:44.046 V/MmsConfig( 1087): tag: bool value: enableMultipartSMS - true
04-28 09:13:44.046 V/MmsConfig( 1087): tag: int value: smsToMmsTextThreshold - -1
04-28 09:13:44.046 V/MmsConfig( 1087): tag: bool value: enableSlideDuration - true
04-28 09:13:44.046 V/MmsConfig( 1087): tag: int value: maxMessageTextSize - -1
04-28 09:13:44.086 I/ActivityManager(  450): Delay finish: com.android.mms/.transaction.MmsSystemEventReceiver
04-28 09:13:44.116 D/Mms:app ( 1087): cancelNotification
04-28 09:13:44.166 I/ActivityManager(  450): Resuming delayed broadcast
04-28 09:13:44.176 I/ActivityManager(  450): Delay finish: com.android.mms/.transaction.SmsReceiver
04-28 09:13:44.196 D/MmsSmsDatabaseHelper(  628): [MmsSmsDb] tableName: threads hasAutoIncrement: CREATE TABLE threads (_id INTEGER PRIMARY KEY AUTOINCREMENT,date INTEGER DEFAULT 0,message_count INTEGER DEFAULT 0,recipient_ids TEXT,snippet TEXT,snippet_cs INTEGER DEFAULT 0,read INTEGER DEFAULT 1,type INTEGER DEFAULT 0,error INTEGER DEFAULT 0,has_attachment INTEGER DEFAULT 0) result: true
04-28 09:13:44.196 D/MmsSmsDatabaseHelper(  628): [MmsSmsDb] tableName: canonical_addresses hasAutoIncrement: CREATE TABLE canonical_addresses (_id INTEGER PRIMARY KEY AUTOINCREMENT,address TEXT) result: true
04-28 09:13:44.196 D/MmsSmsDatabaseHelper(  628): [MmsSmsDb] tableName: part hasAutoIncrement: CREATE TABLE part (_id INTEGER PRIMARY KEY AUTOINCREMENT,mid INTEGER,seq INTEGER DEFAULT 0,ct TEXT,name TEXT,chset INTEGER,cd TEXT,fn TEXT,cid TEXT,cl TEXT,ctt_s INTEGER,ctt_t TEXT,_data TEXT,text TEXT) result: true
04-28 09:13:44.196 D/MmsSmsDatabaseHelper(  628): [MmsSmsDb] tableName: pdu hasAutoIncrement: CREATE TABLE pdu (_id INTEGER PRIMARY KEY AUTOINCREMENT,thread_id INTEGER,date INTEGER,date_sent INTEGER DEFAULT 0,msg_box INTEGER,read INTEGER DEFAULT 0,m_id TEXT,sub TEXT,sub_cs INTEGER,ct_t TEXT,ct_l TEXT,exp INTEGER,m_cls TEXT,m_type INTEGER,v INTEGER,m_size INTEGER,pri INTEGER,rr INTEGER,rpt_a INTEGER,resp_st INTEGER,st INTEGER,tr_id TEXT,retr_st INTEGER,retr_txt TEXT,retr_txt_cs INTEGER,read_status INTEGER,ct_cls INTEGER,resp_txt TEXT,d_tm INTEGER,d_rpt INTEGER,locked INTEGER DEFAULT 0,seen INTEGER DEFAULT 0,text_only INTEGER DEFAULT 0) result: true
04-28 09:13:44.196 D/MmsSmsDatabaseHelper(  628): [getWritableDatabase] hasAutoIncrementThreads: true hasAutoIncrementAddresses: true hasAutoIncrementPart: true hasAutoIncrementPdu: true
04-28 09:13:44.206 D/dalvikvm( 1087): GC_CONCURRENT freed 247K, 6% free 4508K/4792K, paused 2ms+2ms, total 24ms
04-28 09:13:44.236 D/Mms:app ( 1087): cancelNotification
04-28 09:13:44.246 I/ActivityManager(  450): Resuming delayed broadcast
04-28 09:13:44.256 I/ActivityManager(  450): Start proc com.android.onetimeinitializer for broadcast com.android.onetimeinitializer/.OneTimeInitializerReceiver: pid=1118 uid=10015 gids={50015}
04-28 09:13:44.286 V/OneTimeInitializerRece( 1118): OneTimeInitializerReceiver.onReceive
04-28 09:13:44.296 I/ActivityManager(  450): Delay finish: com.android.onetimeinitializer/.OneTimeInitializerReceiver
04-28 09:13:44.306 I/ActivityManager(  450): Resuming delayed broadcast
04-28 09:13:44.316 I/ActivityManager(  450): Start proc com.android.vending for broadcast com.android.vending/com.google.android.finsky.receivers.BootCompletedReceiver: pid=1134 uid=10016 gids={50016, 3003, 1028, 1015}
04-28 09:13:44.666 D/dalvikvm(  853): GC_CONCURRENT freed 439K, 11% free 4929K/5508K, paused 2ms+2ms, total 19ms
04-28 09:13:44.676 D/Finsky  ( 1134): [1] FinskyApp.onCreate: Initializing network with DFE https://android.clients.google.com/fdfe/
04-28 09:13:44.716 D/dalvikvm( 1134): GC_CONCURRENT freed 224K, 6% free 4532K/4792K, paused 3ms+2ms, total 17ms
04-28 09:13:44.726 D/Finsky  ( 1134): [1] DailyHygiene.goMakeHygieneIfDirty: Dirty, need more hygiene.
04-28 09:13:44.766 W/Settings( 1134): Setting download_manager_max_bytes_over_mobile has moved from android.provider.Settings.Secure to android.provider.Settings.Global.
04-28 09:13:44.776 W/Settings( 1134): Setting download_manager_recommended_max_bytes_over_mobile has moved from android.provider.Settings.Secure to android.provider.Settings.Global.
04-28 09:13:44.786 W/Finsky  ( 1134): [1] FinskyApp.getCurrentAccount: No account configured on this device.
04-28 09:13:44.786 W/Finsky  ( 1134): [1] FinskyApp.getDfeApi: No account configured on this device.
04-28 09:13:44.816 I/ActivityManager(  450): Start proc com.google.android.googlequicksearchbox:search for broadcast com.google.android.googlequicksearchbox/com.google.android.search.core.StartUpReceiver: pid=1167 uid=10020 gids={50020, 3003, 1028, 3002, 1015}
04-28 09:13:44.896 D/Finsky  ( 1134): [1] GmsCoreHelper.cleanupNlp: result=false type=4
04-28 09:13:44.916 D/Finsky  ( 1134): [1] RestoreTracker.stopServiceIfDone: Restore complete with 0 success and 0 failed.
04-28 09:13:45.626 D/dalvikvm( 1167): GC_CONCURRENT freed 202K, 5% free 4579K/4812K, paused 3ms+1ms, total 26ms
04-28 09:13:45.656 I/Velvet.VelvetFactory( 1167): checking for language pack updates
04-28 09:13:45.676 I/Velvet.VelvetFactory( 1167): refreshing internal icing corpora
04-28 09:13:45.696 D/dalvikvm( 1167): GC_CONCURRENT freed 220K, 5% free 4767K/5016K, paused 2ms+2ms, total 19ms
04-28 09:13:45.716 D/HandsFreeIntentActivity( 1167): shouldBeEnabled: locale=en-US
04-28 09:13:45.716 D/HandsFreeIntentActivity( 1167): Voice dialer enabled state: true
04-28 09:13:45.716 I/ActivityManager(  450): Delay finish: com.google.android.googlequicksearchbox/com.google.android.search.core.StartUpReceiver
04-28 09:13:45.726 I/Velvet.VelvetFactory( 1167): refreshing search history.
04-28 09:13:45.726 W/Search.ConcurrentUtils( 1167): Executor queue length is now 5. Perhaps some tasks are too long, or the pool is too small. [IntentService[Velvet.VelvetBackgroundTasksImpl]]
04-28 09:13:45.726 W/Search.ConcurrentUtils( 1167): Executor queue length is now 6. Perhaps some tasks are too long, or the pool is too small. [IntentService[Velvet.VelvetBackgroundTasksImpl]]
04-28 09:13:45.756 I/Icing.InternalIcingCorporaProvider( 1167): Updating corpora: A: MAYBE, C: MAYBE
04-28 09:13:45.826 W/ResourceType(  450): Failure getting entry for 0x7f060000 (t=5 e=0) in package 0 (error -75)
04-28 09:13:45.826 D/dalvikvm( 1167): GC_CONCURRENT freed 216K, 5% free 5063K/5316K, paused 5ms+5ms, total 26ms
04-28 09:13:45.826 D/dalvikvm( 1167): WAIT_FOR_CONCURRENT_GC blocked 19ms
04-28 09:13:45.836 D/dalvikvm( 1167): WAIT_FOR_CONCURRENT_GC blocked 28ms
04-28 09:13:45.856 I/Search.RefreshSearchDomainAndCookiesTask( 1167): refreshing search domain
04-28 09:13:45.896 W/Sidekick_LocationOracleImpl( 1167): Best location was null
04-28 09:13:45.966 W/Search.SearchUrlHelper( 1167): Auth token not ready, no auth header set.
04-28 09:13:45.996 W/Search.SearchUrlHelper( 1167): Auth token not ready, no auth header set.
04-28 09:13:46.016 D/dalvikvm( 1167): GC_CONCURRENT freed 118K, 3% free 5364K/5520K, paused 2ms+2ms, total 28ms
04-28 09:13:46.126 D/dalvikvm(  833): No JNI_OnLoad found in /system/lib/libAppDataSearch.so 0x41d6fda8, skipping init
04-28 09:13:46.126 D/dalvikvm(  833): GC_CONCURRENT freed 248K, 6% free 4657K/4940K, paused 3ms+2ms, total 18ms
04-28 09:13:46.136 D/Icing   (  833): Default language: en
04-28 09:13:46.136 D/Icing   (  833): Init last flush num docs 86 last docstore size 23296
04-28 09:13:46.136 D/Icing   (  833): Docid map file has data, scanning...
04-28 09:13:46.136 D/Icing   (  833): Scanning /data/data/com.google.android.gms/files/AppDataSearch/main/cur/ds.docids found 86 documents, last docstore location 23040
04-28 09:13:46.136 D/Icing   (  833): File /data/data/com.google.android.gms/files/AppDataSearch/main/cur/ds.perdocdata contains 86 records of size 6
04-28 09:13:46.156 D/Icing   (  833): Corpus scoring data inited successfully num corpora 2
04-28 09:13:46.156 D/Icing   (  833): Init docstore ok num docs 86 bytes 23296
04-28 09:13:46.186 V/Icing   (  833): Lite index crc computed in 0.681ms
04-28 09:13:46.186 V/Icing   (  833): Lite index init ok in 12.146ms
04-28 09:13:46.186 V/Icing   (  833): Warming lite-index took 0.015ms
04-28 09:13:46.186 V/Icing   (  833): Warming lexicon took 2.833ms
04-28 09:13:46.186 V/Icing   (  833): Warming display mappings took 0.014ms
04-28 09:13:46.186 D/Icing   (  833): Init index ok num docs 86
04-28 09:13:46.186 D/Icing   (  833): Init done
04-28 09:13:46.426 D/dalvikvm(  833): GC_CONCURRENT freed 364K, 8% free 4696K/5096K, paused 2ms+2ms, total 28ms
04-28 09:13:47.476 D/dalvikvm( 1167): GC_CONCURRENT freed 329K, 7% free 5432K/5800K, paused 2ms+3ms, total 29ms
04-28 09:13:47.546 D/dalvikvm(  450): GC_CONCURRENT freed 835K, 10% free 8306K/9188K, paused 3ms+6ms, total 62ms
04-28 09:13:50.866 D/PowerManagerService(  450): mHoldBootFastWakeLock = true
04-28 09:13:51.756 D/dalvikvm( 1167): GC_CONCURRENT freed 364K, 7% free 5457K/5856K, paused 6ms+7ms, total 37ms
04-28 09:13:51.866 D/dalvikvm( 1167): GC_CONCURRENT freed 379K, 7% free 5590K/6004K, paused 3ms+8ms, total 36ms
04-28 09:13:51.876 D/dalvikvm( 1167): WAIT_FOR_CONCURRENT_GC blocked 8ms
04-28 09:13:52.176 D/dalvikvm( 1167): GC_CONCURRENT freed 537K, 10% free 5536K/6128K, paused 5ms+5ms, total 35ms
04-28 09:13:52.176 D/dalvikvm( 1167): WAIT_FOR_CONCURRENT_GC blocked 26ms
04-28 09:13:52.286 D/dalvikvm( 1167): GC_CONCURRENT freed 492K, 12% free 5450K/6128K, paused 4ms+6ms, total 29ms
04-28 09:13:52.586 W/Search.LoginHelper( 1167): blockingGetGaiaWebLoginLink: account null, returning.
04-28 09:13:52.606 I/Search.GservicesUpdateTask( 1167): Updating Gservices keys
04-28 09:13:52.636 W/GAV2    ( 1167): Thread[Thread-96,5,main]: Need to call initialize() and be in fallback mode to start dispatch.
04-28 09:13:52.646 W/GAV2    ( 1167): Thread[Thread-96,5,main]: dispatch call queued.  Need to call GAServiceManager.getInstance().initialize().
04-28 09:13:52.686 I/UpdateLanguagePacksTask( 1167): Checking for language pack updates.
04-28 09:13:52.756 D/dalvikvm( 1167): GC_CONCURRENT freed 366K, 11% free 5499K/6128K, paused 10ms+5ms, total 43ms
04-28 09:13:52.806 I/Search.RefreshSearchDomainAndCookiesTask( 1167): refreshing search domain
04-28 09:13:52.826 W/Search.SearchUrlHelper( 1167): Auth token not ready, no auth header set.
04-28 09:13:53.066 W/Search.LoginHelper( 1167): blockingGetGaiaWebLoginLink: account null, returning.
04-28 09:13:53.076 I/ActivityManager(  450): Resuming delayed broadcast
04-28 09:13:53.086 V/GelStubAppWatcher( 1167): onReceive: android.intent.action.BOOT_COMPLETED
04-28 09:13:53.106 I/ActivityManager(  450): Start proc com.google.android.calendar for broadcast com.google.android.calendar/com.android.calendar.alerts.AlertReceiver: pid=1232 uid=10026 gids={50026, 3003}
04-28 09:13:53.276 D/AlertReceiver( 1232): onReceive: a=android.intent.action.BOOT_COMPLETED Intent { act=android.intent.action.BOOT_COMPLETED flg=0x8000010 cmp=com.google.android.calendar/com.android.calendar.alerts.AlertReceiver (has extras) }
04-28 09:13:53.286 D/AlertUtils( 1232): Flushing old alerts from shared prefs table
04-28 09:13:53.286 I/ActivityManager(  450): Delay finish: com.google.android.calendar/com.android.calendar.alerts.AlertReceiver
04-28 09:13:53.296 D/AlertService( 1232): 0 Action = android.intent.action.BOOT_COMPLETED
04-28 09:13:53.296 D/AlertService( 1232): Scheduling next alarm with AlarmScheduler. sEventReminderReceived: null
04-28 09:13:53.316 D/AlarmScheduler( 1232): No events found starting within 1 week.
04-28 09:13:57.636 W/GAV2    ( 1167): Thread[GAThread,5,main]: Service unavailable (code=1), will retry.
04-28 09:13:57.636 W/ActivityManager(  450): Unable to start service Intent { act=com.google.android.gms.analytics.service.START cmp=com.google.android.gms/.analytics.service.AnalyticsService (has extras) } U=0: not found
04-28 09:13:57.646 I/GAV2    ( 1167): Thread[GAThread,5,main]: No campaign data found.
04-28 09:13:58.646 D/dalvikvm( 1167): GC_CONCURRENT freed 366K, 7% free 5525K/5940K, paused 4ms+5ms, total 30ms
04-28 09:14:02.646 W/GAV2    ( 1167): Thread[Service Reconnect,5,main]: Service unavailable (code=1), using local store.
04-28 09:14:02.646 W/ActivityManager(  450): Unable to start service Intent { act=com.google.android.gms.analytics.service.START cmp=com.google.android.gms/.analytics.service.AnalyticsService (has extras) } U=0: not found
04-28 09:14:02.676 D/dalvikvm( 1167): GC_CONCURRENT freed 356K, 7% free 5557K/5948K, paused 4ms+2ms, total 29ms
04-28 09:14:08.296 I/ActivityManager(  450): Waited long enough for: ServiceRecord{421c2210 u0 com.google.android.calendar/com.android.calendar.alerts.InitAlarmsService}
04-28 09:14:08.296 I/ActivityManager(  450): Resuming delayed broadcast
04-28 09:14:08.326 I/ActivityManager(  450): Start proc com.android.deskclock for broadcast com.android.deskclock/.AlarmInitReceiver: pid=1262 uid=10029 gids={50029, 1028}
04-28 09:14:08.416 V/AlarmClock( 1262): AlarmInitReceiver android.intent.action.BOOT_COMPLETED
04-28 09:14:08.426 V/AlarmClock( 1262): AlarmInitReceiver - Reset timers and clear stopwatch data
04-28 09:14:08.456 I/AlarmClock( 1262): Displaying next alarm time: ''
04-28 09:14:08.476 V/AlarmClock( 1262): AlarmInitReceiver finished
04-28 09:14:08.496 I/ActivityManager(  450): Start proc com.android.email for broadcast com.android.email/.service.EmailBroadcastReceiver: pid=1278 uid=10032 gids={50032, 3003, 1028, 1015}
04-28 09:14:08.796 D/ActivityThread( 1278): Loading provider com.android.email.provider;com.android.email.notifier: com.android.email.provider.EmailProvider
04-28 09:14:08.876 I/ActivityManager(  450): Delay finish: com.android.email/.service.EmailBroadcastReceiver
04-28 09:14:08.906 D/dalvikvm( 1278): GC_CONCURRENT freed 222K, 6% free 4554K/4812K, paused 4ms+2ms, total 23ms
04-28 09:14:08.956 I/Email   ( 1278): Observing account changes for notifications
04-28 09:14:08.956 W/ActivityManager(  450): Unable to start service Intent { cmp=com.android.email/.service.AttachmentDownloadService } U=0: not found
04-28 09:14:08.976 I/ActivityManager(  450): Delaying start of: ServiceRecord{42199fe0 u0 com.android.exchange/.service.EmailSyncAdapterService}
04-28 09:14:08.996 I/ActivityManager(  450): Start proc com.android.exchange for service com.android.exchange/.service.EmailSyncAdapterService: pid=1301 uid=10033 gids={50033, 3003, 1028, 1015}
04-28 09:14:08.996 I/ActivityManager(  450): Killing 755:com.android.externalstorage/u0a6 (adj 15): empty #17
04-28 09:14:09.006 D/libcheckfile(  450): checkfile_init
04-28 09:14:09.056 W/ActivityManager(  450): Unable to start service Intent { cmp=com.android.email/.service.AttachmentDownloadService } U=0: not found
04-28 09:14:09.176 I/ActivityManager(  450): Resuming delayed broadcast
04-28 09:14:09.206 I/ActivityManager(  450): Killing 678:android.process.acore/u0a2 (adj 15): empty #17
04-28 09:14:09.206 I/ActivityManager(  450): Delay finish: com.google.android.syncadapters.contacts/.ContactsSyncAdapterBroadcastReceiver
04-28 09:14:09.236 I/ActivityManager(  450): Start proc android.process.acore for content provider com.android.providers.contacts/.ContactsProvider2: pid=1319 uid=10002 gids={50002, 3003, 1028, 1015}
04-28 09:14:09.356 D/dalvikvm( 1319): GC_CONCURRENT freed 219K, 6% free 4632K/4884K, paused 3ms+1ms, total 20ms
04-28 09:14:09.496 I/ContactLocale( 1319): AddressBook Labels [en_US]: [, A, B, C, D, E, F, G, H, I, J, K, L, M, N, O, P, Q, R, S, T, U, V, W, X, Y, Z, , , , , , , , , , , , , , , , , , , , , , , , , , , , , , , , , , , , , , , , , , , , , , , , , , , , , , , , , , , , , , , , , , , , , , , , , , , , , , , , , , , , , , , , , , , , , , , , , , , , , , , , , , , , , , , , , , , , , , , , , , , , , , , , , , , , , , , , , , , , , , , , , , , , , , , , , , , , , , , , , , , , , , , , , , , , , , , , , , , , , , #, ]
04-28 09:14:09.586 I/LauncherIconVisibilityManager(  612): Boot has been completed
04-28 09:14:09.586 I/ActivityManager(  450): Killing 788:com.android.settings/1000 (adj 15): empty #17
04-28 09:14:09.586 I/ActivityManager(  450): Resuming delayed broadcast
04-28 09:14:09.596 I/LauncherIconVisibilityManager(  612): Activity has already been disabled: ComponentInfo{com.google.android.inputmethod.latin/com.android.inputmethod.latin.setup.SetupActivity}
04-28 09:14:09.656 D/SoftWinnerReceiver(  450): SoftWinnerReceiver recv ACTION_BOOT_COMPLETED.
04-28 09:14:09.656 I/SoftWinnerReceiver(  450): start softwinner service!
04-28 09:14:09.656 W/ContextImpl(  450): Implicit intents with startService are not safe: Intent { act=com.softwinner.systemserver } android.content.ContextWrapper.startService:494 android.content.ContextWrapper.startService:494 com.softwinner.service.SoftWinnerReceiver.onReceive:55 
04-28 09:14:09.656 W/ContextImpl(  450): Calling a method in the system process without a qualified user: android.app.ContextImpl.startService:1479 android.content.ContextWrapper.startService:494 android.content.ContextWrapper.startService:494 com.softwinner.service.SoftWinnerReceiver.onReceive:55 android.app.ActivityThread.handleReceiver:2419 
04-28 09:14:09.676 I/ActivityManager(  450): Start proc com.softwinner.baseservice for broadcast com.softwinner.baseservice/com.softwinner.service.SoftWinnerServiceReceiver: pid=1334 uid=10058 gids={50058, 1028, 1015, 3003}
04-28 09:14:09.746 I/SoftWinnerServer(  450): Starting SoftWinner Server.....
04-28 09:14:09.746 I/SoftWinnerServer(  450): Starting DisplayManagerService.....
04-28 09:14:09.746 D/DisplayManagerService(  450): DisplayManagerService Starting.......!
04-28 09:14:09.746 I/SoftWinnerServer(  450): Starting WifiDisplayManagerService.....
04-28 09:14:09.746 D/WifiDisplayManagerService(  450): WifiDisplayManagerService Starting.......!
04-28 09:14:09.746 W/ContextImpl(  450): Implicit intents with startService are not safe: Intent { act=com.softwinner.deviceinfoserver } android.content.ContextWrapper.startService:494 com.softwinner.service.SoftWinnerServer.onStart:84 android.app.Service.onStartCommand:450 
04-28 09:14:09.746 I/SoftWinnerServer(  450): Display Manager
04-28 09:14:09.746 I/SoftWinnerServer(  450): WifiDisplay Manager
04-28 09:14:09.746 W/ContextImpl(  450): Calling a method in the system process without a qualified user: android.app.ContextImpl.startService:1479 android.content.ContextWrapper.startService:494 com.softwinner.service.SoftWinnerServer.onStart:84 android.app.Service.onStartCommand:450 android.app.ActivityThread.handleServiceArgs:2702 
04-28 09:14:09.756 W/ContextImpl(  450): Implicit intents with startService are not safe: Intent { act=com.softwinner.otaserver } android.content.ContextWrapper.startService:494 com.softwinner.service.SoftWinnerServer.onStart:86 android.app.Service.onStartCommand:450 
04-28 09:14:09.756 W/ContextImpl(  450): Calling a method in the system process without a qualified user: android.app.ContextImpl.startService:1479 android.content.ContextWrapper.startService:494 com.softwinner.service.SoftWinnerServer.onStart:86 android.app.Service.onStartCommand:450 android.app.ActivityThread.handleServiceArgs:2702 
04-28 09:14:09.766 I/ActivityManager(  450): Start proc com.softwinner.baseservice:baseservice for service com.softwinner.baseservice/com.softwinner.service.SoftWinnerService: pid=1348 uid=10058 gids={50058, 1028, 1015, 3003}
04-28 09:14:09.766 I/ActivityManager(  450): Delay finish: com.softwinner.baseservice/com.softwinner.service.SoftWinnerServiceReceiver
04-28 09:14:09.776 D/OtaService(  450): onCreate
04-28 09:14:09.776 I/dalvikvm(  450): Jit: resizing JitTable from 4096 to 8192
04-28 09:14:09.776 I/ActivityManager(  450): Killing 648:com.android.printspooler/u0a56 (adj 15): empty #17
04-28 09:14:09.786 I/DeviceInfoService(  450): wifi on
04-28 09:14:09.786 I/DeviceInfoService(  450): onReceive BroadcastReceiver
04-28 09:14:09.796 D/OtaService(  450): onreceive action = android.net.conn.CONNECTIVITY_CHANGE
04-28 09:14:09.796 I/OtaService(  450): onReceive BroadcastReceiver
04-28 09:14:09.856 D/CPU Manager(  450): CPU Count: 2
04-28 09:14:09.856 D/CPU Manager(  450): CPU Count: 2
04-28 09:14:09.866 F/Environment(  450): Path requests must specify a user by using UserEnvironment
04-28 09:14:09.866 F/Environment(  450): java.lang.Throwable
04-28 09:14:09.866 F/Environment(  450): 	at android.os.Environment.throwIfUserRequired(Environment.java:783)
04-28 09:14:09.866 F/Environment(  450): 	at android.os.Environment.getExternalStorageDirectory(Environment.java:384)
04-28 09:14:09.866 F/Environment(  450): 	at android.softwinner.utils.StorageManager.getNandTotalSize(StorageManager.java:24)
04-28 09:14:09.866 F/Environment(  450): 	at android.softwinner.utils.UserInfo.getNandInfo(UserInfo.java:51)
04-28 09:14:09.866 F/Environment(  450): 	at com.softwinner.service.DeviceInfoService.getData(DeviceInfoService.java:136)
04-28 09:14:09.866 F/Environment(  450): 	at com.softwinner.service.DeviceInfoService$PostThread.run(DeviceInfoService.java:234)
04-28 09:14:09.896 F/Environment(  450): Path requests must specify a user by using UserEnvironment
04-28 09:14:09.896 F/Environment(  450): java.lang.Throwable
04-28 09:14:09.896 F/Environment(  450): 	at android.os.Environment.throwIfUserRequired(Environment.java:783)
04-28 09:14:09.896 F/Environment(  450): 	at android.os.Environment.getExternalStorageDirectory(Environment.java:384)
04-28 09:14:09.896 F/Environment(  450): 	at android.softwinner.utils.StorageManager.getNandFreeSize(StorageManager.java:41)
04-28 09:14:09.896 F/Environment(  450): 	at android.softwinner.utils.UserInfo.getNandInfo(UserInfo.java:52)
04-28 09:14:09.896 F/Environment(  450): 	at com.softwinner.service.DeviceInfoService.getData(DeviceInfoService.java:136)
04-28 09:14:09.896 F/Environment(  450): 	at com.softwinner.service.DeviceInfoService$PostThread.run(DeviceInfoService.java:234)
04-28 09:14:09.946 D/dalvikvm(  450): GC_CONCURRENT freed 902K, 11% free 8384K/9332K, paused 8ms+5ms, total 74ms
04-28 09:14:09.946 D/dalvikvm(  450): WAIT_FOR_CONCURRENT_GC blocked 29ms
04-28 09:14:17.246 D/PowerManagerService(  450): mHoldBootFastWakeLock = true
04-28 09:14:21.256 I/OtaService(  450): response status:  200
04-28 09:14:21.256 I/OtaService(  450): strBuilder = {"status":"latest_version"}
04-28 09:14:23.306 D/InitAlarmsService( 1232): Clearing and rescheduling alarms.
04-28 09:14:23.316 I/ActivityManager(  450): Killing 908:com.google.android.music:main/u0a48 (adj 15): empty #17
04-28 09:14:24.766 I/ActivityManager(  450): Waited long enough for: ServiceRecord{42176178 u0 com.softwinner.baseservice/com.softwinner.service.SoftWinnerService}
04-28 09:14:24.766 I/ActivityManager(  450): Resuming delayed broadcast
04-28 09:14:24.846 I/ActivityManager(  450): Start proc com.softwinner.update for broadcast com.softwinner.update/.LoaderReceiver: pid=1377 uid=10061 gids={50061, 2001, 1028, 1015, 1023, 3003}
04-28 09:14:24.876 D/dalvikvm(  114): GC_EXPLICIT freed 41K, 2% free 4361K/4440K, paused 2ms+15ms, total 53ms
