04-23 09:57:13.890 I/ActivityManager(  431):             153688 kB: TOTAL
04-23 09:57:13.890 I/ActivityManager(  431):   MemInfo: 26836 kB slab, 204 kB shmem, 204 kB buffers, 63592 kB cached, 117892 kB free
04-23 09:57:13.890 I/ActivityManager(  431):   ZRAM: 972 kB RAM, 131068 kB swap total, 130252 kB swap free
04-23 09:57:14.780 W/ActivityManager(  431): Launch timeout has expired, giving up wake lock!
04-23 09:57:18.220 I/ActivityManager(  431): Start proc com.android.inputmethod.latin for service com.android.inputmethod.latin/.LatinIME: pid=6221 uid=10043 gids={50043, 1028, 1015}
04-23 09:57:19.430 I/ActivityManager(  431): Start proc android.process.acore for content provider com.android.providers.userdictionary/.UserDictionaryProvider: pid=6240 uid=10002 gids={50002, 3003, 1028, 1015}
04-23 09:57:28.220 I/ActivityManager(  431): Start proc com.android.smspush for service com.android.smspush/.WapPushManager: pid=6269 uid=10072 gids={50072}
04-23 09:57:38.200 I/ActivityManager(  431): Start proc com.google.process.location for service com.google.android.gms/com.google.android.location.internal.GoogleLocationManagerService: pid=6294 uid=10006 gids={50006, 3003, 1007, 1028, 1015, 2001, 3006, 3007}
04-23 09:57:38.340 I/ActivityManager(  431): Start proc com.google.android.gms for broadcast com.google.android.gms/.init.InitializeGmsReceiver: pid=6307 uid=10006 gids={50006, 3003, 1007, 1028, 1015, 2001, 3006, 3007}
04-23 09:57:38.770 I/ActivityManager(  431): Start proc com.google.process.gapps for content provider com.google.android.gsf/.gservices.GservicesProvider: pid=6325 uid=10006 gids={50006, 3003, 1007, 1028, 1015, 2001, 3006, 3007}
04-23 09:57:38.900 I/ActivityManager(  431): Delay finish: com.google.android.gms/.init.InitializeGmsReceiver
04-23 09:57:39.200 I/ActivityManager(  431): Resuming delayed broadcast
04-23 09:57:39.310 I/ActivityManager(  431): Killing 6240:android.process.acore/u0a2 (adj 11): empty #2
04-23 09:57:39.420 I/ActivityManager(  431): Process com.antutu.ABenchMark:remote (pid 6187) has died.
04-23 09:57:39.420 I/WindowState(  431): WIN DEATH: Window{41e11790 u0 com.antutu.ABenchMark/com.antutu.ABenchMark.Test3D.OgreActivity}
04-23 09:57:39.430 I/WindowState(  431): WIN DEATH: Window{41e14518 u0 SurfaceView}
04-23 09:57:39.450 I/ActivityManager(  431): Start proc com.antutu.ABenchMark for activity com.antutu.ABenchMark/com.antutu.benchmark.activity.ScoreBenchActivity: pid=6354 uid=10076 gids={50076, 3003, 1028, 1015}
04-23 09:57:39.720 D/ConnectivityService(  431): handleInetConditionChange: no active default network - ignore
04-23 09:57:39.830 I/ActivityManager(  431): Delay finish: com.google.android.gms/.init.InitializeGmsReceiver
04-23 09:57:39.930 I/ActivityManager(  431): Resuming delayed broadcast
04-23 09:57:39.950 I/ActivityManager(  431): Delay finish: com.google.android.gms/.init.InitializeGmsReceiver
04-23 09:57:39.970 I/ActivityManager(  431): Resuming delayed broadcast
04-23 09:57:40.100 I/ActivityManager(  431): START u0 {cmp=com.antutu.ABenchMark/com.antutu.benchmark.activity.aj} from pid 6354
04-23 09:57:40.730 I/WindowManager(  431): Screenshot max retries 4 of Token{41b868b8 ActivityRecord{41d36728 u0 com.antutu.ABenchMark/com.antutu.benchmark.activity.MainActivity t10 f}} appWin=Window{41dcbe40 u0 Starting com.antutu.ABenchMark} drawState=4
04-23 09:57:40.730 W/WindowManager(  431): Screenshot failure taking screenshot for (768x1024) to layer 21005
04-23 09:57:40.790 I/ActivityManager(  431): START u0 {act=android.intent.action.MAIN cat=[android.intent.category.LAUNCHER] flg=0x10000000 pkg=com.antutu.ABenchMark cmp=com.antutu.ABenchMark/.ABenchMarkStart} from pid 6354
04-23 09:57:42.330 W/InputMethodManagerService(  431): Got RemoteException sending setActive(false) notification to pid 6187 uid 10076
04-23 09:57:43.400 I/ActivityManager(  431): Start proc com.android.defcontainer for service com.android.defcontainer/.DefaultContainerService: pid=6481 uid=10003 gids={50003, 1028, 1015, 1023, 2001, 1035}
04-23 09:57:44.310 I/ActivityManager(  431): START u0 {cmp=com.antutu.ABenchMark/com.antutu.benchmark.activity.MainActivity} from pid 6354
04-23 09:57:55.750 I/ActivityManager(  431): Killing 6307:com.google.android.gms/u0a6 (adj 11): empty #2
04-23 09:58:21.900 I/ActivityManager(  431): START u0 {act=android.intent.action.MAIN cat=[android.intent.category.HOME] flg=0x10200000 cmp=com.android.launcher/com.android.launcher2.Launcher} from pid 431
04-23 09:58:21.990 I/ActivityManager(  431): Start proc com.android.launcher for activity com.android.launcher/com.android.launcher2.Launcher: pid=6665 uid=10011 gids={50011}
04-23 09:58:23.210 I/ActivityManager(  431): Start proc com.android.deskclock for service com.android.deskclock/com.android.alarmclock.DigitalAppWidgetService: pid=6690 uid=10028 gids={50028, 1028}
04-23 09:58:23.920 I/ActivityManager(  431): START u0 {act=android.intent.action.MAIN cat=[android.intent.category.HOME] flg=0x10200000 cmp=com.android.launcher/com.android.launcher2.Launcher} from pid 431
04-23 09:58:25.020 I/ActivityManager(  431): START u0 {act=android.intent.action.MAIN cat=[android.intent.category.HOME] flg=0x10200000 cmp=com.android.launcher/com.android.launcher2.Launcher} from pid 431
04-23 09:58:26.130 I/ActivityManager(  431): START u0 {act=com.android.systemui.recent.action.TOGGLE_RECENTS flg=0x10800000 cmp=com.android.systemui/.recent.RecentsActivity} from pid 491
04-23 09:58:27.610 I/ActivityManager(  431): Start proc com.android.vending for service com.android.vending/com.google.android.finsky.services.DailyHygiene: pid=6711 uid=10013 gids={50013, 3003, 1028, 1015}
04-23 09:58:28.160 I/ActivityManager(  431): Start proc android.process.media for content provider com.android.providers.downloads/.DownloadProvider: pid=6743 uid=10004 gids={50004, 1028, 1015, 1023, 1024, 2001, 3003, 3007}
04-23 09:58:29.220 W/InputMethodManagerService(  431): Window already focused, ignoring focus gain of: com.android.internal.view.IInputMethodClient$Stub$Proxy@41d8f180 attribute=null, token = android.os.BinderProxy@41d8c748
04-23 09:58:29.430 I/WindowManager(  431): Screenshot Window{41dd8860 u0 PopupWindow:42c86f00 EXITING} was monochrome(ff000000)! mSurfaceLayer=21020 minLayer=21015 maxLayer=21020
04-23 09:58:29.520 I/ActivityManager(  431): Killing 6354:com.antutu.ABenchMark/u0a76 (adj 16): remove task
04-23 09:58:29.600 W/ActivityManager(  431): Scheduling restart of crashed service com.antutu.ABenchMark/com.antutu.benchmark.BenchmarkService in 458432ms
04-23 09:58:30.240 I/ActivityManager(  431): START u0 {act=android.intent.action.MAIN cat=[android.intent.category.HOME] flg=0x10200000 cmp=com.android.launcher/com.android.launcher2.Launcher} from pid 431
04-23 09:58:30.340 D/ConnectivityService(  431): handleInetConditionChange: no active default network - ignore
04-23 09:58:32.720 I/ActivityManager(  431): START u0 {act=android.intent.action.MAIN cat=[android.intent.category.LAUNCHER] flg=0x10200000 cmp=com.antutu.ABenchMark/.ABenchMarkStart} from pid 6665
04-23 09:58:32.900 I/ActivityManager(  431): Start proc com.antutu.ABenchMark for activity com.antutu.ABenchMark/.ABenchMarkStart: pid=6784 uid=10076 gids={50076, 3003, 1028, 1015}
04-23 09:58:33.310 I/ActivityManager(  431): Killing 6743:android.process.media/u0a4 (adj 11): empty #2
04-23 09:58:33.310 I/ActivityManager(  431): Killing 6690:com.android.deskclock/u0a28 (adj 13): empty #3
04-23 09:58:33.310 I/ActivityManager(  431): Killing 6481:com.android.defcontainer/u0a3 (adj 15): empty #4
04-23 09:58:33.580 W/SocketClient(  107): write error (Broken pipe)
04-23 09:58:33.580 W/SocketClient(  107): write error (Broken pipe)
04-23 09:58:33.580 W/SocketClient(  107): write error (Broken pipe)
04-23 09:58:34.290 W/SocketClient(  107): write error (Broken pipe)
04-23 09:58:35.170 I/ActivityManager(  431): START u0 {cmp=com.antutu.ABenchMark/com.antutu.benchmark.activity.MainActivity} from pid 6784
04-23 09:58:36.120 I/ActivityManager(  431): Start proc com.android.defcontainer for service com.android.defcontainer/.DefaultContainerService: pid=6901 uid=10003 gids={50003, 1028, 1015, 1023, 2001, 1035}
04-23 09:58:37.010 W/SocketClient(  107): write error (Broken pipe)
04-23 09:58:37.020 W/SocketClient(  107): write error (Broken pipe)
04-23 09:58:39.680 I/ActivityManager(  431): START u0 {flg=0x4000000 cmp=com.antutu.ABenchMark/com.antutu.benchmark.activity.IndependentActivity (has extras)} from pid 6784
04-23 09:58:40.720 I/ActivityManager(  431): START u0 {flg=0x14000000 cmp=com.antutu.ABenchMark/com.antutu.benchmark.activity.ScoreBenchActivity (has extras)} from pid 6784
04-23 09:58:58.260 I/ActivityManager(  431): Start proc com.softwinner.baseservice:baseservice for service com.softwinner.baseservice/com.softwinner.service.SoftWinnerService: pid=7024 uid=10065 gids={50065, 1028, 1015, 3003}
04-23 09:59:06.490 D/PowerManagerService(  431): mHoldBootFastWakeLock = true
04-23 10:00:01.950 I/ActivityManager(  431): Start proc com.android.deskclock for broadcast com.android.deskclock/com.android.alarmclock.DigitalAppWidgetProvider: pid=7081 uid=10028 gids={50028, 1028}
04-23 10:00:06.170 D/PowerManagerService(  431): mHoldBootFastWakeLock = true
04-23 10:00:07.080 I/ActivityManager(  431): Killing 6901:com.android.defcontainer/u0a3 (adj 11): empty #2
04-23 10:00:11.010 D/ConnectivityService(  431): handleInetConditionChange: no active default network - ignore
04-23 10:00:11.010 W/SocketClient(  107): write error (Broken pipe)
04-23 10:00:41.250 W/ActivityManager(  431): Duplicate finish request for ActivityRecord{41e5aed8 u0 com.antutu.ABenchMark/com.antutu.benchmark.activity.ScoreBenchActivity t13 f}
04-23 10:00:45.030 I/ActivityManager(  431): START u0 {act=android.intent.action.MAIN cat=[android.intent.category.HOME] flg=0x10200000 cmp=com.android.launcher/com.android.launcher2.Launcher} from pid 431
04-23 10:00:45.200 W/InputMethodManagerService(  431): Starting input on non-focused client com.android.internal.view.IInputMethodClient$Stub$Proxy@41d48ae8 (uid=10076 pid=6784)
04-23 10:00:45.800 I/ActivityManager(  431): START u0 {act=android.intent.action.MAIN cat=[android.intent.category.HOME] flg=0x10200000 cmp=com.android.launcher/com.android.launcher2.Launcher} from pid 431
04-23 10:00:46.900 I/ActivityManager(  431): START u0 {act=com.android.systemui.recent.action.TOGGLE_RECENTS flg=0x10800000 cmp=com.android.systemui/.recent.RecentsActivity} from pid 491
04-23 10:00:49.920 W/InputMethodManagerService(  431): Window already focused, ignoring focus gain of: com.android.internal.view.IInputMethodClient$Stub$Proxy@41c75910 attribute=null, token = android.os.BinderProxy@41d8bca8
04-23 10:00:50.230 I/WindowManager(  431): Screenshot Window{41e2d020 u0 PopupWindow:41af1de8} was monochrome(ff000000)! mSurfaceLayer=21020 minLayer=21015 maxLayer=21020
04-23 10:00:50.230 I/ActivityManager(  431): Killing 6784:com.antutu.ABenchMark/u0a76 (adj 9): remove task
04-23 10:00:50.430 I/WindowState(  431): WIN DEATH: Window{41e8d348 u0 com.antutu.ABenchMark/com.antutu.benchmark.activity.MainActivity}
04-23 10:00:51.060 I/ActivityManager(  431): START u0 {act=android.intent.action.MAIN cat=[android.intent.category.HOME] flg=0x10200000 cmp=com.android.launcher/com.android.launcher2.Launcher} from pid 431
04-23 10:00:52.890 I/ActivityManager(  431): START u0 {act=android.intent.action.MAIN cat=[android.intent.category.LAUNCHER] flg=0x10200000 cmp=com.antutu.ABenchMark/.ABenchMarkStart} from pid 6665
04-23 10:00:53.060 I/ActivityManager(  431): Start proc com.antutu.ABenchMark for activity com.antutu.ABenchMark/.ABenchMarkStart: pid=7185 uid=10076 gids={50076, 3003, 1028, 1015}
04-23 10:00:55.380 I/ActivityManager(  431): START u0 {cmp=com.antutu.ABenchMark/com.antutu.benchmark.activity.MainActivity} from pid 7185
04-23 10:00:56.390 I/ActivityManager(  431): Start proc com.android.defcontainer for service com.android.defcontainer/.DefaultContainerService: pid=7303 uid=10003 gids={50003, 1028, 1015, 1023, 2001, 1035}
04-23 10:00:57.290 W/SocketClient(  107): write error (Broken pipe)
04-23 10:00:59.920 I/ActivityManager(  431): START u0 {flg=0x4000000 cmp=com.antutu.ABenchMark/com.antutu.benchmark.activity.IndependentActivity (has extras)} from pid 7185
04-23 10:01:00.990 I/ActivityManager(  431): START u0 {flg=0x14000000 cmp=com.antutu.ABenchMark/com.antutu.benchmark.activity.ScoreBenchActivity (has extras)} from pid 7185
04-23 10:01:06.170 D/PowerManagerService(  431): mHoldBootFastWakeLock = true
04-23 10:01:07.100 I/ActivityManager(  431): Killing 7081:com.android.deskclock/u0a28 (adj 11): empty #2
04-23 10:02:06.880 W/ProcessCpuTracker(  431): Skipping unknown process pid 7508
04-23 10:02:06.890 D/PowerManagerService(  431): mHoldBootFastWakeLock = true
04-23 10:03:06.170 D/PowerManagerService(  431): mHoldBootFastWakeLock = true
04-23 10:03:21.780 I/ActivityManager(  431): START u0 {flg=0x14000000 cmp=com.antutu.ABenchMark/com.antutu.benchmark.test2d.SpriteTestActivity} from pid 7185
04-23 10:03:29.100 W/SocketClient(  107): write error (Broken pipe)
04-23 10:03:32.160 I/ActivityManager(  431): START u0 {flg=0x14000000 cmp=com.antutu.ABenchMark/com.antutu.benchmark.test2d.ParticleTestActivity} from pid 7185
04-23 10:03:32.220 I/WindowManager(  431): Screenshot Window{41dcbe40 u0 com.antutu.ABenchMark/com.antutu.benchmark.activity.ScoreBenchActivity} was monochrome(ff000000)! mSurfaceLayer=21015 minLayer=21000 maxLayer=21015
04-23 10:03:32.350 D/ConnectivityService(  431): handleInetConditionChange: no active default network - ignore
04-23 10:03:47.570 I/ActivityManager(  431): START u0 {flg=0x14000000 cmp=com.antutu.ABenchMark/.Test3D.OgreActivity} from pid 7185
04-23 10:03:47.740 I/WindowManager(  431): Screenshot Window{41dcbe40 u0 com.antutu.ABenchMark/com.antutu.benchmark.activity.ScoreBenchActivity} was monochrome(ff000000)! mSurfaceLayer=21015 minLayer=21000 maxLayer=21015
04-23 10:03:47.770 I/ActivityManager(  431): Start proc com.antutu.ABenchMark:remote for activity com.antutu.ABenchMark/.Test3D.OgreActivity: pid=7673 uid=10076 gids={50076, 3003, 1028, 1015}
04-23 10:03:53.950 I/ActivityManager(  431): Process com.android.defcontainer (pid 7303) has died.
04-23 10:03:54.140 I/ActivityManager(  431): Process com.android.vending (pid 6711) has died.
04-23 10:03:54.150 W/ActivityManager(  431): Scheduling restart of crashed service com.android.vending/com.google.android.finsky.services.ContentSyncService in 5000ms
04-23 10:03:54.170 I/ActivityManager(  431): Process com.antutu.ABenchMark (pid 7185) has died.
04-23 10:03:54.170 I/WindowState(  431): WIN DEATH: Window{41dcbe40 u0 com.antutu.ABenchMark/com.antutu.benchmark.activity.ScoreBenchActivity}
04-23 10:03:54.170 W/ActivityManager(  431): Scheduling restart of crashed service com.antutu.ABenchMark/com.antutu.benchmark.BenchmarkService in 5000ms
04-23 10:03:54.180 I/WindowState(  431): WIN DEATH: Window{41e27de0 u0 com.antutu.ABenchMark/com.antutu.benchmark.activity.MainActivity}
04-23 10:03:54.230 I/ActivityManager(  431): Process com.android.launcher (pid 6665) has died.
04-23 10:03:54.230 I/WindowState(  431): WIN DEATH: Window{41d96660 u0 com.android.launcher/com.android.launcher2.Launcher}
04-23 10:03:54.260 I/ActivityManager(  431): Process com.softwinner.baseservice:baseservice (pid 7024) has died.
04-23 10:03:54.260 W/ActivityManager(  431): Scheduling restart of crashed service com.softwinner.baseservice/com.softwinner.service.SoftWinnerService in 14912ms
04-23 10:03:54.810 I/ActivityManager(  431): Low on memory:
04-23 10:03:54.810 I/ActivityManager(  431):   ntv   N    12978 kB: uiautomator (2789) native
04-23 10:03:54.810 I/ActivityManager(  431):   ntv   N    12892 kB: zygote (111) native
04-23 10:03:54.810 I/ActivityManager(  431):   ntv   N     4702 kB: mediaserver (113) native
04-23 10:03:54.810 I/ActivityManager(  431):   ntv   N     3217 kB: debuggerd (6353) native
04-23 10:03:54.810 I/ActivityManager(  431):   ntv   N     2490 kB: updatesoftwinner (109) native
04-23 10:03:54.810 I/ActivityManager(  431):   ntv   N     1588 kB: surfaceflinger (110) native
04-23 10:03:54.810 I/ActivityManager(  431):   ntv   N     1130 kB: drmserver (112) native
04-23 10:03:54.810 I/ActivityManager(  431):   ntv   N     1059 kB: logcat (1984) native
04-23 10:03:54.810 I/ActivityManager(  431):   ntv   N     1051 kB: wpa_supplicant (639) native
04-23 10:03:54.810 I/ActivityManager(  431):   ntv   N     1051 kB: logcat (1534) native
04-23 10:03:54.810 I/ActivityManager(  431):   ntv   N      528 kB: netd (107) native
04-23 10:03:54.810 I/ActivityManager(  431):   ntv   N      379 kB: rild (784) native
04-23 10:03:54.810 I/ActivityManager(  431):   ntv   N      378 kB: vold (106) native
04-23 10:03:54.810 I/ActivityManager(  431):   ntv   N      326 kB: keystore (115) native
04-23 10:03:54.810 I/ActivityManager(  431):   ntv   N      290 kB: /init (1) native
04-23 10:03:54.810 I/ActivityManager(  431):   ntv   N      220 kB: adbd (117) native
04-23 10:03:54.810 I/ActivityManager(  431):   ntv   N      205 kB: sh (867) native
04-23 10:03:54.810 I/ActivityManager(  431):   ntv   N      156 kB: u3gmonitor (785) native
04-23 10:03:54.810 I/ActivityManager(  431):   ntv   N      136 kB: healthd (104) native
04-23 10:03:54.810 I/ActivityManager(  431):   ntv   N      107 kB: logwrapper (637) native
04-23 10:03:54.810 I/ActivityManager(  431):   ntv   N      106 kB: installd (114) native
04-23 10:03:54.810 I/ActivityManager(  431):   ntv   N      105 kB: sh (116) native
04-23 10:03:54.810 I/ActivityManager(  431):   ntv   N       82 kB: ueventd (64) native
04-23 10:03:54.810 I/ActivityManager(  431):   ntv   N       58 kB: servicemanager (105) native
04-23 10:03:54.810 I/ActivityManager(  431):   sys   P    25045 kB: system (431) fixed
04-23 10:03:54.810 I/ActivityManager(  431):   pers  P    14358 kB: com.android.systemui (491) fixed
04-23 10:03:54.810 I/ActivityManager(  431):   pers  P     7996 kB: com.android.phone (633) fixed
04-23 10:03:54.810 I/ActivityManager(  431):   fore  T    52913 kB: com.antutu.ABenchMark:remote (7673) top-activity
04-23 10:03:54.810 I/ActivityManager(  431):   vis   IB    8950 kB: com.google.process.location (6294) service
04-23 10:03:54.810 I/ActivityManager(  431):                        com.google.android.gms/com.google.android.location.network.NetworkLocationService<=Proc{431:system/1000}
04-23 10:03:54.810 I/ActivityManager(  431):   vis   IF    3285 kB: com.android.smspush (6269) service
04-23 10:03:54.810 I/ActivityManager(  431):                        com.android.smspush/.WapPushManager<=Proc{633:com.android.phone/1001}
04-23 10:03:54.810 I/ActivityManager(  431):   prcp  IF    8306 kB: com.android.inputmethod.latin (6221) service
04-23 10:03:54.810 I/ActivityManager(  431):                        com.android.inputmethod.latin/.LatinIME<=Proc{431:system/1000}
04-23 10:03:54.810 I/ActivityManager(  431):   svc   S     9740 kB: com.google.process.gapps (6325) started-services
04-23 10:03:54.810 I/ActivityManager(  431):   svc   S        0 kB: com.softwinner.baseservice:baseservice (7024) started-services
04-23 10:03:54.810 I/ActivityManager(  431):   home  HO       0 kB: com.android.launcher (6665) home
04-23 10:03:54.810 I/ActivityManager(  431):   prev  S        0 kB: com.antutu.ABenchMark (7185) cch-started-ui-services
04-23 10:03:54.810 I/ActivityManager(  431):   svcb  S        0 kB: com.android.vending (6711) started-services
04-23 10:03:54.810 I/ActivityManager(  431):             175827 kB: TOTAL
04-23 10:03:54.810 I/ActivityManager(  431):   MemInfo: 27072 kB slab, 200 kB shmem, 252 kB buffers, 64804 kB cached, 103308 kB free
04-23 10:03:54.810 I/ActivityManager(  431):   ZRAM: 1176 kB RAM, 131068 kB swap total, 129892 kB swap free
04-23 10:03:54.950 I/BootReceiver(  431): Copying /data/tombstones/tombstone_03 to DropBox (SYSTEM_TOMBSTONE)
04-23 10:03:55.030 I/ActivityManager(  431): Process com.antutu.ABenchMark:remote (pid 7673) has died.
04-23 10:03:55.030 I/WindowState(  431): WIN DEATH: Window{41db4178 u0 com.antutu.ABenchMark/com.antutu.ABenchMark.Test3D.OgreActivity}
04-23 10:03:55.030 W/ActivityManager(  431): Force removing ActivityRecord{41d47c10 u0 com.antutu.ABenchMark/.Test3D.OgreActivity t15}: app died, no saved state
04-23 10:03:55.030 W/WindowManager(  431): Force-removing child win Window{41e0a838 u0 SurfaceView} from container Window{41db4178 u0 com.antutu.ABenchMark/com.antutu.ABenchMark.Test3D.OgreActivity}
04-23 10:03:55.250 W/WindowManager(  431): Failed looking up window
04-23 10:03:55.250 W/WindowManager(  431): java.lang.IllegalArgumentException: Requested window android.os.BinderProxy@41c80000 does not exist
04-23 10:03:55.250 W/WindowManager(  431): 	at com.android.server.wm.WindowManagerService.windowForClientLocked(WindowManagerService.java:7914)
04-23 10:03:55.250 W/WindowManager(  431): 	at com.android.server.wm.WindowManagerService.windowForClientLocked(WindowManagerService.java:7905)
04-23 10:03:55.250 W/WindowManager(  431): 	at com.android.server.wm.WindowState$DeathRecipient.binderDied(WindowState.java:1040)
04-23 10:03:55.250 W/WindowManager(  431): 	at android.os.BinderProxy.sendDeathNotice(Binder.java:493)
04-23 10:03:55.250 W/WindowManager(  431): 	at dalvik.system.NativeStart.run(Native Method)
04-23 10:03:55.250 I/WindowState(  431): WIN DEATH: null
04-23 10:03:55.280 I/ActivityManager(  431): Start proc com.antutu.ABenchMark for activity com.antutu.ABenchMark/com.antutu.benchmark.activity.ScoreBenchActivity: pid=7704 uid=10076 gids={50076, 3003, 1028, 1015}
04-23 10:03:55.820 I/ActivityManager(  431): START u0 {cmp=com.antutu.ABenchMark/com.antutu.benchmark.activity.aj} from pid 7704
04-23 10:03:56.390 I/WindowManager(  431): Screenshot max retries 4 of Token{41d0b978 ActivityRecord{41cb7330 u0 com.antutu.ABenchMark/com.antutu.benchmark.activity.MainActivity t15 f}} appWin=Window{41db0198 u0 Starting com.antutu.ABenchMark} drawState=4
04-23 10:03:56.390 W/WindowManager(  431): Screenshot failure taking screenshot for (768x1024) to layer 21005
04-23 10:03:56.420 I/ActivityManager(  431): Start proc com.android.launcher for activity com.android.launcher/com.android.launcher2.Launcher: pid=7757 uid=10011 gids={50011}
04-23 10:03:57.410 W/ActivityManager(  431): Launch timeout has expired, giving up wake lock!
04-23 10:03:58.670 I/ActivityManager(  431): Start proc com.android.defcontainer for service com.android.defcontainer/.DefaultContainerService: pid=7778 uid=10003 gids={50003, 1028, 1015, 1023, 2001, 1035}
04-23 10:04:01.120 I/ActivityManager(  431): Start proc com.android.deskclock for service com.android.deskclock/com.android.alarmclock.DigitalAppWidgetService: pid=7812 uid=10028 gids={50028, 1028}
04-23 10:04:06.170 D/PowerManagerService(  431): mHoldBootFastWakeLock = true
04-23 10:04:09.210 I/ActivityManager(  431): Start proc com.softwinner.baseservice:baseservice for service com.softwinner.baseservice/com.softwinner.service.SoftWinnerService: pid=7830 uid=10065 gids={50065, 1028, 1015, 3003}
04-23 10:05:06.170 D/PowerManagerService(  431): mHoldBootFastWakeLock = true
04-23 10:05:56.120 D/PowerManagerService(  431): mHoldBootFastWakeLock = true
04-23 10:05:56.250 I/PowerManagerService(  431): Going to sleep due to screen timeout...
04-23 10:05:56.730 W/InputMethodManagerService(  431): Got RemoteException sending setActive(false) notification to pid 7673 uid 10076
04-23 10:06:06.170 D/PowerManagerService(  431): mHoldBootFastWakeLock = true
04-23 10:06:51.630 D/ConnectivityService(  431): Sampling interval elapsed, updating statistics ..
04-23 10:06:51.640 D/ConnectivityService(  431): Done.
04-23 10:06:51.640 D/ConnectivityService(  431): Setting timer for 720seconds
04-23 10:06:56.840 I/PowerManagerService(  431): Waking up from sleep...
04-23 10:06:56.870 I/WindowManager(  431): No lock screen! windowToken=null
04-23 10:06:56.980 W/InputMethodManagerService(  431): Got RemoteException sending setActive(false) notification to pid 7673 uid 10076
04-23 10:07:05.690 W/InputMethodManagerService(  431): Got RemoteException sending setActive(false) notification to pid 7673 uid 10076
04-23 10:07:06.170 D/PowerManagerService(  431): mHoldBootFastWakeLock = true
04-23 10:07:06.260 D/PowerManagerService(  431): mHoldBootFastWakeLock = true
04-23 10:08:06.170 D/PowerManagerService(  431): mHoldBootFastWakeLock = true
04-23 10:08:16.000 I/PowerManagerService(  431): Going to sleep by user request...
04-23 10:08:17.830 I/PowerManagerService(  431): Waking up from sleep...
04-23 10:08:17.840 I/WindowManager(  431): No lock screen! windowToken=null
04-23 10:08:19.430 I/PowerManagerService(  431): Going to sleep by user request...
04-23 10:08:19.890 I/PowerManagerService(  431): Waking up from sleep...
04-23 10:08:19.940 I/WindowManager(  431): No lock screen! windowToken=null
04-23 10:08:32.370 D/ConnectivityService(  431): handleInetConditionChange: no active default network - ignore
04-23 10:08:44.740 I/ActivityManager(  431): START u0 {act=android.intent.action.MAIN cat=[android.intent.category.HOME] flg=0x10200000 cmp=com.android.launcher/com.android.launcher2.Launcher} from pid 431
04-23 10:08:46.250 I/PowerManagerService(  431): Going to sleep by user request...
04-23 10:08:47.210 I/PowerManagerService(  431): Waking up from sleep...
04-23 10:08:47.230 I/WindowManager(  431): No lock screen! windowToken=null
04-23 10:09:06.170 D/PowerManagerService(  431): mHoldBootFastWakeLock = true
04-23 10:10:51.960 I/PowerManagerService(  431): Going to sleep due to screen timeout...
04-23 10:10:56.730 D/PowerManagerService(  431): mHoldBootFastWakeLock = true
04-23 10:11:01.380 I/PowerManagerService(  431): Waking up from sleep...
04-23 10:11:01.420 I/WindowManager(  431): No lock screen! windowToken=null
04-23 10:11:06.750 D/PowerManagerService(  431): mHoldBootFastWakeLock = true
04-23 10:12:06.170 D/PowerManagerService(  431): mHoldBootFastWakeLock = true
04-23 10:12:57.020 I/ActivityManager(  431): START u0 {act=android.intent.action.MAIN cat=[android.intent.category.HOME] flg=0x10200000 cmp=com.android.launcher/com.android.launcher2.Launcher} from pid 431
04-23 10:12:57.700 I/ActivityManager(  431): START u0 {act=android.intent.action.MAIN cat=[android.intent.category.HOME] flg=0x10200000 cmp=com.android.launcher/com.android.launcher2.Launcher} from pid 431
04-23 10:12:58.800 I/ActivityManager(  431): START u0 {act=com.android.systemui.recent.action.TOGGLE_RECENTS flg=0x10800000 cmp=com.android.systemui/.recent.RecentsActivity} from pid 491
04-23 10:13:01.790 W/InputMethodManagerService(  431): Window already focused, ignoring focus gain of: com.android.internal.view.IInputMethodClient$Stub$Proxy@41d39e98 attribute=null, token = android.os.BinderProxy@41bec1a0
04-23 10:13:02.060 I/WindowManager(  431): Screenshot Window{41dcbe40 u0 PopupWindow:42c33070 EXITING} was monochrome(ff000000)! mSurfaceLayer=21015 minLayer=21010 maxLayer=21015
04-23 10:13:02.070 I/ActivityManager(  431): Killing 7704:com.antutu.ABenchMark/u0a76 (adj 16): remove task
04-23 10:13:02.130 W/ActivityManager(  431): Scheduling restart of crashed service com.antutu.ABenchMark/com.antutu.benchmark.BenchmarkService in 5000ms
04-23 10:13:02.850 I/ActivityManager(  431): START u0 {act=android.intent.action.MAIN cat=[android.intent.category.HOME] flg=0x10200000 cmp=com.android.launcher/com.android.launcher2.Launcher} from pid 431
04-23 10:13:05.010 I/ActivityManager(  431): START u0 {act=android.intent.action.MAIN cat=[android.intent.category.LAUNCHER] flg=0x10200000 cmp=com.antutu.ABenchMark/.ABenchMarkStart} from pid 7757
04-23 10:13:05.160 I/ActivityManager(  431): Start proc com.antutu.ABenchMark for activity com.antutu.ABenchMark/.ABenchMarkStart: pid=8042 uid=10076 gids={50076, 3003, 1028, 1015}
04-23 10:13:06.690 I/ActivityManager(  431): Killing 7778:com.android.defcontainer/u0a3 (adj 11): empty #2
04-23 10:13:07.660 I/ActivityManager(  431): START u0 {cmp=com.antutu.ABenchMark/com.antutu.benchmark.activity.MainActivity} from pid 8042
04-23 10:13:08.580 I/ActivityManager(  431): Start proc com.android.defcontainer for service com.android.defcontainer/.DefaultContainerService: pid=8159 uid=10003 gids={50003, 1028, 1015, 1023, 2001, 1035}
04-23 10:13:09.470 W/SocketClient(  107): write error (Broken pipe)
04-23 10:13:11.850 I/ActivityManager(  431): START u0 {flg=0x4000000 cmp=com.antutu.ABenchMark/com.antutu.benchmark.activity.IndependentActivity (has extras)} from pid 8042
04-23 10:13:12.880 I/ActivityManager(  431): START u0 {flg=0x14000000 cmp=com.antutu.ABenchMark/com.antutu.benchmark.activity.ScoreBenchActivity (has extras)} from pid 8042
04-23 10:13:19.130 I/ActivityManager(  431): Killing 7812:com.android.deskclock/u0a28 (adj 11): empty #2
04-23 10:13:32.780 D/ConnectivityService(  431): handleInetConditionChange: no active default network - ignore
04-23 10:14:06.170 D/PowerManagerService(  431): mHoldBootFastWakeLock = true
04-23 10:14:27.140 D/PowerManagerService(  431): mHoldBootFastWakeLock = true
04-23 10:15:01.110 I/ActivityManager(  431): Start proc com.android.deskclock for broadcast com.android.deskclock/com.android.alarmclock.DigitalAppWidgetProvider: pid=8440 uid=10028 gids={50028, 1028}
04-23 10:15:06.170 D/PowerManagerService(  431): mHoldBootFastWakeLock = true
04-23 10:15:08.120 I/ActivityManager(  431): Killing 8159:com.android.defcontainer/u0a3 (adj 11): empty #2
04-23 10:15:28.310 I/ActivityManager(  431): START u0 {flg=0x14000000 cmp=com.antutu.ABenchMark/com.antutu.benchmark.test2d.SpriteTestActivity} from pid 8042
04-23 10:15:38.690 I/ActivityManager(  431): START u0 {flg=0x14000000 cmp=com.antutu.ABenchMark/com.antutu.benchmark.test2d.ParticleTestActivity} from pid 8042
04-23 10:15:54.100 I/ActivityManager(  431): START u0 {flg=0x14000000 cmp=com.antutu.ABenchMark/.Test3D.OgreActivity} from pid 8042
04-23 10:15:54.270 I/WindowManager(  431): Screenshot Window{41d96660 u0 com.antutu.ABenchMark/com.antutu.benchmark.activity.ScoreBenchActivity} was monochrome(ff000000)! mSurfaceLayer=21015 minLayer=21000 maxLayer=21015
04-23 10:15:54.310 I/ActivityManager(  431): Start proc com.antutu.ABenchMark:remote for activity com.antutu.ABenchMark/.Test3D.OgreActivity: pid=8547 uid=10076 gids={50076, 3003, 1028, 1015}
04-23 10:16:03.010 I/ActivityManager(  431): Process com.android.deskclock (pid 8440) has died.
04-23 10:16:03.170 I/ActivityManager(  431): Process com.android.launcher (pid 7757) has died.
04-23 10:16:03.170 I/WindowState(  431): WIN DEATH: Window{41db28c8 u0 com.android.launcher/com.android.launcher2.Launcher}
04-23 10:16:03.220 I/ActivityManager(  431): Process com.android.inputmethod.latin (pid 6221) has died.
04-23 10:16:03.220 W/ActivityManager(  431): Scheduling restart of crashed service com.android.inputmethod.latin/.LatinIME in 5000ms
04-23 10:16:03.220 W/InputMethodManagerService(  431): Session failed to close due to remote exception
04-23 10:16:03.220 W/InputMethodManagerService(  431): android.os.DeadObjectException
04-23 10:16:03.220 W/InputMethodManagerService(  431): 	at android.os.BinderProxy.transact(Native Method)
04-23 10:16:03.220 W/InputMethodManagerService(  431): 	at com.android.internal.view.IInputMethodSession$Stub$Proxy.finishSession(IInputMethodSession.java:292)
04-23 10:16:03.220 W/InputMethodManagerService(  431): 	at com.android.server.InputMethodManagerService.finishSessionLocked(InputMethodManagerService.java:1359)
04-23 10:16:03.220 W/InputMethodManagerService(  431): 	at com.android.server.InputMethodManagerService.clearClientSessionLocked(InputMethodManagerService.java:1350)
04-23 10:16:03.220 W/InputMethodManagerService(  431): 	at com.android.server.InputMethodManagerService.clearCurMethodLocked(InputMethodManagerService.java:1376)
04-23 10:16:03.220 W/InputMethodManagerService(  431): 	at com.android.server.InputMethodManagerService.onServiceDisconnected(InputMethodManagerService.java:1395)
04-23 10:16:03.220 W/InputMethodManagerService(  431): 	at android.app.LoadedApk$ServiceDispatcher.doDeath(LoadedApk.java:1120)
04-23 10:16:03.220 W/InputMethodManagerService(  431): 	at android.app.LoadedApk$ServiceDispatcher$RunConnection.run(LoadedApk.java:1134)
04-23 10:16:03.220 W/InputMethodManagerService(  431): 	at android.os.Handler.handleCallback(Handler.java:733)
04-23 10:16:03.220 W/InputMethodManagerService(  431): 	at android.os.Handler.dispatchMessage(Handler.java:95)
04-23 10:16:03.220 W/InputMethodManagerService(  431): 	at android.os.Looper.loop(Looper.java:137)
04-23 10:16:03.220 W/InputMethodManagerService(  431): 	at com.android.server.ServerThread.initAndLoop(SystemServer.java:1092)
04-23 10:16:03.220 W/InputMethodManagerService(  431): 	at com.android.server.SystemServer.main(SystemServer.java:1178)
04-23 10:16:03.220 W/InputMethodManagerService(  431): 	at java.lang.reflect.Method.invokeNative(Native Method)
04-23 10:16:03.220 W/InputMethodManagerService(  431): 	at java.lang.reflect.Method.invoke(Method.java:515)
04-23 10:16:03.220 W/InputMethodManagerService(  431): 	at com.android.internal.os.ZygoteInit$MethodAndArgsCaller.run(ZygoteInit.java:777)
04-23 10:16:03.220 W/InputMethodManagerService(  431): 	at com.android.internal.os.ZygoteInit.main(ZygoteInit.java:593)
04-23 10:16:03.220 W/InputMethodManagerService(  431): 	at dalvik.system.NativeStart.main(Native Method)
04-23 10:16:03.230 W/InputMethodManagerService(  431): Session failed to close due to remote exception
04-23 10:16:03.230 W/InputMethodManagerService(  431): android.os.DeadObjectException
04-23 10:16:03.230 W/InputMethodManagerService(  431): 	at android.os.BinderProxy.transact(Native Method)
04-23 10:16:03.230 W/InputMethodManagerService(  431): 	at com.android.internal.view.IInputMethodSession$Stub$Proxy.finishSession(IInputMethodSession.java:292)
04-23 10:16:03.230 W/InputMethodManagerService(  431): 	at com.android.server.InputMethodManagerService.finishSessionLocked(InputMethodManagerService.java:1359)
04-23 10:16:03.230 W/InputMethodManagerService(  431): 	at com.android.server.InputMethodManagerService.clearClientSessionLocked(InputMethodManagerService.java:1350)
04-23 10:16:03.230 W/InputMethodManagerService(  431): 	at com.android.server.InputMethodManagerService.clearCurMethodLocked(InputMethodManagerService.java:1376)
04-23 10:16:03.230 W/InputMethodManagerService(  431): 	at com.android.server.InputMethodManagerService.onServiceDisconnected(InputMethodManagerService.java:1395)
04-23 10:16:03.230 W/InputMethodManagerService(  431): 	at android.app.LoadedApk$ServiceDispatcher.doDeath(LoadedApk.java:1120)
04-23 10:16:03.230 W/InputMethodManagerService(  431): 	at android.app.LoadedApk$ServiceDispatcher$RunConnection.run(LoadedApk.java:1134)
04-23 10:16:03.230 W/InputMethodManagerService(  431): 	at android.os.Handler.handleCallback(Handler.java:733)
04-23 10:16:03.230 W/InputMethodManagerService(  431): 	at android.os.Handler.dispatchMessage(Handler.java:95)
04-23 10:16:03.230 W/InputMethodManagerService(  431): 	at android.os.Looper.loop(Looper.java:137)
04-23 10:16:03.230 W/InputMethodManagerService(  431): 	at com.android.server.ServerThread.initAndLoop(SystemServer.java:1092)
04-23 10:16:03.230 W/InputMethodManagerService(  431): 	at com.android.server.SystemServer.main(SystemServer.java:1178)
04-23 10:16:03.230 W/InputMethodManagerService(  431): 	at java.lang.reflect.Method.invokeNative(Native Method)
04-23 10:16:03.230 W/InputMethodManagerService(  431): 	at java.lang.reflect.Method.invoke(Method.java:515)
04-23 10:16:03.230 W/InputMethodManagerService(  431): 	at com.android.internal.os.ZygoteInit$MethodAndArgsCaller.run(ZygoteInit.java:777)
04-23 10:16:03.230 W/InputMethodManagerService(  431): 	at com.android.internal.os.ZygoteInit.main(ZygoteInit.java:593)
04-23 10:16:03.230 W/InputMethodManagerService(  431): 	at dalvik.system.NativeStart.main(Native Method)
04-23 10:16:03.230 W/InputMethodManagerService(  431): Session failed to close due to remote exception
04-23 10:16:03.230 W/InputMethodManagerService(  431): android.os.DeadObjectException
04-23 10:16:03.230 W/InputMethodManagerService(  431): 	at android.os.BinderProxy.transact(Native Method)
04-23 10:16:03.230 W/InputMethodManagerService(  431): 	at com.android.internal.view.IInputMethodSession$Stub$Proxy.finishSession(IInputMethodSession.java:292)
04-23 10:16:03.230 W/InputMethodManagerService(  431): 	at com.android.server.InputMethodManagerService.finishSessionLocked(InputMethodManagerService.java:1359)
04-23 10:16:03.230 W/InputMethodManagerService(  431): 	at com.android.server.InputMethodManagerService.clearClientSessionLocked(InputMethodManagerService.java:1350)
04-23 10:16:03.230 W/InputMethodManagerService(  431): 	at com.android.server.InputMethodManagerService.clearCurMethodLocked(InputMethodManagerService.java:1376)
04-23 10:16:03.230 W/InputMethodManagerService(  431): 	at com.android.server.InputMethodManagerService.onServiceDisconnected(InputMethodManagerService.java:1395)
04-23 10:16:03.230 W/InputMethodManagerService(  431): 	at android.app.LoadedApk$ServiceDispatcher.doDeath(LoadedApk.java:1120)
04-23 10:16:03.230 W/InputMethodManagerService(  431): 	at android.app.LoadedApk$ServiceDispatcher$RunConnection.run(LoadedApk.java:1134)
04-23 10:16:03.230 W/InputMethodManagerService(  431): 	at android.os.Handler.handleCallback(Handler.java:733)
04-23 10:16:03.230 W/InputMethodManagerService(  431): 	at android.os.Handler.dispatchMessage(Handler.java:95)
04-23 10:16:03.230 W/InputMethodManagerService(  431): 	at android.os.Looper.loop(Looper.java:137)
04-23 10:16:03.230 W/InputMethodManagerService(  431): 	at com.android.server.ServerThread.initAndLoop(SystemServer.java:1092)
04-23 10:16:03.230 W/InputMethodManagerService(  431): 	at com.android.server.SystemServer.main(SystemServer.java:1178)
04-23 10:16:03.230 W/InputMethodManagerService(  431): 	at java.lang.reflect.Method.invokeNative(Native Method)
04-23 10:16:03.230 W/InputMethodManagerService(  431): 	at java.lang.reflect.Method.invoke(Method.java:515)
04-23 10:16:03.230 W/InputMethodManagerService(  431): 	at com.android.internal.os.ZygoteInit$MethodAndArgsCaller.run(ZygoteInit.java:777)
04-23 10:16:03.230 W/InputMethodManagerService(  431): 	at com.android.internal.os.ZygoteInit.main(ZygoteInit.java:593)
04-23 10:16:03.230 W/InputMethodManagerService(  431): 	at dalvik.system.NativeStart.main(Native Method)
04-23 10:16:03.760 I/ActivityManager(  431): Process com.softwinner.baseservice:baseservice (pid 7830) has died.
04-23 10:16:03.760 W/ActivityManager(  431): Scheduling restart of crashed service com.softwinner.baseservice/com.softwinner.service.SoftWinnerService in 14463ms
04-23 10:16:03.770 I/ActivityManager(  431): Process com.google.process.location (pid 6294) has died.
04-23 10:16:03.770 W/ActivityManager(  431): Scheduling restart of crashed service com.google.android.gms/com.google.android.location.internal.GoogleLocationManagerService in 24449ms
04-23 10:16:03.770 W/ActivityManager(  431): Scheduling restart of crashed service com.google.android.gms/com.google.android.location.fused.FusedLocationService in 34448ms
04-23 10:16:03.770 W/ActivityManager(  431): Scheduling restart of crashed service com.google.android.gms/com.google.android.location.geocode.GeocodeService in 44447ms
04-23 10:16:03.770 W/ActivityManager(  431): Scheduling restart of crashed service com.google.android.gms/com.google.android.location.fused.NlpLocationReceiverService in 54446ms
04-23 10:16:03.770 W/ActivityManager(  431): Scheduling restart of crashed service com.google.android.gms/com.google.android.location.geofencer.service.GeofenceProviderService in 64446ms
04-23 10:16:03.780 W/ActivityManager(  431): Scheduling restart of crashed service com.google.android.gms/com.google.android.location.network.NetworkLocationService in 74444ms
04-23 10:16:03.780 W/ActivityManager(  431): Scheduling restart of crashed service com.google.android.gms/com.google.android.location.internal.server.GoogleLocationService in 84444ms
04-23 10:16:03.880 I/ActivityManager(  431): Low on memory:
04-23 10:16:03.880 I/ActivityManager(  431):   ntv   N    12931 kB: uiautomator (2789) native
04-23 10:16:03.880 I/ActivityManager(  431):   ntv   N    12608 kB: zygote (111) native
04-23 10:16:03.880 I/ActivityManager(  431):   ntv   N     4715 kB: mediaserver (113) native
04-23 10:16:03.880 I/ActivityManager(  431):   ntv   N     2492 kB: updatesoftwinner (109) native
04-23 10:16:03.880 I/ActivityManager(  431):   ntv   N     1599 kB: surfaceflinger (110) native
04-23 10:16:03.880 I/ActivityManager(  431):   ntv   N     1130 kB: drmserver (112) native
04-23 10:16:03.880 I/ActivityManager(  431):   ntv   N     1086 kB: wpa_supplicant (639) native
04-23 10:16:03.880 I/ActivityManager(  431):   ntv   N     1055 kB: logcat (1984) native
04-23 10:16:03.880 I/ActivityManager(  431):   ntv   N     1047 kB: logcat (1534) native
04-23 10:16:03.880 I/ActivityManager(  431):   ntv   N      531 kB: netd (107) native
04-23 10:16:03.880 I/ActivityManager(  431):   ntv   N      379 kB: rild (784) native
04-23 10:16:03.880 I/ActivityManager(  431):   ntv   N      378 kB: vold (106) native
04-23 10:16:03.880 I/ActivityManager(  431):   ntv   N      329 kB: keystore (115) native
04-23 10:16:03.880 I/ActivityManager(  431):   ntv   N      291 kB: /init (1) native
04-23 10:16:03.880 I/ActivityManager(  431):   ntv   N      258 kB: debuggerd (6353) native
04-23 10:16:03.880 I/ActivityManager(  431):   ntv   N      224 kB: adbd (117) native
04-23 10:16:03.880 I/ActivityManager(  431):   ntv   N      183 kB: sh (867) native
04-23 10:16:03.880 I/ActivityManager(  431):   ntv   N      183 kB: logcat (8015) native
04-23 10:16:03.880 I/ActivityManager(  431):   ntv   N      156 kB: u3gmonitor (785) native
04-23 10:16:03.880 I/ActivityManager(  431):   ntv   N      144 kB: sh (8086) native
04-23 10:16:03.880 I/ActivityManager(  431):   ntv   N      136 kB: healthd (104) native
04-23 10:16:03.880 I/ActivityManager(  431):   ntv   N      107 kB: logwrapper (637) native
04-23 10:16:03.880 I/ActivityManager(  431):   ntv   N      106 kB: installd (114) native
04-23 10:16:03.880 I/ActivityManager(  431):   ntv   N       82 kB: ueventd (64) native
04-23 10:16:03.880 I/ActivityManager(  431):   ntv   N       82 kB: sh (116) native
04-23 10:16:03.880 I/ActivityManager(  431):   ntv   N       58 kB: servicemanager (105) native
04-23 10:16:03.880 I/ActivityManager(  431):   sys   P    26225 kB: system (431) fixed
04-23 10:16:03.880 I/ActivityManager(  431):   pers  P    15424 kB: com.android.systemui (491) fixed
04-23 10:16:03.880 I/ActivityManager(  431):   pers  P     8913 kB: com.android.phone (633) fixed
04-23 10:16:03.880 I/ActivityManager(  431):   fore  T    53117 kB: com.antutu.ABenchMark:remote (8547) top-activity
04-23 10:16:03.880 I/ActivityManager(  431):   vis   IF    4769 kB: com.android.smspush (6269) service
04-23 10:16:03.880 I/ActivityManager(  431):                        com.android.smspush/.WapPushManager<=Proc{633:com.android.phone/1001}
04-23 10:16:03.880 I/ActivityManager(  431):   vis   IB       0 kB: com.google.process.location (6294) service
04-23 10:16:03.880 I/ActivityManager(  431):                        com.google.android.gms/com.google.android.location.network.NetworkLocationService<=Proc{431:system/1000}
04-23 10:16:03.880 I/ActivityManager(  431):   prcp  IF       0 kB: com.android.inputmethod.latin (6221) service
04-23 10:16:03.880 I/ActivityManager(  431):                        com.android.inputmethod.latin/.LatinIME<=Proc{431:system/1000}
04-23 10:16:03.880 I/ActivityManager(  431):   svc   S        0 kB: com.softwinner.baseservice:baseservice (7830) started-services
04-23 10:16:03.880 I/ActivityManager(  431):   home  HO       0 kB: com.android.launcher (7757) home
04-23 10:16:03.880 I/ActivityManager(  431):   prev  S        0 kB: com.antutu.ABenchMark (8042) cch-started-ui-services
04-23 10:16:03.880 I/ActivityManager(  431):   svcb  S        0 kB: com.google.process.gapps (6325) started-services
04-23 10:16:03.880 I/ActivityManager(  431):             150738 kB: TOTAL
04-23 10:16:03.880 I/ActivityManager(  431):   MemInfo: 26856 kB slab, 204 kB shmem, 80 kB buffers, 61116 kB cached, 108948 kB free
04-23 10:16:03.880 I/ActivityManager(  431):   ZRAM: 1176 kB RAM, 131068 kB swap total, 129892 kB swap free
04-23 10:16:03.990 W/ActivityManager(  431): Launch timeout has expired, giving up wake lock!
04-23 10:16:04.000 I/ActivityManager(  431): Process com.google.process.gapps (pid 6325) has died.
04-23 10:16:04.000 W/ActivityManager(  431): Scheduling restart of crashed service com.google.android.gms/.gcm.GcmService in 94219ms
04-23 10:16:04.050 I/ActivityManager(  431): Process com.antutu.ABenchMark (pid 8042) has died.
04-23 10:16:04.050 I/WindowState(  431): WIN DEATH: Window{41d96660 u0 com.antutu.ABenchMark/com.antutu.benchmark.activity.ScoreBenchActivity}
04-23 10:16:04.050 W/ActivityManager(  431): Scheduling restart of crashed service com.antutu.ABenchMark/com.antutu.benchmark.BenchmarkService in 104168ms
04-23 10:16:04.060 I/WindowState(  431): WIN DEATH: Window{41d68720 u0 com.antutu.ABenchMark/com.antutu.benchmark.activity.MainActivity}
04-23 10:16:06.170 D/PowerManagerService(  431): mHoldBootFastWakeLock = true
04-23 10:16:08.240 I/ActivityManager(  431): Start proc com.android.inputmethod.latin for service com.android.inputmethod.latin/.LatinIME: pid=8583 uid=10043 gids={50043, 1028, 1015}
04-23 10:16:09.300 I/ActivityManager(  431): Start proc android.process.acore for content provider com.android.providers.userdictionary/.UserDictionaryProvider: pid=8600 uid=10002 gids={50002, 3003, 1028, 1015}
04-23 10:16:18.260 I/ActivityManager(  431): Start proc com.softwinner.baseservice:baseservice for service com.softwinner.baseservice/com.softwinner.service.SoftWinnerService: pid=8629 uid=10065 gids={50065, 1028, 1015, 3003}
04-23 10:16:28.240 I/ActivityManager(  431): Start proc com.google.process.location for service com.google.android.gms/com.google.android.location.internal.GoogleLocationManagerService: pid=8656 uid=10006 gids={50006, 3003, 1007, 1028, 1015, 2001, 3006, 3007}
04-23 10:16:28.410 I/ActivityManager(  431): Start proc com.google.android.gms for broadcast com.google.android.gms/.init.InitializeGmsReceiver: pid=8669 uid=10006 gids={50006, 3003, 1007, 1028, 1015, 2001, 3006, 3007}
04-23 10:16:28.790 I/ActivityManager(  431): Process com.antutu.ABenchMark:remote (pid 8547) has died.
04-23 10:16:28.800 I/WindowState(  431): WIN DEATH: Window{41e50900 u0 com.antutu.ABenchMark/com.antutu.ABenchMark.Test3D.OgreActivity}
04-23 10:16:28.810 I/WindowState(  431): WIN DEATH: Window{41d20b78 u0 SurfaceView}
04-23 10:16:28.820 I/ActivityManager(  431): Start proc com.antutu.ABenchMark for activity com.antutu.ABenchMark/com.antutu.benchmark.activity.ScoreBenchActivity: pid=8685 uid=10076 gids={50076, 3003, 1028, 1015}
04-23 10:16:29.140 I/ActivityManager(  431): Start proc com.google.process.gapps for content provider com.google.android.gsf/.gservices.GservicesProvider: pid=8704 uid=10006 gids={50006, 3003, 1007, 1028, 1015, 2001, 3006, 3007}
04-23 10:16:29.310 I/ActivityManager(  431): Delay finish: com.google.android.gms/.init.InitializeGmsReceiver
04-23 10:16:29.510 I/ActivityManager(  431): START u0 {cmp=com.antutu.ABenchMark/com.antutu.benchmark.activity.aj} from pid 8685
04-23 10:16:29.660 I/ActivityManager(  431): Resuming delayed broadcast
04-23 10:16:29.670 I/ActivityManager(  431): Killing 8600:android.process.acore/u0a2 (adj 11): empty #2
04-23 10:16:29.810 I/ActivityManager(  431): Start proc com.android.launcher for activity com.android.launcher/com.android.launcher2.Launcher: pid=8770 uid=10011 gids={50011}
04-23 10:16:29.990 D/ConnectivityService(  431): handleInetConditionChange: no active default network - ignore
04-23 10:16:30.160 I/ActivityManager(  431): START u0 {act=android.intent.action.MAIN cat=[android.intent.category.LAUNCHER] flg=0x10000000 pkg=com.antutu.ABenchMark cmp=com.antutu.ABenchMark/.ABenchMarkStart} from pid 8685
04-23 10:16:30.320 I/ActivityManager(  431): Delay finish: com.google.android.gms/.init.InitializeGmsReceiver
04-23 10:16:30.340 I/ActivityManager(  431): Resuming delayed broadcast
04-23 10:16:30.410 I/ActivityManager(  431): Delay finish: com.google.android.gms/.init.InitializeGmsReceiver
04-23 10:16:30.420 I/ActivityManager(  431): Resuming delayed broadcast
04-23 10:16:30.780 W/ActivityManager(  431): Activity pause timeout for ActivityRecord{41cd1ef8 u0 com.android.launcher/com.android.launcher2.Launcher t1}
04-23 10:16:32.700 I/ActivityManager(  431): Start proc com.android.defcontainer for service com.android.defcontainer/.DefaultContainerService: pid=8815 uid=10003 gids={50003, 1028, 1015, 1023, 2001, 1035}
04-23 10:16:33.060 W/InputMethodManagerService(  431): Got RemoteException sending setActive(false) notification to pid 8547 uid 10076
04-23 10:16:34.760 I/ActivityManager(  431): START u0 {cmp=com.antutu.ABenchMark/com.antutu.benchmark.activity.MainActivity} from pid 8685
--------- beginning of /dev/log/main
04-23 10:16:39.510 E/AccessibilityNodeInfoCache( 2789): Node from: 147 not from:144 android.view.accessibility.AccessibilityNodeInfo@211c1; boundsInParent: Rect(0, 0 - 768, 0); boundsInScreen: Rect(0, 578 - 768, 578); packageName: com.antutu.ABenchMark; className: android.widget.FrameLayout; text: null; contentDescription: null; viewIdResName: com.antutu.ABenchMark:id/layoutAD2; checkable: false; checked: false; focusable: false; focused: false; selected: false; clickable: false; longClickable: false; enabled: true; password: false; scrollable: false; [ACTION_SELECT, ACTION_CLEAR_SELECTION, ACTION_ACCESSIBILITY_FOCUS]
