04-23 10:18:11.680 D/dalvikvm( 2789): GC_CONCURRENT freed 389K, 75% free 1303K/5084K, paused 2ms+1ms, total 15ms
04-23 10:18:13.680 D/UIAutomatorStub( 2789): URI: /jsonrpc/0, Method: POST, Header: {content-type=application/json, connection=close, remote-addr=127.0.0.1, host=localhost:9008, content-length=185, http-client-ip=127.0.0.1, user-agent=Python-urllib/2.7, accept-encoding=identity}, params, {NanoHttpd.QUERY_STRING={"params": [{"childOrSiblingSelector": [], "text": "FRAMES PER SECOND", "mask": 1, "childOrSibling": []}], "jsonrpc": "2.0", "method": "exist", "id": "5c71cdaf9688888d94c4eb64bc7f48ee"}, {"params": [{"childOrSiblingSelector": [], "text": "FRAMES PER SECOND", "mask": 1, "childOrSibling": []}], "jsonrpc": "2.0", "method": "exist", "id": "5c71cdaf9688888d94c4eb64bc7f48ee"}=}, files: {}
04-23 10:18:15.710 D/UIAutomatorStub( 2789): URI: /jsonrpc/0, Method: POST, Header: {content-type=application/json, connection=close, remote-addr=127.0.0.1, host=localhost:9008, content-length=185, http-client-ip=127.0.0.1, user-agent=Python-urllib/2.7, accept-encoding=identity}, params, {{"params": [{"childOrSiblingSelector": [], "text": "FRAMES PER SECOND", "mask": 1, "childOrSibling": []}], "jsonrpc": "2.0", "method": "exist", "id": "6c2e933344f9adbeccb7d4ef2cc55cfe"}=, NanoHttpd.QUERY_STRING={"params": [{"childOrSiblingSelector": [], "text": "FRAMES PER SECOND", "mask": 1, "childOrSibling": []}], "jsonrpc": "2.0", "method": "exist", "id": "6c2e933344f9adbeccb7d4ef2cc55cfe"}}, files: {}
04-23 10:18:16.250 D/gralloc (  110): ==USE CPU CACHE OP LLL usage = 0x333==
04-23 10:18:16.250 D/gralloc (  110): ION_HEAP_SYSTEM_MASK alloc
04-23 10:18:16.340 D/dalvikvm(  431): GC_FOR_ALLOC freed 891K, 13% free 9163K/10456K, paused 59ms, total 59ms
04-23 10:18:16.350 I/WindowManager(  431): Screenshot Window{41dcbe40 u0 com.rightware.tdmm2v10jnifree/com.rightware.tdmm2v10jnifree.TDMM2V10test} was monochrome(ff000000)! mSurfaceLayer=21025 minLayer=21000 maxLayer=21025
04-23 10:18:16.350 I/ActivityManager(  431): START u0 {act=SCORE_CURRENT cmp=com.rightware.tdmm2v10jnifree/.ScoreView} from pid 9114
04-23 10:18:16.360 W/ActivityManager(  431): startActivity called from finishing ActivityRecord{41e086d0 u0 com.rightware.tdmm2v10jnifree/.TDMM2V10test t21 f}; forcing Intent.FLAG_ACTIVITY_NEW_TASK for: Intent { act=SCORE_CURRENT cmp=com.rightware.tdmm2v10jnifree/.ScoreView }
04-23 10:18:16.400 D/dalvikvm( 9114): GC_FOR_ALLOC freed 1367K, 26% free 5183K/6928K, paused 14ms, total 14ms
04-23 10:18:16.400 I/dalvikvm-heap( 9114): Grow heap (frag case) to 5.666MB for 601616-byte allocation
04-23 10:18:16.420 D/dalvikvm( 9114): GC_CONCURRENT freed <1K, 17% free 5770K/6928K, paused 3ms+3ms, total 26ms
04-23 10:18:16.420 D/dalvikvm( 9114): WAIT_FOR_CONCURRENT_GC blocked 9ms
04-23 10:18:16.420 D/dalvikvm( 9114): WAIT_FOR_CONCURRENT_GC blocked 9ms
04-23 10:18:16.480 V/PhoneStatusBar(  491): setLightsOn(true)
04-23 10:18:16.510 D/gralloc (  110): ION_HEAP_CARVEOUT_MASK alloc
04-23 10:18:16.520 D/gralloc (  110): ION_HEAP_CARVEOUT_MASK alloc
04-23 10:18:16.570 D/gralloc (  110): ION_HEAP_CARVEOUT_MASK alloc
04-23 10:18:16.580 I/ActivityManager(  431): Displayed com.rightware.tdmm2v10jnifree/.ScoreView: +206ms
04-23 10:18:16.620 D/gralloc (  110): ION_HEAP_CARVEOUT_MASK alloc
04-23 10:18:16.680 D/gralloc (  110): ION_HEAP_CARVEOUT_MASK alloc
04-23 10:18:17.800 D/UIAutomatorStub( 2789): URI: /jsonrpc/0, Method: POST, Header: {content-type=application/json, connection=close, remote-addr=127.0.0.1, host=localhost:9008, content-length=185, http-client-ip=127.0.0.1, user-agent=Python-urllib/2.7, accept-encoding=identity}, params, {NanoHttpd.QUERY_STRING={"params": [{"childOrSiblingSelector": [], "text": "FRAMES PER SECOND", "mask": 1, "childOrSibling": []}], "jsonrpc": "2.0", "method": "exist", "id": "fd3108ec3b25e4a8978e1775d5ec06e4"}, {"params": [{"childOrSiblingSelector": [], "text": "FRAMES PER SECOND", "mask": 1, "childOrSibling": []}], "jsonrpc": "2.0", "method": "exist", "id": "fd3108ec3b25e4a8978e1775d5ec06e4"}=}, files: {}
04-23 10:18:17.810 D/dalvikvm( 2789): GC_CONCURRENT freed 422K, 75% free 1290K/5084K, paused 1ms+3ms, total 17ms
04-23 10:18:17.830 I/QueryController( 2789): Matched selector: UiSelector[TEXT=FRAMES PER SECOND] <<==>> [android.view.accessibility.AccessibilityNodeInfo@e1b9; boundsInParent: Rect(0, 0 - 1014, 14); boundsInScreen: Rect(5, 202 - 1019, 216); packageName: com.rightware.tdmm2v10jnifree; className: android.widget.TextView; text: FRAMES PER SECOND; contentDescription: null; viewIdResName: com.rightware.tdmm2v10jnifree:id/score_view_text_fps; checkable: false; checked: false; focusable: false; focused: false; selected: false; clickable: false; longClickable: false; enabled: true; password: false; scrollable: false; [ACTION_SELECT, ACTION_CLEAR_SELECTION, ACTION_ACCESSIBILITY_FOCUS, ACTION_NEXT_AT_MOVEMENT_GRANULARITY, ACTION_PREVIOUS_AT_MOVEMENT_GRANULARITY, ACTION_SET_SELECTION]]
04-23 10:18:17.850 D/UIAutomatorStub( 2789): URI: /jsonrpc/0, Method: POST, Header: {content-type=application/json, connection=close, remote-addr=127.0.0.1, host=localhost:9008, content-length=128, http-client-ip=127.0.0.1, user-agent=Python-urllib/2.7, accept-encoding=identity}, params, {NanoHttpd.QUERY_STRING={"params": ["screenshot.png", 1.0, 100], "jsonrpc": "2.0", "method": "takeScreenshot", "id": "323711843bcf83a2058de7fd85063594"}, {"params": ["screenshot.png", 1.0, 100], "jsonrpc": "2.0", "method": "takeScreenshot", "id": "323711843bcf83a2058de7fd85063594"}=}, files: {}
04-23 10:18:17.860 D/gralloc (  110): ==USE CPU CACHE OP LLL usage = 0x333==
04-23 10:18:17.860 D/gralloc (  110): ION_HEAP_SYSTEM_MASK alloc
04-23 10:18:17.900 D/dalvikvm( 2789): GC_FOR_ALLOC freed 179K, 75% free 1288K/5084K, paused 12ms, total 12ms
04-23 10:18:17.900 I/dalvikvm-heap( 2789): Grow heap (frag case) to 4.257MB for 3145744-byte allocation
04-23 10:18:17.910 D/dalvikvm( 2789): GC_FOR_ALLOC freed <1K, 47% free 4359K/8160K, paused 14ms, total 14ms
04-23 10:18:17.930 D/dalvikvm( 2789): GC_CONCURRENT freed <1K, 47% free 4360K/8160K, paused 2ms+1ms, total 20ms
04-23 10:18:18.820 D/DynamicPowerPolicyChangeThread(  431): set policy extremity, temp=70.0
04-23 10:18:19.280 D/UIAutomatorStub( 2789): URI: /jsonrpc/0, Method: POST, Header: {content-type=application/json, connection=close, remote-addr=127.0.0.1, host=localhost:9008, content-length=102, http-client-ip=127.0.0.1, user-agent=Python-urllib/2.7, accept-encoding=identity}, params, {NanoHttpd.QUERY_STRING={"params": ["home"], "jsonrpc": "2.0", "method": "pressKey", "id": "9aa2b25b0843477dcbd3289e0dc71555"}, {"params": ["home"], "jsonrpc": "2.0", "method": "pressKey", "id": "9aa2b25b0843477dcbd3289e0dc71555"}=}, files: {}
04-23 10:18:19.290 D/gralloc (  110): ==USE CPU CACHE OP LLL usage = 0x333==
04-23 10:18:19.290 D/gralloc (  110): ION_HEAP_SYSTEM_MASK alloc
04-23 10:18:19.290 I/ActivityManager(  431): START u0 {act=android.intent.action.MAIN cat=[android.intent.category.HOME] flg=0x10200000 cmp=com.android.launcher/com.android.launcher2.Launcher} from pid 431
04-23 10:18:19.350 D/dalvikvm(  431): GC_FOR_ALLOC freed 378K, 14% free 9087K/10456K, paused 43ms, total 43ms
04-23 10:18:19.360 D/gralloc (  110): ==USE CPU CACHE OP LLL usage = 0xb33==
04-23 10:18:19.360 D/gralloc (  110): ION_HEAP_SYSTEM_MASK alloc
04-23 10:18:19.390 I/hwcomposer(  110): IMG_hwcdev_pipe_assign_status_t hwcdev_try_to_assign_pipe(SUNXI_hwcdev_context_t*, SUNXI_hwcdev_pipe_t*, hwc_layer_1_t*, int, int): We use not config memory
04-23 10:18:19.390 I/hwcomposer(  110): IMG_hwcdev_pipe_assign_status_t hwcdev_try_to_assign_pipe(SUNXI_hwcdev_context_t*, SUNXI_hwcdev_pipe_t*, hwc_layer_1_t*, int, int): We use not config memory
04-23 10:18:19.390 I/hwcomposer(  110): IMG_hwcdev_pipe_assign_status_t hwcdev_try_to_assign_pipe(SUNXI_hwcdev_context_t*, SUNXI_hwcdev_pipe_t*, hwc_layer_1_t*, int, int): We use not config memory
04-23 10:18:19.390 I/InputReader(  431): Reconfiguring input devices.  changes=0x00000004
04-23 10:18:19.390 I/InputReader(  431): Device reconfigured: id=1, name='gt82x', size 768x1024, orientation 0, mode 1, display id 0
04-23 10:18:19.390 I/ActivityManager(  431): Config changes=480 {1.0 ?mcc?mnc en_US ldltr sw768dp w768dp h951dp 160dpi xlrg port finger -keyb/v/h -nav/h s.7}
04-23 10:18:19.400 I/Pointer (  431): Device Changed: Input Device 1: gt82x
04-23 10:18:19.400 I/Pointer (  431):   Descriptor: 9e6143a1bc5dd41251b165ed559e32d49b5aad8f
04-23 10:18:19.400 I/Pointer (  431):   Generation: 14
04-23 10:18:19.400 I/Pointer (  431):   Location: built-in
04-23 10:18:19.400 I/Pointer (  431):   Keyboard Type: none
04-23 10:18:19.400 I/Pointer (  431):   Has Vibrator: false
04-23 10:18:19.400 I/Pointer (  431):   Sources: 0x1002 ( touchscreen )
04-23 10:18:19.400 I/Pointer (  431):     AXIS_X: source=0x1002 min=0.0 max=767.0 flat=0.0 fuzz=0.0 resolution=0.0
04-23 10:18:19.400 I/Pointer (  431):     AXIS_Y: source=0x1002 min=0.0 max=1023.0 flat=0.0 fuzz=0.0 resolution=0.0
04-23 10:18:19.400 I/Pointer (  431):     AXIS_PRESSURE: source=0x1002 min=0.0 max=1.0 flat=0.0 fuzz=0.0 resolution=0.0
04-23 10:18:19.400 I/Pointer (  431):     AXIS_SIZE: source=0x1002 min=0.0 max=1.0 flat=0.0 fuzz=0.0 resolution=0.0
04-23 10:18:19.400 I/Pointer (  431):     AXIS_TOUCH_MAJOR: source=0x1002 min=0.0 max=1280.0 flat=0.0 fuzz=0.0 resolution=0.0
04-23 10:18:19.400 I/Pointer (  431):     AXIS_TOUCH_MINOR: source=0x1002 min=0.0 max=1280.0 flat=0.0 fuzz=0.0 resolution=0.0
04-23 10:18:19.400 I/Pointer (  431):     AXIS_TOOL_MAJOR: source=0x1002 min=0.0 max=1280.0 flat=0.0 fuzz=0.0 resolution=0.0
04-23 10:18:19.400 I/Pointer (  431):     AXIS_TOOL_MINOR: source=0x1002 min=0.0 max=1280.0 flat=0.0 fuzz=0.0 resolution=0.0
04-23 10:18:19.420 I/hwcomposer(  110): IMG_hwcdev_pipe_assign_status_t hwcdev_try_to_assign_pipe(SUNXI_hwcdev_context_t*, SUNXI_hwcdev_pipe_t*, hwc_layer_1_t*, int, int): We use not config memory
04-23 10:18:19.420 I/hwcomposer(  110): IMG_hwcdev_pipe_assign_status_t hwcdev_try_to_assign_pipe(SUNXI_hwcdev_context_t*, SUNXI_hwcdev_pipe_t*, hwc_layer_1_t*, int, int): We use not config memory
04-23 10:18:19.420 I/hwcomposer(  110): IMG_hwcdev_pipe_assign_status_t hwcdev_try_to_assign_pipe(SUNXI_hwcdev_context_t*, SUNXI_hwcdev_pipe_t*, hwc_layer_1_t*, int, int): We use not config memory
04-23 10:18:19.440 I/qtaguid (  431): Failed write_ctrl(s 1 10011) res=-1 errno=1
04-23 10:18:19.440 W/NetworkManagementSocketTagger(  431): setKernelCountSet(10011, 1) failed with errno -1
04-23 10:18:19.470 D/gralloc (  110): ION_HEAP_CARVEOUT_MASK alloc
04-23 10:18:19.470 D/gralloc (  110): ION_HEAP_CARVEOUT_MASK alloc
04-23 10:18:19.470 I/hwcomposer(  110): IMG_hwcdev_pipe_assign_status_t hwcdev_try_to_assign_pipe(SUNXI_hwcdev_context_t*, SUNXI_hwcdev_pipe_t*, hwc_layer_1_t*, int, int): We use not config memory
04-23 10:18:19.470 I/hwcomposer(  110): IMG_hwcdev_pipe_assign_status_t hwcdev_try_to_assign_pipe(SUNXI_hwcdev_context_t*, SUNXI_hwcdev_pipe_t*, hwc_layer_1_t*, int, int): We use not config memory
04-23 10:18:19.470 I/hwcomposer(  110): IMG_hwcdev_pipe_assign_status_t hwcdev_try_to_assign_pipe(SUNXI_hwcdev_context_t*, SUNXI_hwcdev_pipe_t*, hwc_layer_1_t*, int, int): We use not config memory
04-23 10:18:19.490 I/hwcomposer(  110): IMG_hwcdev_pipe_assign_status_t hwcdev_try_to_assign_pipe(SUNXI_hwcdev_context_t*, SUNXI_hwcdev_pipe_t*, hwc_layer_1_t*, int, int): We use not config memory
04-23 10:18:19.490 I/hwcomposer(  110): IMG_hwcdev_pipe_assign_status_t hwcdev_try_to_assign_pipe(SUNXI_hwcdev_context_t*, SUNXI_hwcdev_pipe_t*, hwc_layer_1_t*, int, int): We use not config memory
04-23 10:18:19.490 I/hwcomposer(  110): IMG_hwcdev_pipe_assign_status_t hwcdev_try_to_assign_pipe(SUNXI_hwcdev_context_t*, SUNXI_hwcdev_pipe_t*, hwc_layer_1_t*, int, int): We use not config memory
04-23 10:18:19.500 D/PhoneStatusBar(  491): mSettingsPanelGravity = 8388661
04-23 10:18:19.520 I/hwcomposer(  110): IMG_hwcdev_pipe_assign_status_t hwcdev_try_to_assign_pipe(SUNXI_hwcdev_context_t*, SUNXI_hwcdev_pipe_t*, hwc_layer_1_t*, int, int): We use not config memory
04-23 10:18:19.520 I/hwcomposer(  110): IMG_hwcdev_pipe_assign_status_t hwcdev_try_to_assign_pipe(SUNXI_hwcdev_context_t*, SUNXI_hwcdev_pipe_t*, hwc_layer_1_t*, int, int): We use not config memory
04-23 10:18:19.520 I/hwcomposer(  110): IMG_hwcdev_pipe_assign_status_t hwcdev_try_to_assign_pipe(SUNXI_hwcdev_context_t*, SUNXI_hwcdev_pipe_t*, hwc_layer_1_t*, int, int): We use not config memory
04-23 10:18:19.570 D/gralloc (  110): ION_HEAP_CARVEOUT_MASK alloc
04-23 10:18:19.570 I/hwcomposer(  110): IMG_hwcdev_pipe_assign_status_t hwcdev_try_to_assign_pipe(SUNXI_hwcdev_context_t*, SUNXI_hwcdev_pipe_t*, hwc_layer_1_t*, int, int): We use not config memory
04-23 10:18:19.570 I/hwcomposer(  110): IMG_hwcdev_pipe_assign_status_t hwcdev_try_to_assign_pipe(SUNXI_hwcdev_context_t*, SUNXI_hwcdev_pipe_t*, hwc_layer_1_t*, int, int): We use not config memory
04-23 10:18:19.570 I/hwcomposer(  110): IMG_hwcdev_pipe_assign_status_t hwcdev_try_to_assign_pipe(SUNXI_hwcdev_context_t*, SUNXI_hwcdev_pipe_t*, hwc_layer_1_t*, int, int): We use not config memory
04-23 10:18:19.580 D/dalvikvm( 8770): GC_CONCURRENT freed 1885K, 21% free 7481K/9400K, paused 1ms+5ms, total 33ms
04-23 10:18:19.580 D/gralloc (  110): ION_HEAP_CARVEOUT_MASK alloc
04-23 10:18:19.590 D/gralloc (  110): ION_HEAP_CARVEOUT_MASK alloc
04-23 10:18:19.590 D/gralloc (  110): ION_HEAP_CARVEOUT_MASK alloc
04-23 10:18:19.610 I/hwcomposer(  110): IMG_hwcdev_pipe_assign_status_t hwcdev_try_to_assign_pipe(SUNXI_hwcdev_context_t*, SUNXI_hwcdev_pipe_t*, hwc_layer_1_t*, int, int): We use not config memory
04-23 10:18:19.610 I/hwcomposer(  110): IMG_hwcdev_pipe_assign_status_t hwcdev_try_to_assign_pipe(SUNXI_hwcdev_context_t*, SUNXI_hwcdev_pipe_t*, hwc_layer_1_t*, int, int): We use not config memory
04-23 10:18:19.610 I/hwcomposer(  110): IMG_hwcdev_pipe_assign_status_t hwcdev_try_to_assign_pipe(SUNXI_hwcdev_context_t*, SUNXI_hwcdev_pipe_t*, hwc_layer_1_t*, int, int): We use not config memory
04-23 10:18:19.620 I/hwcomposer(  110): IMG_hwcdev_pipe_assign_status_t hwcdev_try_to_assign_pipe(SUNXI_hwcdev_context_t*, SUNXI_hwcdev_pipe_t*, hwc_layer_1_t*, int, int): We use not config memory
04-23 10:18:19.620 I/hwcomposer(  110): IMG_hwcdev_pipe_assign_status_t hwcdev_try_to_assign_pipe(SUNXI_hwcdev_context_t*, SUNXI_hwcdev_pipe_t*, hwc_layer_1_t*, int, int): We use not config memory
04-23 10:18:19.620 I/hwcomposer(  110): IMG_hwcdev_pipe_assign_status_t hwcdev_try_to_assign_pipe(SUNXI_hwcdev_context_t*, SUNXI_hwcdev_pipe_t*, hwc_layer_1_t*, int, int): We use not config memory
04-23 10:18:19.630 W/IInputConnectionWrapper( 9114): showStatusIcon on inactive InputConnection
04-23 10:18:19.660 D/gralloc (  110): ION_HEAP_CARVEOUT_MASK alloc
04-23 10:18:19.660 I/hwcomposer(  110): IMG_hwcdev_pipe_assign_status_t hwcdev_try_to_assign_pipe(SUNXI_hwcdev_context_t*, SUNXI_hwcdev_pipe_t*, hwc_layer_1_t*, int, int): We use not config memory
04-23 10:18:19.660 I/hwcomposer(  110): IMG_hwcdev_pipe_assign_status_t hwcdev_try_to_assign_pipe(SUNXI_hwcdev_context_t*, SUNXI_hwcdev_pipe_t*, hwc_layer_1_t*, int, int): We use not config memory
04-23 10:18:19.660 I/hwcomposer(  110): IMG_hwcdev_pipe_assign_status_t hwcdev_try_to_assign_pipe(SUNXI_hwcdev_context_t*, SUNXI_hwcdev_pipe_t*, hwc_layer_1_t*, int, int): We use not config memory
04-23 10:18:19.660 D/gralloc (  110): ION_HEAP_CARVEOUT_MASK alloc
04-23 10:18:19.670 I/hwcomposer(  110): IMG_hwcdev_pipe_assign_status_t hwcdev_try_to_assign_pipe(SUNXI_hwcdev_context_t*, SUNXI_hwcdev_pipe_t*, hwc_layer_1_t*, int, int): We use not config memory
04-23 10:18:19.670 I/hwcomposer(  110): IMG_hwcdev_pipe_assign_status_t hwcdev_try_to_assign_pipe(SUNXI_hwcdev_context_t*, SUNXI_hwcdev_pipe_t*, hwc_layer_1_t*, int, int): We use not config memory
04-23 10:18:19.670 I/hwcomposer(  110): IMG_hwcdev_pipe_assign_status_t hwcdev_try_to_assign_pipe(SUNXI_hwcdev_context_t*, SUNXI_hwcdev_pipe_t*, hwc_layer_1_t*, int, int): We use not config memory
04-23 10:18:19.690 I/hwcomposer(  110): IMG_hwcdev_pipe_assign_status_t hwcdev_try_to_assign_pipe(SUNXI_hwcdev_context_t*, SUNXI_hwcdev_pipe_t*, hwc_layer_1_t*, int, int): We use not config memory
04-23 10:18:19.690 I/hwcomposer(  110): IMG_hwcdev_pipe_assign_status_t hwcdev_try_to_assign_pipe(SUNXI_hwcdev_context_t*, SUNXI_hwcdev_pipe_t*, hwc_layer_1_t*, int, int): We use not config memory
04-23 10:18:19.690 I/hwcomposer(  110): IMG_hwcdev_pipe_assign_status_t hwcdev_try_to_assign_pipe(SUNXI_hwcdev_context_t*, SUNXI_hwcdev_pipe_t*, hwc_layer_1_t*, int, int): We use not config memory
04-23 10:18:19.710 D/gralloc (  110): ION_HEAP_CARVEOUT_MASK alloc
04-23 10:18:19.720 I/hwcomposer(  110): IMG_hwcdev_pipe_assign_status_t hwcdev_try_to_assign_pipe(SUNXI_hwcdev_context_t*, SUNXI_hwcdev_pipe_t*, hwc_layer_1_t*, int, int): We use not config memory
04-23 10:18:19.720 I/hwcomposer(  110): IMG_hwcdev_pipe_assign_status_t hwcdev_try_to_assign_pipe(SUNXI_hwcdev_context_t*, SUNXI_hwcdev_pipe_t*, hwc_layer_1_t*, int, int): We use not config memory
04-23 10:18:19.720 I/hwcomposer(  110): IMG_hwcdev_pipe_assign_status_t hwcdev_try_to_assign_pipe(SUNXI_hwcdev_context_t*, SUNXI_hwcdev_pipe_t*, hwc_layer_1_t*, int, int): We use not config memory
04-23 10:18:19.740 D/gralloc (  110): ION_HEAP_CARVEOUT_MASK alloc
04-23 10:18:19.740 I/hwcomposer(  110): IMG_hwcdev_pipe_assign_status_t hwcdev_try_to_assign_pipe(SUNXI_hwcdev_context_t*, SUNXI_hwcdev_pipe_t*, hwc_layer_1_t*, int, int): We use not config memory
04-23 10:18:19.740 I/hwcomposer(  110): IMG_hwcdev_pipe_assign_status_t hwcdev_try_to_assign_pipe(SUNXI_hwcdev_context_t*, SUNXI_hwcdev_pipe_t*, hwc_layer_1_t*, int, int): We use not config memory
04-23 10:18:19.750 D/gralloc (  110): ION_HEAP_CARVEOUT_MASK alloc
04-23 10:18:19.760 I/hwcomposer(  110): IMG_hwcdev_pipe_assign_status_t hwcdev_try_to_assign_pipe(SUNXI_hwcdev_context_t*, SUNXI_hwcdev_pipe_t*, hwc_layer_1_t*, int, int): We use not config memory
04-23 10:18:19.760 I/hwcomposer(  110): IMG_hwcdev_pipe_assign_status_t hwcdev_try_to_assign_pipe(SUNXI_hwcdev_context_t*, SUNXI_hwcdev_pipe_t*, hwc_layer_1_t*, int, int): We use not config memory
04-23 10:18:19.790 I/hwcomposer(  110): IMG_hwcdev_pipe_assign_status_t hwcdev_try_to_assign_pipe(SUNXI_hwcdev_context_t*, SUNXI_hwcdev_pipe_t*, hwc_layer_1_t*, int, int): We use not config memory
04-23 10:18:19.790 I/hwcomposer(  110): IMG_hwcdev_pipe_assign_status_t hwcdev_try_to_assign_pipe(SUNXI_hwcdev_context_t*, SUNXI_hwcdev_pipe_t*, hwc_layer_1_t*, int, int): We use not config memory
04-23 10:18:19.800 D/gralloc (  110): ION_HEAP_CARVEOUT_MASK alloc
04-23 10:18:19.820 D/gralloc (  110): ION_HEAP_CARVEOUT_MASK alloc
04-23 10:18:19.870 I/hwcomposer(  110): IMG_hwcdev_pipe_assign_status_t hwcdev_try_to_assign_pipe(SUNXI_hwcdev_context_t*, SUNXI_hwcdev_pipe_t*, hwc_layer_1_t*, int, int): We use not config memory
04-23 10:18:19.870 I/hwcomposer(  110): IMG_hwcdev_pipe_assign_status_t hwcdev_try_to_assign_pipe(SUNXI_hwcdev_context_t*, SUNXI_hwcdev_pipe_t*, hwc_layer_1_t*, int, int): We use not config memory
04-23 10:18:19.870 I/hwcomposer(  110): IMG_hwcdev_pipe_assign_status_t hwcdev_try_to_assign_pipe(SUNXI_hwcdev_context_t*, SUNXI_hwcdev_pipe_t*, hwc_layer_1_t*, int, int): We use not config memory
04-23 10:18:19.920 I/qtaguid (  431): Failed write_ctrl(s 0 10077) res=-1 errno=1
04-23 10:18:19.920 W/NetworkManagementSocketTagger(  431): setKernelCountSet(10077, 0) failed with errno -1
04-23 10:18:19.920 D/gralloc (  110): ION_HEAP_CARVEOUT_MASK alloc
04-23 10:18:19.930 I/hwcomposer(  110): IMG_hwcdev_pipe_assign_status_t hwcdev_try_to_assign_pipe(SUNXI_hwcdev_context_t*, SUNXI_hwcdev_pipe_t*, hwc_layer_1_t*, int, int): We use not config memory
04-23 10:18:19.930 I/hwcomposer(  110): IMG_hwcdev_pipe_assign_status_t hwcdev_try_to_assign_pipe(SUNXI_hwcdev_context_t*, SUNXI_hwcdev_pipe_t*, hwc_layer_1_t*, int, int): We use not config memory
04-23 10:18:19.930 I/hwcomposer(  110): IMG_hwcdev_pipe_assign_status_t hwcdev_try_to_assign_pipe(SUNXI_hwcdev_context_t*, SUNXI_hwcdev_pipe_t*, hwc_layer_1_t*, int, int): We use not config memory
04-23 10:18:19.930 I/WindowManager(  431): Screen frozen for +571ms due to Window{41cdf590 u0 com.android.systemui.ImageWallpaper}
04-23 10:18:19.950 I/hwcomposer(  110): IMG_hwcdev_pipe_assign_status_t hwcdev_try_to_assign_pipe(SUNXI_hwcdev_context_t*, SUNXI_hwcdev_pipe_t*, hwc_layer_1_t*, int, int): We use not config memory
04-23 10:18:19.950 I/hwcomposer(  110): IMG_hwcdev_pipe_assign_status_t hwcdev_try_to_assign_pipe(SUNXI_hwcdev_context_t*, SUNXI_hwcdev_pipe_t*, hwc_layer_1_t*, int, int): We use not config memory
04-23 10:18:19.960 I/hwcomposer(  110): IMG_hwcdev_pipe_assign_status_t hwcdev_try_to_assign_pipe(SUNXI_hwcdev_context_t*, SUNXI_hwcdev_pipe_t*, hwc_layer_1_t*, int, int): We use not config memory
04-23 10:18:19.960 I/hwcomposer(  110): IMG_hwcdev_pipe_assign_status_t hwcdev_try_to_assign_pipe(SUNXI_hwcdev_context_t*, SUNXI_hwcdev_pipe_t*, hwc_layer_1_t*, int, int): We use not config memory
04-23 10:18:19.970 I/hwcomposer(  110): IMG_hwcdev_pipe_assign_status_t hwcdev_try_to_assign_pipe(SUNXI_hwcdev_context_t*, SUNXI_hwcdev_pipe_t*, hwc_layer_1_t*, int, int): We use not config memory
04-23 10:18:19.970 I/hwcomposer(  110): IMG_hwcdev_pipe_assign_status_t hwcdev_try_to_assign_pipe(SUNXI_hwcdev_context_t*, SUNXI_hwcdev_pipe_t*, hwc_layer_1_t*, int, int): We use not config memory
04-23 10:18:19.980 I/hwcomposer(  110): IMG_hwcdev_pipe_assign_status_t hwcdev_try_to_assign_pipe(SUNXI_hwcdev_context_t*, SUNXI_hwcdev_pipe_t*, hwc_layer_1_t*, int, int): We use not config memory
04-23 10:18:20.110 D/gralloc (  110): ION_HEAP_CARVEOUT_MASK alloc
04-23 10:18:20.520 D/UIAutomatorStub( 2789): URI: /jsonrpc/0, Method: POST, Header: {content-type=application/json, connection=close, remote-addr=127.0.0.1, host=localhost:9008, content-length=80, http-client-ip=127.0.0.1, user-agent=Python-urllib/2.7, accept-encoding=identity}, params, {NanoHttpd.QUERY_STRING={"jsonrpc": "2.0", "method": "wakeUp", "id": "91f0e25b0a6d8764ae7c3361031a40b4"}, {"jsonrpc": "2.0", "method": "wakeUp", "id": "91f0e25b0a6d8764ae7c3361031a40b4"}=}, files: {}
04-23 10:18:20.550 D/UIAutomatorStub( 2789): URI: /jsonrpc/0, Method: POST, Header: {content-type=application/json, connection=close, remote-addr=127.0.0.1, host=localhost:9008, content-length=102, http-client-ip=127.0.0.1, user-agent=Python-urllib/2.7, accept-encoding=identity}, params, {{"params": ["home"], "jsonrpc": "2.0", "method": "pressKey", "id": "937ea1cea701b8d4b4ec522f4eb38422"}=, NanoHttpd.QUERY_STRING={"params": ["home"], "jsonrpc": "2.0", "method": "pressKey", "id": "937ea1cea701b8d4b4ec522f4eb38422"}}, files: {}
04-23 10:18:20.580 I/ActivityManager(  431): START u0 {act=android.intent.action.MAIN cat=[android.intent.category.HOME] flg=0x10200000 cmp=com.android.launcher/com.android.launcher2.Launcher} from pid 431
04-23 10:18:21.580 W/InteractionController( 2789): runAndwaitForEvent timedout waiting for events
04-23 10:18:21.600 D/UIAutomatorStub( 2789): URI: /jsonrpc/0, Method: POST, Header: {content-type=application/json, connection=close, remote-addr=127.0.0.1, host=localhost:9008, content-length=180, http-client-ip=127.0.0.1, user-agent=Python-urllib/2.7, accept-encoding=identity}, params, {{"params": [{"childOrSiblingSelector": [], "mask": 64, "description": "Apps", "childOrSibling": []}], "jsonrpc": "2.0", "method": "click", "id": "01908d0d678455c270dd24f510fdbf96"}=, NanoHttpd.QUERY_STRING={"params": [{"childOrSiblingSelector": [], "mask": 64, "description": "Apps", "childOrSibling": []}], "jsonrpc": "2.0", "method": "click", "id": "01908d0d678455c270dd24f510fdbf96"}}, files: {}
04-23 10:18:21.690 W/ResourceType( 8770): No known package when getting name for resource number 0x9b010100
04-23 10:18:21.700 W/ResourceType( 8770): No known package when getting name for resource number 0x9b020200
04-23 10:18:21.700 W/ResourceType( 8770): No known package when getting name for resource number 0x9b030300
04-23 10:18:21.700 W/ResourceType( 8770): No known package when getting name for resource number 0x9b050500
04-23 10:18:21.700 W/ResourceType( 8770): No known package when getting name for resource number 0x9b060600
04-23 10:18:21.700 W/ResourceType( 8770): No known package when getting name for resource number 0x9b070700
04-23 10:18:21.700 W/ResourceType( 8770): No known package when getting name for resource number 0x9c010100
04-23 10:18:21.710 W/ResourceType( 8770): No known package when getting name for resource number 0x9c010503
04-23 10:18:21.720 W/ResourceType( 8770): No known package when getting name for resource number 0x9c020000
04-23 10:18:21.720 W/ResourceType( 8770): No known package when getting name for resource number 0x9c020100
04-23 10:18:21.730 I/QueryController( 2789): Matched selector: UiSelector[DESCRIPTION=Apps] <<==>> [android.view.accessibility.AccessibilityNodeInfo@1163c; boundsInParent: Rect(524257, 0 - 524327, 70); boundsInScreen: Rect(356, 900 - 412, 956); packageName: com.android.launcher; className: android.widget.TextView; text: null; contentDescription: Apps; viewIdResName: null; checkable: false; checked: false; focusable: true; focused: false; selected: false; clickable: true; longClickable: false; enabled: true; password: false; scrollable: false; [ACTION_FOCUS, ACTION_SELECT, ACTION_CLEAR_SELECTION, ACTION_CLICK, ACTION_ACCESSIBILITY_FOCUS]]
04-23 10:18:21.740 D/InteractionController( 2789): clickAndSync(384, 928)
04-23 10:18:21.760 D/gralloc (  110): ION_HEAP_CARVEOUT_MASK alloc
04-23 10:18:21.870 D/gralloc (  110): ION_HEAP_CARVEOUT_MASK alloc
04-23 10:18:21.880 V/audio_hw_primary(  113): start_output_stream, line: 732
04-23 10:18:21.880 V/codec_audio_pad(  113): in normal mode, headset or speaker on,****LINE:112,FUNC:set_normal_path
04-23 10:18:21.910 D/UIAutomatorStub( 2789): URI: /jsonrpc/0, Method: POST, Header: {content-type=application/json, connection=close, remote-addr=127.0.0.1, host=localhost:9008, content-length=174, http-client-ip=127.0.0.1, user-agent=Python-urllib/2.7, accept-encoding=identity}, params, {NanoHttpd.QUERY_STRING={"params": [{"childOrSiblingSelector": [], "text": "3DMark", "mask": 1, "childOrSibling": []}], "jsonrpc": "2.0", "method": "click", "id": "b8b75a096b7d9c11f6b475e79a45114b"}, {"params": [{"childOrSiblingSelector": [], "text": "3DMark", "mask": 1, "childOrSibling": []}], "jsonrpc": "2.0", "method": "click", "id": "b8b75a096b7d9c11f6b475e79a45114b"}=}, files: {}
04-23 10:18:22.040 V/audio_hw_primary(  113): normal mode , speaker,****LINE:657,FUNC:select_output_device
04-23 10:18:22.040 V/audio_hw_primary(  113): start_output_stream: card:0, port:0, rate:44100
04-23 10:18:22.040 D/alsa_pcm(  113): pcm_open:,sparams.stop_threshold:1540, config->stop_threshold:0
04-23 10:18:22.040 V/audio_hw_primary(  113): do not use out resampler
04-23 10:18:22.050 D/dalvikvm(  431): GC_EXPLICIT freed 532K, 14% free 9022K/10456K, paused 3ms+9ms, total 91ms
04-23 10:18:23.810 I/Choreographer( 8770): Skipped 78 frames!  The application may be doing too much work on its main thread.
04-23 10:18:23.860 I/QueryController( 2789): Matched selector: UiSelector[TEXT=3DMark] <<==>> [android.view.accessibility.AccessibilityNodeInfo@14709; boundsInParent: Rect(524240, 0 - 524336, 96); boundsInScreen: Rect(72, 118 - 168, 214); packageName: com.android.launcher; className: android.widget.TextView; text: 3DMark; contentDescription: null; viewIdResName: null; checkable: false; checked: false; focusable: true; focused: false; selected: false; clickable: true; longClickable: true; enabled: true; password: false; scrollable: false; [ACTION_FOCUS, ACTION_SELECT, ACTION_CLEAR_SELECTION, ACTION_CLICK, ACTION_LONG_CLICK, ACTION_ACCESSIBILITY_FOCUS, ACTION_NEXT_AT_MOVEMENT_GRANULARITY, ACTION_PREVIOUS_AT_MOVEMENT_GRANULARITY, ACTION_SET_SELECTION]]
04-23 10:18:23.860 D/InteractionController( 2789): clickAndSync(120, 166)
04-23 10:18:24.020 D/dalvikvm( 8770): GC_CONCURRENT freed 661K, 17% free 7807K/9400K, paused 4ms+5ms, total 52ms
04-23 10:18:24.020 D/dalvikvm( 8770): WAIT_FOR_CONCURRENT_GC blocked 39ms
04-23 10:18:24.030 D/dalvikvm( 8770): WAIT_FOR_CONCURRENT_GC blocked 26ms
04-23 10:18:24.030 I/ActivityManager(  431): START u0 {act=android.intent.action.MAIN cat=[android.intent.category.LAUNCHER] flg=0x10200000 cmp=com.futuremark.dmandroid.application/.activity.MainActivity} from pid 8770
04-23 10:18:24.150 D/dalvikvm( 8770): GC_CONCURRENT freed 126K, 7% free 8760K/9400K, paused 3ms+5ms, total 57ms
04-23 10:18:24.150 D/dalvikvm( 8770): WAIT_FOR_CONCURRENT_GC blocked 31ms
04-23 10:18:24.150 I/ActivityManager(  431): Start proc com.futuremark.dmandroid.application for activity com.futuremark.dmandroid.application/.activity.MainActivity: pid=9277 uid=10078 gids={50078, 3003, 1028, 1015}
04-23 10:18:24.190 D/gralloc (  110): ==USE CPU CACHE OP LLL usage = 0x933==
04-23 10:18:24.190 D/gralloc (  110): ION_HEAP_SYSTEM_MASK alloc
04-23 10:18:24.210 I/qtaguid (  431): Failed write_ctrl(s 1 10078) res=-1 errno=1
04-23 10:18:24.210 W/NetworkManagementSocketTagger(  431): setKernelCountSet(10078, 1) failed with errno -1
04-23 10:18:24.250 D/gralloc (  110): ==USE CPU CACHE OP LLL usage = 0x933==
04-23 10:18:24.250 D/gralloc (  110): ION_HEAP_SYSTEM_MASK alloc
04-23 10:18:24.290 I/hwcomposer(  110): IMG_hwcdev_pipe_assign_status_t hwcdev_try_to_assign_pipe(SUNXI_hwcdev_context_t*, SUNXI_hwcdev_pipe_t*, hwc_layer_1_t*, int, int): We use not config memory
04-23 10:18:24.290 I/hwcomposer(  110): IMG_hwcdev_pipe_assign_status_t hwcdev_try_to_assign_pipe(SUNXI_hwcdev_context_t*, SUNXI_hwcdev_pipe_t*, hwc_layer_1_t*, int, int): We use not config memory
04-23 10:18:24.290 I/hwcomposer(  110): IMG_hwcdev_pipe_assign_status_t hwcdev_try_to_assign_pipe(SUNXI_hwcdev_context_t*, SUNXI_hwcdev_pipe_t*, hwc_layer_1_t*, int, int): We use not config memory
04-23 10:18:24.290 I/hwcomposer(  110): IMG_hwcdev_pipe_assign_status_t hwcdev_try_to_assign_pipe(SUNXI_hwcdev_context_t*, SUNXI_hwcdev_pipe_t*, hwc_layer_1_t*, int, int): We use not config memory
04-23 10:18:24.310 I/hwcomposer(  110): IMG_hwcdev_pipe_assign_status_t hwcdev_try_to_assign_pipe(SUNXI_hwcdev_context_t*, SUNXI_hwcdev_pipe_t*, hwc_layer_1_t*, int, int): We use not config memory
04-23 10:18:24.310 I/hwcomposer(  110): IMG_hwcdev_pipe_assign_status_t hwcdev_try_to_assign_pipe(SUNXI_hwcdev_context_t*, SUNXI_hwcdev_pipe_t*, hwc_layer_1_t*, int, int): We use not config memory
04-23 10:18:24.310 I/hwcomposer(  110): IMG_hwcdev_pipe_assign_status_t hwcdev_try_to_assign_pipe(SUNXI_hwcdev_context_t*, SUNXI_hwcdev_pipe_t*, hwc_layer_1_t*, int, int): We use not config memory
04-23 10:18:24.310 I/hwcomposer(  110): IMG_hwcdev_pipe_assign_status_t hwcdev_try_to_assign_pipe(SUNXI_hwcdev_context_t*, SUNXI_hwcdev_pipe_t*, hwc_layer_1_t*, int, int): We use not config memory
04-23 10:18:24.320 I/hwcomposer(  110): IMG_hwcdev_pipe_assign_status_t hwcdev_try_to_assign_pipe(SUNXI_hwcdev_context_t*, SUNXI_hwcdev_pipe_t*, hwc_layer_1_t*, int, int): We use not config memory
04-23 10:18:24.320 I/hwcomposer(  110): IMG_hwcdev_pipe_assign_status_t hwcdev_try_to_assign_pipe(SUNXI_hwcdev_context_t*, SUNXI_hwcdev_pipe_t*, hwc_layer_1_t*, int, int): We use not config memory
04-23 10:18:24.320 I/hwcomposer(  110): IMG_hwcdev_pipe_assign_status_t hwcdev_try_to_assign_pipe(SUNXI_hwcdev_context_t*, SUNXI_hwcdev_pipe_t*, hwc_layer_1_t*, int, int): We use not config memory
04-23 10:18:24.320 I/hwcomposer(  110): IMG_hwcdev_pipe_assign_status_t hwcdev_try_to_assign_pipe(SUNXI_hwcdev_context_t*, SUNXI_hwcdev_pipe_t*, hwc_layer_1_t*, int, int): We use not config memory
04-23 10:18:24.340 I/hwcomposer(  110): IMG_hwcdev_pipe_assign_status_t hwcdev_try_to_assign_pipe(SUNXI_hwcdev_context_t*, SUNXI_hwcdev_pipe_t*, hwc_layer_1_t*, int, int): We use not config memory
04-23 10:18:24.340 I/hwcomposer(  110): IMG_hwcdev_pipe_assign_status_t hwcdev_try_to_assign_pipe(SUNXI_hwcdev_context_t*, SUNXI_hwcdev_pipe_t*, hwc_layer_1_t*, int, int): We use not config memory
04-23 10:18:24.340 I/hwcomposer(  110): IMG_hwcdev_pipe_assign_status_t hwcdev_try_to_assign_pipe(SUNXI_hwcdev_context_t*, SUNXI_hwcdev_pipe_t*, hwc_layer_1_t*, int, int): We use not config memory
04-23 10:18:24.340 I/hwcomposer(  110): IMG_hwcdev_pipe_assign_status_t hwcdev_try_to_assign_pipe(SUNXI_hwcdev_context_t*, SUNXI_hwcdev_pipe_t*, hwc_layer_1_t*, int, int): We use not config memory
04-23 10:18:24.350 I/qtaguid (  431): Failed write_ctrl(s 0 10011) res=-1 errno=1
04-23 10:18:24.360 W/NetworkManagementSocketTagger(  431): setKernelCountSet(10011, 0) failed with errno -1
04-23 10:18:24.360 I/hwcomposer(  110): IMG_hwcdev_pipe_assign_status_t hwcdev_try_to_assign_pipe(SUNXI_hwcdev_context_t*, SUNXI_hwcdev_pipe_t*, hwc_layer_1_t*, int, int): We use not config memory
04-23 10:18:24.360 I/hwcomposer(  110): IMG_hwcdev_pipe_assign_status_t hwcdev_try_to_assign_pipe(SUNXI_hwcdev_context_t*, SUNXI_hwcdev_pipe_t*, hwc_layer_1_t*, int, int): We use not config memory
04-23 10:18:24.360 I/hwcomposer(  110): IMG_hwcdev_pipe_assign_status_t hwcdev_try_to_assign_pipe(SUNXI_hwcdev_context_t*, SUNXI_hwcdev_pipe_t*, hwc_layer_1_t*, int, int): We use not config memory
04-23 10:18:24.360 I/hwcomposer(  110): IMG_hwcdev_pipe_assign_status_t hwcdev_try_to_assign_pipe(SUNXI_hwcdev_context_t*, SUNXI_hwcdev_pipe_t*, hwc_layer_1_t*, int, int): We use not config memory
04-23 10:18:24.380 I/hwcomposer(  110): IMG_hwcdev_pipe_assign_status_t hwcdev_try_to_assign_pipe(SUNXI_hwcdev_context_t*, SUNXI_hwcdev_pipe_t*, hwc_layer_1_t*, int, int): We use not config memory
04-23 10:18:24.380 I/hwcomposer(  110): IMG_hwcdev_pipe_assign_status_t hwcdev_try_to_assign_pipe(SUNXI_hwcdev_context_t*, SUNXI_hwcdev_pipe_t*, hwc_layer_1_t*, int, int): We use not config memory
04-23 10:18:24.380 I/hwcomposer(  110): IMG_hwcdev_pipe_assign_status_t hwcdev_try_to_assign_pipe(SUNXI_hwcdev_context_t*, SUNXI_hwcdev_pipe_t*, hwc_layer_1_t*, int, int): We use not config memory
04-23 10:18:24.380 I/hwcomposer(  110): IMG_hwcdev_pipe_assign_status_t hwcdev_try_to_assign_pipe(SUNXI_hwcdev_context_t*, SUNXI_hwcdev_pipe_t*, hwc_layer_1_t*, int, int): We use not config memory
04-23 10:18:24.390 I/hwcomposer(  110): IMG_hwcdev_pipe_assign_status_t hwcdev_try_to_assign_pipe(SUNXI_hwcdev_context_t*, SUNXI_hwcdev_pipe_t*, hwc_layer_1_t*, int, int): We use not config memory
04-23 10:18:24.390 I/hwcomposer(  110): IMG_hwcdev_pipe_assign_status_t hwcdev_try_to_assign_pipe(SUNXI_hwcdev_context_t*, SUNXI_hwcdev_pipe_t*, hwc_layer_1_t*, int, int): We use not config memory
04-23 10:18:24.390 I/hwcomposer(  110): IMG_hwcdev_pipe_assign_status_t hwcdev_try_to_assign_pipe(SUNXI_hwcdev_context_t*, SUNXI_hwcdev_pipe_t*, hwc_layer_1_t*, int, int): We use not config memory
04-23 10:18:24.390 I/hwcomposer(  110): IMG_hwcdev_pipe_assign_status_t hwcdev_try_to_assign_pipe(SUNXI_hwcdev_context_t*, SUNXI_hwcdev_pipe_t*, hwc_layer_1_t*, int, int): We use not config memory
04-23 10:18:24.410 I/hwcomposer(  110): IMG_hwcdev_pipe_assign_status_t hwcdev_try_to_assign_pipe(SUNXI_hwcdev_context_t*, SUNXI_hwcdev_pipe_t*, hwc_layer_1_t*, int, int): We use not config memory
04-23 10:18:24.410 I/hwcomposer(  110): IMG_hwcdev_pipe_assign_status_t hwcdev_try_to_assign_pipe(SUNXI_hwcdev_context_t*, SUNXI_hwcdev_pipe_t*, hwc_layer_1_t*, int, int): We use not config memory
04-23 10:18:24.410 I/hwcomposer(  110): IMG_hwcdev_pipe_assign_status_t hwcdev_try_to_assign_pipe(SUNXI_hwcdev_context_t*, SUNXI_hwcdev_pipe_t*, hwc_layer_1_t*, int, int): We use not config memory
04-23 10:18:24.410 I/hwcomposer(  110): IMG_hwcdev_pipe_assign_status_t hwcdev_try_to_assign_pipe(SUNXI_hwcdev_context_t*, SUNXI_hwcdev_pipe_t*, hwc_layer_1_t*, int, int): We use not config memory
04-23 10:18:24.420 I/hwcomposer(  110): IMG_hwcdev_pipe_assign_status_t hwcdev_try_to_assign_pipe(SUNXI_hwcdev_context_t*, SUNXI_hwcdev_pipe_t*, hwc_layer_1_t*, int, int): We use not config memory
04-23 10:18:24.420 I/hwcomposer(  110): IMG_hwcdev_pipe_assign_status_t hwcdev_try_to_assign_pipe(SUNXI_hwcdev_context_t*, SUNXI_hwcdev_pipe_t*, hwc_layer_1_t*, int, int): We use not config memory
04-23 10:18:24.420 I/hwcomposer(  110): IMG_hwcdev_pipe_assign_status_t hwcdev_try_to_assign_pipe(SUNXI_hwcdev_context_t*, SUNXI_hwcdev_pipe_t*, hwc_layer_1_t*, int, int): We use not config memory
04-23 10:18:24.420 I/hwcomposer(  110): IMG_hwcdev_pipe_assign_status_t hwcdev_try_to_assign_pipe(SUNXI_hwcdev_context_t*, SUNXI_hwcdev_pipe_t*, hwc_layer_1_t*, int, int): We use not config memory
04-23 10:18:24.440 I/hwcomposer(  110): IMG_hwcdev_pipe_assign_status_t hwcdev_try_to_assign_pipe(SUNXI_hwcdev_context_t*, SUNXI_hwcdev_pipe_t*, hwc_layer_1_t*, int, int): We use not config memory
04-23 10:18:24.440 I/hwcomposer(  110): IMG_hwcdev_pipe_assign_status_t hwcdev_try_to_assign_pipe(SUNXI_hwcdev_context_t*, SUNXI_hwcdev_pipe_t*, hwc_layer_1_t*, int, int): We use not config memory
04-23 10:18:24.440 I/hwcomposer(  110): IMG_hwcdev_pipe_assign_status_t hwcdev_try_to_assign_pipe(SUNXI_hwcdev_context_t*, SUNXI_hwcdev_pipe_t*, hwc_layer_1_t*, int, int): We use not config memory
04-23 10:18:24.440 I/hwcomposer(  110): IMG_hwcdev_pipe_assign_status_t hwcdev_try_to_assign_pipe(SUNXI_hwcdev_context_t*, SUNXI_hwcdev_pipe_t*, hwc_layer_1_t*, int, int): We use not config memory
04-23 10:18:24.460 I/hwcomposer(  110): IMG_hwcdev_pipe_assign_status_t hwcdev_try_to_assign_pipe(SUNXI_hwcdev_context_t*, SUNXI_hwcdev_pipe_t*, hwc_layer_1_t*, int, int): We use not config memory
04-23 10:18:24.460 I/hwcomposer(  110): IMG_hwcdev_pipe_assign_status_t hwcdev_try_to_assign_pipe(SUNXI_hwcdev_context_t*, SUNXI_hwcdev_pipe_t*, hwc_layer_1_t*, int, int): We use not config memory
04-23 10:18:24.460 I/hwcomposer(  110): IMG_hwcdev_pipe_assign_status_t hwcdev_try_to_assign_pipe(SUNXI_hwcdev_context_t*, SUNXI_hwcdev_pipe_t*, hwc_layer_1_t*, int, int): We use not config memory
04-23 10:18:24.460 I/hwcomposer(  110): IMG_hwcdev_pipe_assign_status_t hwcdev_try_to_assign_pipe(SUNXI_hwcdev_context_t*, SUNXI_hwcdev_pipe_t*, hwc_layer_1_t*, int, int): We use not config memory
04-23 10:18:24.470 I/hwcomposer(  110): IMG_hwcdev_pipe_assign_status_t hwcdev_try_to_assign_pipe(SUNXI_hwcdev_context_t*, SUNXI_hwcdev_pipe_t*, hwc_layer_1_t*, int, int): We use not config memory
04-23 10:18:24.470 I/hwcomposer(  110): IMG_hwcdev_pipe_assign_status_t hwcdev_try_to_assign_pipe(SUNXI_hwcdev_context_t*, SUNXI_hwcdev_pipe_t*, hwc_layer_1_t*, int, int): We use not config memory
04-23 10:18:24.470 I/hwcomposer(  110): IMG_hwcdev_pipe_assign_status_t hwcdev_try_to_assign_pipe(SUNXI_hwcdev_context_t*, SUNXI_hwcdev_pipe_t*, hwc_layer_1_t*, int, int): We use not config memory
04-23 10:18:24.490 I/hwcomposer(  110): IMG_hwcdev_pipe_assign_status_t hwcdev_try_to_assign_pipe(SUNXI_hwcdev_context_t*, SUNXI_hwcdev_pipe_t*, hwc_layer_1_t*, int, int): We use not config memory
04-23 10:18:24.490 I/hwcomposer(  110): IMG_hwcdev_pipe_assign_status_t hwcdev_try_to_assign_pipe(SUNXI_hwcdev_context_t*, SUNXI_hwcdev_pipe_t*, hwc_layer_1_t*, int, int): We use not config memory
04-23 10:18:24.490 I/hwcomposer(  110): IMG_hwcdev_pipe_assign_status_t hwcdev_try_to_assign_pipe(SUNXI_hwcdev_context_t*, SUNXI_hwcdev_pipe_t*, hwc_layer_1_t*, int, int): We use not config memory
04-23 10:18:24.490 I/hwcomposer(  110): IMG_hwcdev_pipe_assign_status_t hwcdev_try_to_assign_pipe(SUNXI_hwcdev_context_t*, SUNXI_hwcdev_pipe_t*, hwc_layer_1_t*, int, int): We use not config memory
04-23 10:18:24.490 I/hwcomposer(  110): IMG_hwcdev_pipe_assign_status_t hwcdev_try_to_assign_pipe(SUNXI_hwcdev_context_t*, SUNXI_hwcdev_pipe_t*, hwc_layer_1_t*, int, int): We use not config memory
04-23 10:18:24.490 I/hwcomposer(  110): IMG_hwcdev_pipe_assign_status_t hwcdev_try_to_assign_pipe(SUNXI_hwcdev_context_t*, SUNXI_hwcdev_pipe_t*, hwc_layer_1_t*, int, int): We use not config memory
04-23 10:18:24.490 I/hwcomposer(  110): IMG_hwcdev_pipe_assign_status_t hwcdev_try_to_assign_pipe(SUNXI_hwcdev_context_t*, SUNXI_hwcdev_pipe_t*, hwc_layer_1_t*, int, int): We use not config memory
04-23 10:18:24.510 I/hwcomposer(  110): IMG_hwcdev_pipe_assign_status_t hwcdev_try_to_assign_pipe(SUNXI_hwcdev_context_t*, SUNXI_hwcdev_pipe_t*, hwc_layer_1_t*, int, int): We use not config memory
04-23 10:18:24.510 I/hwcomposer(  110): IMG_hwcdev_pipe_assign_status_t hwcdev_try_to_assign_pipe(SUNXI_hwcdev_context_t*, SUNXI_hwcdev_pipe_t*, hwc_layer_1_t*, int, int): We use not config memory
04-23 10:18:24.510 I/hwcomposer(  110): IMG_hwcdev_pipe_assign_status_t hwcdev_try_to_assign_pipe(SUNXI_hwcdev_context_t*, SUNXI_hwcdev_pipe_t*, hwc_layer_1_t*, int, int): We use not config memory
04-23 10:18:24.510 I/hwcomposer(  110): IMG_hwcdev_pipe_assign_status_t hwcdev_try_to_assign_pipe(SUNXI_hwcdev_context_t*, SUNXI_hwcdev_pipe_t*, hwc_layer_1_t*, int, int): We use not config memory
04-23 10:18:24.510 I/hwcomposer(  110): IMG_hwcdev_pipe_assign_status_t hwcdev_try_to_assign_pipe(SUNXI_hwcdev_context_t*, SUNXI_hwcdev_pipe_t*, hwc_layer_1_t*, int, int): We use not config memory
04-23 10:18:24.510 I/hwcomposer(  110): IMG_hwcdev_pipe_assign_status_t hwcdev_try_to_assign_pipe(SUNXI_hwcdev_context_t*, SUNXI_hwcdev_pipe_t*, hwc_layer_1_t*, int, int): We use not config memory
04-23 10:18:24.510 I/hwcomposer(  110): IMG_hwcdev_pipe_assign_status_t hwcdev_try_to_assign_pipe(SUNXI_hwcdev_context_t*, SUNXI_hwcdev_pipe_t*, hwc_layer_1_t*, int, int): We use not config memory
04-23 10:18:24.530 I/hwcomposer(  110): IMG_hwcdev_pipe_assign_status_t hwcdev_try_to_assign_pipe(SUNXI_hwcdev_context_t*, SUNXI_hwcdev_pipe_t*, hwc_layer_1_t*, int, int): We use not config memory
04-23 10:18:24.530 I/hwcomposer(  110): IMG_hwcdev_pipe_assign_status_t hwcdev_try_to_assign_pipe(SUNXI_hwcdev_context_t*, SUNXI_hwcdev_pipe_t*, hwc_layer_1_t*, int, int): We use not config memory
04-23 10:18:24.530 I/hwcomposer(  110): IMG_hwcdev_pipe_assign_status_t hwcdev_try_to_assign_pipe(SUNXI_hwcdev_context_t*, SUNXI_hwcdev_pipe_t*, hwc_layer_1_t*, int, int): We use not config memory
04-23 10:18:24.530 I/hwcomposer(  110): IMG_hwcdev_pipe_assign_status_t hwcdev_try_to_assign_pipe(SUNXI_hwcdev_context_t*, SUNXI_hwcdev_pipe_t*, hwc_layer_1_t*, int, int): We use not config memory
04-23 10:18:24.530 I/hwcomposer(  110): IMG_hwcdev_pipe_assign_status_t hwcdev_try_to_assign_pipe(SUNXI_hwcdev_context_t*, SUNXI_hwcdev_pipe_t*, hwc_layer_1_t*, int, int): We use not config memory
04-23 10:18:24.530 I/hwcomposer(  110): IMG_hwcdev_pipe_assign_status_t hwcdev_try_to_assign_pipe(SUNXI_hwcdev_context_t*, SUNXI_hwcdev_pipe_t*, hwc_layer_1_t*, int, int): We use not config memory
04-23 10:18:24.530 I/hwcomposer(  110): IMG_hwcdev_pipe_assign_status_t hwcdev_try_to_assign_pipe(SUNXI_hwcdev_context_t*, SUNXI_hwcdev_pipe_t*, hwc_layer_1_t*, int, int): We use not config memory
04-23 10:18:24.540 I/hwcomposer(  110): IMG_hwcdev_pipe_assign_status_t hwcdev_try_to_assign_pipe(SUNXI_hwcdev_context_t*, SUNXI_hwcdev_pipe_t*, hwc_layer_1_t*, int, int): We use not config memory
04-23 10:18:24.540 I/hwcomposer(  110): IMG_hwcdev_pipe_assign_status_t hwcdev_try_to_assign_pipe(SUNXI_hwcdev_context_t*, SUNXI_hwcdev_pipe_t*, hwc_layer_1_t*, int, int): We use not config memory
04-23 10:18:24.540 I/hwcomposer(  110): IMG_hwcdev_pipe_assign_status_t hwcdev_try_to_assign_pipe(SUNXI_hwcdev_context_t*, SUNXI_hwcdev_pipe_t*, hwc_layer_1_t*, int, int): We use not config memory
04-23 10:18:24.540 I/hwcomposer(  110): IMG_hwcdev_pipe_assign_status_t hwcdev_try_to_assign_pipe(SUNXI_hwcdev_context_t*, SUNXI_hwcdev_pipe_t*, hwc_layer_1_t*, int, int): We use not config memory
04-23 10:18:24.540 I/hwcomposer(  110): IMG_hwcdev_pipe_assign_status_t hwcdev_try_to_assign_pipe(SUNXI_hwcdev_context_t*, SUNXI_hwcdev_pipe_t*, hwc_layer_1_t*, int, int): We use not config memory
04-23 10:18:24.540 I/hwcomposer(  110): IMG_hwcdev_pipe_assign_status_t hwcdev_try_to_assign_pipe(SUNXI_hwcdev_context_t*, SUNXI_hwcdev_pipe_t*, hwc_layer_1_t*, int, int): We use not config memory
04-23 10:18:24.540 I/hwcomposer(  110): IMG_hwcdev_pipe_assign_status_t hwcdev_try_to_assign_pipe(SUNXI_hwcdev_context_t*, SUNXI_hwcdev_pipe_t*, hwc_layer_1_t*, int, int): We use not config memory
04-23 10:18:24.740 I/hwcomposer(  110): IMG_hwcdev_pipe_assign_status_t hwcdev_try_to_assign_pipe(SUNXI_hwcdev_context_t*, SUNXI_hwcdev_pipe_t*, hwc_layer_1_t*, int, int): We use not config memory
04-23 10:18:24.740 I/hwcomposer(  110): IMG_hwcdev_pipe_assign_status_t hwcdev_try_to_assign_pipe(SUNXI_hwcdev_context_t*, SUNXI_hwcdev_pipe_t*, hwc_layer_1_t*, int, int): We use not config memory
04-23 10:18:24.740 I/hwcomposer(  110): IMG_hwcdev_pipe_assign_status_t hwcdev_try_to_assign_pipe(SUNXI_hwcdev_context_t*, SUNXI_hwcdev_pipe_t*, hwc_layer_1_t*, int, int): We use not config memory
04-23 10:18:24.740 I/hwcomposer(  110): IMG_hwcdev_pipe_assign_status_t hwcdev_try_to_assign_pipe(SUNXI_hwcdev_context_t*, SUNXI_hwcdev_pipe_t*, hwc_layer_1_t*, int, int): We use not config memory
04-23 10:18:24.740 I/hwcomposer(  110): IMG_hwcdev_pipe_assign_status_t hwcdev_try_to_assign_pipe(SUNXI_hwcdev_context_t*, SUNXI_hwcdev_pipe_t*, hwc_layer_1_t*, int, int): We use not config memory
04-23 10:18:24.740 I/hwcomposer(  110): IMG_hwcdev_pipe_assign_status_t hwcdev_try_to_assign_pipe(SUNXI_hwcdev_context_t*, SUNXI_hwcdev_pipe_t*, hwc_layer_1_t*, int, int): We use not config memory
04-23 10:18:24.740 I/hwcomposer(  110): IMG_hwcdev_pipe_assign_status_t hwcdev_try_to_assign_pipe(SUNXI_hwcdev_context_t*, SUNXI_hwcdev_pipe_t*, hwc_layer_1_t*, int, int): We use not config memory
04-23 10:18:24.820 D/dalvikvm( 9277): GC_CONCURRENT freed 200K, 5% free 4633K/4868K, paused 2ms+2ms, total 20ms
04-23 10:18:24.930 D/dalvikvm( 9277): GC_CONCURRENT freed 133K, 4% free 4889K/5064K, paused 1ms+5ms, total 22ms
04-23 10:18:24.980 D/licensekeyservice( 9277): readLicenseFileFromSdCard()
04-23 10:18:25.050 D/dalvikvm( 9277): GC_CONCURRENT freed 258K, 6% free 5045K/5340K, paused 1ms+2ms, total 19ms
04-23 10:18:25.140 D/MainActivity( 9277): MAIN setLanguage lang: en locale:
04-23 10:18:25.140 E/MainActivity( 9277): Spinnering starts
04-23 10:18:25.190 D/MainActivity( 9277): license key type: null
04-23 10:18:25.190 D/licensekeyservice( 9277): readLicenseFileFromSdCard()
04-23 10:18:25.220 D/task    (  431): set pid ok!
04-23 10:18:25.240 I/hwcomposer(  110): IMG_hwcdev_pipe_assign_status_t hwcdev_try_to_assign_pipe(SUNXI_hwcdev_context_t*, SUNXI_hwcdev_pipe_t*, hwc_layer_1_t*, int, int): We use not config memory
04-23 10:18:25.240 I/hwcomposer(  110): IMG_hwcdev_pipe_assign_status_t hwcdev_try_to_assign_pipe(SUNXI_hwcdev_context_t*, SUNXI_hwcdev_pipe_t*, hwc_layer_1_t*, int, int): We use not config memory
04-23 10:18:25.240 I/hwcomposer(  110): IMG_hwcdev_pipe_assign_status_t hwcdev_try_to_assign_pipe(SUNXI_hwcdev_context_t*, SUNXI_hwcdev_pipe_t*, hwc_layer_1_t*, int, int): We use not config memory
04-23 10:18:25.240 I/hwcomposer(  110): IMG_hwcdev_pipe_assign_status_t hwcdev_try_to_assign_pipe(SUNXI_hwcdev_context_t*, SUNXI_hwcdev_pipe_t*, hwc_layer_1_t*, int, int): We use not config memory
04-23 10:18:25.240 I/hwcomposer(  110): IMG_hwcdev_pipe_assign_status_t hwcdev_try_to_assign_pipe(SUNXI_hwcdev_context_t*, SUNXI_hwcdev_pipe_t*, hwc_layer_1_t*, int, int): We use not config memory
04-23 10:18:25.240 I/hwcomposer(  110): IMG_hwcdev_pipe_assign_status_t hwcdev_try_to_assign_pipe(SUNXI_hwcdev_context_t*, SUNXI_hwcdev_pipe_t*, hwc_layer_1_t*, int, int): We use not config memory
04-23 10:18:25.240 I/hwcomposer(  110): IMG_hwcdev_pipe_assign_status_t hwcdev_try_to_assign_pipe(SUNXI_hwcdev_context_t*, SUNXI_hwcdev_pipe_t*, hwc_layer_1_t*, int, int): We use not config memory
04-23 10:18:25.260 D/dalvikvm( 9277): GC_CONCURRENT freed 223K, 5% free 5277K/5532K, paused 2ms+3ms, total 29ms
04-23 10:18:25.260 D/libEGL  ( 9277): loaded /system/lib/egl/libEGL_mali.so
04-23 10:18:25.270 D/libEGL  ( 9277): loaded /system/lib/egl/libGLESv1_CM_mali.so
04-23 10:18:25.270 D/libEGL  ( 9277): loaded /system/lib/egl/libGLESv2_mali.so
04-23 10:18:25.280 D/gralloc (  110): ION_HEAP_CARVEOUT_MASK alloc
04-23 10:18:25.290 D/gralloc (  110): ION_HEAP_CARVEOUT_MASK alloc
04-23 10:18:25.290 D/OpenGLRenderer( 9277): Enabling debug mode 0
04-23 10:18:25.290 I/hwcomposer(  110): IMG_hwcdev_pipe_assign_status_t hwcdev_try_to_assign_pipe(SUNXI_hwcdev_context_t*, SUNXI_hwcdev_pipe_t*, hwc_layer_1_t*, int, int): We use not config memory
04-23 10:18:25.290 I/hwcomposer(  110): IMG_hwcdev_pipe_assign_status_t hwcdev_try_to_assign_pipe(SUNXI_hwcdev_context_t*, SUNXI_hwcdev_pipe_t*, hwc_layer_1_t*, int, int): We use not config memory
04-23 10:18:25.290 I/hwcomposer(  110): IMG_hwcdev_pipe_assign_status_t hwcdev_try_to_assign_pipe(SUNXI_hwcdev_context_t*, SUNXI_hwcdev_pipe_t*, hwc_layer_1_t*, int, int): We use not config memory
04-23 10:18:25.290 I/hwcomposer(  110): IMG_hwcdev_pipe_assign_status_t hwcdev_try_to_assign_pipe(SUNXI_hwcdev_context_t*, SUNXI_hwcdev_pipe_t*, hwc_layer_1_t*, int, int): We use not config memory
04-23 10:18:25.290 I/hwcomposer(  110): IMG_hwcdev_pipe_assign_status_t hwcdev_try_to_assign_pipe(SUNXI_hwcdev_context_t*, SUNXI_hwcdev_pipe_t*, hwc_layer_1_t*, int, int): We use not config memory
04-23 10:18:25.290 I/hwcomposer(  110): IMG_hwcdev_pipe_assign_status_t hwcdev_try_to_assign_pipe(SUNXI_hwcdev_context_t*, SUNXI_hwcdev_pipe_t*, hwc_layer_1_t*, int, int): We use not config memory
04-23 10:18:25.290 I/hwcomposer(  110): IMG_hwcdev_pipe_assign_status_t hwcdev_try_to_assign_pipe(SUNXI_hwcdev_context_t*, SUNXI_hwcdev_pipe_t*, hwc_layer_1_t*, int, int): We use not config memory
04-23 10:18:25.310 D/dalvikvm( 9277): GC_FOR_ALLOC freed 229K, 7% free 5315K/5712K, paused 14ms, total 14ms
