04-23 11:39:33.550 I/Basemark ES2V1(12450):   EGL_MIN_SWAP_INTERVAL: 0
04-23 11:39:33.550 I/Basemark ES2V1(12450):   EGL_MAX_SWAP_INTERVAL: 10
04-23 11:39:33.550 I/Basemark ES2V1(12450):   EGL_LUMINANCE_SIZE: 0
04-23 11:39:33.550 I/Basemark ES2V1(12450):   EGL_ALPHA_MASK_SIZE: 0
04-23 11:39:33.550 I/Basemark ES2V1(12450):   EGL_COLOR_BUFFER_TYPE: 12430
04-23 11:39:33.550 I/Basemark ES2V1(12450):   EGL_RENDERABLE_TYPE: 5
04-23 11:39:33.550 I/Basemark ES2V1(12450):   EGL_CONFORMANT: 5
04-23 11:39:33.550 W/Basemark ES2V1(12450): Creating OpenGL ES 2.0 context
04-23 11:39:33.560 D/gralloc (  110): ION_HEAP_CARVEOUT_MASK alloc
04-23 11:39:33.570 V/audio_hw_primary(  113): normal mode , speaker,****LINE:657,FUNC:select_output_device
04-23 11:39:33.570 V/audio_hw_primary(  113): start_output_stream: card:0, port:0, rate:44100
04-23 11:39:33.570 D/alsa_pcm(  113): pcm_open:,sparams.stop_threshold:1540, config->stop_threshold:0
04-23 11:39:33.570 V/audio_hw_primary(  113): do not use out resampler
04-23 11:39:33.570 D/gralloc (  110): ION_HEAP_CARVEOUT_MASK alloc
04-23 11:39:33.570 D/dalvikvm(12450): Trying to load lib /data/app-lib/com.rightware.tdmm2v10jnifree-1/libtdmm2v10jni.so 0x4199c818
04-23 11:39:33.610 I/ActivityManager(  431): Displayed com.rightware.tdmm2v10jnifree/.TDMM2V10test: +175ms
04-23 11:39:33.620 D/gralloc (  110): ION_HEAP_CARVEOUT_MASK alloc
04-23 11:39:33.620 W/linker  (12450): libtdmm2v10jni.so has text relocations. This is wasting memory and is a security risk. Please fix.
04-23 11:39:33.630 D/dalvikvm(12450): Added shared lib /data/app-lib/com.rightware.tdmm2v10jnifree-1/libtdmm2v10jni.so 0x4199c818
04-23 11:39:33.630 D/dalvikvm(12450): No JNI_OnLoad found in /data/app-lib/com.rightware.tdmm2v10jnifree-1/libtdmm2v10jni.so 0x4199c818, skipping init
04-23 11:39:33.640 I/3DMarkMobileES20(12450): app_renderStartup
04-23 11:39:33.750 D/UIAutomatorStub( 2789): URI: /jsonrpc/0, Method: POST, Header: {content-type=application/json, connection=close, remote-addr=127.0.0.1, host=localhost:9008, content-length=185, http-client-ip=127.0.0.1, user-agent=Python-urllib/2.7, accept-encoding=identity}, params, {NanoHttpd.QUERY_STRING={"params": [{"childOrSiblingSelector": [], "text": "FRAMES PER SECOND", "mask": 1, "childOrSibling": []}], "jsonrpc": "2.0", "method": "exist", "id": "2535f39b1607b379b453641c72d55c4a"}, {"params": [{"childOrSiblingSelector": [], "text": "FRAMES PER SECOND", "mask": 1, "childOrSibling": []}], "jsonrpc": "2.0", "method": "exist", "id": "2535f39b1607b379b453641c72d55c4a"}=}, files: {}
04-23 11:39:34.210 D/dalvikvm( 2789): GC_CONCURRENT freed 423K, 74% free 1330K/5084K, paused 2ms+1ms, total 14ms
04-23 11:39:35.400 D/gralloc (  110): ION_HEAP_CARVEOUT_MASK alloc
04-23 11:39:35.440 D/gralloc (  110): ION_HEAP_CARVEOUT_MASK alloc
04-23 11:39:36.210 D/UIAutomatorStub( 2789): URI: /jsonrpc/0, Method: POST, Header: {content-type=application/json, connection=close, remote-addr=127.0.0.1, host=localhost:9008, content-length=185, http-client-ip=127.0.0.1, user-agent=Python-urllib/2.7, accept-encoding=identity}, params, {NanoHttpd.QUERY_STRING={"params": [{"childOrSiblingSelector": [], "text": "FRAMES PER SECOND", "mask": 1, "childOrSibling": []}], "jsonrpc": "2.0", "method": "exist", "id": "15904453a33c2968a6b765e1d720eabd"}, {"params": [{"childOrSiblingSelector": [], "text": "FRAMES PER SECOND", "mask": 1, "childOrSibling": []}], "jsonrpc": "2.0", "method": "exist", "id": "15904453a33c2968a6b765e1d720eabd"}=}, files: {}
04-23 11:39:36.640 D/audio_hw_primary(  113): out_standby
04-23 11:39:38.240 D/UIAutomatorStub( 2789): URI: /jsonrpc/0, Method: POST, Header: {content-type=application/json, connection=close, remote-addr=127.0.0.1, host=localhost:9008, content-length=185, http-client-ip=127.0.0.1, user-agent=Python-urllib/2.7, accept-encoding=identity}, params, {NanoHttpd.QUERY_STRING={"params": [{"childOrSiblingSelector": [], "text": "FRAMES PER SECOND", "mask": 1, "childOrSibling": []}], "jsonrpc": "2.0", "method": "exist", "id": "64902d2601b12be77dedb2c93f1495ba"}, {"params": [{"childOrSiblingSelector": [], "text": "FRAMES PER SECOND", "mask": 1, "childOrSibling": []}], "jsonrpc": "2.0", "method": "exist", "id": "64902d2601b12be77dedb2c93f1495ba"}=}, files: {}
04-23 11:39:40.390 D/UIAutomatorStub( 2789): URI: /jsonrpc/0, Method: POST, Header: {content-type=application/json, connection=close, remote-addr=127.0.0.1, host=localhost:9008, content-length=185, http-client-ip=127.0.0.1, user-agent=Python-urllib/2.7, accept-encoding=identity}, params, {{"params": [{"childOrSiblingSelector": [], "text": "FRAMES PER SECOND", "mask": 1, "childOrSibling": []}], "jsonrpc": "2.0", "method": "exist", "id": "6293beef6040cd5c926cc4dbce9f98a7"}=, NanoHttpd.QUERY_STRING={"params": [{"childOrSiblingSelector": [], "text": "FRAMES PER SECOND", "mask": 1, "childOrSibling": []}], "jsonrpc": "2.0", "method": "exist", "id": "6293beef6040cd5c926cc4dbce9f98a7"}}, files: {}
04-23 11:39:40.420 D/dalvikvm( 2789): GC_CONCURRENT freed 352K, 72% free 1442K/5084K, paused 5ms+28ms, total 46ms
04-23 11:39:42.440 D/UIAutomatorStub( 2789): URI: /jsonrpc/0, Method: POST, Header: {content-type=application/json, connection=close, remote-addr=127.0.0.1, host=localhost:9008, content-length=185, http-client-ip=127.0.0.1, user-agent=Python-urllib/2.7, accept-encoding=identity}, params, {{"params": [{"childOrSiblingSelector": [], "text": "FRAMES PER SECOND", "mask": 1, "childOrSibling": []}], "jsonrpc": "2.0", "method": "exist", "id": "af9ef0c9cab3cc46f094bce7b53c2058"}=, NanoHttpd.QUERY_STRING={"params": [{"childOrSiblingSelector": [], "text": "FRAMES PER SECOND", "mask": 1, "childOrSibling": []}], "jsonrpc": "2.0", "method": "exist", "id": "af9ef0c9cab3cc46f094bce7b53c2058"}}, files: {}
04-23 11:39:44.470 D/UIAutomatorStub( 2789): URI: /jsonrpc/0, Method: POST, Header: {content-type=application/json, connection=close, remote-addr=127.0.0.1, host=localhost:9008, content-length=185, http-client-ip=127.0.0.1, user-agent=Python-urllib/2.7, accept-encoding=identity}, params, {{"params": [{"childOrSiblingSelector": [], "text": "FRAMES PER SECOND", "mask": 1, "childOrSibling": []}], "jsonrpc": "2.0", "method": "exist", "id": "8eff3b17c9591e4a146d5304c5057b4f"}=, NanoHttpd.QUERY_STRING={"params": [{"childOrSiblingSelector": [], "text": "FRAMES PER SECOND", "mask": 1, "childOrSibling": []}], "jsonrpc": "2.0", "method": "exist", "id": "8eff3b17c9591e4a146d5304c5057b4f"}}, files: {}
04-23 11:39:44.710 D/ConnectivityService(  431): handleInetConditionChange: no active default network - ignore
04-23 11:39:46.620 D/UIAutomatorStub( 2789): URI: /jsonrpc/0, Method: POST, Header: {content-type=application/json, connection=close, remote-addr=127.0.0.1, host=localhost:9008, content-length=185, http-client-ip=127.0.0.1, user-agent=Python-urllib/2.7, accept-encoding=identity}, params, {{"params": [{"childOrSiblingSelector": [], "text": "FRAMES PER SECOND", "mask": 1, "childOrSibling": []}], "jsonrpc": "2.0", "method": "exist", "id": "38fc865d4dafc74dd081a8ef7cf6f3a0"}=, NanoHttpd.QUERY_STRING={"params": [{"childOrSiblingSelector": [], "text": "FRAMES PER SECOND", "mask": 1, "childOrSibling": []}], "jsonrpc": "2.0", "method": "exist", "id": "38fc865d4dafc74dd081a8ef7cf6f3a0"}}, files: {}
04-23 11:39:46.640 D/dalvikvm( 2789): GC_CONCURRENT freed 483K, 73% free 1418K/5084K, paused 7ms+17ms, total 55ms
04-23 11:39:48.690 D/UIAutomatorStub( 2789): URI: /jsonrpc/0, Method: POST, Header: {content-type=application/json, connection=close, remote-addr=127.0.0.1, host=localhost:9008, content-length=185, http-client-ip=127.0.0.1, user-agent=Python-urllib/2.7, accept-encoding=identity}, params, {NanoHttpd.QUERY_STRING={"params": [{"childOrSiblingSelector": [], "text": "FRAMES PER SECOND", "mask": 1, "childOrSibling": []}], "jsonrpc": "2.0", "method": "exist", "id": "1c29005ab706a20773128d3c380adf57"}, {"params": [{"childOrSiblingSelector": [], "text": "FRAMES PER SECOND", "mask": 1, "childOrSibling": []}], "jsonrpc": "2.0", "method": "exist", "id": "1c29005ab706a20773128d3c380adf57"}=}, files: {}
04-23 11:39:50.750 D/UIAutomatorStub( 2789): URI: /jsonrpc/0, Method: POST, Header: {content-type=application/json, connection=close, remote-addr=127.0.0.1, host=localhost:9008, content-length=185, http-client-ip=127.0.0.1, user-agent=Python-urllib/2.7, accept-encoding=identity}, params, {NanoHttpd.QUERY_STRING={"params": [{"childOrSiblingSelector": [], "text": "FRAMES PER SECOND", "mask": 1, "childOrSibling": []}], "jsonrpc": "2.0", "method": "exist", "id": "7e0e02a27ad94c66e2eee96d478bd5f7"}, {"params": [{"childOrSiblingSelector": [], "text": "FRAMES PER SECOND", "mask": 1, "childOrSibling": []}], "jsonrpc": "2.0", "method": "exist", "id": "7e0e02a27ad94c66e2eee96d478bd5f7"}=}, files: {}
04-23 11:39:52.880 D/dalvikvm( 2789): GC_CONCURRENT freed 488K, 74% free 1326K/5084K, paused 2ms+2ms, total 33ms
04-23 11:39:52.930 D/UIAutomatorStub( 2789): URI: /jsonrpc/0, Method: POST, Header: {content-type=application/json, connection=close, remote-addr=127.0.0.1, host=localhost:9008, content-length=185, http-client-ip=127.0.0.1, user-agent=Python-urllib/2.7, accept-encoding=identity}, params, {{"params": [{"childOrSiblingSelector": [], "text": "FRAMES PER SECOND", "mask": 1, "childOrSibling": []}], "jsonrpc": "2.0", "method": "exist", "id": "7e17d416c5b09209a2834090a9cbdd10"}=, NanoHttpd.QUERY_STRING={"params": [{"childOrSiblingSelector": [], "text": "FRAMES PER SECOND", "mask": 1, "childOrSibling": []}], "jsonrpc": "2.0", "method": "exist", "id": "7e17d416c5b09209a2834090a9cbdd10"}}, files: {}
04-23 11:39:54.980 D/UIAutomatorStub( 2789): URI: /jsonrpc/0, Method: POST, Header: {content-type=application/json, connection=close, remote-addr=127.0.0.1, host=localhost:9008, content-length=185, http-client-ip=127.0.0.1, user-agent=Python-urllib/2.7, accept-encoding=identity}, params, {NanoHttpd.QUERY_STRING={"params": [{"childOrSiblingSelector": [], "text": "FRAMES PER SECOND", "mask": 1, "childOrSibling": []}], "jsonrpc": "2.0", "method": "exist", "id": "0ea3c1741a4c78a1ca2c9a30932a3bfb"}, {"params": [{"childOrSiblingSelector": [], "text": "FRAMES PER SECOND", "mask": 1, "childOrSibling": []}], "jsonrpc": "2.0", "method": "exist", "id": "0ea3c1741a4c78a1ca2c9a30932a3bfb"}=}, files: {}
04-23 11:39:57.050 D/UIAutomatorStub( 2789): URI: /jsonrpc/0, Method: POST, Header: {content-type=application/json, connection=close, remote-addr=127.0.0.1, host=localhost:9008, content-length=185, http-client-ip=127.0.0.1, user-agent=Python-urllib/2.7, accept-encoding=identity}, params, {NanoHttpd.QUERY_STRING={"params": [{"childOrSiblingSelector": [], "text": "FRAMES PER SECOND", "mask": 1, "childOrSibling": []}], "jsonrpc": "2.0", "method": "exist", "id": "b20e636f2073f8abe886e0ee7ad47a08"}, {"params": [{"childOrSiblingSelector": [], "text": "FRAMES PER SECOND", "mask": 1, "childOrSibling": []}], "jsonrpc": "2.0", "method": "exist", "id": "b20e636f2073f8abe886e0ee7ad47a08"}=}, files: {}
04-23 11:39:57.100 D/dalvikvm( 2789): GC_CONCURRENT freed 420K, 74% free 1368K/5084K, paused 2ms+2ms, total 59ms
04-23 11:39:59.190 D/UIAutomatorStub( 2789): URI: /jsonrpc/0, Method: POST, Header: {content-type=application/json, connection=close, remote-addr=127.0.0.1, host=localhost:9008, content-length=185, http-client-ip=127.0.0.1, user-agent=Python-urllib/2.7, accept-encoding=identity}, params, {NanoHttpd.QUERY_STRING={"params": [{"childOrSiblingSelector": [], "text": "FRAMES PER SECOND", "mask": 1, "childOrSibling": []}], "jsonrpc": "2.0", "method": "exist", "id": "c92ec5c1e7f275064554ff52d5a41b7d"}, {"params": [{"childOrSiblingSelector": [], "text": "FRAMES PER SECOND", "mask": 1, "childOrSibling": []}], "jsonrpc": "2.0", "method": "exist", "id": "c92ec5c1e7f275064554ff52d5a41b7d"}=}, files: {}
04-23 11:39:59.900 I/dalvikvm(12534): Enabling JNI app bug workarounds for target SDK version 10...
04-23 11:39:59.900 I/ActivityManager(  431): Start proc com.kugou.android.support for service com.kugou.android/com.kugou.framework.service.KugouBackgroundService: pid=12534 uid=10081 gids={50081, 3003, 1028, 1015, 3002, 3001}
04-23 11:40:00.090 D/gralloc (  110): ION_HEAP_CARVEOUT_MASK alloc
04-23 11:40:00.160 D/dalvikvm(12404): GC_CONCURRENT freed 1803K, 20% free 7491K/9328K, paused 2ms+7ms, total 54ms
04-23 11:40:00.580 D/dalvikvm(12534): Trying to load lib /data/app-lib/com.kugou.android-2/libkgmedia.so 0x4199f988
04-23 11:40:00.590 W/linker  (12534): libkgmedia.so has text relocations. This is wasting memory and is a security risk. Please fix.
04-23 11:40:00.590 D/dalvikvm(12534): Added shared lib /data/app-lib/com.kugou.android-2/libkgmedia.so 0x4199f988
04-23 11:40:00.590 I/on_load (12534): JNI ONLOAD START!
04-23 11:40:00.590 I/on_load (12534): Registering com/kugou/framework/player/FFMpegPlayer natives
04-23 11:40:00.670 D/dalvikvm(12534): GC_CONCURRENT freed 273K, 7% free 4502K/4812K, paused 9ms+9ms, total 39ms
04-23 11:40:00.710 D/dalvikvm(12534): Trying to load lib /data/app-lib/com.kugou.android-2/libjp2p.so 0x4199f988
04-23 11:40:00.740 W/linker  (12534): libjp2p.so has text relocations. This is wasting memory and is a security risk. Please fix.
04-23 11:40:00.750 D/dalvikvm(12534): Added shared lib /data/app-lib/com.kugou.android-2/libjp2p.so 0x4199f988
04-23 11:40:00.900 D/dalvikvm(12534): GC_CONCURRENT freed 383K, 9% free 4539K/4956K, paused 5ms+3ms, total 30ms
04-23 11:40:00.930 D/dalvikvm(12534): Note: class Lcom/kugou/framework/service/am; has 184 unimplemented (abstract) methods
04-23 11:40:01.140 D/dalvikvm(12534): GC_CONCURRENT freed 174K, 5% free 4756K/4964K, paused 3ms+2ms, total 20ms
04-23 11:40:01.200 E/KGLog   (12534): start load FFMpegPlayer
04-23 11:40:01.230 D/UIAutomatorStub( 2789): URI: /jsonrpc/0, Method: POST, Header: {content-type=application/json, connection=close, remote-addr=127.0.0.1, host=localhost:9008, content-length=185, http-client-ip=127.0.0.1, user-agent=Python-urllib/2.7, accept-encoding=identity}, params, {{"params": [{"childOrSiblingSelector": [], "text": "FRAMES PER SECOND", "mask": 1, "childOrSibling": []}], "jsonrpc": "2.0", "method": "exist", "id": "a4e2c949107074a595e04aed142f36fc"}=, NanoHttpd.QUERY_STRING={"params": [{"childOrSiblingSelector": [], "text": "FRAMES PER SECOND", "mask": 1, "childOrSibling": []}], "jsonrpc": "2.0", "method": "exist", "id": "a4e2c949107074a595e04aed142f36fc"}}, files: {}
04-23 11:40:01.270 W/linker  (12534): libcodecovd.so has text relocations. This is wasting memory and is a security risk. Please fix.
04-23 11:40:01.280 W/linker  (12534): libcodecm4av7.so has text relocations. This is wasting memory and is a security risk. Please fix.
04-23 11:40:01.330 W/linker  (12534): libcodecflac.so has text relocations. This is wasting memory and is a security risk. Please fix.
04-23 11:40:01.340 W/linker  (12534): libcodecwma.so has text relocations. This is wasting memory and is a security risk. Please fix.
04-23 11:40:01.340 D/dalvikvm(12534): Trying to load lib /data/app-lib/com.kugou.android-2/libkgkey.so 0x4199f988
04-23 11:40:01.350 W/linker  (12534): libkgkey.so has text relocations. This is wasting memory and is a security risk. Please fix.
04-23 11:40:01.350 D/dalvikvm(12534): Added shared lib /data/app-lib/com.kugou.android-2/libkgkey.so 0x4199f988
04-23 11:40:01.350 I/ffmpeg_onLoad(12534): JNI ONLOAD START!
04-23 11:40:01.350 I/ffmpeg_onLoad(12534): loading . . .
04-23 11:40:01.350 I/ffmpeg_onLoad(12534): Registering com/kugou/framework/player/KGKey natives
04-23 11:40:01.350 I/ffmpeg_onLoad(12534): loaded
04-23 11:40:01.410 I/MediaFocusControl(  431):   Remote Control   registerMediaButtonIntent() for PendingIntent{41d18e08: PendingIntentRecord{41d52608 com.kugou.android broadcastIntent}}
04-23 11:40:03.260 D/UIAutomatorStub( 2789): URI: /jsonrpc/0, Method: POST, Header: {content-type=application/json, connection=close, remote-addr=127.0.0.1, host=localhost:9008, content-length=185, http-client-ip=127.0.0.1, user-agent=Python-urllib/2.7, accept-encoding=identity}, params, {NanoHttpd.QUERY_STRING={"params": [{"childOrSiblingSelector": [], "text": "FRAMES PER SECOND", "mask": 1, "childOrSibling": []}], "jsonrpc": "2.0", "method": "exist", "id": "c55a2e402b73d71f9afec7dd57d63d98"}, {"params": [{"childOrSiblingSelector": [], "text": "FRAMES PER SECOND", "mask": 1, "childOrSibling": []}], "jsonrpc": "2.0", "method": "exist", "id": "c55a2e402b73d71f9afec7dd57d63d98"}=}, files: {}
04-23 11:40:03.290 D/dalvikvm( 2789): GC_CONCURRENT freed 436K, 73% free 1401K/5084K, paused 1ms+3ms, total 28ms
04-23 11:40:05.370 D/UIAutomatorStub( 2789): URI: /jsonrpc/0, Method: POST, Header: {content-type=application/json, connection=close, remote-addr=127.0.0.1, host=localhost:9008, content-length=185, http-client-ip=127.0.0.1, user-agent=Python-urllib/2.7, accept-encoding=identity}, params, {{"params": [{"childOrSiblingSelector": [], "text": "FRAMES PER SECOND", "mask": 1, "childOrSibling": []}], "jsonrpc": "2.0", "method": "exist", "id": "912ee8b28e0174e99adea46a8ecfbbff"}=, NanoHttpd.QUERY_STRING={"params": [{"childOrSiblingSelector": [], "text": "FRAMES PER SECOND", "mask": 1, "childOrSibling": []}], "jsonrpc": "2.0", "method": "exist", "id": "912ee8b28e0174e99adea46a8ecfbbff"}}, files: {}
04-23 11:40:06.170 D/PowerManagerService(  431): mHoldBootFastWakeLock = true
04-23 11:40:07.410 D/UIAutomatorStub( 2789): URI: /jsonrpc/0, Method: POST, Header: {content-type=application/json, connection=close, remote-addr=127.0.0.1, host=localhost:9008, content-length=185, http-client-ip=127.0.0.1, user-agent=Python-urllib/2.7, accept-encoding=identity}, params, {NanoHttpd.QUERY_STRING={"params": [{"childOrSiblingSelector": [], "text": "FRAMES PER SECOND", "mask": 1, "childOrSibling": []}], "jsonrpc": "2.0", "method": "exist", "id": "5ec545c39938a2107ffea2066051d3fb"}, {"params": [{"childOrSiblingSelector": [], "text": "FRAMES PER SECOND", "mask": 1, "childOrSibling": []}], "jsonrpc": "2.0", "method": "exist", "id": "5ec545c39938a2107ffea2066051d3fb"}=}, files: {}
04-23 11:40:09.120 D/dalvikvm(  431): GC_CONCURRENT freed 985K, 14% free 9372K/10804K, paused 5ms+7ms, total 142ms
04-23 11:40:09.460 D/UIAutomatorStub( 2789): URI: /jsonrpc/0, Method: POST, Header: {content-type=application/json, connection=close, remote-addr=127.0.0.1, host=localhost:9008, content-length=185, http-client-ip=127.0.0.1, user-agent=Python-urllib/2.7, accept-encoding=identity}, params, {NanoHttpd.QUERY_STRING={"params": [{"childOrSiblingSelector": [], "text": "FRAMES PER SECOND", "mask": 1, "childOrSibling": []}], "jsonrpc": "2.0", "method": "exist", "id": "c1cd71825aad550966a2db624dbc805c"}, {"params": [{"childOrSiblingSelector": [], "text": "FRAMES PER SECOND", "mask": 1, "childOrSibling": []}], "jsonrpc": "2.0", "method": "exist", "id": "c1cd71825aad550966a2db624dbc805c"}=}, files: {}
04-23 11:40:09.470 D/dalvikvm( 2789): GC_CONCURRENT freed 482K, 74% free 1361K/5084K, paused 1ms+2ms, total 24ms
04-23 11:40:11.570 D/UIAutomatorStub( 2789): URI: /jsonrpc/0, Method: POST, Header: {content-type=application/json, connection=close, remote-addr=127.0.0.1, host=localhost:9008, content-length=185, http-client-ip=127.0.0.1, user-agent=Python-urllib/2.7, accept-encoding=identity}, params, {NanoHttpd.QUERY_STRING={"params": [{"childOrSiblingSelector": [], "text": "FRAMES PER SECOND", "mask": 1, "childOrSibling": []}], "jsonrpc": "2.0", "method": "exist", "id": "4783893b91dd8350355ae5edfda85d44"}, {"params": [{"childOrSiblingSelector": [], "text": "FRAMES PER SECOND", "mask": 1, "childOrSibling": []}], "jsonrpc": "2.0", "method": "exist", "id": "4783893b91dd8350355ae5edfda85d44"}=}, files: {}
04-23 11:40:13.590 D/UIAutomatorStub( 2789): URI: /jsonrpc/0, Method: POST, Header: {content-type=application/json, connection=close, remote-addr=127.0.0.1, host=localhost:9008, content-length=185, http-client-ip=127.0.0.1, user-agent=Python-urllib/2.7, accept-encoding=identity}, params, {NanoHttpd.QUERY_STRING={"params": [{"childOrSiblingSelector": [], "text": "FRAMES PER SECOND", "mask": 1, "childOrSibling": []}], "jsonrpc": "2.0", "method": "exist", "id": "eb23730a19526ee70e23f4bc16d21175"}, {"params": [{"childOrSiblingSelector": [], "text": "FRAMES PER SECOND", "mask": 1, "childOrSibling": []}], "jsonrpc": "2.0", "method": "exist", "id": "eb23730a19526ee70e23f4bc16d21175"}=}, files: {}
04-23 11:40:13.660 D/dalvikvm( 2789): GC_CONCURRENT freed 377K, 73% free 1383K/5084K, paused 3ms+1ms, total 33ms
04-23 11:40:15.660 D/UIAutomatorStub( 2789): URI: /jsonrpc/0, Method: POST, Header: {content-type=application/json, connection=close, remote-addr=127.0.0.1, host=localhost:9008, content-length=185, http-client-ip=127.0.0.1, user-agent=Python-urllib/2.7, accept-encoding=identity}, params, {{"params": [{"childOrSiblingSelector": [], "text": "FRAMES PER SECOND", "mask": 1, "childOrSibling": []}], "jsonrpc": "2.0", "method": "exist", "id": "5a24dcc44200622a7e96e5a12ec65709"}=, NanoHttpd.QUERY_STRING={"params": [{"childOrSiblingSelector": [], "text": "FRAMES PER SECOND", "mask": 1, "childOrSibling": []}], "jsonrpc": "2.0", "method": "exist", "id": "5a24dcc44200622a7e96e5a12ec65709"}}, files: {}
04-23 11:40:17.810 D/UIAutomatorStub( 2789): URI: /jsonrpc/0, Method: POST, Header: {content-type=application/json, connection=close, remote-addr=127.0.0.1, host=localhost:9008, content-length=185, http-client-ip=127.0.0.1, user-agent=Python-urllib/2.7, accept-encoding=identity}, params, {NanoHttpd.QUERY_STRING={"params": [{"childOrSiblingSelector": [], "text": "FRAMES PER SECOND", "mask": 1, "childOrSibling": []}], "jsonrpc": "2.0", "method": "exist", "id": "b8ea81391549e3462aa54c56fbd35fcf"}, {"params": [{"childOrSiblingSelector": [], "text": "FRAMES PER SECOND", "mask": 1, "childOrSibling": []}], "jsonrpc": "2.0", "method": "exist", "id": "b8ea81391549e3462aa54c56fbd35fcf"}=}, files: {}
04-23 11:40:19.840 D/UIAutomatorStub( 2789): URI: /jsonrpc/0, Method: POST, Header: {content-type=application/json, connection=close, remote-addr=127.0.0.1, host=localhost:9008, content-length=185, http-client-ip=127.0.0.1, user-agent=Python-urllib/2.7, accept-encoding=identity}, params, {NanoHttpd.QUERY_STRING={"params": [{"childOrSiblingSelector": [], "text": "FRAMES PER SECOND", "mask": 1, "childOrSibling": []}], "jsonrpc": "2.0", "method": "exist", "id": "2135275555d012dd4bb9a50664886bbf"}, {"params": [{"childOrSiblingSelector": [], "text": "FRAMES PER SECOND", "mask": 1, "childOrSibling": []}], "jsonrpc": "2.0", "method": "exist", "id": "2135275555d012dd4bb9a50664886bbf"}=}, files: {}
04-23 11:40:19.870 D/dalvikvm( 2789): GC_CONCURRENT freed 458K, 73% free 1413K/5084K, paused 1ms+2ms, total 35ms
04-23 11:40:21.880 D/UIAutomatorStub( 2789): URI: /jsonrpc/0, Method: POST, Header: {content-type=application/json, connection=close, remote-addr=127.0.0.1, host=localhost:9008, content-length=185, http-client-ip=127.0.0.1, user-agent=Python-urllib/2.7, accept-encoding=identity}, params, {NanoHttpd.QUERY_STRING={"params": [{"childOrSiblingSelector": [], "text": "FRAMES PER SECOND", "mask": 1, "childOrSibling": []}], "jsonrpc": "2.0", "method": "exist", "id": "3e0d0d89a681a4a892b90b6d07cfdccf"}, {"params": [{"childOrSiblingSelector": [], "text": "FRAMES PER SECOND", "mask": 1, "childOrSibling": []}], "jsonrpc": "2.0", "method": "exist", "id": "3e0d0d89a681a4a892b90b6d07cfdccf"}=}, files: {}
04-23 11:40:22.290 D/gralloc (  110): ==USE CPU CACHE OP LLL usage = 0x333==
04-23 11:40:22.290 D/gralloc (  110): ION_HEAP_SYSTEM_MASK alloc
04-23 11:40:22.310 I/ActivityManager(  431): START u0 {act=SCORE_CURRENT cmp=com.rightware.tdmm2v10jnifree/.ScoreView} from pid 12450
04-23 11:40:22.320 W/ActivityManager(  431): startActivity called from finishing ActivityRecord{41e87f58 u0 com.rightware.tdmm2v10jnifree/.TDMM2V10test t21 f}; forcing Intent.FLAG_ACTIVITY_NEW_TASK for: Intent { act=SCORE_CURRENT cmp=com.rightware.tdmm2v10jnifree/.ScoreView }
04-23 11:40:22.410 V/PhoneStatusBar(  491): setLightsOn(true)
04-23 11:40:22.430 D/gralloc (  110): ION_HEAP_CARVEOUT_MASK alloc
04-23 11:40:22.430 D/gralloc (  110): ION_HEAP_CARVEOUT_MASK alloc
04-23 11:40:22.490 D/gralloc (  110): ION_HEAP_CARVEOUT_MASK alloc
04-23 11:40:22.510 I/ActivityManager(  431): Displayed com.rightware.tdmm2v10jnifree/.ScoreView: +156ms
04-23 11:40:22.810 D/gralloc (  110): ION_HEAP_CARVEOUT_MASK alloc
04-23 11:40:22.830 D/gralloc (  110): ION_HEAP_CARVEOUT_MASK alloc
04-23 11:40:23.980 D/UIAutomatorStub( 2789): URI: /jsonrpc/0, Method: POST, Header: {content-type=application/json, connection=close, remote-addr=127.0.0.1, host=localhost:9008, content-length=185, http-client-ip=127.0.0.1, user-agent=Python-urllib/2.7, accept-encoding=identity}, params, {{"params": [{"childOrSiblingSelector": [], "text": "FRAMES PER SECOND", "mask": 1, "childOrSibling": []}], "jsonrpc": "2.0", "method": "exist", "id": "b6bd3b87bd4c1f7670a8d2ca4eccfab8"}=, NanoHttpd.QUERY_STRING={"params": [{"childOrSiblingSelector": [], "text": "FRAMES PER SECOND", "mask": 1, "childOrSibling": []}], "jsonrpc": "2.0", "method": "exist", "id": "b6bd3b87bd4c1f7670a8d2ca4eccfab8"}}, files: {}
04-23 11:40:24.000 I/QueryController( 2789): Matched selector: UiSelector[TEXT=FRAMES PER SECOND] <<==>> [android.view.accessibility.AccessibilityNodeInfo@f86c; boundsInParent: Rect(0, 0 - 1014, 14); boundsInScreen: Rect(5, 202 - 1019, 216); packageName: com.rightware.tdmm2v10jnifree; className: android.widget.TextView; text: FRAMES PER SECOND; contentDescription: null; viewIdResName: com.rightware.tdmm2v10jnifree:id/score_view_text_fps; checkable: false; checked: false; focusable: false; focused: false; selected: false; clickable: false; longClickable: false; enabled: true; password: false; scrollable: false; [ACTION_SELECT, ACTION_CLEAR_SELECTION, ACTION_ACCESSIBILITY_FOCUS, ACTION_NEXT_AT_MOVEMENT_GRANULARITY, ACTION_PREVIOUS_AT_MOVEMENT_GRANULARITY, ACTION_SET_SELECTION]]
04-23 11:40:24.030 D/dalvikvm( 2789): GC_CONCURRENT freed 439K, 74% free 1367K/5084K, paused 3ms+3ms, total 21ms
04-23 11:40:24.030 D/UIAutomatorStub( 2789): URI: /jsonrpc/0, Method: POST, Header: {content-type=application/json, connection=close, remote-addr=127.0.0.1, host=localhost:9008, content-length=128, http-client-ip=127.0.0.1, user-agent=Python-urllib/2.7, accept-encoding=identity}, params, {NanoHttpd.QUERY_STRING={"params": ["screenshot.png", 1.0, 100], "jsonrpc": "2.0", "method": "takeScreenshot", "id": "765833e235966683811a7e24048bad73"}, {"params": ["screenshot.png", 1.0, 100], "jsonrpc": "2.0", "method": "takeScreenshot", "id": "765833e235966683811a7e24048bad73"}=}, files: {}
04-23 11:40:24.040 D/gralloc (  110): ==USE CPU CACHE OP LLL usage = 0x333==
04-23 11:40:24.040 D/gralloc (  110): ION_HEAP_SYSTEM_MASK alloc
04-23 11:40:24.070 D/dalvikvm( 2789): GC_FOR_ALLOC freed 43K, 74% free 1368K/5084K, paused 11ms, total 11ms
04-23 11:40:24.070 I/dalvikvm-heap( 2789): Grow heap (frag case) to 4.335MB for 3145744-byte allocation
04-23 11:40:24.080 D/dalvikvm( 2789): GC_FOR_ALLOC freed <1K, 46% free 4439K/8160K, paused 11ms, total 11ms
04-23 11:40:24.100 D/dalvikvm( 2789): GC_CONCURRENT freed <1K, 46% free 4440K/8160K, paused 2ms+1ms, total 14ms
04-23 11:40:25.580 D/UIAutomatorStub( 2789): URI: /jsonrpc/0, Method: POST, Header: {content-type=application/json, connection=close, remote-addr=127.0.0.1, host=localhost:9008, content-length=102, http-client-ip=127.0.0.1, user-agent=Python-urllib/2.7, accept-encoding=identity}, params, {NanoHttpd.QUERY_STRING={"params": ["home"], "jsonrpc": "2.0", "method": "pressKey", "id": "d3628662cb96ca376d5d0ea462ff73fa"}, {"params": ["home"], "jsonrpc": "2.0", "method": "pressKey", "id": "d3628662cb96ca376d5d0ea462ff73fa"}=}, files: {}
04-23 11:40:25.590 I/ActivityManager(  431): START u0 {act=android.intent.action.MAIN cat=[android.intent.category.HOME] flg=0x10200000 cmp=com.android.launcher/com.android.launcher2.Launcher} from pid 431
04-23 11:40:25.610 D/gralloc (  110): ==USE CPU CACHE OP LLL usage = 0x333==
04-23 11:40:25.610 D/gralloc (  110): ION_HEAP_SYSTEM_MASK alloc
04-23 11:40:25.680 D/dalvikvm(  431): GC_FOR_ALLOC freed 697K, 14% free 9297K/10804K, paused 63ms, total 63ms
04-23 11:40:25.690 D/gralloc (  110): ==USE CPU CACHE OP LLL usage = 0xb33==
04-23 11:40:25.690 D/gralloc (  110): ION_HEAP_SYSTEM_MASK alloc
04-23 11:40:25.720 I/hwcomposer(  110): IMG_hwcdev_pipe_assign_status_t hwcdev_try_to_assign_pipe(SUNXI_hwcdev_context_t*, SUNXI_hwcdev_pipe_t*, hwc_layer_1_t*, int, int): We use not config memory
04-23 11:40:25.720 I/hwcomposer(  110): IMG_hwcdev_pipe_assign_status_t hwcdev_try_to_assign_pipe(SUNXI_hwcdev_context_t*, SUNXI_hwcdev_pipe_t*, hwc_layer_1_t*, int, int): We use not config memory
04-23 11:40:25.720 I/hwcomposer(  110): IMG_hwcdev_pipe_assign_status_t hwcdev_try_to_assign_pipe(SUNXI_hwcdev_context_t*, SUNXI_hwcdev_pipe_t*, hwc_layer_1_t*, int, int): We use not config memory
04-23 11:40:25.720 I/ActivityManager(  431): Config changes=480 {1.0 ?mcc?mnc en_US ldltr sw768dp w768dp h951dp 160dpi xlrg port finger -keyb/v/h -nav/h s.9}
04-23 11:40:25.730 I/InputReader(  431): Reconfiguring input devices.  changes=0x00000004
04-23 11:40:25.730 I/InputReader(  431): Device reconfigured: id=1, name='gt82x', size 768x1024, orientation 0, mode 1, display id 0
04-23 11:40:25.740 I/InputReader(  431): Reconfiguring input devices.  changes=0x00000004
04-23 11:40:25.740 I/InputReader(  431): Device reconfigured: id=1, name='gt82x', size 768x1024, orientation 0, mode 1, display id 0
04-23 11:40:25.740 I/Pointer (  431): Device Changed: Input Device 1: gt82x
04-23 11:40:25.740 I/Pointer (  431):   Descriptor: 9e6143a1bc5dd41251b165ed559e32d49b5aad8f
04-23 11:40:25.740 I/Pointer (  431):   Generation: 17
04-23 11:40:25.740 I/Pointer (  431):   Location: built-in
04-23 11:40:25.740 I/Pointer (  431):   Keyboard Type: none
04-23 11:40:25.740 I/Pointer (  431):   Has Vibrator: false
04-23 11:40:25.740 I/Pointer (  431):   Sources: 0x1002 ( touchscreen )
04-23 11:40:25.740 I/Pointer (  431):     AXIS_X: source=0x1002 min=0.0 max=767.0 flat=0.0 fuzz=0.0 resolution=0.0
04-23 11:40:25.740 I/Pointer (  431):     AXIS_Y: source=0x1002 min=0.0 max=1023.0 flat=0.0 fuzz=0.0 resolution=0.0
04-23 11:40:25.740 I/Pointer (  431):     AXIS_PRESSURE: source=0x1002 min=0.0 max=1.0 flat=0.0 fuzz=0.0 resolution=0.0
04-23 11:40:25.740 I/Pointer (  431):     AXIS_SIZE: source=0x1002 min=0.0 max=1.0 flat=0.0 fuzz=0.0 resolution=0.0
04-23 11:40:25.740 I/Pointer (  431):     AXIS_TOUCH_MAJOR: source=0x1002 min=0.0 max=1280.0 flat=0.0 fuzz=0.0 resolution=0.0
04-23 11:40:25.740 I/Pointer (  431):     AXIS_TOUCH_MINOR: source=0x1002 min=0.0 max=1280.0 flat=0.0 fuzz=0.0 resolution=0.0
04-23 11:40:25.740 I/Pointer (  431):     AXIS_TOOL_MAJOR: source=0x1002 min=0.0 max=1280.0 flat=0.0 fuzz=0.0 resolution=0.0
04-23 11:40:25.740 I/Pointer (  431):     AXIS_TOOL_MINOR: source=0x1002 min=0.0 max=1280.0 flat=0.0 fuzz=0.0 resolution=0.0
04-23 11:40:25.770 I/hwcomposer(  110): IMG_hwcdev_pipe_assign_status_t hwcdev_try_to_assign_pipe(SUNXI_hwcdev_context_t*, SUNXI_hwcdev_pipe_t*, hwc_layer_1_t*, int, int): We use not config memory
04-23 11:40:25.770 I/hwcomposer(  110): IMG_hwcdev_pipe_assign_status_t hwcdev_try_to_assign_pipe(SUNXI_hwcdev_context_t*, SUNXI_hwcdev_pipe_t*, hwc_layer_1_t*, int, int): We use not config memory
04-23 11:40:25.770 I/hwcomposer(  110): IMG_hwcdev_pipe_assign_status_t hwcdev_try_to_assign_pipe(SUNXI_hwcdev_context_t*, SUNXI_hwcdev_pipe_t*, hwc_layer_1_t*, int, int): We use not config memory
04-23 11:40:25.800 I/qtaguid (  431): Failed write_ctrl(s 1 10011) res=-1 errno=1
04-23 11:40:25.800 W/NetworkManagementSocketTagger(  431): setKernelCountSet(10011, 1) failed with errno -1
04-23 11:40:25.820 D/gralloc (  110): ION_HEAP_CARVEOUT_MASK alloc
04-23 11:40:25.820 I/hwcomposer(  110): IMG_hwcdev_pipe_assign_status_t hwcdev_try_to_assign_pipe(SUNXI_hwcdev_context_t*, SUNXI_hwcdev_pipe_t*, hwc_layer_1_t*, int, int): We use not config memory
04-23 11:40:25.820 I/hwcomposer(  110): IMG_hwcdev_pipe_assign_status_t hwcdev_try_to_assign_pipe(SUNXI_hwcdev_context_t*, SUNXI_hwcdev_pipe_t*, hwc_layer_1_t*, int, int): We use not config memory
04-23 11:40:25.820 I/hwcomposer(  110): IMG_hwcdev_pipe_assign_status_t hwcdev_try_to_assign_pipe(SUNXI_hwcdev_context_t*, SUNXI_hwcdev_pipe_t*, hwc_layer_1_t*, int, int): We use not config memory
04-23 11:40:25.830 D/gralloc (  110): ION_HEAP_CARVEOUT_MASK alloc
04-23 11:40:25.850 D/PhoneStatusBar(  491): mSettingsPanelGravity = 8388661
04-23 11:40:25.860 I/hwcomposer(  110): IMG_hwcdev_pipe_assign_status_t hwcdev_try_to_assign_pipe(SUNXI_hwcdev_context_t*, SUNXI_hwcdev_pipe_t*, hwc_layer_1_t*, int, int): We use not config memory
04-23 11:40:25.860 I/hwcomposer(  110): IMG_hwcdev_pipe_assign_status_t hwcdev_try_to_assign_pipe(SUNXI_hwcdev_context_t*, SUNXI_hwcdev_pipe_t*, hwc_layer_1_t*, int, int): We use not config memory
04-23 11:40:25.860 I/hwcomposer(  110): IMG_hwcdev_pipe_assign_status_t hwcdev_try_to_assign_pipe(SUNXI_hwcdev_context_t*, SUNXI_hwcdev_pipe_t*, hwc_layer_1_t*, int, int): We use not config memory
04-23 11:40:25.890 I/hwcomposer(  110): IMG_hwcdev_pipe_assign_status_t hwcdev_try_to_assign_pipe(SUNXI_hwcdev_context_t*, SUNXI_hwcdev_pipe_t*, hwc_layer_1_t*, int, int): We use not config memory
04-23 11:40:25.890 I/hwcomposer(  110): IMG_hwcdev_pipe_assign_status_t hwcdev_try_to_assign_pipe(SUNXI_hwcdev_context_t*, SUNXI_hwcdev_pipe_t*, hwc_layer_1_t*, int, int): We use not config memory
04-23 11:40:25.890 I/hwcomposer(  110): IMG_hwcdev_pipe_assign_status_t hwcdev_try_to_assign_pipe(SUNXI_hwcdev_context_t*, SUNXI_hwcdev_pipe_t*, hwc_layer_1_t*, int, int): We use not config memory
04-23 11:40:25.930 D/DynamicPowerPolicyChangeThread(  431): set policy extremity, temp=70.0
04-23 11:40:25.960 D/gralloc (  110): ION_HEAP_CARVEOUT_MASK alloc
04-23 11:40:25.960 D/gralloc (  110): ION_HEAP_CARVEOUT_MASK alloc
04-23 11:40:25.990 I/hwcomposer(  110): IMG_hwcdev_pipe_assign_status_t hwcdev_try_to_assign_pipe(SUNXI_hwcdev_context_t*, SUNXI_hwcdev_pipe_t*, hwc_layer_1_t*, int, int): We use not config memory
04-23 11:40:25.990 I/hwcomposer(  110): IMG_hwcdev_pipe_assign_status_t hwcdev_try_to_assign_pipe(SUNXI_hwcdev_context_t*, SUNXI_hwcdev_pipe_t*, hwc_layer_1_t*, int, int): We use not config memory
04-23 11:40:25.990 I/hwcomposer(  110): IMG_hwcdev_pipe_assign_status_t hwcdev_try_to_assign_pipe(SUNXI_hwcdev_context_t*, SUNXI_hwcdev_pipe_t*, hwc_layer_1_t*, int, int): We use not config memory
04-23 11:40:26.000 D/gralloc (  110): ION_HEAP_CARVEOUT_MASK alloc
04-23 11:40:26.000 D/gralloc (  110): ION_HEAP_CARVEOUT_MASK alloc
04-23 11:40:26.020 D/gralloc (  110): ION_HEAP_CARVEOUT_MASK alloc
04-23 11:40:26.020 I/hwcomposer(  110): IMG_hwcdev_pipe_assign_status_t hwcdev_try_to_assign_pipe(SUNXI_hwcdev_context_t*, SUNXI_hwcdev_pipe_t*, hwc_layer_1_t*, int, int): We use not config memory
04-23 11:40:26.020 I/hwcomposer(  110): IMG_hwcdev_pipe_assign_status_t hwcdev_try_to_assign_pipe(SUNXI_hwcdev_context_t*, SUNXI_hwcdev_pipe_t*, hwc_layer_1_t*, int, int): We use not config memory
04-23 11:40:26.020 I/hwcomposer(  110): IMG_hwcdev_pipe_assign_status_t hwcdev_try_to_assign_pipe(SUNXI_hwcdev_context_t*, SUNXI_hwcdev_pipe_t*, hwc_layer_1_t*, int, int): We use not config memory
04-23 11:40:26.040 D/gralloc (  110): ION_HEAP_CARVEOUT_MASK alloc
04-23 11:40:26.040 I/hwcomposer(  110): IMG_hwcdev_pipe_assign_status_t hwcdev_try_to_assign_pipe(SUNXI_hwcdev_context_t*, SUNXI_hwcdev_pipe_t*, hwc_layer_1_t*, int, int): We use not config memory
04-23 11:40:26.040 D/gralloc (  110): ION_HEAP_CARVEOUT_MASK alloc
04-23 11:40:26.040 I/hwcomposer(  110): IMG_hwcdev_pipe_assign_status_t hwcdev_try_to_assign_pipe(SUNXI_hwcdev_context_t*, SUNXI_hwcdev_pipe_t*, hwc_layer_1_t*, int, int): We use not config memory
04-23 11:40:26.040 I/hwcomposer(  110): IMG_hwcdev_pipe_assign_status_t hwcdev_try_to_assign_pipe(SUNXI_hwcdev_context_t*, SUNXI_hwcdev_pipe_t*, hwc_layer_1_t*, int, int): We use not config memory
04-23 11:40:26.050 D/gralloc (  110): ION_HEAP_CARVEOUT_MASK alloc
04-23 11:40:26.060 I/hwcomposer(  110): IMG_hwcdev_pipe_assign_status_t hwcdev_try_to_assign_pipe(SUNXI_hwcdev_context_t*, SUNXI_hwcdev_pipe_t*, hwc_layer_1_t*, int, int): We use not config memory
04-23 11:40:26.060 I/hwcomposer(  110): IMG_hwcdev_pipe_assign_status_t hwcdev_try_to_assign_pipe(SUNXI_hwcdev_context_t*, SUNXI_hwcdev_pipe_t*, hwc_layer_1_t*, int, int): We use not config memory
04-23 11:40:26.060 I/hwcomposer(  110): IMG_hwcdev_pipe_assign_status_t hwcdev_try_to_assign_pipe(SUNXI_hwcdev_context_t*, SUNXI_hwcdev_pipe_t*, hwc_layer_1_t*, int, int): We use not config memory
04-23 11:40:26.070 D/gralloc (  110): ION_HEAP_CARVEOUT_MASK alloc
04-23 11:40:26.080 W/IInputConnectionWrapper(12450): showStatusIcon on inactive InputConnection
04-23 11:40:26.090 I/hwcomposer(  110): IMG_hwcdev_pipe_assign_status_t hwcdev_try_to_assign_pipe(SUNXI_hwcdev_context_t*, SUNXI_hwcdev_pipe_t*, hwc_layer_1_t*, int, int): We use not config memory
04-23 11:40:26.090 I/hwcomposer(  110): IMG_hwcdev_pipe_assign_status_t hwcdev_try_to_assign_pipe(SUNXI_hwcdev_context_t*, SUNXI_hwcdev_pipe_t*, hwc_layer_1_t*, int, int): We use not config memory
04-23 11:40:26.090 I/hwcomposer(  110): IMG_hwcdev_pipe_assign_status_t hwcdev_try_to_assign_pipe(SUNXI_hwcdev_context_t*, SUNXI_hwcdev_pipe_t*, hwc_layer_1_t*, int, int): We use not config memory
04-23 11:40:26.130 D/gralloc (  110): ION_HEAP_CARVEOUT_MASK alloc
04-23 11:40:26.130 D/gralloc (  110): ION_HEAP_CARVEOUT_MASK alloc
04-23 11:40:26.140 I/hwcomposer(  110): IMG_hwcdev_pipe_assign_status_t hwcdev_try_to_assign_pipe(SUNXI_hwcdev_context_t*, SUNXI_hwcdev_pipe_t*, hwc_layer_1_t*, int, int): We use not config memory
04-23 11:40:26.140 I/hwcomposer(  110): IMG_hwcdev_pipe_assign_status_t hwcdev_try_to_assign_pipe(SUNXI_hwcdev_context_t*, SUNXI_hwcdev_pipe_t*, hwc_layer_1_t*, int, int): We use not config memory
04-23 11:40:26.140 I/hwcomposer(  110): IMG_hwcdev_pipe_assign_status_t hwcdev_try_to_assign_pipe(SUNXI_hwcdev_context_t*, SUNXI_hwcdev_pipe_t*, hwc_layer_1_t*, int, int): We use not config memory
04-23 11:40:26.140 D/gralloc (  110): ION_HEAP_CARVEOUT_MASK alloc
04-23 11:40:26.160 I/hwcomposer(  110): IMG_hwcdev_pipe_assign_status_t hwcdev_try_to_assign_pipe(SUNXI_hwcdev_context_t*, SUNXI_hwcdev_pipe_t*, hwc_layer_1_t*, int, int): We use not config memory
04-23 11:40:26.160 I/hwcomposer(  110): IMG_hwcdev_pipe_assign_status_t hwcdev_try_to_assign_pipe(SUNXI_hwcdev_context_t*, SUNXI_hwcdev_pipe_t*, hwc_layer_1_t*, int, int): We use not config memory
04-23 11:40:26.170 I/hwcomposer(  110): IMG_hwcdev_pipe_assign_status_t hwcdev_try_to_assign_pipe(SUNXI_hwcdev_context_t*, SUNXI_hwcdev_pipe_t*, hwc_layer_1_t*, int, int): We use not config memory
04-23 11:40:26.170 I/hwcomposer(  110): IMG_hwcdev_pipe_assign_status_t hwcdev_try_to_assign_pipe(SUNXI_hwcdev_context_t*, SUNXI_hwcdev_pipe_t*, hwc_layer_1_t*, int, int): We use not config memory
04-23 11:40:26.220 I/qtaguid (  431): Failed write_ctrl(s 0 10077) res=-1 errno=1
04-23 11:40:26.220 W/NetworkManagementSocketTagger(  431): setKernelCountSet(10077, 0) failed with errno -1
04-23 11:40:26.220 I/hwcomposer(  110): IMG_hwcdev_pipe_assign_status_t hwcdev_try_to_assign_pipe(SUNXI_hwcdev_context_t*, SUNXI_hwcdev_pipe_t*, hwc_layer_1_t*, int, int): We use not config memory
04-23 11:40:26.220 I/hwcomposer(  110): IMG_hwcdev_pipe_assign_status_t hwcdev_try_to_assign_pipe(SUNXI_hwcdev_context_t*, SUNXI_hwcdev_pipe_t*, hwc_layer_1_t*, int, int): We use not config memory
04-23 11:40:26.230 I/WindowManager(  431): Screen frozen for +537ms due to Window{41cdf590 u0 com.android.systemui.ImageWallpaper}
04-23 11:40:26.240 I/hwcomposer(  110): IMG_hwcdev_pipe_assign_status_t hwcdev_try_to_assign_pipe(SUNXI_hwcdev_context_t*, SUNXI_hwcdev_pipe_t*, hwc_layer_1_t*, int, int): We use not config memory
04-23 11:40:26.240 I/hwcomposer(  110): IMG_hwcdev_pipe_assign_status_t hwcdev_try_to_assign_pipe(SUNXI_hwcdev_context_t*, SUNXI_hwcdev_pipe_t*, hwc_layer_1_t*, int, int): We use not config memory
04-23 11:40:26.260 I/hwcomposer(  110): IMG_hwcdev_pipe_assign_status_t hwcdev_try_to_assign_pipe(SUNXI_hwcdev_context_t*, SUNXI_hwcdev_pipe_t*, hwc_layer_1_t*, int, int): We use not config memory
04-23 11:40:26.260 I/hwcomposer(  110): IMG_hwcdev_pipe_assign_status_t hwcdev_try_to_assign_pipe(SUNXI_hwcdev_context_t*, SUNXI_hwcdev_pipe_t*, hwc_layer_1_t*, int, int): We use not config memory
04-23 11:40:26.260 I/hwcomposer(  110): IMG_hwcdev_pipe_assign_status_t hwcdev_try_to_assign_pipe(SUNXI_hwcdev_context_t*, SUNXI_hwcdev_pipe_t*, hwc_layer_1_t*, int, int): We use not config memory
04-23 11:40:26.490 D/gralloc (  110): ION_HEAP_CARVEOUT_MASK alloc
04-23 11:40:26.690 W/InteractionController( 2789): runAndwaitForEvent timedout waiting for events
04-23 11:40:27.410 D/UIAutomatorStub( 2789): URI: /jsonrpc/0, Method: POST, Header: {content-type=application/json, connection=close, remote-addr=127.0.0.1, host=localhost:9008, content-length=80, http-client-ip=127.0.0.1, user-agent=Python-urllib/2.7, accept-encoding=identity}, params, {NanoHttpd.QUERY_STRING={"jsonrpc": "2.0", "method": "wakeUp", "id": "a24ada41f5009c7fb06370e1f82a16a3"}, {"jsonrpc": "2.0", "method": "wakeUp", "id": "a24ada41f5009c7fb06370e1f82a16a3"}=}, files: {}
04-23 11:40:27.430 D/UIAutomatorStub( 2789): URI: /jsonrpc/0, Method: POST, Header: {content-type=application/json, connection=close, remote-addr=127.0.0.1, host=localhost:9008, content-length=102, http-client-ip=127.0.0.1, user-agent=Python-urllib/2.7, accept-encoding=identity}, params, {{"params": ["home"], "jsonrpc": "2.0", "method": "pressKey", "id": "53b23670145fc67017d7e53f7fcf06cd"}=, NanoHttpd.QUERY_STRING={"params": ["home"], "jsonrpc": "2.0", "method": "pressKey", "id": "53b23670145fc67017d7e53f7fcf06cd"}}, files: {}
04-23 11:40:27.440 I/ActivityManager(  431): START u0 {act=android.intent.action.MAIN cat=[android.intent.category.HOME] flg=0x10200000 cmp=com.android.launcher/com.android.launcher2.Launcher} from pid 431
04-23 11:40:27.470 D/UIAutomatorStub( 2789): URI: /jsonrpc/0, Method: POST, Header: {content-type=application/json, connection=close, remote-addr=127.0.0.1, host=localhost:9008, content-length=180, http-client-ip=127.0.0.1, user-agent=Python-urllib/2.7, accept-encoding=identity}, params, {NanoHttpd.QUERY_STRING={"params": [{"childOrSiblingSelector": [], "mask": 64, "description": "Apps", "childOrSibling": []}], "jsonrpc": "2.0", "method": "click", "id": "3bb83b9f5c5ccbada1f379dd6ae33815"}, {"params": [{"childOrSiblingSelector": [], "mask": 64, "description": "Apps", "childOrSibling": []}], "jsonrpc": "2.0", "method": "click", "id": "3bb83b9f5c5ccbada1f379dd6ae33815"}=}, files: {}
04-23 11:40:27.990 W/ResourceType(12404): No known package when getting name for resource number 0x9b010100
04-23 11:40:27.990 W/ResourceType(12404): No known package when getting name for resource number 0x9b020200
04-23 11:40:27.990 W/ResourceType(12404): No known package when getting name for resource number 0x9b030300
04-23 11:40:27.990 W/ResourceType(12404): No known package when getting name for resource number 0x9b050500
04-23 11:40:27.990 W/ResourceType(12404): No known package when getting name for resource number 0x9b060600
04-23 11:40:27.990 W/ResourceType(12404): No known package when getting name for resource number 0x9b070700
04-23 11:40:28.000 W/ResourceType(12404): No known package when getting name for resource number 0x9c020000
04-23 11:40:28.000 W/ResourceType(12404): No known package when getting name for resource number 0x9c020100
04-23 11:40:28.000 W/ResourceType(12404): No known package when getting name for resource number 0x9c010100
04-23 11:40:28.000 W/ResourceType(12404): No known package when getting name for resource number 0x9c010503
04-23 11:40:28.030 I/QueryController( 2789): Matched selector: UiSelector[DESCRIPTION=Apps] <<==>> [android.view.accessibility.AccessibilityNodeInfo@a98d; boundsInParent: Rect(524257, 0 - 524327, 70); boundsInScreen: Rect(356, 900 - 412, 956); packageName: com.android.launcher; className: android.widget.TextView; text: null; contentDescription: Apps; viewIdResName: null; checkable: false; checked: false; focusable: true; focused: false; selected: false; clickable: true; longClickable: false; enabled: true; password: false; scrollable: false; [ACTION_FOCUS, ACTION_SELECT, ACTION_CLEAR_SELECTION, ACTION_CLICK, ACTION_ACCESSIBILITY_FOCUS]]
04-23 11:40:28.040 D/InteractionController( 2789): clickAndSync(384, 928)
04-23 11:40:28.060 D/gralloc (  110): ION_HEAP_CARVEOUT_MASK alloc
04-23 11:40:28.170 D/gralloc (  110): ION_HEAP_CARVEOUT_MASK alloc
04-23 11:40:28.210 D/UIAutomatorStub( 2789): URI: /jsonrpc/0, Method: POST, Header: {content-type=application/json, connection=close, remote-addr=127.0.0.1, host=localhost:9008, content-length=174, http-client-ip=127.0.0.1, user-agent=Python-urllib/2.7, accept-encoding=identity}, params, {{"params": [{"childOrSiblingSelector": [], "text": "3DMark", "mask": 1, "childOrSibling": []}], "jsonrpc": "2.0", "method": "click", "id": "5a8ae3825fe2db622b63dc3cb47bc419"}=, NanoHttpd.QUERY_STRING={"params": [{"childOrSiblingSelector": [], "text": "3DMark", "mask": 1, "childOrSibling": []}], "jsonrpc": "2.0", "method": "click", "id": "5a8ae3825fe2db622b63dc3cb47bc419"}}, files: {}
04-23 11:40:28.220 V/audio_hw_primary(  113): start_output_stream, line: 732
04-23 11:40:28.220 V/codec_audio_pad(  113): in normal mode, headset or speaker on,****LINE:112,FUNC:set_normal_path
04-23 11:40:28.320 D/dalvikvm(  431): GC_EXPLICIT freed 335K, 15% free 9226K/10804K, paused 5ms+9ms, total 85ms
04-23 11:40:28.380 V/audio_hw_primary(  113): normal mode , speaker,****LINE:657,FUNC:select_output_device
04-23 11:40:28.380 V/audio_hw_primary(  113): start_output_stream: card:0, port:0, rate:44100
04-23 11:40:28.380 D/alsa_pcm(  113): pcm_open:,sparams.stop_threshold:1540, config->stop_threshold:0
04-23 11:40:28.380 V/audio_hw_primary(  113): do not use out resampler
04-23 11:40:30.010 I/Choreographer(12404): Skipped 71 frames!  The application may be doing too much work on its main thread.
04-23 11:40:30.050 I/QueryController( 2789): Matched selector: UiSelector[TEXT=3DMark] <<==>> [android.view.accessibility.AccessibilityNodeInfo@13472; boundsInParent: Rect(524240, 0 - 524336, 96); boundsInScreen: Rect(72, 118 - 168, 214); packageName: com.android.launcher; className: android.widget.TextView; text: 3DMark; contentDescription: null; viewIdResName: null; checkable: false; checked: false; focusable: true; focused: false; selected: false; clickable: true; longClickable: true; enabled: true; password: false; scrollable: false; [ACTION_FOCUS, ACTION_SELECT, ACTION_CLEAR_SELECTION, ACTION_CLICK, ACTION_LONG_CLICK, ACTION_ACCESSIBILITY_FOCUS, ACTION_NEXT_AT_MOVEMENT_GRANULARITY, ACTION_PREVIOUS_AT_MOVEMENT_GRANULARITY, ACTION_SET_SELECTION]]
04-23 11:40:30.060 D/InteractionController( 2789): clickAndSync(120, 166)
04-23 11:40:30.210 D/dalvikvm(12404): GC_CONCURRENT freed 701K, 17% free 7803K/9328K, paused 2ms+3ms, total 47ms
04-23 11:40:30.210 D/dalvikvm(12404): WAIT_FOR_CONCURRENT_GC blocked 33ms
04-23 11:40:30.220 D/dalvikvm(12404): WAIT_FOR_CONCURRENT_GC blocked 29ms
04-23 11:40:30.230 I/ActivityManager(  431): START u0 {act=android.intent.action.MAIN cat=[android.intent.category.LAUNCHER] flg=0x10200000 cmp=com.futuremark.dmandroid.application/.activity.MainActivity} from pid 12404
04-23 11:40:30.280 D/dalvikvm(12404): GC_FOR_ALLOC freed 101K, 9% free 8523K/9328K, paused 21ms, total 21ms
04-23 11:40:30.340 I/ActivityManager(  431): Start proc com.futuremark.dmandroid.application for activity com.futuremark.dmandroid.application/.activity.MainActivity: pid=12646 uid=10078 gids={50078, 3003, 1028, 1015}
04-23 11:40:30.390 I/qtaguid (  431): Failed write_ctrl(s 1 10078) res=-1 errno=1
04-23 11:40:30.390 W/NetworkManagementSocketTagger(  431): setKernelCountSet(10078, 1) failed with errno -1
04-23 11:40:30.430 D/gralloc (  110): ==USE CPU CACHE OP LLL usage = 0x933==
04-23 11:40:30.430 D/gralloc (  110): ION_HEAP_SYSTEM_MASK alloc
04-23 11:40:30.510 I/hwcomposer(  110): IMG_hwcdev_pipe_assign_status_t hwcdev_try_to_assign_pipe(SUNXI_hwcdev_context_t*, SUNXI_hwcdev_pipe_t*, hwc_layer_1_t*, int, int): We use not config memory
04-23 11:40:30.510 I/hwcomposer(  110): IMG_hwcdev_pipe_assign_status_t hwcdev_try_to_assign_pipe(SUNXI_hwcdev_context_t*, SUNXI_hwcdev_pipe_t*, hwc_layer_1_t*, int, int): We use not config memory
04-23 11:40:30.510 I/hwcomposer(  110): IMG_hwcdev_pipe_assign_status_t hwcdev_try_to_assign_pipe(SUNXI_hwcdev_context_t*, SUNXI_hwcdev_pipe_t*, hwc_layer_1_t*, int, int): We use not config memory
04-23 11:40:30.510 I/hwcomposer(  110): IMG_hwcdev_pipe_assign_status_t hwcdev_try_to_assign_pipe(SUNXI_hwcdev_context_t*, SUNXI_hwcdev_pipe_t*, hwc_layer_1_t*, int, int): We use not config memory
04-23 11:40:30.530 I/hwcomposer(  110): IMG_hwcdev_pipe_assign_status_t hwcdev_try_to_assign_pipe(SUNXI_hwcdev_context_t*, SUNXI_hwcdev_pipe_t*, hwc_layer_1_t*, int, int): We use not config memory
04-23 11:40:30.530 I/hwcomposer(  110): IMG_hwcdev_pipe_assign_status_t hwcdev_try_to_assign_pipe(SUNXI_hwcdev_context_t*, SUNXI_hwcdev_pipe_t*, hwc_layer_1_t*, int, int): We use not config memory
04-23 11:40:30.530 I/hwcomposer(  110): IMG_hwcdev_pipe_assign_status_t hwcdev_try_to_assign_pipe(SUNXI_hwcdev_context_t*, SUNXI_hwcdev_pipe_t*, hwc_layer_1_t*, int, int): We use not config memory
04-23 11:40:30.530 I/hwcomposer(  110): IMG_hwcdev_pipe_assign_status_t hwcdev_try_to_assign_pipe(SUNXI_hwcdev_context_t*, SUNXI_hwcdev_pipe_t*, hwc_layer_1_t*, int, int): We use not config memory
