04-23 11:39:06.320 E/AccessibilityNodeInfoCache( 2789): Node from: 190 not from:188 android.view.accessibility.AccessibilityNodeInfo@2be9a; boundsInParent: Rect(0, 0 - 748, 176); boundsInScreen: Rect(10, 392 - 758, 568); packageName: com.antutu.ABenchMark; className: android.widget.ScrollView; text: null; contentDescription: null; viewIdResName: com.antutu.ABenchMark:id/content; checkable: false; checked: false; focusable: true; focused: false; selected: false; clickable: false; longClickable: false; enabled: true; password: false; scrollable: false; [ACTION_FOCUS, ACTION_SELECT, ACTION_CLEAR_SELECTION, ACTION_ACCESSIBILITY_FOCUS]
04-23 11:39:06.320 E/AccessibilityNodeInfoCache( 2789): Node from: 190 not from:188 android.view.accessibility.AccessibilityNodeInfo@2c25b; boundsInParent: Rect(0, 0 - 768, 0); boundsInScreen: Rect(0, 578 - 768, 578); packageName: com.antutu.ABenchMark; className: android.widget.FrameLayout; text: null; contentDescription: null; viewIdResName: com.antutu.ABenchMark:id/layoutAD3; checkable: false; checked: false; focusable: false; focused: false; selected: false; clickable: false; longClickable: false; enabled: true; password: false; scrollable: false; [ACTION_SELECT, ACTION_CLEAR_SELECTION, ACTION_ACCESSIBILITY_FOCUS]
04-23 11:39:06.320 E/AccessibilityNodeInfoCache( 2789): Node from: 190 not from:188 android.view.accessibility.AccessibilityNodeInfo@2c61c; boundsInParent: Rect(0, 0 - 768, 0); boundsInScreen: Rect(0, 578 - 768, 578); packageName: com.antutu.ABenchMark; className: android.widget.FrameLayout; text: null; contentDescription: null; viewIdResName: com.antutu.ABenchMark:id/layoutAD2; checkable: false; checked: false; focusable: false; focused: false; selected: false; clickable: false; longClickable: false; enabled: true; password: false; scrollable: false; [ACTION_SELECT, ACTION_CLEAR_SELECTION, ACTION_ACCESSIBILITY_FOCUS]
04-23 11:39:06.320 E/AccessibilityNodeInfoCache( 2789): Node from: 190 not from:188 android.view.accessibility.AccessibilityNodeInfo@2c9dd; boundsInParent: Rect(0, 0 - 748, 176); boundsInScreen: Rect(10, 392 - 758, 568); packageName: com.antutu.ABenchMark; className: android.widget.FrameLayout; text: null; contentDescription: null; viewIdResName: null; checkable: false; checked: false; focusable: false; focused: false; selected: false; clickable: false; longClickable: false; enabled: true; password: false; scrollable: false; [ACTION_SELECT, ACTION_CLEAR_SELECTION, ACTION_ACCESSIBILITY_FOCUS]
04-23 11:39:06.320 E/AccessibilityNodeInfoCache( 2789): Node from: 190 not from:188 android.view.accessibility.AccessibilityNodeInfo@2cd9e; boundsInParent: Rect(0, 0 - 748, 176); boundsInScreen: Rect(10, 392 - 758, 568); packageName: com.antutu.ABenchMark; className: android.widget.LinearLayout; text: null; contentDescription: null; viewIdResName: com.antutu.ABenchMark:id/part_container; checkable: false; checked: false; focusable: false; focused: false; selected: false; clickable: false; longClickable: false; enabled: true; password: false; scrollable: false; [ACTION_SELECT, ACTION_CLEAR_SELECTION, ACTION_ACCESSIBILITY_FOCUS]
04-23 11:39:06.320 E/AccessibilityNodeInfoCache( 2789): Node from: 190 not from:188 android.view.accessibility.AccessibilityNodeInfo@2d15f; boundsInParent: Rect(0, 0 - 748, 125); boundsInScreen: Rect(10, 392 - 758, 517); packageName: com.antutu.ABenchMark; className: android.widget.RelativeLayout; text: null; contentDescription: null; viewIdResName: com.antutu.ABenchMark:id/user_dev; checkable: false; checked: false; focusable: false; focused: false; selected: false; clickable: false; longClickable: false; enabled: true; password: false; scrollable: false; [ACTION_SELECT, ACTION_CLEAR_SELECTION, ACTION_ACCESSIBILITY_FOCUS]
04-23 11:39:06.320 E/AccessibilityNodeInfoCache( 2789): Node from: 190 not from:188 android.view.accessibility.AccessibilityNodeInfo@2d520; boundsInParent: Rect(0, 0 - 748, 51); boundsInScreen: Rect(10, 517 - 758, 568); packageName: com.antutu.ABenchMark; className: android.widget.FrameLayout; text: null; contentDescription: null; viewIdResName: com.antutu.ABenchMark:id/child; checkable: false; checked: false; focusable: false; focused: false; selected: false; clickable: false; longClickable: false; enabled: true; password: false; scrollable: false; [ACTION_SELECT, ACTION_CLEAR_SELECTION, ACTION_ACCESSIBILITY_FOCUS]
04-23 11:39:06.320 E/AccessibilityNodeInfoCache( 2789): Node from: 190 not from:188 android.view.accessibility.AccessibilityNodeInfo@2d8e1; boundsInParent: Rect(0, 0 - 90, 105); boundsInScreen: Rect(20, 402 - 110, 507); packageName: com.antutu.ABenchMark; className: android.widget.LinearLayout; text: null; contentDescription: null; viewIdResName: com.antutu.ABenchMark:id/left_container; checkable: false; checked: false; focusable: false; focused: false; selected: false; clickable: false; longClickable: false; enabled: true; password: false; scrollable: false; [ACTION_SELECT, ACTION_CLEAR_SELECTION, ACTION_ACCESSIBILITY_FOCUS]
04-23 11:39:06.320 E/AccessibilityNodeInfoCache( 2789): Node from: 190 not from:188 android.view.accessibility.AccessibilityNodeInfo@2dca2; boundsInParent: Rect(0, 0 - 115, 58); boundsInScreen: Rect(110, 402 - 225, 460); packageName: com.antutu.ABenchMark; className: android.widget.RelativeLayout; text: null; contentDescription: null; viewIdResName: com.antutu.ABenchMark:id/detail_container; checkable: false; checked: false; focusable: false; focused: false; selected: false; clickable: false; longClickable: false; enabled: true; password: false; scrollable: false; [ACTION_SELECT, ACTION_CLEAR_SELECTION, ACTION_ACCESSIBILITY_FOCUS]
04-23 11:39:06.320 E/AccessibilityNodeInfoCache( 2789): Node from: 190 not from:188 android.view.accessibility.AccessibilityNodeInfo@2e063; boundsInParent: Rect(0, 0 - 748, 51); boundsInScreen: Rect(10, 517 - 758, 568); packageName: com.antutu.ABenchMark; className: android.widget.RelativeLayout; text: null; contentDescription: null; viewIdResName: com.antutu.ABenchMark:id/child; checkable: false; checked: false; focusable: false; focused: false; selected: false; clickable: false; longClickable: false; enabled: true; password: false; scrollable: false; [ACTION_SELECT, ACTION_CLEAR_SELECTION, ACTION_ACCESSIBILITY_FOCUS]
04-23 11:39:06.320 E/AccessibilityNodeInfoCache( 2789): Node from: 190 not from:188 android.view.accessibility.AccessibilityNodeInfo@2e424; boundsInParent: Rect(0, 0 - 137, 31); boundsInScreen: Rect(611, 527 - 748, 558); packageName: com.antutu.ABenchMark; className: android.widget.RelativeLayout; text: null; contentDescription: null; viewIdResName: com.antutu.ABenchMark:id/performance_layout; checkable: false; checked: false; focusable: false; focused: false; selected: false; clickable: false; longClickable: false; enabled: true; password: false; scrollable: false; [ACTION_SELECT, ACTION_CLEAR_SELECTION, ACTION_ACCESSIBILITY_FOCUS]
04-23 11:39:06.320 E/AccessibilityNodeInfoCache( 2789): Node from: 190 not from:188 android.view.accessibility.AccessibilityNodeInfo@2e7e5; boundsInParent: Rect(0, 0 - 90, 90); boundsInScreen: Rect(20, 402 - 110, 492); packageName: com.antutu.ABenchMark; className: android.widget.ImageView; text: null; contentDescription: null; viewIdResName: com.antutu.ABenchMark:id/device_icon; checkable: false; checked: false; focusable: false; focused: false; selected: false; clickable: false; longClickable: false; enabled: true; password: false; scrollable: false; [ACTION_SELECT, ACTION_CLEAR_SELECTION, ACTION_ACCESSIBILITY_FOCUS]
04-23 11:39:06.320 E/AccessibilityNodeInfoCache( 2789): Node from: 190 not from:188 android.view.accessibility.AccessibilityNodeInfo@2eba6; boundsInParent: Rect(0, 0 - 748, 156); boundsInScreen: Rect(10, 140 - 758, 296); packageName: com.antutu.ABenchMark; className: android.widget.LinearLayout; text: null; contentDescription: null; viewIdResName: com.antutu.ABenchMark:id/info_center_layout; checkable: false; checked: false; focusable: false; focused: false; selected: false; clickable: false; longClickable: false; enabled: true; password: false; scrollable: false; [ACTION_SELECT, ACTION_CLEAR_SELECTION, ACTION_ACCESSIBILITY_FOCUS]
04-23 11:39:06.320 E/AccessibilityNodeInfoCache( 2789): Node from: 190 not from:188 android.view.accessibility.AccessibilityNodeInfo@2ef67; boundsInParent: Rect(0, 0 - 748, 85); boundsInScreen: Rect(10, 140 - 758, 225); packageName: com.antutu.ABenchMark; className: com.antutu.benchmark.view.CustomViewFlipper; text: null; contentDescription: null; viewIdResName: com.antutu.ABenchMark:id/info_view_flipper; checkable: false; checked: false; focusable: false; focused: false; selected: false; clickable: false; longClickable: false; enabled: true; password: false; scrollable: false; [ACTION_SELECT, ACTION_CLEAR_SELECTION, ACTION_ACCESSIBILITY_FOCUS]
04-23 11:39:06.320 E/AccessibilityNodeInfoCache( 2789): Node from: 190 not from:188 android.view.accessibility.AccessibilityNodeInfo@2f328; boundsInParent: Rect(0, 0 - 748, 71); boundsInScreen: Rect(10, 225 - 758, 296); packageName: com.antutu.ABenchMark; className: android.widget.RelativeLayout; text: null; contentDescription: null; viewIdResName: com.antutu.ABenchMark:id/common_ranking_layout; checkable: false; checked: false; focusable: false; focused: false; selected: false; clickable: true; longClickable: false; enabled: true; password: false; scrollable: false; [ACTION_SELECT, ACTION_CLEAR_SELECTION, ACTION_CLICK, ACTION_ACCESSIBILITY_FOCUS]
04-23 11:39:06.320 E/AccessibilityNodeInfoCache( 2789): Node from: 190 not from:188 android.view.accessibility.AccessibilityNodeInfo@2f6e9; boundsInParent: Rect(0, 0 - 748, 85); boundsInScreen: Rect(10, 140 - 758, 225); packageName: com.antutu.ABenchMark; className: android.widget.RelativeLayout; text: null; contentDescription: null; viewIdResName: com.antutu.ABenchMark:id/local_info_layout; checkable: false; checked: false; focusable: false; focused: false; selected: false; clickable: false; longClickable: false; enabled: true; password: false; scrollable: false; [ACTION_SELECT, ACTION_CLEAR_SELECTION, ACTION_ACCESSIBILITY_FOCUS]
04-23 11:39:06.330 D/dalvikvm( 2789): GC_CONCURRENT freed 478K, 70% free 1563K/5084K, paused 1ms+2ms, total 28ms
04-23 11:39:06.330 D/dalvikvm( 2789): WAIT_FOR_CONCURRENT_GC blocked 8ms
04-23 11:39:06.330 E/AccessibilityNodeInfoCache( 2789): Node from: 190 not from:188 android.view.accessibility.AccessibilityNodeInfo@36005; boundsInParent: Rect(0, 0 - 27, 27); boundsInScreen: Rect(13, 34 - 40, 61); packageName: com.antutu.ABenchMark; className: android.widget.ImageView; text: null; contentDescription: null; viewIdResName: com.antutu.ABenchMark:id/menu_back_img; checkable: false; checked: false; focusable: false; focused: false; selected: false; clickable: false; longClickable: false; enabled: true; password: false; scrollable: false; [ACTION_SELECT, ACTION_CLEAR_SELECTION, ACTION_ACCESSIBILITY_FOCUS]
04-23 11:39:06.950 D/UIAutomatorStub( 2789): URI: /jsonrpc/0, Method: POST, Header: {content-type=application/json, connection=close, remote-addr=127.0.0.1, host=localhost:9008, content-length=212, http-client-ip=127.0.0.1, user-agent=Python-urllib/2.7, accept-encoding=identity}, params, {NanoHttpd.QUERY_STRING={"params": [{"childOrSiblingSelector": [], "text": "Unfortunately, AnTuTu Benchmark has stopped.", "mask": 1, "childOrSibling": []}], "jsonrpc": "2.0", "method": "exist", "id": "62f5c2f1957b57c45fbbcbaf6ea8066d"}, {"params": [{"childOrSiblingSelector": [], "text": "Unfortunately, AnTuTu Benchmark has stopped.", "mask": 1, "childOrSibling": []}], "jsonrpc": "2.0", "method": "exist", "id": "62f5c2f1957b57c45fbbcbaf6ea8066d"}=}, files: {}
04-23 11:39:07.120 D/dalvikvm( 2789): GC_CONCURRENT freed 546K, 71% free 1480K/5084K, paused 1ms+1ms, total 13ms
04-23 11:39:07.120 D/UIAutomatorStub( 2789): URI: /jsonrpc/0, Method: POST, Header: {content-type=application/json, connection=close, remote-addr=127.0.0.1, host=localhost:9008, content-length=172, http-client-ip=127.0.0.1, user-agent=Python-urllib/2.7, accept-encoding=identity}, params, {NanoHttpd.QUERY_STRING={"params": [{"childOrSiblingSelector": [], "text": "Show", "mask": 1, "childOrSibling": []}], "jsonrpc": "2.0", "method": "exist", "id": "8d1655dbbcb3030e691ee60f6687104d"}, {"params": [{"childOrSiblingSelector": [], "text": "Show", "mask": 1, "childOrSibling": []}], "jsonrpc": "2.0", "method": "exist", "id": "8d1655dbbcb3030e691ee60f6687104d"}=}, files: {}
04-23 11:39:09.360 D/UIAutomatorStub( 2789): URI: /jsonrpc/0, Method: POST, Header: {content-type=application/json, connection=close, remote-addr=127.0.0.1, host=localhost:9008, content-length=212, http-client-ip=127.0.0.1, user-agent=Python-urllib/2.7, accept-encoding=identity}, params, {{"params": [{"childOrSiblingSelector": [], "text": "Unfortunately, AnTuTu Benchmark has stopped.", "mask": 1, "childOrSibling": []}], "jsonrpc": "2.0", "method": "exist", "id": "c71adc672c72ed66dcc50b5763e14452"}=, NanoHttpd.QUERY_STRING={"params": [{"childOrSiblingSelector": [], "text": "Unfortunately, AnTuTu Benchmark has stopped.", "mask": 1, "childOrSibling": []}], "jsonrpc": "2.0", "method": "exist", "id": "c71adc672c72ed66dcc50b5763e14452"}}, files: {}
04-23 11:39:09.370 D/dalvikvm( 2789): GC_CONCURRENT freed 528K, 73% free 1406K/5084K, paused 2ms+2ms, total 15ms
04-23 11:39:09.540 D/UIAutomatorStub( 2789): URI: /jsonrpc/0, Method: POST, Header: {content-type=application/json, connection=close, remote-addr=127.0.0.1, host=localhost:9008, content-length=172, http-client-ip=127.0.0.1, user-agent=Python-urllib/2.7, accept-encoding=identity}, params, {{"params": [{"childOrSiblingSelector": [], "text": "Show", "mask": 1, "childOrSibling": []}], "jsonrpc": "2.0", "method": "exist", "id": "386973e8d5bcb7911b1ad1ccdffd4454"}=, NanoHttpd.QUERY_STRING={"params": [{"childOrSiblingSelector": [], "text": "Show", "mask": 1, "childOrSibling": []}], "jsonrpc": "2.0", "method": "exist", "id": "386973e8d5bcb7911b1ad1ccdffd4454"}}, files: {}
04-23 11:39:09.550 D/dalvikvm( 2789): GC_CONCURRENT freed 399K, 73% free 1413K/5084K, paused 0ms+1ms, total 11ms
04-23 11:39:11.720 D/UIAutomatorStub( 2789): URI: /jsonrpc/0, Method: POST, Header: {content-type=application/json, connection=close, remote-addr=127.0.0.1, host=localhost:9008, content-length=212, http-client-ip=127.0.0.1, user-agent=Python-urllib/2.7, accept-encoding=identity}, params, {NanoHttpd.QUERY_STRING={"params": [{"childOrSiblingSelector": [], "text": "Unfortunately, AnTuTu Benchmark has stopped.", "mask": 1, "childOrSibling": []}], "jsonrpc": "2.0", "method": "exist", "id": "0a38b23722ca9b73fa199305db724cc6"}, {"params": [{"childOrSiblingSelector": [], "text": "Unfortunately, AnTuTu Benchmark has stopped.", "mask": 1, "childOrSibling": []}], "jsonrpc": "2.0", "method": "exist", "id": "0a38b23722ca9b73fa199305db724cc6"}=}, files: {}
04-23 11:39:11.730 D/dalvikvm( 2789): GC_CONCURRENT freed 408K, 73% free 1414K/5084K, paused 2ms+1ms, total 15ms
04-23 11:39:11.770 D/dalvikvm(12011): GC_CONCURRENT freed 2372K, 25% free 7586K/9992K, paused 3ms+5ms, total 36ms
04-23 11:39:11.930 D/UIAutomatorStub( 2789): URI: /jsonrpc/0, Method: POST, Header: {content-type=application/json, connection=close, remote-addr=127.0.0.1, host=localhost:9008, content-length=172, http-client-ip=127.0.0.1, user-agent=Python-urllib/2.7, accept-encoding=identity}, params, {{"params": [{"childOrSiblingSelector": [], "text": "Show", "mask": 1, "childOrSibling": []}], "jsonrpc": "2.0", "method": "exist", "id": "78360e133b65985815872888536cc1b4"}=, NanoHttpd.QUERY_STRING={"params": [{"childOrSiblingSelector": [], "text": "Show", "mask": 1, "childOrSibling": []}], "jsonrpc": "2.0", "method": "exist", "id": "78360e133b65985815872888536cc1b4"}}, files: {}
04-23 11:39:11.940 D/dalvikvm( 2789): GC_CONCURRENT freed 407K, 73% free 1414K/5084K, paused 2ms+1ms, total 14ms
04-23 11:39:14.110 D/UIAutomatorStub( 2789): URI: /jsonrpc/0, Method: POST, Header: {content-type=application/json, connection=close, remote-addr=127.0.0.1, host=localhost:9008, content-length=212, http-client-ip=127.0.0.1, user-agent=Python-urllib/2.7, accept-encoding=identity}, params, {{"params": [{"childOrSiblingSelector": [], "text": "Unfortunately, AnTuTu Benchmark has stopped.", "mask": 1, "childOrSibling": []}], "jsonrpc": "2.0", "method": "exist", "id": "55c21a4d2fd9832958e7f744d19fedf9"}=, NanoHttpd.QUERY_STRING={"params": [{"childOrSiblingSelector": [], "text": "Unfortunately, AnTuTu Benchmark has stopped.", "mask": 1, "childOrSibling": []}], "jsonrpc": "2.0", "method": "exist", "id": "55c21a4d2fd9832958e7f744d19fedf9"}}, files: {}
04-23 11:39:14.120 D/dalvikvm( 2789): GC_CONCURRENT freed 408K, 73% free 1414K/5084K, paused 2ms+1ms, total 14ms
04-23 11:39:14.290 D/UIAutomatorStub( 2789): URI: /jsonrpc/0, Method: POST, Header: {content-type=application/json, connection=close, remote-addr=127.0.0.1, host=localhost:9008, content-length=172, http-client-ip=127.0.0.1, user-agent=Python-urllib/2.7, accept-encoding=identity}, params, {{"params": [{"childOrSiblingSelector": [], "text": "Show", "mask": 1, "childOrSibling": []}], "jsonrpc": "2.0", "method": "exist", "id": "9fde9707f220b4f03a2672e04a9991d0"}=, NanoHttpd.QUERY_STRING={"params": [{"childOrSiblingSelector": [], "text": "Show", "mask": 1, "childOrSibling": []}], "jsonrpc": "2.0", "method": "exist", "id": "9fde9707f220b4f03a2672e04a9991d0"}}, files: {}
04-23 11:39:14.300 D/dalvikvm( 2789): GC_CONCURRENT freed 407K, 73% free 1414K/5084K, paused 2ms+2ms, total 14ms
04-23 11:39:16.500 D/UIAutomatorStub( 2789): URI: /jsonrpc/0, Method: POST, Header: {content-type=application/json, connection=close, remote-addr=127.0.0.1, host=localhost:9008, content-length=212, http-client-ip=127.0.0.1, user-agent=Python-urllib/2.7, accept-encoding=identity}, params, {{"params": [{"childOrSiblingSelector": [], "text": "Unfortunately, AnTuTu Benchmark has stopped.", "mask": 1, "childOrSibling": []}], "jsonrpc": "2.0", "method": "exist", "id": "6152cf286a8aa137c200ddcbe38aace4"}=, NanoHttpd.QUERY_STRING={"params": [{"childOrSiblingSelector": [], "text": "Unfortunately, AnTuTu Benchmark has stopped.", "mask": 1, "childOrSibling": []}], "jsonrpc": "2.0", "method": "exist", "id": "6152cf286a8aa137c200ddcbe38aace4"}}, files: {}
04-23 11:39:16.520 D/dalvikvm( 2789): GC_CONCURRENT freed 408K, 73% free 1415K/5084K, paused 2ms+2ms, total 16ms
04-23 11:39:16.660 D/UIAutomatorStub( 2789): URI: /jsonrpc/0, Method: POST, Header: {content-type=application/json, connection=close, remote-addr=127.0.0.1, host=localhost:9008, content-length=172, http-client-ip=127.0.0.1, user-agent=Python-urllib/2.7, accept-encoding=identity}, params, {NanoHttpd.QUERY_STRING={"params": [{"childOrSiblingSelector": [], "text": "Show", "mask": 1, "childOrSibling": []}], "jsonrpc": "2.0", "method": "exist", "id": "6f61de14754cfe25ba090c8bd0ccc747"}, {"params": [{"childOrSiblingSelector": [], "text": "Show", "mask": 1, "childOrSibling": []}], "jsonrpc": "2.0", "method": "exist", "id": "6f61de14754cfe25ba090c8bd0ccc747"}=}, files: {}
04-23 11:39:16.680 D/dalvikvm( 2789): GC_CONCURRENT freed 407K, 73% free 1415K/5084K, paused 2ms+1ms, total 14ms
04-23 11:39:18.840 D/UIAutomatorStub( 2789): URI: /jsonrpc/0, Method: POST, Header: {content-type=application/json, connection=close, remote-addr=127.0.0.1, host=localhost:9008, content-length=212, http-client-ip=127.0.0.1, user-agent=Python-urllib/2.7, accept-encoding=identity}, params, {{"params": [{"childOrSiblingSelector": [], "text": "Unfortunately, AnTuTu Benchmark has stopped.", "mask": 1, "childOrSibling": []}], "jsonrpc": "2.0", "method": "exist", "id": "6e077adb7ca6da37fd9e023a32225d0e"}=, NanoHttpd.QUERY_STRING={"params": [{"childOrSiblingSelector": [], "text": "Unfortunately, AnTuTu Benchmark has stopped.", "mask": 1, "childOrSibling": []}], "jsonrpc": "2.0", "method": "exist", "id": "6e077adb7ca6da37fd9e023a32225d0e"}}, files: {}
04-23 11:39:18.850 D/dalvikvm( 2789): GC_CONCURRENT freed 408K, 73% free 1415K/5084K, paused 2ms+1ms, total 14ms
04-23 11:39:19.000 D/UIAutomatorStub( 2789): URI: /jsonrpc/0, Method: POST, Header: {content-type=application/json, connection=close, remote-addr=127.0.0.1, host=localhost:9008, content-length=128, http-client-ip=127.0.0.1, user-agent=Python-urllib/2.7, accept-encoding=identity}, params, {NanoHttpd.QUERY_STRING={"params": ["screenshot.png", 1.0, 100], "jsonrpc": "2.0", "method": "takeScreenshot", "id": "3bd5e293ae83e93a7d06e9f908c94803"}, {"params": ["screenshot.png", 1.0, 100], "jsonrpc": "2.0", "method": "takeScreenshot", "id": "3bd5e293ae83e93a7d06e9f908c94803"}=}, files: {}
04-23 11:39:19.000 D/gralloc (  110): ==USE CPU CACHE OP LLL usage = 0x333==
04-23 11:39:19.000 D/gralloc (  110): ION_HEAP_SYSTEM_MASK alloc
04-23 11:39:19.010 D/dalvikvm( 2789): GC_CONCURRENT freed 406K, 73% free 1414K/5084K, paused 2ms+3ms, total 17ms
04-23 11:39:20.880 D/UIAutomatorStub( 2789): URI: /jsonrpc/0, Method: POST, Header: {content-type=application/json, connection=close, remote-addr=127.0.0.1, host=localhost:9008, content-length=80, http-client-ip=127.0.0.1, user-agent=Python-urllib/2.7, accept-encoding=identity}, params, {{"jsonrpc": "2.0", "method": "wakeUp", "id": "db6c1201ab10e989c46146106e0ac5d0"}=, NanoHttpd.QUERY_STRING={"jsonrpc": "2.0", "method": "wakeUp", "id": "db6c1201ab10e989c46146106e0ac5d0"}}, files: {}
04-23 11:39:20.890 D/UIAutomatorStub( 2789): URI: /jsonrpc/0, Method: POST, Header: {content-type=application/json, connection=close, remote-addr=127.0.0.1, host=localhost:9008, content-length=102, http-client-ip=127.0.0.1, user-agent=Python-urllib/2.7, accept-encoding=identity}, params, {NanoHttpd.QUERY_STRING={"params": ["home"], "jsonrpc": "2.0", "method": "pressKey", "id": "5ff196c9f4ed4aa8c80544db52851f72"}, {"params": ["home"], "jsonrpc": "2.0", "method": "pressKey", "id": "5ff196c9f4ed4aa8c80544db52851f72"}=}, files: {}
04-23 11:39:20.900 D/gralloc (  110): ==USE CPU CACHE OP LLL usage = 0x333==
04-23 11:39:20.900 D/gralloc (  110): ION_HEAP_SYSTEM_MASK alloc
04-23 11:39:20.900 I/ActivityManager(  431): START u0 {act=android.intent.action.MAIN cat=[android.intent.category.HOME] flg=0x10200000 cmp=com.android.launcher/com.android.launcher2.Launcher} from pid 431
04-23 11:39:20.930 I/ActivityManager(  431): Start proc com.android.launcher for activity com.android.launcher/com.android.launcher2.Launcher: pid=12404 uid=10011 gids={50011}
04-23 11:39:20.970 I/qtaguid (  431): Failed write_ctrl(s 1 10011) res=-1 errno=1
04-23 11:39:20.970 W/NetworkManagementSocketTagger(  431): setKernelCountSet(10011, 1) failed with errno -1
04-23 11:39:21.160 D/dalvikvm(12404): GC_CONCURRENT freed 179K, 5% free 4594K/4808K, paused 2ms+1ms, total 16ms
04-23 11:39:21.340 D/dalvikvm(12404): GC_CONCURRENT freed 136K, 4% free 4881K/5044K, paused 1ms+1ms, total 15ms
04-23 11:39:21.480 D/libEGL  (12404): loaded /system/lib/egl/libEGL_mali.so
04-23 11:39:21.490 D/libEGL  (12404): loaded /system/lib/egl/libGLESv1_CM_mali.so
04-23 11:39:21.500 D/libEGL  (12404): loaded /system/lib/egl/libGLESv2_mali.so
04-23 11:39:21.510 D/gralloc (  110): ION_HEAP_CARVEOUT_MASK alloc
04-23 11:39:21.530 D/gralloc (  110): ION_HEAP_CARVEOUT_MASK alloc
04-23 11:39:21.530 D/dalvikvm(12404): GC_CONCURRENT freed 232K, 6% free 5077K/5356K, paused 3ms+4ms, total 28ms
04-23 11:39:21.540 D/OpenGLRenderer(12404): Enabling debug mode 0
04-23 11:39:21.620 D/dalvikvm(12404): GC_CONCURRENT freed 226K, 7% free 5256K/5612K, paused 2ms+2ms, total 18ms
04-23 11:39:21.630 I/ActivityManager(  431): Displayed com.android.launcher/com.android.launcher2.Launcher: +709ms
04-23 11:39:21.670 D/UIAutomatorStub( 2789): URI: /jsonrpc/0, Method: POST, Header: {content-type=application/json, connection=close, remote-addr=127.0.0.1, host=localhost:9008, content-length=180, http-client-ip=127.0.0.1, user-agent=Python-urllib/2.7, accept-encoding=identity}, params, {{"params": [{"childOrSiblingSelector": [], "mask": 64, "description": "Apps", "childOrSibling": []}], "jsonrpc": "2.0", "method": "click", "id": "51425beb6cbd758a5d9e355757d3cc15"}=, NanoHttpd.QUERY_STRING={"params": [{"childOrSiblingSelector": [], "mask": 64, "description": "Apps", "childOrSibling": []}], "jsonrpc": "2.0", "method": "click", "id": "51425beb6cbd758a5d9e355757d3cc15"}}, files: {}
04-23 11:39:21.690 D/dalvikvm( 2789): GC_CONCURRENT freed 450K, 73% free 1387K/5084K, paused 1ms+2ms, total 29ms
04-23 11:39:21.740 D/gralloc (  110): ION_HEAP_CARVEOUT_MASK alloc
04-23 11:39:21.840 D/dalvikvm(12404): GC_CONCURRENT freed 246K, 7% free 5417K/5780K, paused 2ms+2ms, total 25ms
04-23 11:39:21.840 D/dalvikvm(12404): WAIT_FOR_CONCURRENT_GC blocked 8ms
04-23 11:39:21.990 D/dalvikvm(12404): GC_CONCURRENT freed 215K, 6% free 5603K/5948K, paused 1ms+2ms, total 24ms
04-23 11:39:21.990 D/dalvikvm(12404): WAIT_FOR_CONCURRENT_GC blocked 16ms
04-23 11:39:22.080 I/qtaguid (  431): Failed write_ctrl(s 0 10076) res=-1 errno=1
04-23 11:39:22.080 W/NetworkManagementSocketTagger(  431): setKernelCountSet(10076, 0) failed with errno -1
04-23 11:39:22.110 D/gralloc (  110): ION_HEAP_CARVEOUT_MASK alloc
04-23 11:39:22.230 D/dalvikvm(12404): GC_CONCURRENT freed 309K, 7% free 5739K/6140K, paused 2ms+3ms, total 32ms
04-23 11:39:22.240 D/dalvikvm(12404): WAIT_FOR_CONCURRENT_GC blocked 25ms
04-23 11:39:22.390 I/ActivityManager(  431): Start proc com.android.deskclock for service com.android.deskclock/com.android.alarmclock.DigitalAppWidgetService: pid=12429 uid=10028 gids={50028, 1028}
04-23 11:39:23.110 W/ResourceType(12404): No known package when getting name for resource number 0x9b010100
04-23 11:39:23.110 W/ResourceType(12404): No known package when getting name for resource number 0x9b020200
04-23 11:39:23.120 W/ResourceType(12404): No known package when getting name for resource number 0x9b030300
04-23 11:39:23.120 W/ResourceType(12404): No known package when getting name for resource number 0x9b050500
04-23 11:39:23.130 W/ResourceType(12404): No known package when getting name for resource number 0x9b060600
04-23 11:39:23.130 W/ResourceType(12404): No known package when getting name for resource number 0x9b070700
04-23 11:39:23.140 W/ResourceType(12404): No known package when getting name for resource number 0x9c020000
04-23 11:39:23.140 W/ResourceType(12404): No known package when getting name for resource number 0x9c020100
04-23 11:39:23.140 W/ResourceType(12404): No known package when getting name for resource number 0x9c010100
04-23 11:39:23.140 W/ResourceType(12404): No known package when getting name for resource number 0x9c010503
04-23 11:39:23.190 I/QueryController( 2789): Matched selector: UiSelector[DESCRIPTION=Apps] <<==>> [android.view.accessibility.AccessibilityNodeInfo@a98d; boundsInParent: Rect(524257, 0 - 524327, 70); boundsInScreen: Rect(356, 900 - 412, 956); packageName: com.android.launcher; className: android.widget.TextView; text: null; contentDescription: Apps; viewIdResName: null; checkable: false; checked: false; focusable: true; focused: false; selected: false; clickable: true; longClickable: false; enabled: true; password: false; scrollable: false; [ACTION_FOCUS, ACTION_SELECT, ACTION_CLEAR_SELECTION, ACTION_CLICK, ACTION_ACCESSIBILITY_FOCUS]]
04-23 11:39:23.210 D/dalvikvm(12404): GC_CONCURRENT freed 357K, 7% free 5774K/6164K, paused 2ms+15ms, total 50ms
04-23 11:39:23.230 W/ResourceType(12404): No known package when getting name for resource number 0x9b020200
04-23 11:39:23.230 W/ResourceType(12404): No known package when getting name for resource number 0x9b030300
04-23 11:39:23.240 W/ResourceType(12404): No known package when getting name for resource number 0x9b050500
04-23 11:39:23.250 D/InteractionController( 2789): clickAndSync(384, 928)
04-23 11:39:23.260 W/ResourceType(12404): No known package when getting name for resource number 0x9b060600
04-23 11:39:23.290 W/ResourceType(12404): No known package when getting name for resource number 0x9b070700
04-23 11:39:23.290 W/ResourceType(12404): No known package when getting name for resource number 0x9c020000
04-23 11:39:23.290 W/ResourceType(12404): No known package when getting name for resource number 0x9c020100
04-23 11:39:23.300 W/ResourceType(12404): No known package when getting name for resource number 0x9c010503
04-23 11:39:23.380 V/audio_hw_primary(  113): start_output_stream, line: 732
04-23 11:39:23.380 V/codec_audio_pad(  113): in normal mode, headset or speaker on,****LINE:112,FUNC:set_normal_path
04-23 11:39:23.390 D/UIAutomatorStub( 2789): URI: /jsonrpc/0, Method: POST, Header: {content-type=application/json, connection=close, remote-addr=127.0.0.1, host=localhost:9008, content-length=191, http-client-ip=127.0.0.1, user-agent=Python-urllib/2.7, accept-encoding=identity}, params, {NanoHttpd.QUERY_STRING={"params": [{"childOrSiblingSelector": [], "text": "Basemark ES2 Taiji Free", "mask": 1, "childOrSibling": []}], "jsonrpc": "2.0", "method": "click", "id": "b54af75d81600e7abe9056c3617b39d1"}, {"params": [{"childOrSiblingSelector": [], "text": "Basemark ES2 Taiji Free", "mask": 1, "childOrSibling": []}], "jsonrpc": "2.0", "method": "click", "id": "b54af75d81600e7abe9056c3617b39d1"}=}, files: {}
04-23 11:39:23.530 V/audio_hw_primary(  113): normal mode , speaker,****LINE:657,FUNC:select_output_device
04-23 11:39:23.530 V/audio_hw_primary(  113): start_output_stream: card:0, port:0, rate:44100
04-23 11:39:23.530 D/alsa_pcm(  113): pcm_open:,sparams.stop_threshold:1540, config->stop_threshold:0
04-23 11:39:23.530 V/audio_hw_primary(  113): do not use out resampler
04-23 11:39:24.150 D/dalvikvm(12404): GC_CONCURRENT freed 193K, 4% free 5987K/6212K, paused 3ms+3ms, total 26ms
04-23 11:39:24.410 D/dalvikvm(12404): GC_CONCURRENT freed 163K, 4% free 6360K/6560K, paused 3ms+3ms, total 24ms
04-23 11:39:24.470 D/dalvikvm(12404): GC_FOR_ALLOC freed 76K, 4% free 6789K/7020K, paused 17ms, total 17ms
04-23 11:39:24.600 D/dalvikvm(12404): GC_FOR_ALLOC freed 84K, 3% free 7339K/7560K, paused 21ms, total 22ms
04-23 11:39:24.690 D/dalvikvm(12404): GC_CONCURRENT freed 83K, 3% free 8152K/8352K, paused 3ms+4ms, total 35ms
04-23 11:39:24.690 D/dalvikvm(12404): WAIT_FOR_CONCURRENT_GC blocked 29ms
04-23 11:39:24.690 D/dalvikvm(12404): WAIT_FOR_CONCURRENT_GC blocked 18ms
04-23 11:39:24.730 I/QueryController( 2789): Matched selector: UiSelector[TEXT=Basemark ES2 Taiji Free] <<==>> [android.view.accessibility.AccessibilityNodeInfo@18347; boundsInParent: Rect(524240, 0 - 524336, 96); boundsInScreen: Rect(336, 118 - 432, 214); packageName: com.android.launcher; className: android.widget.TextView; text: Basemark ES2 Taiji Free; contentDescription: null; viewIdResName: null; checkable: false; checked: false; focusable: true; focused: false; selected: false; clickable: true; longClickable: true; enabled: true; password: false; scrollable: false; [ACTION_FOCUS, ACTION_SELECT, ACTION_CLEAR_SELECTION, ACTION_CLICK, ACTION_LONG_CLICK, ACTION_ACCESSIBILITY_FOCUS, ACTION_NEXT_AT_MOVEMENT_GRANULARITY, ACTION_PREVIOUS_AT_MOVEMENT_GRANULARITY, ACTION_SET_SELECTION]]
04-23 11:39:24.740 D/dalvikvm( 2789): GC_CONCURRENT freed 387K, 72% free 1426K/5084K, paused 3ms+2ms, total 22ms
04-23 11:39:24.800 D/InteractionController( 2789): clickAndSync(384, 166)
04-23 11:39:24.970 I/ActivityManager(  431): START u0 {act=android.intent.action.MAIN cat=[android.intent.category.LAUNCHER] flg=0x10200000 cmp=com.rightware.tdmm2v10jnifree/.SplashView} from pid 12404
04-23 11:39:25.020 D/gralloc (  110): ==USE CPU CACHE OP LLL usage = 0x933==
04-23 11:39:25.030 D/gralloc (  110): ION_HEAP_SYSTEM_MASK alloc
04-23 11:39:25.050 I/ActivityManager(  431): Start proc com.rightware.tdmm2v10jnifree for activity com.rightware.tdmm2v10jnifree/.SplashView: pid=12450 uid=10077 gids={50077, 3003}
04-23 11:39:25.080 I/dalvikvm(12450): Enabling JNI app bug workarounds for target SDK version 8...
04-23 11:39:25.090 D/gralloc (  110): ==USE CPU CACHE OP LLL usage = 0xb33==
04-23 11:39:25.090 D/gralloc (  110): ION_HEAP_SYSTEM_MASK alloc
04-23 11:39:25.130 I/hwcomposer(  110): IMG_hwcdev_pipe_assign_status_t hwcdev_try_to_assign_pipe(SUNXI_hwcdev_context_t*, SUNXI_hwcdev_pipe_t*, hwc_layer_1_t*, int, int): We use not config memory
04-23 11:39:25.130 I/hwcomposer(  110): IMG_hwcdev_pipe_assign_status_t hwcdev_try_to_assign_pipe(SUNXI_hwcdev_context_t*, SUNXI_hwcdev_pipe_t*, hwc_layer_1_t*, int, int): We use not config memory
04-23 11:39:25.130 I/hwcomposer(  110): IMG_hwcdev_pipe_assign_status_t hwcdev_try_to_assign_pipe(SUNXI_hwcdev_context_t*, SUNXI_hwcdev_pipe_t*, hwc_layer_1_t*, int, int): We use not config memory
04-23 11:39:25.130 I/InputReader(  431): Reconfiguring input devices.  changes=0x00000004
04-23 11:39:25.130 I/InputReader(  431): Device reconfigured: id=1, name='gt82x', size 768x1024, orientation 1, mode 1, display id 0
04-23 11:39:25.130 I/Pointer (  431): Device Changed: Input Device 1: gt82x
04-23 11:39:25.130 I/Pointer (  431):   Descriptor: 9e6143a1bc5dd41251b165ed559e32d49b5aad8f
04-23 11:39:25.130 I/Pointer (  431):   Generation: 15
04-23 11:39:25.130 I/Pointer (  431):   Location: built-in
04-23 11:39:25.130 I/Pointer (  431):   Keyboard Type: none
04-23 11:39:25.130 I/Pointer (  431):   Has Vibrator: false
04-23 11:39:25.130 I/Pointer (  431):   Sources: 0x1002 ( touchscreen )
04-23 11:39:25.130 I/Pointer (  431):     AXIS_X: source=0x1002 min=0.0 max=1023.0 flat=0.0 fuzz=0.0 resolution=0.0
04-23 11:39:25.130 I/Pointer (  431):     AXIS_Y: source=0x1002 min=0.0 max=767.0 flat=0.0 fuzz=0.0 resolution=0.0
04-23 11:39:25.130 I/Pointer (  431):     AXIS_PRESSURE: source=0x1002 min=0.0 max=1.0 flat=0.0 fuzz=0.0 resolution=0.0
04-23 11:39:25.130 I/Pointer (  431):     AXIS_SIZE: source=0x1002 min=0.0 max=1.0 flat=0.0 fuzz=0.0 resolution=0.0
04-23 11:39:25.130 I/Pointer (  431):     AXIS_TOUCH_MAJOR: source=0x1002 min=0.0 max=1280.0 flat=0.0 fuzz=0.0 resolution=0.0
04-23 11:39:25.130 I/Pointer (  431):     AXIS_TOUCH_MINOR: source=0x1002 min=0.0 max=1280.0 flat=0.0 fuzz=0.0 resolution=0.0
04-23 11:39:25.130 I/Pointer (  431):     AXIS_TOOL_MAJOR: source=0x1002 min=0.0 max=1280.0 flat=0.0 fuzz=0.0 resolution=0.0
04-23 11:39:25.130 I/Pointer (  431):     AXIS_TOOL_MINOR: source=0x1002 min=0.0 max=1280.0 flat=0.0 fuzz=0.0 resolution=0.0
04-23 11:39:25.130 I/ActivityManager(  431): Config changes=480 {1.0 ?mcc?mnc en_US ldltr sw768dp w1024dp h695dp 160dpi xlrg land finger -keyb/v/h -nav/h s.8}
04-23 11:39:25.170 I/hwcomposer(  110): IMG_hwcdev_pipe_assign_status_t hwcdev_try_to_assign_pipe(SUNXI_hwcdev_context_t*, SUNXI_hwcdev_pipe_t*, hwc_layer_1_t*, int, int): We use not config memory
04-23 11:39:25.170 I/hwcomposer(  110): IMG_hwcdev_pipe_assign_status_t hwcdev_try_to_assign_pipe(SUNXI_hwcdev_context_t*, SUNXI_hwcdev_pipe_t*, hwc_layer_1_t*, int, int): We use not config memory
04-23 11:39:25.170 I/hwcomposer(  110): IMG_hwcdev_pipe_assign_status_t hwcdev_try_to_assign_pipe(SUNXI_hwcdev_context_t*, SUNXI_hwcdev_pipe_t*, hwc_layer_1_t*, int, int): We use not config memory
04-23 11:39:25.190 D/PhoneStatusBar(  491): mSettingsPanelGravity = 8388661
04-23 11:39:25.220 I/hwcomposer(  110): IMG_hwcdev_pipe_assign_status_t hwcdev_try_to_assign_pipe(SUNXI_hwcdev_context_t*, SUNXI_hwcdev_pipe_t*, hwc_layer_1_t*, int, int): We use not config memory
04-23 11:39:25.220 I/hwcomposer(  110): IMG_hwcdev_pipe_assign_status_t hwcdev_try_to_assign_pipe(SUNXI_hwcdev_context_t*, SUNXI_hwcdev_pipe_t*, hwc_layer_1_t*, int, int): We use not config memory
04-23 11:39:25.220 I/hwcomposer(  110): IMG_hwcdev_pipe_assign_status_t hwcdev_try_to_assign_pipe(SUNXI_hwcdev_context_t*, SUNXI_hwcdev_pipe_t*, hwc_layer_1_t*, int, int): We use not config memory
04-23 11:39:25.240 I/hwcomposer(  110): IMG_hwcdev_pipe_assign_status_t hwcdev_try_to_assign_pipe(SUNXI_hwcdev_context_t*, SUNXI_hwcdev_pipe_t*, hwc_layer_1_t*, int, int): We use not config memory
04-23 11:39:25.240 I/hwcomposer(  110): IMG_hwcdev_pipe_assign_status_t hwcdev_try_to_assign_pipe(SUNXI_hwcdev_context_t*, SUNXI_hwcdev_pipe_t*, hwc_layer_1_t*, int, int): We use not config memory
04-23 11:39:25.240 I/hwcomposer(  110): IMG_hwcdev_pipe_assign_status_t hwcdev_try_to_assign_pipe(SUNXI_hwcdev_context_t*, SUNXI_hwcdev_pipe_t*, hwc_layer_1_t*, int, int): We use not config memory
04-23 11:39:25.240 D/gralloc (  110): ION_HEAP_CARVEOUT_MASK alloc
04-23 11:39:25.250 D/gralloc (  110): ION_HEAP_CARVEOUT_MASK alloc
04-23 11:39:25.270 I/hwcomposer(  110): IMG_hwcdev_pipe_assign_status_t hwcdev_try_to_assign_pipe(SUNXI_hwcdev_context_t*, SUNXI_hwcdev_pipe_t*, hwc_layer_1_t*, int, int): We use not config memory
04-23 11:39:25.270 I/hwcomposer(  110): IMG_hwcdev_pipe_assign_status_t hwcdev_try_to_assign_pipe(SUNXI_hwcdev_context_t*, SUNXI_hwcdev_pipe_t*, hwc_layer_1_t*, int, int): We use not config memory
04-23 11:39:25.270 I/hwcomposer(  110): IMG_hwcdev_pipe_assign_status_t hwcdev_try_to_assign_pipe(SUNXI_hwcdev_context_t*, SUNXI_hwcdev_pipe_t*, hwc_layer_1_t*, int, int): We use not config memory
04-23 11:39:25.280 I/qtaguid (  431): Failed write_ctrl(s 1 10077) res=-1 errno=1
04-23 11:39:25.280 W/NetworkManagementSocketTagger(  431): setKernelCountSet(10077, 1) failed with errno -1
04-23 11:39:25.290 I/hwcomposer(  110): IMG_hwcdev_pipe_assign_status_t hwcdev_try_to_assign_pipe(SUNXI_hwcdev_context_t*, SUNXI_hwcdev_pipe_t*, hwc_layer_1_t*, int, int): We use not config memory
04-23 11:39:25.290 I/hwcomposer(  110): IMG_hwcdev_pipe_assign_status_t hwcdev_try_to_assign_pipe(SUNXI_hwcdev_context_t*, SUNXI_hwcdev_pipe_t*, hwc_layer_1_t*, int, int): We use not config memory
04-23 11:39:25.290 I/hwcomposer(  110): IMG_hwcdev_pipe_assign_status_t hwcdev_try_to_assign_pipe(SUNXI_hwcdev_context_t*, SUNXI_hwcdev_pipe_t*, hwc_layer_1_t*, int, int): We use not config memory
04-23 11:39:25.340 I/hwcomposer(  110): IMG_hwcdev_pipe_assign_status_t hwcdev_try_to_assign_pipe(SUNXI_hwcdev_context_t*, SUNXI_hwcdev_pipe_t*, hwc_layer_1_t*, int, int): We use not config memory
04-23 11:39:25.340 I/hwcomposer(  110): IMG_hwcdev_pipe_assign_status_t hwcdev_try_to_assign_pipe(SUNXI_hwcdev_context_t*, SUNXI_hwcdev_pipe_t*, hwc_layer_1_t*, int, int): We use not config memory
04-23 11:39:25.340 I/hwcomposer(  110): IMG_hwcdev_pipe_assign_status_t hwcdev_try_to_assign_pipe(SUNXI_hwcdev_context_t*, SUNXI_hwcdev_pipe_t*, hwc_layer_1_t*, int, int): We use not config memory
04-23 11:39:25.390 I/hwcomposer(  110): IMG_hwcdev_pipe_assign_status_t hwcdev_try_to_assign_pipe(SUNXI_hwcdev_context_t*, SUNXI_hwcdev_pipe_t*, hwc_layer_1_t*, int, int): We use not config memory
04-23 11:39:25.390 I/hwcomposer(  110): IMG_hwcdev_pipe_assign_status_t hwcdev_try_to_assign_pipe(SUNXI_hwcdev_context_t*, SUNXI_hwcdev_pipe_t*, hwc_layer_1_t*, int, int): We use not config memory
04-23 11:39:25.390 I/hwcomposer(  110): IMG_hwcdev_pipe_assign_status_t hwcdev_try_to_assign_pipe(SUNXI_hwcdev_context_t*, SUNXI_hwcdev_pipe_t*, hwc_layer_1_t*, int, int): We use not config memory
04-23 11:39:25.390 D/dalvikvm(12450): GC_FOR_ALLOC freed 49K, 2% free 4398K/4480K, paused 17ms, total 17ms
04-23 11:39:25.390 I/dalvikvm-heap(12450): Grow heap (frag case) to 4.899MB for 601616-byte allocation
04-23 11:39:25.410 I/hwcomposer(  110): IMG_hwcdev_pipe_assign_status_t hwcdev_try_to_assign_pipe(SUNXI_hwcdev_context_t*, SUNXI_hwcdev_pipe_t*, hwc_layer_1_t*, int, int): We use not config memory
04-23 11:39:25.410 I/hwcomposer(  110): IMG_hwcdev_pipe_assign_status_t hwcdev_try_to_assign_pipe(SUNXI_hwcdev_context_t*, SUNXI_hwcdev_pipe_t*, hwc_layer_1_t*, int, int): We use not config memory
04-23 11:39:25.410 I/hwcomposer(  110): IMG_hwcdev_pipe_assign_status_t hwcdev_try_to_assign_pipe(SUNXI_hwcdev_context_t*, SUNXI_hwcdev_pipe_t*, hwc_layer_1_t*, int, int): We use not config memory
04-23 11:39:25.420 D/dalvikvm(12450): GC_FOR_ALLOC freed <1K, 2% free 4985K/5068K, paused 23ms, total 23ms
04-23 11:39:25.450 D/dalvikvm(12450): GC_CONCURRENT freed <1K, 2% free 4985K/5068K, paused 4ms+1ms, total 38ms
04-23 11:39:25.510 I/hwcomposer(  110): IMG_hwcdev_pipe_assign_status_t hwcdev_try_to_assign_pipe(SUNXI_hwcdev_context_t*, SUNXI_hwcdev_pipe_t*, hwc_layer_1_t*, int, int): We use not config memory
04-23 11:39:25.510 I/hwcomposer(  110): IMG_hwcdev_pipe_assign_status_t hwcdev_try_to_assign_pipe(SUNXI_hwcdev_context_t*, SUNXI_hwcdev_pipe_t*, hwc_layer_1_t*, int, int): We use not config memory
04-23 11:39:25.510 I/hwcomposer(  110): IMG_hwcdev_pipe_assign_status_t hwcdev_try_to_assign_pipe(SUNXI_hwcdev_context_t*, SUNXI_hwcdev_pipe_t*, hwc_layer_1_t*, int, int): We use not config memory
04-23 11:39:25.520 I/hwcomposer(  110): IMG_hwcdev_pipe_assign_status_t hwcdev_try_to_assign_pipe(SUNXI_hwcdev_context_t*, SUNXI_hwcdev_pipe_t*, hwc_layer_1_t*, int, int): We use not config memory
04-23 11:39:25.520 I/hwcomposer(  110): IMG_hwcdev_pipe_assign_status_t hwcdev_try_to_assign_pipe(SUNXI_hwcdev_context_t*, SUNXI_hwcdev_pipe_t*, hwc_layer_1_t*, int, int): We use not config memory
04-23 11:39:25.520 I/hwcomposer(  110): IMG_hwcdev_pipe_assign_status_t hwcdev_try_to_assign_pipe(SUNXI_hwcdev_context_t*, SUNXI_hwcdev_pipe_t*, hwc_layer_1_t*, int, int): We use not config memory
04-23 11:39:25.540 D/libEGL  (12450): loaded /system/lib/egl/libEGL_mali.so
04-23 11:39:25.540 D/libEGL  (12450): loaded /system/lib/egl/libGLESv1_CM_mali.so
04-23 11:39:25.550 D/libEGL  (12450): loaded /system/lib/egl/libGLESv2_mali.so
04-23 11:39:25.560 D/gralloc (  110): ION_HEAP_CARVEOUT_MASK alloc
04-23 11:39:25.570 D/gralloc (  110): ION_HEAP_CARVEOUT_MASK alloc
04-23 11:39:25.570 D/OpenGLRenderer(12450): Enabling debug mode 0
04-23 11:39:25.570 I/hwcomposer(  110): IMG_hwcdev_pipe_assign_status_t hwcdev_try_to_assign_pipe(SUNXI_hwcdev_context_t*, SUNXI_hwcdev_pipe_t*, hwc_layer_1_t*, int, int): We use not config memory
04-23 11:39:25.570 I/hwcomposer(  110): IMG_hwcdev_pipe_assign_status_t hwcdev_try_to_assign_pipe(SUNXI_hwcdev_context_t*, SUNXI_hwcdev_pipe_t*, hwc_layer_1_t*, int, int): We use not config memory
04-23 11:39:25.570 I/hwcomposer(  110): IMG_hwcdev_pipe_assign_status_t hwcdev_try_to_assign_pipe(SUNXI_hwcdev_context_t*, SUNXI_hwcdev_pipe_t*, hwc_layer_1_t*, int, int): We use not config memory
04-23 11:39:25.590 W/IInputConnectionWrapper(12404): showStatusIcon on inactive InputConnection
04-23 11:39:25.670 I/hwcomposer(  110): IMG_hwcdev_pipe_assign_status_t hwcdev_try_to_assign_pipe(SUNXI_hwcdev_context_t*, SUNXI_hwcdev_pipe_t*, hwc_layer_1_t*, int, int): We use not config memory
04-23 11:39:25.680 I/hwcomposer(  110): IMG_hwcdev_pipe_assign_status_t hwcdev_try_to_assign_pipe(SUNXI_hwcdev_context_t*, SUNXI_hwcdev_pipe_t*, hwc_layer_1_t*, int, int): We use not config memory
04-23 11:39:25.680 I/hwcomposer(  110): IMG_hwcdev_pipe_assign_status_t hwcdev_try_to_assign_pipe(SUNXI_hwcdev_context_t*, SUNXI_hwcdev_pipe_t*, hwc_layer_1_t*, int, int): We use not config memory
04-23 11:39:25.690 I/hwcomposer(  110): IMG_hwcdev_pipe_assign_status_t hwcdev_try_to_assign_pipe(SUNXI_hwcdev_context_t*, SUNXI_hwcdev_pipe_t*, hwc_layer_1_t*, int, int): We use not config memory
04-23 11:39:25.690 I/hwcomposer(  110): IMG_hwcdev_pipe_assign_status_t hwcdev_try_to_assign_pipe(SUNXI_hwcdev_context_t*, SUNXI_hwcdev_pipe_t*, hwc_layer_1_t*, int, int): We use not config memory
04-23 11:39:25.710 I/ActivityManager(  431): Displayed com.rightware.tdmm2v10jnifree/.SplashView: +659ms
04-23 11:39:25.720 D/gralloc (  110): ION_HEAP_CARVEOUT_MASK alloc
04-23 11:39:25.740 I/hwcomposer(  110): IMG_hwcdev_pipe_assign_status_t hwcdev_try_to_assign_pipe(SUNXI_hwcdev_context_t*, SUNXI_hwcdev_pipe_t*, hwc_layer_1_t*, int, int): We use not config memory
04-23 11:39:25.740 I/hwcomposer(  110): IMG_hwcdev_pipe_assign_status_t hwcdev_try_to_assign_pipe(SUNXI_hwcdev_context_t*, SUNXI_hwcdev_pipe_t*, hwc_layer_1_t*, int, int): We use not config memory
04-23 11:39:25.760 I/hwcomposer(  110): IMG_hwcdev_pipe_assign_status_t hwcdev_try_to_assign_pipe(SUNXI_hwcdev_context_t*, SUNXI_hwcdev_pipe_t*, hwc_layer_1_t*, int, int): We use not config memory
04-23 11:39:25.760 I/hwcomposer(  110): IMG_hwcdev_pipe_assign_status_t hwcdev_try_to_assign_pipe(SUNXI_hwcdev_context_t*, SUNXI_hwcdev_pipe_t*, hwc_layer_1_t*, int, int): We use not config memory
04-23 11:39:25.760 I/hwcomposer(  110): IMG_hwcdev_pipe_assign_status_t hwcdev_try_to_assign_pipe(SUNXI_hwcdev_context_t*, SUNXI_hwcdev_pipe_t*, hwc_layer_1_t*, int, int): We use not config memory
04-23 11:39:25.760 D/gralloc (  110): ION_HEAP_CARVEOUT_MASK alloc
04-23 11:39:25.770 I/hwcomposer(  110): IMG_hwcdev_pipe_assign_status_t hwcdev_try_to_assign_pipe(SUNXI_hwcdev_context_t*, SUNXI_hwcdev_pipe_t*, hwc_layer_1_t*, int, int): We use not config memory
04-23 11:39:25.770 I/hwcomposer(  110): IMG_hwcdev_pipe_assign_status_t hwcdev_try_to_assign_pipe(SUNXI_hwcdev_context_t*, SUNXI_hwcdev_pipe_t*, hwc_layer_1_t*, int, int): We use not config memory
04-23 11:39:25.790 I/hwcomposer(  110): IMG_hwcdev_pipe_assign_status_t hwcdev_try_to_assign_pipe(SUNXI_hwcdev_context_t*, SUNXI_hwcdev_pipe_t*, hwc_layer_1_t*, int, int): We use not config memory
04-23 11:39:25.790 I/hwcomposer(  110): IMG_hwcdev_pipe_assign_status_t hwcdev_try_to_assign_pipe(SUNXI_hwcdev_context_t*, SUNXI_hwcdev_pipe_t*, hwc_layer_1_t*, int, int): We use not config memory
04-23 11:39:25.810 I/hwcomposer(  110): IMG_hwcdev_pipe_assign_status_t hwcdev_try_to_assign_pipe(SUNXI_hwcdev_context_t*, SUNXI_hwcdev_pipe_t*, hwc_layer_1_t*, int, int): We use not config memory
04-23 11:39:25.810 I/hwcomposer(  110): IMG_hwcdev_pipe_assign_status_t hwcdev_try_to_assign_pipe(SUNXI_hwcdev_context_t*, SUNXI_hwcdev_pipe_t*, hwc_layer_1_t*, int, int): We use not config memory
04-23 11:39:25.820 I/hwcomposer(  110): IMG_hwcdev_pipe_assign_status_t hwcdev_try_to_assign_pipe(SUNXI_hwcdev_context_t*, SUNXI_hwcdev_pipe_t*, hwc_layer_1_t*, int, int): We use not config memory
04-23 11:39:25.820 I/hwcomposer(  110): IMG_hwcdev_pipe_assign_status_t hwcdev_try_to_assign_pipe(SUNXI_hwcdev_context_t*, SUNXI_hwcdev_pipe_t*, hwc_layer_1_t*, int, int): We use not config memory
04-23 11:39:25.840 I/hwcomposer(  110): IMG_hwcdev_pipe_assign_status_t hwcdev_try_to_assign_pipe(SUNXI_hwcdev_context_t*, SUNXI_hwcdev_pipe_t*, hwc_layer_1_t*, int, int): We use not config memory
04-23 11:39:25.840 I/hwcomposer(  110): IMG_hwcdev_pipe_assign_status_t hwcdev_try_to_assign_pipe(SUNXI_hwcdev_context_t*, SUNXI_hwcdev_pipe_t*, hwc_layer_1_t*, int, int): We use not config memory
04-23 11:39:25.860 I/hwcomposer(  110): IMG_hwcdev_pipe_assign_status_t hwcdev_try_to_assign_pipe(SUNXI_hwcdev_context_t*, SUNXI_hwcdev_pipe_t*, hwc_layer_1_t*, int, int): We use not config memory
04-23 11:39:25.860 I/hwcomposer(  110): IMG_hwcdev_pipe_assign_status_t hwcdev_try_to_assign_pipe(SUNXI_hwcdev_context_t*, SUNXI_hwcdev_pipe_t*, hwc_layer_1_t*, int, int): We use not config memory
04-23 11:39:25.870 I/hwcomposer(  110): IMG_hwcdev_pipe_assign_status_t hwcdev_try_to_assign_pipe(SUNXI_hwcdev_context_t*, SUNXI_hwcdev_pipe_t*, hwc_layer_1_t*, int, int): We use not config memory
04-23 11:39:25.870 I/hwcomposer(  110): IMG_hwcdev_pipe_assign_status_t hwcdev_try_to_assign_pipe(SUNXI_hwcdev_context_t*, SUNXI_hwcdev_pipe_t*, hwc_layer_1_t*, int, int): We use not config memory
04-23 11:39:25.890 I/hwcomposer(  110): IMG_hwcdev_pipe_assign_status_t hwcdev_try_to_assign_pipe(SUNXI_hwcdev_context_t*, SUNXI_hwcdev_pipe_t*, hwc_layer_1_t*, int, int): We use not config memory
04-23 11:39:25.890 I/hwcomposer(  110): IMG_hwcdev_pipe_assign_status_t hwcdev_try_to_assign_pipe(SUNXI_hwcdev_context_t*, SUNXI_hwcdev_pipe_t*, hwc_layer_1_t*, int, int): We use not config memory
04-23 11:39:25.920 I/hwcomposer(  110): IMG_hwcdev_pipe_assign_status_t hwcdev_try_to_assign_pipe(SUNXI_hwcdev_context_t*, SUNXI_hwcdev_pipe_t*, hwc_layer_1_t*, int, int): We use not config memory
04-23 11:39:25.920 I/hwcomposer(  110): IMG_hwcdev_pipe_assign_status_t hwcdev_try_to_assign_pipe(SUNXI_hwcdev_context_t*, SUNXI_hwcdev_pipe_t*, hwc_layer_1_t*, int, int): We use not config memory
04-23 11:39:25.940 I/hwcomposer(  110): IMG_hwcdev_pipe_assign_status_t hwcdev_try_to_assign_pipe(SUNXI_hwcdev_context_t*, SUNXI_hwcdev_pipe_t*, hwc_layer_1_t*, int, int): We use not config memory
04-23 11:39:25.940 I/hwcomposer(  110): IMG_hwcdev_pipe_assign_status_t hwcdev_try_to_assign_pipe(SUNXI_hwcdev_context_t*, SUNXI_hwcdev_pipe_t*, hwc_layer_1_t*, int, int): We use not config memory
04-23 11:39:25.960 I/hwcomposer(  110): IMG_hwcdev_pipe_assign_status_t hwcdev_try_to_assign_pipe(SUNXI_hwcdev_context_t*, SUNXI_hwcdev_pipe_t*, hwc_layer_1_t*, int, int): We use not config memory
04-23 11:39:25.960 I/hwcomposer(  110): IMG_hwcdev_pipe_assign_status_t hwcdev_try_to_assign_pipe(SUNXI_hwcdev_context_t*, SUNXI_hwcdev_pipe_t*, hwc_layer_1_t*, int, int): We use not config memory
04-23 11:39:25.970 I/hwcomposer(  110): IMG_hwcdev_pipe_assign_status_t hwcdev_try_to_assign_pipe(SUNXI_hwcdev_context_t*, SUNXI_hwcdev_pipe_t*, hwc_layer_1_t*, int, int): We use not config memory
04-23 11:39:25.970 I/hwcomposer(  110): IMG_hwcdev_pipe_assign_status_t hwcdev_try_to_assign_pipe(SUNXI_hwcdev_context_t*, SUNXI_hwcdev_pipe_t*, hwc_layer_1_t*, int, int): We use not config memory
04-23 11:39:25.990 I/hwcomposer(  110): IMG_hwcdev_pipe_assign_status_t hwcdev_try_to_assign_pipe(SUNXI_hwcdev_context_t*, SUNXI_hwcdev_pipe_t*, hwc_layer_1_t*, int, int): We use not config memory
04-23 11:39:25.990 I/hwcomposer(  110): IMG_hwcdev_pipe_assign_status_t hwcdev_try_to_assign_pipe(SUNXI_hwcdev_context_t*, SUNXI_hwcdev_pipe_t*, hwc_layer_1_t*, int, int): We use not config memory
04-23 11:39:26.010 I/hwcomposer(  110): IMG_hwcdev_pipe_assign_status_t hwcdev_try_to_assign_pipe(SUNXI_hwcdev_context_t*, SUNXI_hwcdev_pipe_t*, hwc_layer_1_t*, int, int): We use not config memory
