04-23 10:17:21.570 I/hwcomposer(  110): IMG_hwcdev_pipe_assign_status_t hwcdev_try_to_assign_pipe(SUNXI_hwcdev_context_t*, SUNXI_hwcdev_pipe_t*, hwc_layer_1_t*, int, int): We use not config memory
04-23 10:17:21.570 I/hwcomposer(  110): IMG_hwcdev_pipe_assign_status_t hwcdev_try_to_assign_pipe(SUNXI_hwcdev_context_t*, SUNXI_hwcdev_pipe_t*, hwc_layer_1_t*, int, int): We use not config memory
04-23 10:17:21.590 D/dalvikvm(  491): GC_FOR_ALLOC freed 0K, 5% free 22841K/23892K, paused 54ms, total 54ms
04-23 10:17:21.590 I/hwcomposer(  110): IMG_hwcdev_pipe_assign_status_t hwcdev_try_to_assign_pipe(SUNXI_hwcdev_context_t*, SUNXI_hwcdev_pipe_t*, hwc_layer_1_t*, int, int): We use not config memory
04-23 10:17:21.590 I/hwcomposer(  110): IMG_hwcdev_pipe_assign_status_t hwcdev_try_to_assign_pipe(SUNXI_hwcdev_context_t*, SUNXI_hwcdev_pipe_t*, hwc_layer_1_t*, int, int): We use not config memory
04-23 10:17:21.610 I/hwcomposer(  110): IMG_hwcdev_pipe_assign_status_t hwcdev_try_to_assign_pipe(SUNXI_hwcdev_context_t*, SUNXI_hwcdev_pipe_t*, hwc_layer_1_t*, int, int): We use not config memory
04-23 10:17:21.610 I/hwcomposer(  110): IMG_hwcdev_pipe_assign_status_t hwcdev_try_to_assign_pipe(SUNXI_hwcdev_context_t*, SUNXI_hwcdev_pipe_t*, hwc_layer_1_t*, int, int): We use not config memory
04-23 10:17:21.620 D/dalvikvm( 9087): GC_CONCURRENT freed 296K, 7% free 4496K/4828K, paused 3ms+2ms, total 61ms
04-23 10:17:21.620 I/hwcomposer(  110): IMG_hwcdev_pipe_assign_status_t hwcdev_try_to_assign_pipe(SUNXI_hwcdev_context_t*, SUNXI_hwcdev_pipe_t*, hwc_layer_1_t*, int, int): We use not config memory
04-23 10:17:21.620 I/hwcomposer(  110): IMG_hwcdev_pipe_assign_status_t hwcdev_try_to_assign_pipe(SUNXI_hwcdev_context_t*, SUNXI_hwcdev_pipe_t*, hwc_layer_1_t*, int, int): We use not config memory
04-23 10:17:21.640 I/hwcomposer(  110): IMG_hwcdev_pipe_assign_status_t hwcdev_try_to_assign_pipe(SUNXI_hwcdev_context_t*, SUNXI_hwcdev_pipe_t*, hwc_layer_1_t*, int, int): We use not config memory
04-23 10:17:21.640 I/hwcomposer(  110): IMG_hwcdev_pipe_assign_status_t hwcdev_try_to_assign_pipe(SUNXI_hwcdev_context_t*, SUNXI_hwcdev_pipe_t*, hwc_layer_1_t*, int, int): We use not config memory
04-23 10:17:21.660 I/hwcomposer(  110): IMG_hwcdev_pipe_assign_status_t hwcdev_try_to_assign_pipe(SUNXI_hwcdev_context_t*, SUNXI_hwcdev_pipe_t*, hwc_layer_1_t*, int, int): We use not config memory
04-23 10:17:21.660 I/hwcomposer(  110): IMG_hwcdev_pipe_assign_status_t hwcdev_try_to_assign_pipe(SUNXI_hwcdev_context_t*, SUNXI_hwcdev_pipe_t*, hwc_layer_1_t*, int, int): We use not config memory
04-23 10:17:21.660 I/hwcomposer(  110): IMG_hwcdev_pipe_assign_status_t hwcdev_try_to_assign_pipe(SUNXI_hwcdev_context_t*, SUNXI_hwcdev_pipe_t*, hwc_layer_1_t*, int, int): We use not config memory
04-23 10:17:21.670 I/hwcomposer(  110): IMG_hwcdev_pipe_assign_status_t hwcdev_try_to_assign_pipe(SUNXI_hwcdev_context_t*, SUNXI_hwcdev_pipe_t*, hwc_layer_1_t*, int, int): We use not config memory
04-23 10:17:21.670 I/hwcomposer(  110): IMG_hwcdev_pipe_assign_status_t hwcdev_try_to_assign_pipe(SUNXI_hwcdev_context_t*, SUNXI_hwcdev_pipe_t*, hwc_layer_1_t*, int, int): We use not config memory
04-23 10:17:21.670 I/hwcomposer(  110): IMG_hwcdev_pipe_assign_status_t hwcdev_try_to_assign_pipe(SUNXI_hwcdev_context_t*, SUNXI_hwcdev_pipe_t*, hwc_layer_1_t*, int, int): We use not config memory
04-23 10:17:21.690 I/hwcomposer(  110): IMG_hwcdev_pipe_assign_status_t hwcdev_try_to_assign_pipe(SUNXI_hwcdev_context_t*, SUNXI_hwcdev_pipe_t*, hwc_layer_1_t*, int, int): We use not config memory
04-23 10:17:21.690 I/hwcomposer(  110): IMG_hwcdev_pipe_assign_status_t hwcdev_try_to_assign_pipe(SUNXI_hwcdev_context_t*, SUNXI_hwcdev_pipe_t*, hwc_layer_1_t*, int, int): We use not config memory
04-23 10:17:21.700 D/dalvikvm(  491): GC_CONCURRENT freed 0K, 5% free 22842K/23892K, paused 25ms+13ms, total 110ms
04-23 10:17:21.710 I/hwcomposer(  110): IMG_hwcdev_pipe_assign_status_t hwcdev_try_to_assign_pipe(SUNXI_hwcdev_context_t*, SUNXI_hwcdev_pipe_t*, hwc_layer_1_t*, int, int): We use not config memory
04-23 10:17:21.710 I/hwcomposer(  110): IMG_hwcdev_pipe_assign_status_t hwcdev_try_to_assign_pipe(SUNXI_hwcdev_context_t*, SUNXI_hwcdev_pipe_t*, hwc_layer_1_t*, int, int): We use not config memory
04-23 10:17:21.720 D/gralloc (  110): ION_HEAP_CARVEOUT_MASK alloc
04-23 10:17:21.730 I/hwcomposer(  110): IMG_hwcdev_pipe_assign_status_t hwcdev_try_to_assign_pipe(SUNXI_hwcdev_context_t*, SUNXI_hwcdev_pipe_t*, hwc_layer_1_t*, int, int): We use not config memory
04-23 10:17:21.730 I/hwcomposer(  110): IMG_hwcdev_pipe_assign_status_t hwcdev_try_to_assign_pipe(SUNXI_hwcdev_context_t*, SUNXI_hwcdev_pipe_t*, hwc_layer_1_t*, int, int): We use not config memory
04-23 10:17:21.730 D/gralloc (  110): ION_HEAP_CARVEOUT_MASK alloc
04-23 10:17:21.740 I/hwcomposer(  110): IMG_hwcdev_pipe_assign_status_t hwcdev_try_to_assign_pipe(SUNXI_hwcdev_context_t*, SUNXI_hwcdev_pipe_t*, hwc_layer_1_t*, int, int): We use not config memory
04-23 10:17:21.740 I/hwcomposer(  110): IMG_hwcdev_pipe_assign_status_t hwcdev_try_to_assign_pipe(SUNXI_hwcdev_context_t*, SUNXI_hwcdev_pipe_t*, hwc_layer_1_t*, int, int): We use not config memory
04-23 10:17:21.760 I/hwcomposer(  110): IMG_hwcdev_pipe_assign_status_t hwcdev_try_to_assign_pipe(SUNXI_hwcdev_context_t*, SUNXI_hwcdev_pipe_t*, hwc_layer_1_t*, int, int): We use not config memory
04-23 10:17:21.760 I/hwcomposer(  110): IMG_hwcdev_pipe_assign_status_t hwcdev_try_to_assign_pipe(SUNXI_hwcdev_context_t*, SUNXI_hwcdev_pipe_t*, hwc_layer_1_t*, int, int): We use not config memory
04-23 10:17:21.780 I/hwcomposer(  110): IMG_hwcdev_pipe_assign_status_t hwcdev_try_to_assign_pipe(SUNXI_hwcdev_context_t*, SUNXI_hwcdev_pipe_t*, hwc_layer_1_t*, int, int): We use not config memory
04-23 10:17:21.780 I/hwcomposer(  110): IMG_hwcdev_pipe_assign_status_t hwcdev_try_to_assign_pipe(SUNXI_hwcdev_context_t*, SUNXI_hwcdev_pipe_t*, hwc_layer_1_t*, int, int): We use not config memory
04-23 10:17:21.790 D/DynamicPowerPolicyChangeThread(  431): set policy performance, temp=86.0
04-23 10:17:21.810 I/hwcomposer(  110): IMG_hwcdev_pipe_assign_status_t hwcdev_try_to_assign_pipe(SUNXI_hwcdev_context_t*, SUNXI_hwcdev_pipe_t*, hwc_layer_1_t*, int, int): We use not config memory
04-23 10:17:21.810 I/hwcomposer(  110): IMG_hwcdev_pipe_assign_status_t hwcdev_try_to_assign_pipe(SUNXI_hwcdev_context_t*, SUNXI_hwcdev_pipe_t*, hwc_layer_1_t*, int, int): We use not config memory
04-23 10:17:21.820 I/hwcomposer(  110): IMG_hwcdev_pipe_assign_status_t hwcdev_try_to_assign_pipe(SUNXI_hwcdev_context_t*, SUNXI_hwcdev_pipe_t*, hwc_layer_1_t*, int, int): We use not config memory
04-23 10:17:21.830 I/hwcomposer(  110): IMG_hwcdev_pipe_assign_status_t hwcdev_try_to_assign_pipe(SUNXI_hwcdev_context_t*, SUNXI_hwcdev_pipe_t*, hwc_layer_1_t*, int, int): We use not config memory
04-23 10:17:21.840 I/hwcomposer(  110): IMG_hwcdev_pipe_assign_status_t hwcdev_try_to_assign_pipe(SUNXI_hwcdev_context_t*, SUNXI_hwcdev_pipe_t*, hwc_layer_1_t*, int, int): We use not config memory
04-23 10:17:21.840 I/hwcomposer(  110): IMG_hwcdev_pipe_assign_status_t hwcdev_try_to_assign_pipe(SUNXI_hwcdev_context_t*, SUNXI_hwcdev_pipe_t*, hwc_layer_1_t*, int, int): We use not config memory
04-23 10:17:21.850 W/WindowManager(  431): Window freeze timeout expired.
04-23 10:17:21.850 W/WindowManager(  431): Force clearing orientation change: Window{41d7d2d0 u0 NavigationBar}
04-23 10:17:21.850 W/WindowManager(  431): Force clearing orientation change: Window{41cdf590 u0 com.android.systemui.ImageWallpaper}
04-23 10:17:21.860 I/hwcomposer(  110): IMG_hwcdev_pipe_assign_status_t hwcdev_try_to_assign_pipe(SUNXI_hwcdev_context_t*, SUNXI_hwcdev_pipe_t*, hwc_layer_1_t*, int, int): We use not config memory
04-23 10:17:21.860 I/hwcomposer(  110): IMG_hwcdev_pipe_assign_status_t hwcdev_try_to_assign_pipe(SUNXI_hwcdev_context_t*, SUNXI_hwcdev_pipe_t*, hwc_layer_1_t*, int, int): We use not config memory
04-23 10:17:21.870 I/hwcomposer(  110): IMG_hwcdev_pipe_assign_status_t hwcdev_try_to_assign_pipe(SUNXI_hwcdev_context_t*, SUNXI_hwcdev_pipe_t*, hwc_layer_1_t*, int, int): We use not config memory
04-23 10:17:21.870 I/hwcomposer(  110): IMG_hwcdev_pipe_assign_status_t hwcdev_try_to_assign_pipe(SUNXI_hwcdev_context_t*, SUNXI_hwcdev_pipe_t*, hwc_layer_1_t*, int, int): We use not config memory
04-23 10:17:21.870 I/WindowManager(  431): Screen frozen for +2s15ms due to Window{41d7d2d0 u0 NavigationBar}
04-23 10:17:21.880 I/Choreographer(  491): Skipped 110 frames!  The application may be doing too much work on its main thread.
04-23 10:17:21.890 I/hwcomposer(  110): IMG_hwcdev_pipe_assign_status_t hwcdev_try_to_assign_pipe(SUNXI_hwcdev_context_t*, SUNXI_hwcdev_pipe_t*, hwc_layer_1_t*, int, int): We use not config memory
04-23 10:17:21.890 I/hwcomposer(  110): IMG_hwcdev_pipe_assign_status_t hwcdev_try_to_assign_pipe(SUNXI_hwcdev_context_t*, SUNXI_hwcdev_pipe_t*, hwc_layer_1_t*, int, int): We use not config memory
04-23 10:17:21.910 I/hwcomposer(  110): IMG_hwcdev_pipe_assign_status_t hwcdev_try_to_assign_pipe(SUNXI_hwcdev_context_t*, SUNXI_hwcdev_pipe_t*, hwc_layer_1_t*, int, int): We use not config memory
04-23 10:17:21.910 I/hwcomposer(  110): IMG_hwcdev_pipe_assign_status_t hwcdev_try_to_assign_pipe(SUNXI_hwcdev_context_t*, SUNXI_hwcdev_pipe_t*, hwc_layer_1_t*, int, int): We use not config memory
04-23 10:17:21.910 I/hwcomposer(  110): IMG_hwcdev_pipe_assign_status_t hwcdev_try_to_assign_pipe(SUNXI_hwcdev_context_t*, SUNXI_hwcdev_pipe_t*, hwc_layer_1_t*, int, int): We use not config memory
04-23 10:17:21.920 D/gralloc (  110): ION_HEAP_CARVEOUT_MASK alloc
04-23 10:17:21.920 D/gralloc (  110): ION_HEAP_CARVEOUT_MASK alloc
04-23 10:17:21.920 I/hwcomposer(  110): IMG_hwcdev_pipe_assign_status_t hwcdev_try_to_assign_pipe(SUNXI_hwcdev_context_t*, SUNXI_hwcdev_pipe_t*, hwc_layer_1_t*, int, int): We use not config memory
04-23 10:17:21.920 I/hwcomposer(  110): IMG_hwcdev_pipe_assign_status_t hwcdev_try_to_assign_pipe(SUNXI_hwcdev_context_t*, SUNXI_hwcdev_pipe_t*, hwc_layer_1_t*, int, int): We use not config memory
04-23 10:17:21.920 I/hwcomposer(  110): IMG_hwcdev_pipe_assign_status_t hwcdev_try_to_assign_pipe(SUNXI_hwcdev_context_t*, SUNXI_hwcdev_pipe_t*, hwc_layer_1_t*, int, int): We use not config memory
04-23 10:17:21.940 I/hwcomposer(  110): IMG_hwcdev_pipe_assign_status_t hwcdev_try_to_assign_pipe(SUNXI_hwcdev_context_t*, SUNXI_hwcdev_pipe_t*, hwc_layer_1_t*, int, int): We use not config memory
04-23 10:17:21.940 I/hwcomposer(  110): IMG_hwcdev_pipe_assign_status_t hwcdev_try_to_assign_pipe(SUNXI_hwcdev_context_t*, SUNXI_hwcdev_pipe_t*, hwc_layer_1_t*, int, int): We use not config memory
04-23 10:17:21.940 I/hwcomposer(  110): IMG_hwcdev_pipe_assign_status_t hwcdev_try_to_assign_pipe(SUNXI_hwcdev_context_t*, SUNXI_hwcdev_pipe_t*, hwc_layer_1_t*, int, int): We use not config memory
04-23 10:17:21.960 I/hwcomposer(  110): IMG_hwcdev_pipe_assign_status_t hwcdev_try_to_assign_pipe(SUNXI_hwcdev_context_t*, SUNXI_hwcdev_pipe_t*, hwc_layer_1_t*, int, int): We use not config memory
04-23 10:17:21.960 I/hwcomposer(  110): IMG_hwcdev_pipe_assign_status_t hwcdev_try_to_assign_pipe(SUNXI_hwcdev_context_t*, SUNXI_hwcdev_pipe_t*, hwc_layer_1_t*, int, int): We use not config memory
04-23 10:17:21.960 I/hwcomposer(  110): IMG_hwcdev_pipe_assign_status_t hwcdev_try_to_assign_pipe(SUNXI_hwcdev_context_t*, SUNXI_hwcdev_pipe_t*, hwc_layer_1_t*, int, int): We use not config memory
04-23 10:17:21.980 D/gralloc (  110): ION_HEAP_CARVEOUT_MASK alloc
04-23 10:17:21.980 D/gralloc (  110): ION_HEAP_CARVEOUT_MASK alloc
04-23 10:17:22.010 V/PhoneStatusBar(  491): setLightsOn(true)
04-23 10:17:22.040 D/gralloc (  110): ION_HEAP_CARVEOUT_MASK alloc
04-23 10:17:22.060 D/gralloc (  110): ION_HEAP_CARVEOUT_MASK alloc
04-23 10:17:22.060 I/ActivityManager(  431): Start proc android.process.acore for content provider com.android.providers.contacts/.ContactsProvider2: pid=9148 uid=10002 gids={50002, 3003, 1028, 1015}
04-23 10:17:22.190 D/dalvikvm( 9148): GC_CONCURRENT freed 213K, 6% free 4640K/4892K, paused 3ms+2ms, total 25ms
04-23 10:17:22.340 I/ContactLocale( 9148): AddressBook Labels [en_US]: [, A, B, C, D, E, F, G, H, I, J, K, L, M, N, O, P, Q, R, S, T, U, V, W, X, Y, Z, , , , , , , , , , , , , , , , , , , , , , , , , , , , , , , , , , , , , , , , , , , , , , , , , , , , , , , , , , , , , , , , , , , , , , , , , , , , , , , , , , , , , , , , , , , , , , , , , , , , , , , , , , , , , , , , , , , , , , , , , , , , , , , , , , , , , , , , , , , , , , , , , , , , , , , , , , , , , , , , , , , , , , , , , , , , , , , , , , , , , , #, ]
04-23 10:17:22.360 D/gralloc (  110): ION_HEAP_CARVEOUT_MASK alloc
04-23 10:17:22.440 D/UIAutomatorStub( 2789): URI: /jsonrpc/0, Method: POST, Header: {content-type=application/json, connection=close, remote-addr=127.0.0.1, host=localhost:9008, content-length=173, http-client-ip=127.0.0.1, user-agent=Python-urllib/2.7, accept-encoding=identity}, params, {{"params": [{"childOrSiblingSelector": [], "text": "Agree", "mask": 1, "childOrSibling": []}], "jsonrpc": "2.0", "method": "exist", "id": "cd0cb9c2a60801f42772bba90636a161"}=, NanoHttpd.QUERY_STRING={"params": [{"childOrSiblingSelector": [], "text": "Agree", "mask": 1, "childOrSibling": []}], "jsonrpc": "2.0", "method": "exist", "id": "cd0cb9c2a60801f42772bba90636a161"}}, files: {}
04-23 10:17:22.490 D/UIAutomatorStub( 2789): URI: /jsonrpc/0, Method: POST, Header: {content-type=application/json, connection=close, remote-addr=127.0.0.1, host=localhost:9008, content-length=181, http-client-ip=127.0.0.1, user-agent=Python-urllib/2.7, accept-encoding=identity}, params, {NanoHttpd.QUERY_STRING={"params": [{"childOrSiblingSelector": [], "text": "Run Benchmark", "mask": 1, "childOrSibling": []}], "jsonrpc": "2.0", "method": "click", "id": "f8a6fb77f7560735ba7f5c5ede50aec6"}, {"params": [{"childOrSiblingSelector": [], "text": "Run Benchmark", "mask": 1, "childOrSibling": []}], "jsonrpc": "2.0", "method": "click", "id": "f8a6fb77f7560735ba7f5c5ede50aec6"}=}, files: {}
04-23 10:17:22.500 D/dalvikvm( 2789): GC_CONCURRENT freed 459K, 74% free 1334K/5084K, paused 2ms+1ms, total 20ms
04-23 10:17:22.790 D/gralloc (  110): ==USE CPU CACHE OP LLL usage = 0x333==
04-23 10:17:22.790 D/gralloc (  110): ION_HEAP_SYSTEM_MASK alloc
04-23 10:17:22.840 D/audio_hw_primary(  113): out_standby
04-23 10:17:22.880 D/dalvikvm(  431): GC_FOR_ALLOC freed 912K, 13% free 9145K/10456K, paused 78ms, total 78ms
04-23 10:17:22.890 I/ActivityManager(  431): START u0 {act=SPLASH_BASEMARK cmp=com.rightware.tdmm2v10jnifree/.SplashView} from pid 9114
04-23 10:17:22.920 D/gralloc (  110): ==USE CPU CACHE OP LLL usage = 0xb33==
04-23 10:17:22.920 D/gralloc (  110): ION_HEAP_SYSTEM_MASK alloc
04-23 10:17:22.960 I/hwcomposer(  110): IMG_hwcdev_pipe_assign_status_t hwcdev_try_to_assign_pipe(SUNXI_hwcdev_context_t*, SUNXI_hwcdev_pipe_t*, hwc_layer_1_t*, int, int): We use not config memory
04-23 10:17:22.960 I/hwcomposer(  110): IMG_hwcdev_pipe_assign_status_t hwcdev_try_to_assign_pipe(SUNXI_hwcdev_context_t*, SUNXI_hwcdev_pipe_t*, hwc_layer_1_t*, int, int): We use not config memory
04-23 10:17:22.960 I/hwcomposer(  110): IMG_hwcdev_pipe_assign_status_t hwcdev_try_to_assign_pipe(SUNXI_hwcdev_context_t*, SUNXI_hwcdev_pipe_t*, hwc_layer_1_t*, int, int): We use not config memory
04-23 10:17:22.970 I/hwcomposer(  110): IMG_hwcdev_pipe_assign_status_t hwcdev_try_to_assign_pipe(SUNXI_hwcdev_context_t*, SUNXI_hwcdev_pipe_t*, hwc_layer_1_t*, int, int): We use not config memory
04-23 10:17:22.970 I/hwcomposer(  110): IMG_hwcdev_pipe_assign_status_t hwcdev_try_to_assign_pipe(SUNXI_hwcdev_context_t*, SUNXI_hwcdev_pipe_t*, hwc_layer_1_t*, int, int): We use not config memory
04-23 10:17:22.970 I/hwcomposer(  110): IMG_hwcdev_pipe_assign_status_t hwcdev_try_to_assign_pipe(SUNXI_hwcdev_context_t*, SUNXI_hwcdev_pipe_t*, hwc_layer_1_t*, int, int): We use not config memory
04-23 10:17:22.980 V/PhoneStatusBar(  491): setLightsOn(true)
04-23 10:17:22.990 I/hwcomposer(  110): IMG_hwcdev_pipe_assign_status_t hwcdev_try_to_assign_pipe(SUNXI_hwcdev_context_t*, SUNXI_hwcdev_pipe_t*, hwc_layer_1_t*, int, int): We use not config memory
04-23 10:17:22.990 I/hwcomposer(  110): IMG_hwcdev_pipe_assign_status_t hwcdev_try_to_assign_pipe(SUNXI_hwcdev_context_t*, SUNXI_hwcdev_pipe_t*, hwc_layer_1_t*, int, int): We use not config memory
04-23 10:17:22.990 I/hwcomposer(  110): IMG_hwcdev_pipe_assign_status_t hwcdev_try_to_assign_pipe(SUNXI_hwcdev_context_t*, SUNXI_hwcdev_pipe_t*, hwc_layer_1_t*, int, int): We use not config memory
04-23 10:17:23.020 I/hwcomposer(  110): IMG_hwcdev_pipe_assign_status_t hwcdev_try_to_assign_pipe(SUNXI_hwcdev_context_t*, SUNXI_hwcdev_pipe_t*, hwc_layer_1_t*, int, int): We use not config memory
04-23 10:17:23.020 I/hwcomposer(  110): IMG_hwcdev_pipe_assign_status_t hwcdev_try_to_assign_pipe(SUNXI_hwcdev_context_t*, SUNXI_hwcdev_pipe_t*, hwc_layer_1_t*, int, int): We use not config memory
04-23 10:17:23.020 I/hwcomposer(  110): IMG_hwcdev_pipe_assign_status_t hwcdev_try_to_assign_pipe(SUNXI_hwcdev_context_t*, SUNXI_hwcdev_pipe_t*, hwc_layer_1_t*, int, int): We use not config memory
04-23 10:17:23.020 I/hwcomposer(  110): IMG_hwcdev_pipe_assign_status_t hwcdev_try_to_assign_pipe(SUNXI_hwcdev_context_t*, SUNXI_hwcdev_pipe_t*, hwc_layer_1_t*, int, int): We use not config memory
04-23 10:17:23.030 D/dalvikvm( 9114): GC_FOR_ALLOC freed 17K, 2% free 5028K/5080K, paused 15ms, total 15ms
04-23 10:17:23.030 I/dalvikvm-heap( 9114): Grow heap (frag case) to 5.514MB for 601616-byte allocation
04-23 10:17:23.050 D/dalvikvm( 9114): GC_CONCURRENT freed <1K, 1% free 5615K/5668K, paused 2ms+1ms, total 23ms
04-23 10:17:23.050 D/dalvikvm( 9114): WAIT_FOR_CONCURRENT_GC blocked 18ms
04-23 10:17:23.070 I/hwcomposer(  110): IMG_hwcdev_pipe_assign_status_t hwcdev_try_to_assign_pipe(SUNXI_hwcdev_context_t*, SUNXI_hwcdev_pipe_t*, hwc_layer_1_t*, int, int): We use not config memory
04-23 10:17:23.070 I/hwcomposer(  110): IMG_hwcdev_pipe_assign_status_t hwcdev_try_to_assign_pipe(SUNXI_hwcdev_context_t*, SUNXI_hwcdev_pipe_t*, hwc_layer_1_t*, int, int): We use not config memory
04-23 10:17:23.070 I/hwcomposer(  110): IMG_hwcdev_pipe_assign_status_t hwcdev_try_to_assign_pipe(SUNXI_hwcdev_context_t*, SUNXI_hwcdev_pipe_t*, hwc_layer_1_t*, int, int): We use not config memory
04-23 10:17:23.070 I/hwcomposer(  110): IMG_hwcdev_pipe_assign_status_t hwcdev_try_to_assign_pipe(SUNXI_hwcdev_context_t*, SUNXI_hwcdev_pipe_t*, hwc_layer_1_t*, int, int): We use not config memory
04-23 10:17:23.090 D/gralloc (  110): ION_HEAP_CARVEOUT_MASK alloc
04-23 10:17:23.090 I/hwcomposer(  110): IMG_hwcdev_pipe_assign_status_t hwcdev_try_to_assign_pipe(SUNXI_hwcdev_context_t*, SUNXI_hwcdev_pipe_t*, hwc_layer_1_t*, int, int): We use not config memory
04-23 10:17:23.090 I/hwcomposer(  110): IMG_hwcdev_pipe_assign_status_t hwcdev_try_to_assign_pipe(SUNXI_hwcdev_context_t*, SUNXI_hwcdev_pipe_t*, hwc_layer_1_t*, int, int): We use not config memory
04-23 10:17:23.090 I/hwcomposer(  110): IMG_hwcdev_pipe_assign_status_t hwcdev_try_to_assign_pipe(SUNXI_hwcdev_context_t*, SUNXI_hwcdev_pipe_t*, hwc_layer_1_t*, int, int): We use not config memory
04-23 10:17:23.090 I/hwcomposer(  110): IMG_hwcdev_pipe_assign_status_t hwcdev_try_to_assign_pipe(SUNXI_hwcdev_context_t*, SUNXI_hwcdev_pipe_t*, hwc_layer_1_t*, int, int): We use not config memory
04-23 10:17:23.090 D/gralloc (  110): ION_HEAP_CARVEOUT_MASK alloc
04-23 10:17:23.110 I/hwcomposer(  110): IMG_hwcdev_pipe_assign_status_t hwcdev_try_to_assign_pipe(SUNXI_hwcdev_context_t*, SUNXI_hwcdev_pipe_t*, hwc_layer_1_t*, int, int): We use not config memory
04-23 10:17:23.110 I/hwcomposer(  110): IMG_hwcdev_pipe_assign_status_t hwcdev_try_to_assign_pipe(SUNXI_hwcdev_context_t*, SUNXI_hwcdev_pipe_t*, hwc_layer_1_t*, int, int): We use not config memory
04-23 10:17:23.110 I/hwcomposer(  110): IMG_hwcdev_pipe_assign_status_t hwcdev_try_to_assign_pipe(SUNXI_hwcdev_context_t*, SUNXI_hwcdev_pipe_t*, hwc_layer_1_t*, int, int): We use not config memory
04-23 10:17:23.110 I/hwcomposer(  110): IMG_hwcdev_pipe_assign_status_t hwcdev_try_to_assign_pipe(SUNXI_hwcdev_context_t*, SUNXI_hwcdev_pipe_t*, hwc_layer_1_t*, int, int): We use not config memory
04-23 10:17:23.120 I/hwcomposer(  110): IMG_hwcdev_pipe_assign_status_t hwcdev_try_to_assign_pipe(SUNXI_hwcdev_context_t*, SUNXI_hwcdev_pipe_t*, hwc_layer_1_t*, int, int): We use not config memory
04-23 10:17:23.120 I/hwcomposer(  110): IMG_hwcdev_pipe_assign_status_t hwcdev_try_to_assign_pipe(SUNXI_hwcdev_context_t*, SUNXI_hwcdev_pipe_t*, hwc_layer_1_t*, int, int): We use not config memory
04-23 10:17:23.120 I/hwcomposer(  110): IMG_hwcdev_pipe_assign_status_t hwcdev_try_to_assign_pipe(SUNXI_hwcdev_context_t*, SUNXI_hwcdev_pipe_t*, hwc_layer_1_t*, int, int): We use not config memory
04-23 10:17:23.120 I/hwcomposer(  110): IMG_hwcdev_pipe_assign_status_t hwcdev_try_to_assign_pipe(SUNXI_hwcdev_context_t*, SUNXI_hwcdev_pipe_t*, hwc_layer_1_t*, int, int): We use not config memory
04-23 10:17:23.130 D/gralloc (  110): ION_HEAP_CARVEOUT_MASK alloc
04-23 10:17:23.140 I/hwcomposer(  110): IMG_hwcdev_pipe_assign_status_t hwcdev_try_to_assign_pipe(SUNXI_hwcdev_context_t*, SUNXI_hwcdev_pipe_t*, hwc_layer_1_t*, int, int): We use not config memory
04-23 10:17:23.140 I/hwcomposer(  110): IMG_hwcdev_pipe_assign_status_t hwcdev_try_to_assign_pipe(SUNXI_hwcdev_context_t*, SUNXI_hwcdev_pipe_t*, hwc_layer_1_t*, int, int): We use not config memory
04-23 10:17:23.140 I/hwcomposer(  110): IMG_hwcdev_pipe_assign_status_t hwcdev_try_to_assign_pipe(SUNXI_hwcdev_context_t*, SUNXI_hwcdev_pipe_t*, hwc_layer_1_t*, int, int): We use not config memory
04-23 10:17:23.140 I/hwcomposer(  110): IMG_hwcdev_pipe_assign_status_t hwcdev_try_to_assign_pipe(SUNXI_hwcdev_context_t*, SUNXI_hwcdev_pipe_t*, hwc_layer_1_t*, int, int): We use not config memory
04-23 10:17:23.140 D/gralloc (  110): ION_HEAP_CARVEOUT_MASK alloc
04-23 10:17:23.160 I/hwcomposer(  110): IMG_hwcdev_pipe_assign_status_t hwcdev_try_to_assign_pipe(SUNXI_hwcdev_context_t*, SUNXI_hwcdev_pipe_t*, hwc_layer_1_t*, int, int): We use not config memory
04-23 10:17:23.160 I/hwcomposer(  110): IMG_hwcdev_pipe_assign_status_t hwcdev_try_to_assign_pipe(SUNXI_hwcdev_context_t*, SUNXI_hwcdev_pipe_t*, hwc_layer_1_t*, int, int): We use not config memory
04-23 10:17:23.160 I/ActivityManager(  431): Displayed com.rightware.tdmm2v10jnifree/.SplashView: +201ms
04-23 10:17:23.160 I/hwcomposer(  110): IMG_hwcdev_pipe_assign_status_t hwcdev_try_to_assign_pipe(SUNXI_hwcdev_context_t*, SUNXI_hwcdev_pipe_t*, hwc_layer_1_t*, int, int): We use not config memory
04-23 10:17:23.170 I/hwcomposer(  110): IMG_hwcdev_pipe_assign_status_t hwcdev_try_to_assign_pipe(SUNXI_hwcdev_context_t*, SUNXI_hwcdev_pipe_t*, hwc_layer_1_t*, int, int): We use not config memory
04-23 10:17:23.170 I/hwcomposer(  110): IMG_hwcdev_pipe_assign_status_t hwcdev_try_to_assign_pipe(SUNXI_hwcdev_context_t*, SUNXI_hwcdev_pipe_t*, hwc_layer_1_t*, int, int): We use not config memory
04-23 10:17:23.170 I/hwcomposer(  110): IMG_hwcdev_pipe_assign_status_t hwcdev_try_to_assign_pipe(SUNXI_hwcdev_context_t*, SUNXI_hwcdev_pipe_t*, hwc_layer_1_t*, int, int): We use not config memory
04-23 10:17:23.190 I/hwcomposer(  110): IMG_hwcdev_pipe_assign_status_t hwcdev_try_to_assign_pipe(SUNXI_hwcdev_context_t*, SUNXI_hwcdev_pipe_t*, hwc_layer_1_t*, int, int): We use not config memory
04-23 10:17:23.190 I/hwcomposer(  110): IMG_hwcdev_pipe_assign_status_t hwcdev_try_to_assign_pipe(SUNXI_hwcdev_context_t*, SUNXI_hwcdev_pipe_t*, hwc_layer_1_t*, int, int): We use not config memory
04-23 10:17:23.190 I/hwcomposer(  110): IMG_hwcdev_pipe_assign_status_t hwcdev_try_to_assign_pipe(SUNXI_hwcdev_context_t*, SUNXI_hwcdev_pipe_t*, hwc_layer_1_t*, int, int): We use not config memory
04-23 10:17:23.190 I/WindowManager(  431): Screen frozen for +267ms due to Window{41d85b58 u0 Starting com.rightware.tdmm2v10jnifree}
04-23 10:17:23.210 I/hwcomposer(  110): IMG_hwcdev_pipe_assign_status_t hwcdev_try_to_assign_pipe(SUNXI_hwcdev_context_t*, SUNXI_hwcdev_pipe_t*, hwc_layer_1_t*, int, int): We use not config memory
04-23 10:17:23.210 I/hwcomposer(  110): IMG_hwcdev_pipe_assign_status_t hwcdev_try_to_assign_pipe(SUNXI_hwcdev_context_t*, SUNXI_hwcdev_pipe_t*, hwc_layer_1_t*, int, int): We use not config memory
04-23 10:17:23.210 I/hwcomposer(  110): IMG_hwcdev_pipe_assign_status_t hwcdev_try_to_assign_pipe(SUNXI_hwcdev_context_t*, SUNXI_hwcdev_pipe_t*, hwc_layer_1_t*, int, int): We use not config memory
04-23 10:17:23.230 I/hwcomposer(  110): IMG_hwcdev_pipe_assign_status_t hwcdev_try_to_assign_pipe(SUNXI_hwcdev_context_t*, SUNXI_hwcdev_pipe_t*, hwc_layer_1_t*, int, int): We use not config memory
04-23 10:17:23.230 I/hwcomposer(  110): IMG_hwcdev_pipe_assign_status_t hwcdev_try_to_assign_pipe(SUNXI_hwcdev_context_t*, SUNXI_hwcdev_pipe_t*, hwc_layer_1_t*, int, int): We use not config memory
04-23 10:17:23.230 I/hwcomposer(  110): IMG_hwcdev_pipe_assign_status_t hwcdev_try_to_assign_pipe(SUNXI_hwcdev_context_t*, SUNXI_hwcdev_pipe_t*, hwc_layer_1_t*, int, int): We use not config memory
04-23 10:17:23.240 I/hwcomposer(  110): IMG_hwcdev_pipe_assign_status_t hwcdev_try_to_assign_pipe(SUNXI_hwcdev_context_t*, SUNXI_hwcdev_pipe_t*, hwc_layer_1_t*, int, int): We use not config memory
04-23 10:17:23.240 I/hwcomposer(  110): IMG_hwcdev_pipe_assign_status_t hwcdev_try_to_assign_pipe(SUNXI_hwcdev_context_t*, SUNXI_hwcdev_pipe_t*, hwc_layer_1_t*, int, int): We use not config memory
04-23 10:17:23.240 I/hwcomposer(  110): IMG_hwcdev_pipe_assign_status_t hwcdev_try_to_assign_pipe(SUNXI_hwcdev_context_t*, SUNXI_hwcdev_pipe_t*, hwc_layer_1_t*, int, int): We use not config memory
04-23 10:17:25.300 D/dalvikvm(  431): GC_EXPLICIT freed 430K, 14% free 9028K/10456K, paused 4ms+7ms, total 100ms
04-23 10:17:25.570 D/gralloc (  110): ==USE CPU CACHE OP LLL usage = 0x333==
04-23 10:17:25.570 D/gralloc (  110): ION_HEAP_SYSTEM_MASK alloc
04-23 10:17:25.590 I/ActivityManager(  431): START u0 {cmp=com.rightware.tdmm2v10jnifree/.TDMM2V10free} from pid 9114
04-23 10:17:25.640 D/gralloc (  110): ==USE CPU CACHE OP LLL usage = 0x933==
04-23 10:17:25.640 D/gralloc (  110): ION_HEAP_SYSTEM_MASK alloc
04-23 10:17:25.670 D/dalvikvm( 9114): GC_FOR_ALLOC freed 20K, 1% free 5714K/5768K, paused 15ms, total 15ms
04-23 10:17:25.670 I/dalvikvm-heap( 9114): Grow heap (frag case) to 6.184MB for 601616-byte allocation
04-23 10:17:25.680 V/PhoneStatusBar(  491): setLightsOn(true)
04-23 10:17:25.700 D/dalvikvm( 9114): GC_FOR_ALLOC freed 1K, 1% free 6300K/6356K, paused 23ms, total 23ms
04-23 10:17:25.730 D/dalvikvm( 9114): GC_CONCURRENT freed 7K, 1% free 6310K/6356K, paused 3ms+3ms, total 29ms
04-23 10:17:25.910 D/gralloc (  110): ION_HEAP_CARVEOUT_MASK alloc
04-23 10:17:25.920 D/gralloc (  110): ION_HEAP_CARVEOUT_MASK alloc
04-23 10:17:26.000 E/QueryController( 2789): Got null root node from accessibility - Retrying...
04-23 10:17:26.010 D/gralloc (  110): ION_HEAP_CARVEOUT_MASK alloc
04-23 10:17:26.010 I/ActivityManager(  431): Displayed com.rightware.tdmm2v10jnifree/.TDMM2V10free: +418ms
04-23 10:17:26.620 D/gralloc (  110): ION_HEAP_CARVEOUT_MASK alloc
04-23 10:17:27.300 I/QueryController( 2789): Matched selector: UiSelector[TEXT=Run Benchmark] <<==>> [android.view.accessibility.AccessibilityNodeInfo@a5a7; boundsInParent: Rect(0, 0 - 1024, 64); boundsInScreen: Rect(0, 129 - 1024, 193); packageName: com.rightware.tdmm2v10jnifree; className: android.widget.TextView; text: Run Benchmark; contentDescription: null; viewIdResName: android:id/text1; checkable: false; checked: false; focusable: false; focused: false; selected: false; clickable: true; longClickable: false; enabled: true; password: false; scrollable: false; [ACTION_SELECT, ACTION_CLEAR_SELECTION, ACTION_CLICK, ACTION_ACCESSIBILITY_FOCUS, ACTION_NEXT_AT_MOVEMENT_GRANULARITY, ACTION_PREVIOUS_AT_MOVEMENT_GRANULARITY, ACTION_SET_SELECTION]]
04-23 10:17:27.300 D/InteractionController( 2789): clickAndSync(512, 161)
04-23 10:17:27.320 D/gralloc (  110): ION_HEAP_CARVEOUT_MASK alloc
04-23 10:17:27.420 D/gralloc (  110): ION_HEAP_CARVEOUT_MASK alloc
04-23 10:17:27.490 V/audio_hw_primary(  113): start_output_stream, line: 732
04-23 10:17:27.490 V/codec_audio_pad(  113): in normal mode, headset or speaker on,****LINE:112,FUNC:set_normal_path
04-23 10:17:27.490 D/gralloc (  110): ==USE CPU CACHE OP LLL usage = 0x333==
04-23 10:17:27.490 D/gralloc (  110): ION_HEAP_SYSTEM_MASK alloc
04-23 10:17:27.490 I/ActivityManager(  431): START u0 {cmp=com.rightware.tdmm2v10jnifree/.TDMM2V10test} from pid 9114
04-23 10:17:27.560 D/dalvikvm(  431): GC_FOR_ALLOC freed 329K, 13% free 9105K/10456K, paused 58ms, total 58ms
04-23 10:17:27.570 D/PowerManagerService(  431): mHoldBootFastWakeLock = true
04-23 10:17:27.590 D/gralloc (  110): ION_HEAP_CARVEOUT_MASK alloc
04-23 10:17:27.630 V/audio_hw_primary(  113): normal mode , speaker,****LINE:657,FUNC:select_output_device
04-23 10:17:27.630 V/audio_hw_primary(  113): start_output_stream: card:0, port:0, rate:44100
04-23 10:17:27.630 D/alsa_pcm(  113): pcm_open:,sparams.stop_threshold:1540, config->stop_threshold:0
04-23 10:17:27.630 V/audio_hw_primary(  113): do not use out resampler
04-23 10:17:27.650 D/dalvikvm( 9114): GC_CONCURRENT freed 482K, 8% free 6414K/6928K, paused 2ms+3ms, total 33ms
04-23 10:17:27.660 V/PhoneStatusBar(  491): setLightsOn(true)
04-23 10:17:27.680 D/gralloc (  110): ION_HEAP_CARVEOUT_MASK alloc
04-23 10:17:27.680 D/gralloc (  110): ION_HEAP_CARVEOUT_MASK alloc
04-23 10:17:27.700 W/Basemark ES2V1( 9114): Requesting configuration: rgba: 8, 8, 8, 0, depth: 24, stencil: 0, fsaa: 0
04-23 10:17:27.700 I/Basemark ES2V1( 9114):   EGL_BUFFER_SIZE: 32
04-23 10:17:27.700 I/Basemark ES2V1( 9114):   EGL_ALPHA_SIZE: 0
04-23 10:17:27.700 I/Basemark ES2V1( 9114):   EGL_BLUE_SIZE: 8
04-23 10:17:27.700 I/Basemark ES2V1( 9114):   EGL_GREEN_SIZE: 8
04-23 10:17:27.700 I/Basemark ES2V1( 9114):   EGL_RED_SIZE: 8
04-23 10:17:27.700 I/Basemark ES2V1( 9114):   EGL_DEPTH_SIZE: 24
04-23 10:17:27.700 I/Basemark ES2V1( 9114):   EGL_STENCIL_SIZE: 0
04-23 10:17:27.700 I/Basemark ES2V1( 9114):   EGL_CONFIG_CAVEAT: 12344
04-23 10:17:27.700 I/Basemark ES2V1( 9114):   EGL_CONFIG_ID: 32
04-23 10:17:27.700 I/Basemark ES2V1( 9114):   EGL_LEVEL: 0
04-23 10:17:27.700 I/Basemark ES2V1( 9114):   EGL_MAX_PBUFFER_HEIGHT: 4096
04-23 10:17:27.700 I/Basemark ES2V1( 9114):   EGL_MAX_PBUFFER_PIXELS: 16777216
04-23 10:17:27.700 I/Basemark ES2V1( 9114):   EGL_MAX_PBUFFER_WIDTH: 4096
04-23 10:17:27.700 I/Basemark ES2V1( 9114):   EGL_NATIVE_RENDERABLE: 1
04-23 10:17:27.700 I/Basemark ES2V1( 9114):   EGL_NATIVE_VISUAL_ID: 2
04-23 10:17:27.700 I/Basemark ES2V1( 9114):   EGL_NATIVE_VISUAL_TYPE: 0
04-23 10:17:27.700 I/Basemark ES2V1( 9114):   EGL_SAMPLES: 0
04-23 10:17:27.700 I/Basemark ES2V1( 9114):   EGL_SAMPLE_BUFFERS: 0
04-23 10:17:27.700 I/Basemark ES2V1( 9114):   EGL_SURFACE_TYPE: 1031
04-23 10:17:27.700 I/Basemark ES2V1( 9114):   EGL_TRANSPARENT_TYPE: 12344
04-23 10:17:27.700 I/Basemark ES2V1( 9114):   EGL_TRANSPARENT_RED_VALUE: -1
04-23 10:17:27.700 I/Basemark ES2V1( 9114):   EGL_TRANSPARENT_GREEN_VALUE: -1
04-23 10:17:27.700 I/Basemark ES2V1( 9114):   EGL_TRANSPARENT_BLUE_VALUE: -1
04-23 10:17:27.700 I/Basemark ES2V1( 9114):   EGL_BIND_TO_TEXTURE_RGB: 1
04-23 10:17:27.700 I/Basemark ES2V1( 9114):   EGL_BIND_TO_TEXTURE_RGBA: 1
04-23 10:17:27.700 I/Basemark ES2V1( 9114):   EGL_MIN_SWAP_INTERVAL: 0
04-23 10:17:27.700 I/Basemark ES2V1( 9114):   EGL_MAX_SWAP_INTERVAL: 10
04-23 10:17:27.700 I/Basemark ES2V1( 9114):   EGL_LUMINANCE_SIZE: 0
04-23 10:17:27.700 I/Basemark ES2V1( 9114):   EGL_ALPHA_MASK_SIZE: 0
04-23 10:17:27.700 I/Basemark ES2V1( 9114):   EGL_COLOR_BUFFER_TYPE: 12430
04-23 10:17:27.700 I/Basemark ES2V1( 9114):   EGL_RENDERABLE_TYPE: 5
04-23 10:17:27.700 I/Basemark ES2V1( 9114):   EGL_CONFORMANT: 5
04-23 10:17:27.710 W/Basemark ES2V1( 9114): Creating OpenGL ES 2.0 context
04-23 10:17:27.710 D/gralloc (  110): ION_HEAP_CARVEOUT_MASK alloc
04-23 10:17:27.720 D/gralloc (  110): ION_HEAP_CARVEOUT_MASK alloc
04-23 10:17:27.730 D/dalvikvm( 9114): Trying to load lib /data/app-lib/com.rightware.tdmm2v10jnifree-1/libtdmm2v10jni.so 0x4199c7d0
04-23 10:17:27.760 W/linker  ( 9114): libtdmm2v10jni.so has text relocations. This is wasting memory and is a security risk. Please fix.
04-23 10:17:27.760 D/dalvikvm( 9114): Added shared lib /data/app-lib/com.rightware.tdmm2v10jnifree-1/libtdmm2v10jni.so 0x4199c7d0
04-23 10:17:27.760 D/dalvikvm( 9114): No JNI_OnLoad found in /data/app-lib/com.rightware.tdmm2v10jnifree-1/libtdmm2v10jni.so 0x4199c7d0, skipping init
04-23 10:17:27.760 D/gralloc (  110): ION_HEAP_CARVEOUT_MASK alloc
04-23 10:17:27.770 I/3DMarkMobileES20( 9114): app_renderStartup
04-23 10:17:27.770 I/ActivityManager(  431): Displayed com.rightware.tdmm2v10jnifree/.TDMM2V10test: +199ms
04-23 10:17:27.900 D/UIAutomatorStub( 2789): URI: /jsonrpc/0, Method: POST, Header: {content-type=application/json, connection=close, remote-addr=127.0.0.1, host=localhost:9008, content-length=185, http-client-ip=127.0.0.1, user-agent=Python-urllib/2.7, accept-encoding=identity}, params, {NanoHttpd.QUERY_STRING={"params": [{"childOrSiblingSelector": [], "text": "FRAMES PER SECOND", "mask": 1, "childOrSibling": []}], "jsonrpc": "2.0", "method": "exist", "id": "c4f8072b7c9737789c0cc0c570a3c92d"}, {"params": [{"childOrSiblingSelector": [], "text": "FRAMES PER SECOND", "mask": 1, "childOrSibling": []}], "jsonrpc": "2.0", "method": "exist", "id": "c4f8072b7c9737789c0cc0c570a3c92d"}=}, files: {}
04-23 10:17:29.550 D/gralloc (  110): ION_HEAP_CARVEOUT_MASK alloc
04-23 10:17:29.580 D/gralloc (  110): ION_HEAP_CARVEOUT_MASK alloc
04-23 10:17:30.320 D/UIAutomatorStub( 2789): URI: /jsonrpc/0, Method: POST, Header: {content-type=application/json, connection=close, remote-addr=127.0.0.1, host=localhost:9008, content-length=185, http-client-ip=127.0.0.1, user-agent=Python-urllib/2.7, accept-encoding=identity}, params, {NanoHttpd.QUERY_STRING={"params": [{"childOrSiblingSelector": [], "text": "FRAMES PER SECOND", "mask": 1, "childOrSibling": []}], "jsonrpc": "2.0", "method": "exist", "id": "6161180ca71649daea58887350bbeda7"}, {"params": [{"childOrSiblingSelector": [], "text": "FRAMES PER SECOND", "mask": 1, "childOrSibling": []}], "jsonrpc": "2.0", "method": "exist", "id": "6161180ca71649daea58887350bbeda7"}=}, files: {}
04-23 10:17:30.330 D/dalvikvm( 2789): GC_CONCURRENT freed 472K, 75% free 1288K/5084K, paused 1ms+1ms, total 17ms
04-23 10:17:30.700 D/audio_hw_primary(  113): out_standby
04-23 10:17:32.350 D/UIAutomatorStub( 2789): URI: /jsonrpc/0, Method: POST, Header: {content-type=application/json, connection=close, remote-addr=127.0.0.1, host=localhost:9008, content-length=185, http-client-ip=127.0.0.1, user-agent=Python-urllib/2.7, accept-encoding=identity}, params, {{"params": [{"childOrSiblingSelector": [], "text": "FRAMES PER SECOND", "mask": 1, "childOrSibling": []}], "jsonrpc": "2.0", "method": "exist", "id": "31fba5c77bd66e55d72abc544cd67387"}=, NanoHttpd.QUERY_STRING={"params": [{"childOrSiblingSelector": [], "text": "FRAMES PER SECOND", "mask": 1, "childOrSibling": []}], "jsonrpc": "2.0", "method": "exist", "id": "31fba5c77bd66e55d72abc544cd67387"}}, files: {}
04-23 10:17:34.480 D/UIAutomatorStub( 2789): URI: /jsonrpc/0, Method: POST, Header: {content-type=application/json, connection=close, remote-addr=127.0.0.1, host=localhost:9008, content-length=185, http-client-ip=127.0.0.1, user-agent=Python-urllib/2.7, accept-encoding=identity}, params, {NanoHttpd.QUERY_STRING={"params": [{"childOrSiblingSelector": [], "text": "FRAMES PER SECOND", "mask": 1, "childOrSibling": []}], "jsonrpc": "2.0", "method": "exist", "id": "50893a183e2f0fbfbc2251f032045c56"}, {"params": [{"childOrSiblingSelector": [], "text": "FRAMES PER SECOND", "mask": 1, "childOrSibling": []}], "jsonrpc": "2.0", "method": "exist", "id": "50893a183e2f0fbfbc2251f032045c56"}=}, files: {}
04-23 10:17:36.510 D/UIAutomatorStub( 2789): URI: /jsonrpc/0, Method: POST, Header: {content-type=application/json, connection=close, remote-addr=127.0.0.1, host=localhost:9008, content-length=185, http-client-ip=127.0.0.1, user-agent=Python-urllib/2.7, accept-encoding=identity}, params, {{"params": [{"childOrSiblingSelector": [], "text": "FRAMES PER SECOND", "mask": 1, "childOrSibling": []}], "jsonrpc": "2.0", "method": "exist", "id": "ad1816dcaf6dd85a05885a99cfc93df8"}=, NanoHttpd.QUERY_STRING={"params": [{"childOrSiblingSelector": [], "text": "FRAMES PER SECOND", "mask": 1, "childOrSibling": []}], "jsonrpc": "2.0", "method": "exist", "id": "ad1816dcaf6dd85a05885a99cfc93df8"}}, files: {}
04-23 10:17:36.530 D/dalvikvm( 2789): GC_CONCURRENT freed 473K, 75% free 1280K/5084K, paused 3ms+2ms, total 32ms
04-23 10:17:38.560 D/UIAutomatorStub( 2789): URI: /jsonrpc/0, Method: POST, Header: {content-type=application/json, connection=close, remote-addr=127.0.0.1, host=localhost:9008, content-length=185, http-client-ip=127.0.0.1, user-agent=Python-urllib/2.7, accept-encoding=identity}, params, {{"params": [{"childOrSiblingSelector": [], "text": "FRAMES PER SECOND", "mask": 1, "childOrSibling": []}], "jsonrpc": "2.0", "method": "exist", "id": "249608cb4c2827edf19a0d69ef5d728e"}=, NanoHttpd.QUERY_STRING={"params": [{"childOrSiblingSelector": [], "text": "FRAMES PER SECOND", "mask": 1, "childOrSibling": []}], "jsonrpc": "2.0", "method": "exist", "id": "249608cb4c2827edf19a0d69ef5d728e"}}, files: {}
04-23 10:17:40.670 D/UIAutomatorStub( 2789): URI: /jsonrpc/0, Method: POST, Header: {content-type=application/json, connection=close, remote-addr=127.0.0.1, host=localhost:9008, content-length=185, http-client-ip=127.0.0.1, user-agent=Python-urllib/2.7, accept-encoding=identity}, params, {NanoHttpd.QUERY_STRING={"params": [{"childOrSiblingSelector": [], "text": "FRAMES PER SECOND", "mask": 1, "childOrSibling": []}], "jsonrpc": "2.0", "method": "exist", "id": "4a25093df03091317efa1e70ea5499ce"}, {"params": [{"childOrSiblingSelector": [], "text": "FRAMES PER SECOND", "mask": 1, "childOrSibling": []}], "jsonrpc": "2.0", "method": "exist", "id": "4a25093df03091317efa1e70ea5499ce"}=}, files: {}
04-23 10:17:42.740 D/UIAutomatorStub( 2789): URI: /jsonrpc/0, Method: POST, Header: {content-type=application/json, connection=close, remote-addr=127.0.0.1, host=localhost:9008, content-length=185, http-client-ip=127.0.0.1, user-agent=Python-urllib/2.7, accept-encoding=identity}, params, {{"params": [{"childOrSiblingSelector": [], "text": "FRAMES PER SECOND", "mask": 1, "childOrSibling": []}], "jsonrpc": "2.0", "method": "exist", "id": "8ddf3f6956ceeebdb3cfa82ccc500ee6"}=, NanoHttpd.QUERY_STRING={"params": [{"childOrSiblingSelector": [], "text": "FRAMES PER SECOND", "mask": 1, "childOrSibling": []}], "jsonrpc": "2.0", "method": "exist", "id": "8ddf3f6956ceeebdb3cfa82ccc500ee6"}}, files: {}
04-23 10:17:42.740 D/dalvikvm( 2789): GC_CONCURRENT freed 416K, 74% free 1322K/5084K, paused 2ms+24ms, total 40ms
04-23 10:17:44.780 D/UIAutomatorStub( 2789): URI: /jsonrpc/0, Method: POST, Header: {content-type=application/json, connection=close, remote-addr=127.0.0.1, host=localhost:9008, content-length=185, http-client-ip=127.0.0.1, user-agent=Python-urllib/2.7, accept-encoding=identity}, params, {NanoHttpd.QUERY_STRING={"params": [{"childOrSiblingSelector": [], "text": "FRAMES PER SECOND", "mask": 1, "childOrSibling": []}], "jsonrpc": "2.0", "method": "exist", "id": "480221cebb0fd78cb8be1b9704e30673"}, {"params": [{"childOrSiblingSelector": [], "text": "FRAMES PER SECOND", "mask": 1, "childOrSibling": []}], "jsonrpc": "2.0", "method": "exist", "id": "480221cebb0fd78cb8be1b9704e30673"}=}, files: {}
04-23 10:17:46.910 D/UIAutomatorStub( 2789): URI: /jsonrpc/0, Method: POST, Header: {content-type=application/json, connection=close, remote-addr=127.0.0.1, host=localhost:9008, content-length=185, http-client-ip=127.0.0.1, user-agent=Python-urllib/2.7, accept-encoding=identity}, params, {{"params": [{"childOrSiblingSelector": [], "text": "FRAMES PER SECOND", "mask": 1, "childOrSibling": []}], "jsonrpc": "2.0", "method": "exist", "id": "a0f5937f5b71ab9dcef4d4651cda1552"}=, NanoHttpd.QUERY_STRING={"params": [{"childOrSiblingSelector": [], "text": "FRAMES PER SECOND", "mask": 1, "childOrSibling": []}], "jsonrpc": "2.0", "method": "exist", "id": "a0f5937f5b71ab9dcef4d4651cda1552"}}, files: {}
04-23 10:17:48.970 D/UIAutomatorStub( 2789): URI: /jsonrpc/0, Method: POST, Header: {content-type=application/json, connection=close, remote-addr=127.0.0.1, host=localhost:9008, content-length=185, http-client-ip=127.0.0.1, user-agent=Python-urllib/2.7, accept-encoding=identity}, params, {{"params": [{"childOrSiblingSelector": [], "text": "FRAMES PER SECOND", "mask": 1, "childOrSibling": []}], "jsonrpc": "2.0", "method": "exist", "id": "79dd7d1e5c57e611041ec9e39bbc42d3"}=, NanoHttpd.QUERY_STRING={"params": [{"childOrSiblingSelector": [], "text": "FRAMES PER SECOND", "mask": 1, "childOrSibling": []}], "jsonrpc": "2.0", "method": "exist", "id": "79dd7d1e5c57e611041ec9e39bbc42d3"}}, files: {}
04-23 10:17:48.980 D/dalvikvm( 2789): GC_CONCURRENT freed 466K, 74% free 1329K/5084K, paused 3ms+1ms, total 34ms
04-23 10:17:51.000 D/UIAutomatorStub( 2789): URI: /jsonrpc/0, Method: POST, Header: {content-type=application/json, connection=close, remote-addr=127.0.0.1, host=localhost:9008, content-length=185, http-client-ip=127.0.0.1, user-agent=Python-urllib/2.7, accept-encoding=identity}, params, {{"params": [{"childOrSiblingSelector": [], "text": "FRAMES PER SECOND", "mask": 1, "childOrSibling": []}], "jsonrpc": "2.0", "method": "exist", "id": "856ddeb6a552c3526440bae89c9c84ef"}=, NanoHttpd.QUERY_STRING={"params": [{"childOrSiblingSelector": [], "text": "FRAMES PER SECOND", "mask": 1, "childOrSibling": []}], "jsonrpc": "2.0", "method": "exist", "id": "856ddeb6a552c3526440bae89c9c84ef"}}, files: {}
04-23 10:17:53.140 D/UIAutomatorStub( 2789): URI: /jsonrpc/0, Method: POST, Header: {content-type=application/json, connection=close, remote-addr=127.0.0.1, host=localhost:9008, content-length=185, http-client-ip=127.0.0.1, user-agent=Python-urllib/2.7, accept-encoding=identity}, params, {{"params": [{"childOrSiblingSelector": [], "text": "FRAMES PER SECOND", "mask": 1, "childOrSibling": []}], "jsonrpc": "2.0", "method": "exist", "id": "0903da7d0940ad955a060f3e67e1d6e8"}=, NanoHttpd.QUERY_STRING={"params": [{"childOrSiblingSelector": [], "text": "FRAMES PER SECOND", "mask": 1, "childOrSibling": []}], "jsonrpc": "2.0", "method": "exist", "id": "0903da7d0940ad955a060f3e67e1d6e8"}}, files: {}
04-23 10:17:55.180 D/UIAutomatorStub( 2789): URI: /jsonrpc/0, Method: POST, Header: {content-type=application/json, connection=close, remote-addr=127.0.0.1, host=localhost:9008, content-length=185, http-client-ip=127.0.0.1, user-agent=Python-urllib/2.7, accept-encoding=identity}, params, {NanoHttpd.QUERY_STRING={"params": [{"childOrSiblingSelector": [], "text": "FRAMES PER SECOND", "mask": 1, "childOrSibling": []}], "jsonrpc": "2.0", "method": "exist", "id": "76a5860dbefe180e9c21c9a684c12936"}, {"params": [{"childOrSiblingSelector": [], "text": "FRAMES PER SECOND", "mask": 1, "childOrSibling": []}], "jsonrpc": "2.0", "method": "exist", "id": "76a5860dbefe180e9c21c9a684c12936"}=}, files: {}
04-23 10:17:55.180 D/dalvikvm( 2789): GC_CONCURRENT freed 505K, 75% free 1281K/5084K, paused 2ms+2ms, total 15ms
04-23 10:17:57.210 D/UIAutomatorStub( 2789): URI: /jsonrpc/0, Method: POST, Header: {content-type=application/json, connection=close, remote-addr=127.0.0.1, host=localhost:9008, content-length=185, http-client-ip=127.0.0.1, user-agent=Python-urllib/2.7, accept-encoding=identity}, params, {NanoHttpd.QUERY_STRING={"params": [{"childOrSiblingSelector": [], "text": "FRAMES PER SECOND", "mask": 1, "childOrSibling": []}], "jsonrpc": "2.0", "method": "exist", "id": "918563ae126aa7d89f6716c23f82c888"}, {"params": [{"childOrSiblingSelector": [], "text": "FRAMES PER SECOND", "mask": 1, "childOrSibling": []}], "jsonrpc": "2.0", "method": "exist", "id": "918563ae126aa7d89f6716c23f82c888"}=}, files: {}
04-23 10:17:59.330 D/UIAutomatorStub( 2789): URI: /jsonrpc/0, Method: POST, Header: {content-type=application/json, connection=close, remote-addr=127.0.0.1, host=localhost:9008, content-length=185, http-client-ip=127.0.0.1, user-agent=Python-urllib/2.7, accept-encoding=identity}, params, {{"params": [{"childOrSiblingSelector": [], "text": "FRAMES PER SECOND", "mask": 1, "childOrSibling": []}], "jsonrpc": "2.0", "method": "exist", "id": "efb6ade8b4cbfbce474bc75698647824"}=, NanoHttpd.QUERY_STRING={"params": [{"childOrSiblingSelector": [], "text": "FRAMES PER SECOND", "mask": 1, "childOrSibling": []}], "jsonrpc": "2.0", "method": "exist", "id": "efb6ade8b4cbfbce474bc75698647824"}}, files: {}
04-23 10:18:00.150 D/ConnectivityService(  431): handleInetConditionChange: no active default network - ignore
04-23 10:18:00.220 I/ActivityManager(  431): Delay finish: com.google.android.gsf/.checkin.EventLogService$Receiver
04-23 10:18:00.230 I/EventLogService( 8704): Aggregate from 1398217634963 (log), 1398217634963 (data)
04-23 10:18:00.270 D/dalvikvm( 8704): GC_CONCURRENT freed 237K, 6% free 4776K/5048K, paused 3ms+3ms, total 25ms
04-23 10:18:00.360 W/EventLogAggregator( 8704): Unknown tag: SYSTEM_AUDIT
04-23 10:18:00.400 I/ActivityManager(  431): Resuming delayed broadcast
04-23 10:18:01.370 D/UIAutomatorStub( 2789): URI: /jsonrpc/0, Method: POST, Header: {content-type=application/json, connection=close, remote-addr=127.0.0.1, host=localhost:9008, content-length=185, http-client-ip=127.0.0.1, user-agent=Python-urllib/2.7, accept-encoding=identity}, params, {NanoHttpd.QUERY_STRING={"params": [{"childOrSiblingSelector": [], "text": "FRAMES PER SECOND", "mask": 1, "childOrSibling": []}], "jsonrpc": "2.0", "method": "exist", "id": "18fc0d3012f625ea858ca2aa59f84153"}, {"params": [{"childOrSiblingSelector": [], "text": "FRAMES PER SECOND", "mask": 1, "childOrSibling": []}], "jsonrpc": "2.0", "method": "exist", "id": "18fc0d3012f625ea858ca2aa59f84153"}=}, files: {}
04-23 10:18:01.380 D/dalvikvm( 2789): GC_CONCURRENT freed 465K, 75% free 1282K/5084K, paused 1ms+2ms, total 15ms
04-23 10:18:03.410 D/UIAutomatorStub( 2789): URI: /jsonrpc/0, Method: POST, Header: {content-type=application/json, connection=close, remote-addr=127.0.0.1, host=localhost:9008, content-length=185, http-client-ip=127.0.0.1, user-agent=Python-urllib/2.7, accept-encoding=identity}, params, {{"params": [{"childOrSiblingSelector": [], "text": "FRAMES PER SECOND", "mask": 1, "childOrSibling": []}], "jsonrpc": "2.0", "method": "exist", "id": "6e99a9fd1070d6f66e0f637513866276"}=, NanoHttpd.QUERY_STRING={"params": [{"childOrSiblingSelector": [], "text": "FRAMES PER SECOND", "mask": 1, "childOrSibling": []}], "jsonrpc": "2.0", "method": "exist", "id": "6e99a9fd1070d6f66e0f637513866276"}}, files: {}
04-23 10:18:05.500 D/UIAutomatorStub( 2789): URI: /jsonrpc/0, Method: POST, Header: {content-type=application/json, connection=close, remote-addr=127.0.0.1, host=localhost:9008, content-length=185, http-client-ip=127.0.0.1, user-agent=Python-urllib/2.7, accept-encoding=identity}, params, {{"params": [{"childOrSiblingSelector": [], "text": "FRAMES PER SECOND", "mask": 1, "childOrSibling": []}], "jsonrpc": "2.0", "method": "exist", "id": "d533dae123755fe02107f84f7c59e44f"}=, NanoHttpd.QUERY_STRING={"params": [{"childOrSiblingSelector": [], "text": "FRAMES PER SECOND", "mask": 1, "childOrSibling": []}], "jsonrpc": "2.0", "method": "exist", "id": "d533dae123755fe02107f84f7c59e44f"}}, files: {}
04-23 10:18:06.170 D/PowerManagerService(  431): mHoldBootFastWakeLock = true
04-23 10:18:07.540 D/dalvikvm( 2789): GC_CONCURRENT freed 425K, 75% free 1300K/5084K, paused 3ms+2ms, total 16ms
04-23 10:18:07.540 D/UIAutomatorStub( 2789): URI: /jsonrpc/0, Method: POST, Header: {content-type=application/json, connection=close, remote-addr=127.0.0.1, host=localhost:9008, content-length=185, http-client-ip=127.0.0.1, user-agent=Python-urllib/2.7, accept-encoding=identity}, params, {NanoHttpd.QUERY_STRING={"params": [{"childOrSiblingSelector": [], "text": "FRAMES PER SECOND", "mask": 1, "childOrSibling": []}], "jsonrpc": "2.0", "method": "exist", "id": "f4914f0354a62edc22b54aea08ff32d5"}, {"params": [{"childOrSiblingSelector": [], "text": "FRAMES PER SECOND", "mask": 1, "childOrSibling": []}], "jsonrpc": "2.0", "method": "exist", "id": "f4914f0354a62edc22b54aea08ff32d5"}=}, files: {}
04-23 10:18:09.560 D/UIAutomatorStub( 2789): URI: /jsonrpc/0, Method: POST, Header: {content-type=application/json, connection=close, remote-addr=127.0.0.1, host=localhost:9008, content-length=185, http-client-ip=127.0.0.1, user-agent=Python-urllib/2.7, accept-encoding=identity}, params, {{"params": [{"childOrSiblingSelector": [], "text": "FRAMES PER SECOND", "mask": 1, "childOrSibling": []}], "jsonrpc": "2.0", "method": "exist", "id": "cf85d64f10b108f55bcd1c27e18101b7"}=, NanoHttpd.QUERY_STRING={"params": [{"childOrSiblingSelector": [], "text": "FRAMES PER SECOND", "mask": 1, "childOrSibling": []}], "jsonrpc": "2.0", "method": "exist", "id": "cf85d64f10b108f55bcd1c27e18101b7"}}, files: {}
04-23 10:18:11.650 D/UIAutomatorStub( 2789): URI: /jsonrpc/0, Method: POST, Header: {content-type=application/json, connection=close, remote-addr=127.0.0.1, host=localhost:9008, content-length=185, http-client-ip=127.0.0.1, user-agent=Python-urllib/2.7, accept-encoding=identity}, params, {{"params": [{"childOrSiblingSelector": [], "text": "FRAMES PER SECOND", "mask": 1, "childOrSibling": []}], "jsonrpc": "2.0", "method": "exist", "id": "41d45c9a07d9e0911750c410296efecf"}=, NanoHttpd.QUERY_STRING={"params": [{"childOrSiblingSelector": [], "text": "FRAMES PER SECOND", "mask": 1, "childOrSibling": []}], "jsonrpc": "2.0", "method": "exist", "id": "41d45c9a07d9e0911750c410296efecf"}}, files: {}
