04-24 10:59:29.720 W/ActivityManager(  431): Scheduling restart of crashed service com.kugou.android/com.kugou.framework.service.KugouPlaybackService in 24997ms
04-24 10:59:29.720 I/ActivityManager(  431): Process com.softwinner.baseservice:baseservice (pid 18953) has died.
04-24 10:59:29.720 W/ActivityManager(  431): Scheduling restart of crashed service com.softwinner.baseservice/com.softwinner.service.SoftWinnerService in 34993ms
04-24 10:59:29.730 I/ActivityManager(  431): Process com.android.launcher (pid 18861) has died.
04-24 10:59:29.730 I/WindowState(  431): WIN DEATH: Window{41d687f0 u0 com.android.launcher/com.android.launcher2.Launcher}
04-24 10:59:29.750 I/ActivityManager(  431): Process com.softwinner.update (pid 28837) has died.
04-24 10:59:29.750 W/ActivityManager(  431): Scheduling restart of crashed service com.softwinner.update/.UpdateService in 44969ms
04-24 10:59:29.760 I/ActivityManager(  431): Process com.google.process.gapps (pid 25086) has died.
04-24 10:59:29.760 W/ActivityManager(  431): Scheduling restart of crashed service com.google.android.gsf/.gtalkservice.service.GTalkServiceProxy in 54960ms
04-24 10:59:29.760 W/ActivityManager(  431): Scheduling restart of crashed service com.google.android.gms/.gcm.GcmService in 64959ms
04-24 10:59:29.770 I/ActivityManager(  431): Process com.google.android.googlequicksearchbox:search (pid 1276) has died.
04-24 10:59:29.770 W/ActivityManager(  431): Scheduling restart of crashed service com.google.android.googlequicksearchbox/com.google.android.search.core.service.SearchService in 74947ms
04-24 10:59:29.800 I/ActivityManager(  431): Process com.android.inputmethod.latin (pid 19087) has died.
04-24 10:59:29.800 W/ActivityManager(  431): Scheduling restart of crashed service com.android.inputmethod.latin/.LatinIME in 74914ms
04-24 10:59:29.810 W/InputMethodManagerService(  431): Session failed to close due to remote exception
04-24 10:59:29.810 W/InputMethodManagerService(  431): android.os.DeadObjectException
04-24 10:59:29.810 W/InputMethodManagerService(  431): 	at android.os.BinderProxy.transact(Native Method)
04-24 10:59:29.810 W/InputMethodManagerService(  431): 	at com.android.internal.view.IInputMethodSession$Stub$Proxy.finishSession(IInputMethodSession.java:292)
04-24 10:59:29.810 W/InputMethodManagerService(  431): 	at com.android.server.InputMethodManagerService.finishSessionLocked(InputMethodManagerService.java:1359)
04-24 10:59:29.810 W/InputMethodManagerService(  431): 	at com.android.server.InputMethodManagerService.clearClientSessionLocked(InputMethodManagerService.java:1350)
04-24 10:59:29.810 W/InputMethodManagerService(  431): 	at com.android.server.InputMethodManagerService.clearCurMethodLocked(InputMethodManagerService.java:1376)
04-24 10:59:29.810 W/InputMethodManagerService(  431): 	at com.android.server.InputMethodManagerService.onServiceDisconnected(InputMethodManagerService.java:1395)
04-24 10:59:29.810 W/InputMethodManagerService(  431): 	at android.app.LoadedApk$ServiceDispatcher.doDeath(LoadedApk.java:1120)
04-24 10:59:29.810 W/InputMethodManagerService(  431): 	at android.app.LoadedApk$ServiceDispatcher$RunConnection.run(LoadedApk.java:1134)
04-24 10:59:29.810 W/InputMethodManagerService(  431): 	at android.os.Handler.handleCallback(Handler.java:733)
04-24 10:59:29.810 W/InputMethodManagerService(  431): 	at android.os.Handler.dispatchMessage(Handler.java:95)
04-24 10:59:29.810 W/InputMethodManagerService(  431): 	at android.os.Looper.loop(Looper.java:137)
04-24 10:59:29.810 W/InputMethodManagerService(  431): 	at com.android.server.ServerThread.initAndLoop(SystemServer.java:1092)
04-24 10:59:29.810 W/InputMethodManagerService(  431): 	at com.android.server.SystemServer.main(SystemServer.java:1178)
04-24 10:59:29.810 W/InputMethodManagerService(  431): 	at java.lang.reflect.Method.invokeNative(Native Method)
04-24 10:59:29.810 W/InputMethodManagerService(  431): 	at java.lang.reflect.Method.invoke(Method.java:515)
04-24 10:59:29.810 W/InputMethodManagerService(  431): 	at com.android.internal.os.ZygoteInit$MethodAndArgsCaller.run(ZygoteInit.java:777)
04-24 10:59:29.810 W/InputMethodManagerService(  431): 	at com.android.internal.os.ZygoteInit.main(ZygoteInit.java:593)
04-24 10:59:29.810 W/InputMethodManagerService(  431): 	at dalvik.system.NativeStart.main(Native Method)
04-24 10:59:29.810 W/InputMethodManagerService(  431): Session failed to close due to remote exception
04-24 10:59:29.810 W/InputMethodManagerService(  431): android.os.DeadObjectException
04-24 10:59:29.810 W/InputMethodManagerService(  431): 	at android.os.BinderProxy.transact(Native Method)
04-24 10:59:29.810 W/InputMethodManagerService(  431): 	at com.android.internal.view.IInputMethodSession$Stub$Proxy.finishSession(IInputMethodSession.java:292)
04-24 10:59:29.810 W/InputMethodManagerService(  431): 	at com.android.server.InputMethodManagerService.finishSessionLocked(InputMethodManagerService.java:1359)
04-24 10:59:29.810 W/InputMethodManagerService(  431): 	at com.android.server.InputMethodManagerService.clearClientSessionLocked(InputMethodManagerService.java:1350)
04-24 10:59:29.810 W/InputMethodManagerService(  431): 	at com.android.server.InputMethodManagerService.clearCurMethodLocked(InputMethodManagerService.java:1376)
04-24 10:59:29.810 W/InputMethodManagerService(  431): 	at com.android.server.InputMethodManagerService.onServiceDisconnected(InputMethodManagerService.java:1395)
04-24 10:59:29.810 W/InputMethodManagerService(  431): 	at android.app.LoadedApk$ServiceDispatcher.doDeath(LoadedApk.java:1120)
04-24 10:59:29.810 W/InputMethodManagerService(  431): 	at android.app.LoadedApk$ServiceDispatcher$RunConnection.run(LoadedApk.java:1134)
04-24 10:59:29.810 W/InputMethodManagerService(  431): 	at android.os.Handler.handleCallback(Handler.java:733)
04-24 10:59:29.810 W/InputMethodManagerService(  431): 	at android.os.Handler.dispatchMessage(Handler.java:95)
04-24 10:59:29.810 W/InputMethodManagerService(  431): 	at android.os.Looper.loop(Looper.java:137)
04-24 10:59:29.810 W/InputMethodManagerService(  431): 	at com.android.server.ServerThread.initAndLoop(SystemServer.java:1092)
04-24 10:59:29.810 W/InputMethodManagerService(  431): 	at com.android.server.SystemServer.main(SystemServer.java:1178)
04-24 10:59:29.810 W/InputMethodManagerService(  431): 	at java.lang.reflect.Method.invokeNative(Native Method)
04-24 10:59:29.810 W/InputMethodManagerService(  431): 	at java.lang.reflect.Method.invoke(Method.java:515)
04-24 10:59:29.810 W/InputMethodManagerService(  431): 	at com.android.internal.os.ZygoteInit$MethodAndArgsCaller.run(ZygoteInit.java:777)
04-24 10:59:29.810 W/InputMethodManagerService(  431): 	at com.android.internal.os.ZygoteInit.main(ZygoteInit.java:593)
04-24 10:59:29.810 W/InputMethodManagerService(  431): 	at dalvik.system.NativeStart.main(Native Method)
04-24 10:59:29.820 W/InputMethodManagerService(  431): Session failed to close due to remote exception
04-24 10:59:29.820 W/InputMethodManagerService(  431): android.os.DeadObjectException
04-24 10:59:29.820 W/InputMethodManagerService(  431): 	at android.os.BinderProxy.transact(Native Method)
04-24 10:59:29.820 W/InputMethodManagerService(  431): 	at com.android.internal.view.IInputMethodSession$Stub$Proxy.finishSession(IInputMethodSession.java:292)
04-24 10:59:29.820 W/InputMethodManagerService(  431): 	at com.android.server.InputMethodManagerService.finishSessionLocked(InputMethodManagerService.java:1359)
04-24 10:59:29.820 W/InputMethodManagerService(  431): 	at com.android.server.InputMethodManagerService.clearClientSessionLocked(InputMethodManagerService.java:1350)
04-24 10:59:29.820 W/InputMethodManagerService(  431): 	at com.android.server.InputMethodManagerService.clearCurMethodLocked(InputMethodManagerService.java:1376)
04-24 10:59:29.820 W/InputMethodManagerService(  431): 	at com.android.server.InputMethodManagerService.onServiceDisconnected(InputMethodManagerService.java:1395)
04-24 10:59:29.820 W/InputMethodManagerService(  431): 	at android.app.LoadedApk$ServiceDispatcher.doDeath(LoadedApk.java:1120)
04-24 10:59:29.820 W/InputMethodManagerService(  431): 	at android.app.LoadedApk$ServiceDispatcher$RunConnection.run(LoadedApk.java:1134)
04-24 10:59:29.820 W/InputMethodManagerService(  431): 	at android.os.Handler.handleCallback(Handler.java:733)
04-24 10:59:29.820 W/InputMethodManagerService(  431): 	at android.os.Handler.dispatchMessage(Handler.java:95)
04-24 10:59:29.820 W/InputMethodManagerService(  431): 	at android.os.Looper.loop(Looper.java:137)
04-24 10:59:29.820 W/InputMethodManagerService(  431): 	at com.android.server.ServerThread.initAndLoop(SystemServer.java:1092)
04-24 10:59:29.820 W/InputMethodManagerService(  431): 	at com.android.server.SystemServer.main(SystemServer.java:1178)
04-24 10:59:29.820 W/InputMethodManagerService(  431): 	at java.lang.reflect.Method.invokeNative(Native Method)
04-24 10:59:29.820 W/InputMethodManagerService(  431): 	at java.lang.reflect.Method.invoke(Method.java:515)
04-24 10:59:29.820 W/InputMethodManagerService(  431): 	at com.android.internal.os.ZygoteInit$MethodAndArgsCaller.run(ZygoteInit.java:777)
04-24 10:59:29.820 W/InputMethodManagerService(  431): 	at com.android.internal.os.ZygoteInit.main(ZygoteInit.java:593)
04-24 10:59:29.820 W/InputMethodManagerService(  431): 	at dalvik.system.NativeStart.main(Native Method)
04-24 10:59:29.870 I/ActivityManager(  431): Process com.android.smspush (pid 11996) has died.
04-24 10:59:29.870 W/ActivityManager(  431): Scheduling restart of crashed service com.android.smspush/.WapPushManager in 84850ms
04-24 10:59:29.910 I/ActivityManager(  431): Process com.google.process.location (pid 25147) has died.
04-24 10:59:29.920 W/ActivityManager(  431): Scheduling restart of crashed service com.google.android.gms/com.google.android.location.geocode.GeocodeService in 94801ms
04-24 10:59:29.920 W/ActivityManager(  431): Scheduling restart of crashed service com.google.android.gms/com.google.android.location.fused.FusedLocationService in 104801ms
04-24 10:59:29.920 W/ActivityManager(  431): Scheduling restart of crashed service com.google.android.gms/com.google.android.location.reporting.service.DispatchingService in 114801ms
04-24 10:59:29.920 W/ActivityManager(  431): Scheduling restart of crashed service com.google.android.gms/com.google.android.location.internal.GoogleLocationManagerService in 124801ms
04-24 10:59:29.920 W/ActivityManager(  431): Scheduling restart of crashed service com.google.android.gms/com.google.android.location.geofencer.service.GeofenceProviderService in 134801ms
04-24 10:59:29.920 W/ActivityManager(  431): Scheduling restart of crashed service com.google.android.gms/com.google.android.location.internal.server.GoogleLocationService in 144801ms
04-24 10:59:29.920 W/ActivityManager(  431): Scheduling restart of crashed service com.google.android.gms/com.google.android.location.fused.NlpLocationReceiverService in 154801ms
04-24 10:59:29.920 W/ActivityManager(  431): Scheduling restart of crashed service com.google.android.gms/com.google.android.location.network.NetworkLocationService in 164801ms
04-24 10:59:29.960 I/ActivityManager(  431): Process com.antutu.ABenchMark (pid 1582) has died.
04-24 10:59:29.960 W/ActivityManager(  431): Scheduling restart of crashed service com.antutu.ABenchMark/com.antutu.benchmark.BenchmarkService in 174757ms
04-24 10:59:29.970 I/WindowState(  431): WIN DEATH: Window{419d0930 u0 com.antutu.ABenchMark/com.antutu.benchmark.activity.MainActivity}
04-24 10:59:29.970 W/ActivityManager(  431): Force removing ActivityRecord{41ee2a58 u0 com.antutu.ABenchMark/com.antutu.benchmark.activity.ScoreBenchActivity t40}: app died, no saved state
04-24 10:59:29.970 I/WindowState(  431): WIN DEATH: Window{41e813c8 u0 com.antutu.ABenchMark/com.antutu.benchmark.activity.ScoreBenchActivity}
04-24 10:59:30.310 I/ActivityManager(  431): Low on memory:
04-24 10:59:30.310 I/ActivityManager(  431):   ntv   N    14331 kB: uiautomator (1540) native
04-24 10:59:30.310 I/ActivityManager(  431):   ntv   N    10107 kB: zygote (111) native
04-24 10:59:30.310 I/ActivityManager(  431):   ntv   N     2292 kB: mediaserver (113) native
04-24 10:59:30.310 I/ActivityManager(  431):   ntv   N     2277 kB: debuggerd (12025) native
04-24 10:59:30.310 I/ActivityManager(  431):   ntv   N     1378 kB: surfaceflinger (110) native
04-24 10:59:30.310 I/ActivityManager(  431):   ntv   N     1182 kB: updatesoftwinner (109) native
04-24 10:59:30.310 I/ActivityManager(  431):   ntv   N      712 kB: wpa_supplicant (639) native
04-24 10:59:30.310 I/ActivityManager(  431):   ntv   N      611 kB: netd (107) native
04-24 10:59:30.310 I/ActivityManager(  431):   ntv   N      340 kB: drmserver (112) native
04-24 10:59:30.310 I/ActivityManager(  431):   ntv   N      250 kB: logcat (1533) native
04-24 10:59:30.310 I/ActivityManager(  431):   ntv   N      248 kB: /init (1) native
04-24 10:59:30.310 I/ActivityManager(  431):   ntv   N      235 kB: dhcpcd (21868) native
04-24 10:59:30.310 I/ActivityManager(  431):   ntv   N      224 kB: adbd (117) native
04-24 10:59:30.310 I/ActivityManager(  431):   ntv   N      173 kB: rild (784) native
04-24 10:59:30.310 I/ActivityManager(  431):   ntv   N      172 kB: vold (106) native
04-24 10:59:30.310 I/ActivityManager(  431):   ntv   N      167 kB: keystore (115) native
04-24 10:59:30.310 I/ActivityManager(  431):   ntv   N      144 kB: sh (116) native
04-24 10:59:30.310 I/ActivityManager(  431):   ntv   N      136 kB: healthd (104) native
04-24 10:59:30.310 I/ActivityManager(  431):   ntv   N      129 kB: installd (114) native
04-24 10:59:30.310 I/ActivityManager(  431):   ntv   N      102 kB: ueventd (64) native
04-24 10:59:30.310 I/ActivityManager(  431):   ntv   N       59 kB: servicemanager (105) native
04-24 10:59:30.310 I/ActivityManager(  431):   ntv   N       37 kB: u3gmonitor (785) native
04-24 10:59:30.310 I/ActivityManager(  431):   ntv   N       16 kB: logwrapper (637) native
04-24 10:59:30.310 I/ActivityManager(  431):   sys   P    32356 kB: system (431) fixed
04-24 10:59:30.310 I/ActivityManager(  431):   pers  P    19613 kB: com.android.systemui (491) fixed
04-24 10:59:30.310 I/ActivityManager(  431):   pers  P     7711 kB: com.android.phone (633) fixed
04-24 10:59:30.310 I/ActivityManager(  431):   fore  T    53443 kB: com.antutu.ABenchMark:remote (2093) top-activity
04-24 10:59:30.310 I/ActivityManager(  431):   vis   IB       0 kB: com.google.process.location (25147) service
04-24 10:59:30.310 I/ActivityManager(  431):                        com.google.android.gms/com.google.android.location.network.NetworkLocationService<=Proc{431:system/1000}
04-24 10:59:30.310 I/ActivityManager(  431):   vis   IF       0 kB: com.android.smspush (11996) service
04-24 10:59:30.310 I/ActivityManager(  431):                        com.android.smspush/.WapPushManager<=Proc{633:com.android.phone/1001}
04-24 10:59:30.310 I/ActivityManager(  431):   prcp  T        0 kB: com.antutu.ABenchMark (1582) pausing
04-24 10:59:30.310 I/ActivityManager(  431):   prcp  IF       0 kB: com.android.inputmethod.latin (19087) service
04-24 10:59:30.310 I/ActivityManager(  431):                        com.android.inputmethod.latin/.LatinIME<=Proc{431:system/1000}
04-24 10:59:30.310 I/ActivityManager(  431):   svc   S        0 kB: com.google.android.googlequicksearchbox:search (1276) started-services
04-24 10:59:30.310 I/ActivityManager(  431):   home  HO       0 kB: com.android.launcher (18861) home
04-24 10:59:30.310 I/ActivityManager(  431):   cch   S        0 kB: com.google.process.gapps (25086) cch-started-services
04-24 10:59:30.310 I/ActivityManager(  431):   cch+2 S        0 kB: com.kugou.android.support (18992) cch-started-services
04-24 10:59:30.310 I/ActivityManager(  431):   cch+4 S        0 kB: com.softwinner.update (28837) cch-started-services
04-24 10:59:30.310 I/ActivityManager(  431):   cch+6 S        0 kB: com.softwinner.baseservice:baseservice (18953) cch-started-services
04-24 10:59:30.310 I/ActivityManager(  431):   cch+6 S        0 kB: com.pada.gamecenter (18879) cch-started-services
04-24 10:59:30.310 I/ActivityManager(  431):             148445 kB: TOTAL
04-24 10:59:30.310 I/ActivityManager(  431):   MemInfo: 29040 kB slab, 184 kB shmem, 356 kB buffers, 74536 kB cached, 99136 kB free
04-24 10:59:30.310 I/ActivityManager(  431):   ZRAM: 4004 kB RAM, 131068 kB swap total, 120524 kB swap free
04-24 10:59:30.770 I/BootReceiver(  431): Copying /data/tombstones/tombstone_06 to DropBox (SYSTEM_TOMBSTONE)
04-24 10:59:30.870 I/WindowState(  431): WIN DEATH: Window{41d4c330 u0 com.antutu.ABenchMark/com.antutu.ABenchMark.Test3D.OgreActivity}
04-24 10:59:30.880 W/WindowManager(  431): Force-removing child win Window{41dd7c50 u0 SurfaceView} from container Window{41d4c330 u0 com.antutu.ABenchMark/com.antutu.ABenchMark.Test3D.OgreActivity}
04-24 10:59:30.880 I/ActivityManager(  431): Process com.antutu.ABenchMark:remote (pid 2093) has died.
04-24 10:59:30.880 W/ActivityManager(  431): Force removing ActivityRecord{41d5dae8 u0 com.antutu.ABenchMark/.Test3D.OgreActivity t40}: app died, no saved state
04-24 10:59:30.910 W/WindowManager(  431): Failed looking up window
04-24 10:59:30.910 W/WindowManager(  431): java.lang.IllegalArgumentException: Requested window android.os.BinderProxy@41d76210 does not exist
04-24 10:59:30.910 W/WindowManager(  431): 	at com.android.server.wm.WindowManagerService.windowForClientLocked(WindowManagerService.java:7914)
04-24 10:59:30.910 W/WindowManager(  431): 	at com.android.server.wm.WindowManagerService.windowForClientLocked(WindowManagerService.java:7905)
04-24 10:59:30.910 W/WindowManager(  431): 	at com.android.server.wm.WindowState$DeathRecipient.binderDied(WindowState.java:1040)
04-24 10:59:30.910 W/WindowManager(  431): 	at android.os.BinderProxy.sendDeathNotice(Binder.java:493)
04-24 10:59:30.910 W/WindowManager(  431): 	at dalvik.system.NativeStart.run(Native Method)
04-24 10:59:30.910 I/WindowState(  431): WIN DEATH: null
04-24 10:59:30.940 I/ActivityManager(  431): Start proc com.antutu.ABenchMark for activity com.antutu.ABenchMark/com.antutu.benchmark.activity.MainActivity: pid=2122 uid=10076 gids={50076, 3003, 1028, 1015}
04-24 10:59:30.940 W/ActivityManager(  431): Launch timeout has expired, giving up wake lock!
04-24 10:59:31.280 I/ActivityManager(  431): START u0 {cmp=com.antutu.ABenchMark/com.antutu.benchmark.activity.aj} from pid 2122
04-24 10:59:31.880 I/WindowManager(  431): Screenshot max retries 4 of Token{41d47040 ActivityRecord{41d7e580 u0 com.antutu.ABenchMark/com.antutu.benchmark.activity.MainActivity t40 f}} appWin=Window{4215ad68 u0 Starting com.antutu.ABenchMark} drawState=4
04-24 10:59:31.880 W/WindowManager(  431): Screenshot failure taking screenshot for (768x1024) to layer 21010
04-24 10:59:31.900 I/ActivityManager(  431): Start proc com.android.launcher for activity com.android.launcher/com.android.launcher2.Launcher: pid=2177 uid=10011 gids={50011}
04-24 10:59:33.260 I/ActivityManager(  431): Start proc com.android.defcontainer for service com.android.defcontainer/.DefaultContainerService: pid=2195 uid=10003 gids={50003, 1028, 1015, 1023, 2001, 1035}
04-24 10:59:34.760 I/ActivityManager(  431): Start proc com.pada.gamecenter for service com.pada.gamecenter/.download.DownloadService: pid=2214 uid=10037 gids={50037, 3003, 1028, 1015}
04-24 10:59:36.040 I/ActivityManager(  431): Start proc com.android.deskclock for service com.android.deskclock/com.android.alarmclock.DigitalAppWidgetService: pid=2246 uid=10028 gids={50028, 1028}
04-24 10:59:44.740 I/ActivityManager(  431): Start proc com.kugou.android.support for service com.kugou.android/com.kugou.framework.service.KugouBackgroundService: pid=2267 uid=10081 gids={50081, 3003, 1028, 1015, 3002, 3001}
04-24 10:59:59.470 D/PowerManagerService(  431): mHoldBootFastWakeLock = true
04-24 11:00:00.470 I/ActivityManager(  431): START u0 {act=android.intent.action.MAIN cat=[android.intent.category.HOME] flg=0x10200000 cmp=com.android.launcher/com.android.launcher2.Launcher} from pid 431
04-24 11:00:04.740 I/ActivityManager(  431): Start proc com.softwinner.baseservice:baseservice for service com.softwinner.baseservice/com.softwinner.service.SoftWinnerService: pid=2364 uid=10065 gids={50065, 1028, 1015, 3003}
04-24 11:00:14.410 I/ActivityManager(  431): START u0 {act=android.intent.action.MAIN cat=[android.intent.category.HOME] flg=0x10200000 cmp=com.android.launcher/com.android.launcher2.Launcher} from pid 431
04-24 11:00:14.740 I/ActivityManager(  431): Start proc com.softwinner.update for service com.softwinner.update/.UpdateService: pid=2394 uid=10068 gids={50068, 2001, 1028, 1015, 1023, 3003}
04-24 11:00:24.740 I/ActivityManager(  431): Start proc com.google.process.gapps for service com.google.android.gsf/.gtalkservice.service.GTalkServiceProxy: pid=2418 uid=10006 gids={50006, 3003, 1007, 1028, 1015, 2001, 3006, 3007, 3002, 3001}
04-24 11:00:25.110 I/ActivityManager(  431): Start proc com.google.android.gms for broadcast com.google.android.gms/.init.InitializeGmsReceiver: pid=2437 uid=10006 gids={50006, 3003, 1007, 1028, 1015, 2001, 3006, 3007, 3002, 3001}
04-24 11:00:25.400 I/ActivityManager(  431): Delay finish: com.google.android.gms/.init.InitializeGmsReceiver
04-24 11:00:25.420 I/ActivityManager(  431): Resuming delayed broadcast
04-24 11:00:25.490 I/ActivityManager(  431): Delay finish: com.google.android.gms/.init.InitializeGmsReceiver
04-24 11:00:25.500 I/ActivityManager(  431): Resuming delayed broadcast
04-24 11:00:28.350 I/ActivityManager(  431): START u0 {act=android.intent.action.MAIN cat=[android.intent.category.HOME] flg=0x10200000 cmp=com.android.launcher/com.android.launcher2.Launcher} from pid 431
04-24 11:00:28.410 D/ConnectivityService(  431): handleInetConditionHoldEnd: net=1, condition=0, published condition=100
04-24 11:00:29.410 I/ActivityManager(  431): START u0 {act=android.intent.action.MAIN cat=[android.intent.category.HOME] flg=0x10200000 cmp=com.android.launcher/com.android.launcher2.Launcher} from pid 431
04-24 11:00:30.420 W/ProcessCpuTracker(  431): Skipping unknown process pid 2487
04-24 11:00:30.440 I/ActivityManager(  431): START u0 {act=com.android.systemui.recent.action.TOGGLE_RECENTS flg=0x10800000 cmp=com.android.systemui/.recent.RecentsActivity} from pid 491
04-24 11:00:31.280 W/ActivityThread( 2418): ClassLoader.loadClass: The class loader returned by Thread.getContextClassLoader() may fail for processes that host multiple applications. You should explicitly specify a context class loader. For example: Thread.setContextClassLoader(getClass().getClassLoader());
04-24 11:00:32.310 D/ConnectivityService(  431): handleInetConditionHoldEnd: net=1, condition=100, published condition=0
04-24 11:00:42.680 I/ActivityManager(  431): START u0 {act=android.intent.action.MAIN cat=[android.intent.category.HOME] flg=0x10200000 cmp=com.android.launcher/com.android.launcher2.Launcher} from pid 431
04-24 11:00:44.740 I/ActivityManager(  431): Start proc com.android.inputmethod.latin for service com.android.inputmethod.latin/.LatinIME: pid=2505 uid=10043 gids={50043, 1028, 1015}
04-24 11:00:45.050 I/ActivityManager(  431): Start proc android.process.acore for content provider com.android.providers.userdictionary/.UserDictionaryProvider: pid=2521 uid=10002 gids={50002, 3003, 1028, 1015}
04-24 11:00:45.290 W/InputMethodManagerService(  431): Client died receiving input method InputBindResult{com.android.internal.view.IInputMethodSession$Stub$Proxy@41a26aa0 com.android.inputmethod.latin/.LatinIME #270}
04-24 11:00:54.740 I/ActivityManager(  431): Start proc com.android.smspush for service com.android.smspush/.WapPushManager: pid=2545 uid=10072 gids={50072}
04-24 11:00:59.460 D/PowerManagerService(  431): mHoldBootFastWakeLock = true
04-24 11:01:04.750 I/ActivityManager(  431): Start proc com.google.process.location for service com.google.android.gms/com.google.android.location.geocode.GeocodeService: pid=2565 uid=10006 gids={50006, 3003, 1007, 1028, 1015, 2001, 3006, 3007, 3002, 3001}
04-24 11:01:04.900 I/ActivityManager(  431): Delay finish: com.google.android.gms/.init.InitializeGmsReceiver
04-24 11:01:04.910 I/ActivityManager(  431): Resuming delayed broadcast
04-24 11:01:06.170 W/AppOps  (  431): Bad call: specified package com.google.android.googlequicksearchbox under uid 10006 but it is really 10017
04-24 11:01:59.470 D/PowerManagerService(  431): mHoldBootFastWakeLock = true
04-24 11:02:43.690 I/PowerManagerService(  431): Going to sleep due to screen timeout...
04-24 11:02:44.270 W/InputMethodManagerService(  431): Got RemoteException sending setActive(false) notification to pid 2093 uid 10076
04-24 11:02:44.830 D/PowerManagerService(  431): mHoldBootFastWakeLock = true
04-24 11:02:59.470 D/PowerManagerService(  431): mHoldBootFastWakeLock = true
04-24 11:04:08.050 I/PowerManagerService(  431): Waking up from sleep...
04-24 11:04:08.080 I/WindowManager(  431): No lock screen! windowToken=null
04-24 11:04:08.170 W/InputMethodManagerService(  431): Got RemoteException sending setActive(false) notification to pid 2093 uid 10076
04-24 11:04:08.650 I/ActivityManager(  431): START u0 {act=android.intent.action.MAIN cat=[android.intent.category.HOME] flg=0x10200000 cmp=com.android.launcher/com.android.launcher2.Launcher} from pid 431
04-24 11:04:09.690 I/ActivityManager(  431): START u0 {act=android.intent.action.MAIN cat=[android.intent.category.HOME] flg=0x10200000 cmp=com.android.launcher/com.android.launcher2.Launcher} from pid 431
04-24 11:04:10.720 I/ActivityManager(  431): START u0 {act=com.android.systemui.recent.action.TOGGLE_RECENTS flg=0x10800000 cmp=com.android.systemui/.recent.RecentsActivity} from pid 491
04-24 11:04:12.020 W/InputMethodManagerService(  431): Got RemoteException sending setActive(false) notification to pid 2093 uid 10076
04-24 11:04:16.950 D/PowerManagerService(  431): mHoldBootFastWakeLock = true
04-24 11:04:23.130 I/ActivityManager(  431): START u0 {act=android.intent.action.MAIN cat=[android.intent.category.HOME] flg=0x10200000 cmp=com.android.launcher/com.android.launcher2.Launcher} from pid 431
04-24 11:04:23.250 W/InputMethodManagerService(  431): Starting input on non-focused client com.android.internal.view.IInputMethodClient$Stub$Proxy@41c343c0 (uid=10010 pid=491)
04-24 11:04:25.800 I/ActivityManager(  431): START u0 {act=android.intent.action.MAIN cat=[android.intent.category.LAUNCHER] flg=0x10200000 cmp=com.antutu.ABenchMark/.ABenchMarkStart} from pid 2177
04-24 11:04:27.050 I/ActivityManager(  431): Killing 2521:android.process.acore/u0a2 (adj 11): empty #2
04-24 11:04:27.050 I/ActivityManager(  431): Killing 2246:com.android.deskclock/u0a28 (adj 13): empty #3
04-24 11:04:27.060 I/ActivityManager(  431): Killing 2195:com.android.defcontainer/u0a3 (adj 15): empty #4
04-24 11:04:28.200 I/ActivityManager(  431): START u0 {cmp=com.antutu.ABenchMark/com.antutu.benchmark.activity.MainActivity} from pid 2122
04-24 11:04:28.820 I/ActivityManager(  431): Start proc com.android.defcontainer for service com.android.defcontainer/.DefaultContainerService: pid=2785 uid=10003 gids={50003, 1028, 1015, 1023, 2001, 1035}
04-24 11:04:30.910 D/PowerManagerService(  431): mHoldBootFastWakeLock = true
04-24 11:04:32.550 I/ActivityManager(  431): START u0 {flg=0x4000000 cmp=com.antutu.ABenchMark/com.antutu.benchmark.activity.IndependentActivity (has extras)} from pid 2122
04-24 11:04:34.060 I/ActivityManager(  431): START u0 {flg=0x14000000 cmp=com.antutu.ABenchMark/com.antutu.benchmark.activity.ScoreBenchActivity (has extras)} from pid 2122
04-24 11:04:39.620 I/ActivityManager(  431): Killing 2437:com.google.android.gms/u0a6 (adj 11): empty #2
04-24 11:04:59.580 D/PowerManagerService(  431): mHoldBootFastWakeLock = true
--------- beginning of /dev/log/main
04-24 11:05:49.500 D/dalvikvm( 1540): GC_CONCURRENT freed 464K, 78% free 1150K/5096K, paused 1ms+2ms, total 18ms
04-24 11:05:50.470 I/wpa_supplicant(  639): [CTRL_IFACE]wlan0: SIGNAL_POLL
04-24 11:05:51.240 I/wpa_supplicant(  639): [CTRL_IFACE]wlan0: SCAN TYPE=ONLY
04-24 11:05:51.560 D/UIAutomatorStub( 1540): URI: /jsonrpc/0, Method: POST, Header: {content-type=application/json, connection=close, remote-addr=127.0.0.1, host=localhost:9008, content-length=212, http-client-ip=127.0.0.1, user-agent=Python-urllib/2.7, accept-encoding=identity}, params, {{"params": [{"childOrSiblingSelector": [], "text": "Unfortunately, AnTuTu Benchmark has stopped.", "mask": 1, "childOrSibling": []}], "jsonrpc": "2.0", "method": "exist", "id": "4e41e1d381bca86d4cb30a6fc425b4e7"}=, NanoHttpd.QUERY_STRING={"params": [{"childOrSiblingSelector": [], "text": "Unfortunately, AnTuTu Benchmark has stopped.", "mask": 1, "childOrSibling": []}], "jsonrpc": "2.0", "method": "exist", "id": "4e41e1d381bca86d4cb30a6fc425b4e7"}}, files: {}
04-24 11:05:51.630 D/UIAutomatorStub( 1540): URI: /jsonrpc/0, Method: POST, Header: {content-type=application/json, connection=close, remote-addr=127.0.0.1, host=localhost:9008, content-length=172, http-client-ip=127.0.0.1, user-agent=Python-urllib/2.7, accept-encoding=identity}, params, {NanoHttpd.QUERY_STRING={"params": [{"childOrSiblingSelector": [], "text": "Show", "mask": 1, "childOrSibling": []}], "jsonrpc": "2.0", "method": "exist", "id": "fc5a350755caea73d4252c2f536590c1"}, {"params": [{"childOrSiblingSelector": [], "text": "Show", "mask": 1, "childOrSibling": []}], "jsonrpc": "2.0", "method": "exist", "id": "fc5a350755caea73d4252c2f536590c1"}=}, files: {}
04-24 11:05:51.630 D/dalvikvm( 1540): GC_CONCURRENT freed 420K, 77% free 1182K/5096K, paused 2ms+1ms, total 20ms
04-24 11:05:53.270 I/wpa_supplicant(  639): [CTRL_IFACE]wlan0: BSS RANGE=0- MASK=0x21987
04-24 11:05:53.470 I/wpa_supplicant(  639): [CTRL_IFACE]wlan0: SIGNAL_POLL
04-24 11:05:53.760 D/UIAutomatorStub( 1540): URI: /jsonrpc/0, Method: POST, Header: {content-type=application/json, connection=close, remote-addr=127.0.0.1, host=localhost:9008, content-length=212, http-client-ip=127.0.0.1, user-agent=Python-urllib/2.7, accept-encoding=identity}, params, {{"params": [{"childOrSiblingSelector": [], "text": "Unfortunately, AnTuTu Benchmark has stopped.", "mask": 1, "childOrSibling": []}], "jsonrpc": "2.0", "method": "exist", "id": "9f02c8eddc36c1885cf3d0aaa0333c44"}=, NanoHttpd.QUERY_STRING={"params": [{"childOrSiblingSelector": [], "text": "Unfortunately, AnTuTu Benchmark has stopped.", "mask": 1, "childOrSibling": []}], "jsonrpc": "2.0", "method": "exist", "id": "9f02c8eddc36c1885cf3d0aaa0333c44"}}, files: {}
04-24 11:05:53.840 D/UIAutomatorStub( 1540): URI: /jsonrpc/0, Method: POST, Header: {content-type=application/json, connection=close, remote-addr=127.0.0.1, host=localhost:9008, content-length=172, http-client-ip=127.0.0.1, user-agent=Python-urllib/2.7, accept-encoding=identity}, params, {NanoHttpd.QUERY_STRING={"params": [{"childOrSiblingSelector": [], "text": "Show", "mask": 1, "childOrSibling": []}], "jsonrpc": "2.0", "method": "exist", "id": "3dea55b537b06ba40e8ad59806db4a19"}, {"params": [{"childOrSiblingSelector": [], "text": "Show", "mask": 1, "childOrSibling": []}], "jsonrpc": "2.0", "method": "exist", "id": "3dea55b537b06ba40e8ad59806db4a19"}=}, files: {}
04-24 11:05:53.840 D/dalvikvm( 1540): GC_CONCURRENT freed 463K, 77% free 1192K/5096K, paused 2ms+2ms, total 21ms
04-24 11:05:55.900 D/UIAutomatorStub( 1540): URI: /jsonrpc/0, Method: POST, Header: {content-type=application/json, connection=close, remote-addr=127.0.0.1, host=localhost:9008, content-length=212, http-client-ip=127.0.0.1, user-agent=Python-urllib/2.7, accept-encoding=identity}, params, {NanoHttpd.QUERY_STRING={"params": [{"childOrSiblingSelector": [], "text": "Unfortunately, AnTuTu Benchmark has stopped.", "mask": 1, "childOrSibling": []}], "jsonrpc": "2.0", "method": "exist", "id": "8ac2bdd0aa8de274dd1633a59504119f"}, {"params": [{"childOrSiblingSelector": [], "text": "Unfortunately, AnTuTu Benchmark has stopped.", "mask": 1, "childOrSibling": []}], "jsonrpc": "2.0", "method": "exist", "id": "8ac2bdd0aa8de274dd1633a59504119f"}=}, files: {}
04-24 11:05:55.990 D/UIAutomatorStub( 1540): URI: /jsonrpc/0, Method: POST, Header: {content-type=application/json, connection=close, remote-addr=127.0.0.1, host=localhost:9008, content-length=172, http-client-ip=127.0.0.1, user-agent=Python-urllib/2.7, accept-encoding=identity}, params, {{"params": [{"childOrSiblingSelector": [], "text": "Show", "mask": 1, "childOrSibling": []}], "jsonrpc": "2.0", "method": "exist", "id": "93a36c442a5a09300f5615d904e2f123"}=, NanoHttpd.QUERY_STRING={"params": [{"childOrSiblingSelector": [], "text": "Show", "mask": 1, "childOrSibling": []}], "jsonrpc": "2.0", "method": "exist", "id": "93a36c442a5a09300f5615d904e2f123"}}, files: {}
04-24 11:05:56.010 D/dalvikvm( 1540): GC_CONCURRENT freed 458K, 77% free 1196K/5096K, paused 17ms+1ms, total 39ms
04-24 11:05:56.470 I/wpa_supplicant(  639): [CTRL_IFACE]wlan0: SIGNAL_POLL
04-24 11:05:58.050 D/UIAutomatorStub( 1540): URI: /jsonrpc/0, Method: POST, Header: {content-type=application/json, connection=close, remote-addr=127.0.0.1, host=localhost:9008, content-length=212, http-client-ip=127.0.0.1, user-agent=Python-urllib/2.7, accept-encoding=identity}, params, {NanoHttpd.QUERY_STRING={"params": [{"childOrSiblingSelector": [], "text": "Unfortunately, AnTuTu Benchmark has stopped.", "mask": 1, "childOrSibling": []}], "jsonrpc": "2.0", "method": "exist", "id": "4a1a62a836f1c3fe43803a93591fef9e"}, {"params": [{"childOrSiblingSelector": [], "text": "Unfortunately, AnTuTu Benchmark has stopped.", "mask": 1, "childOrSibling": []}], "jsonrpc": "2.0", "method": "exist", "id": "4a1a62a836f1c3fe43803a93591fef9e"}=}, files: {}
04-24 11:05:58.120 D/UIAutomatorStub( 1540): URI: /jsonrpc/0, Method: POST, Header: {content-type=application/json, connection=close, remote-addr=127.0.0.1, host=localhost:9008, content-length=172, http-client-ip=127.0.0.1, user-agent=Python-urllib/2.7, accept-encoding=identity}, params, {{"params": [{"childOrSiblingSelector": [], "text": "Show", "mask": 1, "childOrSibling": []}], "jsonrpc": "2.0", "method": "exist", "id": "ca5460cb7c5582b0737d2a5871b81616"}=, NanoHttpd.QUERY_STRING={"params": [{"childOrSiblingSelector": [], "text": "Show", "mask": 1, "childOrSibling": []}], "jsonrpc": "2.0", "method": "exist", "id": "ca5460cb7c5582b0737d2a5871b81616"}}, files: {}
04-24 11:05:58.120 D/dalvikvm( 1540): GC_CONCURRENT freed 452K, 77% free 1196K/5096K, paused 2ms+4ms, total 18ms
04-24 11:05:59.460 D/PowerManagerService(  431): mHoldBootFastWakeLock = true
04-24 11:05:59.480 I/wpa_supplicant(  639): [CTRL_IFACE]wlan0: SIGNAL_POLL
04-24 11:06:00.240 D/UIAutomatorStub( 1540): URI: /jsonrpc/0, Method: POST, Header: {content-type=application/json, connection=close, remote-addr=127.0.0.1, host=localhost:9008, content-length=212, http-client-ip=127.0.0.1, user-agent=Python-urllib/2.7, accept-encoding=identity}, params, {{"params": [{"childOrSiblingSelector": [], "text": "Unfortunately, AnTuTu Benchmark has stopped.", "mask": 1, "childOrSibling": []}], "jsonrpc": "2.0", "method": "exist", "id": "3e4b7b7abbb142b6396c650a19c87c1d"}=, NanoHttpd.QUERY_STRING={"params": [{"childOrSiblingSelector": [], "text": "Unfortunately, AnTuTu Benchmark has stopped.", "mask": 1, "childOrSibling": []}], "jsonrpc": "2.0", "method": "exist", "id": "3e4b7b7abbb142b6396c650a19c87c1d"}}, files: {}
04-24 11:06:00.290 D/dalvikvm( 1540): GC_CONCURRENT freed 453K, 77% free 1177K/5096K, paused 2ms+3ms, total 13ms
04-24 11:06:00.290 D/UIAutomatorStub( 1540): URI: /jsonrpc/0, Method: POST, Header: {content-type=application/json, connection=close, remote-addr=127.0.0.1, host=localhost:9008, content-length=172, http-client-ip=127.0.0.1, user-agent=Python-urllib/2.7, accept-encoding=identity}, params, {{"params": [{"childOrSiblingSelector": [], "text": "Show", "mask": 1, "childOrSibling": []}], "jsonrpc": "2.0", "method": "exist", "id": "cbe2a17630126a876965222abaf99558"}=, NanoHttpd.QUERY_STRING={"params": [{"childOrSiblingSelector": [], "text": "Show", "mask": 1, "childOrSibling": []}], "jsonrpc": "2.0", "method": "exist", "id": "cbe2a17630126a876965222abaf99558"}}, files: {}
04-24 11:06:02.330 D/UIAutomatorStub( 1540): URI: /jsonrpc/0, Method: POST, Header: {content-type=application/json, connection=close, remote-addr=127.0.0.1, host=localhost:9008, content-length=212, http-client-ip=127.0.0.1, user-agent=Python-urllib/2.7, accept-encoding=identity}, params, {NanoHttpd.QUERY_STRING={"params": [{"childOrSiblingSelector": [], "text": "Unfortunately, AnTuTu Benchmark has stopped.", "mask": 1, "childOrSibling": []}], "jsonrpc": "2.0", "method": "exist", "id": "cb28f8614d5c3db4d8daa0f7a8039327"}, {"params": [{"childOrSiblingSelector": [], "text": "Unfortunately, AnTuTu Benchmark has stopped.", "mask": 1, "childOrSibling": []}], "jsonrpc": "2.0", "method": "exist", "id": "cb28f8614d5c3db4d8daa0f7a8039327"}=}, files: {}
04-24 11:06:02.370 D/dalvikvm( 1540): GC_CONCURRENT freed 401K, 78% free 1165K/5096K, paused 2ms+1ms, total 10ms
04-24 11:06:02.380 D/UIAutomatorStub( 1540): URI: /jsonrpc/0, Method: POST, Header: {content-type=application/json, connection=close, remote-addr=127.0.0.1, host=localhost:9008, content-length=172, http-client-ip=127.0.0.1, user-agent=Python-urllib/2.7, accept-encoding=identity}, params, {{"params": [{"childOrSiblingSelector": [], "text": "Show", "mask": 1, "childOrSibling": []}], "jsonrpc": "2.0", "method": "exist", "id": "a852324faa85213034d4021ec1716213"}=, NanoHttpd.QUERY_STRING={"params": [{"childOrSiblingSelector": [], "text": "Show", "mask": 1, "childOrSibling": []}], "jsonrpc": "2.0", "method": "exist", "id": "a852324faa85213034d4021ec1716213"}}, files: {}
04-24 11:06:02.480 I/wpa_supplicant(  639): [CTRL_IFACE]wlan0: SIGNAL_POLL
04-24 11:06:04.420 D/UIAutomatorStub( 1540): URI: /jsonrpc/0, Method: POST, Header: {content-type=application/json, connection=close, remote-addr=127.0.0.1, host=localhost:9008, content-length=212, http-client-ip=127.0.0.1, user-agent=Python-urllib/2.7, accept-encoding=identity}, params, {NanoHttpd.QUERY_STRING={"params": [{"childOrSiblingSelector": [], "text": "Unfortunately, AnTuTu Benchmark has stopped.", "mask": 1, "childOrSibling": []}], "jsonrpc": "2.0", "method": "exist", "id": "2bcd8877f3cca12723eacbeda931d77e"}, {"params": [{"childOrSiblingSelector": [], "text": "Unfortunately, AnTuTu Benchmark has stopped.", "mask": 1, "childOrSibling": []}], "jsonrpc": "2.0", "method": "exist", "id": "2bcd8877f3cca12723eacbeda931d77e"}=}, files: {}
04-24 11:06:04.440 D/dalvikvm( 1540): GC_CONCURRENT freed 387K, 78% free 1163K/5096K, paused 2ms+3ms, total 16ms
04-24 11:06:04.470 D/UIAutomatorStub( 1540): URI: /jsonrpc/0, Method: POST, Header: {content-type=application/json, connection=close, remote-addr=127.0.0.1, host=localhost:9008, content-length=172, http-client-ip=127.0.0.1, user-agent=Python-urllib/2.7, accept-encoding=identity}, params, {NanoHttpd.QUERY_STRING={"params": [{"childOrSiblingSelector": [], "text": "Show", "mask": 1, "childOrSibling": []}], "jsonrpc": "2.0", "method": "exist", "id": "08d35c45f3cea9b42b101ae83bf9c2cd"}, {"params": [{"childOrSiblingSelector": [], "text": "Show", "mask": 1, "childOrSibling": []}], "jsonrpc": "2.0", "method": "exist", "id": "08d35c45f3cea9b42b101ae83bf9c2cd"}=}, files: {}
04-24 11:06:05.480 I/wpa_supplicant(  639): [CTRL_IFACE]wlan0: SIGNAL_POLL
04-24 11:06:06.440 D/DynamicPowerPolicyChangeThread(  431): set policy performance, temp=87.0
04-24 11:06:06.760 D/dalvikvm( 1540): GC_CONCURRENT freed 403K, 78% free 1144K/5096K, paused 1ms+1ms, total 19ms
04-24 11:06:06.760 D/UIAutomatorStub( 1540): URI: /jsonrpc/0, Method: POST, Header: {content-type=application/json, connection=close, remote-addr=127.0.0.1, host=localhost:9008, content-length=212, http-client-ip=127.0.0.1, user-agent=Python-urllib/2.7, accept-encoding=identity}, params, {{"params": [{"childOrSiblingSelector": [], "text": "Unfortunately, AnTuTu Benchmark has stopped.", "mask": 1, "childOrSibling": []}], "jsonrpc": "2.0", "method": "exist", "id": "f3740c1321743d97db2d4083e9d847cc"}=, NanoHttpd.QUERY_STRING={"params": [{"childOrSiblingSelector": [], "text": "Unfortunately, AnTuTu Benchmark has stopped.", "mask": 1, "childOrSibling": []}], "jsonrpc": "2.0", "method": "exist", "id": "f3740c1321743d97db2d4083e9d847cc"}}, files: {}
04-24 11:06:06.860 D/UIAutomatorStub( 1540): URI: /jsonrpc/0, Method: POST, Header: {content-type=application/json, connection=close, remote-addr=127.0.0.1, host=localhost:9008, content-length=172, http-client-ip=127.0.0.1, user-agent=Python-urllib/2.7, accept-encoding=identity}, params, {{"params": [{"childOrSiblingSelector": [], "text": "Show", "mask": 1, "childOrSibling": []}], "jsonrpc": "2.0", "method": "exist", "id": "e400d14b3be9abb234d1d290727449f6"}=, NanoHttpd.QUERY_STRING={"params": [{"childOrSiblingSelector": [], "text": "Show", "mask": 1, "childOrSibling": []}], "jsonrpc": "2.0", "method": "exist", "id": "e400d14b3be9abb234d1d290727449f6"}}, files: {}
04-24 11:06:06.940 D/dalvikvm( 1540): GC_CONCURRENT freed 366K, 77% free 1193K/5096K, paused 2ms+12ms, total 23ms
04-24 11:06:08.490 I/wpa_supplicant(  639): [CTRL_IFACE]wlan0: SIGNAL_POLL
04-24 11:06:08.950 D/UIAutomatorStub( 1540): URI: /jsonrpc/0, Method: POST, Header: {content-type=application/json, connection=close, remote-addr=127.0.0.1, host=localhost:9008, content-length=212, http-client-ip=127.0.0.1, user-agent=Python-urllib/2.7, accept-encoding=identity}, params, {{"params": [{"childOrSiblingSelector": [], "text": "Unfortunately, AnTuTu Benchmark has stopped.", "mask": 1, "childOrSibling": []}], "jsonrpc": "2.0", "method": "exist", "id": "2a0312d9b717ae2b37d57da64d931642"}=, NanoHttpd.QUERY_STRING={"params": [{"childOrSiblingSelector": [], "text": "Unfortunately, AnTuTu Benchmark has stopped.", "mask": 1, "childOrSibling": []}], "jsonrpc": "2.0", "method": "exist", "id": "2a0312d9b717ae2b37d57da64d931642"}}, files: {}
04-24 11:06:09.040 D/UIAutomatorStub( 1540): URI: /jsonrpc/0, Method: POST, Header: {content-type=application/json, connection=close, remote-addr=127.0.0.1, host=localhost:9008, content-length=172, http-client-ip=127.0.0.1, user-agent=Python-urllib/2.7, accept-encoding=identity}, params, {{"params": [{"childOrSiblingSelector": [], "text": "Show", "mask": 1, "childOrSibling": []}], "jsonrpc": "2.0", "method": "exist", "id": "cbaf849115d02aa56d864ef6934d3938"}=, NanoHttpd.QUERY_STRING={"params": [{"childOrSiblingSelector": [], "text": "Show", "mask": 1, "childOrSibling": []}], "jsonrpc": "2.0", "method": "exist", "id": "cbaf849115d02aa56d864ef6934d3938"}}, files: {}
04-24 11:06:09.100 D/dalvikvm( 1540): GC_CONCURRENT freed 421K, 78% free 1156K/5096K, paused 2ms+1ms, total 24ms
04-24 11:06:11.130 D/UIAutomatorStub( 1540): URI: /jsonrpc/0, Method: POST, Header: {content-type=application/json, connection=close, remote-addr=127.0.0.1, host=localhost:9008, content-length=212, http-client-ip=127.0.0.1, user-agent=Python-urllib/2.7, accept-encoding=identity}, params, {NanoHttpd.QUERY_STRING={"params": [{"childOrSiblingSelector": [], "text": "Unfortunately, AnTuTu Benchmark has stopped.", "mask": 1, "childOrSibling": []}], "jsonrpc": "2.0", "method": "exist", "id": "31aaa011fc37b045439e8b278dd322ec"}, {"params": [{"childOrSiblingSelector": [], "text": "Unfortunately, AnTuTu Benchmark has stopped.", "mask": 1, "childOrSibling": []}], "jsonrpc": "2.0", "method": "exist", "id": "31aaa011fc37b045439e8b278dd322ec"}=}, files: {}
04-24 11:06:11.230 D/dalvikvm( 1540): GC_CONCURRENT freed 370K, 78% free 1170K/5096K, paused 2ms+11ms, total 19ms
04-24 11:06:11.230 D/UIAutomatorStub( 1540): URI: /jsonrpc/0, Method: POST, Header: {content-type=application/json, connection=close, remote-addr=127.0.0.1, host=localhost:9008, content-length=172, http-client-ip=127.0.0.1, user-agent=Python-urllib/2.7, accept-encoding=identity}, params, {NanoHttpd.QUERY_STRING={"params": [{"childOrSiblingSelector": [], "text": "Show", "mask": 1, "childOrSibling": []}], "jsonrpc": "2.0", "method": "exist", "id": "5ba25cc294c9b03b5030fa5473d460ab"}, {"params": [{"childOrSiblingSelector": [], "text": "Show", "mask": 1, "childOrSibling": []}], "jsonrpc": "2.0", "method": "exist", "id": "5ba25cc294c9b03b5030fa5473d460ab"}=}, files: {}
04-24 11:06:11.490 I/wpa_supplicant(  639): [CTRL_IFACE]wlan0: SIGNAL_POLL
04-24 11:06:13.340 D/UIAutomatorStub( 1540): URI: /jsonrpc/0, Method: POST, Header: {content-type=application/json, connection=close, remote-addr=127.0.0.1, host=localhost:9008, content-length=212, http-client-ip=127.0.0.1, user-agent=Python-urllib/2.7, accept-encoding=identity}, params, {NanoHttpd.QUERY_STRING={"params": [{"childOrSiblingSelector": [], "text": "Unfortunately, AnTuTu Benchmark has stopped.", "mask": 1, "childOrSibling": []}], "jsonrpc": "2.0", "method": "exist", "id": "d918492ced0497402578d4986a0334b8"}, {"params": [{"childOrSiblingSelector": [], "text": "Unfortunately, AnTuTu Benchmark has stopped.", "mask": 1, "childOrSibling": []}], "jsonrpc": "2.0", "method": "exist", "id": "d918492ced0497402578d4986a0334b8"}=}, files: {}
04-24 11:06:13.380 D/dalvikvm( 1540): GC_CONCURRENT freed 427K, 78% free 1133K/5096K, paused 1ms+1ms, total 10ms
04-24 11:06:13.390 D/UIAutomatorStub( 1540): URI: /jsonrpc/0, Method: POST, Header: {content-type=application/json, connection=close, remote-addr=127.0.0.1, host=localhost:9008, content-length=172, http-client-ip=127.0.0.1, user-agent=Python-urllib/2.7, accept-encoding=identity}, params, {{"params": [{"childOrSiblingSelector": [], "text": "Show", "mask": 1, "childOrSibling": []}], "jsonrpc": "2.0", "method": "exist", "id": "cb80416aab14684c8e9778290e813652"}=, NanoHttpd.QUERY_STRING={"params": [{"childOrSiblingSelector": [], "text": "Show", "mask": 1, "childOrSibling": []}], "jsonrpc": "2.0", "method": "exist", "id": "cb80416aab14684c8e9778290e813652"}}, files: {}
04-24 11:06:14.490 I/wpa_supplicant(  639): [CTRL_IFACE]wlan0: SIGNAL_POLL
04-24 11:06:15.430 D/UIAutomatorStub( 1540): URI: /jsonrpc/0, Method: POST, Header: {content-type=application/json, connection=close, remote-addr=127.0.0.1, host=localhost:9008, content-length=212, http-client-ip=127.0.0.1, user-agent=Python-urllib/2.7, accept-encoding=identity}, params, {NanoHttpd.QUERY_STRING={"params": [{"childOrSiblingSelector": [], "text": "Unfortunately, AnTuTu Benchmark has stopped.", "mask": 1, "childOrSibling": []}], "jsonrpc": "2.0", "method": "exist", "id": "db44174756524716ae5f790c7c8feb61"}, {"params": [{"childOrSiblingSelector": [], "text": "Unfortunately, AnTuTu Benchmark has stopped.", "mask": 1, "childOrSibling": []}], "jsonrpc": "2.0", "method": "exist", "id": "db44174756524716ae5f790c7c8feb61"}=}, files: {}
04-24 11:06:15.480 D/dalvikvm( 1540): GC_CONCURRENT freed 367K, 75% free 1283K/5096K, paused 1ms+11ms, total 33ms
04-24 11:06:15.480 D/UIAutomatorStub( 1540): URI: /jsonrpc/0, Method: POST, Header: {content-type=application/json, connection=close, remote-addr=127.0.0.1, host=localhost:9008, content-length=172, http-client-ip=127.0.0.1, user-agent=Python-urllib/2.7, accept-encoding=identity}, params, {{"params": [{"childOrSiblingSelector": [], "text": "Show", "mask": 1, "childOrSibling": []}], "jsonrpc": "2.0", "method": "exist", "id": "24a87bc630c229ba63e1786ad5c15557"}=, NanoHttpd.QUERY_STRING={"params": [{"childOrSiblingSelector": [], "text": "Show", "mask": 1, "childOrSibling": []}], "jsonrpc": "2.0", "method": "exist", "id": "24a87bc630c229ba63e1786ad5c15557"}}, files: {}
04-24 11:06:17.500 I/wpa_supplicant(  639): [CTRL_IFACE]wlan0: SIGNAL_POLL
04-24 11:06:17.530 D/UIAutomatorStub( 1540): URI: /jsonrpc/0, Method: POST, Header: {content-type=application/json, connection=close, remote-addr=127.0.0.1, host=localhost:9008, content-length=212, http-client-ip=127.0.0.1, user-agent=Python-urllib/2.7, accept-encoding=identity}, params, {NanoHttpd.QUERY_STRING={"params": [{"childOrSiblingSelector": [], "text": "Unfortunately, AnTuTu Benchmark has stopped.", "mask": 1, "childOrSibling": []}], "jsonrpc": "2.0", "method": "exist", "id": "155f2ea0b01aeced30a1ed8382c0fc12"}, {"params": [{"childOrSiblingSelector": [], "text": "Unfortunately, AnTuTu Benchmark has stopped.", "mask": 1, "childOrSibling": []}], "jsonrpc": "2.0", "method": "exist", "id": "155f2ea0b01aeced30a1ed8382c0fc12"}=}, files: {}
04-24 11:06:17.570 D/dalvikvm( 1540): GC_CONCURRENT freed 504K, 78% free 1168K/5096K, paused 2ms+1ms, total 12ms
04-24 11:06:17.580 D/UIAutomatorStub( 1540): URI: /jsonrpc/0, Method: POST, Header: {content-type=application/json, connection=close, remote-addr=127.0.0.1, host=localhost:9008, content-length=172, http-client-ip=127.0.0.1, user-agent=Python-urllib/2.7, accept-encoding=identity}, params, {NanoHttpd.QUERY_STRING={"params": [{"childOrSiblingSelector": [], "text": "Show", "mask": 1, "childOrSibling": []}], "jsonrpc": "2.0", "method": "exist", "id": "042f2c5753bb6ec26558474b068d1eb0"}, {"params": [{"childOrSiblingSelector": [], "text": "Show", "mask": 1, "childOrSibling": []}], "jsonrpc": "2.0", "method": "exist", "id": "042f2c5753bb6ec26558474b068d1eb0"}=}, files: {}
04-24 11:06:19.810 D/UIAutomatorStub( 1540): URI: /jsonrpc/0, Method: POST, Header: {content-type=application/json, connection=close, remote-addr=127.0.0.1, host=localhost:9008, content-length=212, http-client-ip=127.0.0.1, user-agent=Python-urllib/2.7, accept-encoding=identity}, params, {NanoHttpd.QUERY_STRING={"params": [{"childOrSiblingSelector": [], "text": "Unfortunately, AnTuTu Benchmark has stopped.", "mask": 1, "childOrSibling": []}], "jsonrpc": "2.0", "method": "exist", "id": "5ec5a53ac9bba469bbe3728a0fcc2e9d"}, {"params": [{"childOrSiblingSelector": [], "text": "Unfortunately, AnTuTu Benchmark has stopped.", "mask": 1, "childOrSibling": []}], "jsonrpc": "2.0", "method": "exist", "id": "5ec5a53ac9bba469bbe3728a0fcc2e9d"}=}, files: {}
