04-24 11:07:24.050 D/UIAutomatorStub( 1540): URI: /jsonrpc/0, Method: POST, Header: {content-type=application/json, connection=close, remote-addr=127.0.0.1, host=localhost:9008, content-length=212, http-client-ip=127.0.0.1, user-agent=Python-urllib/2.7, accept-encoding=identity}, params, {{"params": [{"childOrSiblingSelector": [], "text": "Unfortunately, AnTuTu Benchmark has stopped.", "mask": 1, "childOrSibling": []}], "jsonrpc": "2.0", "method": "exist", "id": "c29b6e0ab2e857abdbe368276a5fe1b7"}=, NanoHttpd.QUERY_STRING={"params": [{"childOrSiblingSelector": [], "text": "Unfortunately, AnTuTu Benchmark has stopped.", "mask": 1, "childOrSibling": []}], "jsonrpc": "2.0", "method": "exist", "id": "c29b6e0ab2e857abdbe368276a5fe1b7"}}, files: {}
04-24 11:07:24.090 D/UIAutomatorStub( 1540): URI: /jsonrpc/0, Method: POST, Header: {content-type=application/json, connection=close, remote-addr=127.0.0.1, host=localhost:9008, content-length=172, http-client-ip=127.0.0.1, user-agent=Python-urllib/2.7, accept-encoding=identity}, params, {NanoHttpd.QUERY_STRING={"params": [{"childOrSiblingSelector": [], "text": "Show", "mask": 1, "childOrSibling": []}], "jsonrpc": "2.0", "method": "exist", "id": "4df00e8095035d6134ea2b3371425ece"}, {"params": [{"childOrSiblingSelector": [], "text": "Show", "mask": 1, "childOrSibling": []}], "jsonrpc": "2.0", "method": "exist", "id": "4df00e8095035d6134ea2b3371425ece"}=}, files: {}
04-24 11:07:24.100 D/dalvikvm( 1540): GC_CONCURRENT freed 461K, 78% free 1166K/5096K, paused 1ms+1ms, total 9ms
04-24 11:07:26.200 D/UIAutomatorStub( 1540): URI: /jsonrpc/0, Method: POST, Header: {content-type=application/json, connection=close, remote-addr=127.0.0.1, host=localhost:9008, content-length=212, http-client-ip=127.0.0.1, user-agent=Python-urllib/2.7, accept-encoding=identity}, params, {{"params": [{"childOrSiblingSelector": [], "text": "Unfortunately, AnTuTu Benchmark has stopped.", "mask": 1, "childOrSibling": []}], "jsonrpc": "2.0", "method": "exist", "id": "90a111f959d213865d5b1e75ae4ee912"}=, NanoHttpd.QUERY_STRING={"params": [{"childOrSiblingSelector": [], "text": "Unfortunately, AnTuTu Benchmark has stopped.", "mask": 1, "childOrSibling": []}], "jsonrpc": "2.0", "method": "exist", "id": "90a111f959d213865d5b1e75ae4ee912"}}, files: {}
04-24 11:07:26.230 D/UIAutomatorStub( 1540): URI: /jsonrpc/0, Method: POST, Header: {content-type=application/json, connection=close, remote-addr=127.0.0.1, host=localhost:9008, content-length=172, http-client-ip=127.0.0.1, user-agent=Python-urllib/2.7, accept-encoding=identity}, params, {NanoHttpd.QUERY_STRING={"params": [{"childOrSiblingSelector": [], "text": "Show", "mask": 1, "childOrSibling": []}], "jsonrpc": "2.0", "method": "exist", "id": "e85d39e7e25bc1bcaf05e4a1dc4cd5a8"}, {"params": [{"childOrSiblingSelector": [], "text": "Show", "mask": 1, "childOrSibling": []}], "jsonrpc": "2.0", "method": "exist", "id": "e85d39e7e25bc1bcaf05e4a1dc4cd5a8"}=}, files: {}
04-24 11:07:26.240 D/dalvikvm( 1540): GC_CONCURRENT freed 462K, 78% free 1166K/5096K, paused 1ms+1ms, total 12ms
04-24 11:07:26.280 D/dalvikvm( 2122): GC_CONCURRENT freed 989K, 50% free 8937K/17636K, paused 3ms+6ms, total 44ms
04-24 11:07:26.570 I/wpa_supplicant(  639): [CTRL_IFACE]wlan0: SIGNAL_POLL
04-24 11:07:28.280 D/UIAutomatorStub( 1540): URI: /jsonrpc/0, Method: POST, Header: {content-type=application/json, connection=close, remote-addr=127.0.0.1, host=localhost:9008, content-length=212, http-client-ip=127.0.0.1, user-agent=Python-urllib/2.7, accept-encoding=identity}, params, {NanoHttpd.QUERY_STRING={"params": [{"childOrSiblingSelector": [], "text": "Unfortunately, AnTuTu Benchmark has stopped.", "mask": 1, "childOrSibling": []}], "jsonrpc": "2.0", "method": "exist", "id": "fd14c6bd673989540afee78943d9c876"}, {"params": [{"childOrSiblingSelector": [], "text": "Unfortunately, AnTuTu Benchmark has stopped.", "mask": 1, "childOrSibling": []}], "jsonrpc": "2.0", "method": "exist", "id": "fd14c6bd673989540afee78943d9c876"}=}, files: {}
04-24 11:07:28.320 D/UIAutomatorStub( 1540): URI: /jsonrpc/0, Method: POST, Header: {content-type=application/json, connection=close, remote-addr=127.0.0.1, host=localhost:9008, content-length=172, http-client-ip=127.0.0.1, user-agent=Python-urllib/2.7, accept-encoding=identity}, params, {{"params": [{"childOrSiblingSelector": [], "text": "Show", "mask": 1, "childOrSibling": []}], "jsonrpc": "2.0", "method": "exist", "id": "4cee5521ab4d0dcfce3c4a4dc2df2527"}=, NanoHttpd.QUERY_STRING={"params": [{"childOrSiblingSelector": [], "text": "Show", "mask": 1, "childOrSibling": []}], "jsonrpc": "2.0", "method": "exist", "id": "4cee5521ab4d0dcfce3c4a4dc2df2527"}}, files: {}
04-24 11:07:28.320 D/dalvikvm( 1540): GC_CONCURRENT freed 463K, 78% free 1165K/5096K, paused 0ms+2ms, total 10ms
04-24 11:07:29.350 D/gralloc (  110): ==USE CPU CACHE OP LLL usage = 0x333==
04-24 11:07:29.350 D/gralloc (  110): ION_HEAP_SYSTEM_MASK alloc
04-24 11:07:29.350 I/ActivityManager(  431): START u0 {flg=0x14000000 cmp=com.antutu.ABenchMark/.Test3D.OgreActivity} from pid 2122
04-24 11:07:29.370 D/gralloc (  110): ION_HEAP_CARVEOUT_MASK alloc
04-24 11:07:29.400 D/gralloc (  110): ==USE CPU CACHE OP LLL usage = 0x933==
04-24 11:07:29.400 D/gralloc (  110): ION_HEAP_SYSTEM_MASK alloc
04-24 11:07:29.410 I/ActivityManager(  431): Start proc com.antutu.ABenchMark:remote for activity com.antutu.ABenchMark/.Test3D.OgreActivity: pid=3224 uid=10076 gids={50076, 3003, 1028, 1015}
04-24 11:07:29.500 D/dalvikvm( 3224): Trying to load lib /data/app-lib/com.antutu.ABenchMark-1/libabenchmark.so 0x41999ed0
04-24 11:07:29.500 D/dalvikvm( 3224): Added shared lib /data/app-lib/com.antutu.ABenchMark-1/libabenchmark.so 0x41999ed0
04-24 11:07:29.500 D/dalvikvm( 3224): No JNI_OnLoad found in /data/app-lib/com.antutu.ABenchMark-1/libabenchmark.so 0x41999ed0, skipping init
04-24 11:07:29.500 D/dalvikvm( 3224): Trying to load lib /data/app-lib/com.antutu.ABenchMark-1/libabenchmark.so 0x41999ed0
04-24 11:07:29.500 D/dalvikvm( 3224): Shared lib '/data/app-lib/com.antutu.ABenchMark-1/libabenchmark.so' already loaded in same CL 0x41999ed0
04-24 11:07:29.560 D/libEGL  ( 3224): loaded /system/lib/egl/libEGL_mali.so
04-24 11:07:29.560 D/libEGL  ( 3224): loaded /system/lib/egl/libGLESv1_CM_mali.so
04-24 11:07:29.570 D/libEGL  ( 3224): loaded /system/lib/egl/libGLESv2_mali.so
04-24 11:07:29.570 I/wpa_supplicant(  639): [CTRL_IFACE]wlan0: SIGNAL_POLL
04-24 11:07:29.580 D/gralloc (  110): ION_HEAP_CARVEOUT_MASK alloc
04-24 11:07:29.590 D/gralloc (  110): ION_HEAP_CARVEOUT_MASK alloc
04-24 11:07:29.590 D/OpenGLRenderer( 3224): Enabling debug mode 0
04-24 11:07:29.660 I/ActivityManager(  431): Displayed com.antutu.ABenchMark/.Test3D.OgreActivity: +266ms
04-24 11:07:29.720 D/gralloc (  110): ION_HEAP_CARVEOUT_MASK alloc
04-24 11:07:29.740 D/gralloc (  110): ION_HEAP_CARVEOUT_MASK alloc
04-24 11:07:29.740 D/gralloc (  110): ION_HEAP_CARVEOUT_MASK alloc
04-24 11:07:29.800 I/hwcomposer(  110): IMG_hwcdev_pipe_assign_status_t hwcdev_try_to_assign_pipe(SUNXI_hwcdev_context_t*, SUNXI_hwcdev_pipe_t*, hwc_layer_1_t*, int, int): We use not config memory
04-24 11:07:29.800 I/hwcomposer(  110): IMG_hwcdev_pipe_assign_status_t hwcdev_try_to_assign_pipe(SUNXI_hwcdev_context_t*, SUNXI_hwcdev_pipe_t*, hwc_layer_1_t*, int, int): We use not config memory
04-24 11:07:29.800 I/hwcomposer(  110): IMG_hwcdev_pipe_assign_status_t hwcdev_try_to_assign_pipe(SUNXI_hwcdev_context_t*, SUNXI_hwcdev_pipe_t*, hwc_layer_1_t*, int, int): We use not config memory
04-24 11:07:29.800 I/hwcomposer(  110): IMG_hwcdev_pipe_assign_status_t hwcdev_try_to_assign_pipe(SUNXI_hwcdev_context_t*, SUNXI_hwcdev_pipe_t*, hwc_layer_1_t*, int, int): We use not config memory
04-24 11:07:29.800 I/hwcomposer(  110): IMG_hwcdev_pipe_assign_status_t hwcdev_try_to_assign_pipe(SUNXI_hwcdev_context_t*, SUNXI_hwcdev_pipe_t*, hwc_layer_1_t*, int, int): We use not config memory
04-24 11:07:29.800 I/hwcomposer(  110): IMG_hwcdev_pipe_assign_status_t hwcdev_try_to_assign_pipe(SUNXI_hwcdev_context_t*, SUNXI_hwcdev_pipe_t*, hwc_layer_1_t*, int, int): We use not config memory
04-24 11:07:29.800 I/hwcomposer(  110): IMG_hwcdev_pipe_assign_status_t hwcdev_try_to_assign_pipe(SUNXI_hwcdev_context_t*, SUNXI_hwcdev_pipe_t*, hwc_layer_1_t*, int, int): We use not config memory
04-24 11:07:29.820 I/hwcomposer(  110): IMG_hwcdev_pipe_assign_status_t hwcdev_try_to_assign_pipe(SUNXI_hwcdev_context_t*, SUNXI_hwcdev_pipe_t*, hwc_layer_1_t*, int, int): We use not config memory
04-24 11:07:29.820 I/hwcomposer(  110): IMG_hwcdev_pipe_assign_status_t hwcdev_try_to_assign_pipe(SUNXI_hwcdev_context_t*, SUNXI_hwcdev_pipe_t*, hwc_layer_1_t*, int, int): We use not config memory
04-24 11:07:29.820 I/hwcomposer(  110): IMG_hwcdev_pipe_assign_status_t hwcdev_try_to_assign_pipe(SUNXI_hwcdev_context_t*, SUNXI_hwcdev_pipe_t*, hwc_layer_1_t*, int, int): We use not config memory
04-24 11:07:29.820 I/hwcomposer(  110): IMG_hwcdev_pipe_assign_status_t hwcdev_try_to_assign_pipe(SUNXI_hwcdev_context_t*, SUNXI_hwcdev_pipe_t*, hwc_layer_1_t*, int, int): We use not config memory
04-24 11:07:29.820 I/hwcomposer(  110): IMG_hwcdev_pipe_assign_status_t hwcdev_try_to_assign_pipe(SUNXI_hwcdev_context_t*, SUNXI_hwcdev_pipe_t*, hwc_layer_1_t*, int, int): We use not config memory
04-24 11:07:29.820 I/hwcomposer(  110): IMG_hwcdev_pipe_assign_status_t hwcdev_try_to_assign_pipe(SUNXI_hwcdev_context_t*, SUNXI_hwcdev_pipe_t*, hwc_layer_1_t*, int, int): We use not config memory
04-24 11:07:29.820 I/hwcomposer(  110): IMG_hwcdev_pipe_assign_status_t hwcdev_try_to_assign_pipe(SUNXI_hwcdev_context_t*, SUNXI_hwcdev_pipe_t*, hwc_layer_1_t*, int, int): We use not config memory
04-24 11:07:29.830 I/hwcomposer(  110): IMG_hwcdev_pipe_assign_status_t hwcdev_try_to_assign_pipe(SUNXI_hwcdev_context_t*, SUNXI_hwcdev_pipe_t*, hwc_layer_1_t*, int, int): We use not config memory
04-24 11:07:29.830 I/hwcomposer(  110): IMG_hwcdev_pipe_assign_status_t hwcdev_try_to_assign_pipe(SUNXI_hwcdev_context_t*, SUNXI_hwcdev_pipe_t*, hwc_layer_1_t*, int, int): We use not config memory
04-24 11:07:29.830 I/hwcomposer(  110): IMG_hwcdev_pipe_assign_status_t hwcdev_try_to_assign_pipe(SUNXI_hwcdev_context_t*, SUNXI_hwcdev_pipe_t*, hwc_layer_1_t*, int, int): We use not config memory
04-24 11:07:29.830 I/hwcomposer(  110): IMG_hwcdev_pipe_assign_status_t hwcdev_try_to_assign_pipe(SUNXI_hwcdev_context_t*, SUNXI_hwcdev_pipe_t*, hwc_layer_1_t*, int, int): We use not config memory
04-24 11:07:29.830 I/hwcomposer(  110): IMG_hwcdev_pipe_assign_status_t hwcdev_try_to_assign_pipe(SUNXI_hwcdev_context_t*, SUNXI_hwcdev_pipe_t*, hwc_layer_1_t*, int, int): We use not config memory
04-24 11:07:29.830 I/hwcomposer(  110): IMG_hwcdev_pipe_assign_status_t hwcdev_try_to_assign_pipe(SUNXI_hwcdev_context_t*, SUNXI_hwcdev_pipe_t*, hwc_layer_1_t*, int, int): We use not config memory
04-24 11:07:29.830 I/hwcomposer(  110): IMG_hwcdev_pipe_assign_status_t hwcdev_try_to_assign_pipe(SUNXI_hwcdev_context_t*, SUNXI_hwcdev_pipe_t*, hwc_layer_1_t*, int, int): We use not config memory
04-24 11:07:30.370 D/UIAutomatorStub( 1540): URI: /jsonrpc/0, Method: POST, Header: {content-type=application/json, connection=close, remote-addr=127.0.0.1, host=localhost:9008, content-length=212, http-client-ip=127.0.0.1, user-agent=Python-urllib/2.7, accept-encoding=identity}, params, {{"params": [{"childOrSiblingSelector": [], "text": "Unfortunately, AnTuTu Benchmark has stopped.", "mask": 1, "childOrSibling": []}], "jsonrpc": "2.0", "method": "exist", "id": "135e25008bd523c337d9253292b8d612"}=, NanoHttpd.QUERY_STRING={"params": [{"childOrSiblingSelector": [], "text": "Unfortunately, AnTuTu Benchmark has stopped.", "mask": 1, "childOrSibling": []}], "jsonrpc": "2.0", "method": "exist", "id": "135e25008bd523c337d9253292b8d612"}}, files: {}
04-24 11:07:32.580 I/wpa_supplicant(  639): [CTRL_IFACE]wlan0: SIGNAL_POLL
04-24 11:07:32.950 D/gralloc (  110): ION_HEAP_CARVEOUT_MASK alloc
04-24 11:07:33.140 D/gralloc (  110): ION_HEAP_CARVEOUT_MASK alloc
04-24 11:07:33.380 D/UIAutomatorStub( 1540): URI: /jsonrpc/0, Method: POST, Header: {content-type=application/json, connection=close, remote-addr=127.0.0.1, host=localhost:9008, content-length=172, http-client-ip=127.0.0.1, user-agent=Python-urllib/2.7, accept-encoding=identity}, params, {NanoHttpd.QUERY_STRING={"params": [{"childOrSiblingSelector": [], "text": "Show", "mask": 1, "childOrSibling": []}], "jsonrpc": "2.0", "method": "exist", "id": "cf02556d5549df244544fdf3f4a9e195"}, {"params": [{"childOrSiblingSelector": [], "text": "Show", "mask": 1, "childOrSibling": []}], "jsonrpc": "2.0", "method": "exist", "id": "cf02556d5549df244544fdf3f4a9e195"}=}, files: {}
04-24 11:07:33.380 D/dalvikvm( 1540): GC_CONCURRENT freed 399K, 78% free 1161K/5096K, paused 2ms+0ms, total 14ms
04-24 11:07:34.450 D/DynamicPowerPolicyChangeThread(  431): set policy performance, temp=92.0
04-24 11:07:35.580 I/wpa_supplicant(  639): [CTRL_IFACE]wlan0: SIGNAL_POLL
04-24 11:07:35.650 D/UIAutomatorStub( 1540): URI: /jsonrpc/0, Method: POST, Header: {content-type=application/json, connection=close, remote-addr=127.0.0.1, host=localhost:9008, content-length=212, http-client-ip=127.0.0.1, user-agent=Python-urllib/2.7, accept-encoding=identity}, params, {NanoHttpd.QUERY_STRING={"params": [{"childOrSiblingSelector": [], "text": "Unfortunately, AnTuTu Benchmark has stopped.", "mask": 1, "childOrSibling": []}], "jsonrpc": "2.0", "method": "exist", "id": "3246cc4520d2ceba5a29b73876aae01c"}, {"params": [{"childOrSiblingSelector": [], "text": "Unfortunately, AnTuTu Benchmark has stopped.", "mask": 1, "childOrSibling": []}], "jsonrpc": "2.0", "method": "exist", "id": "3246cc4520d2ceba5a29b73876aae01c"}=}, files: {}
04-24 11:07:35.860 D/UIAutomatorStub( 1540): URI: /jsonrpc/0, Method: POST, Header: {content-type=application/json, connection=close, remote-addr=127.0.0.1, host=localhost:9008, content-length=172, http-client-ip=127.0.0.1, user-agent=Python-urllib/2.7, accept-encoding=identity}, params, {{"params": [{"childOrSiblingSelector": [], "text": "Show", "mask": 1, "childOrSibling": []}], "jsonrpc": "2.0", "method": "exist", "id": "4ef6fb164c21f7725469469379b9df5e"}=, NanoHttpd.QUERY_STRING={"params": [{"childOrSiblingSelector": [], "text": "Show", "mask": 1, "childOrSibling": []}], "jsonrpc": "2.0", "method": "exist", "id": "4ef6fb164c21f7725469469379b9df5e"}}, files: {}
04-24 11:07:36.110 D/dalvikvm( 1540): GC_CONCURRENT freed 368K, 77% free 1185K/5096K, paused 2ms+2ms, total 29ms
04-24 11:07:38.110 D/UIAutomatorStub( 1540): URI: /jsonrpc/0, Method: POST, Header: {content-type=application/json, connection=close, remote-addr=127.0.0.1, host=localhost:9008, content-length=212, http-client-ip=127.0.0.1, user-agent=Python-urllib/2.7, accept-encoding=identity}, params, {{"params": [{"childOrSiblingSelector": [], "text": "Unfortunately, AnTuTu Benchmark has stopped.", "mask": 1, "childOrSibling": []}], "jsonrpc": "2.0", "method": "exist", "id": "839c27b721e5882ba66aa9dc8ef75209"}=, NanoHttpd.QUERY_STRING={"params": [{"childOrSiblingSelector": [], "text": "Unfortunately, AnTuTu Benchmark has stopped.", "mask": 1, "childOrSibling": []}], "jsonrpc": "2.0", "method": "exist", "id": "839c27b721e5882ba66aa9dc8ef75209"}}, files: {}
04-24 11:07:38.380 D/UIAutomatorStub( 1540): URI: /jsonrpc/0, Method: POST, Header: {content-type=application/json, connection=close, remote-addr=127.0.0.1, host=localhost:9008, content-length=172, http-client-ip=127.0.0.1, user-agent=Python-urllib/2.7, accept-encoding=identity}, params, {{"params": [{"childOrSiblingSelector": [], "text": "Show", "mask": 1, "childOrSibling": []}], "jsonrpc": "2.0", "method": "exist", "id": "f2942527a68cc404e7951a6bfd766b08"}=, NanoHttpd.QUERY_STRING={"params": [{"childOrSiblingSelector": [], "text": "Show", "mask": 1, "childOrSibling": []}], "jsonrpc": "2.0", "method": "exist", "id": "f2942527a68cc404e7951a6bfd766b08"}}, files: {}
04-24 11:07:38.580 I/wpa_supplicant(  639): [CTRL_IFACE]wlan0: SIGNAL_POLL
04-24 11:07:39.380 W/ActivityManager(  431): Launch timeout has expired, giving up wake lock!
04-24 11:07:40.600 D/UIAutomatorStub( 1540): URI: /jsonrpc/0, Method: POST, Header: {content-type=application/json, connection=close, remote-addr=127.0.0.1, host=localhost:9008, content-length=212, http-client-ip=127.0.0.1, user-agent=Python-urllib/2.7, accept-encoding=identity}, params, {{"params": [{"childOrSiblingSelector": [], "text": "Unfortunately, AnTuTu Benchmark has stopped.", "mask": 1, "childOrSibling": []}], "jsonrpc": "2.0", "method": "exist", "id": "482f5414d3b39b66cf5ffe1c0f5db9ff"}=, NanoHttpd.QUERY_STRING={"params": [{"childOrSiblingSelector": [], "text": "Unfortunately, AnTuTu Benchmark has stopped.", "mask": 1, "childOrSibling": []}], "jsonrpc": "2.0", "method": "exist", "id": "482f5414d3b39b66cf5ffe1c0f5db9ff"}}, files: {}
04-24 11:07:40.610 D/dalvikvm( 1540): GC_CONCURRENT freed 440K, 78% free 1165K/5096K, paused 1ms+2ms, total 14ms
04-24 11:07:40.790 D/UIAutomatorStub( 1540): URI: /jsonrpc/0, Method: POST, Header: {content-type=application/json, connection=close, remote-addr=127.0.0.1, host=localhost:9008, content-length=172, http-client-ip=127.0.0.1, user-agent=Python-urllib/2.7, accept-encoding=identity}, params, {{"params": [{"childOrSiblingSelector": [], "text": "Show", "mask": 1, "childOrSibling": []}], "jsonrpc": "2.0", "method": "exist", "id": "374edb0c1bd78b60568345f5faa486b9"}=, NanoHttpd.QUERY_STRING={"params": [{"childOrSiblingSelector": [], "text": "Show", "mask": 1, "childOrSibling": []}], "jsonrpc": "2.0", "method": "exist", "id": "374edb0c1bd78b60568345f5faa486b9"}}, files: {}
04-24 11:07:41.590 I/wpa_supplicant(  639): [CTRL_IFACE]wlan0: SIGNAL_POLL
04-24 11:07:43.030 D/UIAutomatorStub( 1540): URI: /jsonrpc/0, Method: POST, Header: {content-type=application/json, connection=close, remote-addr=127.0.0.1, host=localhost:9008, content-length=212, http-client-ip=127.0.0.1, user-agent=Python-urllib/2.7, accept-encoding=identity}, params, {NanoHttpd.QUERY_STRING={"params": [{"childOrSiblingSelector": [], "text": "Unfortunately, AnTuTu Benchmark has stopped.", "mask": 1, "childOrSibling": []}], "jsonrpc": "2.0", "method": "exist", "id": "503663101341c08b41eedeb40eeeeb21"}, {"params": [{"childOrSiblingSelector": [], "text": "Unfortunately, AnTuTu Benchmark has stopped.", "mask": 1, "childOrSibling": []}], "jsonrpc": "2.0", "method": "exist", "id": "503663101341c08b41eedeb40eeeeb21"}=}, files: {}
04-24 11:07:43.260 D/dalvikvm( 1540): GC_CONCURRENT freed 374K, 76% free 1233K/5096K, paused 1ms+5ms, total 31ms
04-24 11:07:43.270 D/UIAutomatorStub( 1540): URI: /jsonrpc/0, Method: POST, Header: {content-type=application/json, connection=close, remote-addr=127.0.0.1, host=localhost:9008, content-length=172, http-client-ip=127.0.0.1, user-agent=Python-urllib/2.7, accept-encoding=identity}, params, {NanoHttpd.QUERY_STRING={"params": [{"childOrSiblingSelector": [], "text": "Show", "mask": 1, "childOrSibling": []}], "jsonrpc": "2.0", "method": "exist", "id": "b738cd8d0a356f29bc4a378f2accc7a6"}, {"params": [{"childOrSiblingSelector": [], "text": "Show", "mask": 1, "childOrSibling": []}], "jsonrpc": "2.0", "method": "exist", "id": "b738cd8d0a356f29bc4a378f2accc7a6"}=}, files: {}
04-24 11:07:44.600 I/wpa_supplicant(  639): [CTRL_IFACE]wlan0: SIGNAL_POLL
04-24 11:07:45.550 D/UIAutomatorStub( 1540): URI: /jsonrpc/0, Method: POST, Header: {content-type=application/json, connection=close, remote-addr=127.0.0.1, host=localhost:9008, content-length=212, http-client-ip=127.0.0.1, user-agent=Python-urllib/2.7, accept-encoding=identity}, params, {{"params": [{"childOrSiblingSelector": [], "text": "Unfortunately, AnTuTu Benchmark has stopped.", "mask": 1, "childOrSibling": []}], "jsonrpc": "2.0", "method": "exist", "id": "c90b758303ace4d869ed092f09e93edf"}=, NanoHttpd.QUERY_STRING={"params": [{"childOrSiblingSelector": [], "text": "Unfortunately, AnTuTu Benchmark has stopped.", "mask": 1, "childOrSibling": []}], "jsonrpc": "2.0", "method": "exist", "id": "c90b758303ace4d869ed092f09e93edf"}}, files: {}
04-24 11:07:45.770 D/UIAutomatorStub( 1540): URI: /jsonrpc/0, Method: POST, Header: {content-type=application/json, connection=close, remote-addr=127.0.0.1, host=localhost:9008, content-length=172, http-client-ip=127.0.0.1, user-agent=Python-urllib/2.7, accept-encoding=identity}, params, {{"params": [{"childOrSiblingSelector": [], "text": "Show", "mask": 1, "childOrSibling": []}], "jsonrpc": "2.0", "method": "exist", "id": "b459c99768bc98b027fdd499542a3c98"}=, NanoHttpd.QUERY_STRING={"params": [{"childOrSiblingSelector": [], "text": "Show", "mask": 1, "childOrSibling": []}], "jsonrpc": "2.0", "method": "exist", "id": "b459c99768bc98b027fdd499542a3c98"}}, files: {}
04-24 11:07:45.930 D/dalvikvm( 1540): GC_CONCURRENT freed 460K, 78% free 1159K/5096K, paused 1ms+1ms, total 15ms
04-24 11:07:47.600 I/wpa_supplicant(  639): [CTRL_IFACE]wlan0: SIGNAL_POLL
04-24 11:07:48.020 D/UIAutomatorStub( 1540): URI: /jsonrpc/0, Method: POST, Header: {content-type=application/json, connection=close, remote-addr=127.0.0.1, host=localhost:9008, content-length=212, http-client-ip=127.0.0.1, user-agent=Python-urllib/2.7, accept-encoding=identity}, params, {NanoHttpd.QUERY_STRING={"params": [{"childOrSiblingSelector": [], "text": "Unfortunately, AnTuTu Benchmark has stopped.", "mask": 1, "childOrSibling": []}], "jsonrpc": "2.0", "method": "exist", "id": "982175868c15e319436abe672eed46b2"}, {"params": [{"childOrSiblingSelector": [], "text": "Unfortunately, AnTuTu Benchmark has stopped.", "mask": 1, "childOrSibling": []}], "jsonrpc": "2.0", "method": "exist", "id": "982175868c15e319436abe672eed46b2"}=}, files: {}
04-24 11:07:48.220 D/UIAutomatorStub( 1540): URI: /jsonrpc/0, Method: POST, Header: {content-type=application/json, connection=close, remote-addr=127.0.0.1, host=localhost:9008, content-length=172, http-client-ip=127.0.0.1, user-agent=Python-urllib/2.7, accept-encoding=identity}, params, {{"params": [{"childOrSiblingSelector": [], "text": "Show", "mask": 1, "childOrSibling": []}], "jsonrpc": "2.0", "method": "exist", "id": "c1c4eeb246090ba2682d29af5aa5c691"}=, NanoHttpd.QUERY_STRING={"params": [{"childOrSiblingSelector": [], "text": "Show", "mask": 1, "childOrSibling": []}], "jsonrpc": "2.0", "method": "exist", "id": "c1c4eeb246090ba2682d29af5aa5c691"}}, files: {}
04-24 11:07:50.540 D/dalvikvm( 1540): GC_CONCURRENT freed 431K, 78% free 1123K/5096K, paused 1ms+1ms, total 13ms
04-24 11:07:50.570 D/UIAutomatorStub( 1540): URI: /jsonrpc/0, Method: POST, Header: {content-type=application/json, connection=close, remote-addr=127.0.0.1, host=localhost:9008, content-length=212, http-client-ip=127.0.0.1, user-agent=Python-urllib/2.7, accept-encoding=identity}, params, {{"params": [{"childOrSiblingSelector": [], "text": "Unfortunately, AnTuTu Benchmark has stopped.", "mask": 1, "childOrSibling": []}], "jsonrpc": "2.0", "method": "exist", "id": "ac0e4140e37770b5a647e8b0ef5e5450"}=, NanoHttpd.QUERY_STRING={"params": [{"childOrSiblingSelector": [], "text": "Unfortunately, AnTuTu Benchmark has stopped.", "mask": 1, "childOrSibling": []}], "jsonrpc": "2.0", "method": "exist", "id": "ac0e4140e37770b5a647e8b0ef5e5450"}}, files: {}
04-24 11:07:50.610 I/wpa_supplicant(  639): [CTRL_IFACE]wlan0: SIGNAL_POLL
04-24 11:07:50.810 D/UIAutomatorStub( 1540): URI: /jsonrpc/0, Method: POST, Header: {content-type=application/json, connection=close, remote-addr=127.0.0.1, host=localhost:9008, content-length=172, http-client-ip=127.0.0.1, user-agent=Python-urllib/2.7, accept-encoding=identity}, params, {NanoHttpd.QUERY_STRING={"params": [{"childOrSiblingSelector": [], "text": "Show", "mask": 1, "childOrSibling": []}], "jsonrpc": "2.0", "method": "exist", "id": "1a8b9930741407d13e149b272ad2d6eb"}, {"params": [{"childOrSiblingSelector": [], "text": "Show", "mask": 1, "childOrSibling": []}], "jsonrpc": "2.0", "method": "exist", "id": "1a8b9930741407d13e149b272ad2d6eb"}=}, files: {}
04-24 11:07:53.120 D/UIAutomatorStub( 1540): URI: /jsonrpc/0, Method: POST, Header: {content-type=application/json, connection=close, remote-addr=127.0.0.1, host=localhost:9008, content-length=212, http-client-ip=127.0.0.1, user-agent=Python-urllib/2.7, accept-encoding=identity}, params, {NanoHttpd.QUERY_STRING={"params": [{"childOrSiblingSelector": [], "text": "Unfortunately, AnTuTu Benchmark has stopped.", "mask": 1, "childOrSibling": []}], "jsonrpc": "2.0", "method": "exist", "id": "94532edc1a070e1a0c17788260f8989e"}, {"params": [{"childOrSiblingSelector": [], "text": "Unfortunately, AnTuTu Benchmark has stopped.", "mask": 1, "childOrSibling": []}], "jsonrpc": "2.0", "method": "exist", "id": "94532edc1a070e1a0c17788260f8989e"}=}, files: {}
04-24 11:07:53.140 D/dalvikvm( 1540): GC_CONCURRENT freed 365K, 78% free 1160K/5096K, paused 3ms+2ms, total 24ms
04-24 11:07:53.390 D/UIAutomatorStub( 1540): URI: /jsonrpc/0, Method: POST, Header: {content-type=application/json, connection=close, remote-addr=127.0.0.1, host=localhost:9008, content-length=172, http-client-ip=127.0.0.1, user-agent=Python-urllib/2.7, accept-encoding=identity}, params, {NanoHttpd.QUERY_STRING={"params": [{"childOrSiblingSelector": [], "text": "Show", "mask": 1, "childOrSibling": []}], "jsonrpc": "2.0", "method": "exist", "id": "b4b3db982d904819cb3befd8c0c6468f"}, {"params": [{"childOrSiblingSelector": [], "text": "Show", "mask": 1, "childOrSibling": []}], "jsonrpc": "2.0", "method": "exist", "id": "b4b3db982d904819cb3befd8c0c6468f"}=}, files: {}
04-24 11:07:53.610 I/wpa_supplicant(  639): [CTRL_IFACE]wlan0: SIGNAL_POLL
04-24 11:07:55.740 D/UIAutomatorStub( 1540): URI: /jsonrpc/0, Method: POST, Header: {content-type=application/json, connection=close, remote-addr=127.0.0.1, host=localhost:9008, content-length=212, http-client-ip=127.0.0.1, user-agent=Python-urllib/2.7, accept-encoding=identity}, params, {NanoHttpd.QUERY_STRING={"params": [{"childOrSiblingSelector": [], "text": "Unfortunately, AnTuTu Benchmark has stopped.", "mask": 1, "childOrSibling": []}], "jsonrpc": "2.0", "method": "exist", "id": "6804ed62970af8285147dca3d9ab295b"}, {"params": [{"childOrSiblingSelector": [], "text": "Unfortunately, AnTuTu Benchmark has stopped.", "mask": 1, "childOrSibling": []}], "jsonrpc": "2.0", "method": "exist", "id": "6804ed62970af8285147dca3d9ab295b"}=}, files: {}
04-24 11:07:55.970 D/dalvikvm( 1540): GC_CONCURRENT freed 377K, 76% free 1251K/5096K, paused 2ms+2ms, total 23ms
04-24 11:07:55.970 D/UIAutomatorStub( 1540): URI: /jsonrpc/0, Method: POST, Header: {content-type=application/json, connection=close, remote-addr=127.0.0.1, host=localhost:9008, content-length=172, http-client-ip=127.0.0.1, user-agent=Python-urllib/2.7, accept-encoding=identity}, params, {NanoHttpd.QUERY_STRING={"params": [{"childOrSiblingSelector": [], "text": "Show", "mask": 1, "childOrSibling": []}], "jsonrpc": "2.0", "method": "exist", "id": "b58b1505cd4f1456cfa797813bab6347"}, {"params": [{"childOrSiblingSelector": [], "text": "Show", "mask": 1, "childOrSibling": []}], "jsonrpc": "2.0", "method": "exist", "id": "b58b1505cd4f1456cfa797813bab6347"}=}, files: {}
04-24 11:07:56.610 I/wpa_supplicant(  639): [CTRL_IFACE]wlan0: SIGNAL_POLL
04-24 11:07:58.220 D/UIAutomatorStub( 1540): URI: /jsonrpc/0, Method: POST, Header: {content-type=application/json, connection=close, remote-addr=127.0.0.1, host=localhost:9008, content-length=212, http-client-ip=127.0.0.1, user-agent=Python-urllib/2.7, accept-encoding=identity}, params, {{"params": [{"childOrSiblingSelector": [], "text": "Unfortunately, AnTuTu Benchmark has stopped.", "mask": 1, "childOrSibling": []}], "jsonrpc": "2.0", "method": "exist", "id": "a958c6a8fd7c1e4008dc9eae0dbf704e"}=, NanoHttpd.QUERY_STRING={"params": [{"childOrSiblingSelector": [], "text": "Unfortunately, AnTuTu Benchmark has stopped.", "mask": 1, "childOrSibling": []}], "jsonrpc": "2.0", "method": "exist", "id": "a958c6a8fd7c1e4008dc9eae0dbf704e"}}, files: {}
04-24 11:07:58.450 D/UIAutomatorStub( 1540): URI: /jsonrpc/0, Method: POST, Header: {content-type=application/json, connection=close, remote-addr=127.0.0.1, host=localhost:9008, content-length=172, http-client-ip=127.0.0.1, user-agent=Python-urllib/2.7, accept-encoding=identity}, params, {NanoHttpd.QUERY_STRING={"params": [{"childOrSiblingSelector": [], "text": "Show", "mask": 1, "childOrSibling": []}], "jsonrpc": "2.0", "method": "exist", "id": "43b7eae7a64d7752f058d56dc35d7d5b"}, {"params": [{"childOrSiblingSelector": [], "text": "Show", "mask": 1, "childOrSibling": []}], "jsonrpc": "2.0", "method": "exist", "id": "43b7eae7a64d7752f058d56dc35d7d5b"}=}, files: {}
04-24 11:07:58.680 D/dalvikvm( 1540): GC_CONCURRENT freed 488K, 77% free 1174K/5096K, paused 3ms+1ms, total 21ms
04-24 11:07:59.470 D/PowerManagerService(  431): mHoldBootFastWakeLock = true
04-24 11:07:59.620 I/wpa_supplicant(  639): [CTRL_IFACE]wlan0: SIGNAL_POLL
04-24 11:08:00.690 D/UIAutomatorStub( 1540): URI: /jsonrpc/0, Method: POST, Header: {content-type=application/json, connection=close, remote-addr=127.0.0.1, host=localhost:9008, content-length=212, http-client-ip=127.0.0.1, user-agent=Python-urllib/2.7, accept-encoding=identity}, params, {NanoHttpd.QUERY_STRING={"params": [{"childOrSiblingSelector": [], "text": "Unfortunately, AnTuTu Benchmark has stopped.", "mask": 1, "childOrSibling": []}], "jsonrpc": "2.0", "method": "exist", "id": "056eb39c808ebc1dab96ef222feee5d5"}, {"params": [{"childOrSiblingSelector": [], "text": "Unfortunately, AnTuTu Benchmark has stopped.", "mask": 1, "childOrSibling": []}], "jsonrpc": "2.0", "method": "exist", "id": "056eb39c808ebc1dab96ef222feee5d5"}=}, files: {}
04-24 11:08:01.060 D/UIAutomatorStub( 1540): URI: /jsonrpc/0, Method: POST, Header: {content-type=application/json, connection=close, remote-addr=127.0.0.1, host=localhost:9008, content-length=172, http-client-ip=127.0.0.1, user-agent=Python-urllib/2.7, accept-encoding=identity}, params, {NanoHttpd.QUERY_STRING={"params": [{"childOrSiblingSelector": [], "text": "Show", "mask": 1, "childOrSibling": []}], "jsonrpc": "2.0", "method": "exist", "id": "5c04fee53ea877144fd84f7c1d6c8e57"}, {"params": [{"childOrSiblingSelector": [], "text": "Show", "mask": 1, "childOrSibling": []}], "jsonrpc": "2.0", "method": "exist", "id": "5c04fee53ea877144fd84f7c1d6c8e57"}=}, files: {}
04-24 11:08:02.630 I/wpa_supplicant(  639): [CTRL_IFACE]wlan0: SIGNAL_POLL
04-24 11:08:03.000 D/gralloc (  110): ==USE CPU CACHE OP LLL usage = 0x333==
04-24 11:08:03.000 D/gralloc (  110): ION_HEAP_SYSTEM_MASK alloc
04-24 11:08:03.080 F/libc    ( 3224): Fatal signal 11 (SIGSEGV) at 0x0000005f (code=1), thread 3224 (enchMark:remote)
04-24 11:08:03.080 I/AndroidRuntime( 3224): VM exiting with result code 0, cleanup skipped.
04-24 11:08:03.170 I/WindowState(  431): WIN DEATH: Window{41eca0a8 u0 com.antutu.ABenchMark/com.antutu.ABenchMark.Test3D.OgreActivity}
04-24 11:08:03.170 I/WindowState(  431): WIN DEATH: Window{41fddff0 u0 SurfaceView}
04-24 11:08:03.180 I/DEBUG   (12025): unexpected waitpid response: n=3224, status=00000000
04-24 11:08:03.180 I/DEBUG   (12025): ptrace detach from 3224 failed: No such process
04-24 11:08:03.180 I/DEBUG   (12025): debuggerd committing suicide to free the zombie!
04-24 11:08:03.280 D/UIAutomatorStub( 1540): URI: /jsonrpc/0, Method: POST, Header: {content-type=application/json, connection=close, remote-addr=127.0.0.1, host=localhost:9008, content-length=212, http-client-ip=127.0.0.1, user-agent=Python-urllib/2.7, accept-encoding=identity}, params, {NanoHttpd.QUERY_STRING={"params": [{"childOrSiblingSelector": [], "text": "Unfortunately, AnTuTu Benchmark has stopped.", "mask": 1, "childOrSibling": []}], "jsonrpc": "2.0", "method": "exist", "id": "da7c36b08e1980d40c76bf3631a66d0c"}, {"params": [{"childOrSiblingSelector": [], "text": "Unfortunately, AnTuTu Benchmark has stopped.", "mask": 1, "childOrSibling": []}], "jsonrpc": "2.0", "method": "exist", "id": "da7c36b08e1980d40c76bf3631a66d0c"}=}, files: {}
04-24 11:08:03.290 D/dalvikvm( 1540): GC_CONCURRENT freed 428K, 78% free 1168K/5096K, paused 1ms+2ms, total 13ms
04-24 11:08:03.300 I/DEBUG   ( 3277): debuggerd: Mar 20 2014 10:22:09
04-24 11:08:03.320 D/dalvikvm(  431): GC_CONCURRENT freed 1301K, 37% free 10014K/15772K, paused 8ms+135ms, total 286ms
04-24 11:08:03.320 D/dalvikvm(  431): WAIT_FOR_CONCURRENT_GC blocked 143ms
04-24 11:08:03.320 D/dalvikvm(  431): WAIT_FOR_CONCURRENT_GC blocked 6ms
04-24 11:08:03.320 D/dalvikvm(  431): WAIT_FOR_CONCURRENT_GC blocked 7ms
04-24 11:08:03.320 E/QueryController( 1540): Got null root node from accessibility - Retrying...
04-24 11:08:03.320 I/qtaguid (  431): Failed write_ctrl(s 0 10076) res=-1 errno=1
04-24 11:08:03.320 W/NetworkManagementSocketTagger(  431): setKernelCountSet(10076, 0) failed with errno -1
04-24 11:08:03.320 I/ActivityManager(  431): Process com.antutu.ABenchMark:remote (pid 3224) has died.
04-24 11:08:03.340 I/qtaguid (  431): Failed write_ctrl(s 1 10076) res=-1 errno=1
04-24 11:08:03.340 W/NetworkManagementSocketTagger(  431): setKernelCountSet(10076, 1) failed with errno -1
04-24 11:08:03.380 D/gralloc (  110): ION_HEAP_CARVEOUT_MASK alloc
04-24 11:08:03.380 D/gralloc (  110): ION_HEAP_CARVEOUT_MASK alloc
04-24 11:08:03.390 W/InputMethodManagerService(  431): Got RemoteException sending setActive(false) notification to pid 3224 uid 10076
04-24 11:08:03.410 W/Binder  ( 2505): Caught a RuntimeException from the binder stub implementation.
04-24 11:08:03.410 W/Binder  ( 2505): java.lang.NullPointerException
04-24 11:08:03.410 W/Binder  ( 2505): 	at android.inputmethodservice.IInputMethodWrapper.setSessionEnabled(IInputMethodWrapper.java:280)
04-24 11:08:03.410 W/Binder  ( 2505): 	at com.android.internal.view.IInputMethod$Stub.onTransact(IInputMethod.java:129)
04-24 11:08:03.410 W/Binder  ( 2505): 	at android.os.Binder.execTransact(Binder.java:404)
04-24 11:08:03.410 W/Binder  ( 2505): 	at dalvik.system.NativeStart.run(Native Method)
04-24 11:08:03.700 D/gralloc (  110): ==USE CPU CACHE OP LLL usage = 0x333==
04-24 11:08:03.700 D/gralloc (  110): ION_HEAP_SYSTEM_MASK alloc
04-24 11:08:03.700 I/AnTuTuBenchmarkScore( 2122): multitask : 2187
04-24 11:08:03.700 I/AnTuTuBenchmarkScore( 2122): integer : 1050
04-24 11:08:03.700 I/AnTuTuBenchmarkScore( 2122): float : 564
04-24 11:08:03.710 I/AnTuTuBenchmarkScore( 2122): ram : 608
04-24 11:08:03.710 I/AnTuTuBenchmarkScore( 2122): memory : 681
04-24 11:08:03.710 I/AnTuTuBenchmarkScore( 2122): dalvik : 886
04-24 11:08:03.710 I/AnTuTuBenchmarkScore( 2122): renderscript : 0
04-24 11:08:03.710 I/AnTuTuBenchmarkScore( 2122): 2d : 703
04-24 11:08:03.710 I/AnTuTuBenchmarkScore( 2122): 3d : 2759
04-24 11:08:03.710 I/AnTuTuBenchmarkScore( 2122): database : 555
04-24 11:08:03.710 I/AnTuTuBenchmarkScore( 2122): storage : 843
04-24 11:08:03.710 I/AnTuTuBenchmarkScore( 2122): score : 10836
04-24 11:08:03.750 I/ActivityManager(  431): START u0 {cmp=com.antutu.ABenchMark/com.antutu.benchmark.activity.RankingChartActivity} from pid 2122
04-24 11:08:03.780 D/dalvikvm( 2122): GC_EXPLICIT freed 436K, 51% free 8711K/17636K, paused 3ms+10ms, total 92ms
04-24 11:08:03.790 E/BitmapFactory( 2122): Unable to decode stream: java.io.FileNotFoundException: /: open failed: EISDIR (Is a directory)
04-24 11:08:03.910 D/gralloc (  110): ION_HEAP_CARVEOUT_MASK alloc
04-24 11:08:03.910 D/gralloc (  110): ION_HEAP_CARVEOUT_MASK alloc
04-24 11:08:03.940 W/ResourceType(  431): Skipping entry 0x7f040002 in package table 0 because it is not complex!
04-24 11:08:03.950 W/ResourceType(  431): Skipping entry 0x7f040007 in package table 0 because it is not complex!
04-24 11:08:03.950 I/ActivityManager(  431): Displayed com.antutu.ABenchMark/com.antutu.benchmark.activity.RankingChartActivity: +194ms
04-24 11:08:03.970 D/gralloc (  110): ION_HEAP_CARVEOUT_MASK alloc
04-24 11:08:04.070 D/gralloc (  110): ION_HEAP_CARVEOUT_MASK alloc
04-24 11:08:04.300 D/gralloc (  110): ION_HEAP_CARVEOUT_MASK alloc
04-24 11:08:05.130 D/UIAutomatorStub( 1540): URI: /jsonrpc/0, Method: POST, Header: {content-type=application/json, connection=close, remote-addr=127.0.0.1, host=localhost:9008, content-length=172, http-client-ip=127.0.0.1, user-agent=Python-urllib/2.7, accept-encoding=identity}, params, {{"params": [{"childOrSiblingSelector": [], "text": "Show", "mask": 1, "childOrSibling": []}], "jsonrpc": "2.0", "method": "exist", "id": "be99cb3026442ec8e01eefb1c70e1610"}=, NanoHttpd.QUERY_STRING={"params": [{"childOrSiblingSelector": [], "text": "Show", "mask": 1, "childOrSibling": []}], "jsonrpc": "2.0", "method": "exist", "id": "be99cb3026442ec8e01eefb1c70e1610"}}, files: {}
04-24 11:08:05.180 I/QueryController( 1540): Matched selector: UiSelector[TEXT=Show] <<==>> [android.view.accessibility.AccessibilityNodeInfo@535b0; boundsInParent: Rect(0, 0 - 372, 45); boundsInScreen: Rect(12, 919 - 384, 964); packageName: com.antutu.ABenchMark; className: android.widget.Button; text: Show; contentDescription: null; viewIdResName: com.antutu.ABenchMark:id/show_btn; checkable: false; checked: false; focusable: true; focused: false; selected: false; clickable: true; longClickable: false; enabled: true; password: false; scrollable: false; [ACTION_FOCUS, ACTION_SELECT, ACTION_CLEAR_SELECTION, ACTION_CLICK, ACTION_ACCESSIBILITY_FOCUS, ACTION_NEXT_AT_MOVEMENT_GRANULARITY, ACTION_PREVIOUS_AT_MOVEMENT_GRANULARITY, ACTION_SET_SELECTION]]
04-24 11:08:05.210 D/UIAutomatorStub( 1540): URI: /jsonrpc/0, Method: POST, Header: {content-type=application/json, connection=close, remote-addr=127.0.0.1, host=localhost:9008, content-length=175, http-client-ip=127.0.0.1, user-agent=Python-urllib/2.7, accept-encoding=identity}, params, {{"params": [{"childOrSiblingSelector": [], "text": "Details", "mask": 1, "childOrSibling": []}], "jsonrpc": "2.0", "method": "click", "id": "ae6bf4bc976abcd4ab89f3bd1cfdfcea"}=, NanoHttpd.QUERY_STRING={"params": [{"childOrSiblingSelector": [], "text": "Details", "mask": 1, "childOrSibling": []}], "jsonrpc": "2.0", "method": "click", "id": "ae6bf4bc976abcd4ab89f3bd1cfdfcea"}}, files: {}
04-24 11:08:05.210 D/dalvikvm( 1540): GC_CONCURRENT freed 374K, 77% free 1206K/5096K, paused 2ms+1ms, total 18ms
04-24 11:08:05.230 I/QueryController( 1540): Matched selector: UiSelector[TEXT=Details] <<==>> [android.view.accessibility.AccessibilityNodeInfo@53971; boundsInParent: Rect(0, 0 - 372, 45); boundsInScreen: Rect(384, 919 - 756, 964); packageName: com.antutu.ABenchMark; className: android.widget.Button; text: Details; contentDescription: null; viewIdResName: com.antutu.ABenchMark:id/detail_btn; checkable: false; checked: false; focusable: true; focused: false; selected: false; clickable: true; longClickable: false; enabled: true; password: false; scrollable: false; [ACTION_FOCUS, ACTION_SELECT, ACTION_CLEAR_SELECTION, ACTION_CLICK, ACTION_ACCESSIBILITY_FOCUS, ACTION_NEXT_AT_MOVEMENT_GRANULARITY, ACTION_PREVIOUS_AT_MOVEMENT_GRANULARITY, ACTION_SET_SELECTION]]
04-24 11:08:05.240 D/InteractionController( 1540): clickAndSync(570, 941)
04-24 11:08:05.410 V/audio_hw_primary(  113): start_output_stream, line: 732
04-24 11:08:05.410 V/codec_audio_pad(  113): in normal mode, headset or speaker on,****LINE:112,FUNC:set_normal_path
04-24 11:08:05.410 D/gralloc (  110): ==USE CPU CACHE OP LLL usage = 0x333==
04-24 11:08:05.410 D/gralloc (  110): ION_HEAP_SYSTEM_MASK alloc
04-24 11:08:05.410 I/ActivityManager(  431): START u0 {flg=0x4000000 cmp=com.antutu.ABenchMark/com.antutu.benchmark.activity.IndependentActivity (has extras)} from pid 2122
04-24 11:08:05.550 V/audio_hw_primary(  113): normal mode , speaker,****LINE:657,FUNC:select_output_device
04-24 11:08:05.550 V/audio_hw_primary(  113): start_output_stream: card:0, port:0, rate:44100
04-24 11:08:05.550 D/alsa_pcm(  113): pcm_open:,sparams.stop_threshold:1540, config->stop_threshold:0
04-24 11:08:05.550 V/audio_hw_primary(  113): do not use out resampler
04-24 11:08:05.630 I/wpa_supplicant(  639): [CTRL_IFACE]wlan0: SIGNAL_POLL
04-24 11:08:05.770 D/gralloc (  110): ION_HEAP_CARVEOUT_MASK alloc
04-24 11:08:05.780 D/gralloc (  110): ION_HEAP_CARVEOUT_MASK alloc
04-24 11:08:05.900 I/ActivityManager(  431): Displayed com.antutu.ABenchMark/com.antutu.benchmark.activity.IndependentActivity: +450ms
04-24 11:08:05.940 D/UIAutomatorStub( 1540): URI: /jsonrpc/0, Method: POST, Header: {content-type=application/json, connection=close, remote-addr=127.0.0.1, host=localhost:9008, content-length=128, http-client-ip=127.0.0.1, user-agent=Python-urllib/2.7, accept-encoding=identity}, params, {{"params": ["screenshot.png", 1.0, 100], "jsonrpc": "2.0", "method": "takeScreenshot", "id": "b4b861053931a788d1b5c9c5713df593"}=, NanoHttpd.QUERY_STRING={"params": ["screenshot.png", 1.0, 100], "jsonrpc": "2.0", "method": "takeScreenshot", "id": "b4b861053931a788d1b5c9c5713df593"}}, files: {}
04-24 11:08:05.960 D/gralloc (  110): ==USE CPU CACHE OP LLL usage = 0x333==
04-24 11:08:05.960 D/gralloc (  110): ION_HEAP_SYSTEM_MASK alloc
04-24 11:08:06.120 D/gralloc (  110): ION_HEAP_CARVEOUT_MASK alloc
04-24 11:08:06.540 D/ConnectivityService(  431): Sampling interval elapsed, updating statistics ..
04-24 11:08:06.540 D/ConnectivityService(  431): Done.
04-24 11:08:06.540 D/ConnectivityService(  431): Setting timer for 720seconds
04-24 11:08:06.640 D/dalvikvm( 2122): GC_FOR_ALLOC freed 801K, 49% free 9162K/17636K, paused 49ms, total 52ms
04-24 11:08:06.640 I/dalvikvm-heap( 2122): Grow heap (frag case) to 11.900MB for 2998288-byte allocation
04-24 11:08:06.680 D/dalvikvm( 2122): GC_FOR_ALLOC freed 149K, 33% free 11941K/17636K, paused 40ms, total 40ms
04-24 11:08:06.770 D/dalvikvm( 2122): GC_CONCURRENT freed 74K, 33% free 11875K/17636K, paused 3ms+6ms, total 93ms
04-24 11:08:06.830 D/dalvikvm( 2122): GC_FOR_ALLOC freed 13K, 33% free 11871K/17636K, paused 36ms, total 37ms
04-24 11:08:06.830 I/dalvikvm-heap( 2122): Grow heap (frag case) to 14.541MB for 2994384-byte allocation
04-24 11:08:06.870 D/dalvikvm( 2122): GC_FOR_ALLOC freed 0K, 17% free 14795K/17636K, paused 41ms, total 41ms
04-24 11:08:06.920 D/dalvikvm( 2122): GC_CONCURRENT freed 0K, 17% free 14795K/17636K, paused 3ms+6ms, total 48ms
04-24 11:08:07.060 E/BitmapFactory( 2122): Unable to decode stream: java.io.FileNotFoundException: /: open failed: EISDIR (Is a directory)
04-24 11:08:07.060 D/UIAutomatorStub( 1540): URI: /jsonrpc/0, Method: POST, Header: {content-type=application/json, connection=close, remote-addr=127.0.0.1, host=localhost:9008, content-length=102, http-client-ip=127.0.0.1, user-agent=Python-urllib/2.7, accept-encoding=identity}, params, {NanoHttpd.QUERY_STRING={"params": ["home"], "jsonrpc": "2.0", "method": "pressKey", "id": "19beafb15174eca3ffe8953cc8008ec2"}, {"params": ["home"], "jsonrpc": "2.0", "method": "pressKey", "id": "19beafb15174eca3ffe8953cc8008ec2"}=}, files: {}
04-24 11:08:07.080 I/ActivityManager(  431): START u0 {act=android.intent.action.MAIN cat=[android.intent.category.HOME] flg=0x10200000 cmp=com.android.launcher/com.android.launcher2.Launcher} from pid 431
04-24 11:08:07.090 D/gralloc (  110): ==USE CPU CACHE OP LLL usage = 0x333==
04-24 11:08:07.090 D/gralloc (  110): ION_HEAP_SYSTEM_MASK alloc
04-24 11:08:07.100 D/dalvikvm( 2122): GC_FOR_ALLOC freed 5865K, 50% free 8944K/17636K, paused 44ms, total 45ms
04-24 11:08:07.110 I/dalvikvm-heap( 2122): Grow heap (frag case) to 11.057MB for 2337808-byte allocation
04-24 11:08:07.150 D/dalvikvm( 2122): GC_FOR_ALLOC freed <1K, 37% free 11227K/17636K, paused 39ms, total 39ms
04-24 11:08:07.200 D/dalvikvm( 2122): GC_CONCURRENT freed 61K, 37% free 11229K/17636K, paused 3ms+8ms, total 54ms
04-24 11:08:07.290 D/dalvikvm( 2122): GC_FOR_ALLOC freed 24K, 37% free 11227K/17636K, paused 35ms, total 35ms
04-24 11:08:07.290 I/dalvikvm-heap( 2122): Grow heap (frag case) to 13.287MB for 2337808-byte allocation
04-24 11:08:07.330 D/dalvikvm( 2122): GC_FOR_ALLOC freed 0K, 24% free 13510K/17636K, paused 38ms, total 38ms
04-24 11:08:07.370 D/dalvikvm( 2122): GC_CONCURRENT freed <1K, 24% free 13511K/17636K, paused 3ms+5ms, total 45ms
04-24 11:08:07.400 D/gralloc (  110): ION_HEAP_CARVEOUT_MASK alloc
04-24 11:08:07.420 I/qtaguid (  431): Failed write_ctrl(s 1 10011) res=-1 errno=1
04-24 11:08:07.420 W/NetworkManagementSocketTagger(  431): setKernelCountSet(10011, 1) failed with errno -1
04-24 11:08:07.510 D/gralloc (  110): ION_HEAP_CARVEOUT_MASK alloc
04-24 11:08:07.510 D/gralloc (  110): ION_HEAP_CARVEOUT_MASK alloc
04-24 11:08:07.610 D/dalvikvm( 1540): GC_CONCURRENT freed 448K, 77% free 1179K/5096K, paused 0ms+1ms, total 11ms
04-24 11:08:08.030 D/gralloc (  110): ION_HEAP_CARVEOUT_MASK alloc
04-24 11:08:08.060 D/gralloc (  110): ION_HEAP_CARVEOUT_MASK alloc
04-24 11:08:08.080 I/qtaguid (  431): Failed write_ctrl(s 0 10076) res=-1 errno=1
04-24 11:08:08.080 W/NetworkManagementSocketTagger(  431): setKernelCountSet(10076, 0) failed with errno -1
04-24 11:08:08.310 D/UIAutomatorStub( 1540): URI: /jsonrpc/0, Method: POST, Header: {content-type=application/json, connection=close, remote-addr=127.0.0.1, host=localhost:9008, content-length=80, http-client-ip=127.0.0.1, user-agent=Python-urllib/2.7, accept-encoding=identity}, params, {NanoHttpd.QUERY_STRING={"jsonrpc": "2.0", "method": "wakeUp", "id": "df23cbf73323e29c5fa314b68000a9d0"}, {"jsonrpc": "2.0", "method": "wakeUp", "id": "df23cbf73323e29c5fa314b68000a9d0"}=}, files: {}
04-24 11:08:08.380 D/UIAutomatorStub( 1540): URI: /jsonrpc/0, Method: POST, Header: {content-type=application/json, connection=close, remote-addr=127.0.0.1, host=localhost:9008, content-length=102, http-client-ip=127.0.0.1, user-agent=Python-urllib/2.7, accept-encoding=identity}, params, {{"params": ["home"], "jsonrpc": "2.0", "method": "pressKey", "id": "8cb5c01c4e5deabca8e9eeb50e08799f"}=, NanoHttpd.QUERY_STRING={"params": ["home"], "jsonrpc": "2.0", "method": "pressKey", "id": "8cb5c01c4e5deabca8e9eeb50e08799f"}}, files: {}
04-24 11:08:08.520 I/ActivityManager(  431): START u0 {act=android.intent.action.MAIN cat=[android.intent.category.HOME] flg=0x10200000 cmp=com.android.launcher/com.android.launcher2.Launcher} from pid 431
04-24 11:08:08.640 I/wpa_supplicant(  639): [CTRL_IFACE]wlan0: SIGNAL_POLL
04-24 11:08:08.650 D/audio_hw_primary(  113): out_standby
04-24 11:08:09.530 W/InteractionController( 1540): runAndwaitForEvent timedout waiting for events
04-24 11:08:09.560 D/UIAutomatorStub( 1540): URI: /jsonrpc/0, Method: POST, Header: {content-type=application/json, connection=close, remote-addr=127.0.0.1, host=localhost:9008, content-length=180, http-client-ip=127.0.0.1, user-agent=Python-urllib/2.7, accept-encoding=identity}, params, {{"params": [{"childOrSiblingSelector": [], "mask": 64, "description": "Apps", "childOrSibling": []}], "jsonrpc": "2.0", "method": "click", "id": "0a10e4a9f299c701c30ad3accb10a856"}=, NanoHttpd.QUERY_STRING={"params": [{"childOrSiblingSelector": [], "mask": 64, "description": "Apps", "childOrSibling": []}], "jsonrpc": "2.0", "method": "click", "id": "0a10e4a9f299c701c30ad3accb10a856"}}, files: {}
04-24 11:08:09.670 W/ResourceType( 2177): No known package when getting name for resource number 0x9c010100
04-24 11:08:09.670 W/ResourceType( 2177): No known package when getting name for resource number 0x9c010503
04-24 11:08:09.680 W/ResourceType( 2177): No known package when getting name for resource number 0x9c020000
04-24 11:08:09.680 W/ResourceType( 2177): No known package when getting name for resource number 0x9c020100
04-24 11:08:09.680 W/ResourceType( 2177): No known package when getting name for resource number 0x9c020200
04-24 11:08:09.690 W/ResourceType( 2177): No known package when getting name for resource number 0x9b010100
04-24 11:08:09.690 W/ResourceType( 2177): No known package when getting name for resource number 0x9b020200
04-24 11:08:09.690 W/ResourceType( 2177): No known package when getting name for resource number 0x9b030300
04-24 11:08:09.690 W/ResourceType( 2177): No known package when getting name for resource number 0x9b050500
04-24 11:08:09.690 W/ResourceType( 2177): No known package when getting name for resource number 0x9b060600
04-24 11:08:09.690 W/ResourceType( 2177): No known package when getting name for resource number 0x9b070700
04-24 11:08:09.710 D/dalvikvm( 1540): GC_CONCURRENT freed 391K, 77% free 1218K/5096K, paused 1ms+4ms, total 16ms
04-24 11:08:09.720 I/QueryController( 1540): Matched selector: UiSelector[DESCRIPTION=Apps] <<==>> [android.view.accessibility.AccessibilityNodeInfo@1a1b1; boundsInParent: Rect(524257, 0 - 524327, 70); boundsInScreen: Rect(356, 900 - 412, 956); packageName: com.android.launcher; className: android.widget.TextView; text: null; contentDescription: Apps; viewIdResName: null; checkable: false; checked: false; focusable: true; focused: false; selected: false; clickable: true; longClickable: false; enabled: true; password: false; scrollable: false; [ACTION_FOCUS, ACTION_SELECT, ACTION_CLEAR_SELECTION, ACTION_CLICK, ACTION_ACCESSIBILITY_FOCUS]]
04-24 11:08:09.720 D/InteractionController( 1540): clickAndSync(384, 928)
04-24 11:08:09.860 V/audio_hw_primary(  113): start_output_stream, line: 732
04-24 11:08:09.860 V/codec_audio_pad(  113): in normal mode, headset or speaker on,****LINE:112,FUNC:set_normal_path
04-24 11:08:09.880 D/UIAutomatorStub( 1540): URI: /jsonrpc/0, Method: POST, Header: {content-type=application/json, connection=close, remote-addr=127.0.0.1, host=localhost:9008, content-length=191, http-client-ip=127.0.0.1, user-agent=Python-urllib/2.7, accept-encoding=identity}, params, {NanoHttpd.QUERY_STRING={"params": [{"childOrSiblingSelector": [], "text": "Basemark ES2 Taiji Free", "mask": 1, "childOrSibling": []}], "jsonrpc": "2.0", "method": "click", "id": "cfc986ccaaa53f28aca03ec1fea002da"}, {"params": [{"childOrSiblingSelector": [], "text": "Basemark ES2 Taiji Free", "mask": 1, "childOrSibling": []}], "jsonrpc": "2.0", "method": "click", "id": "cfc986ccaaa53f28aca03ec1fea002da"}=}, files: {}
