04-23 10:18:25.350 D/dalvikvm( 9277): GC_FOR_ALLOC freed 148K, 9% free 5363K/5852K, paused 18ms, total 18ms
04-23 10:18:25.350 I/dalvikvm-heap( 9277): Grow heap (frag case) to 5.467MB for 210148-byte allocation
04-23 10:18:25.370 D/dalvikvm( 9277): GC_FOR_ALLOC freed 137K, 11% free 5431K/6060K, paused 14ms, total 14ms
04-23 10:18:25.380 V/WebViewChromium( 9277): Binding Chromium to the background looper Looper{4199a418}
04-23 10:18:25.420 D/dalvikvm( 9277): GC_CONCURRENT freed 303K, 9% free 5542K/6060K, paused 3ms+2ms, total 18ms
04-23 10:18:25.430 I/chromium( 9277): [INFO:library_loader_hooks.cc(112)] Chromium logging enabled: level = 0, default verbosity = 0
04-23 10:18:25.440 I/BrowserProcessMain( 9277): Initializing chromium process, renderers=0
04-23 10:18:25.470 D/dalvikvm( 9277): GC_FOR_ALLOC freed 88K, 9% free 5544K/6060K, paused 14ms, total 14ms
04-23 10:18:25.470 I/dalvikvm-heap( 9277): Grow heap (frag case) to 5.895MB for 472822-byte allocation
04-23 10:18:25.490 D/dalvikvm( 9277): GC_FOR_ALLOC freed 307K, 13% free 5698K/6524K, paused 18ms, total 18ms
04-23 10:18:25.510 I/hwcomposer(  110): IMG_hwcdev_pipe_assign_status_t hwcdev_try_to_assign_pipe(SUNXI_hwcdev_context_t*, SUNXI_hwcdev_pipe_t*, hwc_layer_1_t*, int, int): We use not config memory
04-23 10:18:25.510 I/hwcomposer(  110): IMG_hwcdev_pipe_assign_status_t hwcdev_try_to_assign_pipe(SUNXI_hwcdev_context_t*, SUNXI_hwcdev_pipe_t*, hwc_layer_1_t*, int, int): We use not config memory
04-23 10:18:25.510 I/hwcomposer(  110): IMG_hwcdev_pipe_assign_status_t hwcdev_try_to_assign_pipe(SUNXI_hwcdev_context_t*, SUNXI_hwcdev_pipe_t*, hwc_layer_1_t*, int, int): We use not config memory
04-23 10:18:25.510 I/hwcomposer(  110): IMG_hwcdev_pipe_assign_status_t hwcdev_try_to_assign_pipe(SUNXI_hwcdev_context_t*, SUNXI_hwcdev_pipe_t*, hwc_layer_1_t*, int, int): We use not config memory
04-23 10:18:25.510 I/hwcomposer(  110): IMG_hwcdev_pipe_assign_status_t hwcdev_try_to_assign_pipe(SUNXI_hwcdev_context_t*, SUNXI_hwcdev_pipe_t*, hwc_layer_1_t*, int, int): We use not config memory
04-23 10:18:25.510 I/hwcomposer(  110): IMG_hwcdev_pipe_assign_status_t hwcdev_try_to_assign_pipe(SUNXI_hwcdev_context_t*, SUNXI_hwcdev_pipe_t*, hwc_layer_1_t*, int, int): We use not config memory
04-23 10:18:25.510 I/hwcomposer(  110): IMG_hwcdev_pipe_assign_status_t hwcdev_try_to_assign_pipe(SUNXI_hwcdev_context_t*, SUNXI_hwcdev_pipe_t*, hwc_layer_1_t*, int, int): We use not config memory
04-23 10:18:25.520 D/dalvikvm( 9277): GC_CONCURRENT freed 8K, 13% free 5702K/6524K, paused 1ms+5ms, total 22ms
04-23 10:18:25.600 D/dalvikvm( 9277): GC_FOR_ALLOC freed 151K, 13% free 5698K/6524K, paused 15ms, total 15ms
04-23 10:18:25.600 I/dalvikvm-heap( 9277): Grow heap (frag case) to 6.271MB for 709228-byte allocation
04-23 10:18:25.620 D/dalvikvm( 9277): GC_FOR_ALLOC freed 461K, 18% free 5929K/7220K, paused 19ms, total 19ms
04-23 10:18:25.640 D/dalvikvm( 9277): GC_CONCURRENT freed 8K, 18% free 5929K/7220K, paused 2ms+2ms, total 22ms
04-23 10:18:25.710 W/chromium( 9277): [WARNING:proxy_service.cc(888)] PAC support disabled because there is no system implementation
04-23 10:18:25.760 D/dalvikvm( 9277): GC_FOR_ALLOC freed 235K, 18% free 5932K/7220K, paused 15ms, total 15ms
04-23 10:18:25.760 I/dalvikvm-heap( 9277): Grow heap (frag case) to 6.837MB for 1063838-byte allocation
04-23 10:18:25.780 D/dalvikvm( 9277): GC_FOR_ALLOC freed 692K, 24% free 6278K/8260K, paused 18ms, total 18ms
04-23 10:18:25.800 D/dalvikvm( 9277): GC_CONCURRENT freed 32K, 24% free 6278K/8260K, paused 1ms+2ms, total 21ms
04-23 10:18:25.970 D/dalvikvm( 9277): GC_FOR_ALLOC freed 323K, 24% free 6305K/8260K, paused 14ms, total 14ms
04-23 10:18:25.970 I/dalvikvm-heap( 9277): Grow heap (frag case) to 7.709MB for 1595752-byte allocation
04-23 10:18:26.000 D/dalvikvm( 9277): GC_FOR_ALLOC freed 1038K, 31% free 6825K/9820K, paused 21ms, total 21ms
04-23 10:18:26.020 D/dalvikvm( 9277): GC_CONCURRENT freed 24K, 31% free 6827K/9820K, paused 3ms+2ms, total 19ms
04-23 10:18:26.290 D/dalvikvm( 9277): GC_FOR_ALLOC freed 531K, 31% free 6862K/9820K, paused 18ms, total 18ms
04-23 10:18:26.290 I/hwcomposer(  110): IMG_hwcdev_pipe_assign_status_t hwcdev_try_to_assign_pipe(SUNXI_hwcdev_context_t*, SUNXI_hwcdev_pipe_t*, hwc_layer_1_t*, int, int): We use not config memory
04-23 10:18:26.290 I/hwcomposer(  110): IMG_hwcdev_pipe_assign_status_t hwcdev_try_to_assign_pipe(SUNXI_hwcdev_context_t*, SUNXI_hwcdev_pipe_t*, hwc_layer_1_t*, int, int): We use not config memory
04-23 10:18:26.290 I/hwcomposer(  110): IMG_hwcdev_pipe_assign_status_t hwcdev_try_to_assign_pipe(SUNXI_hwcdev_context_t*, SUNXI_hwcdev_pipe_t*, hwc_layer_1_t*, int, int): We use not config memory
04-23 10:18:26.290 I/hwcomposer(  110): IMG_hwcdev_pipe_assign_status_t hwcdev_try_to_assign_pipe(SUNXI_hwcdev_context_t*, SUNXI_hwcdev_pipe_t*, hwc_layer_1_t*, int, int): We use not config memory
04-23 10:18:26.290 I/hwcomposer(  110): IMG_hwcdev_pipe_assign_status_t hwcdev_try_to_assign_pipe(SUNXI_hwcdev_context_t*, SUNXI_hwcdev_pipe_t*, hwc_layer_1_t*, int, int): We use not config memory
04-23 10:18:26.290 I/hwcomposer(  110): IMG_hwcdev_pipe_assign_status_t hwcdev_try_to_assign_pipe(SUNXI_hwcdev_context_t*, SUNXI_hwcdev_pipe_t*, hwc_layer_1_t*, int, int): We use not config memory
04-23 10:18:26.290 I/hwcomposer(  110): IMG_hwcdev_pipe_assign_status_t hwcdev_try_to_assign_pipe(SUNXI_hwcdev_context_t*, SUNXI_hwcdev_pipe_t*, hwc_layer_1_t*, int, int): We use not config memory
04-23 10:18:26.300 I/dalvikvm-heap( 9277): Grow heap (frag case) to 9.014MB for 2393624-byte allocation
04-23 10:18:26.310 I/hwcomposer(  110): IMG_hwcdev_pipe_assign_status_t hwcdev_try_to_assign_pipe(SUNXI_hwcdev_context_t*, SUNXI_hwcdev_pipe_t*, hwc_layer_1_t*, int, int): We use not config memory
04-23 10:18:26.310 I/hwcomposer(  110): IMG_hwcdev_pipe_assign_status_t hwcdev_try_to_assign_pipe(SUNXI_hwcdev_context_t*, SUNXI_hwcdev_pipe_t*, hwc_layer_1_t*, int, int): We use not config memory
04-23 10:18:26.310 I/hwcomposer(  110): IMG_hwcdev_pipe_assign_status_t hwcdev_try_to_assign_pipe(SUNXI_hwcdev_context_t*, SUNXI_hwcdev_pipe_t*, hwc_layer_1_t*, int, int): We use not config memory
04-23 10:18:26.310 I/hwcomposer(  110): IMG_hwcdev_pipe_assign_status_t hwcdev_try_to_assign_pipe(SUNXI_hwcdev_context_t*, SUNXI_hwcdev_pipe_t*, hwc_layer_1_t*, int, int): We use not config memory
04-23 10:18:26.310 I/hwcomposer(  110): IMG_hwcdev_pipe_assign_status_t hwcdev_try_to_assign_pipe(SUNXI_hwcdev_context_t*, SUNXI_hwcdev_pipe_t*, hwc_layer_1_t*, int, int): We use not config memory
04-23 10:18:26.310 I/hwcomposer(  110): IMG_hwcdev_pipe_assign_status_t hwcdev_try_to_assign_pipe(SUNXI_hwcdev_context_t*, SUNXI_hwcdev_pipe_t*, hwc_layer_1_t*, int, int): We use not config memory
04-23 10:18:26.310 I/hwcomposer(  110): IMG_hwcdev_pipe_assign_status_t hwcdev_try_to_assign_pipe(SUNXI_hwcdev_context_t*, SUNXI_hwcdev_pipe_t*, hwc_layer_1_t*, int, int): We use not config memory
04-23 10:18:26.330 D/dalvikvm( 9277): GC_FOR_ALLOC freed 1558K, 23% free 7641K/9820K, paused 31ms, total 31ms
04-23 10:18:26.340 D/gralloc (  110): ION_HEAP_CARVEOUT_MASK alloc
04-23 10:18:26.340 D/gralloc (  110): ION_HEAP_CARVEOUT_MASK alloc
04-23 10:18:26.350 I/Choreographer( 9277): Skipped 67 frames!  The application may be doing too much work on its main thread.
04-23 10:18:26.370 D/dalvikvm( 9277): GC_CONCURRENT freed 25K, 23% free 7652K/9820K, paused 2ms+4ms, total 36ms
04-23 10:18:26.460 I/hwcomposer(  110): IMG_hwcdev_pipe_assign_status_t hwcdev_try_to_assign_pipe(SUNXI_hwcdev_context_t*, SUNXI_hwcdev_pipe_t*, hwc_layer_1_t*, int, int): We use not config memory
04-23 10:18:26.460 I/hwcomposer(  110): IMG_hwcdev_pipe_assign_status_t hwcdev_try_to_assign_pipe(SUNXI_hwcdev_context_t*, SUNXI_hwcdev_pipe_t*, hwc_layer_1_t*, int, int): We use not config memory
04-23 10:18:26.460 I/hwcomposer(  110): IMG_hwcdev_pipe_assign_status_t hwcdev_try_to_assign_pipe(SUNXI_hwcdev_context_t*, SUNXI_hwcdev_pipe_t*, hwc_layer_1_t*, int, int): We use not config memory
04-23 10:18:26.460 I/hwcomposer(  110): IMG_hwcdev_pipe_assign_status_t hwcdev_try_to_assign_pipe(SUNXI_hwcdev_context_t*, SUNXI_hwcdev_pipe_t*, hwc_layer_1_t*, int, int): We use not config memory
04-23 10:18:26.460 I/hwcomposer(  110): IMG_hwcdev_pipe_assign_status_t hwcdev_try_to_assign_pipe(SUNXI_hwcdev_context_t*, SUNXI_hwcdev_pipe_t*, hwc_layer_1_t*, int, int): We use not config memory
04-23 10:18:26.460 I/hwcomposer(  110): IMG_hwcdev_pipe_assign_status_t hwcdev_try_to_assign_pipe(SUNXI_hwcdev_context_t*, SUNXI_hwcdev_pipe_t*, hwc_layer_1_t*, int, int): We use not config memory
04-23 10:18:26.460 I/hwcomposer(  110): IMG_hwcdev_pipe_assign_status_t hwcdev_try_to_assign_pipe(SUNXI_hwcdev_context_t*, SUNXI_hwcdev_pipe_t*, hwc_layer_1_t*, int, int): We use not config memory
04-23 10:18:26.470 W/AwContents( 9277): nativeOnDraw failed; clearing to background color.
04-23 10:18:26.490 I/hwcomposer(  110): IMG_hwcdev_pipe_assign_status_t hwcdev_try_to_assign_pipe(SUNXI_hwcdev_context_t*, SUNXI_hwcdev_pipe_t*, hwc_layer_1_t*, int, int): We use not config memory
04-23 10:18:26.490 I/hwcomposer(  110): IMG_hwcdev_pipe_assign_status_t hwcdev_try_to_assign_pipe(SUNXI_hwcdev_context_t*, SUNXI_hwcdev_pipe_t*, hwc_layer_1_t*, int, int): We use not config memory
04-23 10:18:26.490 I/hwcomposer(  110): IMG_hwcdev_pipe_assign_status_t hwcdev_try_to_assign_pipe(SUNXI_hwcdev_context_t*, SUNXI_hwcdev_pipe_t*, hwc_layer_1_t*, int, int): We use not config memory
04-23 10:18:26.490 I/hwcomposer(  110): IMG_hwcdev_pipe_assign_status_t hwcdev_try_to_assign_pipe(SUNXI_hwcdev_context_t*, SUNXI_hwcdev_pipe_t*, hwc_layer_1_t*, int, int): We use not config memory
04-23 10:18:26.490 I/hwcomposer(  110): IMG_hwcdev_pipe_assign_status_t hwcdev_try_to_assign_pipe(SUNXI_hwcdev_context_t*, SUNXI_hwcdev_pipe_t*, hwc_layer_1_t*, int, int): We use not config memory
04-23 10:18:26.490 I/hwcomposer(  110): IMG_hwcdev_pipe_assign_status_t hwcdev_try_to_assign_pipe(SUNXI_hwcdev_context_t*, SUNXI_hwcdev_pipe_t*, hwc_layer_1_t*, int, int): We use not config memory
04-23 10:18:26.490 I/hwcomposer(  110): IMG_hwcdev_pipe_assign_status_t hwcdev_try_to_assign_pipe(SUNXI_hwcdev_context_t*, SUNXI_hwcdev_pipe_t*, hwc_layer_1_t*, int, int): We use not config memory
04-23 10:18:26.520 D/gralloc (  110): ION_HEAP_CARVEOUT_MASK alloc
04-23 10:18:26.540 I/hwcomposer(  110): IMG_hwcdev_pipe_assign_status_t hwcdev_try_to_assign_pipe(SUNXI_hwcdev_context_t*, SUNXI_hwcdev_pipe_t*, hwc_layer_1_t*, int, int): We use not config memory
04-23 10:18:26.540 I/hwcomposer(  110): IMG_hwcdev_pipe_assign_status_t hwcdev_try_to_assign_pipe(SUNXI_hwcdev_context_t*, SUNXI_hwcdev_pipe_t*, hwc_layer_1_t*, int, int): We use not config memory
04-23 10:18:26.540 I/hwcomposer(  110): IMG_hwcdev_pipe_assign_status_t hwcdev_try_to_assign_pipe(SUNXI_hwcdev_context_t*, SUNXI_hwcdev_pipe_t*, hwc_layer_1_t*, int, int): We use not config memory
04-23 10:18:26.540 I/hwcomposer(  110): IMG_hwcdev_pipe_assign_status_t hwcdev_try_to_assign_pipe(SUNXI_hwcdev_context_t*, SUNXI_hwcdev_pipe_t*, hwc_layer_1_t*, int, int): We use not config memory
04-23 10:18:26.540 I/hwcomposer(  110): IMG_hwcdev_pipe_assign_status_t hwcdev_try_to_assign_pipe(SUNXI_hwcdev_context_t*, SUNXI_hwcdev_pipe_t*, hwc_layer_1_t*, int, int): We use not config memory
04-23 10:18:26.540 I/hwcomposer(  110): IMG_hwcdev_pipe_assign_status_t hwcdev_try_to_assign_pipe(SUNXI_hwcdev_context_t*, SUNXI_hwcdev_pipe_t*, hwc_layer_1_t*, int, int): We use not config memory
04-23 10:18:26.540 I/hwcomposer(  110): IMG_hwcdev_pipe_assign_status_t hwcdev_try_to_assign_pipe(SUNXI_hwcdev_context_t*, SUNXI_hwcdev_pipe_t*, hwc_layer_1_t*, int, int): We use not config memory
04-23 10:18:26.620 D/gralloc (  110): ION_HEAP_CARVEOUT_MASK alloc
04-23 10:18:26.620 I/ActivityManager(  431): Displayed com.futuremark.dmandroid.application/.activity.MainActivity: +2s493ms
04-23 10:18:26.620 W/AwContents( 9277): nativeOnDraw failed; clearing to background color.
04-23 10:18:26.620 I/hwcomposer(  110): IMG_hwcdev_pipe_assign_status_t hwcdev_try_to_assign_pipe(SUNXI_hwcdev_context_t*, SUNXI_hwcdev_pipe_t*, hwc_layer_1_t*, int, int): We use not config memory
04-23 10:18:26.620 I/hwcomposer(  110): IMG_hwcdev_pipe_assign_status_t hwcdev_try_to_assign_pipe(SUNXI_hwcdev_context_t*, SUNXI_hwcdev_pipe_t*, hwc_layer_1_t*, int, int): We use not config memory
04-23 10:18:26.620 I/hwcomposer(  110): IMG_hwcdev_pipe_assign_status_t hwcdev_try_to_assign_pipe(SUNXI_hwcdev_context_t*, SUNXI_hwcdev_pipe_t*, hwc_layer_1_t*, int, int): We use not config memory
04-23 10:18:26.620 I/hwcomposer(  110): IMG_hwcdev_pipe_assign_status_t hwcdev_try_to_assign_pipe(SUNXI_hwcdev_context_t*, SUNXI_hwcdev_pipe_t*, hwc_layer_1_t*, int, int): We use not config memory
04-23 10:18:26.620 I/hwcomposer(  110): IMG_hwcdev_pipe_assign_status_t hwcdev_try_to_assign_pipe(SUNXI_hwcdev_context_t*, SUNXI_hwcdev_pipe_t*, hwc_layer_1_t*, int, int): We use not config memory
04-23 10:18:26.620 I/hwcomposer(  110): IMG_hwcdev_pipe_assign_status_t hwcdev_try_to_assign_pipe(SUNXI_hwcdev_context_t*, SUNXI_hwcdev_pipe_t*, hwc_layer_1_t*, int, int): We use not config memory
04-23 10:18:26.620 I/hwcomposer(  110): IMG_hwcdev_pipe_assign_status_t hwcdev_try_to_assign_pipe(SUNXI_hwcdev_context_t*, SUNXI_hwcdev_pipe_t*, hwc_layer_1_t*, int, int): We use not config memory
04-23 10:18:26.640 I/hwcomposer(  110): IMG_hwcdev_pipe_assign_status_t hwcdev_try_to_assign_pipe(SUNXI_hwcdev_context_t*, SUNXI_hwcdev_pipe_t*, hwc_layer_1_t*, int, int): We use not config memory
04-23 10:18:26.640 I/hwcomposer(  110): IMG_hwcdev_pipe_assign_status_t hwcdev_try_to_assign_pipe(SUNXI_hwcdev_context_t*, SUNXI_hwcdev_pipe_t*, hwc_layer_1_t*, int, int): We use not config memory
04-23 10:18:26.640 I/hwcomposer(  110): IMG_hwcdev_pipe_assign_status_t hwcdev_try_to_assign_pipe(SUNXI_hwcdev_context_t*, SUNXI_hwcdev_pipe_t*, hwc_layer_1_t*, int, int): We use not config memory
04-23 10:18:26.640 I/hwcomposer(  110): IMG_hwcdev_pipe_assign_status_t hwcdev_try_to_assign_pipe(SUNXI_hwcdev_context_t*, SUNXI_hwcdev_pipe_t*, hwc_layer_1_t*, int, int): We use not config memory
04-23 10:18:26.640 I/hwcomposer(  110): IMG_hwcdev_pipe_assign_status_t hwcdev_try_to_assign_pipe(SUNXI_hwcdev_context_t*, SUNXI_hwcdev_pipe_t*, hwc_layer_1_t*, int, int): We use not config memory
04-23 10:18:26.640 I/hwcomposer(  110): IMG_hwcdev_pipe_assign_status_t hwcdev_try_to_assign_pipe(SUNXI_hwcdev_context_t*, SUNXI_hwcdev_pipe_t*, hwc_layer_1_t*, int, int): We use not config memory
04-23 10:18:26.640 I/hwcomposer(  110): IMG_hwcdev_pipe_assign_status_t hwcdev_try_to_assign_pipe(SUNXI_hwcdev_context_t*, SUNXI_hwcdev_pipe_t*, hwc_layer_1_t*, int, int): We use not config memory
04-23 10:18:26.660 D/gralloc (  110): ION_HEAP_CARVEOUT_MASK alloc
04-23 10:18:26.660 I/hwcomposer(  110): IMG_hwcdev_pipe_assign_status_t hwcdev_try_to_assign_pipe(SUNXI_hwcdev_context_t*, SUNXI_hwcdev_pipe_t*, hwc_layer_1_t*, int, int): We use not config memory
04-23 10:18:26.660 I/hwcomposer(  110): IMG_hwcdev_pipe_assign_status_t hwcdev_try_to_assign_pipe(SUNXI_hwcdev_context_t*, SUNXI_hwcdev_pipe_t*, hwc_layer_1_t*, int, int): We use not config memory
04-23 10:18:26.660 I/hwcomposer(  110): IMG_hwcdev_pipe_assign_status_t hwcdev_try_to_assign_pipe(SUNXI_hwcdev_context_t*, SUNXI_hwcdev_pipe_t*, hwc_layer_1_t*, int, int): We use not config memory
04-23 10:18:26.660 I/hwcomposer(  110): IMG_hwcdev_pipe_assign_status_t hwcdev_try_to_assign_pipe(SUNXI_hwcdev_context_t*, SUNXI_hwcdev_pipe_t*, hwc_layer_1_t*, int, int): We use not config memory
04-23 10:18:26.660 I/hwcomposer(  110): IMG_hwcdev_pipe_assign_status_t hwcdev_try_to_assign_pipe(SUNXI_hwcdev_context_t*, SUNXI_hwcdev_pipe_t*, hwc_layer_1_t*, int, int): We use not config memory
04-23 10:18:26.660 I/hwcomposer(  110): IMG_hwcdev_pipe_assign_status_t hwcdev_try_to_assign_pipe(SUNXI_hwcdev_context_t*, SUNXI_hwcdev_pipe_t*, hwc_layer_1_t*, int, int): We use not config memory
04-23 10:18:26.660 I/hwcomposer(  110): IMG_hwcdev_pipe_assign_status_t hwcdev_try_to_assign_pipe(SUNXI_hwcdev_context_t*, SUNXI_hwcdev_pipe_t*, hwc_layer_1_t*, int, int): We use not config memory
04-23 10:18:26.670 D/gralloc (  110): ION_HEAP_CARVEOUT_MASK alloc
04-23 10:18:26.670 I/hwcomposer(  110): IMG_hwcdev_pipe_assign_status_t hwcdev_try_to_assign_pipe(SUNXI_hwcdev_context_t*, SUNXI_hwcdev_pipe_t*, hwc_layer_1_t*, int, int): We use not config memory
04-23 10:18:26.680 I/hwcomposer(  110): IMG_hwcdev_pipe_assign_status_t hwcdev_try_to_assign_pipe(SUNXI_hwcdev_context_t*, SUNXI_hwcdev_pipe_t*, hwc_layer_1_t*, int, int): We use not config memory
04-23 10:18:26.680 I/hwcomposer(  110): IMG_hwcdev_pipe_assign_status_t hwcdev_try_to_assign_pipe(SUNXI_hwcdev_context_t*, SUNXI_hwcdev_pipe_t*, hwc_layer_1_t*, int, int): We use not config memory
04-23 10:18:26.680 I/hwcomposer(  110): IMG_hwcdev_pipe_assign_status_t hwcdev_try_to_assign_pipe(SUNXI_hwcdev_context_t*, SUNXI_hwcdev_pipe_t*, hwc_layer_1_t*, int, int): We use not config memory
04-23 10:18:26.680 I/hwcomposer(  110): IMG_hwcdev_pipe_assign_status_t hwcdev_try_to_assign_pipe(SUNXI_hwcdev_context_t*, SUNXI_hwcdev_pipe_t*, hwc_layer_1_t*, int, int): We use not config memory
04-23 10:18:26.680 I/hwcomposer(  110): IMG_hwcdev_pipe_assign_status_t hwcdev_try_to_assign_pipe(SUNXI_hwcdev_context_t*, SUNXI_hwcdev_pipe_t*, hwc_layer_1_t*, int, int): We use not config memory
04-23 10:18:26.680 I/hwcomposer(  110): IMG_hwcdev_pipe_assign_status_t hwcdev_try_to_assign_pipe(SUNXI_hwcdev_context_t*, SUNXI_hwcdev_pipe_t*, hwc_layer_1_t*, int, int): We use not config memory
04-23 10:18:26.810 D/dalvikvm( 9277): GC_FOR_ALLOC freed 812K, 22% free 7714K/9820K, paused 30ms, total 30ms
04-23 10:18:26.810 I/dalvikvm-heap( 9277): Grow heap (frag case) to 10.988MB for 3590432-byte allocation
04-23 10:18:26.860 D/dalvikvm( 9277): GC_FOR_ALLOC freed 2338K, 34% free 8882K/13328K, paused 48ms, total 48ms
04-23 10:18:26.920 D/dalvikvm( 9277): GC_CONCURRENT freed 39K, 34% free 8875K/13328K, paused 2ms+2ms, total 54ms
04-23 10:18:27.170 D/audio_hw_primary(  113): out_standby
04-23 10:18:27.260 I/BaseWebViewFragment( 9277): onPageStarted
04-23 10:18:27.270 I/BaseWebViewFragment( 9277): onPageStarted
04-23 10:18:27.280 I/BaseWebViewFragment( 9277): onPageStarted
04-23 10:18:27.430 D/dalvikvm( 9277): GC_FOR_ALLOC freed 1190K, 34% free 8880K/13328K, paused 26ms, total 26ms
04-23 10:18:27.430 I/dalvikvm-heap( 9277): Grow heap (frag case) to 13.837MB for 5385644-byte allocation
04-23 10:18:27.520 D/dalvikvm( 9277): GC_FOR_ALLOC freed 3506K, 43% free 10633K/18588K, paused 81ms, total 81ms
04-23 10:18:27.520 W/AwContents( 9277): nativeOnDraw failed; clearing to background color.
04-23 10:18:27.530 I/chromium( 9277): [INFO:async_pixel_transfer_manager_android.cc(56)] Async pixel transfers not supported
04-23 10:18:27.550 I/chromium( 9277): [INFO:async_pixel_transfer_manager_android.cc(56)] Async pixel transfers not supported
04-23 10:18:27.550 D/dalvikvm( 9277): GC_CONCURRENT freed 65K, 43% free 10634K/18588K, paused 7ms+3ms, total 36ms
04-23 10:18:28.420 D/dalvikvm( 9277): GC_FOR_ALLOC freed 1762K, 43% free 10637K/18588K, paused 25ms, total 25ms
04-23 10:18:28.420 I/dalvikvm-heap( 9277): Grow heap (frag case) to 18.122MB for 8078462-byte allocation
04-23 10:18:28.510 D/dalvikvm( 9277): GC_FOR_ALLOC freed 5259K, 50% free 13267K/26480K, paused 90ms, total 90ms
04-23 10:18:28.570 D/UIAutomatorStub( 2789): URI: /jsonrpc/0, Method: POST, Header: {content-type=application/json, connection=close, remote-addr=127.0.0.1, host=localhost:9008, content-length=101, http-client-ip=127.0.0.1, user-agent=Python-urllib/2.7, accept-encoding=identity}, params, {{"params": [600, 460], "jsonrpc": "2.0", "method": "click", "id": "c99cec32f36e26c955d35f9e6d52f389"}=, NanoHttpd.QUERY_STRING={"params": [600, 460], "jsonrpc": "2.0", "method": "click", "id": "c99cec32f36e26c955d35f9e6d52f389"}}, files: {}
04-23 10:18:28.570 D/InteractionController( 2789): clickNoSync (600, 460)
04-23 10:18:28.580 D/dalvikvm( 9277): GC_CONCURRENT freed 28K, 50% free 13271K/26480K, paused 3ms+2ms, total 63ms
04-23 10:18:28.710 D/UIAutomatorStub( 2789): URI: /jsonrpc/0, Method: POST, Header: {content-type=application/json, connection=close, remote-addr=127.0.0.1, host=localhost:9008, content-length=102, http-client-ip=127.0.0.1, user-agent=Python-urllib/2.7, accept-encoding=identity}, params, {{"params": ["home"], "jsonrpc": "2.0", "method": "pressKey", "id": "5a329567caca0ba396f1848455076442"}=, NanoHttpd.QUERY_STRING={"params": ["home"], "jsonrpc": "2.0", "method": "pressKey", "id": "5a329567caca0ba396f1848455076442"}}, files: {}
04-23 10:18:28.740 I/ActivityManager(  431): START u0 {act=android.intent.action.MAIN cat=[android.intent.category.HOME] flg=0x10200000 cmp=com.android.launcher/com.android.launcher2.Launcher} from pid 431
04-23 10:18:28.750 D/gralloc (  110): ==USE CPU CACHE OP LLL usage = 0x333==
04-23 10:18:28.750 D/gralloc (  110): ION_HEAP_SYSTEM_MASK alloc
04-23 10:18:28.820 D/DynamicPowerPolicyChangeThread(  431): set policy performance, temp=88.0
04-23 10:18:28.890 I/qtaguid (  431): Failed write_ctrl(s 1 10011) res=-1 errno=1
04-23 10:18:28.890 W/NetworkManagementSocketTagger(  431): setKernelCountSet(10011, 1) failed with errno -1
04-23 10:18:28.900 W/InputMethodManagerService(  431): Focus gain on non-focused client com.android.internal.view.IInputMethodClient$Stub$Proxy@41ccc540 (uid=10078 pid=9277)
04-23 10:18:29.090 W/SurfaceFlinger(  110): couldn't log to binary event log: overflow.
04-23 10:18:29.140 D/gralloc (  110): ION_HEAP_CARVEOUT_MASK alloc
04-23 10:18:29.160 D/gralloc (  110): ION_HEAP_CARVEOUT_MASK alloc
04-23 10:18:29.210 D/dalvikvm( 9277): GC_FOR_ALLOC freed 1475K, 50% free 13348K/26480K, paused 24ms, total 24ms
04-23 10:18:29.220 I/dalvikvm-heap( 9277): Grow heap (frag case) to 18.700MB for 5908726-byte allocation
04-23 10:18:29.270 D/dalvikvm( 9277): GC_FOR_ALLOC freed 46K, 28% free 19072K/26480K, paused 51ms, total 51ms
04-23 10:18:29.270 W/InputMethodManagerService(  431): Window already focused, ignoring focus gain of: com.android.internal.view.IInputMethodClient$Stub$Proxy@41c79d60 attribute=android.view.inputmethod.EditorInfo@41e0e948, token = android.os.BinderProxy@41d246a0
04-23 10:18:29.340 D/dalvikvm( 9277): GC_CONCURRENT freed 8072K, 21% free 11211K/14136K, paused 3ms+6ms, total 62ms
04-23 10:18:29.680 D/gralloc (  110): ION_HEAP_CARVEOUT_MASK alloc
04-23 10:18:29.690 W/SurfaceFlinger(  110): couldn't log to binary event log: overflow.
04-23 10:18:29.730 D/gralloc (  110): ION_HEAP_CARVEOUT_MASK alloc
04-23 10:18:29.790 I/qtaguid (  431): Failed write_ctrl(s 0 10078) res=-1 errno=1
04-23 10:18:29.790 W/NetworkManagementSocketTagger(  431): setKernelCountSet(10078, 0) failed with errno -1
04-23 10:18:29.790 W/InteractionController( 2789): runAndwaitForEvent timedout waiting for events
04-23 10:18:29.830 W/ManagedEGLContext( 9277): doTerminate failed: EGL count is 2 but managed count is 1
04-23 10:18:30.430 D/UIAutomatorStub( 2789): URI: /jsonrpc/0, Method: POST, Header: {content-type=application/json, connection=close, remote-addr=127.0.0.1, host=localhost:9008, content-length=318, http-client-ip=127.0.0.1, user-agent=Python-urllib/2.7, accept-encoding=identity}, params, {NanoHttpd.QUERY_STRING={"params": ["Vellamo out of memory", [{"childOrSiblingSelector": [], "text": "Vellamo Out of Memory", "mask": 1, "childOrSibling": []}], {"childOrSiblingSelector": [], "text": "ok", "mask": 1, "childOrSibling": []}], "jsonrpc": "2.0", "method": "registerClickUiObjectWatcher", "id": "e30cd961bc2d1d06bb2426a2d06b0218"}, {"params": ["Vellamo out of memory", [{"childOrSiblingSelector": [], "text": "Vellamo Out of Memory", "mask": 1, "childOrSibling": []}], {"childOrSiblingSelector": [], "text": "ok", "mask": 1, "childOrSibling": []}], "jsonrpc": "2.0", "method": "registerClickUiObjectWatcher", "id": "e30cd961bc2d1d06bb2426a2d06b0218"}=}, files: {}
04-23 10:18:30.470 D/dalvikvm( 2789): GC_CONCURRENT freed 4411K, 74% free 1363K/5084K, paused 2ms+2ms, total 30ms
04-23 10:18:30.470 D/UIAutomatorStub( 2789): URI: /jsonrpc/0, Method: POST, Header: {content-type=application/json, connection=close, remote-addr=127.0.0.1, host=localhost:9008, content-length=80, http-client-ip=127.0.0.1, user-agent=Python-urllib/2.7, accept-encoding=identity}, params, {{"jsonrpc": "2.0", "method": "wakeUp", "id": "28aa6b7d0641ca65719e71f7686ccb59"}=, NanoHttpd.QUERY_STRING={"jsonrpc": "2.0", "method": "wakeUp", "id": "28aa6b7d0641ca65719e71f7686ccb59"}}, files: {}
04-23 10:18:30.490 D/UIAutomatorStub( 2789): URI: /jsonrpc/0, Method: POST, Header: {content-type=application/json, connection=close, remote-addr=127.0.0.1, host=localhost:9008, content-length=102, http-client-ip=127.0.0.1, user-agent=Python-urllib/2.7, accept-encoding=identity}, params, {NanoHttpd.QUERY_STRING={"params": ["home"], "jsonrpc": "2.0", "method": "pressKey", "id": "ec7eea26a45e4d3f44f7494599918dea"}, {"params": ["home"], "jsonrpc": "2.0", "method": "pressKey", "id": "ec7eea26a45e4d3f44f7494599918dea"}=}, files: {}
04-23 10:18:30.510 I/ActivityManager(  431): START u0 {act=android.intent.action.MAIN cat=[android.intent.category.HOME] flg=0x10200000 cmp=com.android.launcher/com.android.launcher2.Launcher} from pid 431
04-23 10:18:30.530 D/UIAutomatorStub( 2789): URI: /jsonrpc/0, Method: POST, Header: {content-type=application/json, connection=close, remote-addr=127.0.0.1, host=localhost:9008, content-length=102, http-client-ip=127.0.0.1, user-agent=Python-urllib/2.7, accept-encoding=identity}, params, {NanoHttpd.QUERY_STRING={"params": ["home"], "jsonrpc": "2.0", "method": "pressKey", "id": "206a99d7db7c2e5b0a99b383d1653e74"}, {"params": ["home"], "jsonrpc": "2.0", "method": "pressKey", "id": "206a99d7db7c2e5b0a99b383d1653e74"}=}, files: {}
04-23 10:18:30.720 D/dalvikvm( 9277): GC_CONCURRENT freed 835K, 13% free 12335K/14136K, paused 2ms+15ms, total 397ms
04-23 10:18:31.050 I/ActivityManager(  431): START u0 {act=android.intent.action.MAIN cat=[android.intent.category.HOME] flg=0x10200000 cmp=com.android.launcher/com.android.launcher2.Launcher} from pid 431
04-23 10:18:31.430 D/dalvikvm( 9277): GC_CONCURRENT freed 798K, 6% free 13502K/14336K, paused 4ms+3ms, total 76ms
04-23 10:18:32.050 W/InteractionController( 2789): runAndwaitForEvent timedout waiting for events
04-23 10:18:32.150 D/UIAutomatorStub( 2789): URI: /jsonrpc/0, Method: POST, Header: {content-type=application/json, connection=close, remote-addr=127.0.0.1, host=localhost:9008, content-length=104, http-client-ip=127.0.0.1, user-agent=Python-urllib/2.7, accept-encoding=identity}, params, {{"params": ["recent"], "jsonrpc": "2.0", "method": "pressKey", "id": "ebbc3d45500265ca7a7bd8de5d59d2ec"}=, NanoHttpd.QUERY_STRING={"params": ["recent"], "jsonrpc": "2.0", "method": "pressKey", "id": "ebbc3d45500265ca7a7bd8de5d59d2ec"}}, files: {}
04-23 10:18:32.160 D/dalvikvm( 2789): GC_CONCURRENT freed 507K, 75% free 1302K/5084K, paused 1ms+2ms, total 24ms
04-23 10:18:32.170 I/ActivityManager(  431): START u0 {act=com.android.systemui.recent.action.TOGGLE_RECENTS flg=0x10800000 cmp=com.android.systemui/.recent.RecentsActivity} from pid 491
04-23 10:18:32.320 D/dalvikvm( 9277): GC_CONCURRENT freed 797K, 6% free 14654K/15488K, paused 15ms+42ms, total 281ms
04-23 10:18:32.410 D/gralloc (  110): ION_HEAP_CARVEOUT_MASK alloc
04-23 10:18:32.430 D/gralloc (  110): ION_HEAP_CARVEOUT_MASK alloc
04-23 10:18:32.570 I/ActivityManager(  431): Displayed com.android.systemui/.recent.RecentsActivity: +370ms (total +2m2s776ms)
04-23 10:18:32.590 W/InputMethodManager(  491): Ignoring onBind: cur seq=135, given seq=134
04-23 10:18:32.860 D/gralloc (  110): ION_HEAP_CARVEOUT_MASK alloc
04-23 10:18:32.890 I/qtaguid (  431): Failed write_ctrl(s 0 10011) res=-1 errno=1
04-23 10:18:32.890 W/NetworkManagementSocketTagger(  431): setKernelCountSet(10011, 0) failed with errno -1
04-23 10:18:32.960 D/dalvikvm( 9277): GC_CONCURRENT freed 800K, 6% free 15843K/16680K, paused 4ms+6ms, total 134ms
04-23 10:18:33.190 D/UIAutomatorStub( 2789): URI: /jsonrpc/0, Method: POST, Header: {content-type=application/json, connection=close, remote-addr=127.0.0.1, host=localhost:9008, content-length=200, http-client-ip=127.0.0.1, user-agent=Python-urllib/2.7, accept-encoding=identity}, params, {NanoHttpd.QUERY_STRING={"params": [{"childOrSiblingSelector": [], "mask": 64, "description": "Benchmarking Application", "childOrSibling": []}], "jsonrpc": "2.0", "method": "exist", "id": "6d5343755f9d0cfac9069affde66bf49"}, {"params": [{"childOrSiblingSelector": [], "mask": 64, "description": "Benchmarking Application", "childOrSibling": []}], "jsonrpc": "2.0", "method": "exist", "id": "6d5343755f9d0cfac9069affde66bf49"}=}, files: {}
04-23 10:18:33.230 I/BaseWebViewFragment( 9277): onPageFinished
04-23 10:18:33.240 D/dalvikvm( 9277): GC_CONCURRENT freed 808K, 5% free 17082K/17908K, paused 2ms+4ms, total 126ms
04-23 10:18:33.260 D/gralloc (  110): ION_HEAP_CARVEOUT_MASK alloc
04-23 10:18:33.370 I/BaseWebViewFragment( 9277): onPageFinished
04-23 10:18:33.420 I/BaseWebViewFragment( 9277): onPageFinished
04-23 10:18:33.540 D/dalvikvm( 9277): GC_CONCURRENT freed 824K, 5% free 18296K/19152K, paused 3ms+15ms, total 106ms
04-23 10:18:33.820 D/UIAutomatorStub( 2789): URI: /jsonrpc/0, Method: POST, Header: {content-type=application/json, connection=close, remote-addr=127.0.0.1, host=localhost:9008, content-length=102, http-client-ip=127.0.0.1, user-agent=Python-urllib/2.7, accept-encoding=identity}, params, {{"params": ["home"], "jsonrpc": "2.0", "method": "pressKey", "id": "544179d3b066787ac1041685dc991c53"}=, NanoHttpd.QUERY_STRING={"params": ["home"], "jsonrpc": "2.0", "method": "pressKey", "id": "544179d3b066787ac1041685dc991c53"}}, files: {}
04-23 10:18:33.820 D/dalvikvm( 2789): GC_CONCURRENT freed 409K, 74% free 1338K/5084K, paused 1ms+1ms, total 25ms
04-23 10:18:33.830 I/ActivityManager(  431): START u0 {act=android.intent.action.MAIN cat=[android.intent.category.HOME] flg=0x10200000 cmp=com.android.launcher/com.android.launcher2.Launcher} from pid 431
04-23 10:18:33.840 D/gralloc (  110): ==USE CPU CACHE OP LLL usage = 0x333==
04-23 10:18:33.840 D/gralloc (  110): ION_HEAP_SYSTEM_MASK alloc
04-23 10:18:33.900 D/dalvikvm(  431): GC_FOR_ALLOC freed 812K, 13% free 9184K/10456K, paused 53ms, total 53ms
04-23 10:18:33.900 I/WindowManager(  431): Screenshot Window{41eeb2f8 u0 com.android.systemui/com.android.systemui.recent.RecentsActivity} was monochrome(ff000000)! mSurfaceLayer=21025 minLayer=21030 maxLayer=21030
04-23 10:18:33.910 D/dalvikvm( 9277): GC_CONCURRENT freed 834K, 5% free 19509K/20376K, paused 3ms+2ms, total 180ms
04-23 10:18:33.910 D/dalvikvm( 9277): WAIT_FOR_CONCURRENT_GC blocked 48ms
04-23 10:18:33.920 I/qtaguid (  431): Failed write_ctrl(s 1 10011) res=-1 errno=1
04-23 10:18:33.920 W/NetworkManagementSocketTagger(  431): setKernelCountSet(10011, 1) failed with errno -1
04-23 10:18:33.960 D/gralloc (  110): ION_HEAP_CARVEOUT_MASK alloc
04-23 10:18:33.970 D/gralloc (  110): ION_HEAP_CARVEOUT_MASK alloc
04-23 10:18:34.050 W/ResourceType(  431): Skipping entry 0x7f05000e in package table 0 because it is not complex!
04-23 10:18:34.050 W/ResourceType(  431): Skipping entry 0x7f05000f in package table 0 because it is not complex!
04-23 10:18:34.310 D/dalvikvm( 9277): GC_CONCURRENT freed 821K, 4% free 20738K/21592K, paused 5ms+3ms, total 139ms
04-23 10:18:34.310 D/dalvikvm( 9277): WAIT_FOR_CONCURRENT_GC blocked 47ms
04-23 10:18:34.310 D/dalvikvm( 9277): WAIT_FOR_CONCURRENT_GC blocked 43ms
04-23 10:18:34.310 D/dalvikvm( 9277): WAIT_FOR_CONCURRENT_GC blocked 114ms
04-23 10:18:34.360 D/gralloc (  110): ION_HEAP_CARVEOUT_MASK alloc
04-23 10:18:34.490 D/gralloc (  110): ION_HEAP_CARVEOUT_MASK alloc
04-23 10:18:34.600 D/dalvikvm( 9277): GC_CONCURRENT freed 824K, 4% free 21963K/22820K, paused 1ms+3ms, total 123ms
04-23 10:18:34.600 D/dalvikvm( 9277): WAIT_FOR_CONCURRENT_GC blocked 56ms
04-23 10:18:34.600 D/dalvikvm( 9277): WAIT_FOR_CONCURRENT_GC blocked 54ms
04-23 10:18:34.600 D/dalvikvm( 9277): WAIT_FOR_CONCURRENT_GC blocked 87ms
04-23 10:18:34.910 W/InteractionController( 2789): runAndwaitForEvent timedout waiting for events
04-23 10:18:34.930 D/UIAutomatorStub( 2789): URI: /jsonrpc/0, Method: POST, Header: {content-type=application/json, connection=close, remote-addr=127.0.0.1, host=localhost:9008, content-length=180, http-client-ip=127.0.0.1, user-agent=Python-urllib/2.7, accept-encoding=identity}, params, {{"params": [{"childOrSiblingSelector": [], "mask": 64, "description": "Apps", "childOrSibling": []}], "jsonrpc": "2.0", "method": "click", "id": "ec8c888ca03530138f133958310f2b26"}=, NanoHttpd.QUERY_STRING={"params": [{"childOrSiblingSelector": [], "mask": 64, "description": "Apps", "childOrSibling": []}], "jsonrpc": "2.0", "method": "click", "id": "ec8c888ca03530138f133958310f2b26"}}, files: {}
04-23 10:18:34.960 W/ResourceType( 8770): No known package when getting name for resource number 0x9b010100
04-23 10:18:34.960 W/ResourceType( 8770): No known package when getting name for resource number 0x9b020200
04-23 10:18:34.960 W/ResourceType( 8770): No known package when getting name for resource number 0x9b030300
04-23 10:18:34.960 W/ResourceType( 8770): No known package when getting name for resource number 0x9b050500
04-23 10:18:34.960 W/ResourceType( 8770): No known package when getting name for resource number 0x9b060600
04-23 10:18:34.960 W/ResourceType( 8770): No known package when getting name for resource number 0x9b070700
04-23 10:18:34.970 W/ResourceType( 8770): No known package when getting name for resource number 0x9c010100
04-23 10:18:34.970 W/ResourceType( 8770): No known package when getting name for resource number 0x9c010503
04-23 10:18:34.970 W/ResourceType( 8770): No known package when getting name for resource number 0x9c020000
04-23 10:18:34.970 W/ResourceType( 8770): No known package when getting name for resource number 0x9c020100
04-23 10:18:34.990 I/QueryController( 2789): Matched selector: UiSelector[DESCRIPTION=Apps] <<==>> [android.view.accessibility.AccessibilityNodeInfo@1163c; boundsInParent: Rect(524257, 0 - 524327, 70); boundsInScreen: Rect(356, 900 - 412, 956); packageName: com.android.launcher; className: android.widget.TextView; text: null; contentDescription: Apps; viewIdResName: null; checkable: false; checked: false; focusable: true; focused: false; selected: false; clickable: true; longClickable: false; enabled: true; password: false; scrollable: false; [ACTION_FOCUS, ACTION_SELECT, ACTION_CLEAR_SELECTION, ACTION_CLICK, ACTION_ACCESSIBILITY_FOCUS]]
04-23 10:18:34.990 D/InteractionController( 2789): clickAndSync(384, 928)
04-23 10:18:35.070 D/dalvikvm( 9277): GC_CONCURRENT freed 816K, 4% free 23195K/24044K, paused 6ms+3ms, total 247ms
04-23 10:18:35.070 D/dalvikvm( 9277): WAIT_FOR_CONCURRENT_GC blocked 209ms
04-23 10:18:35.130 V/audio_hw_primary(  113): start_output_stream, line: 732
04-23 10:18:35.130 V/codec_audio_pad(  113): in normal mode, headset or speaker on,****LINE:112,FUNC:set_normal_path
04-23 10:18:35.150 D/UIAutomatorStub( 2789): URI: /jsonrpc/0, Method: POST, Header: {content-type=application/json, connection=close, remote-addr=127.0.0.1, host=localhost:9008, content-length=175, http-client-ip=127.0.0.1, user-agent=Python-urllib/2.7, accept-encoding=identity}, params, {{"params": [{"childOrSiblingSelector": [], "text": "Vellamo", "mask": 1, "childOrSibling": []}], "jsonrpc": "2.0", "method": "click", "id": "ecdc927a92eae175454ab53580b6790e"}=, NanoHttpd.QUERY_STRING={"params": [{"childOrSiblingSelector": [], "text": "Vellamo", "mask": 1, "childOrSibling": []}], "jsonrpc": "2.0", "method": "click", "id": "ecdc927a92eae175454ab53580b6790e"}}, files: {}
04-23 10:18:35.280 V/audio_hw_primary(  113): normal mode , speaker,****LINE:657,FUNC:select_output_device
04-23 10:18:35.280 V/audio_hw_primary(  113): start_output_stream: card:0, port:0, rate:44100
04-23 10:18:35.280 D/alsa_pcm(  113): pcm_open:,sparams.stop_threshold:1540, config->stop_threshold:0
04-23 10:18:35.280 V/audio_hw_primary(  113): do not use out resampler
04-23 10:18:35.520 D/dalvikvm( 9277): GC_CONCURRENT freed 788K, 4% free 24455K/25276K, paused 7ms+3ms, total 247ms
04-23 10:18:35.520 D/dalvikvm( 9277): WAIT_FOR_CONCURRENT_GC blocked 221ms
04-23 10:18:35.520 D/dalvikvm( 9277): WAIT_FOR_CONCURRENT_GC blocked 203ms
04-23 10:18:35.520 D/dalvikvm( 9277): WAIT_FOR_CONCURRENT_GC blocked 201ms
04-23 10:18:36.030 I/QueryController( 2789): Matched selector: UiSelector[TEXT=Vellamo] <<==>> [android.view.accessibility.AccessibilityNodeInfo@1ac64; boundsInParent: Rect(524240, 0 - 524336, 96); boundsInScreen: Rect(468, 778 - 564, 874); packageName: com.android.launcher; className: android.widget.TextView; text: Vellamo; contentDescription: null; viewIdResName: null; checkable: false; checked: false; focusable: true; focused: false; selected: false; clickable: true; longClickable: true; enabled: true; password: false; scrollable: false; [ACTION_FOCUS, ACTION_SELECT, ACTION_CLEAR_SELECTION, ACTION_CLICK, ACTION_LONG_CLICK, ACTION_ACCESSIBILITY_FOCUS, ACTION_NEXT_AT_MOVEMENT_GRANULARITY, ACTION_PREVIOUS_AT_MOVEMENT_GRANULARITY, ACTION_SET_SELECTION]]
04-23 10:18:36.040 D/dalvikvm( 2789): GC_CONCURRENT freed 448K, 74% free 1369K/5084K, paused 2ms+5ms, total 17ms
04-23 10:18:36.130 E/AccessibilityInteractionClient( 2789): 1 Disconnected nodes.
04-23 10:18:36.130 D/InteractionController( 2789): clickAndSync(516, 826)
04-23 10:18:36.180 D/dalvikvm( 9277): GC_CONCURRENT freed 1624K, 7% free 24879K/26536K, paused 2ms+3ms, total 286ms
04-23 10:18:36.190 D/dalvikvm( 9277): WAIT_FOR_CONCURRENT_GC blocked 263ms
04-23 10:18:36.200 D/dalvikvm( 8770): GC_CONCURRENT freed 1504K, 16% free 8664K/10204K, paused 4ms+4ms, total 36ms
04-23 10:18:36.290 I/ActivityManager(  431): START u0 {act=android.intent.action.MAIN cat=[android.intent.category.LAUNCHER] flg=0x10200000 cmp=com.quicinc.vellamo/.VellamoActivity} from pid 8770
04-23 10:18:36.320 D/gralloc (  110): ==USE CPU CACHE OP LLL usage = 0x333==
04-23 10:18:36.320 D/gralloc (  110): ION_HEAP_SYSTEM_MASK alloc
04-23 10:18:36.370 D/dalvikvm(  431): GC_FOR_ALLOC freed 468K, 13% free 9178K/10456K, paused 47ms, total 48ms
04-23 10:18:36.420 D/gralloc (  110): ==USE CPU CACHE OP LLL usage = 0x933==
04-23 10:18:36.420 D/gralloc (  110): ION_HEAP_SYSTEM_MASK alloc
04-23 10:18:36.450 I/ActivityManager(  431): Start proc com.quicinc.vellamo for activity com.quicinc.vellamo/.VellamoActivity: pid=9359 uid=10079 gids={50079, 3003, 1028, 1015, 3002, 3001}
04-23 10:18:36.500 I/qtaguid (  431): Failed write_ctrl(s 1 10079) res=-1 errno=1
04-23 10:18:36.500 W/NetworkManagementSocketTagger(  431): setKernelCountSet(10079, 1) failed with errno -1
04-23 10:18:36.520 I/hwcomposer(  110): IMG_hwcdev_pipe_assign_status_t hwcdev_try_to_assign_pipe(SUNXI_hwcdev_context_t*, SUNXI_hwcdev_pipe_t*, hwc_layer_1_t*, int, int): We use not config memory
04-23 10:18:36.520 I/hwcomposer(  110): IMG_hwcdev_pipe_assign_status_t hwcdev_try_to_assign_pipe(SUNXI_hwcdev_context_t*, SUNXI_hwcdev_pipe_t*, hwc_layer_1_t*, int, int): We use not config memory
04-23 10:18:36.520 I/hwcomposer(  110): IMG_hwcdev_pipe_assign_status_t hwcdev_try_to_assign_pipe(SUNXI_hwcdev_context_t*, SUNXI_hwcdev_pipe_t*, hwc_layer_1_t*, int, int): We use not config memory
04-23 10:18:36.520 I/hwcomposer(  110): IMG_hwcdev_pipe_assign_status_t hwcdev_try_to_assign_pipe(SUNXI_hwcdev_context_t*, SUNXI_hwcdev_pipe_t*, hwc_layer_1_t*, int, int): We use not config memory
04-23 10:18:36.540 I/hwcomposer(  110): IMG_hwcdev_pipe_assign_status_t hwcdev_try_to_assign_pipe(SUNXI_hwcdev_context_t*, SUNXI_hwcdev_pipe_t*, hwc_layer_1_t*, int, int): We use not config memory
04-23 10:18:36.540 I/hwcomposer(  110): IMG_hwcdev_pipe_assign_status_t hwcdev_try_to_assign_pipe(SUNXI_hwcdev_context_t*, SUNXI_hwcdev_pipe_t*, hwc_layer_1_t*, int, int): We use not config memory
04-23 10:18:36.540 I/hwcomposer(  110): IMG_hwcdev_pipe_assign_status_t hwcdev_try_to_assign_pipe(SUNXI_hwcdev_context_t*, SUNXI_hwcdev_pipe_t*, hwc_layer_1_t*, int, int): We use not config memory
04-23 10:18:36.540 I/hwcomposer(  110): IMG_hwcdev_pipe_assign_status_t hwcdev_try_to_assign_pipe(SUNXI_hwcdev_context_t*, SUNXI_hwcdev_pipe_t*, hwc_layer_1_t*, int, int): We use not config memory
04-23 10:18:36.560 I/hwcomposer(  110): IMG_hwcdev_pipe_assign_status_t hwcdev_try_to_assign_pipe(SUNXI_hwcdev_context_t*, SUNXI_hwcdev_pipe_t*, hwc_layer_1_t*, int, int): We use not config memory
04-23 10:18:36.560 I/hwcomposer(  110): IMG_hwcdev_pipe_assign_status_t hwcdev_try_to_assign_pipe(SUNXI_hwcdev_context_t*, SUNXI_hwcdev_pipe_t*, hwc_layer_1_t*, int, int): We use not config memory
04-23 10:18:36.560 I/hwcomposer(  110): IMG_hwcdev_pipe_assign_status_t hwcdev_try_to_assign_pipe(SUNXI_hwcdev_context_t*, SUNXI_hwcdev_pipe_t*, hwc_layer_1_t*, int, int): We use not config memory
04-23 10:18:36.580 I/hwcomposer(  110): IMG_hwcdev_pipe_assign_status_t hwcdev_try_to_assign_pipe(SUNXI_hwcdev_context_t*, SUNXI_hwcdev_pipe_t*, hwc_layer_1_t*, int, int): We use not config memory
04-23 10:18:36.580 I/hwcomposer(  110): IMG_hwcdev_pipe_assign_status_t hwcdev_try_to_assign_pipe(SUNXI_hwcdev_context_t*, SUNXI_hwcdev_pipe_t*, hwc_layer_1_t*, int, int): We use not config memory
04-23 10:18:36.580 I/hwcomposer(  110): IMG_hwcdev_pipe_assign_status_t hwcdev_try_to_assign_pipe(SUNXI_hwcdev_context_t*, SUNXI_hwcdev_pipe_t*, hwc_layer_1_t*, int, int): We use not config memory
04-23 10:18:36.590 I/hwcomposer(  110): IMG_hwcdev_pipe_assign_status_t hwcdev_try_to_assign_pipe(SUNXI_hwcdev_context_t*, SUNXI_hwcdev_pipe_t*, hwc_layer_1_t*, int, int): We use not config memory
04-23 10:18:36.590 I/hwcomposer(  110): IMG_hwcdev_pipe_assign_status_t hwcdev_try_to_assign_pipe(SUNXI_hwcdev_context_t*, SUNXI_hwcdev_pipe_t*, hwc_layer_1_t*, int, int): We use not config memory
04-23 10:18:36.590 I/hwcomposer(  110): IMG_hwcdev_pipe_assign_status_t hwcdev_try_to_assign_pipe(SUNXI_hwcdev_context_t*, SUNXI_hwcdev_pipe_t*, hwc_layer_1_t*, int, int): We use not config memory
04-23 10:18:36.590 I/hwcomposer(  110): IMG_hwcdev_pipe_assign_status_t hwcdev_try_to_assign_pipe(SUNXI_hwcdev_context_t*, SUNXI_hwcdev_pipe_t*, hwc_layer_1_t*, int, int): We use not config memory
04-23 10:18:36.610 I/hwcomposer(  110): IMG_hwcdev_pipe_assign_status_t hwcdev_try_to_assign_pipe(SUNXI_hwcdev_context_t*, SUNXI_hwcdev_pipe_t*, hwc_layer_1_t*, int, int): We use not config memory
04-23 10:18:36.610 I/hwcomposer(  110): IMG_hwcdev_pipe_assign_status_t hwcdev_try_to_assign_pipe(SUNXI_hwcdev_context_t*, SUNXI_hwcdev_pipe_t*, hwc_layer_1_t*, int, int): We use not config memory
04-23 10:18:36.610 I/hwcomposer(  110): IMG_hwcdev_pipe_assign_status_t hwcdev_try_to_assign_pipe(SUNXI_hwcdev_context_t*, SUNXI_hwcdev_pipe_t*, hwc_layer_1_t*, int, int): We use not config memory
04-23 10:18:36.610 I/hwcomposer(  110): IMG_hwcdev_pipe_assign_status_t hwcdev_try_to_assign_pipe(SUNXI_hwcdev_context_t*, SUNXI_hwcdev_pipe_t*, hwc_layer_1_t*, int, int): We use not config memory
04-23 10:18:36.630 I/hwcomposer(  110): IMG_hwcdev_pipe_assign_status_t hwcdev_try_to_assign_pipe(SUNXI_hwcdev_context_t*, SUNXI_hwcdev_pipe_t*, hwc_layer_1_t*, int, int): We use not config memory
04-23 10:18:36.630 I/hwcomposer(  110): IMG_hwcdev_pipe_assign_status_t hwcdev_try_to_assign_pipe(SUNXI_hwcdev_context_t*, SUNXI_hwcdev_pipe_t*, hwc_layer_1_t*, int, int): We use not config memory
04-23 10:18:36.630 I/hwcomposer(  110): IMG_hwcdev_pipe_assign_status_t hwcdev_try_to_assign_pipe(SUNXI_hwcdev_context_t*, SUNXI_hwcdev_pipe_t*, hwc_layer_1_t*, int, int): We use not config memory
04-23 10:18:36.630 I/hwcomposer(  110): IMG_hwcdev_pipe_assign_status_t hwcdev_try_to_assign_pipe(SUNXI_hwcdev_context_t*, SUNXI_hwcdev_pipe_t*, hwc_layer_1_t*, int, int): We use not config memory
04-23 10:18:36.640 I/hwcomposer(  110): IMG_hwcdev_pipe_assign_status_t hwcdev_try_to_assign_pipe(SUNXI_hwcdev_context_t*, SUNXI_hwcdev_pipe_t*, hwc_layer_1_t*, int, int): We use not config memory
04-23 10:18:36.640 I/hwcomposer(  110): IMG_hwcdev_pipe_assign_status_t hwcdev_try_to_assign_pipe(SUNXI_hwcdev_context_t*, SUNXI_hwcdev_pipe_t*, hwc_layer_1_t*, int, int): We use not config memory
04-23 10:18:36.640 I/hwcomposer(  110): IMG_hwcdev_pipe_assign_status_t hwcdev_try_to_assign_pipe(SUNXI_hwcdev_context_t*, SUNXI_hwcdev_pipe_t*, hwc_layer_1_t*, int, int): We use not config memory
04-23 10:18:36.640 I/hwcomposer(  110): IMG_hwcdev_pipe_assign_status_t hwcdev_try_to_assign_pipe(SUNXI_hwcdev_context_t*, SUNXI_hwcdev_pipe_t*, hwc_layer_1_t*, int, int): We use not config memory
04-23 10:18:36.660 I/hwcomposer(  110): IMG_hwcdev_pipe_assign_status_t hwcdev_try_to_assign_pipe(SUNXI_hwcdev_context_t*, SUNXI_hwcdev_pipe_t*, hwc_layer_1_t*, int, int): We use not config memory
04-23 10:18:36.660 I/hwcomposer(  110): IMG_hwcdev_pipe_assign_status_t hwcdev_try_to_assign_pipe(SUNXI_hwcdev_context_t*, SUNXI_hwcdev_pipe_t*, hwc_layer_1_t*, int, int): We use not config memory
04-23 10:18:36.660 I/hwcomposer(  110): IMG_hwcdev_pipe_assign_status_t hwcdev_try_to_assign_pipe(SUNXI_hwcdev_context_t*, SUNXI_hwcdev_pipe_t*, hwc_layer_1_t*, int, int): We use not config memory
04-23 10:18:36.660 I/hwcomposer(  110): IMG_hwcdev_pipe_assign_status_t hwcdev_try_to_assign_pipe(SUNXI_hwcdev_context_t*, SUNXI_hwcdev_pipe_t*, hwc_layer_1_t*, int, int): We use not config memory
04-23 10:18:36.680 I/hwcomposer(  110): IMG_hwcdev_pipe_assign_status_t hwcdev_try_to_assign_pipe(SUNXI_hwcdev_context_t*, SUNXI_hwcdev_pipe_t*, hwc_layer_1_t*, int, int): We use not config memory
04-23 10:18:36.680 I/hwcomposer(  110): IMG_hwcdev_pipe_assign_status_t hwcdev_try_to_assign_pipe(SUNXI_hwcdev_context_t*, SUNXI_hwcdev_pipe_t*, hwc_layer_1_t*, int, int): We use not config memory
04-23 10:18:36.680 I/hwcomposer(  110): IMG_hwcdev_pipe_assign_status_t hwcdev_try_to_assign_pipe(SUNXI_hwcdev_context_t*, SUNXI_hwcdev_pipe_t*, hwc_layer_1_t*, int, int): We use not config memory
04-23 10:18:36.680 I/hwcomposer(  110): IMG_hwcdev_pipe_assign_status_t hwcdev_try_to_assign_pipe(SUNXI_hwcdev_context_t*, SUNXI_hwcdev_pipe_t*, hwc_layer_1_t*, int, int): We use not config memory
04-23 10:18:36.690 I/hwcomposer(  110): IMG_hwcdev_pipe_assign_status_t hwcdev_try_to_assign_pipe(SUNXI_hwcdev_context_t*, SUNXI_hwcdev_pipe_t*, hwc_layer_1_t*, int, int): We use not config memory
04-23 10:18:36.690 I/hwcomposer(  110): IMG_hwcdev_pipe_assign_status_t hwcdev_try_to_assign_pipe(SUNXI_hwcdev_context_t*, SUNXI_hwcdev_pipe_t*, hwc_layer_1_t*, int, int): We use not config memory
04-23 10:18:36.690 I/hwcomposer(  110): IMG_hwcdev_pipe_assign_status_t hwcdev_try_to_assign_pipe(SUNXI_hwcdev_context_t*, SUNXI_hwcdev_pipe_t*, hwc_layer_1_t*, int, int): We use not config memory
04-23 10:18:36.690 I/hwcomposer(  110): IMG_hwcdev_pipe_assign_status_t hwcdev_try_to_assign_pipe(SUNXI_hwcdev_context_t*, SUNXI_hwcdev_pipe_t*, hwc_layer_1_t*, int, int): We use not config memory
04-23 10:18:36.710 I/hwcomposer(  110): IMG_hwcdev_pipe_assign_status_t hwcdev_try_to_assign_pipe(SUNXI_hwcdev_context_t*, SUNXI_hwcdev_pipe_t*, hwc_layer_1_t*, int, int): We use not config memory
04-23 10:18:36.710 I/hwcomposer(  110): IMG_hwcdev_pipe_assign_status_t hwcdev_try_to_assign_pipe(SUNXI_hwcdev_context_t*, SUNXI_hwcdev_pipe_t*, hwc_layer_1_t*, int, int): We use not config memory
04-23 10:18:36.710 I/hwcomposer(  110): IMG_hwcdev_pipe_assign_status_t hwcdev_try_to_assign_pipe(SUNXI_hwcdev_context_t*, SUNXI_hwcdev_pipe_t*, hwc_layer_1_t*, int, int): We use not config memory
04-23 10:18:36.710 I/hwcomposer(  110): IMG_hwcdev_pipe_assign_status_t hwcdev_try_to_assign_pipe(SUNXI_hwcdev_context_t*, SUNXI_hwcdev_pipe_t*, hwc_layer_1_t*, int, int): We use not config memory
04-23 10:18:36.730 I/hwcomposer(  110): IMG_hwcdev_pipe_assign_status_t hwcdev_try_to_assign_pipe(SUNXI_hwcdev_context_t*, SUNXI_hwcdev_pipe_t*, hwc_layer_1_t*, int, int): We use not config memory
04-23 10:18:36.730 I/hwcomposer(  110): IMG_hwcdev_pipe_assign_status_t hwcdev_try_to_assign_pipe(SUNXI_hwcdev_context_t*, SUNXI_hwcdev_pipe_t*, hwc_layer_1_t*, int, int): We use not config memory
04-23 10:18:36.730 I/hwcomposer(  110): IMG_hwcdev_pipe_assign_status_t hwcdev_try_to_assign_pipe(SUNXI_hwcdev_context_t*, SUNXI_hwcdev_pipe_t*, hwc_layer_1_t*, int, int): We use not config memory
04-23 10:18:36.730 I/hwcomposer(  110): IMG_hwcdev_pipe_assign_status_t hwcdev_try_to_assign_pipe(SUNXI_hwcdev_context_t*, SUNXI_hwcdev_pipe_t*, hwc_layer_1_t*, int, int): We use not config memory
04-23 10:18:36.740 I/hwcomposer(  110): IMG_hwcdev_pipe_assign_status_t hwcdev_try_to_assign_pipe(SUNXI_hwcdev_context_t*, SUNXI_hwcdev_pipe_t*, hwc_layer_1_t*, int, int): We use not config memory
04-23 10:18:36.740 I/hwcomposer(  110): IMG_hwcdev_pipe_assign_status_t hwcdev_try_to_assign_pipe(SUNXI_hwcdev_context_t*, SUNXI_hwcdev_pipe_t*, hwc_layer_1_t*, int, int): We use not config memory
04-23 10:18:36.740 I/hwcomposer(  110): IMG_hwcdev_pipe_assign_status_t hwcdev_try_to_assign_pipe(SUNXI_hwcdev_context_t*, SUNXI_hwcdev_pipe_t*, hwc_layer_1_t*, int, int): We use not config memory
04-23 10:18:36.740 I/hwcomposer(  110): IMG_hwcdev_pipe_assign_status_t hwcdev_try_to_assign_pipe(SUNXI_hwcdev_context_t*, SUNXI_hwcdev_pipe_t*, hwc_layer_1_t*, int, int): We use not config memory
04-23 10:18:36.740 I/hwcomposer(  110): IMG_hwcdev_pipe_assign_status_t hwcdev_try_to_assign_pipe(SUNXI_hwcdev_context_t*, SUNXI_hwcdev_pipe_t*, hwc_layer_1_t*, int, int): We use not config memory
04-23 10:18:36.740 I/hwcomposer(  110): IMG_hwcdev_pipe_assign_status_t hwcdev_try_to_assign_pipe(SUNXI_hwcdev_context_t*, SUNXI_hwcdev_pipe_t*, hwc_layer_1_t*, int, int): We use not config memory
