04-24 11:08:15.340 I/hwcomposer(  110): IMG_hwcdev_pipe_assign_status_t hwcdev_try_to_assign_pipe(SUNXI_hwcdev_context_t*, SUNXI_hwcdev_pipe_t*, hwc_layer_1_t*, int, int): We use not config memory
04-24 11:08:15.350 I/hwcomposer(  110): IMG_hwcdev_pipe_assign_status_t hwcdev_try_to_assign_pipe(SUNXI_hwcdev_context_t*, SUNXI_hwcdev_pipe_t*, hwc_layer_1_t*, int, int): We use not config memory
04-24 11:08:15.350 I/hwcomposer(  110): IMG_hwcdev_pipe_assign_status_t hwcdev_try_to_assign_pipe(SUNXI_hwcdev_context_t*, SUNXI_hwcdev_pipe_t*, hwc_layer_1_t*, int, int): We use not config memory
04-24 11:08:15.350 I/hwcomposer(  110): IMG_hwcdev_pipe_assign_status_t hwcdev_try_to_assign_pipe(SUNXI_hwcdev_context_t*, SUNXI_hwcdev_pipe_t*, hwc_layer_1_t*, int, int): We use not config memory
04-24 11:08:15.350 I/hwcomposer(  110): IMG_hwcdev_pipe_assign_status_t hwcdev_try_to_assign_pipe(SUNXI_hwcdev_context_t*, SUNXI_hwcdev_pipe_t*, hwc_layer_1_t*, int, int): We use not config memory
04-24 11:08:15.350 I/hwcomposer(  110): IMG_hwcdev_pipe_assign_status_t hwcdev_try_to_assign_pipe(SUNXI_hwcdev_context_t*, SUNXI_hwcdev_pipe_t*, hwc_layer_1_t*, int, int): We use not config memory
04-24 11:08:15.370 I/hwcomposer(  110): IMG_hwcdev_pipe_assign_status_t hwcdev_try_to_assign_pipe(SUNXI_hwcdev_context_t*, SUNXI_hwcdev_pipe_t*, hwc_layer_1_t*, int, int): We use not config memory
04-24 11:08:15.370 I/hwcomposer(  110): IMG_hwcdev_pipe_assign_status_t hwcdev_try_to_assign_pipe(SUNXI_hwcdev_context_t*, SUNXI_hwcdev_pipe_t*, hwc_layer_1_t*, int, int): We use not config memory
04-24 11:08:15.370 I/hwcomposer(  110): IMG_hwcdev_pipe_assign_status_t hwcdev_try_to_assign_pipe(SUNXI_hwcdev_context_t*, SUNXI_hwcdev_pipe_t*, hwc_layer_1_t*, int, int): We use not config memory
04-24 11:08:15.370 I/hwcomposer(  110): IMG_hwcdev_pipe_assign_status_t hwcdev_try_to_assign_pipe(SUNXI_hwcdev_context_t*, SUNXI_hwcdev_pipe_t*, hwc_layer_1_t*, int, int): We use not config memory
04-24 11:08:15.370 I/hwcomposer(  110): IMG_hwcdev_pipe_assign_status_t hwcdev_try_to_assign_pipe(SUNXI_hwcdev_context_t*, SUNXI_hwcdev_pipe_t*, hwc_layer_1_t*, int, int): We use not config memory
04-24 11:08:15.380 I/hwcomposer(  110): IMG_hwcdev_pipe_assign_status_t hwcdev_try_to_assign_pipe(SUNXI_hwcdev_context_t*, SUNXI_hwcdev_pipe_t*, hwc_layer_1_t*, int, int): We use not config memory
04-24 11:08:15.380 I/hwcomposer(  110): IMG_hwcdev_pipe_assign_status_t hwcdev_try_to_assign_pipe(SUNXI_hwcdev_context_t*, SUNXI_hwcdev_pipe_t*, hwc_layer_1_t*, int, int): We use not config memory
04-24 11:08:15.380 I/hwcomposer(  110): IMG_hwcdev_pipe_assign_status_t hwcdev_try_to_assign_pipe(SUNXI_hwcdev_context_t*, SUNXI_hwcdev_pipe_t*, hwc_layer_1_t*, int, int): We use not config memory
04-24 11:08:15.380 I/hwcomposer(  110): IMG_hwcdev_pipe_assign_status_t hwcdev_try_to_assign_pipe(SUNXI_hwcdev_context_t*, SUNXI_hwcdev_pipe_t*, hwc_layer_1_t*, int, int): We use not config memory
04-24 11:08:15.380 I/hwcomposer(  110): IMG_hwcdev_pipe_assign_status_t hwcdev_try_to_assign_pipe(SUNXI_hwcdev_context_t*, SUNXI_hwcdev_pipe_t*, hwc_layer_1_t*, int, int): We use not config memory
04-24 11:08:15.400 I/hwcomposer(  110): IMG_hwcdev_pipe_assign_status_t hwcdev_try_to_assign_pipe(SUNXI_hwcdev_context_t*, SUNXI_hwcdev_pipe_t*, hwc_layer_1_t*, int, int): We use not config memory
04-24 11:08:15.400 I/hwcomposer(  110): IMG_hwcdev_pipe_assign_status_t hwcdev_try_to_assign_pipe(SUNXI_hwcdev_context_t*, SUNXI_hwcdev_pipe_t*, hwc_layer_1_t*, int, int): We use not config memory
04-24 11:08:15.400 I/hwcomposer(  110): IMG_hwcdev_pipe_assign_status_t hwcdev_try_to_assign_pipe(SUNXI_hwcdev_context_t*, SUNXI_hwcdev_pipe_t*, hwc_layer_1_t*, int, int): We use not config memory
04-24 11:08:15.400 I/hwcomposer(  110): IMG_hwcdev_pipe_assign_status_t hwcdev_try_to_assign_pipe(SUNXI_hwcdev_context_t*, SUNXI_hwcdev_pipe_t*, hwc_layer_1_t*, int, int): We use not config memory
04-24 11:08:15.400 I/hwcomposer(  110): IMG_hwcdev_pipe_assign_status_t hwcdev_try_to_assign_pipe(SUNXI_hwcdev_context_t*, SUNXI_hwcdev_pipe_t*, hwc_layer_1_t*, int, int): We use not config memory
04-24 11:08:16.660 D/dalvikvm(  431): GC_EXPLICIT freed 573K, 38% free 9877K/15772K, paused 7ms+12ms, total 122ms
04-24 11:08:16.810 D/gralloc (  110): ==USE CPU CACHE OP LLL usage = 0x333==
04-24 11:08:16.810 D/gralloc (  110): ION_HEAP_SYSTEM_MASK alloc
04-24 11:08:16.830 I/ActivityManager(  431): START u0 {cmp=com.rightware.tdmm2v10jnifree/.TDMM2V10free} from pid 3314
04-24 11:08:16.880 D/gralloc (  110): ==USE CPU CACHE OP LLL usage = 0x933==
04-24 11:08:16.880 D/gralloc (  110): ION_HEAP_SYSTEM_MASK alloc
04-24 11:08:16.920 V/PhoneStatusBar(  491): setLightsOn(true)
04-24 11:08:16.920 D/dalvikvm( 3314): GC_FOR_ALLOC freed 19K, 1% free 5715K/5768K, paused 17ms, total 17ms
04-24 11:08:16.920 I/dalvikvm-heap( 3314): Grow heap (frag case) to 6.185MB for 601616-byte allocation
04-24 11:08:16.950 D/dalvikvm( 3314): GC_CONCURRENT freed 1K, 1% free 6301K/6356K, paused 8ms+1ms, total 22ms
04-24 11:08:16.950 D/dalvikvm( 3314): WAIT_FOR_CONCURRENT_GC blocked 10ms
04-24 11:08:16.950 D/dalvikvm( 3314): WAIT_FOR_CONCURRENT_GC blocked 8ms
04-24 11:08:16.950 D/dalvikvm( 3314): WAIT_FOR_CONCURRENT_GC blocked 16ms
04-24 11:08:16.950 D/dalvikvm( 3314): WAIT_FOR_CONCURRENT_GC blocked 16ms
04-24 11:08:16.950 D/dalvikvm( 3314): WAIT_FOR_CONCURRENT_GC blocked 12ms
04-24 11:08:17.280 D/gralloc (  110): ION_HEAP_CARVEOUT_MASK alloc
04-24 11:08:17.280 D/gralloc (  110): ION_HEAP_CARVEOUT_MASK alloc
04-24 11:08:17.470 D/gralloc (  110): ION_HEAP_CARVEOUT_MASK alloc
04-24 11:08:17.490 I/ActivityManager(  431): Displayed com.rightware.tdmm2v10jnifree/.TDMM2V10free: +650ms
04-24 11:08:17.530 I/qtaguid (  431): Failed write_ctrl(s 0 10011) res=-1 errno=1
04-24 11:08:17.530 W/NetworkManagementSocketTagger(  431): setKernelCountSet(10011, 0) failed with errno -1
04-24 11:08:17.660 I/wpa_supplicant(  639): [CTRL_IFACE]wlan0: SIGNAL_POLL
04-24 11:08:17.980 I/QueryController( 1540): Matched selector: UiSelector[TEXT=Run Benchmark] <<==>> [android.view.accessibility.AccessibilityNodeInfo@a641; boundsInParent: Rect(0, 0 - 1024, 64); boundsInScreen: Rect(0, 129 - 1024, 193); packageName: com.rightware.tdmm2v10jnifree; className: android.widget.TextView; text: Run Benchmark; contentDescription: null; viewIdResName: android:id/text1; checkable: false; checked: false; focusable: false; focused: false; selected: false; clickable: true; longClickable: false; enabled: true; password: false; scrollable: false; [ACTION_SELECT, ACTION_CLEAR_SELECTION, ACTION_CLICK, ACTION_ACCESSIBILITY_FOCUS, ACTION_NEXT_AT_MOVEMENT_GRANULARITY, ACTION_PREVIOUS_AT_MOVEMENT_GRANULARITY, ACTION_SET_SELECTION]]
04-24 11:08:17.980 D/gralloc (  110): ION_HEAP_CARVEOUT_MASK alloc
04-24 11:08:18.000 D/InteractionController( 1540): clickAndSync(512, 161)
04-24 11:08:18.030 D/gralloc (  110): ION_HEAP_CARVEOUT_MASK alloc
04-24 11:08:18.120 D/gralloc (  110): ION_HEAP_CARVEOUT_MASK alloc
04-24 11:08:18.190 V/audio_hw_primary(  113): start_output_stream, line: 732
04-24 11:08:18.190 V/codec_audio_pad(  113): in normal mode, headset or speaker on,****LINE:112,FUNC:set_normal_path
04-24 11:08:18.190 D/gralloc (  110): ==USE CPU CACHE OP LLL usage = 0x333==
04-24 11:08:18.190 D/gralloc (  110): ION_HEAP_SYSTEM_MASK alloc
04-24 11:08:18.190 I/ActivityManager(  431): START u0 {cmp=com.rightware.tdmm2v10jnifree/.TDMM2V10test} from pid 3314
04-24 11:08:18.280 D/dalvikvm( 3314): GC_CONCURRENT freed 425K, 7% free 6414K/6872K, paused 1ms+3ms, total 24ms
04-24 11:08:18.280 V/PhoneStatusBar(  491): setLightsOn(true)
04-24 11:08:18.300 D/gralloc (  110): ION_HEAP_CARVEOUT_MASK alloc
04-24 11:08:18.310 D/gralloc (  110): ION_HEAP_CARVEOUT_MASK alloc
04-24 11:08:18.320 W/Basemark ES2V1( 3314): Requesting configuration: rgba: 8, 8, 8, 0, depth: 24, stencil: 0, fsaa: 0
04-24 11:08:18.330 I/Basemark ES2V1( 3314):   EGL_BUFFER_SIZE: 32
04-24 11:08:18.330 I/Basemark ES2V1( 3314):   EGL_ALPHA_SIZE: 0
04-24 11:08:18.330 I/Basemark ES2V1( 3314):   EGL_BLUE_SIZE: 8
04-24 11:08:18.330 I/Basemark ES2V1( 3314):   EGL_GREEN_SIZE: 8
04-24 11:08:18.330 I/Basemark ES2V1( 3314):   EGL_RED_SIZE: 8
04-24 11:08:18.330 I/Basemark ES2V1( 3314):   EGL_DEPTH_SIZE: 24
04-24 11:08:18.330 I/Basemark ES2V1( 3314):   EGL_STENCIL_SIZE: 0
04-24 11:08:18.330 I/Basemark ES2V1( 3314):   EGL_CONFIG_CAVEAT: 12344
04-24 11:08:18.330 I/Basemark ES2V1( 3314):   EGL_CONFIG_ID: 32
04-24 11:08:18.330 I/Basemark ES2V1( 3314):   EGL_LEVEL: 0
04-24 11:08:18.330 I/Basemark ES2V1( 3314):   EGL_MAX_PBUFFER_HEIGHT: 4096
04-24 11:08:18.330 I/Basemark ES2V1( 3314):   EGL_MAX_PBUFFER_PIXELS: 16777216
04-24 11:08:18.330 I/Basemark ES2V1( 3314):   EGL_MAX_PBUFFER_WIDTH: 4096
04-24 11:08:18.330 I/Basemark ES2V1( 3314):   EGL_NATIVE_RENDERABLE: 1
04-24 11:08:18.330 I/Basemark ES2V1( 3314):   EGL_NATIVE_VISUAL_ID: 2
04-24 11:08:18.330 I/Basemark ES2V1( 3314):   EGL_NATIVE_VISUAL_TYPE: 0
04-24 11:08:18.330 I/Basemark ES2V1( 3314):   EGL_SAMPLES: 0
04-24 11:08:18.330 I/Basemark ES2V1( 3314):   EGL_SAMPLE_BUFFERS: 0
04-24 11:08:18.330 I/Basemark ES2V1( 3314):   EGL_SURFACE_TYPE: 1031
04-24 11:08:18.330 I/Basemark ES2V1( 3314):   EGL_TRANSPARENT_TYPE: 12344
04-24 11:08:18.330 I/Basemark ES2V1( 3314):   EGL_TRANSPARENT_RED_VALUE: -1
04-24 11:08:18.330 I/Basemark ES2V1( 3314):   EGL_TRANSPARENT_GREEN_VALUE: -1
04-24 11:08:18.330 I/Basemark ES2V1( 3314):   EGL_TRANSPARENT_BLUE_VALUE: -1
04-24 11:08:18.330 I/Basemark ES2V1( 3314):   EGL_BIND_TO_TEXTURE_RGB: 1
04-24 11:08:18.330 I/Basemark ES2V1( 3314):   EGL_BIND_TO_TEXTURE_RGBA: 1
04-24 11:08:18.330 I/Basemark ES2V1( 3314):   EGL_MIN_SWAP_INTERVAL: 0
04-24 11:08:18.330 I/Basemark ES2V1( 3314):   EGL_MAX_SWAP_INTERVAL: 10
04-24 11:08:18.330 I/Basemark ES2V1( 3314):   EGL_LUMINANCE_SIZE: 0
04-24 11:08:18.330 I/Basemark ES2V1( 3314):   EGL_ALPHA_MASK_SIZE: 0
04-24 11:08:18.330 I/Basemark ES2V1( 3314):   EGL_COLOR_BUFFER_TYPE: 12430
04-24 11:08:18.330 I/Basemark ES2V1( 3314):   EGL_RENDERABLE_TYPE: 5
04-24 11:08:18.330 I/Basemark ES2V1( 3314):   EGL_CONFORMANT: 5
04-24 11:08:18.330 W/Basemark ES2V1( 3314): Creating OpenGL ES 2.0 context
04-24 11:08:18.330 D/gralloc (  110): ION_HEAP_CARVEOUT_MASK alloc
04-24 11:08:18.340 V/audio_hw_primary(  113): normal mode , speaker,****LINE:657,FUNC:select_output_device
04-24 11:08:18.340 V/audio_hw_primary(  113): start_output_stream: card:0, port:0, rate:44100
04-24 11:08:18.340 D/alsa_pcm(  113): pcm_open:,sparams.stop_threshold:1540, config->stop_threshold:0
04-24 11:08:18.340 V/audio_hw_primary(  113): do not use out resampler
04-24 11:08:18.340 D/gralloc (  110): ION_HEAP_CARVEOUT_MASK alloc
04-24 11:08:18.350 D/dalvikvm( 3314): Trying to load lib /data/app-lib/com.rightware.tdmm2v10jnifree-1/libtdmm2v10jni.so 0x4199aa30
04-24 11:08:18.380 W/linker  ( 3314): libtdmm2v10jni.so has text relocations. This is wasting memory and is a security risk. Please fix.
04-24 11:08:18.380 D/dalvikvm( 3314): Added shared lib /data/app-lib/com.rightware.tdmm2v10jnifree-1/libtdmm2v10jni.so 0x4199aa30
04-24 11:08:18.380 D/dalvikvm( 3314): No JNI_OnLoad found in /data/app-lib/com.rightware.tdmm2v10jnifree-1/libtdmm2v10jni.so 0x4199aa30, skipping init
04-24 11:08:18.380 D/gralloc (  110): ION_HEAP_CARVEOUT_MASK alloc
04-24 11:08:18.390 I/3DMarkMobileES20( 3314): app_renderStartup
04-24 11:08:18.410 I/ActivityManager(  431): Displayed com.rightware.tdmm2v10jnifree/.TDMM2V10test: +205ms
04-24 11:08:18.530 D/UIAutomatorStub( 1540): URI: /jsonrpc/0, Method: POST, Header: {content-type=application/json, connection=close, remote-addr=127.0.0.1, host=localhost:9008, content-length=185, http-client-ip=127.0.0.1, user-agent=Python-urllib/2.7, accept-encoding=identity}, params, {{"params": [{"childOrSiblingSelector": [], "text": "FRAMES PER SECOND", "mask": 1, "childOrSibling": []}], "jsonrpc": "2.0", "method": "exist", "id": "6b2cba603a9111c07a72574e58670bb5"}=, NanoHttpd.QUERY_STRING={"params": [{"childOrSiblingSelector": [], "text": "FRAMES PER SECOND", "mask": 1, "childOrSibling": []}], "jsonrpc": "2.0", "method": "exist", "id": "6b2cba603a9111c07a72574e58670bb5"}}, files: {}
04-24 11:08:18.550 D/dalvikvm( 1540): GC_CONCURRENT freed 433K, 77% free 1174K/5096K, paused 3ms+1ms, total 15ms
04-24 11:08:18.710 E/BitmapFactory( 2122): Unable to decode stream: java.io.FileNotFoundException: /: open failed: EISDIR (Is a directory)
04-24 11:08:20.210 D/gralloc (  110): ION_HEAP_CARVEOUT_MASK alloc
04-24 11:08:20.250 D/gralloc (  110): ION_HEAP_CARVEOUT_MASK alloc
04-24 11:08:20.660 I/wpa_supplicant(  639): [CTRL_IFACE]wlan0: SIGNAL_POLL
04-24 11:08:20.950 D/UIAutomatorStub( 1540): URI: /jsonrpc/0, Method: POST, Header: {content-type=application/json, connection=close, remote-addr=127.0.0.1, host=localhost:9008, content-length=185, http-client-ip=127.0.0.1, user-agent=Python-urllib/2.7, accept-encoding=identity}, params, {{"params": [{"childOrSiblingSelector": [], "text": "FRAMES PER SECOND", "mask": 1, "childOrSibling": []}], "jsonrpc": "2.0", "method": "exist", "id": "676637b90637ca6d1fd18e93b0253684"}=, NanoHttpd.QUERY_STRING={"params": [{"childOrSiblingSelector": [], "text": "FRAMES PER SECOND", "mask": 1, "childOrSibling": []}], "jsonrpc": "2.0", "method": "exist", "id": "676637b90637ca6d1fd18e93b0253684"}}, files: {}
04-24 11:08:21.440 D/audio_hw_primary(  113): out_standby
04-24 11:08:22.980 D/UIAutomatorStub( 1540): URI: /jsonrpc/0, Method: POST, Header: {content-type=application/json, connection=close, remote-addr=127.0.0.1, host=localhost:9008, content-length=185, http-client-ip=127.0.0.1, user-agent=Python-urllib/2.7, accept-encoding=identity}, params, {NanoHttpd.QUERY_STRING={"params": [{"childOrSiblingSelector": [], "text": "FRAMES PER SECOND", "mask": 1, "childOrSibling": []}], "jsonrpc": "2.0", "method": "exist", "id": "dba0319d2b20a48236c9cecec381a9bc"}, {"params": [{"childOrSiblingSelector": [], "text": "FRAMES PER SECOND", "mask": 1, "childOrSibling": []}], "jsonrpc": "2.0", "method": "exist", "id": "dba0319d2b20a48236c9cecec381a9bc"}=}, files: {}
04-24 11:08:23.020 D/dalvikvm( 1540): GC_CONCURRENT freed 426K, 78% free 1135K/5096K, paused 2ms+1ms, total 12ms
04-24 11:08:23.670 I/wpa_supplicant(  639): [CTRL_IFACE]wlan0: SIGNAL_POLL
04-24 11:08:25.090 D/UIAutomatorStub( 1540): URI: /jsonrpc/0, Method: POST, Header: {content-type=application/json, connection=close, remote-addr=127.0.0.1, host=localhost:9008, content-length=185, http-client-ip=127.0.0.1, user-agent=Python-urllib/2.7, accept-encoding=identity}, params, {{"params": [{"childOrSiblingSelector": [], "text": "FRAMES PER SECOND", "mask": 1, "childOrSibling": []}], "jsonrpc": "2.0", "method": "exist", "id": "d691a4904f3c449f8ea8a35f726ea993"}=, NanoHttpd.QUERY_STRING={"params": [{"childOrSiblingSelector": [], "text": "FRAMES PER SECOND", "mask": 1, "childOrSibling": []}], "jsonrpc": "2.0", "method": "exist", "id": "d691a4904f3c449f8ea8a35f726ea993"}}, files: {}
04-24 11:08:26.670 I/wpa_supplicant(  639): [CTRL_IFACE]wlan0: SIGNAL_POLL
04-24 11:08:27.110 D/UIAutomatorStub( 1540): URI: /jsonrpc/0, Method: POST, Header: {content-type=application/json, connection=close, remote-addr=127.0.0.1, host=localhost:9008, content-length=185, http-client-ip=127.0.0.1, user-agent=Python-urllib/2.7, accept-encoding=identity}, params, {{"params": [{"childOrSiblingSelector": [], "text": "FRAMES PER SECOND", "mask": 1, "childOrSibling": []}], "jsonrpc": "2.0", "method": "exist", "id": "5f9fc3a4a8c601842b63f1e50b5de969"}=, NanoHttpd.QUERY_STRING={"params": [{"childOrSiblingSelector": [], "text": "FRAMES PER SECOND", "mask": 1, "childOrSibling": []}], "jsonrpc": "2.0", "method": "exist", "id": "5f9fc3a4a8c601842b63f1e50b5de969"}}, files: {}
04-24 11:08:29.180 D/UIAutomatorStub( 1540): URI: /jsonrpc/0, Method: POST, Header: {content-type=application/json, connection=close, remote-addr=127.0.0.1, host=localhost:9008, content-length=185, http-client-ip=127.0.0.1, user-agent=Python-urllib/2.7, accept-encoding=identity}, params, {{"params": [{"childOrSiblingSelector": [], "text": "FRAMES PER SECOND", "mask": 1, "childOrSibling": []}], "jsonrpc": "2.0", "method": "exist", "id": "3a741a5ce1a7b22dec2d5c4efd6258c3"}=, NanoHttpd.QUERY_STRING={"params": [{"childOrSiblingSelector": [], "text": "FRAMES PER SECOND", "mask": 1, "childOrSibling": []}], "jsonrpc": "2.0", "method": "exist", "id": "3a741a5ce1a7b22dec2d5c4efd6258c3"}}, files: {}
04-24 11:08:29.190 D/dalvikvm( 1540): GC_CONCURRENT freed 364K, 77% free 1187K/5096K, paused 2ms+3ms, total 30ms
04-24 11:08:29.670 I/wpa_supplicant(  639): [CTRL_IFACE]wlan0: SIGNAL_POLL
04-24 11:08:31.340 D/UIAutomatorStub( 1540): URI: /jsonrpc/0, Method: POST, Header: {content-type=application/json, connection=close, remote-addr=127.0.0.1, host=localhost:9008, content-length=185, http-client-ip=127.0.0.1, user-agent=Python-urllib/2.7, accept-encoding=identity}, params, {{"params": [{"childOrSiblingSelector": [], "text": "FRAMES PER SECOND", "mask": 1, "childOrSibling": []}], "jsonrpc": "2.0", "method": "exist", "id": "c05ffd1ad5663324201913a67e6f1be2"}=, NanoHttpd.QUERY_STRING={"params": [{"childOrSiblingSelector": [], "text": "FRAMES PER SECOND", "mask": 1, "childOrSibling": []}], "jsonrpc": "2.0", "method": "exist", "id": "c05ffd1ad5663324201913a67e6f1be2"}}, files: {}
04-24 11:08:32.680 I/wpa_supplicant(  639): [CTRL_IFACE]wlan0: SIGNAL_POLL
04-24 11:08:33.380 D/UIAutomatorStub( 1540): URI: /jsonrpc/0, Method: POST, Header: {content-type=application/json, connection=close, remote-addr=127.0.0.1, host=localhost:9008, content-length=185, http-client-ip=127.0.0.1, user-agent=Python-urllib/2.7, accept-encoding=identity}, params, {{"params": [{"childOrSiblingSelector": [], "text": "FRAMES PER SECOND", "mask": 1, "childOrSibling": []}], "jsonrpc": "2.0", "method": "exist", "id": "4bff16f26d37cccd8c89360515d74310"}=, NanoHttpd.QUERY_STRING={"params": [{"childOrSiblingSelector": [], "text": "FRAMES PER SECOND", "mask": 1, "childOrSibling": []}], "jsonrpc": "2.0", "method": "exist", "id": "4bff16f26d37cccd8c89360515d74310"}}, files: {}
04-24 11:08:33.410 D/dalvikvm( 1540): GC_CONCURRENT freed 398K, 77% free 1185K/5096K, paused 1ms+1ms, total 13ms
04-24 11:08:35.410 D/UIAutomatorStub( 1540): URI: /jsonrpc/0, Method: POST, Header: {content-type=application/json, connection=close, remote-addr=127.0.0.1, host=localhost:9008, content-length=185, http-client-ip=127.0.0.1, user-agent=Python-urllib/2.7, accept-encoding=identity}, params, {NanoHttpd.QUERY_STRING={"params": [{"childOrSiblingSelector": [], "text": "FRAMES PER SECOND", "mask": 1, "childOrSibling": []}], "jsonrpc": "2.0", "method": "exist", "id": "185e9d9474835343bf1f1abe8c526de9"}, {"params": [{"childOrSiblingSelector": [], "text": "FRAMES PER SECOND", "mask": 1, "childOrSibling": []}], "jsonrpc": "2.0", "method": "exist", "id": "185e9d9474835343bf1f1abe8c526de9"}=}, files: {}
04-24 11:08:35.680 I/wpa_supplicant(  639): [CTRL_IFACE]wlan0: SIGNAL_POLL
04-24 11:08:37.510 D/UIAutomatorStub( 1540): URI: /jsonrpc/0, Method: POST, Header: {content-type=application/json, connection=close, remote-addr=127.0.0.1, host=localhost:9008, content-length=185, http-client-ip=127.0.0.1, user-agent=Python-urllib/2.7, accept-encoding=identity}, params, {{"params": [{"childOrSiblingSelector": [], "text": "FRAMES PER SECOND", "mask": 1, "childOrSibling": []}], "jsonrpc": "2.0", "method": "exist", "id": "38587d9771e1742924f3c10bb623f843"}=, NanoHttpd.QUERY_STRING={"params": [{"childOrSiblingSelector": [], "text": "FRAMES PER SECOND", "mask": 1, "childOrSibling": []}], "jsonrpc": "2.0", "method": "exist", "id": "38587d9771e1742924f3c10bb623f843"}}, files: {}
04-24 11:08:38.680 I/wpa_supplicant(  639): [CTRL_IFACE]wlan0: SIGNAL_POLL
04-24 11:08:39.560 D/UIAutomatorStub( 1540): URI: /jsonrpc/0, Method: POST, Header: {content-type=application/json, connection=close, remote-addr=127.0.0.1, host=localhost:9008, content-length=185, http-client-ip=127.0.0.1, user-agent=Python-urllib/2.7, accept-encoding=identity}, params, {NanoHttpd.QUERY_STRING={"params": [{"childOrSiblingSelector": [], "text": "FRAMES PER SECOND", "mask": 1, "childOrSibling": []}], "jsonrpc": "2.0", "method": "exist", "id": "7249ed44afecd343b8129030ab4740ef"}, {"params": [{"childOrSiblingSelector": [], "text": "FRAMES PER SECOND", "mask": 1, "childOrSibling": []}], "jsonrpc": "2.0", "method": "exist", "id": "7249ed44afecd343b8129030ab4740ef"}=}, files: {}
04-24 11:08:39.570 D/dalvikvm( 1540): GC_CONCURRENT freed 401K, 77% free 1202K/5096K, paused 2ms+1ms, total 41ms
04-24 11:08:41.620 D/UIAutomatorStub( 1540): URI: /jsonrpc/0, Method: POST, Header: {content-type=application/json, connection=close, remote-addr=127.0.0.1, host=localhost:9008, content-length=185, http-client-ip=127.0.0.1, user-agent=Python-urllib/2.7, accept-encoding=identity}, params, {NanoHttpd.QUERY_STRING={"params": [{"childOrSiblingSelector": [], "text": "FRAMES PER SECOND", "mask": 1, "childOrSibling": []}], "jsonrpc": "2.0", "method": "exist", "id": "dc1433a274932eea926bd8f745dd0477"}, {"params": [{"childOrSiblingSelector": [], "text": "FRAMES PER SECOND", "mask": 1, "childOrSibling": []}], "jsonrpc": "2.0", "method": "exist", "id": "dc1433a274932eea926bd8f745dd0477"}=}, files: {}
04-24 11:08:41.690 I/wpa_supplicant(  639): [CTRL_IFACE]wlan0: SIGNAL_POLL
04-24 11:08:43.770 D/UIAutomatorStub( 1540): URI: /jsonrpc/0, Method: POST, Header: {content-type=application/json, connection=close, remote-addr=127.0.0.1, host=localhost:9008, content-length=185, http-client-ip=127.0.0.1, user-agent=Python-urllib/2.7, accept-encoding=identity}, params, {{"params": [{"childOrSiblingSelector": [], "text": "FRAMES PER SECOND", "mask": 1, "childOrSibling": []}], "jsonrpc": "2.0", "method": "exist", "id": "fea8c1dfc0b060a5de51168c6b78134d"}=, NanoHttpd.QUERY_STRING={"params": [{"childOrSiblingSelector": [], "text": "FRAMES PER SECOND", "mask": 1, "childOrSibling": []}], "jsonrpc": "2.0", "method": "exist", "id": "fea8c1dfc0b060a5de51168c6b78134d"}}, files: {}
04-24 11:08:43.830 D/dalvikvm( 1540): GC_CONCURRENT freed 393K, 77% free 1203K/5096K, paused 2ms+9ms, total 21ms
04-24 11:08:44.690 I/wpa_supplicant(  639): [CTRL_IFACE]wlan0: SIGNAL_POLL
04-24 11:08:45.830 D/UIAutomatorStub( 1540): URI: /jsonrpc/0, Method: POST, Header: {content-type=application/json, connection=close, remote-addr=127.0.0.1, host=localhost:9008, content-length=185, http-client-ip=127.0.0.1, user-agent=Python-urllib/2.7, accept-encoding=identity}, params, {NanoHttpd.QUERY_STRING={"params": [{"childOrSiblingSelector": [], "text": "FRAMES PER SECOND", "mask": 1, "childOrSibling": []}], "jsonrpc": "2.0", "method": "exist", "id": "175c7229f1515e56a53f4d28000c0497"}, {"params": [{"childOrSiblingSelector": [], "text": "FRAMES PER SECOND", "mask": 1, "childOrSibling": []}], "jsonrpc": "2.0", "method": "exist", "id": "175c7229f1515e56a53f4d28000c0497"}=}, files: {}
04-24 11:08:47.690 I/wpa_supplicant(  639): [CTRL_IFACE]wlan0: SIGNAL_POLL
04-24 11:08:47.860 D/UIAutomatorStub( 1540): URI: /jsonrpc/0, Method: POST, Header: {content-type=application/json, connection=close, remote-addr=127.0.0.1, host=localhost:9008, content-length=185, http-client-ip=127.0.0.1, user-agent=Python-urllib/2.7, accept-encoding=identity}, params, {{"params": [{"childOrSiblingSelector": [], "text": "FRAMES PER SECOND", "mask": 1, "childOrSibling": []}], "jsonrpc": "2.0", "method": "exist", "id": "392f7d7085eb41da03846a3684c76dd3"}=, NanoHttpd.QUERY_STRING={"params": [{"childOrSiblingSelector": [], "text": "FRAMES PER SECOND", "mask": 1, "childOrSibling": []}], "jsonrpc": "2.0", "method": "exist", "id": "392f7d7085eb41da03846a3684c76dd3"}}, files: {}
04-24 11:08:49.950 D/UIAutomatorStub( 1540): URI: /jsonrpc/0, Method: POST, Header: {content-type=application/json, connection=close, remote-addr=127.0.0.1, host=localhost:9008, content-length=185, http-client-ip=127.0.0.1, user-agent=Python-urllib/2.7, accept-encoding=identity}, params, {NanoHttpd.QUERY_STRING={"params": [{"childOrSiblingSelector": [], "text": "FRAMES PER SECOND", "mask": 1, "childOrSibling": []}], "jsonrpc": "2.0", "method": "exist", "id": "e7890a6f75fa00f7b9123965b10b9b1f"}, {"params": [{"childOrSiblingSelector": [], "text": "FRAMES PER SECOND", "mask": 1, "childOrSibling": []}], "jsonrpc": "2.0", "method": "exist", "id": "e7890a6f75fa00f7b9123965b10b9b1f"}=}, files: {}
04-24 11:08:49.960 D/dalvikvm( 1540): GC_CONCURRENT freed 454K, 77% free 1181K/5096K, paused 2ms+3ms, total 15ms
04-24 11:08:50.700 I/wpa_supplicant(  639): [CTRL_IFACE]wlan0: SIGNAL_POLL
04-24 11:08:51.980 D/UIAutomatorStub( 1540): URI: /jsonrpc/0, Method: POST, Header: {content-type=application/json, connection=close, remote-addr=127.0.0.1, host=localhost:9008, content-length=185, http-client-ip=127.0.0.1, user-agent=Python-urllib/2.7, accept-encoding=identity}, params, {NanoHttpd.QUERY_STRING={"params": [{"childOrSiblingSelector": [], "text": "FRAMES PER SECOND", "mask": 1, "childOrSibling": []}], "jsonrpc": "2.0", "method": "exist", "id": "302fbe9526c393ff5cf5a75d75730331"}, {"params": [{"childOrSiblingSelector": [], "text": "FRAMES PER SECOND", "mask": 1, "childOrSibling": []}], "jsonrpc": "2.0", "method": "exist", "id": "302fbe9526c393ff5cf5a75d75730331"}=}, files: {}
04-24 11:08:53.700 I/wpa_supplicant(  639): [CTRL_IFACE]wlan0: SIGNAL_POLL
04-24 11:08:54.020 D/UIAutomatorStub( 1540): URI: /jsonrpc/0, Method: POST, Header: {content-type=application/json, connection=close, remote-addr=127.0.0.1, host=localhost:9008, content-length=185, http-client-ip=127.0.0.1, user-agent=Python-urllib/2.7, accept-encoding=identity}, params, {NanoHttpd.QUERY_STRING={"params": [{"childOrSiblingSelector": [], "text": "FRAMES PER SECOND", "mask": 1, "childOrSibling": []}], "jsonrpc": "2.0", "method": "exist", "id": "98a97f86f85969691756a55b9371e615"}, {"params": [{"childOrSiblingSelector": [], "text": "FRAMES PER SECOND", "mask": 1, "childOrSibling": []}], "jsonrpc": "2.0", "method": "exist", "id": "98a97f86f85969691756a55b9371e615"}=}, files: {}
04-24 11:08:56.140 D/UIAutomatorStub( 1540): URI: /jsonrpc/0, Method: POST, Header: {content-type=application/json, connection=close, remote-addr=127.0.0.1, host=localhost:9008, content-length=185, http-client-ip=127.0.0.1, user-agent=Python-urllib/2.7, accept-encoding=identity}, params, {NanoHttpd.QUERY_STRING={"params": [{"childOrSiblingSelector": [], "text": "FRAMES PER SECOND", "mask": 1, "childOrSibling": []}], "jsonrpc": "2.0", "method": "exist", "id": "2a7cecd19295141e283cb8a6627781d8"}, {"params": [{"childOrSiblingSelector": [], "text": "FRAMES PER SECOND", "mask": 1, "childOrSibling": []}], "jsonrpc": "2.0", "method": "exist", "id": "2a7cecd19295141e283cb8a6627781d8"}=}, files: {}
04-24 11:08:56.190 D/dalvikvm( 1540): GC_CONCURRENT freed 505K, 78% free 1169K/5096K, paused 54ms+8ms, total 83ms
04-24 11:08:56.700 I/wpa_supplicant(  639): [CTRL_IFACE]wlan0: SIGNAL_POLL
04-24 11:08:58.210 D/UIAutomatorStub( 1540): URI: /jsonrpc/0, Method: POST, Header: {content-type=application/json, connection=close, remote-addr=127.0.0.1, host=localhost:9008, content-length=185, http-client-ip=127.0.0.1, user-agent=Python-urllib/2.7, accept-encoding=identity}, params, {{"params": [{"childOrSiblingSelector": [], "text": "FRAMES PER SECOND", "mask": 1, "childOrSibling": []}], "jsonrpc": "2.0", "method": "exist", "id": "6e6e5ca83f3bc8137ffce46a8e88def3"}=, NanoHttpd.QUERY_STRING={"params": [{"childOrSiblingSelector": [], "text": "FRAMES PER SECOND", "mask": 1, "childOrSibling": []}], "jsonrpc": "2.0", "method": "exist", "id": "6e6e5ca83f3bc8137ffce46a8e88def3"}}, files: {}
04-24 11:08:59.460 D/PowerManagerService(  431): mHoldBootFastWakeLock = true
04-24 11:08:59.480 D/gralloc (  110): ION_HEAP_CARVEOUT_MASK alloc
04-24 11:08:59.710 I/wpa_supplicant(  639): [CTRL_IFACE]wlan0: SIGNAL_POLL
04-24 11:09:00.250 D/UIAutomatorStub( 1540): URI: /jsonrpc/0, Method: POST, Header: {content-type=application/json, connection=close, remote-addr=127.0.0.1, host=localhost:9008, content-length=185, http-client-ip=127.0.0.1, user-agent=Python-urllib/2.7, accept-encoding=identity}, params, {{"params": [{"childOrSiblingSelector": [], "text": "FRAMES PER SECOND", "mask": 1, "childOrSibling": []}], "jsonrpc": "2.0", "method": "exist", "id": "b4000b1dfe0961ba05ab100b9e15909c"}=, NanoHttpd.QUERY_STRING={"params": [{"childOrSiblingSelector": [], "text": "FRAMES PER SECOND", "mask": 1, "childOrSibling": []}], "jsonrpc": "2.0", "method": "exist", "id": "b4000b1dfe0961ba05ab100b9e15909c"}}, files: {}
04-24 11:09:02.340 D/dalvikvm( 1540): GC_CONCURRENT freed 431K, 78% free 1131K/5096K, paused 2ms+1ms, total 14ms
04-24 11:09:02.370 D/UIAutomatorStub( 1540): URI: /jsonrpc/0, Method: POST, Header: {content-type=application/json, connection=close, remote-addr=127.0.0.1, host=localhost:9008, content-length=185, http-client-ip=127.0.0.1, user-agent=Python-urllib/2.7, accept-encoding=identity}, params, {NanoHttpd.QUERY_STRING={"params": [{"childOrSiblingSelector": [], "text": "FRAMES PER SECOND", "mask": 1, "childOrSibling": []}], "jsonrpc": "2.0", "method": "exist", "id": "3271f3547bd42cf11605e1b13e61f957"}, {"params": [{"childOrSiblingSelector": [], "text": "FRAMES PER SECOND", "mask": 1, "childOrSibling": []}], "jsonrpc": "2.0", "method": "exist", "id": "3271f3547bd42cf11605e1b13e61f957"}=}, files: {}
04-24 11:09:02.710 I/wpa_supplicant(  639): [CTRL_IFACE]wlan0: SIGNAL_POLL
04-24 11:09:04.400 D/UIAutomatorStub( 1540): URI: /jsonrpc/0, Method: POST, Header: {content-type=application/json, connection=close, remote-addr=127.0.0.1, host=localhost:9008, content-length=185, http-client-ip=127.0.0.1, user-agent=Python-urllib/2.7, accept-encoding=identity}, params, {{"params": [{"childOrSiblingSelector": [], "text": "FRAMES PER SECOND", "mask": 1, "childOrSibling": []}], "jsonrpc": "2.0", "method": "exist", "id": "324c41ca0d7749b6fddb7507b03169ca"}=, NanoHttpd.QUERY_STRING={"params": [{"childOrSiblingSelector": [], "text": "FRAMES PER SECOND", "mask": 1, "childOrSibling": []}], "jsonrpc": "2.0", "method": "exist", "id": "324c41ca0d7749b6fddb7507b03169ca"}}, files: {}
04-24 11:09:05.710 I/wpa_supplicant(  639): [CTRL_IFACE]wlan0: SIGNAL_POLL
04-24 11:09:06.440 D/UIAutomatorStub( 1540): URI: /jsonrpc/0, Method: POST, Header: {content-type=application/json, connection=close, remote-addr=127.0.0.1, host=localhost:9008, content-length=185, http-client-ip=127.0.0.1, user-agent=Python-urllib/2.7, accept-encoding=identity}, params, {{"params": [{"childOrSiblingSelector": [], "text": "FRAMES PER SECOND", "mask": 1, "childOrSibling": []}], "jsonrpc": "2.0", "method": "exist", "id": "54f0b64580672754812d370c62d4b89b"}=, NanoHttpd.QUERY_STRING={"params": [{"childOrSiblingSelector": [], "text": "FRAMES PER SECOND", "mask": 1, "childOrSibling": []}], "jsonrpc": "2.0", "method": "exist", "id": "54f0b64580672754812d370c62d4b89b"}}, files: {}
04-24 11:09:06.460 D/dalvikvm( 1540): GC_CONCURRENT freed 372K, 78% free 1171K/5096K, paused 2ms+8ms, total 26ms
04-24 11:09:06.890 D/gralloc (  110): ==USE CPU CACHE OP LLL usage = 0x333==
04-24 11:09:06.890 D/gralloc (  110): ION_HEAP_SYSTEM_MASK alloc
04-24 11:09:06.910 I/WindowManager(  431): Screenshot Window{41e5ec70 u0 com.rightware.tdmm2v10jnifree/com.rightware.tdmm2v10jnifree.TDMM2V10test} was monochrome(ff000000)! mSurfaceLayer=21040 minLayer=21000 maxLayer=21040
04-24 11:09:06.920 I/ActivityManager(  431): START u0 {act=SCORE_CURRENT cmp=com.rightware.tdmm2v10jnifree/.ScoreView} from pid 3314
04-24 11:09:06.920 W/ActivityManager(  431): startActivity called from finishing ActivityRecord{41f36d68 u0 com.rightware.tdmm2v10jnifree/.TDMM2V10test t44 f}; forcing Intent.FLAG_ACTIVITY_NEW_TASK for: Intent { act=SCORE_CURRENT cmp=com.rightware.tdmm2v10jnifree/.ScoreView }
04-24 11:09:06.970 D/dalvikvm( 3314): GC_FOR_ALLOC freed 1388K, 25% free 5185K/6872K, paused 15ms, total 16ms
04-24 11:09:06.970 I/dalvikvm-heap( 3314): Grow heap (frag case) to 5.667MB for 601616-byte allocation
04-24 11:09:06.980 D/dalvikvm( 3314): GC_FOR_ALLOC freed <1K, 16% free 5773K/6872K, paused 17ms, total 17ms
04-24 11:09:07.030 D/dalvikvm(  431): GC_CONCURRENT freed 1196K, 37% free 10052K/15772K, paused 6ms+10ms, total 128ms
04-24 11:09:07.030 D/dalvikvm( 3314): GC_CONCURRENT freed 6K, 14% free 5950K/6872K, paused 6ms+15ms, total 44ms
04-24 11:09:07.060 V/PhoneStatusBar(  491): setLightsOn(true)
04-24 11:09:07.090 D/gralloc (  110): ION_HEAP_CARVEOUT_MASK alloc
04-24 11:09:07.090 D/gralloc (  110): ION_HEAP_CARVEOUT_MASK alloc
04-24 11:09:07.150 I/ActivityManager(  431): Displayed com.rightware.tdmm2v10jnifree/.ScoreView: +214ms
04-24 11:09:07.150 D/gralloc (  110): ION_HEAP_CARVEOUT_MASK alloc
04-24 11:09:07.500 D/gralloc (  110): ION_HEAP_CARVEOUT_MASK alloc
04-24 11:09:07.510 D/gralloc (  110): ION_HEAP_CARVEOUT_MASK alloc
04-24 11:09:08.550 D/UIAutomatorStub( 1540): URI: /jsonrpc/0, Method: POST, Header: {content-type=application/json, connection=close, remote-addr=127.0.0.1, host=localhost:9008, content-length=185, http-client-ip=127.0.0.1, user-agent=Python-urllib/2.7, accept-encoding=identity}, params, {NanoHttpd.QUERY_STRING={"params": [{"childOrSiblingSelector": [], "text": "FRAMES PER SECOND", "mask": 1, "childOrSibling": []}], "jsonrpc": "2.0", "method": "exist", "id": "88b5234733d91a99901f19ea0dcaf3a4"}, {"params": [{"childOrSiblingSelector": [], "text": "FRAMES PER SECOND", "mask": 1, "childOrSibling": []}], "jsonrpc": "2.0", "method": "exist", "id": "88b5234733d91a99901f19ea0dcaf3a4"}=}, files: {}
04-24 11:09:08.580 I/QueryController( 1540): Matched selector: UiSelector[TEXT=FRAMES PER SECOND] <<==>> [android.view.accessibility.AccessibilityNodeInfo@e614; boundsInParent: Rect(0, 0 - 1014, 14); boundsInScreen: Rect(5, 202 - 1019, 216); packageName: com.rightware.tdmm2v10jnifree; className: android.widget.TextView; text: FRAMES PER SECOND; contentDescription: null; viewIdResName: com.rightware.tdmm2v10jnifree:id/score_view_text_fps; checkable: false; checked: false; focusable: false; focused: false; selected: false; clickable: false; longClickable: false; enabled: true; password: false; scrollable: false; [ACTION_SELECT, ACTION_CLEAR_SELECTION, ACTION_ACCESSIBILITY_FOCUS, ACTION_NEXT_AT_MOVEMENT_GRANULARITY, ACTION_PREVIOUS_AT_MOVEMENT_GRANULARITY, ACTION_SET_SELECTION]]
04-24 11:09:08.600 D/UIAutomatorStub( 1540): URI: /jsonrpc/0, Method: POST, Header: {content-type=application/json, connection=close, remote-addr=127.0.0.1, host=localhost:9008, content-length=128, http-client-ip=127.0.0.1, user-agent=Python-urllib/2.7, accept-encoding=identity}, params, {NanoHttpd.QUERY_STRING={"params": ["screenshot.png", 1.0, 100], "jsonrpc": "2.0", "method": "takeScreenshot", "id": "9cf5b2e3a95ab98fbe95aaa8485f3ed1"}, {"params": ["screenshot.png", 1.0, 100], "jsonrpc": "2.0", "method": "takeScreenshot", "id": "9cf5b2e3a95ab98fbe95aaa8485f3ed1"}=}, files: {}
04-24 11:09:08.610 D/gralloc (  110): ==USE CPU CACHE OP LLL usage = 0x333==
04-24 11:09:08.610 D/gralloc (  110): ION_HEAP_SYSTEM_MASK alloc
04-24 11:09:08.650 D/dalvikvm( 1540): GC_FOR_ALLOC freed 331K, 77% free 1173K/5096K, paused 11ms, total 12ms
04-24 11:09:08.650 I/dalvikvm-heap( 1540): Grow heap (frag case) to 4.145MB for 3145744-byte allocation
04-24 11:09:08.650 D/dalvikvm( 1540): GC_FOR_ALLOC freed <1K, 49% free 4244K/8172K, paused 8ms, total 8ms
04-24 11:09:08.670 D/dalvikvm( 1540): GC_CONCURRENT freed 1K, 49% free 4243K/8172K, paused 2ms+3ms, total 14ms
04-24 11:09:08.720 I/wpa_supplicant(  639): [CTRL_IFACE]wlan0: SIGNAL_POLL
04-24 11:09:10.080 D/UIAutomatorStub( 1540): URI: /jsonrpc/0, Method: POST, Header: {content-type=application/json, connection=close, remote-addr=127.0.0.1, host=localhost:9008, content-length=102, http-client-ip=127.0.0.1, user-agent=Python-urllib/2.7, accept-encoding=identity}, params, {{"params": ["home"], "jsonrpc": "2.0", "method": "pressKey", "id": "82b49578e153648f1d50eb9caf434d32"}=, NanoHttpd.QUERY_STRING={"params": ["home"], "jsonrpc": "2.0", "method": "pressKey", "id": "82b49578e153648f1d50eb9caf434d32"}}, files: {}
04-24 11:09:10.090 I/ActivityManager(  431): START u0 {act=android.intent.action.MAIN cat=[android.intent.category.HOME] flg=0x10200000 cmp=com.android.launcher/com.android.launcher2.Launcher} from pid 431
04-24 11:09:10.110 D/gralloc (  110): ==USE CPU CACHE OP LLL usage = 0x333==
04-24 11:09:10.110 D/gralloc (  110): ION_HEAP_SYSTEM_MASK alloc
04-24 11:09:10.140 D/gralloc (  110): ==USE CPU CACHE OP LLL usage = 0xb33==
04-24 11:09:10.140 D/gralloc (  110): ION_HEAP_SYSTEM_MASK alloc
04-24 11:09:10.180 I/hwcomposer(  110): IMG_hwcdev_pipe_assign_status_t hwcdev_try_to_assign_pipe(SUNXI_hwcdev_context_t*, SUNXI_hwcdev_pipe_t*, hwc_layer_1_t*, int, int): We use not config memory
04-24 11:09:10.180 I/hwcomposer(  110): IMG_hwcdev_pipe_assign_status_t hwcdev_try_to_assign_pipe(SUNXI_hwcdev_context_t*, SUNXI_hwcdev_pipe_t*, hwc_layer_1_t*, int, int): We use not config memory
04-24 11:09:10.180 I/hwcomposer(  110): IMG_hwcdev_pipe_assign_status_t hwcdev_try_to_assign_pipe(SUNXI_hwcdev_context_t*, SUNXI_hwcdev_pipe_t*, hwc_layer_1_t*, int, int): We use not config memory
04-24 11:09:10.180 I/ActivityManager(  431): Config changes=480 {1.0 ?mcc?mnc en_US ldltr sw768dp w768dp h951dp 160dpi xlrg port finger -keyb/v/h -nav/h s.13}
04-24 11:09:10.190 I/InputReader(  431): Reconfiguring input devices.  changes=0x00000004
04-24 11:09:10.190 I/InputReader(  431): Device reconfigured: id=1, name='gt82x', size 768x1024, orientation 0, mode 1, display id 0
04-24 11:09:10.190 I/Pointer (  431): Device Changed: Input Device 1: gt82x
04-24 11:09:10.190 I/Pointer (  431):   Descriptor: 9e6143a1bc5dd41251b165ed559e32d49b5aad8f
04-24 11:09:10.190 I/Pointer (  431):   Generation: 22
04-24 11:09:10.190 I/Pointer (  431):   Location: built-in
04-24 11:09:10.190 I/Pointer (  431):   Keyboard Type: none
04-24 11:09:10.190 I/Pointer (  431):   Has Vibrator: false
04-24 11:09:10.190 I/Pointer (  431):   Sources: 0x1002 ( touchscreen )
04-24 11:09:10.190 I/Pointer (  431):     AXIS_X: source=0x1002 min=0.0 max=767.0 flat=0.0 fuzz=0.0 resolution=0.0
04-24 11:09:10.190 I/Pointer (  431):     AXIS_Y: source=0x1002 min=0.0 max=1023.0 flat=0.0 fuzz=0.0 resolution=0.0
04-24 11:09:10.190 I/Pointer (  431):     AXIS_PRESSURE: source=0x1002 min=0.0 max=1.0 flat=0.0 fuzz=0.0 resolution=0.0
04-24 11:09:10.190 I/Pointer (  431):     AXIS_SIZE: source=0x1002 min=0.0 max=1.0 flat=0.0 fuzz=0.0 resolution=0.0
04-24 11:09:10.190 I/Pointer (  431):     AXIS_TOUCH_MAJOR: source=0x1002 min=0.0 max=1280.0 flat=0.0 fuzz=0.0 resolution=0.0
04-24 11:09:10.190 I/Pointer (  431):     AXIS_TOUCH_MINOR: source=0x1002 min=0.0 max=1280.0 flat=0.0 fuzz=0.0 resolution=0.0
04-24 11:09:10.190 I/Pointer (  431):     AXIS_TOOL_MAJOR: source=0x1002 min=0.0 max=1280.0 flat=0.0 fuzz=0.0 resolution=0.0
04-24 11:09:10.190 I/Pointer (  431):     AXIS_TOOL_MINOR: source=0x1002 min=0.0 max=1280.0 flat=0.0 fuzz=0.0 resolution=0.0
04-24 11:09:10.230 I/hwcomposer(  110): IMG_hwcdev_pipe_assign_status_t hwcdev_try_to_assign_pipe(SUNXI_hwcdev_context_t*, SUNXI_hwcdev_pipe_t*, hwc_layer_1_t*, int, int): We use not config memory
04-24 11:09:10.230 I/hwcomposer(  110): IMG_hwcdev_pipe_assign_status_t hwcdev_try_to_assign_pipe(SUNXI_hwcdev_context_t*, SUNXI_hwcdev_pipe_t*, hwc_layer_1_t*, int, int): We use not config memory
04-24 11:09:10.230 I/hwcomposer(  110): IMG_hwcdev_pipe_assign_status_t hwcdev_try_to_assign_pipe(SUNXI_hwcdev_context_t*, SUNXI_hwcdev_pipe_t*, hwc_layer_1_t*, int, int): We use not config memory
04-24 11:09:10.240 D/PhoneStatusBar(  491): mSettingsPanelGravity = 8388661
04-24 11:09:10.270 D/gralloc (  110): ION_HEAP_CARVEOUT_MASK alloc
04-24 11:09:10.280 I/hwcomposer(  110): IMG_hwcdev_pipe_assign_status_t hwcdev_try_to_assign_pipe(SUNXI_hwcdev_context_t*, SUNXI_hwcdev_pipe_t*, hwc_layer_1_t*, int, int): We use not config memory
04-24 11:09:10.280 D/gralloc (  110): ION_HEAP_CARVEOUT_MASK alloc
04-24 11:09:10.280 I/hwcomposer(  110): IMG_hwcdev_pipe_assign_status_t hwcdev_try_to_assign_pipe(SUNXI_hwcdev_context_t*, SUNXI_hwcdev_pipe_t*, hwc_layer_1_t*, int, int): We use not config memory
04-24 11:09:10.280 I/hwcomposer(  110): IMG_hwcdev_pipe_assign_status_t hwcdev_try_to_assign_pipe(SUNXI_hwcdev_context_t*, SUNXI_hwcdev_pipe_t*, hwc_layer_1_t*, int, int): We use not config memory
04-24 11:09:10.300 I/qtaguid (  431): Failed write_ctrl(s 1 10011) res=-1 errno=1
04-24 11:09:10.300 W/NetworkManagementSocketTagger(  431): setKernelCountSet(10011, 1) failed with errno -1
04-24 11:09:10.330 D/gralloc (  110): ION_HEAP_CARVEOUT_MASK alloc
04-24 11:09:10.330 D/gralloc (  110): ION_HEAP_CARVEOUT_MASK alloc
04-24 11:09:10.330 I/hwcomposer(  110): IMG_hwcdev_pipe_assign_status_t hwcdev_try_to_assign_pipe(SUNXI_hwcdev_context_t*, SUNXI_hwcdev_pipe_t*, hwc_layer_1_t*, int, int): We use not config memory
04-24 11:09:10.330 I/hwcomposer(  110): IMG_hwcdev_pipe_assign_status_t hwcdev_try_to_assign_pipe(SUNXI_hwcdev_context_t*, SUNXI_hwcdev_pipe_t*, hwc_layer_1_t*, int, int): We use not config memory
04-24 11:09:10.330 I/hwcomposer(  110): IMG_hwcdev_pipe_assign_status_t hwcdev_try_to_assign_pipe(SUNXI_hwcdev_context_t*, SUNXI_hwcdev_pipe_t*, hwc_layer_1_t*, int, int): We use not config memory
04-24 11:09:10.350 I/hwcomposer(  110): IMG_hwcdev_pipe_assign_status_t hwcdev_try_to_assign_pipe(SUNXI_hwcdev_context_t*, SUNXI_hwcdev_pipe_t*, hwc_layer_1_t*, int, int): We use not config memory
04-24 11:09:10.350 I/hwcomposer(  110): IMG_hwcdev_pipe_assign_status_t hwcdev_try_to_assign_pipe(SUNXI_hwcdev_context_t*, SUNXI_hwcdev_pipe_t*, hwc_layer_1_t*, int, int): We use not config memory
04-24 11:09:10.350 I/hwcomposer(  110): IMG_hwcdev_pipe_assign_status_t hwcdev_try_to_assign_pipe(SUNXI_hwcdev_context_t*, SUNXI_hwcdev_pipe_t*, hwc_layer_1_t*, int, int): We use not config memory
04-24 11:09:10.350 D/gralloc (  110): ION_HEAP_CARVEOUT_MASK alloc
04-24 11:09:10.370 D/gralloc (  110): ION_HEAP_CARVEOUT_MASK alloc
04-24 11:09:10.400 I/hwcomposer(  110): IMG_hwcdev_pipe_assign_status_t hwcdev_try_to_assign_pipe(SUNXI_hwcdev_context_t*, SUNXI_hwcdev_pipe_t*, hwc_layer_1_t*, int, int): We use not config memory
04-24 11:09:10.400 I/hwcomposer(  110): IMG_hwcdev_pipe_assign_status_t hwcdev_try_to_assign_pipe(SUNXI_hwcdev_context_t*, SUNXI_hwcdev_pipe_t*, hwc_layer_1_t*, int, int): We use not config memory
04-24 11:09:10.400 I/hwcomposer(  110): IMG_hwcdev_pipe_assign_status_t hwcdev_try_to_assign_pipe(SUNXI_hwcdev_context_t*, SUNXI_hwcdev_pipe_t*, hwc_layer_1_t*, int, int): We use not config memory
04-24 11:09:10.440 D/gralloc (  110): ION_HEAP_CARVEOUT_MASK alloc
04-24 11:09:10.450 I/hwcomposer(  110): IMG_hwcdev_pipe_assign_status_t hwcdev_try_to_assign_pipe(SUNXI_hwcdev_context_t*, SUNXI_hwcdev_pipe_t*, hwc_layer_1_t*, int, int): We use not config memory
04-24 11:09:10.450 I/hwcomposer(  110): IMG_hwcdev_pipe_assign_status_t hwcdev_try_to_assign_pipe(SUNXI_hwcdev_context_t*, SUNXI_hwcdev_pipe_t*, hwc_layer_1_t*, int, int): We use not config memory
04-24 11:09:10.450 I/hwcomposer(  110): IMG_hwcdev_pipe_assign_status_t hwcdev_try_to_assign_pipe(SUNXI_hwcdev_context_t*, SUNXI_hwcdev_pipe_t*, hwc_layer_1_t*, int, int): We use not config memory
04-24 11:09:10.460 D/gralloc (  110): ION_HEAP_CARVEOUT_MASK alloc
04-24 11:09:10.470 I/hwcomposer(  110): IMG_hwcdev_pipe_assign_status_t hwcdev_try_to_assign_pipe(SUNXI_hwcdev_context_t*, SUNXI_hwcdev_pipe_t*, hwc_layer_1_t*, int, int): We use not config memory
04-24 11:09:10.470 I/hwcomposer(  110): IMG_hwcdev_pipe_assign_status_t hwcdev_try_to_assign_pipe(SUNXI_hwcdev_context_t*, SUNXI_hwcdev_pipe_t*, hwc_layer_1_t*, int, int): We use not config memory
04-24 11:09:10.470 I/hwcomposer(  110): IMG_hwcdev_pipe_assign_status_t hwcdev_try_to_assign_pipe(SUNXI_hwcdev_context_t*, SUNXI_hwcdev_pipe_t*, hwc_layer_1_t*, int, int): We use not config memory
04-24 11:09:10.470 D/gralloc (  110): ION_HEAP_CARVEOUT_MASK alloc
04-24 11:09:10.480 I/hwcomposer(  110): IMG_hwcdev_pipe_assign_status_t hwcdev_try_to_assign_pipe(SUNXI_hwcdev_context_t*, SUNXI_hwcdev_pipe_t*, hwc_layer_1_t*, int, int): We use not config memory
04-24 11:09:10.480 I/hwcomposer(  110): IMG_hwcdev_pipe_assign_status_t hwcdev_try_to_assign_pipe(SUNXI_hwcdev_context_t*, SUNXI_hwcdev_pipe_t*, hwc_layer_1_t*, int, int): We use not config memory
04-24 11:09:10.480 I/hwcomposer(  110): IMG_hwcdev_pipe_assign_status_t hwcdev_try_to_assign_pipe(SUNXI_hwcdev_context_t*, SUNXI_hwcdev_pipe_t*, hwc_layer_1_t*, int, int): We use not config memory
04-24 11:09:10.500 D/gralloc (  110): ION_HEAP_CARVEOUT_MASK alloc
04-24 11:09:10.500 I/hwcomposer(  110): IMG_hwcdev_pipe_assign_status_t hwcdev_try_to_assign_pipe(SUNXI_hwcdev_context_t*, SUNXI_hwcdev_pipe_t*, hwc_layer_1_t*, int, int): We use not config memory
04-24 11:09:10.500 I/hwcomposer(  110): IMG_hwcdev_pipe_assign_status_t hwcdev_try_to_assign_pipe(SUNXI_hwcdev_context_t*, SUNXI_hwcdev_pipe_t*, hwc_layer_1_t*, int, int): We use not config memory
04-24 11:09:10.500 I/hwcomposer(  110): IMG_hwcdev_pipe_assign_status_t hwcdev_try_to_assign_pipe(SUNXI_hwcdev_context_t*, SUNXI_hwcdev_pipe_t*, hwc_layer_1_t*, int, int): We use not config memory
04-24 11:09:10.500 D/gralloc (  110): ION_HEAP_CARVEOUT_MASK alloc
04-24 11:09:10.520 I/hwcomposer(  110): IMG_hwcdev_pipe_assign_status_t hwcdev_try_to_assign_pipe(SUNXI_hwcdev_context_t*, SUNXI_hwcdev_pipe_t*, hwc_layer_1_t*, int, int): We use not config memory
04-24 11:09:10.520 I/hwcomposer(  110): IMG_hwcdev_pipe_assign_status_t hwcdev_try_to_assign_pipe(SUNXI_hwcdev_context_t*, SUNXI_hwcdev_pipe_t*, hwc_layer_1_t*, int, int): We use not config memory
04-24 11:09:10.520 I/hwcomposer(  110): IMG_hwcdev_pipe_assign_status_t hwcdev_try_to_assign_pipe(SUNXI_hwcdev_context_t*, SUNXI_hwcdev_pipe_t*, hwc_layer_1_t*, int, int): We use not config memory
04-24 11:09:10.530 D/gralloc (  110): ION_HEAP_CARVEOUT_MASK alloc
04-24 11:09:10.530 I/hwcomposer(  110): IMG_hwcdev_pipe_assign_status_t hwcdev_try_to_assign_pipe(SUNXI_hwcdev_context_t*, SUNXI_hwcdev_pipe_t*, hwc_layer_1_t*, int, int): We use not config memory
04-24 11:09:10.540 I/hwcomposer(  110): IMG_hwcdev_pipe_assign_status_t hwcdev_try_to_assign_pipe(SUNXI_hwcdev_context_t*, SUNXI_hwcdev_pipe_t*, hwc_layer_1_t*, int, int): We use not config memory
04-24 11:09:10.540 I/hwcomposer(  110): IMG_hwcdev_pipe_assign_status_t hwcdev_try_to_assign_pipe(SUNXI_hwcdev_context_t*, SUNXI_hwcdev_pipe_t*, hwc_layer_1_t*, int, int): We use not config memory
04-24 11:09:10.550 D/gralloc (  110): ION_HEAP_CARVEOUT_MASK alloc
04-24 11:09:10.560 D/gralloc (  110): ION_HEAP_CARVEOUT_MASK alloc
04-24 11:09:10.580 I/hwcomposer(  110): IMG_hwcdev_pipe_assign_status_t hwcdev_try_to_assign_pipe(SUNXI_hwcdev_context_t*, SUNXI_hwcdev_pipe_t*, hwc_layer_1_t*, int, int): We use not config memory
04-24 11:09:10.580 I/hwcomposer(  110): IMG_hwcdev_pipe_assign_status_t hwcdev_try_to_assign_pipe(SUNXI_hwcdev_context_t*, SUNXI_hwcdev_pipe_t*, hwc_layer_1_t*, int, int): We use not config memory
04-24 11:09:10.590 I/hwcomposer(  110): IMG_hwcdev_pipe_assign_status_t hwcdev_try_to_assign_pipe(SUNXI_hwcdev_context_t*, SUNXI_hwcdev_pipe_t*, hwc_layer_1_t*, int, int): We use not config memory
04-24 11:09:10.590 I/hwcomposer(  110): IMG_hwcdev_pipe_assign_status_t hwcdev_try_to_assign_pipe(SUNXI_hwcdev_context_t*, SUNXI_hwcdev_pipe_t*, hwc_layer_1_t*, int, int): We use not config memory
04-24 11:09:10.610 I/qtaguid (  431): Failed write_ctrl(s 0 10077) res=-1 errno=1
04-24 11:09:10.610 W/NetworkManagementSocketTagger(  431): setKernelCountSet(10077, 0) failed with errno -1
04-24 11:09:10.620 I/hwcomposer(  110): IMG_hwcdev_pipe_assign_status_t hwcdev_try_to_assign_pipe(SUNXI_hwcdev_context_t*, SUNXI_hwcdev_pipe_t*, hwc_layer_1_t*, int, int): We use not config memory
04-24 11:09:10.620 I/hwcomposer(  110): IMG_hwcdev_pipe_assign_status_t hwcdev_try_to_assign_pipe(SUNXI_hwcdev_context_t*, SUNXI_hwcdev_pipe_t*, hwc_layer_1_t*, int, int): We use not config memory
04-24 11:09:10.640 I/hwcomposer(  110): IMG_hwcdev_pipe_assign_status_t hwcdev_try_to_assign_pipe(SUNXI_hwcdev_context_t*, SUNXI_hwcdev_pipe_t*, hwc_layer_1_t*, int, int): We use not config memory
04-24 11:09:10.640 I/hwcomposer(  110): IMG_hwcdev_pipe_assign_status_t hwcdev_try_to_assign_pipe(SUNXI_hwcdev_context_t*, SUNXI_hwcdev_pipe_t*, hwc_layer_1_t*, int, int): We use not config memory
04-24 11:09:10.640 I/WindowManager(  431): Screen frozen for +506ms due to Window{41cdf590 u0 com.android.systemui.ImageWallpaper}
04-24 11:09:10.650 I/hwcomposer(  110): IMG_hwcdev_pipe_assign_status_t hwcdev_try_to_assign_pipe(SUNXI_hwcdev_context_t*, SUNXI_hwcdev_pipe_t*, hwc_layer_1_t*, int, int): We use not config memory
04-24 11:09:10.650 I/hwcomposer(  110): IMG_hwcdev_pipe_assign_status_t hwcdev_try_to_assign_pipe(SUNXI_hwcdev_context_t*, SUNXI_hwcdev_pipe_t*, hwc_layer_1_t*, int, int): We use not config memory
04-24 11:09:10.670 I/hwcomposer(  110): IMG_hwcdev_pipe_assign_status_t hwcdev_try_to_assign_pipe(SUNXI_hwcdev_context_t*, SUNXI_hwcdev_pipe_t*, hwc_layer_1_t*, int, int): We use not config memory
04-24 11:09:10.670 I/hwcomposer(  110): IMG_hwcdev_pipe_assign_status_t hwcdev_try_to_assign_pipe(SUNXI_hwcdev_context_t*, SUNXI_hwcdev_pipe_t*, hwc_layer_1_t*, int, int): We use not config memory
04-24 11:09:10.670 I/hwcomposer(  110): IMG_hwcdev_pipe_assign_status_t hwcdev_try_to_assign_pipe(SUNXI_hwcdev_context_t*, SUNXI_hwcdev_pipe_t*, hwc_layer_1_t*, int, int): We use not config memory
04-24 11:09:10.940 D/gralloc (  110): ION_HEAP_CARVEOUT_MASK alloc
04-24 11:09:11.130 W/InteractionController( 1540): runAndwaitForEvent timedout waiting for events
04-24 11:09:11.720 I/wpa_supplicant(  639): [CTRL_IFACE]wlan0: SIGNAL_POLL
