04-23 14:11:37.090 I/PowerManagerService(  452): Going to sleep by user request...
04-23 14:11:49.060 I/PowerManagerService(  452): Waking up from sleep...
04-23 14:11:49.070 I/WindowManager(  452): No lock screen! windowToken=null
04-23 14:11:49.070 W/ContextImpl( 1762): Calling a method in the system process without a qualified user: android.app.ContextImpl.sendBroadcast:1123 android.content.ContextWrapper.sendBroadcast:365 android.content.ContextWrapper.sendBroadcast:365 com.allwinnertech.sleepandwakeupclock.AlarmReceiver.onReceive:30 android.app.ActivityThread.handleReceiver:2419 
04-23 14:11:49.080 D/PowerManagerService(  452): mHoldBootFastWakeLock = true
04-23 14:11:59.050 D/PowerManagerService(  452): mHoldBootFastWakeLock = true
04-23 14:11:59.120 I/PowerManagerService(  452): Going to sleep by user request...
04-23 14:12:10.050 I/PowerManagerService(  452): Waking up from sleep...
04-23 14:12:10.050 I/WindowManager(  452): No lock screen! windowToken=null
04-23 14:12:10.070 W/ContextImpl( 1762): Calling a method in the system process without a qualified user: android.app.ContextImpl.sendBroadcast:1123 android.content.ContextWrapper.sendBroadcast:365 android.content.ContextWrapper.sendBroadcast:365 com.allwinnertech.sleepandwakeupclock.AlarmReceiver.onReceive:30 android.app.ActivityThread.handleReceiver:2419 
04-23 14:12:20.140 I/PowerManagerService(  452): Going to sleep by user request...
04-23 14:12:31.050 I/PowerManagerService(  452): Waking up from sleep...
04-23 14:12:31.050 D/PowerManagerService(  452): mHoldBootFastWakeLock = true
04-23 14:12:31.070 I/WindowManager(  452): No lock screen! windowToken=null
04-23 14:12:31.070 W/ContextImpl( 1762): Calling a method in the system process without a qualified user: android.app.ContextImpl.sendBroadcast:1123 android.content.ContextWrapper.sendBroadcast:365 android.content.ContextWrapper.sendBroadcast:365 com.allwinnertech.sleepandwakeupclock.AlarmReceiver.onReceive:30 android.app.ActivityThread.handleReceiver:2419 
04-23 14:12:41.050 D/PowerManagerService(  452): mHoldBootFastWakeLock = true
04-23 14:12:41.120 I/PowerManagerService(  452): Going to sleep by user request...
04-23 14:12:53.060 I/PowerManagerService(  452): Waking up from sleep...
04-23 14:12:53.080 W/ContextImpl( 1762): Calling a method in the system process without a qualified user: android.app.ContextImpl.sendBroadcast:1123 android.content.ContextWrapper.sendBroadcast:365 android.content.ContextWrapper.sendBroadcast:365 com.allwinnertech.sleepandwakeupclock.AlarmReceiver.onReceive:30 android.app.ActivityThread.handleReceiver:2419 
04-23 14:12:53.080 D/PowerManagerService(  452): mHoldBootFastWakeLock = true
04-23 14:12:53.090 I/WindowManager(  452): No lock screen! windowToken=null
04-23 14:13:03.050 D/PowerManagerService(  452): mHoldBootFastWakeLock = true
04-23 14:13:03.110 I/PowerManagerService(  452): Going to sleep by user request...
04-23 14:13:14.140 I/PowerManagerService(  452): Waking up from sleep...
04-23 14:13:14.140 W/ContextImpl( 1762): Calling a method in the system process without a qualified user: android.app.ContextImpl.sendBroadcast:1123 android.content.ContextWrapper.sendBroadcast:365 android.content.ContextWrapper.sendBroadcast:365 com.allwinnertech.sleepandwakeupclock.AlarmReceiver.onReceive:30 android.app.ActivityThread.handleReceiver:2419 
04-23 14:13:14.160 D/PowerManagerService(  452): mHoldBootFastWakeLock = true
04-23 14:13:14.180 I/WindowManager(  452): No lock screen! windowToken=null
04-23 14:13:24.010 D/PowerManagerService(  452): mHoldBootFastWakeLock = true
04-23 14:13:24.340 I/PowerManagerService(  452): Going to sleep by user request...
04-23 14:13:30.060 D/PowerManagerService(  452): mHoldBootFastWakeLock = true
04-23 14:13:30.100 D/ConnectivityService(  452): ConnectivityChange for WIFI: DISCONNECTED/DISCONNECTED
04-23 14:13:30.100 D/ConnectivityService(  452): tryFailover: set mActiveDefaultNetwork=-1, prevNetType=1
04-23 14:13:30.100 D/ConnectivityService(  452): Attempting to switch to mobile
04-23 14:13:30.100 D/ConnectivityService(  452): Attempting to switch to BLUETOOTH_TETHER
04-23 14:13:30.100 D/EthernetDataTracker(  452): ConnectNetwork: Up is true, mLinkUp is false, On is false, mIface 
04-23 14:13:30.100 D/ConnectivityService(  452): Attempting to switch to ETHERNET
04-23 14:13:30.110 D/ConnectivityService(  452): resetConnections(wlan0, 3)
04-23 14:13:30.160 D/Nat464Xlat(  452): requiresClat: netType=1, hasIPv4Address=false
04-23 14:13:30.160 D/ConnectivityService(  452): ConnectivityChange for WIFI: DISCONNECTED/DISCONNECTED
04-23 14:13:30.190 D/ConnectivityService(  452): Attempting to switch to mobile
04-23 14:13:30.190 D/ConnectivityService(  452): Attempting to switch to BLUETOOTH_TETHER
04-23 14:13:30.190 D/EthernetDataTracker(  452): ConnectNetwork: Up is true, mLinkUp is false, On is false, mIface 
04-23 14:13:30.190 D/ConnectivityService(  452): Attempting to switch to ETHERNET
04-23 14:13:30.190 D/Nat464Xlat(  452): requiresClat: netType=1, hasIPv4Address=false
04-23 14:13:30.230 D/ConnectivityService(  452): handleInetConditionChange: no active default network - ignore
04-23 14:13:32.780 D/ConnectivityService(  452): Captive portal check NetworkInfo: type: WIFI[], state: CONNECTING/CAPTIVE_PORTAL_CHECK, reason: (unspecified), extra: "XP-3f", roaming: false, failover: false, isAvailable: true, isConnectedToProvisioningNetwork: false
04-23 14:13:32.780 D/ConnectivityService(  452): handleCaptivePortalTrackerCheck: call captivePortalCheckComplete ni=NetworkInfo: type: WIFI[], state: CONNECTING/CAPTIVE_PORTAL_CHECK, reason: (unspecified), extra: "XP-3f", roaming: false, failover: false, isAvailable: true, isConnectedToProvisioningNetwork: false
04-23 14:13:32.780 D/ConnectivityService(  452): Captive portal check NetworkInfo: type: WIFI[], state: CONNECTING/CAPTIVE_PORTAL_CHECK, reason: (unspecified), extra: "XP-3f", roaming: false, failover: false, isAvailable: true, isConnectedToProvisioningNetwork: false
04-23 14:13:32.790 D/ConnectivityService(  452): handleCaptivePortalTrackerCheck: call captivePortalCheckComplete ni=NetworkInfo: type: WIFI[], state: CONNECTING/CAPTIVE_PORTAL_CHECK, reason: (unspecified), extra: "XP-3f", roaming: false, failover: false, isAvailable: true, isConnectedToProvisioningNetwork: false
04-23 14:13:32.800 D/ConnectivityService(  452): ConnectivityChange for WIFI: CONNECTED/CONNECTED
04-23 14:13:32.810 E/ConnectivityService(  452): Unexpected mtu value: android.net.wifi.WifiStateTracker@42240148
04-23 14:13:32.820 D/Nat464Xlat(  452): requiresClat: netType=1, hasIPv4Address=true
04-23 14:13:32.820 D/ConnectivityService(  452): ConnectivityChange for WIFI: CONNECTED/CONNECTED
04-23 14:13:32.840 E/ConnectivityService(  452): Unexpected mtu value: android.net.wifi.WifiStateTracker@42240148
04-23 14:13:32.850 D/ConnectivityService(  452): handleConnectivityChange: address are the same reset per doReset linkProperty[1]: resetMask=0
04-23 14:13:32.850 D/Nat464Xlat(  452): requiresClat: netType=1, hasIPv4Address=true
04-23 14:13:33.210 D/ConnectivityService(  452): setProvNotificationVisible: E visible=false networkType=1 extraInfo=null url=null
04-23 14:13:33.810 D/ConnectivityService(  452): NetTransition Wakelock for ConnectedState released by timeout
04-23 14:13:34.360 I/PowerManagerService(  452): Waking up from sleep...
04-23 14:13:34.370 W/ContextImpl( 1762): Calling a method in the system process without a qualified user: android.app.ContextImpl.sendBroadcast:1123 android.content.ContextWrapper.sendBroadcast:365 android.content.ContextWrapper.sendBroadcast:365 com.allwinnertech.sleepandwakeupclock.AlarmReceiver.onReceive:30 android.app.ActivityThread.handleReceiver:2419 
04-23 14:13:34.370 I/WindowManager(  452): No lock screen! windowToken=null
04-23 14:13:34.530 D/ConnectivityService(  452): handleConnectivityChange: addresses changed linkProperty[1]: resetMask=0
04-23 14:13:34.530 D/ConnectivityService(  452):    car=removed=[] added=[fe80::222:f4ff:fef9:1147/64,]
04-23 14:13:34.530 D/Nat464Xlat(  452): requiresClat: netType=1, hasIPv4Address=true
04-23 14:13:34.550 D/ConnectivityService(  452): handleConnectivityChange: address are the same reset per doReset linkProperty[1]: resetMask=0
04-23 14:13:34.550 D/Nat464Xlat(  452): requiresClat: netType=1, hasIPv4Address=true
04-23 14:13:40.020 D/PowerManagerService(  452): mHoldBootFastWakeLock = true
04-23 14:13:40.090 D/ConnectivityService(  452): handleInetConditionHoldEnd: net=1, condition=100, published condition=0
04-23 14:13:44.460 I/PowerManagerService(  452): Going to sleep by user request...
04-23 14:13:44.590 W/ProcessCpuTracker(  452): Skipping unknown process pid 29654
04-23 14:13:51.040 D/ConnectivityService(  452): setProvNotificationVisible: E visible=false networkType=1 extraInfo=null url=null
04-23 14:13:51.060 D/PowerManagerService(  452): mHoldBootFastWakeLock = true
04-23 14:13:54.510 I/PowerManagerService(  452): Waking up from sleep...
04-23 14:13:54.540 I/WindowManager(  452): No lock screen! windowToken=null
04-23 14:13:54.560 W/ContextImpl( 1762): Calling a method in the system process without a qualified user: android.app.ContextImpl.sendBroadcast:1123 android.content.ContextWrapper.sendBroadcast:365 android.content.ContextWrapper.sendBroadcast:365 com.allwinnertech.sleepandwakeupclock.AlarmReceiver.onReceive:30 android.app.ActivityThread.handleReceiver:2419 
04-23 14:13:56.970 W/ContextImpl(  452): Calling a method in the system process without a qualified user: android.app.ContextImpl.sendBroadcast:1137 android.net.CaptivePortalTracker.sendNetworkConditionsBroadcast:507 android.net.CaptivePortalTracker.isCaptivePortal:399 android.net.CaptivePortalTracker.access$2600:60 android.net.CaptivePortalTracker$DelayedCaptiveCheckState.processMessage:283 
04-23 14:13:56.980 D/ConnectivityService(  452): captivePortalCheckCompleted: ni=NetworkInfo: type: WIFI[], state: CONNECTED/CONNECTED, reason: (unspecified), extra: "XP-3f", roaming: false, failover: false, isAvailable: true, isConnectedToProvisioningNetwork: false captive=false
04-23 14:14:01.030 D/PowerManagerService(  452): mHoldBootFastWakeLock = true
04-23 14:14:04.730 I/PowerManagerService(  452): Going to sleep by user request...
04-23 14:14:16.080 D/PowerManagerService(  452): mHoldBootFastWakeLock = true
04-23 14:14:16.090 I/PowerManagerService(  452): Waking up from sleep...
04-23 14:14:16.110 I/WindowManager(  452): No lock screen! windowToken=null
04-23 14:14:16.120 W/ContextImpl( 1762): Calling a method in the system process without a qualified user: android.app.ContextImpl.sendBroadcast:1123 android.content.ContextWrapper.sendBroadcast:365 android.content.ContextWrapper.sendBroadcast:365 com.allwinnertech.sleepandwakeupclock.AlarmReceiver.onReceive:30 android.app.ActivityThread.handleReceiver:2419 
04-23 14:14:26.060 D/PowerManagerService(  452): mHoldBootFastWakeLock = true
04-23 14:14:26.210 I/PowerManagerService(  452): Going to sleep by user request...
04-23 14:14:37.050 D/PowerManagerService(  452): mHoldBootFastWakeLock = true
04-23 14:14:37.050 I/PowerManagerService(  452): Waking up from sleep...
04-23 14:14:37.060 W/ContextImpl( 1762): Calling a method in the system process without a qualified user: android.app.ContextImpl.sendBroadcast:1123 android.content.ContextWrapper.sendBroadcast:365 android.content.ContextWrapper.sendBroadcast:365 com.allwinnertech.sleepandwakeupclock.AlarmReceiver.onReceive:30 android.app.ActivityThread.handleReceiver:2419 
04-23 14:14:37.060 I/WindowManager(  452): No lock screen! windowToken=null
04-23 14:14:47.030 D/PowerManagerService(  452): mHoldBootFastWakeLock = true
04-23 14:14:47.120 I/PowerManagerService(  452): Going to sleep by user request...
04-23 14:14:58.040 D/PowerManagerService(  452): mHoldBootFastWakeLock = true
04-23 14:14:58.050 I/PowerManagerService(  452): Waking up from sleep...
04-23 14:14:58.060 I/WindowManager(  452): No lock screen! windowToken=null
04-23 14:14:58.080 W/ContextImpl( 1762): Calling a method in the system process without a qualified user: android.app.ContextImpl.sendBroadcast:1123 android.content.ContextWrapper.sendBroadcast:365 android.content.ContextWrapper.sendBroadcast:365 com.allwinnertech.sleepandwakeupclock.AlarmReceiver.onReceive:30 android.app.ActivityThread.handleReceiver:2419 
04-23 14:15:08.060 D/PowerManagerService(  452): mHoldBootFastWakeLock = true
04-23 14:15:08.110 I/PowerManagerService(  452): Going to sleep by user request...
04-23 14:15:13.060 D/PowerManagerService(  452): mHoldBootFastWakeLock = true
04-23 14:15:13.090 D/ConnectivityService(  452): ConnectivityChange for WIFI: DISCONNECTED/DISCONNECTED
04-23 14:15:13.090 D/ConnectivityService(  452): tryFailover: set mActiveDefaultNetwork=-1, prevNetType=1
04-23 14:15:13.090 D/ConnectivityService(  452): Attempting to switch to mobile
04-23 14:15:13.090 D/ConnectivityService(  452): Attempting to switch to BLUETOOTH_TETHER
04-23 14:15:13.090 D/EthernetDataTracker(  452): ConnectNetwork: Up is true, mLinkUp is false, On is false, mIface 
04-23 14:15:13.090 D/ConnectivityService(  452): Attempting to switch to ETHERNET
04-23 14:15:13.110 D/ConnectivityService(  452): resetConnections(wlan0, 3)
04-23 14:15:13.160 D/Nat464Xlat(  452): requiresClat: netType=1, hasIPv4Address=false
04-23 14:15:13.160 D/ConnectivityService(  452): ConnectivityChange for WIFI: DISCONNECTED/DISCONNECTED
04-23 14:15:13.200 D/ConnectivityService(  452): Attempting to switch to mobile
04-23 14:15:13.200 D/ConnectivityService(  452): Attempting to switch to BLUETOOTH_TETHER
04-23 14:15:13.200 D/EthernetDataTracker(  452): ConnectNetwork: Up is true, mLinkUp is false, On is false, mIface 
04-23 14:15:13.200 D/ConnectivityService(  452): Attempting to switch to ETHERNET
04-23 14:15:13.200 D/Nat464Xlat(  452): requiresClat: netType=1, hasIPv4Address=false
04-23 14:15:13.230 D/ConnectivityService(  452): handleInetConditionChange: no active default network - ignore
04-23 14:15:15.890 D/ConnectivityService(  452): Captive portal check NetworkInfo: type: WIFI[], state: CONNECTING/CAPTIVE_PORTAL_CHECK, reason: (unspecified), extra: "XP-3f", roaming: false, failover: false, isAvailable: true, isConnectedToProvisioningNetwork: false
04-23 14:15:15.890 D/ConnectivityService(  452): handleCaptivePortalTrackerCheck: call captivePortalCheckComplete ni=NetworkInfo: type: WIFI[], state: CONNECTING/CAPTIVE_PORTAL_CHECK, reason: (unspecified), extra: "XP-3f", roaming: false, failover: false, isAvailable: true, isConnectedToProvisioningNetwork: false
04-23 14:15:15.890 D/ConnectivityService(  452): Captive portal check NetworkInfo: type: WIFI[], state: CONNECTING/CAPTIVE_PORTAL_CHECK, reason: (unspecified), extra: "XP-3f", roaming: false, failover: false, isAvailable: true, isConnectedToProvisioningNetwork: false
04-23 14:15:15.890 D/ConnectivityService(  452): handleCaptivePortalTrackerCheck: call captivePortalCheckComplete ni=NetworkInfo: type: WIFI[], state: CONNECTING/CAPTIVE_PORTAL_CHECK, reason: (unspecified), extra: "XP-3f", roaming: false, failover: false, isAvailable: true, isConnectedToProvisioningNetwork: false
04-23 14:15:15.900 D/ConnectivityService(  452): ConnectivityChange for WIFI: CONNECTED/CONNECTED
04-23 14:15:15.910 E/ConnectivityService(  452): Unexpected mtu value: android.net.wifi.WifiStateTracker@42240148
04-23 14:15:15.930 D/Nat464Xlat(  452): requiresClat: netType=1, hasIPv4Address=true
04-23 14:15:15.940 D/ConnectivityService(  452): ConnectivityChange for WIFI: CONNECTED/CONNECTED
04-23 14:15:15.960 E/ConnectivityService(  452): Unexpected mtu value: android.net.wifi.WifiStateTracker@42240148
04-23 14:15:15.970 D/ConnectivityService(  452): handleConnectivityChange: address are the same reset per doReset linkProperty[1]: resetMask=0
04-23 14:15:15.970 D/Nat464Xlat(  452): requiresClat: netType=1, hasIPv4Address=true
04-23 14:15:16.220 D/ConnectivityService(  452): setProvNotificationVisible: E visible=false networkType=1 extraInfo=null url=null
04-23 14:15:16.920 D/ConnectivityService(  452): NetTransition Wakelock for ConnectedState released by timeout
04-23 14:15:16.990 D/ConnectivityService(  452): handleConnectivityChange: addresses changed linkProperty[1]: resetMask=0
04-23 14:15:16.990 D/ConnectivityService(  452):    car=removed=[] added=[fe80::222:f4ff:fef9:1147/64,]
04-23 14:15:17.010 D/Nat464Xlat(  452): requiresClat: netType=1, hasIPv4Address=true
04-23 14:15:17.040 D/ConnectivityService(  452): handleConnectivityChange: address are the same reset per doReset linkProperty[1]: resetMask=0
04-23 14:15:17.040 D/Nat464Xlat(  452): requiresClat: netType=1, hasIPv4Address=true
04-23 14:15:18.170 I/PowerManagerService(  452): Waking up from sleep...
04-23 14:15:18.180 W/ContextImpl( 1762): Calling a method in the system process without a qualified user: android.app.ContextImpl.sendBroadcast:1123 android.content.ContextWrapper.sendBroadcast:365 android.content.ContextWrapper.sendBroadcast:365 com.allwinnertech.sleepandwakeupclock.AlarmReceiver.onReceive:30 android.app.ActivityThread.handleReceiver:2419 
04-23 14:15:18.180 I/WindowManager(  452): No lock screen! windowToken=null
04-23 14:15:23.020 D/PowerManagerService(  452): mHoldBootFastWakeLock = true
04-23 14:15:23.090 D/ConnectivityService(  452): handleInetConditionHoldEnd: net=1, condition=100, published condition=0
04-23 14:15:28.240 I/PowerManagerService(  452): Going to sleep by user request...
04-23 14:15:29.000 D/ConnectivityService(  452): setProvNotificationVisible: E visible=false networkType=1 extraInfo=null url=null
04-23 14:15:34.050 D/PowerManagerService(  452): mHoldBootFastWakeLock = true
04-23 14:15:36.030 I/ActivityManager(  452): Start proc com.google.android.apps.uploader for broadcast com.google.android.apps.uploader/com.google.android.picasasync.BatteryReceiver: pid=29784 uid=10047 gids={50047, 3003, 1028, 1015}
04-23 14:15:36.030 D/PowerManagerService(  452): mHoldBootFastWakeLock = true
04-23 14:15:36.030 I/PowerManagerService(  452): Waking up from sleep...
04-23 14:15:36.050 I/WindowManager(  452): No lock screen! windowToken=null
04-23 14:15:36.340 I/ActivityManager(  452): Killing 1399:com.android.providers.calendar/u0a1 (adj 15): empty for 4919s
04-23 14:15:38.300 W/ContextImpl( 1762): Calling a method in the system process without a qualified user: android.app.ContextImpl.sendBroadcast:1123 android.content.ContextWrapper.sendBroadcast:365 android.content.ContextWrapper.sendBroadcast:365 com.allwinnertech.sleepandwakeupclock.AlarmReceiver.onReceive:30 android.app.ActivityThread.handleReceiver:2419 
04-23 14:15:39.250 W/ContextImpl(  452): Calling a method in the system process without a qualified user: android.app.ContextImpl.sendBroadcast:1137 android.net.CaptivePortalTracker.sendNetworkConditionsBroadcast:507 android.net.CaptivePortalTracker.isCaptivePortal:399 android.net.CaptivePortalTracker.access$2600:60 android.net.CaptivePortalTracker$DelayedCaptiveCheckState.processMessage:283 
04-23 14:15:39.260 D/ConnectivityService(  452): captivePortalCheckCompleted: ni=NetworkInfo: type: WIFI[], state: CONNECTED/CONNECTED, reason: (unspecified), extra: "XP-3f", roaming: false, failover: false, isAvailable: true, isConnectedToProvisioningNetwork: false captive=false
04-23 14:15:44.530 I/ActivityManager(  452): START u0 {act=android.intent.action.MAIN cat=[android.intent.category.HOME] flg=0x10200000 cmp=com.android.launcher/com.android.launcher2.Launcher} from pid 452
04-23 14:15:44.740 I/ActivityManager(  452): Config changes=480 {1.0 ?mcc?mnc zh_CN ldltr sw600dp w600dp h951dp 160dpi lrg port finger -keyb/v/h -nav/h s.7}
04-23 14:15:45.080 I/WindowManager(  452): Screen frozen for +390ms due to Window{42332b90 u0 StatusBar}
04-23 14:15:48.320 I/PowerManagerService(  452): Going to sleep by user request...
04-23 14:15:51.170 I/PowerManagerService(  452): Waking up from sleep...
04-23 14:15:51.200 I/WindowManager(  452): No lock screen! windowToken=null
04-23 14:15:51.240 D/PowerManagerService(  452): mHoldBootFastWakeLock = false
04-23 14:15:58.370 W/ContextImpl( 1762): Calling a method in the system process without a qualified user: android.app.ContextImpl.sendBroadcast:1123 android.content.ContextWrapper.sendBroadcast:365 android.content.ContextWrapper.sendBroadcast:365 com.allwinnertech.sleepandwakeupclock.AlarmReceiver.onReceive:30 android.app.ActivityThread.handleReceiver:2419 
04-23 14:16:08.430 I/PowerManagerService(  452): Going to sleep by user request...
04-23 14:16:21.050 D/PowerManagerService(  452): mHoldBootFastWakeLock = false
04-23 14:16:21.050 I/PowerManagerService(  452): Waking up from sleep...
04-23 14:16:21.050 W/ContextImpl( 1762): Calling a method in the system process without a qualified user: android.app.ContextImpl.sendBroadcast:1123 android.content.ContextWrapper.sendBroadcast:365 android.content.ContextWrapper.sendBroadcast:365 com.allwinnertech.sleepandwakeupclock.AlarmReceiver.onReceive:30 android.app.ActivityThread.handleReceiver:2419 
04-23 14:16:21.080 I/WindowManager(  452): No lock screen! windowToken=null
04-23 14:16:31.210 I/PowerManagerService(  452): Going to sleep by user request...
04-23 14:16:42.090 D/PowerManagerService(  452): mHoldBootFastWakeLock = false
04-23 14:16:42.100 I/PowerManagerService(  452): Waking up from sleep...
04-23 14:16:42.100 W/ContextImpl( 1762): Calling a method in the system process without a qualified user: android.app.ContextImpl.sendBroadcast:1123 android.content.ContextWrapper.sendBroadcast:365 android.content.ContextWrapper.sendBroadcast:365 com.allwinnertech.sleepandwakeupclock.AlarmReceiver.onReceive:30 android.app.ActivityThread.handleReceiver:2419 
04-23 14:16:42.130 I/WindowManager(  452): No lock screen! windowToken=null
04-23 14:16:52.150 I/PowerManagerService(  452): Going to sleep by user request...
04-23 14:17:03.060 D/PowerManagerService(  452): mHoldBootFastWakeLock = false
04-23 14:17:03.070 I/PowerManagerService(  452): Waking up from sleep...
04-23 14:17:03.100 I/WindowManager(  452): No lock screen! windowToken=null
04-23 14:17:03.130 W/ContextImpl( 1762): Calling a method in the system process without a qualified user: android.app.ContextImpl.sendBroadcast:1123 android.content.ContextWrapper.sendBroadcast:365 android.content.ContextWrapper.sendBroadcast:365 com.allwinnertech.sleepandwakeupclock.AlarmReceiver.onReceive:30 android.app.ActivityThread.handleReceiver:2419 
04-23 14:17:13.290 I/PowerManagerService(  452): Going to sleep by user request...
04-23 14:17:24.170 I/PowerManagerService(  452): Waking up from sleep...
04-23 14:17:24.180 I/WindowManager(  452): No lock screen! windowToken=null
04-23 14:17:24.340 W/ContextImpl( 1762): Calling a method in the system process without a qualified user: android.app.ContextImpl.sendBroadcast:1123 android.content.ContextWrapper.sendBroadcast:365 android.content.ContextWrapper.sendBroadcast:365 com.allwinnertech.sleepandwakeupclock.AlarmReceiver.onReceive:30 android.app.ActivityThread.handleReceiver:2419 
04-23 14:17:34.410 I/PowerManagerService(  452): Going to sleep by user request...
04-23 14:17:45.050 D/PowerManagerService(  452): mHoldBootFastWakeLock = false
04-23 14:17:45.060 I/PowerManagerService(  452): Waking up from sleep...
04-23 14:17:45.060 W/ContextImpl( 1762): Calling a method in the system process without a qualified user: android.app.ContextImpl.sendBroadcast:1123 android.content.ContextWrapper.sendBroadcast:365 android.content.ContextWrapper.sendBroadcast:365 com.allwinnertech.sleepandwakeupclock.AlarmReceiver.onReceive:30 android.app.ActivityThread.handleReceiver:2419 
04-23 14:17:45.080 I/WindowManager(  452): No lock screen! windowToken=null
04-23 14:17:48.510 W/ProcessCpuTracker(  452): Skipping unknown process pid 29895
04-23 14:17:55.210 I/PowerManagerService(  452): Going to sleep by user request...
04-23 14:18:03.150 D/PowerManagerService(  452): mHoldBootFastWakeLock = false
04-23 14:18:05.180 I/PowerManagerService(  452): Waking up from sleep...
04-23 14:18:05.190 I/WindowManager(  452): No lock screen! windowToken=null
04-23 14:18:05.220 W/ContextImpl( 1762): Calling a method in the system process without a qualified user: android.app.ContextImpl.sendBroadcast:1123 android.content.ContextWrapper.sendBroadcast:365 android.content.ContextWrapper.sendBroadcast:365 com.allwinnertech.sleepandwakeupclock.AlarmReceiver.onReceive:30 android.app.ActivityThread.handleReceiver:2419 
04-23 14:18:15.480 I/PowerManagerService(  452): Going to sleep by user request...
04-23 14:18:27.060 D/PowerManagerService(  452): mHoldBootFastWakeLock = false
04-23 14:18:27.060 I/PowerManagerService(  452): Waking up from sleep...
04-23 14:18:27.100 I/WindowManager(  452): No lock screen! windowToken=null
04-23 14:18:27.110 W/ContextImpl( 1762): Calling a method in the system process without a qualified user: android.app.ContextImpl.sendBroadcast:1123 android.content.ContextWrapper.sendBroadcast:365 android.content.ContextWrapper.sendBroadcast:365 com.allwinnertech.sleepandwakeupclock.AlarmReceiver.onReceive:30 android.app.ActivityThread.handleReceiver:2419 
04-23 14:18:37.280 I/PowerManagerService(  452): Going to sleep by user request...
04-23 14:18:48.080 D/PowerManagerService(  452): mHoldBootFastWakeLock = false
04-23 14:18:48.100 I/PowerManagerService(  452): Waking up from sleep...
04-23 14:18:48.130 I/WindowManager(  452): No lock screen! windowToken=null
04-23 14:18:48.160 W/ContextImpl( 1762): Calling a method in the system process without a qualified user: android.app.ContextImpl.sendBroadcast:1123 android.content.ContextWrapper.sendBroadcast:365 android.content.ContextWrapper.sendBroadcast:365 com.allwinnertech.sleepandwakeupclock.AlarmReceiver.onReceive:30 android.app.ActivityThread.handleReceiver:2419 
04-23 14:18:58.340 I/PowerManagerService(  452): Going to sleep by user request...
04-23 14:19:00.620 D/PowerManagerService(  452): mHoldBootFastWakeLock = false
04-23 14:19:08.350 I/PowerManagerService(  452): Waking up from sleep...
04-23 14:19:08.360 I/WindowManager(  452): No lock screen! windowToken=null
04-23 14:19:08.570 W/ContextImpl( 1762): Calling a method in the system process without a qualified user: android.app.ContextImpl.sendBroadcast:1123 android.content.ContextWrapper.sendBroadcast:365 android.content.ContextWrapper.sendBroadcast:365 com.allwinnertech.sleepandwakeupclock.AlarmReceiver.onReceive:30 android.app.ActivityThread.handleReceiver:2419 
04-23 14:19:18.720 I/PowerManagerService(  452): Going to sleep by user request...
04-23 14:19:29.060 D/PowerManagerService(  452): mHoldBootFastWakeLock = false
04-23 14:19:29.070 I/PowerManagerService(  452): Waking up from sleep...
04-23 14:19:29.070 I/WindowManager(  452): No lock screen! windowToken=null
04-23 14:19:29.200 W/ContextImpl( 1762): Calling a method in the system process without a qualified user: android.app.ContextImpl.sendBroadcast:1123 android.content.ContextWrapper.sendBroadcast:365 android.content.ContextWrapper.sendBroadcast:365 com.allwinnertech.sleepandwakeupclock.AlarmReceiver.onReceive:30 android.app.ActivityThread.handleReceiver:2419 
04-23 14:19:39.270 I/PowerManagerService(  452): Going to sleep by user request...
04-23 14:19:50.060 D/PowerManagerService(  452): mHoldBootFastWakeLock = false
04-23 14:19:50.060 I/PowerManagerService(  452): Waking up from sleep...
04-23 14:19:50.090 I/WindowManager(  452): No lock screen! windowToken=null
04-23 14:19:50.240 W/ContextImpl( 1762): Calling a method in the system process without a qualified user: android.app.ContextImpl.sendBroadcast:1123 android.content.ContextWrapper.sendBroadcast:365 android.content.ContextWrapper.sendBroadcast:365 com.allwinnertech.sleepandwakeupclock.AlarmReceiver.onReceive:30 android.app.ActivityThread.handleReceiver:2419 
04-23 14:20:00.340 I/PowerManagerService(  452): Going to sleep by user request...
04-23 14:20:11.040 I/PowerManagerService(  452): Waking up from sleep...
04-23 14:20:11.070 W/ContextImpl( 1762): Calling a method in the system process without a qualified user: android.app.ContextImpl.sendBroadcast:1123 android.content.ContextWrapper.sendBroadcast:365 android.content.ContextWrapper.sendBroadcast:365 com.allwinnertech.sleepandwakeupclock.AlarmReceiver.onReceive:30 android.app.ActivityThread.handleReceiver:2419 
04-23 14:20:11.070 I/WindowManager(  452): No lock screen! windowToken=null
04-23 14:20:21.130 I/PowerManagerService(  452): Going to sleep by user request...
04-23 14:20:32.040 I/PowerManagerService(  452): Waking up from sleep...
04-23 14:20:32.050 I/WindowManager(  452): No lock screen! windowToken=null
04-23 14:20:32.080 W/ContextImpl( 1762): Calling a method in the system process without a qualified user: android.app.ContextImpl.sendBroadcast:1123 android.content.ContextWrapper.sendBroadcast:365 android.content.ContextWrapper.sendBroadcast:365 com.allwinnertech.sleepandwakeupclock.AlarmReceiver.onReceive:30 android.app.ActivityThread.handleReceiver:2419 
04-23 14:20:37.860 W/InputMethodManagerService(  452): Window already focused, ignoring focus gain of: com.android.internal.view.IInputMethodClient$Stub$Proxy@42429190 attribute=android.view.inputmethod.EditorInfo@424b3a48, token = android.os.BinderProxy@42395bc0
04-23 14:20:42.330 I/PowerManagerService(  452): Going to sleep by user request...
04-23 14:20:54.090 D/PowerManagerService(  452): mHoldBootFastWakeLock = false
04-23 14:20:54.100 I/PowerManagerService(  452): Waking up from sleep...
04-23 14:20:54.110 W/ContextImpl( 1762): Calling a method in the system process without a qualified user: android.app.ContextImpl.sendBroadcast:1123 android.content.ContextWrapper.sendBroadcast:365 android.content.ContextWrapper.sendBroadcast:365 com.allwinnertech.sleepandwakeupclock.AlarmReceiver.onReceive:30 android.app.ActivityThread.handleReceiver:2419 
04-23 14:20:54.130 I/WindowManager(  452): No lock screen! windowToken=null
04-23 14:21:04.310 I/PowerManagerService(  452): Going to sleep by user request...
04-23 14:21:16.140 D/PowerManagerService(  452): mHoldBootFastWakeLock = false
04-23 14:21:16.150 I/PowerManagerService(  452): Waking up from sleep...
04-23 14:21:16.160 I/WindowManager(  452): No lock screen! windowToken=null
04-23 14:21:16.240 W/ContextImpl( 1762): Calling a method in the system process without a qualified user: android.app.ContextImpl.sendBroadcast:1123 android.content.ContextWrapper.sendBroadcast:365 android.content.ContextWrapper.sendBroadcast:365 com.allwinnertech.sleepandwakeupclock.AlarmReceiver.onReceive:30 android.app.ActivityThread.handleReceiver:2419 
04-23 14:21:26.370 I/PowerManagerService(  452): Going to sleep by user request...
04-23 14:21:37.050 D/PowerManagerService(  452): mHoldBootFastWakeLock = false
04-23 14:21:37.070 I/PowerManagerService(  452): Waking up from sleep...
04-23 14:21:37.080 I/WindowManager(  452): No lock screen! windowToken=null
04-23 14:21:37.110 W/ContextImpl( 1762): Calling a method in the system process without a qualified user: android.app.ContextImpl.sendBroadcast:1123 android.content.ContextWrapper.sendBroadcast:365 android.content.ContextWrapper.sendBroadcast:365 com.allwinnertech.sleepandwakeupclock.AlarmReceiver.onReceive:30 android.app.ActivityThread.handleReceiver:2419 
04-23 14:21:47.170 I/PowerManagerService(  452): Going to sleep by user request...
04-23 14:21:58.050 I/PowerManagerService(  452): Waking up from sleep...
04-23 14:21:58.060 I/WindowManager(  452): No lock screen! windowToken=null
04-23 14:21:58.140 W/ContextImpl( 1762): Calling a method in the system process without a qualified user: android.app.ContextImpl.sendBroadcast:1123 android.content.ContextWrapper.sendBroadcast:365 android.content.ContextWrapper.sendBroadcast:365 com.allwinnertech.sleepandwakeupclock.AlarmReceiver.onReceive:30 android.app.ActivityThread.handleReceiver:2419 
04-23 14:22:08.280 I/PowerManagerService(  452): Going to sleep by user request...
04-23 14:22:20.050 I/PowerManagerService(  452): Waking up from sleep...
04-23 14:22:20.060 I/WindowManager(  452): No lock screen! windowToken=null
04-23 14:22:20.090 W/ContextImpl( 1762): Calling a method in the system process without a qualified user: android.app.ContextImpl.sendBroadcast:1123 android.content.ContextWrapper.sendBroadcast:365 android.content.ContextWrapper.sendBroadcast:365 com.allwinnertech.sleepandwakeupclock.AlarmReceiver.onReceive:30 android.app.ActivityThread.handleReceiver:2419 
04-23 14:22:30.150 I/PowerManagerService(  452): Going to sleep by user request...
04-23 14:22:42.060 D/PowerManagerService(  452): mHoldBootFastWakeLock = false
04-23 14:22:42.060 I/PowerManagerService(  452): Waking up from sleep...
04-23 14:22:42.070 I/WindowManager(  452): No lock screen! windowToken=null
04-23 14:22:42.170 W/ContextImpl( 1762): Calling a method in the system process without a qualified user: android.app.ContextImpl.sendBroadcast:1123 android.content.ContextWrapper.sendBroadcast:365 android.content.ContextWrapper.sendBroadcast:365 com.allwinnertech.sleepandwakeupclock.AlarmReceiver.onReceive:30 android.app.ActivityThread.handleReceiver:2419 
04-23 14:22:52.330 I/PowerManagerService(  452): Going to sleep by user request...
04-23 14:23:04.150 I/PowerManagerService(  452): Waking up from sleep...
04-23 14:23:04.160 I/WindowManager(  452): No lock screen! windowToken=null
04-23 14:23:04.220 W/ContextImpl( 1762): Calling a method in the system process without a qualified user: android.app.ContextImpl.sendBroadcast:1123 android.content.ContextWrapper.sendBroadcast:365 android.content.ContextWrapper.sendBroadcast:365 com.allwinnertech.sleepandwakeupclock.AlarmReceiver.onReceive:30 android.app.ActivityThread.handleReceiver:2419 
04-23 14:23:14.410 I/PowerManagerService(  452): Going to sleep by user request...
04-23 14:23:25.060 D/PowerManagerService(  452): mHoldBootFastWakeLock = false
04-23 14:23:25.070 I/PowerManagerService(  452): Waking up from sleep...
04-23 14:23:25.090 I/WindowManager(  452): No lock screen! windowToken=null
04-23 14:23:25.110 W/ContextImpl( 1762): Calling a method in the system process without a qualified user: android.app.ContextImpl.sendBroadcast:1123 android.content.ContextWrapper.sendBroadcast:365 android.content.ContextWrapper.sendBroadcast:365 com.allwinnertech.sleepandwakeupclock.AlarmReceiver.onReceive:30 android.app.ActivityThread.handleReceiver:2419 
04-23 14:23:34.230 D/ConnectivityService(  452): Sampling interval elapsed, updating statistics ..
04-23 14:23:34.250 D/ConnectivityService(  452): Done.
04-23 14:23:34.250 D/ConnectivityService(  452): Setting timer for 720seconds
04-23 14:23:35.310 I/PowerManagerService(  452): Going to sleep by user request...
04-23 14:23:46.050 D/PowerManagerService(  452): mHoldBootFastWakeLock = false
04-23 14:23:46.060 I/PowerManagerService(  452): Waking up from sleep...
04-23 14:23:46.080 I/WindowManager(  452): No lock screen! windowToken=null
04-23 14:23:46.100 W/ContextImpl( 1762): Calling a method in the system process without a qualified user: android.app.ContextImpl.sendBroadcast:1123 android.content.ContextWrapper.sendBroadcast:365 android.content.ContextWrapper.sendBroadcast:365 com.allwinnertech.sleepandwakeupclock.AlarmReceiver.onReceive:30 android.app.ActivityThread.handleReceiver:2419 
04-23 14:23:56.210 I/PowerManagerService(  452): Going to sleep by user request...
04-23 14:24:08.060 D/PowerManagerService(  452): mHoldBootFastWakeLock = false
04-23 14:24:08.070 I/PowerManagerService(  452): Waking up from sleep...
04-23 14:24:08.120 I/WindowManager(  452): No lock screen! windowToken=null
04-23 14:24:08.120 W/ContextImpl( 1762): Calling a method in the system process without a qualified user: android.app.ContextImpl.sendBroadcast:1123 android.content.ContextWrapper.sendBroadcast:365 android.content.ContextWrapper.sendBroadcast:365 com.allwinnertech.sleepandwakeupclock.AlarmReceiver.onReceive:30 android.app.ActivityThread.handleReceiver:2419 
04-23 14:24:18.390 I/PowerManagerService(  452): Going to sleep by user request...
04-23 14:24:29.080 D/PowerManagerService(  452): mHoldBootFastWakeLock = false
04-23 14:24:29.100 I/PowerManagerService(  452): Waking up from sleep...
04-23 14:24:29.120 I/WindowManager(  452): No lock screen! windowToken=null
04-23 14:24:29.150 W/ContextImpl( 1762): Calling a method in the system process without a qualified user: android.app.ContextImpl.sendBroadcast:1123 android.content.ContextWrapper.sendBroadcast:365 android.content.ContextWrapper.sendBroadcast:365 com.allwinnertech.sleepandwakeupclock.AlarmReceiver.onReceive:30 android.app.ActivityThread.handleReceiver:2419 
04-23 14:24:39.390 I/PowerManagerService(  452): Going to sleep by user request...
04-23 14:24:51.060 D/PowerManagerService(  452): mHoldBootFastWakeLock = false
04-23 14:24:51.060 I/PowerManagerService(  452): Waking up from sleep...
04-23 14:24:51.070 I/WindowManager(  452): No lock screen! windowToken=null
04-23 14:24:51.260 W/ContextImpl( 1762): Calling a method in the system process without a qualified user: android.app.ContextImpl.sendBroadcast:1123 android.content.ContextWrapper.sendBroadcast:365 android.content.ContextWrapper.sendBroadcast:365 com.allwinnertech.sleepandwakeupclock.AlarmReceiver.onReceive:30 android.app.ActivityThread.handleReceiver:2419 
04-23 14:25:01.310 I/PowerManagerService(  452): Going to sleep by user request...
04-23 14:25:12.060 D/PowerManagerService(  452): mHoldBootFastWakeLock = false
04-23 14:25:12.070 I/PowerManagerService(  452): Waking up from sleep...
04-23 14:25:12.070 I/WindowManager(  452): No lock screen! windowToken=null
04-23 14:25:12.150 W/ContextImpl( 1762): Calling a method in the system process without a qualified user: android.app.ContextImpl.sendBroadcast:1123 android.content.ContextWrapper.sendBroadcast:365 android.content.ContextWrapper.sendBroadcast:365 com.allwinnertech.sleepandwakeupclock.AlarmReceiver.onReceive:30 android.app.ActivityThread.handleReceiver:2419 
04-23 14:25:22.330 I/PowerManagerService(  452): Going to sleep by user request...
04-23 14:25:34.150 D/PowerManagerService(  452): mHoldBootFastWakeLock = false
04-23 14:25:34.160 I/PowerManagerService(  452): Waking up from sleep...
04-23 14:25:34.170 I/WindowManager(  452): No lock screen! windowToken=null
04-23 14:25:34.180 W/ContextImpl( 1762): Calling a method in the system process without a qualified user: android.app.ContextImpl.sendBroadcast:1123 android.content.ContextWrapper.sendBroadcast:365 android.content.ContextWrapper.sendBroadcast:365 com.allwinnertech.sleepandwakeupclock.AlarmReceiver.onReceive:30 android.app.ActivityThread.handleReceiver:2419 
04-23 14:25:44.230 I/PowerManagerService(  452): Going to sleep by user request...
04-23 14:25:55.050 I/PowerManagerService(  452): Waking up from sleep...
04-23 14:25:55.060 I/WindowManager(  452): No lock screen! windowToken=null
04-23 14:25:55.150 W/ContextImpl( 1762): Calling a method in the system process without a qualified user: android.app.ContextImpl.sendBroadcast:1123 android.content.ContextWrapper.sendBroadcast:365 android.content.ContextWrapper.sendBroadcast:365 com.allwinnertech.sleepandwakeupclock.AlarmReceiver.onReceive:30 android.app.ActivityThread.handleReceiver:2419 
04-23 14:26:05.310 I/PowerManagerService(  452): Going to sleep by user request...
04-23 14:26:16.060 D/PowerManagerService(  452): mHoldBootFastWakeLock = false
04-23 14:26:16.070 I/PowerManagerService(  452): Waking up from sleep...
04-23 14:26:16.070 I/WindowManager(  452): No lock screen! windowToken=null
04-23 14:26:16.160 W/ContextImpl( 1762): Calling a method in the system process without a qualified user: android.app.ContextImpl.sendBroadcast:1123 android.content.ContextWrapper.sendBroadcast:365 android.content.ContextWrapper.sendBroadcast:365 com.allwinnertech.sleepandwakeupclock.AlarmReceiver.onReceive:30 android.app.ActivityThread.handleReceiver:2419 
04-23 14:26:26.330 I/PowerManagerService(  452): Going to sleep by user request...
04-23 14:26:37.050 I/PowerManagerService(  452): Waking up from sleep...
04-23 14:26:37.060 I/WindowManager(  452): No lock screen! windowToken=null
04-23 14:26:37.140 W/ContextImpl( 1762): Calling a method in the system process without a qualified user: android.app.ContextImpl.sendBroadcast:1123 android.content.ContextWrapper.sendBroadcast:365 android.content.ContextWrapper.sendBroadcast:365 com.allwinnertech.sleepandwakeupclock.AlarmReceiver.onReceive:30 android.app.ActivityThread.handleReceiver:2419 
04-23 14:26:47.300 I/PowerManagerService(  452): Going to sleep by user request...
04-23 14:26:58.090 D/PowerManagerService(  452): mHoldBootFastWakeLock = false
04-23 14:26:58.110 I/PowerManagerService(  452): Waking up from sleep...
04-23 14:26:58.140 I/WindowManager(  452): No lock screen! windowToken=null
04-23 14:26:58.150 W/ContextImpl( 1762): Calling a method in the system process without a qualified user: android.app.ContextImpl.sendBroadcast:1123 android.content.ContextWrapper.sendBroadcast:365 android.content.ContextWrapper.sendBroadcast:365 com.allwinnertech.sleepandwakeupclock.AlarmReceiver.onReceive:30 android.app.ActivityThread.handleReceiver:2419 
04-23 14:27:08.330 I/PowerManagerService(  452): Going to sleep by user request...
04-23 14:27:19.140 I/PowerManagerService(  452): Waking up from sleep...
04-23 14:27:19.140 I/WindowManager(  452): No lock screen! windowToken=null
04-23 14:27:19.290 W/ContextImpl( 1762): Calling a method in the system process without a qualified user: android.app.ContextImpl.sendBroadcast:1123 android.content.ContextWrapper.sendBroadcast:365 android.content.ContextWrapper.sendBroadcast:365 com.allwinnertech.sleepandwakeupclock.AlarmReceiver.onReceive:30 android.app.ActivityThread.handleReceiver:2419 
04-23 14:27:29.350 I/PowerManagerService(  452): Going to sleep by user request...
04-23 14:27:40.060 D/PowerManagerService(  452): mHoldBootFastWakeLock = false
04-23 14:27:40.070 I/PowerManagerService(  452): Waking up from sleep...
04-23 14:27:40.090 I/WindowManager(  452): No lock screen! windowToken=null
04-23 14:27:40.110 W/ContextImpl( 1762): Calling a method in the system process without a qualified user: android.app.ContextImpl.sendBroadcast:1123 android.content.ContextWrapper.sendBroadcast:365 android.content.ContextWrapper.sendBroadcast:365 com.allwinnertech.sleepandwakeupclock.AlarmReceiver.onReceive:30 android.app.ActivityThread.handleReceiver:2419 
04-23 14:27:50.160 I/PowerManagerService(  452): Going to sleep by user request...
04-23 14:28:01.060 I/PowerManagerService(  452): Waking up from sleep...
04-23 14:28:01.070 I/WindowManager(  452): No lock screen! windowToken=null
04-23 14:28:01.120 W/ContextImpl( 1762): Calling a method in the system process without a qualified user: android.app.ContextImpl.sendBroadcast:1123 android.content.ContextWrapper.sendBroadcast:365 android.content.ContextWrapper.sendBroadcast:365 com.allwinnertech.sleepandwakeupclock.AlarmReceiver.onReceive:30 android.app.ActivityThread.handleReceiver:2419 
04-23 14:28:11.330 I/PowerManagerService(  452): Going to sleep by user request...
04-23 14:28:17.090 D/PowerManagerService(  452): mHoldBootFastWakeLock = false
04-23 14:28:17.100 D/ConnectivityService(  452): ConnectivityChange for WIFI: DISCONNECTED/DISCONNECTED
04-23 14:28:17.100 D/ConnectivityService(  452): tryFailover: set mActiveDefaultNetwork=-1, prevNetType=1
04-23 14:28:17.100 D/ConnectivityService(  452): Attempting to switch to mobile
04-23 14:28:17.100 D/ConnectivityService(  452): Attempting to switch to BLUETOOTH_TETHER
04-23 14:28:17.100 D/EthernetDataTracker(  452): ConnectNetwork: Up is true, mLinkUp is false, On is false, mIface 
04-23 14:28:17.100 D/ConnectivityService(  452): Attempting to switch to ETHERNET
04-23 14:28:17.110 D/ConnectivityService(  452): resetConnections(wlan0, 3)
04-23 14:28:17.170 D/Nat464Xlat(  452): requiresClat: netType=1, hasIPv4Address=false
04-23 14:28:17.170 D/ConnectivityService(  452): ConnectivityChange for WIFI: DISCONNECTED/DISCONNECTED
04-23 14:28:17.180 D/ConnectivityService(  452): Attempting to switch to mobile
04-23 14:28:17.180 D/ConnectivityService(  452): Attempting to switch to BLUETOOTH_TETHER
04-23 14:28:17.180 D/EthernetDataTracker(  452): ConnectNetwork: Up is true, mLinkUp is false, On is false, mIface 
04-23 14:28:17.180 D/ConnectivityService(  452): Attempting to switch to ETHERNET
04-23 14:28:17.180 D/Nat464Xlat(  452): requiresClat: netType=1, hasIPv4Address=false
04-23 14:28:17.230 D/ConnectivityService(  452): handleInetConditionChange: no active default network - ignore
04-23 14:28:20.210 D/ConnectivityService(  452): setProvNotificationVisible: E visible=false networkType=1 extraInfo=null url=null
04-23 14:28:21.350 I/PowerManagerService(  452): Waking up from sleep...
04-23 14:28:21.380 W/ContextImpl( 1762): Calling a method in the system process without a qualified user: android.app.ContextImpl.sendBroadcast:1123 android.content.ContextWrapper.sendBroadcast:365 android.content.ContextWrapper.sendBroadcast:365 com.allwinnertech.sleepandwakeupclock.AlarmReceiver.onReceive:30 android.app.ActivityThread.handleReceiver:2419 
04-23 14:28:21.400 I/WindowManager(  452): No lock screen! windowToken=null
04-23 14:28:22.970 D/ConnectivityService(  452): Captive portal check NetworkInfo: type: WIFI[], state: CONNECTING/CAPTIVE_PORTAL_CHECK, reason: (unspecified), extra: "XP-3f", roaming: false, failover: false, isAvailable: true, isConnectedToProvisioningNetwork: false
04-23 14:28:22.970 D/ConnectivityService(  452): handleCaptivePortalTrackerCheck: call captivePortalCheckComplete ni=NetworkInfo: type: WIFI[], state: CONNECTING/CAPTIVE_PORTAL_CHECK, reason: (unspecified), extra: "XP-3f", roaming: false, failover: false, isAvailable: true, isConnectedToProvisioningNetwork: false
04-23 14:28:22.970 D/ConnectivityService(  452): Captive portal check NetworkInfo: type: WIFI[], state: CONNECTING/CAPTIVE_PORTAL_CHECK, reason: (unspecified), extra: "XP-3f", roaming: false, failover: false, isAvailable: true, isConnectedToProvisioningNetwork: false
04-23 14:28:22.970 D/ConnectivityService(  452): handleCaptivePortalTrackerCheck: call captivePortalCheckComplete ni=NetworkInfo: type: WIFI[], state: CONNECTING/CAPTIVE_PORTAL_CHECK, reason: (unspecified), extra: "XP-3f", roaming: false, failover: false, isAvailable: true, isConnectedToProvisioningNetwork: false
04-23 14:28:23.000 D/ConnectivityService(  452): ConnectivityChange for WIFI: CONNECTED/CONNECTED
04-23 14:28:23.000 E/ConnectivityService(  452): Unexpected mtu value: android.net.wifi.WifiStateTracker@42240148
04-23 14:28:23.030 D/Nat464Xlat(  452): requiresClat: netType=1, hasIPv4Address=true
04-23 14:28:23.030 D/ConnectivityService(  452): ConnectivityChange for WIFI: CONNECTED/CONNECTED
04-23 14:28:23.040 E/ConnectivityService(  452): Unexpected mtu value: android.net.wifi.WifiStateTracker@42240148
04-23 14:28:23.060 D/ConnectivityService(  452): handleConnectivityChange: address are the same reset per doReset linkProperty[1]: resetMask=0
04-23 14:28:23.060 D/Nat464Xlat(  452): requiresClat: netType=1, hasIPv4Address=true
04-23 14:28:24.020 D/ConnectivityService(  452): NetTransition Wakelock for ConnectedState released by timeout
04-23 14:28:24.830 D/ConnectivityService(  452): handleConnectivityChange: addresses changed linkProperty[1]: resetMask=0
04-23 14:28:24.830 D/ConnectivityService(  452):    car=removed=[] added=[fe80::222:f4ff:fef9:1147/64,]
04-23 14:28:24.830 D/Nat464Xlat(  452): requiresClat: netType=1, hasIPv4Address=true
04-23 14:28:24.850 D/ConnectivityService(  452): handleConnectivityChange: address are the same reset per doReset linkProperty[1]: resetMask=0
04-23 14:28:24.850 D/Nat464Xlat(  452): requiresClat: netType=1, hasIPv4Address=true
04-23 14:28:29.250 D/ConnectivityService(  452): handleInetConditionHoldEnd: net=1, condition=0, published condition=0
04-23 14:28:31.530 I/PowerManagerService(  452): Going to sleep by user request...
04-23 14:28:33.330 D/ConnectivityService(  452): handleInetConditionHoldEnd: net=1, condition=0, published condition=0
04-23 14:28:35.030 D/PowerManagerService(  452): mHoldBootFastWakeLock = false
04-23 14:28:36.580 D/ConnectivityService(  452): setProvNotificationVisible: E visible=false networkType=1 extraInfo=null url=null
04-23 14:28:41.520 I/PowerManagerService(  452): Waking up from sleep...
04-23 14:28:41.520 I/WindowManager(  452): No lock screen! windowToken=null
04-23 14:28:41.770 W/ContextImpl( 1762): Calling a method in the system process without a qualified user: android.app.ContextImpl.sendBroadcast:1123 android.content.ContextWrapper.sendBroadcast:365 android.content.ContextWrapper.sendBroadcast:365 com.allwinnertech.sleepandwakeupclock.AlarmReceiver.onReceive:30 android.app.ActivityThread.handleReceiver:2419 
04-23 14:28:42.600 W/ContextImpl(  452): Calling a method in the system process without a qualified user: android.app.ContextImpl.sendBroadcast:1137 android.net.CaptivePortalTracker.sendNetworkConditionsBroadcast:507 android.net.CaptivePortalTracker.isCaptivePortal:399 android.net.CaptivePortalTracker.access$2600:60 android.net.CaptivePortalTracker$DelayedCaptiveCheckState.processMessage:283 
04-23 14:28:42.610 D/ConnectivityService(  452): captivePortalCheckCompleted: ni=NetworkInfo: type: WIFI[], state: CONNECTED/CONNECTED, reason: (unspecified), extra: "XP-3f", roaming: false, failover: false, isAvailable: true, isConnectedToProvisioningNetwork: false captive=false
04-23 14:28:48.530 D/ConnectivityService(  452): handleInetConditionHoldEnd: net=1, condition=100, published condition=0
04-23 14:28:51.830 I/PowerManagerService(  452): Going to sleep by user request...
04-23 14:29:02.050 D/PowerManagerService(  452): mHoldBootFastWakeLock = false
04-23 14:29:02.060 I/PowerManagerService(  452): Waking up from sleep...
