04-24 20:34:20.440 D/dalvikvm(32047): GC_CONCURRENT freed 430K, 9% free 5616K/6136K, paused 25ms+3ms, total 82ms
04-24 20:34:20.790 W/Search.LoginHelper(32047): blockingGetGaiaWebLoginLink: account null, returning.
04-24 20:34:25.220 D/dalvikvm(32047): GC_CONCURRENT freed 409K, 8% free 5656K/6136K, paused 7ms+7ms, total 56ms
04-24 20:34:25.310 I/ActivityManager(  452): Waited long enough for: ServiceRecord{425278e0 u0 com.google.android.googlequicksearchbox/com.google.android.velvet.VelvetBackgroundTasksImpl$Service}
04-24 20:34:25.310 I/ActivityManager(  452): Resuming delayed broadcast
04-24 20:34:28.100 D/dalvikvm(32047): GC_CONCURRENT freed 459K, 9% free 5593K/6136K, paused 38ms+4ms, total 101ms
04-24 20:34:59.160 D/PowerManagerService(  452): mHoldBootFastWakeLock = false
04-24 20:34:59.390 I/System.out( 1343): passive
04-24 20:34:59.390 I/System.out( 1343): gps
04-24 20:34:59.400 I/System.out( 1343): network
04-24 20:35:09.220 D/dalvikvm(  452): GC_FOR_ALLOC freed 1251K, 14% free 10350K/11900K, paused 167ms, total 169ms
04-24 20:35:59.220 D/PowerManagerService(  452): mHoldBootFastWakeLock = false
04-24 20:36:00.310 D/PowerManagerService(  452): mHoldBootFastWakeLock = false
04-24 20:36:41.040 D/PowerManagerService(  452): mHoldBootFastWakeLock = false
04-24 20:38:22.040 D/PowerManagerService(  452): mHoldBootFastWakeLock = false
04-24 20:49:29.040 I/wpa_supplicant(  513): wlan0: WPA: Group rekeying completed with a4:93:4c:b1:4a:5f [GTK=CCMP]
04-24 20:49:29.050 D/PowerManagerService(  452): mHoldBootFastWakeLock = false
04-24 20:49:29.090 D/ConnectivityService(  452): Sampling interval elapsed, updating statistics ..
04-24 20:49:29.090 D/ConnectivityService(  452): Done.
04-24 20:49:29.090 D/ConnectivityService(  452): Setting timer for 720seconds
04-24 20:49:29.900 D/GCM     (  824): Message class fog
04-24 20:49:30.410 D/ConnectivityService(  452): handleInetConditionHoldEnd: net=1, condition=100, published condition=100
04-24 21:49:29.040 I/wpa_supplicant(  513): wlan0: WPA: Group rekeying completed with a4:93:4c:b1:4a:5f [GTK=CCMP]
04-24 21:49:29.070 D/PowerManagerService(  452): mHoldBootFastWakeLock = false
04-24 21:49:29.110 D/ConnectivityService(  452): Sampling interval elapsed, updating statistics ..
04-24 21:49:29.120 D/ConnectivityService(  452): Done.
04-24 21:49:29.120 D/ConnectivityService(  452): Setting timer for 720seconds
04-24 21:49:29.160 I/EventLogService(  824): Aggregate from 1398342849722 (log), 1398342849722 (data)
04-24 21:49:29.160 I/ActivityManager(  452): Delay finish: com.google.android.gsf/.checkin.EventLogService$Receiver
04-24 21:49:29.220 I/ActivityManager(  452): Resuming delayed broadcast
04-24 21:49:29.370 E/wpa_supplicant(  513): wpa_driver_nl80211_driver_cmd: failed to issue private commands
04-24 21:49:29.370 E/WifiStateMachine(  452): Unexpected BatchedScanResults :null
04-24 21:49:29.370 E/wpa_supplicant(  513): wpa_driver_nl80211_driver_cmd: failed to issue private commands
04-24 21:49:29.390 D/GCM     (  824): Message class fog
04-24 21:49:29.890 D/ConnectivityService(  452): handleInetConditionHoldEnd: net=1, condition=100, published condition=100
04-24 21:49:30.020 D/WifiStateMachine(  452): VerifyingLinkState enter
04-24 21:49:30.030 D/WifiStateMachine(  452): VerifyingLinkState GOOD_LINK_DETECTED: transition to captive portal check
04-24 21:49:30.040 D/WifiStateMachine(  452): CaptivePortalCheckState enter
04-24 21:49:30.040 D/WifiStateMachine(  452): CaptivePortalCheckState CMD_CAPTIVE_CHECK_COMPLETE
04-24 21:49:30.040 D/ConnectivityService(  452): Captive portal check NetworkInfo: type: WIFI[], state: CONNECTING/CAPTIVE_PORTAL_CHECK, reason: (unspecified), extra: "XP-3f", roaming: false, failover: false, isAvailable: true, isConnectedToProvisioningNetwork: false
04-24 21:49:30.040 D/ConnectivityService(  452): handleCaptivePortalTrackerCheck: call captivePortalCheckComplete ni=NetworkInfo: type: WIFI[], state: CONNECTING/CAPTIVE_PORTAL_CHECK, reason: (unspecified), extra: "XP-3f", roaming: false, failover: false, isAvailable: true, isConnectedToProvisioningNetwork: false
04-24 21:49:30.040 D/ConnectivityService(  452): Captive portal check NetworkInfo: type: WIFI[], state: CONNECTING/CAPTIVE_PORTAL_CHECK, reason: (unspecified), extra: "XP-3f", roaming: false, failover: false, isAvailable: true, isConnectedToProvisioningNetwork: false
04-24 21:49:30.040 D/ConnectivityService(  452): handleCaptivePortalTrackerCheck: call captivePortalCheckComplete ni=NetworkInfo: type: WIFI[], state: CONNECTING/CAPTIVE_PORTAL_CHECK, reason: (unspecified), extra: "XP-3f", roaming: false, failover: false, isAvailable: true, isConnectedToProvisioningNetwork: false
04-24 21:49:30.050 D/ConnectivityService(  452): ConnectivityChange for WIFI: CONNECTED/CONNECTED
04-24 21:49:30.060 E/ConnectivityService(  452): Unexpected mtu value: android.net.wifi.WifiStateTracker@42240148
04-24 21:49:30.080 D/ConnectivityService(  452): handleConnectivityChange: address are the same reset per doReset linkProperty[1]: resetMask=0
04-24 21:49:30.080 D/Nat464Xlat(  452): requiresClat: netType=1, hasIPv4Address=true
04-24 21:49:30.080 D/ConnectivityService(  452): ConnectivityChange for WIFI: CONNECTED/CONNECTED
04-24 21:49:30.090 E/ConnectivityService(  452): Unexpected mtu value: android.net.wifi.WifiStateTracker@42240148
04-24 21:49:30.120 D/ConnectivityService(  452): handleConnectivityChange: address are the same reset per doReset linkProperty[1]: resetMask=0
04-24 21:49:30.120 D/Nat464Xlat(  452): requiresClat: netType=1, hasIPv4Address=true
04-24 21:49:30.230 D/dalvikvm(  452): GC_CONCURRENT freed 1452K, 13% free 10380K/11900K, paused 5ms+16ms, total 130ms
04-24 21:49:31.060 D/ConnectivityService(  452): NetTransition Wakelock for ConnectedState released by timeout
04-24 21:49:33.110 D/Tethering(  452): MasterInitialState.processMessage what=3
04-24 21:49:33.170 I/DeviceInfoService(  452): wifi on
04-24 21:49:33.170 I/DeviceInfoService(  452): onReceive BroadcastReceiver
04-24 21:49:33.170 D/OtaService(  452): onreceive action = android.net.conn.CONNECTIVITY_CHANGE
04-24 21:49:33.170 I/OtaService(  452): onReceive BroadcastReceiver
04-24 21:49:33.180 D/Tethering(  452): MasterInitialState.processMessage what=3
04-24 21:49:33.190 I/DeviceInfoService(  452): wifi on
04-24 21:49:33.190 I/DeviceInfoService(  452): onReceive BroadcastReceiver
04-24 21:49:33.190 D/OtaService(  452): onreceive action = android.net.conn.CONNECTIVITY_CHANGE
04-24 21:49:33.200 I/OtaService(  452): onReceive BroadcastReceiver
04-24 21:49:33.210 D/dalvikvm(  625): null clazz in OP_INSTANCE_OF, single-stepping
04-24 21:49:33.270 D/dalvikvm(  585): GC_CONCURRENT freed 386K, 10% free 4883K/5388K, paused 6ms+4ms, total 44ms
04-24 21:49:33.280 D/GCM     (  824): GcmService start Intent { act=android.net.conn.CONNECTIVITY_CHANGE flg=0x4000010 cmp=com.google.android.gms/.gcm.GcmService (has extras) } android.net.conn.CONNECTIVITY_CHANGE
04-24 21:49:33.330 D/        ( 1343): intervalx=32402962
04-24 21:49:33.360 D/GCM     (  824): GcmService start Intent { act=android.net.conn.CONNECTIVITY_CHANGE flg=0x4000010 cmp=com.google.android.gms/.gcm.GcmService (has extras) } android.net.conn.CONNECTIVITY_CHANGE
04-24 21:49:33.410 D/        ( 1343): intervalx=32403043
04-24 21:49:33.790 D/ConnectivityService(  452): handleInetConditionHoldEnd: net=1, condition=100, published condition=0
04-24 21:54:09.060 D/PowerManagerService(  452): mHoldBootFastWakeLock = false
04-24 22:49:29.040 I/wpa_supplicant(  513): wlan0: WPA: Group rekeying completed with a4:93:4c:b1:4a:5f [GTK=CCMP]
04-24 22:49:29.050 D/PowerManagerService(  452): mHoldBootFastWakeLock = false
04-24 22:49:29.090 D/ConnectivityService(  452): Sampling interval elapsed, updating statistics ..
04-24 22:49:29.090 D/ConnectivityService(  452): Done.
04-24 22:49:29.090 D/ConnectivityService(  452): Setting timer for 720seconds
04-24 22:49:29.140 D/dalvikvm( 1259): GC_CONCURRENT freed 469K, 10% free 4573K/5076K, paused 1ms+2ms, total 29ms
04-24 22:49:29.180 I/LatinIME:LogUtils(  611): Dictionary info: dictionary = UserHistoryDictionary.en_US.dic ; version = ? ; date = 1398350969
04-24 22:49:29.200 I/EventLogService(  824): Aggregate from 1398347369177 (log), 1398347369177 (data)
04-24 22:49:29.200 I/ActivityManager(  452): Delay finish: com.google.android.gsf/.checkin.EventLogService$Receiver
04-24 22:49:29.250 I/ActivityManager(  452): Resuming delayed broadcast
04-24 22:49:31.410 D/GCM     (  824): Message class fog
04-24 22:49:31.910 D/ConnectivityService(  452): handleInetConditionHoldEnd: net=1, condition=100, published condition=100
04-24 22:57:39.040 I/wpa_supplicant(  513): wlan0: CTRL-EVENT-DISCONNECTED bssid=a4:93:4c:b1:4a:5f reason=6
04-24 22:57:39.040 I/wpa_supplicant(  513): wlan0: Trying to associate with a4:93:4c:b1:4a:5f (SSID='XP-3f' freq=2472 MHz)
04-24 22:57:39.080 D/CommandListener(  111): Clearing all IP addresses on wlan0
04-24 22:57:39.130 D/CommandListener(  111): Clearing all IP addresses on wlan0
04-24 22:57:39.160 D/PowerManagerService(  452): mHoldBootFastWakeLock = false
04-24 22:57:39.170 D/ConnectivityService(  452): ConnectivityChange for WIFI: DISCONNECTED/DISCONNECTED
04-24 22:57:39.170 D/ConnectivityService(  452): tryFailover: set mActiveDefaultNetwork=-1, prevNetType=1
04-24 22:57:39.180 D/EthernetDataTracker(  452): no configuration for 
04-24 22:57:39.180 D/ConnectivityService(  452): Attempting to switch to mobile
04-24 22:57:39.180 D/ConnectivityService(  452): Attempting to switch to BLUETOOTH_TETHER
04-24 22:57:39.180 D/EthernetDataTracker(  452): ConnectNetwork: Up is true, mLinkUp is false, On is false, mIface 
04-24 22:57:39.180 D/ConnectivityService(  452): Attempting to switch to ETHERNET
04-24 22:57:39.200 D/NetUtils(  452): android_net_utils_resetConnections in env=0x5a5e1138 clazz=0x55600001 iface=wlan0 mask=0x3
04-24 22:57:39.200 D/ConnectivityService(  452): resetConnections(wlan0, 3)
04-24 22:57:39.230 D/Nat464Xlat(  452): requiresClat: netType=1, hasIPv4Address=false
04-24 22:57:39.240 D/ConnectivityService(  452): ConnectivityChange for WIFI: DISCONNECTED/DISCONNECTED
04-24 22:57:39.250 D/EthernetDataTracker(  452): no configuration for 
04-24 22:57:39.250 D/ConnectivityService(  452): Attempting to switch to mobile
04-24 22:57:39.250 D/ConnectivityService(  452): Attempting to switch to BLUETOOTH_TETHER
04-24 22:57:39.250 D/EthernetDataTracker(  452): ConnectNetwork: Up is true, mLinkUp is false, On is false, mIface 
04-24 22:57:39.250 D/ConnectivityService(  452): Attempting to switch to ETHERNET
04-24 22:57:39.250 D/Nat464Xlat(  452): requiresClat: netType=1, hasIPv4Address=false
04-24 22:57:39.270 D/ConnectivityService(  452): handleInetConditionChange: no active default network - ignore
04-24 22:57:39.400 I/wpa_supplicant(  513): wlan0: Associated with a4:93:4c:b1:4a:5f
04-24 22:57:40.740 I/wpa_supplicant(  513): wlan0: WPA: Key negotiation completed with a4:93:4c:b1:4a:5f [PTK=CCMP GTK=CCMP]
04-24 22:57:40.740 I/wpa_supplicant(  513): wlan0: CTRL-EVENT-CONNECTED - Connection to a4:93:4c:b1:4a:5f completed (auth) [id=0 id_str=]
04-24 22:57:40.870 E/wpa_supplicant(  513): wpa_driver_nl80211_driver_cmd: failed to issue private commands
04-24 22:57:40.870 E/WifiStateMachine(  452): Unexpected BatchedScanResults :null
04-24 22:57:40.890 E/wpa_supplicant(  513): wpa_driver_nl80211_driver_cmd: failed to issue private commands
04-24 22:57:42.270 D/Tethering(  452): MasterInitialState.processMessage what=3
04-24 22:57:42.280 D/CaptivePortalTracker(  452): Disconnected from active network NetworkInfo: type: WIFI[], state: DISCONNECTED/DISCONNECTED, reason: (unspecified), extra: <unknown ssid>, roaming: false, failover: false, isAvailable: true, isConnectedToProvisioningNetwork: false
04-24 22:57:42.280 D/ConnectivityService(  452): setProvNotificationVisible: E visible=false networkType=1 extraInfo=null url=null
04-24 22:57:42.320 I/DeviceInfoService(  452): wifi on
04-24 22:57:42.320 I/DeviceInfoService(  452): onReceive BroadcastReceiver
04-24 22:57:42.320 D/OtaService(  452): onreceive action = android.net.conn.CONNECTIVITY_CHANGE
04-24 22:57:42.320 I/OtaService(  452): onReceive BroadcastReceiver
04-24 22:57:42.330 D/Tethering(  452): MasterInitialState.processMessage what=3
04-24 22:57:42.340 D/CaptivePortalTracker(  452): NoActiveNetworkState{ when=-3ms what=1 obj=NetworkInfo: type: WIFI[], state: DISCONNECTED/DISCONNECTED, reason: (unspecified), extra: <unknown ssid>, roaming: false, failover: false, isAvailable: true, isConnectedToProvisioningNetwork: false target=com.android.internal.util.StateMachine$SmHandler }
04-24 22:57:42.350 I/DeviceInfoService(  452): wifi on
04-24 22:57:42.350 I/DeviceInfoService(  452): onReceive BroadcastReceiver
04-24 22:57:42.350 D/OtaService(  452): onreceive action = android.net.conn.CONNECTIVITY_CHANGE
04-24 22:57:42.350 I/OtaService(  452): onReceive BroadcastReceiver
04-24 22:57:42.470 D/GCM     (  824): GcmService start Intent { act=android.net.conn.CONNECTIVITY_CHANGE flg=0x4000010 cmp=com.google.android.gms/.gcm.GcmService (has extras) } android.net.conn.CONNECTIVITY_CHANGE
04-24 22:57:42.480 D/dalvikvm(  452): GC_CONCURRENT freed 1375K, 13% free 10378K/11880K, paused 19ms+16ms, total 140ms
04-24 22:57:42.570 D/GCM     (  824): GcmService start Intent { act=android.net.conn.CONNECTIVITY_CHANGE flg=0x4000010 cmp=com.google.android.gms/.gcm.GcmService (has extras) } android.net.conn.CONNECTIVITY_CHANGE
04-24 22:57:43.830 I/wpa_supplicant(  513): wlan0: CTRL-EVENT-DISCONNECTED bssid=a4:93:4c:b1:4a:5f reason=2
04-24 22:57:43.920 D/CommandListener(  111): Clearing all IP addresses on wlan0
04-24 22:57:43.930 D/ConnectivityService(  452): ConnectivityChange for WIFI: DISCONNECTED/DISCONNECTED
04-24 22:57:43.940 D/EthernetDataTracker(  452): no configuration for 
04-24 22:57:43.940 D/ConnectivityService(  452): Attempting to switch to mobile
04-24 22:57:43.940 D/ConnectivityService(  452): Attempting to switch to BLUETOOTH_TETHER
04-24 22:57:43.940 D/EthernetDataTracker(  452): ConnectNetwork: Up is true, mLinkUp is false, On is false, mIface 
04-24 22:57:43.940 D/ConnectivityService(  452): Attempting to switch to ETHERNET
04-24 22:57:43.940 D/Nat464Xlat(  452): requiresClat: netType=1, hasIPv4Address=false
04-24 22:57:43.940 D/ConnectivityService(  452): ConnectivityChange for WIFI: DISCONNECTED/DISCONNECTED
04-24 22:57:43.940 D/ConnectivityService(  452): Attempting to switch to mobile
04-24 22:57:43.940 D/ConnectivityService(  452): Attempting to switch to BLUETOOTH_TETHER
04-24 22:57:43.950 D/EthernetDataTracker(  452): no configuration for 
04-24 22:57:43.950 D/EthernetDataTracker(  452): ConnectNetwork: Up is true, mLinkUp is false, On is false, mIface 
04-24 22:57:43.950 D/ConnectivityService(  452): Attempting to switch to ETHERNET
04-24 22:57:43.950 D/Nat464Xlat(  452): requiresClat: netType=1, hasIPv4Address=false
04-24 22:57:43.960 D/CommandListener(  111): Clearing all IP addresses on wlan0
04-24 22:57:46.970 D/Tethering(  452): MasterInitialState.processMessage what=3
04-24 22:57:46.990 D/CaptivePortalTracker(  452): NoActiveNetworkState{ when=-7ms what=1 obj=NetworkInfo: type: WIFI[], state: DISCONNECTED/DISCONNECTED, reason: (unspecified), extra: <unknown ssid>, roaming: false, failover: false, isAvailable: true, isConnectedToProvisioningNetwork: false target=com.android.internal.util.StateMachine$SmHandler }
04-24 22:57:47.010 D/OtaService(  452): onreceive action = android.net.conn.CONNECTIVITY_CHANGE
04-24 22:57:47.020 D/Tethering(  452): MasterInitialState.processMessage what=3
04-24 22:57:47.030 D/CaptivePortalTracker(  452): NoActiveNetworkState{ when=-1ms what=1 obj=NetworkInfo: type: WIFI[], state: DISCONNECTED/DISCONNECTED, reason: (unspecified), extra: <unknown ssid>, roaming: false, failover: false, isAvailable: true, isConnectedToProvisioningNetwork: false target=com.android.internal.util.StateMachine$SmHandler }
04-24 22:57:47.040 D/OtaService(  452): onreceive action = android.net.conn.CONNECTIVITY_CHANGE
04-24 22:57:47.060 D/GCM     (  824): GcmService start Intent { act=android.net.conn.CONNECTIVITY_CHANGE flg=0x4000010 cmp=com.google.android.gms/.gcm.GcmService (has extras) } android.net.conn.CONNECTIVITY_CHANGE
04-24 22:57:47.140 D/GCM     (  824): GcmService start Intent { act=android.net.conn.CONNECTIVITY_CHANGE flg=0x4000010 cmp=com.google.android.gms/.gcm.GcmService (has extras) } android.net.conn.CONNECTIVITY_CHANGE
04-24 22:57:54.580 D/ConnectivityService(  452): handleInetConditionChange: no active default network - ignore
04-24 22:57:54.580 W/SocketClient(  111): write error (Broken pipe)
04-24 22:57:59.630 W/ProcessCpuTracker(  452): Skipping unknown process pid 32708
04-24 22:58:01.280 I/wpa_supplicant(  513): wlan0: Trying to associate with a4:93:4c:b1:4a:5f (SSID='XP-3f' freq=2472 MHz)
04-24 22:58:01.470 D/dalvikvm(  789): GC_CONCURRENT freed 382K, 9% free 5302K/5824K, paused 12ms+3ms, total 55ms
04-24 22:58:01.800 I/wpa_supplicant(  513): wlan0: CTRL-EVENT-ASSOC-REJECT bssid=a4:93:4c:b1:4a:5f status_code=1
04-24 22:58:01.800 E/wpa_supplicant(  513): Retrying assoc: 1 
04-24 22:58:01.800 I/wpa_supplicant(  513): wlan0: CTRL-EVENT-DISCONNECTED bssid=a4:93:4c:b1:4a:5f reason=3 locally_generated=1
04-24 22:58:03.000 I/wpa_supplicant(  513): wlan0: Trying to associate with a4:93:4c:b1:4a:5f (SSID='XP-3f' freq=2472 MHz)
04-24 22:58:03.560 I/wpa_supplicant(  513): wlan0: CTRL-EVENT-ASSOC-REJECT bssid=a4:93:4c:b1:4a:5f status_code=1
04-24 22:58:03.560 E/wpa_supplicant(  513): Retrying assoc: 2 
04-24 22:58:03.560 I/wpa_supplicant(  513): wlan0: CTRL-EVENT-DISCONNECTED bssid=a4:93:4c:b1:4a:5f reason=3 locally_generated=1
04-24 22:58:03.560 I/wpa_supplicant(  513): wlan0: CTRL-EVENT-SSID-TEMP-DISABLED id=0 ssid="XP-3f" auth_failures=1 duration=10
04-24 22:58:09.470 D/ConnectivityService(  452): handleInetConditionChange: no active default network - ignore
04-24 22:58:11.410 D/NetUtils(  452): dhcp_do_request failed : wlan0 (new)
04-24 22:58:11.410 E/DhcpStateMachine(  452): DHCP failed on wlan0: Timed out waiting for DHCP to finish
04-24 22:58:20.900 I/wpa_supplicant(  513): wlan0: CTRL-EVENT-SSID-REENABLED id=0 ssid="XP-3f"
04-24 22:58:20.900 I/wpa_supplicant(  513): wlan0: Trying to associate with a4:93:4c:b1:4a:5f (SSID='XP-3f' freq=2472 MHz)
04-24 22:58:21.420 I/wpa_supplicant(  513): wlan0: CTRL-EVENT-ASSOC-REJECT bssid=a4:93:4c:b1:4a:5f status_code=1
04-24 22:58:21.420 E/wpa_supplicant(  513): Retrying assoc: 3 
04-24 22:58:21.420 I/wpa_supplicant(  513): wlan0: CTRL-EVENT-DISCONNECTED bssid=a4:93:4c:b1:4a:5f reason=3 locally_generated=1
04-24 22:58:21.420 I/wpa_supplicant(  513): wlan0: CTRL-EVENT-SSID-TEMP-DISABLED id=0 ssid="XP-3f" auth_failures=2 duration=20
04-24 22:58:22.770 D/dalvikvm(  452): GC_CONCURRENT freed 1384K, 13% free 10384K/11880K, paused 22ms+14ms, total 144ms
04-24 22:58:39.140 D/ConnectivityService(  452): NetTransition Wakelock for ConnectedState released by timeout
04-24 22:58:39.210 D/ConnectivityService(  452): handleInetConditionChange: no active default network - ignore
04-24 22:58:43.960 D/PowerManagerService(  452): mHoldBootFastWakeLock = false
04-24 22:58:55.020 I/wpa_supplicant(  513): wlan0: CTRL-EVENT-SSID-REENABLED id=0 ssid="XP-3f"
04-24 22:58:55.020 I/wpa_supplicant(  513): wlan0: Trying to associate with a4:93:4c:b1:4a:5f (SSID='XP-3f' freq=2472 MHz)
04-24 22:58:55.480 I/wpa_supplicant(  513): wlan0: Associated with a4:93:4c:b1:4a:5f
04-24 22:58:55.530 I/wpa_supplicant(  513): wlan0: WPA: Key negotiation completed with a4:93:4c:b1:4a:5f [PTK=CCMP GTK=CCMP]
04-24 22:58:55.530 I/wpa_supplicant(  513): wlan0: CTRL-EVENT-CONNECTED - Connection to a4:93:4c:b1:4a:5f completed (auth) [id=0 id_str=]
04-24 22:58:55.730 E/wpa_supplicant(  513): wpa_driver_nl80211_driver_cmd: failed to issue private commands
04-24 22:58:55.730 E/WifiStateMachine(  452): Unexpected BatchedScanResults :null
04-24 22:58:55.740 E/wpa_supplicant(  513): wpa_driver_nl80211_driver_cmd: failed to issue private commands
04-24 22:58:56.640 D/WifiStateMachine(  452): VerifyingLinkState enter
04-24 22:58:56.660 D/WifiStateMachine(  452): VerifyingLinkState GOOD_LINK_DETECTED: transition to captive portal check
04-24 22:58:56.660 D/WifiStateMachine(  452): CaptivePortalCheckState enter
04-24 22:58:56.660 D/ConnectivityService(  452): Captive portal check NetworkInfo: type: WIFI[], state: CONNECTING/CAPTIVE_PORTAL_CHECK, reason: (unspecified), extra: "XP-3f", roaming: false, failover: false, isAvailable: true, isConnectedToProvisioningNetwork: false
04-24 22:58:56.660 D/ConnectivityService(  452): handleCaptivePortalTrackerCheck: call captivePortalCheckComplete ni=NetworkInfo: type: WIFI[], state: CONNECTING/CAPTIVE_PORTAL_CHECK, reason: (unspecified), extra: "XP-3f", roaming: false, failover: false, isAvailable: true, isConnectedToProvisioningNetwork: false
04-24 22:58:56.660 D/ConnectivityService(  452): Captive portal check NetworkInfo: type: WIFI[], state: CONNECTING/CAPTIVE_PORTAL_CHECK, reason: (unspecified), extra: "XP-3f", roaming: false, failover: false, isAvailable: true, isConnectedToProvisioningNetwork: false
04-24 22:58:56.660 D/ConnectivityService(  452): handleCaptivePortalTrackerCheck: call captivePortalCheckComplete ni=NetworkInfo: type: WIFI[], state: CONNECTING/CAPTIVE_PORTAL_CHECK, reason: (unspecified), extra: "XP-3f", roaming: false, failover: false, isAvailable: true, isConnectedToProvisioningNetwork: false
04-24 22:58:56.670 D/WifiStateMachine(  452): CaptivePortalCheckState CMD_CAPTIVE_CHECK_COMPLETE
04-24 22:58:56.680 D/ConnectivityService(  452): ConnectivityChange for WIFI: CONNECTED/CONNECTED
04-24 22:58:56.700 E/ConnectivityService(  452): Unexpected mtu value: android.net.wifi.WifiStateTracker@42240148
04-24 22:58:56.740 D/Nat464Xlat(  452): requiresClat: netType=1, hasIPv4Address=true
04-24 22:58:56.750 D/ConnectivityService(  452): ConnectivityChange for WIFI: CONNECTED/CONNECTED
04-24 22:58:56.750 E/ConnectivityService(  452): Unexpected mtu value: android.net.wifi.WifiStateTracker@42240148
04-24 22:58:56.770 D/dalvikvm(  625): GC_CONCURRENT freed 343K, 8% free 4818K/5216K, paused 1ms+40ms, total 81ms
04-24 22:58:56.800 D/ConnectivityService(  452): handleConnectivityChange: address are the same reset per doReset linkProperty[1]: resetMask=0
04-24 22:58:56.800 D/Nat464Xlat(  452): requiresClat: netType=1, hasIPv4Address=true
04-24 22:58:58.450 D/ConnectivityService(  452): handleConnectivityChange: addresses changed linkProperty[1]: resetMask=0
04-24 22:58:58.450 D/ConnectivityService(  452):    car=removed=[] added=[fe80::222:f4ff:fef9:1147/64,]
04-24 22:58:58.450 D/Nat464Xlat(  452): requiresClat: netType=1, hasIPv4Address=true
04-24 22:58:58.470 D/ConnectivityService(  452): handleConnectivityChange: address are the same reset per doReset linkProperty[1]: resetMask=0
04-24 22:58:58.470 D/Nat464Xlat(  452): requiresClat: netType=1, hasIPv4Address=true
04-24 22:58:59.780 D/Tethering(  452): MasterInitialState.processMessage what=3
04-24 22:58:59.810 D/CaptivePortalTracker(  452): NoActiveNetworkState{ when=-7ms what=1 obj=NetworkInfo: type: WIFI[], state: CONNECTED/CONNECTED, reason: (unspecified), extra: "XP-3f", roaming: false, failover: false, isAvailable: true, isConnectedToProvisioningNetwork: false target=com.android.internal.util.StateMachine$SmHandler }
04-24 22:58:59.820 I/DeviceInfoService(  452): wifi on
04-24 22:58:59.820 I/DeviceInfoService(  452): onReceive BroadcastReceiver
04-24 22:58:59.820 D/OtaService(  452): onreceive action = android.net.conn.CONNECTIVITY_CHANGE
04-24 22:58:59.820 I/OtaService(  452): onReceive BroadcastReceiver
04-24 22:58:59.840 D/Tethering(  452): MasterInitialState.processMessage what=3
04-24 22:58:59.850 D/CaptivePortalTracker(  452): DelayedCaptiveCheckState{ when=-2ms what=1 obj=NetworkInfo: type: WIFI[], state: CONNECTED/CONNECTED, reason: (unspecified), extra: "XP-3f", roaming: false, failover: false, isAvailable: true, isConnectedToProvisioningNetwork: false target=com.android.internal.util.StateMachine$SmHandler }
04-24 22:58:59.860 I/DeviceInfoService(  452): wifi on
04-24 22:58:59.860 I/DeviceInfoService(  452): onReceive BroadcastReceiver
04-24 22:58:59.860 D/OtaService(  452): onreceive action = android.net.conn.CONNECTIVITY_CHANGE
04-24 22:58:59.860 I/OtaService(  452): onReceive BroadcastReceiver
04-24 22:58:59.890 D/GCM     (  824): GcmService start Intent { act=android.net.conn.CONNECTIVITY_CHANGE flg=0x4000010 cmp=com.google.android.gms/.gcm.GcmService (has extras) } android.net.conn.CONNECTIVITY_CHANGE
04-24 22:58:59.920 D/dalvikvm(  824): GC_CONCURRENT freed 427K, 10% free 5133K/5672K, paused 3ms+3ms, total 31ms
04-24 22:58:59.980 D/        ( 1343): intervalx=36569612
04-24 22:59:00.010 D/GCM     (  824): GcmService start Intent { act=android.net.conn.CONNECTIVITY_CHANGE flg=0x4000010 cmp=com.google.android.gms/.gcm.GcmService (has extras) } android.net.conn.CONNECTIVITY_CHANGE
04-24 22:59:00.070 D/        ( 1343): intervalx=36569701
04-24 22:59:00.070 D/dalvikvm( 1330): GC_CONCURRENT freed 388K, 9% free 4450K/4872K, paused 1ms+2ms, total 20ms
04-24 22:59:06.260 D/dalvikvm(  452): GC_FOR_ALLOC freed 1372K, 14% free 10356K/11916K, paused 109ms, total 111ms
04-24 22:59:07.300 D/GCM     (  824): Connected
04-24 22:59:07.350 I/GCM     (  824): GCM message com.google.android.gsf.gtalkservice 
04-24 22:59:07.380 D/GCM     (  824): Message class fon
04-24 22:59:07.830 D/ConnectivityService(  452): handleInetConditionHoldEnd: net=1, condition=100, published condition=0
04-24 22:59:09.830 D/CaptivePortalTracker(  452): DelayedCaptiveCheckState{ when=-16ms what=2 arg1=173 target=com.android.internal.util.StateMachine$SmHandler }
04-24 22:59:09.830 D/ConnectivityService(  452): setProvNotificationVisible: E visible=false networkType=1 extraInfo=null url=null
04-24 22:59:15.190 D/CaptivePortalTracker(  452): Checking http://74.125.235.197/generate_204
04-24 22:59:15.750 W/ContextImpl(  452): Calling a method in the system process without a qualified user: android.app.ContextImpl.sendBroadcast:1137 android.net.CaptivePortalTracker.sendNetworkConditionsBroadcast:507 android.net.CaptivePortalTracker.isCaptivePortal:399 android.net.CaptivePortalTracker.access$2600:60 android.net.CaptivePortalTracker$DelayedCaptiveCheckState.processMessage:283 
04-24 22:59:15.760 D/CaptivePortalTracker(  452): isCaptivePortal: ret=false rspCode=204
04-24 22:59:15.770 D/CaptivePortalTracker(  452): Not captive network NetworkInfo: type: WIFI[], state: CONNECTED/CONNECTED, reason: (unspecified), extra: "XP-3f", roaming: false, failover: false, isAvailable: true, isConnectedToProvisioningNetwork: false
04-24 22:59:15.770 D/CaptivePortalTracker(  452): notifyPortalCheckCompleted: captive=false ni=NetworkInfo: type: WIFI[], state: CONNECTED/CONNECTED, reason: (unspecified), extra: "XP-3f", roaming: false, failover: false, isAvailable: true, isConnectedToProvisioningNetwork: false
04-24 22:59:15.770 D/ConnectivityService(  452): captivePortalCheckCompleted: ni=NetworkInfo: type: WIFI[], state: CONNECTED/CONNECTED, reason: (unspecified), extra: "XP-3f", roaming: false, failover: false, isAvailable: true, isConnectedToProvisioningNetwork: false captive=false
04-24 22:59:44.040 D/PowerManagerService(  452): mHoldBootFastWakeLock = false
04-24 23:01:29.050 D/PowerManagerService(  452): mHoldBootFastWakeLock = false
04-24 23:01:29.090 D/ConnectivityService(  452): Sampling interval elapsed, updating statistics ..
04-24 23:01:29.100 D/ConnectivityService(  452): Done.
04-24 23:01:29.100 D/ConnectivityService(  452): Setting timer for 720seconds
04-24 23:49:28.040 I/wpa_supplicant(  513): wlan0: WPA: Group rekeying completed with a4:93:4c:b1:4a:5f [GTK=CCMP]
04-24 23:49:28.060 D/PowerManagerService(  452): mHoldBootFastWakeLock = false
04-24 23:49:28.060 D/ConnectivityService(  452): Sampling interval elapsed, updating statistics ..
04-24 23:49:28.070 D/ConnectivityService(  452): Done.
04-24 23:49:28.070 D/ConnectivityService(  452): Setting timer for 720seconds
04-24 23:49:28.180 I/ActivityManager(  452): Delay finish: com.google.android.gsf/.checkin.EventLogService$Receiver
04-24 23:49:28.190 I/EventLogService(  824): Aggregate from 1398350969219 (log), 1398350969219 (data)
04-24 23:49:28.240 I/ActivityManager(  452): Resuming delayed broadcast
04-24 23:49:30.390 D/GCM     (  824): Message class fog
04-24 23:49:30.900 D/ConnectivityService(  452): handleInetConditionHoldEnd: net=1, condition=100, published condition=100
04-25 00:37:58.150 D/dalvikvm(  452): GC_FOR_ALLOC freed 1082K, 14% free 10334K/11916K, paused 93ms, total 94ms
04-25 00:37:58.200 D/PowerManagerService(  452): mHoldBootFastWakeLock = false
04-25 00:37:58.260 D/ConnectivityService(  452): Sampling interval elapsed, updating statistics ..
04-25 00:37:58.280 D/ConnectivityService(  452): Done.
04-25 00:37:58.280 D/ConnectivityService(  452): Setting timer for 720seconds
04-25 00:37:58.360 D/dalvikvm(  839): GC_CONCURRENT freed 356K, 9% free 4950K/5420K, paused 6ms+1ms, total 47ms
04-25 00:37:58.370 I/EventLogService(  824): Aggregate from 1398354568203 (log), 1398354568203 (data)
04-25 00:37:58.370 I/ActivityManager(  452): Delay finish: com.google.android.gsf/.checkin.EventLogService$Receiver
04-25 00:37:58.430 I/ActivityManager(  452): Resuming delayed broadcast
04-25 00:37:58.450 D/dalvikvm(  824): GC_CONCURRENT freed 400K, 10% free 5136K/5672K, paused 4ms+3ms, total 34ms
04-25 00:37:58.450 D/dalvikvm(  824): WAIT_FOR_CONCURRENT_GC blocked 21ms
04-25 00:37:58.640 D/GCM     (  824): Message class fog
04-25 00:37:59.150 D/ConnectivityService(  452): handleInetConditionHoldEnd: net=1, condition=100, published condition=100
04-25 00:38:00.410 I/System.out( 1343): passive
04-25 00:38:00.410 I/System.out( 1343): gps
04-25 00:38:00.410 I/System.out( 1343): network
04-25 00:38:00.440 D/dalvikvm( 1343): GC_CONCURRENT freed 420K, 42% free 4640K/7940K, paused 2ms+2ms, total 22ms
04-25 00:49:28.040 I/wpa_supplicant(  513): wlan0: WPA: Group rekeying completed with a4:93:4c:b1:4a:5f [GTK=CCMP]
04-25 01:49:28.040 I/wpa_supplicant(  513): wlan0: WPA: Group rekeying completed with a4:93:4c:b1:4a:5f [GTK=CCMP]
04-25 01:49:28.090 D/PowerManagerService(  452): mHoldBootFastWakeLock = false
04-25 01:49:28.180 D/ConnectivityService(  452): Sampling interval elapsed, updating statistics ..
04-25 01:49:28.180 D/ConnectivityService(  452): Done.
04-25 01:49:28.180 D/ConnectivityService(  452): Setting timer for 720seconds
04-25 01:49:28.260 D/dalvikvm( 1259): GC_CONCURRENT freed 466K, 10% free 4577K/5076K, paused 3ms+2ms, total 27ms
04-25 01:49:28.270 I/ActivityManager(  452): Delay finish: com.google.android.gsf/.checkin.EventLogService$Receiver
04-25 01:49:28.280 I/EventLogService(  824): Aggregate from 1398357478387 (log), 1398357478387 (data)
04-25 01:49:28.300 E/wpa_supplicant(  513): wpa_driver_nl80211_driver_cmd: failed to issue private commands
04-25 01:49:28.300 E/WifiStateMachine(  452): Unexpected BatchedScanResults :null
04-25 01:49:28.310 E/wpa_supplicant(  513): wpa_driver_nl80211_driver_cmd: failed to issue private commands
04-25 01:49:28.360 I/ActivityManager(  452): Resuming delayed broadcast
04-25 01:49:28.370 I/LatinIME:LogUtils(  611): Dictionary info: dictionary = UserHistoryDictionary.en_US.dic ; version = ? ; date = 1398361768
04-25 01:49:28.970 D/WifiStateMachine(  452): VerifyingLinkState enter
04-25 01:49:28.990 D/WifiStateMachine(  452): VerifyingLinkState GOOD_LINK_DETECTED: transition to captive portal check
04-25 01:49:28.990 D/WifiStateMachine(  452): CaptivePortalCheckState enter
04-25 01:49:29.000 D/WifiStateMachine(  452): CaptivePortalCheckState CMD_CAPTIVE_CHECK_COMPLETE
04-25 01:49:29.000 D/ConnectivityService(  452): Captive portal check NetworkInfo: type: WIFI[], state: CONNECTING/CAPTIVE_PORTAL_CHECK, reason: (unspecified), extra: "XP-3f", roaming: false, failover: false, isAvailable: true, isConnectedToProvisioningNetwork: false
04-25 01:49:29.000 D/ConnectivityService(  452): handleCaptivePortalTrackerCheck: call captivePortalCheckComplete ni=NetworkInfo: type: WIFI[], state: CONNECTING/CAPTIVE_PORTAL_CHECK, reason: (unspecified), extra: "XP-3f", roaming: false, failover: false, isAvailable: true, isConnectedToProvisioningNetwork: false
04-25 01:49:29.000 D/ConnectivityService(  452): Captive portal check NetworkInfo: type: WIFI[], state: CONNECTING/CAPTIVE_PORTAL_CHECK, reason: (unspecified), extra: "XP-3f", roaming: false, failover: false, isAvailable: true, isConnectedToProvisioningNetwork: false
04-25 01:49:29.000 D/ConnectivityService(  452): handleCaptivePortalTrackerCheck: call captivePortalCheckComplete ni=NetworkInfo: type: WIFI[], state: CONNECTING/CAPTIVE_PORTAL_CHECK, reason: (unspecified), extra: "XP-3f", roaming: false, failover: false, isAvailable: true, isConnectedToProvisioningNetwork: false
04-25 01:49:29.030 D/ConnectivityService(  452): ConnectivityChange for WIFI: CONNECTED/CONNECTED
04-25 01:49:29.030 E/ConnectivityService(  452): Unexpected mtu value: android.net.wifi.WifiStateTracker@42240148
04-25 01:49:29.050 D/ConnectivityService(  452): handleConnectivityChange: address are the same reset per doReset linkProperty[1]: resetMask=0
04-25 01:49:29.050 D/Nat464Xlat(  452): requiresClat: netType=1, hasIPv4Address=true
04-25 01:49:29.060 D/ConnectivityService(  452): ConnectivityChange for WIFI: CONNECTED/CONNECTED
04-25 01:49:29.070 E/ConnectivityService(  452): Unexpected mtu value: android.net.wifi.WifiStateTracker@42240148
04-25 01:49:29.090 D/ConnectivityService(  452): handleConnectivityChange: address are the same reset per doReset linkProperty[1]: resetMask=0
04-25 01:49:29.090 D/Nat464Xlat(  452): requiresClat: netType=1, hasIPv4Address=true
04-25 01:49:30.040 D/ConnectivityService(  452): NetTransition Wakelock for ConnectedState released by timeout
04-25 01:49:30.360 D/dalvikvm(  452): GC_FOR_ALLOC freed 1266K, 14% free 10352K/11916K, paused 101ms, total 102ms
04-25 01:49:31.500 D/ConnectivityService(  452): handleInetConditionHoldEnd: net=1, condition=0, published condition=0
04-25 01:49:31.500 D/ConnectivityService(  452): handleInetConditionHoldEnd: event hold for obsolete network - ignoring
04-25 01:49:32.080 D/Tethering(  452): MasterInitialState.processMessage what=3
04-25 01:49:32.140 I/DeviceInfoService(  452): wifi on
04-25 01:49:32.140 I/DeviceInfoService(  452): onReceive BroadcastReceiver
04-25 01:49:32.140 D/OtaService(  452): onreceive action = android.net.conn.CONNECTIVITY_CHANGE
04-25 01:49:32.140 I/OtaService(  452): onReceive BroadcastReceiver
04-25 01:49:32.150 D/Tethering(  452): MasterInitialState.processMessage what=3
04-25 01:49:32.170 I/DeviceInfoService(  452): wifi on
04-25 01:49:32.170 I/DeviceInfoService(  452): onReceive BroadcastReceiver
04-25 01:49:32.170 D/OtaService(  452): onreceive action = android.net.conn.CONNECTIVITY_CHANGE
04-25 01:49:32.170 I/OtaService(  452): onReceive BroadcastReceiver
04-25 01:49:32.210 D/GCM     (  824): GcmService start Intent { act=android.net.conn.CONNECTIVITY_CHANGE flg=0x4000010 cmp=com.google.android.gms/.gcm.GcmService (has extras) } android.net.conn.CONNECTIVITY_CHANGE
04-25 01:49:32.280 D/        ( 1343): intervalx=46801914
04-25 01:49:32.320 D/GCM     (  824): GcmService start Intent { act=android.net.conn.CONNECTIVITY_CHANGE flg=0x4000010 cmp=com.google.android.gms/.gcm.GcmService (has extras) } android.net.conn.CONNECTIVITY_CHANGE
04-25 01:49:32.390 D/        ( 1343): intervalx=46802026
04-25 01:49:35.230 D/ConnectivityService(  452): handleInetConditionHoldEnd: net=1, condition=0, published condition=0
04-25 01:49:42.020 D/ConnectivityService(  452): handleInetConditionHoldEnd: net=1, condition=0, published condition=0
04-25 01:49:49.170 D/GCM     (  824): Connected
04-25 01:49:49.230 I/GCM     (  824): GCM message com.google.android.gsf.gtalkservice 
04-25 01:49:49.270 D/GCM     (  824): Message class fon
04-25 01:49:49.720 D/ConnectivityService(  452): handleInetConditionHoldEnd: net=1, condition=100, published condition=0
04-25 01:49:59.200 D/PowerManagerService(  452): mHoldBootFastWakeLock = false
04-25 01:50:24.590 D/dalvikvm(  452): GC_FOR_ALLOC freed 998K, 14% free 10321K/11916K, paused 101ms, total 102ms
04-25 01:50:28.130 D/PowerManagerService(  452): mHoldBootFastWakeLock = false
04-25 01:50:32.520 I/System.out( 1343): passive
04-25 01:50:32.520 I/System.out( 1343): gps
04-25 01:50:32.520 I/System.out( 1343): network
04-25 01:51:28.220 D/PowerManagerService(  452): mHoldBootFastWakeLock = false
04-25 02:00:03.050 D/PowerManagerService(  452): mHoldBootFastWakeLock = false
04-25 02:00:05.210 D/dalvikvm(  452): GC_FOR_ALLOC freed 678K, 14% free 10312K/11916K, paused 89ms, total 90ms
04-25 02:49:28.040 I/wpa_supplicant(  513): wlan0: WPA: Group rekeying completed with a4:93:4c:b1:4a:5f [GTK=CCMP]
04-25 02:49:28.050 D/PowerManagerService(  452): mHoldBootFastWakeLock = false
04-25 02:49:28.060 D/ConnectivityService(  452): Sampling interval elapsed, updating statistics ..
04-25 02:49:28.060 D/ConnectivityService(  452): Done.
04-25 02:49:28.060 D/ConnectivityService(  452): Setting timer for 720seconds
04-25 02:49:28.170 I/EventLogService(  824): Aggregate from 1398361768293 (log), 1398361768293 (data)
04-25 02:49:28.170 I/ActivityManager(  452): Delay finish: com.google.android.gsf/.checkin.EventLogService$Receiver
04-25 02:49:28.230 D/dalvikvm(  824): GC_FOR_ALLOC freed 279K, 10% free 5108K/5668K, paused 20ms, total 21ms
04-25 02:49:28.240 I/ActivityManager(  452): Resuming delayed broadcast
04-25 02:49:30.940 D/GCM     (  824): Message class foi
04-25 02:49:31.150 D/GCM     (  824): Message class fog
04-25 02:49:31.470 D/ConnectivityService(  452): handleInetConditionHoldEnd: net=1, condition=100, published condition=100
04-25 03:22:00.120 D/ConnectivityService(  452): Sampling interval elapsed, updating statistics ..
04-25 03:22:00.130 D/ConnectivityService(  452): Done.
04-25 03:22:00.130 D/ConnectivityService(  452): Setting timer for 720seconds
04-25 03:22:00.200 I/ActivityManager(  452): Delay finish: com.google.android.gsf/.checkin.EventLogService$Receiver
04-25 03:22:00.210 I/EventLogService(  824): Aggregate from 1398365368187 (log), 1398365368187 (data)
04-25 03:22:00.260 I/ActivityManager(  452): Resuming delayed broadcast
04-25 03:22:00.470 D/GCM     (  824): Message class fog
04-25 03:22:00.980 D/ConnectivityService(  452): handleInetConditionHoldEnd: net=1, condition=100, published condition=100
04-25 03:49:28.040 I/wpa_supplicant(  513): wlan0: WPA: Group rekeying completed with a4:93:4c:b1:4a:5f [GTK=CCMP]
04-25 03:49:28.110 D/PowerManagerService(  452): mHoldBootFastWakeLock = false
04-25 03:49:28.160 D/ConnectivityService(  452): Sampling interval elapsed, updating statistics ..
04-25 03:49:28.160 D/ConnectivityService(  452): Done.
04-25 03:49:28.160 D/ConnectivityService(  452): Setting timer for 720seconds
04-25 03:49:28.310 E/wpa_supplicant(  513): wpa_driver_nl80211_driver_cmd: failed to issue private commands
04-25 03:49:28.310 E/WifiStateMachine(  452): Unexpected BatchedScanResults :null
04-25 03:49:28.320 E/wpa_supplicant(  513): wpa_driver_nl80211_driver_cmd: failed to issue private commands
04-25 03:49:28.450 D/GCM     (  824): Message class fog
04-25 03:49:28.960 D/ConnectivityService(  452): handleInetConditionHoldEnd: net=1, condition=100, published condition=100
04-25 03:49:28.990 D/WifiStateMachine(  452): VerifyingLinkState enter
04-25 03:49:29.010 D/WifiStateMachine(  452): VerifyingLinkState GOOD_LINK_DETECTED: transition to captive portal check
04-25 03:49:29.010 D/WifiStateMachine(  452): CaptivePortalCheckState enter
04-25 03:49:29.020 D/ConnectivityService(  452): Captive portal check NetworkInfo: type: WIFI[], state: CONNECTING/CAPTIVE_PORTAL_CHECK, reason: (unspecified), extra: "XP-3f", roaming: false, failover: false, isAvailable: true, isConnectedToProvisioningNetwork: false
04-25 03:49:29.020 D/ConnectivityService(  452): handleCaptivePortalTrackerCheck: call captivePortalCheckComplete ni=NetworkInfo: type: WIFI[], state: CONNECTING/CAPTIVE_PORTAL_CHECK, reason: (unspecified), extra: "XP-3f", roaming: false, failover: false, isAvailable: true, isConnectedToProvisioningNetwork: false
04-25 03:49:29.020 D/ConnectivityService(  452): Captive portal check NetworkInfo: type: WIFI[], state: CONNECTING/CAPTIVE_PORTAL_CHECK, reason: (unspecified), extra: "XP-3f", roaming: false, failover: false, isAvailable: true, isConnectedToProvisioningNetwork: false
04-25 03:49:29.020 D/ConnectivityService(  452): handleCaptivePortalTrackerCheck: call captivePortalCheckComplete ni=NetworkInfo: type: WIFI[], state: CONNECTING/CAPTIVE_PORTAL_CHECK, reason: (unspecified), extra: "XP-3f", roaming: false, failover: false, isAvailable: true, isConnectedToProvisioningNetwork: false
04-25 03:49:29.030 D/WifiStateMachine(  452): CaptivePortalCheckState CMD_CAPTIVE_CHECK_COMPLETE
04-25 03:49:29.050 D/ConnectivityService(  452): ConnectivityChange for WIFI: CONNECTED/CONNECTED
04-25 03:49:29.060 E/ConnectivityService(  452): Unexpected mtu value: android.net.wifi.WifiStateTracker@42240148
04-25 03:49:29.080 D/ConnectivityService(  452): handleConnectivityChange: address are the same reset per doReset linkProperty[1]: resetMask=0
04-25 03:49:29.080 D/Nat464Xlat(  452): requiresClat: netType=1, hasIPv4Address=true
04-25 03:49:29.090 D/ConnectivityService(  452): ConnectivityChange for WIFI: CONNECTED/CONNECTED
04-25 03:49:29.100 E/ConnectivityService(  452): Unexpected mtu value: android.net.wifi.WifiStateTracker@42240148
04-25 03:49:29.140 D/ConnectivityService(  452): handleConnectivityChange: address are the same reset per doReset linkProperty[1]: resetMask=0
04-25 03:49:29.140 D/Nat464Xlat(  452): requiresClat: netType=1, hasIPv4Address=true
04-25 03:49:30.060 D/ConnectivityService(  452): NetTransition Wakelock for ConnectedState released by timeout
04-25 03:49:32.120 D/Tethering(  452): MasterInitialState.processMessage what=3
04-25 03:49:32.170 I/DeviceInfoService(  452): wifi on
04-25 03:49:32.170 I/DeviceInfoService(  452): onReceive BroadcastReceiver
04-25 03:49:32.170 D/OtaService(  452): onreceive action = android.net.conn.CONNECTIVITY_CHANGE
04-25 03:49:32.170 I/OtaService(  452): onReceive BroadcastReceiver
04-25 03:49:32.190 D/Tethering(  452): MasterInitialState.processMessage what=3
04-25 03:49:32.210 I/DeviceInfoService(  452): wifi on
04-25 03:49:32.210 I/DeviceInfoService(  452): onReceive BroadcastReceiver
04-25 03:49:32.210 D/OtaService(  452): onreceive action = android.net.conn.CONNECTIVITY_CHANGE
04-25 03:49:32.210 I/OtaService(  452): onReceive BroadcastReceiver
04-25 03:49:32.240 D/GCM     (  824): GcmService start Intent { act=android.net.conn.CONNECTIVITY_CHANGE flg=0x4000010 cmp=com.google.android.gms/.gcm.GcmService (has extras) } android.net.conn.CONNECTIVITY_CHANGE
04-25 03:49:32.300 D/        ( 1343): intervalx=54001933
04-25 03:49:32.340 D/GCM     (  824): GcmService start Intent { act=android.net.conn.CONNECTIVITY_CHANGE flg=0x4000010 cmp=com.google.android.gms/.gcm.GcmService (has extras) } android.net.conn.CONNECTIVITY_CHANGE
04-25 03:49:32.460 D/dalvikvm(  452): GC_CONCURRENT freed 1306K, 14% free 10366K/11916K, paused 7ms+13ms, total 106ms
04-25 03:49:32.480 D/        ( 1343): intervalx=54002114
04-25 03:49:32.750 D/ConnectivityService(  452): handleInetConditionHoldEnd: net=1, condition=100, published condition=0
04-25 04:49:28.040 I/wpa_supplicant(  513): wlan0: WPA: Group rekeying completed with a4:93:4c:b1:4a:5f [GTK=CCMP]
04-25 04:49:28.090 W/ProcessCpuTracker(  452): Skipping unknown process pid 541
04-25 04:49:28.120 I/EventLogService(  824): Aggregate from 1398367320221 (log), 1398367320221 (data)
04-25 04:49:28.120 I/ActivityManager(  452): Delay finish: com.google.android.gsf/.checkin.EventLogService$Receiver
04-25 04:49:28.200 D/dalvikvm(  824): GC_FOR_ALLOC freed 208K, 10% free 5121K/5668K, paused 24ms, total 24ms
04-25 04:49:28.210 I/ActivityManager(  452): Resuming delayed broadcast
04-25 04:49:28.230 D/ConnectivityService(  452): Sampling interval elapsed, updating statistics ..
04-25 04:49:28.240 D/ConnectivityService(  452): Done.
04-25 04:49:28.240 D/ConnectivityService(  452): Setting timer for 720seconds
04-25 04:49:28.270 D/dalvikvm( 1259): GC_CONCURRENT freed 472K, 10% free 4575K/5084K, paused 2ms+7ms, total 34ms
04-25 04:49:28.290 W/CallerInfoCache(  625): Previous cache task is remaining.
04-25 04:49:28.300 I/LatinIME:LogUtils(  611): Dictionary info: dictionary = UserHistoryDictionary.en_US.dic ; version = ? ; date = 1398372568
04-25 04:49:38.090 D/PowerManagerService(  452): mHoldBootFastWakeLock = false
04-25 04:49:38.110 D/GCM     (  824): Message class foi
04-25 04:49:38.190 D/GCM     (  824): Message class fog
04-25 04:49:38.620 D/ConnectivityService(  452): handleInetConditionHoldEnd: net=1, condition=100, published condition=100
04-25 05:49:28.040 I/wpa_supplicant(  513): wlan0: WPA: Group rekeying completed with a4:93:4c:b1:4a:5f [GTK=CCMP]
04-25 05:49:28.100 D/PowerManagerService(  452): mHoldBootFastWakeLock = false
04-25 05:49:28.150 D/ConnectivityService(  452): Sampling interval elapsed, updating statistics ..
04-25 05:49:28.160 D/ConnectivityService(  452): Done.
04-25 05:49:28.160 D/ConnectivityService(  452): Setting timer for 720seconds
04-25 05:49:28.220 I/ActivityManager(  452): Delay finish: com.google.android.gsf/.checkin.EventLogService$Receiver
04-25 05:49:28.230 I/EventLogService(  824): Aggregate from 1398372568138 (log), 1398372568138 (data)
04-25 05:49:28.280 I/ActivityManager(  452): Resuming delayed broadcast
04-25 05:49:28.470 E/wpa_supplicant(  513): wpa_driver_nl80211_driver_cmd: failed to issue private commands
04-25 05:49:28.470 E/WifiStateMachine(  452): Unexpected BatchedScanResults :null
04-25 05:49:28.480 E/wpa_supplicant(  513): wpa_driver_nl80211_driver_cmd: failed to issue private commands
04-25 05:49:29.100 D/WifiStateMachine(  452): VerifyingLinkState enter
04-25 05:49:29.110 D/WifiStateMachine(  452): VerifyingLinkState GOOD_LINK_DETECTED: transition to captive portal check
04-25 05:49:29.110 D/WifiStateMachine(  452): CaptivePortalCheckState enter
04-25 05:49:29.120 D/WifiStateMachine(  452): CaptivePortalCheckState CMD_CAPTIVE_CHECK_COMPLETE
04-25 05:49:29.120 D/ConnectivityService(  452): Captive portal check NetworkInfo: type: WIFI[], state: CONNECTING/CAPTIVE_PORTAL_CHECK, reason: (unspecified), extra: "XP-3f", roaming: false, failover: false, isAvailable: true, isConnectedToProvisioningNetwork: false
04-25 05:49:29.120 D/ConnectivityService(  452): handleCaptivePortalTrackerCheck: call captivePortalCheckComplete ni=NetworkInfo: type: WIFI[], state: CONNECTING/CAPTIVE_PORTAL_CHECK, reason: (unspecified), extra: "XP-3f", roaming: false, failover: false, isAvailable: true, isConnectedToProvisioningNetwork: false
04-25 05:49:29.120 D/ConnectivityService(  452): Captive portal check NetworkInfo: type: WIFI[], state: CONNECTING/CAPTIVE_PORTAL_CHECK, reason: (unspecified), extra: "XP-3f", roaming: false, failover: false, isAvailable: true, isConnectedToProvisioningNetwork: false
04-25 05:49:29.120 D/ConnectivityService(  452): handleCaptivePortalTrackerCheck: call captivePortalCheckComplete ni=NetworkInfo: type: WIFI[], state: CONNECTING/CAPTIVE_PORTAL_CHECK, reason: (unspecified), extra: "XP-3f", roaming: false, failover: false, isAvailable: true, isConnectedToProvisioningNetwork: false
04-25 05:49:29.130 D/ConnectivityService(  452): ConnectivityChange for WIFI: CONNECTED/CONNECTED
04-25 05:49:29.130 E/ConnectivityService(  452): Unexpected mtu value: android.net.wifi.WifiStateTracker@42240148
04-25 05:49:29.160 D/ConnectivityService(  452): handleConnectivityChange: address are the same reset per doReset linkProperty[1]: resetMask=0
04-25 05:49:29.160 D/Nat464Xlat(  452): requiresClat: netType=1, hasIPv4Address=true
04-25 05:49:29.170 D/ConnectivityService(  452): ConnectivityChange for WIFI: CONNECTED/CONNECTED
04-25 05:49:29.190 E/ConnectivityService(  452): Unexpected mtu value: android.net.wifi.WifiStateTracker@42240148
04-25 05:49:29.220 D/ConnectivityService(  452): handleConnectivityChange: address are the same reset per doReset linkProperty[1]: resetMask=0
04-25 05:49:29.220 D/Nat464Xlat(  452): requiresClat: netType=1, hasIPv4Address=true
04-25 05:49:30.140 D/ConnectivityService(  452): NetTransition Wakelock for ConnectedState released by timeout
04-25 05:49:30.510 D/dalvikvm(  452): GC_FOR_ALLOC freed 1341K, 13% free 10362K/11908K, paused 101ms, total 101ms
04-25 05:49:32.200 D/Tethering(  452): MasterInitialState.processMessage what=3
04-25 05:49:32.280 I/DeviceInfoService(  452): wifi on
04-25 05:49:32.280 I/DeviceInfoService(  452): onReceive BroadcastReceiver
04-25 05:49:32.280 D/OtaService(  452): onreceive action = android.net.conn.CONNECTIVITY_CHANGE
04-25 05:49:32.280 I/OtaService(  452): onReceive BroadcastReceiver
04-25 05:49:32.290 D/Tethering(  452): MasterInitialState.processMessage what=3
04-25 05:49:32.320 I/DeviceInfoService(  452): wifi on
04-25 05:49:32.320 I/DeviceInfoService(  452): onReceive BroadcastReceiver
04-25 05:49:32.320 D/OtaService(  452): onreceive action = android.net.conn.CONNECTIVITY_CHANGE
04-25 05:49:32.320 I/OtaService(  452): onReceive BroadcastReceiver
04-25 05:49:32.350 D/GCM     (  824): GcmService start Intent { act=android.net.conn.CONNECTIVITY_CHANGE flg=0x4000010 cmp=com.google.android.gms/.gcm.GcmService (has extras) } android.net.conn.CONNECTIVITY_CHANGE
04-25 05:49:32.410 D/        ( 1343): intervalx=61202040
04-25 05:49:32.450 D/GCM     (  824): GcmService start Intent { act=android.net.conn.CONNECTIVITY_CHANGE flg=0x4000010 cmp=com.google.android.gms/.gcm.GcmService (has extras) } android.net.conn.CONNECTIVITY_CHANGE
04-25 05:49:32.480 D/        ( 1343): intervalx=61202117
