04-24 06:49:30.280 I/EventLogService(  824): Aggregate from 1398289770193 (log), 1398289770193 (data)
04-24 06:49:30.330 I/ActivityManager(  452): Resuming delayed broadcast
04-24 06:49:30.450 D/GCM     (  824): Message class fog
04-24 06:49:30.950 D/ConnectivityService(  452): handleInetConditionHoldEnd: net=1, condition=100, published condition=100
04-24 07:49:31.040 I/wpa_supplicant(  513): wlan0: WPA: Group rekeying completed with a4:93:4c:b1:4a:5f [GTK=CCMP]
04-24 07:49:31.040 I/wpa_supplicant(  513): wlan0: WPA: Group rekeying completed with a4:93:4c:b1:4a:5f [GTK=CCMP]
04-24 07:49:31.110 D/PowerManagerService(  452): mHoldBootFastWakeLock = false
04-24 07:49:31.150 D/SensorManager(  789): >>>>>>> set discard sensrtime =3
04-24 07:49:31.180 D/ConnectivityService(  452): Sampling interval elapsed, updating statistics ..
04-24 07:49:31.180 D/ConnectivityService(  452): Done.
04-24 07:49:31.180 D/ConnectivityService(  452): Setting timer for 720seconds
04-24 07:49:31.260 I/EventLogService(  824): Aggregate from 1398293370293 (log), 1398293370293 (data)
04-24 07:49:31.260 I/ActivityManager(  452): Delay finish: com.google.android.gsf/.checkin.EventLogService$Receiver
04-24 07:49:31.300 I/ActivityManager(  452): Resuming delayed broadcast
04-24 07:49:31.430 D/SensorManager(  789): discard gsensor data ...
04-24 07:49:31.460 D/GCM     (  824): Message class fog
04-24 07:49:31.480 E/wpa_supplicant(  513): wpa_driver_nl80211_driver_cmd: failed to issue private commands
04-24 07:49:31.480 E/WifiStateMachine(  452): Unexpected BatchedScanResults :null
04-24 07:49:31.500 E/wpa_supplicant(  513): wpa_driver_nl80211_driver_cmd: failed to issue private commands
04-24 07:49:31.970 D/SensorManager(  789): discard gsensor data ...
04-24 07:49:31.970 D/ConnectivityService(  452): handleInetConditionHoldEnd: net=1, condition=100, published condition=100
04-24 07:49:32.130 D/SensorManager(  789): discard gsensor data ...
04-24 07:49:32.150 D/WifiStateMachine(  452): VerifyingLinkState enter
04-24 07:49:32.170 D/WifiStateMachine(  452): VerifyingLinkState GOOD_LINK_DETECTED: transition to captive portal check
04-24 07:49:32.170 D/WifiStateMachine(  452): CaptivePortalCheckState enter
04-24 07:49:32.180 D/WifiStateMachine(  452): CaptivePortalCheckState CMD_CAPTIVE_CHECK_COMPLETE
04-24 07:49:32.180 D/ConnectivityService(  452): Captive portal check NetworkInfo: type: WIFI[], state: CONNECTING/CAPTIVE_PORTAL_CHECK, reason: (unspecified), extra: "XP-3f", roaming: false, failover: false, isAvailable: true, isConnectedToProvisioningNetwork: false
04-24 07:49:32.180 D/ConnectivityService(  452): handleCaptivePortalTrackerCheck: call captivePortalCheckComplete ni=NetworkInfo: type: WIFI[], state: CONNECTING/CAPTIVE_PORTAL_CHECK, reason: (unspecified), extra: "XP-3f", roaming: false, failover: false, isAvailable: true, isConnectedToProvisioningNetwork: false
04-24 07:49:32.180 D/ConnectivityService(  452): Captive portal check NetworkInfo: type: WIFI[], state: CONNECTING/CAPTIVE_PORTAL_CHECK, reason: (unspecified), extra: "XP-3f", roaming: false, failover: false, isAvailable: true, isConnectedToProvisioningNetwork: false
04-24 07:49:32.180 D/ConnectivityService(  452): handleCaptivePortalTrackerCheck: call captivePortalCheckComplete ni=NetworkInfo: type: WIFI[], state: CONNECTING/CAPTIVE_PORTAL_CHECK, reason: (unspecified), extra: "XP-3f", roaming: false, failover: false, isAvailable: true, isConnectedToProvisioningNetwork: false
04-24 07:49:32.200 D/ConnectivityService(  452): ConnectivityChange for WIFI: CONNECTED/CONNECTED
04-24 07:49:32.220 E/ConnectivityService(  452): Unexpected mtu value: android.net.wifi.WifiStateTracker@42240148
04-24 07:49:32.230 D/ConnectivityService(  452): handleConnectivityChange: address are the same reset per doReset linkProperty[1]: resetMask=0
04-24 07:49:32.230 D/Nat464Xlat(  452): requiresClat: netType=1, hasIPv4Address=true
04-24 07:49:32.240 D/ConnectivityService(  452): ConnectivityChange for WIFI: CONNECTED/CONNECTED
04-24 07:49:32.250 E/ConnectivityService(  452): Unexpected mtu value: android.net.wifi.WifiStateTracker@42240148
04-24 07:49:32.270 D/ConnectivityService(  452): handleConnectivityChange: address are the same reset per doReset linkProperty[1]: resetMask=0
04-24 07:49:32.270 D/Nat464Xlat(  452): requiresClat: netType=1, hasIPv4Address=true
04-24 07:49:32.400 D/dalvikvm(  452): GC_CONCURRENT freed 1383K, 13% free 10288K/11824K, paused 4ms+12ms, total 106ms
04-24 07:49:32.400 D/dalvikvm(  452): WAIT_FOR_CONCURRENT_GC blocked 48ms
04-24 07:49:33.210 D/ConnectivityService(  452): NetTransition Wakelock for ConnectedState released by timeout
04-24 07:49:35.280 D/Tethering(  452): MasterInitialState.processMessage what=3
04-24 07:49:35.340 I/DeviceInfoService(  452): wifi on
04-24 07:49:35.340 I/DeviceInfoService(  452): onReceive BroadcastReceiver
04-24 07:49:35.340 D/OtaService(  452): onreceive action = android.net.conn.CONNECTIVITY_CHANGE
04-24 07:49:35.340 I/OtaService(  452): onReceive BroadcastReceiver
04-24 07:49:35.370 D/dalvikvm(  789): GC_CONCURRENT freed 390K, 10% free 5252K/5824K, paused 10ms+2ms, total 49ms
04-24 07:49:35.380 D/Tethering(  452): MasterInitialState.processMessage what=3
04-24 07:49:35.400 I/DeviceInfoService(  452): wifi on
04-24 07:49:35.400 I/DeviceInfoService(  452): onReceive BroadcastReceiver
04-24 07:49:35.400 D/OtaService(  452): onreceive action = android.net.conn.CONNECTIVITY_CHANGE
04-24 07:49:35.400 I/OtaService(  452): onReceive BroadcastReceiver
04-24 07:49:35.430 D/GCM     (  824): GcmService start Intent { act=android.net.conn.CONNECTIVITY_CHANGE flg=0x4000010 cmp=com.google.android.gms/.gcm.GcmService (has extras) } android.net.conn.CONNECTIVITY_CHANGE
04-24 07:49:35.490 D/        ( 1343): intervalx=70500016
04-24 07:49:35.520 D/GCM     (  824): GcmService start Intent { act=android.net.conn.CONNECTIVITY_CHANGE flg=0x4000010 cmp=com.google.android.gms/.gcm.GcmService (has extras) } android.net.conn.CONNECTIVITY_CHANGE
04-24 07:49:35.560 D/        ( 1343): intervalx=70500092
04-24 07:49:35.940 D/ConnectivityService(  452): handleInetConditionHoldEnd: net=1, condition=100, published condition=0
04-24 08:21:31.100 W/ProcessCpuTracker(  452): Skipping unknown process pid 31994
04-24 08:21:31.100 D/PowerManagerService(  452): mHoldBootFastWakeLock = false
04-24 08:21:31.150 D/SensorManager(  789): >>>>>>> set discard sensrtime =3
04-24 08:21:31.150 D/ConnectivityService(  452): Sampling interval elapsed, updating statistics ..
04-24 08:21:31.160 D/ConnectivityService(  452): Done.
04-24 08:21:31.160 D/ConnectivityService(  452): Setting timer for 720seconds
04-24 08:21:31.220 I/ActivityManager(  452): Delay finish: com.google.android.gsf/.checkin.EventLogService$Receiver
04-24 08:21:31.230 I/EventLogService(  824): Aggregate from 1398296971277 (log), 1398296971277 (data)
04-24 08:21:31.280 D/SensorManager(  789): discard gsensor data ...
04-24 08:21:31.300 D/dalvikvm(  824): GC_FOR_ALLOC freed 279K, 10% free 5097K/5644K, paused 23ms, total 24ms
04-24 08:21:31.310 I/ActivityManager(  452): Resuming delayed broadcast
04-24 08:21:31.340 D/SensorManager(  789): discard gsensor data ...
04-24 08:21:31.510 D/SensorManager(  789): discard gsensor data ...
04-24 08:21:31.520 D/GCM     (  824): Message class fog
04-24 08:21:32.030 D/ConnectivityService(  452): handleInetConditionHoldEnd: net=1, condition=100, published condition=100
04-24 08:21:36.920 D/dalvikvm(  452): GC_FOR_ALLOC freed 1000K, 14% free 10265K/11824K, paused 83ms, total 85ms
04-24 08:21:37.000 W/ProcessCpuTracker(  452): Skipping unknown process pid 32002
04-24 08:21:37.010 D/PowerManagerService(  452): mHoldBootFastWakeLock = false
04-24 08:21:37.030 I/ActivityManager(  452): Delay finish: com.android.providers.calendar/.CalendarProviderBroadcastReceiver
04-24 08:21:37.060 I/ActivityManager(  452): Resuming delayed broadcast
04-24 08:49:30.040 I/wpa_supplicant(  513): wlan0: WPA: Group rekeying completed with a4:93:4c:b1:4a:5f [GTK=CCMP]
04-24 08:49:30.100 W/ProcessCpuTracker(  452): Skipping unknown process pid 32004
04-24 08:49:30.100 D/PowerManagerService(  452): mHoldBootFastWakeLock = false
04-24 08:49:30.140 D/SensorManager(  789): >>>>>>> set discard sensrtime =3
04-24 08:49:30.170 D/ConnectivityService(  452): Sampling interval elapsed, updating statistics ..
04-24 08:49:30.180 D/ConnectivityService(  452): Done.
04-24 08:49:30.180 D/ConnectivityService(  452): Setting timer for 720seconds
04-24 08:49:30.280 D/SensorManager(  789): discard gsensor data ...
04-24 08:49:30.360 D/SensorManager(  789): discard gsensor data ...
04-24 08:49:30.980 D/SensorManager(  789): discard gsensor data ...
04-24 08:49:32.550 D/GCM     (  824): Message class fog
04-24 08:49:33.070 D/ConnectivityService(  452): handleInetConditionHoldEnd: net=1, condition=100, published condition=100
04-24 09:16:32.110 D/PowerManagerService(  452): mHoldBootFastWakeLock = false
04-24 09:16:32.190 D/SensorManager(  789): >>>>>>> set discard sensrtime =3
04-24 09:16:32.200 I/ActivityManager(  452): Delay finish: com.google.android.gsf/.checkin.EventLogService$Receiver
04-24 09:16:32.210 I/EventLogService(  824): Aggregate from 1398298891245 (log), 1398298891245 (data)
04-24 09:16:32.260 I/ActivityManager(  452): Resuming delayed broadcast
04-24 09:16:32.280 I/ActivityManager(  452): Delay finish: com.google.android.gsf/.checkin.CheckinService$Receiver
04-24 09:16:32.290 I/CheckinService(  824): Preparing to send checkin request
04-24 09:16:32.290 I/EventLogService(  824): Accumulating logs since 1398302192222
04-24 09:16:32.360 D/dalvikvm(  824): GC_FOR_ALLOC freed 196K, 10% free 5113K/5644K, paused 16ms, total 16ms
04-24 09:16:32.390 I/CheckinTask(  824): Sending checkin request (1644 bytes)
04-24 09:16:32.870 D/SensorManager(  789): discard gsensor data ...
04-24 09:16:32.890 D/SensorManager(  789): discard gsensor data ...
04-24 09:16:32.950 D/SensorManager(  789): discard gsensor data ...
04-24 09:16:37.240 W/ProcessCpuTracker(  452): Skipping unknown process pid 32016
04-24 09:16:41.420 I/CheckinResponseProcessor(  824): From server: 4 gservices updates and 0 deletes
04-24 09:16:41.540 D/dalvikvm(  824): GC_CONCURRENT freed 311K, 7% free 5251K/5644K, paused 3ms+2ms, total 37ms
04-24 09:16:41.620 I/GservicesProvider(  824): main difference update completed
04-24 09:16:41.670 I/CheckinTask(  824): Checkin success: https://android.clients.google.com/checkin (1 requests sent)
04-24 09:16:41.680 I/ActivityManager(  452): Resuming delayed broadcast
04-24 09:16:41.710 D/ConnectivityService(  452): Sampling interval elapsed, updating statistics ..
04-24 09:16:41.710 D/ConnectivityService(  452): Done.
04-24 09:16:41.710 D/ConnectivityService(  452): Setting timer for 720seconds
04-24 09:16:41.740 I/ActivityManager(  452): Delay finish: com.google.android.gms/.icing.impl.SystemEventReceiver
04-24 09:16:41.750 I/ActivityManager(  452): Resuming delayed broadcast
04-24 09:16:41.770 I/ActivityManager(  452): Delay finish: com.google.android.gms/.analytics.GServicesChangedReceiver
04-24 09:16:41.780 V/GA-SERVICE(  839): Thread[IntentService[RefreshEnabledStateService],5,main]: Update service enabled state to: 2
04-24 09:16:41.790 I/ActivityManager(  452): Resuming delayed broadcast
04-24 09:16:41.810 D/GCM     (  824): GcmService start Intent { act=com.google.gservices.intent.action.GSERVICES_CHANGED flg=0x10 cmp=com.google.android.gms/.gcm.GcmService } com.google.gservices.intent.action.GSERVICES_CHANGED
04-24 09:16:41.830 I/ActivityManager(  452): Start proc com.google.android.partnersetup for broadcast com.google.android.partnersetup/.GservicesChangedReceiver: pid=32019 uid=10010 gids={50010, 3003}
04-24 09:16:41.880 W/GCM     (  824): DIR: /data/data/com.google.android.gms/app_APP /data/data/com.google.android.gsf
04-24 09:16:41.930 D/GCM     (  824): Message class fog
04-24 09:16:41.950 I/GCoreUlr(  789): Ensuring that reporting is stopped because of reasons: (no Google accounts)
04-24 09:16:41.950 D/GCoreFlp(  789): Unknown pending intent to remove.
04-24 09:16:41.950 I/GCoreUlr(  789): Unbound from all location providers
04-24 09:16:41.960 I/ActivityManager(  452): Delay finish: com.google.android.partnersetup/.GservicesChangedReceiver
04-24 09:16:42.160 I/ActivityManager(  452): Resuming delayed broadcast
04-24 09:16:42.170 I/ActivityManager(  452): Delay finish: com.google.android.gsf/.checkin.CheckinService$Receiver
04-24 09:16:42.180 I/ActivityManager(  452): Resuming delayed broadcast
04-24 09:16:42.200 I/ActivityManager(  452): Delay finish: com.google.android.gsf/.update.SystemUpdateService$Receiver
04-24 09:16:42.200 I/SystemUpdateService(  824): cancelUpdate (empty URL)
04-24 09:16:42.220 I/SystemUpdateService(  824): cancelUpdate (empty URL)
04-24 09:16:42.250 I/ActivityManager(  452): Resuming delayed broadcast
04-24 09:16:42.310 I/ActivityManager(  452): Start proc com.google.android.googlequicksearchbox:search for broadcast com.google.android.googlequicksearchbox/com.google.android.search.core.GservicesBroadcastReceiver: pid=32047 uid=10020 gids={50020, 3003, 1028, 3002, 1015}
04-24 09:16:42.430 D/ConnectivityService(  452): handleInetConditionHoldEnd: net=1, condition=100, published condition=100
04-24 09:16:42.510 D/dalvikvm(32047): GC_CONCURRENT freed 198K, 5% free 4654K/4888K, paused 3ms+2ms, total 22ms
04-24 09:16:42.530 I/ActivityManager(  452): Killing 29784:com.google.android.apps.uploader/u0a47 (adj 15): empty for 2109s
04-24 09:16:42.540 I/Velvet.VelvetFactory(32047): checking for language pack updates
04-24 09:16:42.590 I/Velvet.VelvetFactory(32047): refreshing internal icing corpora
04-24 09:16:42.600 I/Velvet.VelvetFactory(32047): refreshing search history.
04-24 09:16:42.600 D/dalvikvm(32047): GC_CONCURRENT freed 249K, 6% free 4816K/5088K, paused 2ms+1ms, total 21ms
04-24 09:16:42.610 W/Search.ConcurrentUtils(32047): Executor queue length is now 5. Perhaps some tasks are too long, or the pool is too small. [IntentService[Velvet.VelvetBackgroundTasksImpl]]
04-24 09:16:42.630 I/Icing.InternalIcingCorporaProvider(32047): Updating corpora: A: MAYBE, C: MAYBE
04-24 09:16:42.650 W/GAV2    (32047): Thread[Thread-159,5,main]: Need to call initialize() and be in fallback mode to start dispatch.
04-24 09:16:42.650 W/GAV2    (32047): Thread[Thread-159,5,main]: dispatch call queued.  Need to call GAServiceManager.getInstance().initialize().
04-24 09:16:42.650 I/Search.GservicesUpdateTask(32047): Updating Gservices keys
04-24 09:16:42.740 W/Sidekick_LocationOracleImpl(32047): Best location was null
04-24 09:16:42.750 D/dalvikvm(32047): GC_CONCURRENT freed 329K, 7% free 4998K/5360K, paused 3ms+3ms, total 26ms
04-24 09:16:42.750 D/dalvikvm(32047): WAIT_FOR_CONCURRENT_GC blocked 15ms
04-24 09:16:42.760 D/dalvikvm(32047): WAIT_FOR_CONCURRENT_GC blocked 15ms
04-24 09:16:42.760 D/dalvikvm(32047): WAIT_FOR_CONCURRENT_GC blocked 15ms
04-24 09:16:42.800 D/dalvikvm(32047): GC_CONCURRENT freed 55K, 2% free 5420K/5512K, paused 2ms+9ms, total 30ms
04-24 09:16:42.830 W/Search.ConcurrentUtils(32047): Executor queue length is now 5. Perhaps some tasks are too long, or the pool is too small. [IntentService[Velvet.VelvetBackgroundTasksImpl]]
04-24 09:16:42.830 W/Search.ConcurrentUtils(32047): Executor queue length is now 6. Perhaps some tasks are too long, or the pool is too small. [IntentService[Velvet.VelvetBackgroundTasksImpl]]
04-24 09:16:42.850 I/UpdateLanguagePacksTask(32047): Checking for language pack updates.
04-24 09:16:42.850 W/Search.SearchUrlHelper(32047): Auth token not ready, no auth header set.
04-24 09:16:42.890 I/Search.RefreshSearchDomainAndCookiesTask(32047): refreshing search domain
04-24 09:16:42.890 W/Search.SearchUrlHelper(32047): Auth token not ready, no auth header set.
04-24 09:16:43.010 D/dalvikvm(  452): GC_FOR_ALLOC freed 1278K, 13% free 10322K/11824K, paused 83ms, total 84ms
04-24 09:16:43.070 D/dalvikvm(  839): GC_CONCURRENT freed 467K, 10% free 4918K/5420K, paused 1ms+1ms, total 22ms
04-24 09:16:43.120 D/dalvikvm(32047): GC_CONCURRENT freed 269K, 6% free 5650K/5952K, paused 2ms+3ms, total 34ms
04-24 09:16:47.680 W/ActivityManager(  452): Unable to start service Intent { act=com.google.android.gms.analytics.service.START cmp=com.google.android.gms/.analytics.service.AnalyticsService (has extras) } U=0: not found
04-24 09:16:47.690 W/GAV2    (32047): Thread[GAThread,5,main]: Service unavailable (code=1), will retry.
04-24 09:16:47.720 I/GAV2    (32047): Thread[GAThread,5,main]: No campaign data found.
04-24 09:16:55.040 D/PowerManagerService(  452): mHoldBootFastWakeLock = false
04-24 09:16:55.600 D/dalvikvm(32047): GC_CONCURRENT freed 435K, 8% free 5611K/6080K, paused 9ms+3ms, total 49ms
04-24 09:16:55.970 D/dalvikvm(32047): GC_CONCURRENT freed 431K, 8% free 5652K/6112K, paused 3ms+4ms, total 35ms
04-24 09:16:56.050 D/dalvikvm(32047): GC_CONCURRENT freed 486K, 9% free 5615K/6136K, paused 4ms+3ms, total 34ms
04-24 09:16:56.280 D/dalvikvm(32047): GC_FOR_ALLOC freed 84K, 10% free 5574K/6136K, paused 64ms, total 65ms
04-24 09:16:56.350 D/dalvikvm(32047): GC_FOR_ALLOC freed 105K, 10% free 5565K/6136K, paused 49ms, total 49ms
04-24 09:16:56.450 D/dalvikvm(32047): GC_CONCURRENT freed 407K, 9% free 5636K/6136K, paused 4ms+4ms, total 32ms
04-24 09:16:56.690 W/Search.LoginHelper(32047): blockingGetGaiaWebLoginLink: account null, returning.
04-24 09:16:56.880 D/dalvikvm(32047): GC_CONCURRENT freed 478K, 10% free 5582K/6136K, paused 4ms+4ms, total 32ms
04-24 09:16:58.960 W/GAV2    (32047): Thread[Service Reconnect,5,main]: Service unavailable (code=1), using local store.
04-24 09:16:58.960 W/ActivityManager(  452): Unable to start service Intent { act=com.google.android.gms.analytics.service.START cmp=com.google.android.gms/.analytics.service.AnalyticsService (has extras) } U=0: not found
04-24 09:17:01.890 D/dalvikvm(32047): GC_CONCURRENT freed 389K, 9% free 5597K/6136K, paused 36ms+7ms, total 100ms
04-24 09:17:31.070 D/PowerManagerService(  452): mHoldBootFastWakeLock = false
04-24 09:17:31.710 W/ProcessCpuTracker(  452): Skipping unknown process pid 32107
04-24 09:17:31.710 W/ProcessCpuTracker(  452): Skipping unknown process pid 32109
04-24 09:20:57.080 D/PowerManagerService(  452): mHoldBootFastWakeLock = false
04-24 09:20:57.150 I/LatinIME:LogUtils(  611): Dictionary info: dictionary = UserHistoryDictionary.en_US.dic ; version = ? ; date = 1398302457
04-24 09:20:57.170 D/SensorManager(  789): >>>>>>> set discard sensrtime =3
04-24 09:20:57.470 D/SensorManager(  789): discard gsensor data ...
04-24 09:20:57.550 D/SensorManager(  789): discard gsensor data ...
04-24 09:20:57.570 D/SensorManager(  789): discard gsensor data ...
04-24 09:49:31.040 I/wpa_supplicant(  513): wlan0: WPA: Group rekeying completed with a4:93:4c:b1:4a:5f [GTK=CCMP]
04-24 09:49:31.040 I/wpa_supplicant(  513): wlan0: WPA: Group rekeying completed with a4:93:4c:b1:4a:5f [GTK=CCMP]
04-24 09:49:31.100 D/PowerManagerService(  452): mHoldBootFastWakeLock = false
04-24 09:49:31.120 D/ConnectivityService(  452): Sampling interval elapsed, updating statistics ..
04-24 09:49:31.130 D/ConnectivityService(  452): Done.
04-24 09:49:31.130 D/ConnectivityService(  452): Setting timer for 720seconds
04-24 09:49:31.190 D/SensorManager(  789): >>>>>>> set discard sensrtime =3
04-24 09:49:31.200 D/dalvikvm( 1259): GC_CONCURRENT freed 381K, 10% free 4577K/5072K, paused 2ms+1ms, total 48ms
04-24 09:49:31.350 E/wpa_supplicant(  513): wpa_driver_nl80211_driver_cmd: failed to issue private commands
04-24 09:49:31.350 E/WifiStateMachine(  452): Unexpected BatchedScanResults :null
04-24 09:49:31.350 E/wpa_supplicant(  513): wpa_driver_nl80211_driver_cmd: failed to issue private commands
04-24 09:49:31.560 D/GCM     (  824): Message class fog
04-24 09:49:31.580 D/SensorManager(  789): discard gsensor data ...
04-24 09:49:31.590 D/SensorManager(  789): discard gsensor data ...
04-24 09:49:31.870 D/SensorManager(  789): discard gsensor data ...
04-24 09:49:32.000 D/WifiStateMachine(  452): VerifyingLinkState enter
04-24 09:49:32.020 D/WifiStateMachine(  452): VerifyingLinkState GOOD_LINK_DETECTED: transition to captive portal check
04-24 09:49:32.020 D/WifiStateMachine(  452): CaptivePortalCheckState enter
04-24 09:49:32.030 D/WifiStateMachine(  452): CaptivePortalCheckState CMD_CAPTIVE_CHECK_COMPLETE
04-24 09:49:32.030 D/ConnectivityService(  452): Captive portal check NetworkInfo: type: WIFI[], state: CONNECTING/CAPTIVE_PORTAL_CHECK, reason: (unspecified), extra: "XP-3f", roaming: false, failover: false, isAvailable: true, isConnectedToProvisioningNetwork: false
04-24 09:49:32.030 D/ConnectivityService(  452): handleCaptivePortalTrackerCheck: call captivePortalCheckComplete ni=NetworkInfo: type: WIFI[], state: CONNECTING/CAPTIVE_PORTAL_CHECK, reason: (unspecified), extra: "XP-3f", roaming: false, failover: false, isAvailable: true, isConnectedToProvisioningNetwork: false
04-24 09:49:32.030 D/ConnectivityService(  452): Captive portal check NetworkInfo: type: WIFI[], state: CONNECTING/CAPTIVE_PORTAL_CHECK, reason: (unspecified), extra: "XP-3f", roaming: false, failover: false, isAvailable: true, isConnectedToProvisioningNetwork: false
04-24 09:49:32.030 D/ConnectivityService(  452): handleCaptivePortalTrackerCheck: call captivePortalCheckComplete ni=NetworkInfo: type: WIFI[], state: CONNECTING/CAPTIVE_PORTAL_CHECK, reason: (unspecified), extra: "XP-3f", roaming: false, failover: false, isAvailable: true, isConnectedToProvisioningNetwork: false
04-24 09:49:32.060 D/ConnectivityService(  452): ConnectivityChange for WIFI: CONNECTED/CONNECTED
04-24 09:49:32.180 D/dalvikvm(  452): GC_FOR_ALLOC freed 1071K, 13% free 10305K/11836K, paused 111ms, total 113ms
04-24 09:49:32.190 E/ConnectivityService(  452): Unexpected mtu value: android.net.wifi.WifiStateTracker@42240148
04-24 09:49:32.210 D/ConnectivityService(  452): handleConnectivityChange: address are the same reset per doReset linkProperty[1]: resetMask=0
04-24 09:49:32.210 D/Nat464Xlat(  452): requiresClat: netType=1, hasIPv4Address=true
04-24 09:49:32.220 D/ConnectivityService(  452): ConnectivityChange for WIFI: CONNECTED/CONNECTED
04-24 09:49:32.220 E/ConnectivityService(  452): Unexpected mtu value: android.net.wifi.WifiStateTracker@42240148
04-24 09:49:32.260 D/ConnectivityService(  452): handleConnectivityChange: address are the same reset per doReset linkProperty[1]: resetMask=0
04-24 09:49:32.260 D/Nat464Xlat(  452): requiresClat: netType=1, hasIPv4Address=true
04-24 09:49:32.270 D/ConnectivityService(  452): handleInetConditionHoldEnd: net=1, condition=100, published condition=0
04-24 09:49:32.270 D/ConnectivityService(  452): handleInetConditionHoldEnd: event hold for obsolete network - ignoring
04-24 09:49:32.350 I/EventLogService(  824): Aggregate from 1398302192302 (log), 1398302192222 (data)
04-24 09:49:32.350 W/EventLogAggregator(  824): Unknown tag: SYSTEM_AUDIT
04-24 09:49:32.350 I/ActivityManager(  452): Delay finish: com.google.android.gsf/.checkin.EventLogService$Receiver
04-24 09:49:32.360 W/EventLogAggregator(  824): Unknown tag: faceunlock
04-24 09:49:32.360 W/EventLogAggregator(  824): Unknown tag: faceunlock_failure
04-24 09:49:32.360 W/EventLogAggregator(  824): Unknown tag: faceunlock_recognized
04-24 09:49:32.360 W/EventLogAggregator(  824): Unknown tag: faceunlock_rejected
04-24 09:49:32.420 D/dalvikvm(  824): GC_CONCURRENT freed 457K, 9% free 5182K/5672K, paused 4ms+3ms, total 30ms
04-24 09:49:32.430 I/ActivityManager(  452): Resuming delayed broadcast
04-24 09:49:33.070 D/ConnectivityService(  452): NetTransition Wakelock for ConnectedState released by timeout
04-24 09:49:34.620 I/System.out( 1343): passive
04-24 09:49:34.630 I/System.out( 1343): gps
04-24 09:49:34.630 I/System.out( 1343): network
04-24 09:49:35.260 D/Tethering(  452): MasterInitialState.processMessage what=3
04-24 09:49:35.310 I/DeviceInfoService(  452): wifi on
04-24 09:49:35.310 I/DeviceInfoService(  452): onReceive BroadcastReceiver
04-24 09:49:35.320 D/OtaService(  452): onreceive action = android.net.conn.CONNECTIVITY_CHANGE
04-24 09:49:35.320 I/OtaService(  452): onReceive BroadcastReceiver
04-24 09:49:35.340 D/Tethering(  452): MasterInitialState.processMessage what=3
04-24 09:49:35.350 I/DeviceInfoService(  452): wifi on
04-24 09:49:35.350 I/DeviceInfoService(  452): onReceive BroadcastReceiver
04-24 09:49:35.350 D/OtaService(  452): onreceive action = android.net.conn.CONNECTIVITY_CHANGE
04-24 09:49:35.350 I/OtaService(  452): onReceive BroadcastReceiver
04-24 09:49:35.400 D/GCM     (  824): GcmService start Intent { act=android.net.conn.CONNECTIVITY_CHANGE flg=0x4000010 cmp=com.google.android.gms/.gcm.GcmService (has extras) } android.net.conn.CONNECTIVITY_CHANGE
04-24 09:49:35.450 D/        ( 1343): intervalx=77699983
04-24 09:49:35.490 D/GCM     (  824): GcmService start Intent { act=android.net.conn.CONNECTIVITY_CHANGE flg=0x4000010 cmp=com.google.android.gms/.gcm.GcmService (has extras) } android.net.conn.CONNECTIVITY_CHANGE
04-24 09:49:35.550 D/        ( 1343): intervalx=77700076
04-24 09:49:35.920 D/ConnectivityService(  452): handleInetConditionHoldEnd: net=1, condition=100, published condition=0
04-24 09:49:36.240 W/ProcessCpuTracker(  452): Skipping unknown process pid 32158
04-24 09:49:45.070 D/PowerManagerService(  452): mHoldBootFastWakeLock = false
04-24 10:22:02.140 D/SensorManager(  789): >>>>>>> set discard sensrtime =3
04-24 10:22:02.180 D/ConnectivityService(  452): Sampling interval elapsed, updating statistics ..
04-24 10:22:02.290 D/dalvikvm(  452): GC_FOR_ALLOC freed 1181K, 13% free 10309K/11836K, paused 100ms, total 102ms
04-24 10:22:02.310 D/ConnectivityService(  452): Done.
04-24 10:22:02.310 D/ConnectivityService(  452): Setting timer for 720seconds
04-24 10:22:02.360 I/ActivityManager(  452): Delay finish: com.google.android.gsf/.checkin.EventLogService$Receiver
04-24 10:22:02.370 I/EventLogService(  824): Aggregate from 1398304172373 (log), 1398304172373 (data)
04-24 10:22:02.410 I/ActivityManager(  452): Resuming delayed broadcast
04-24 10:22:02.550 D/GCM     (  824): Message class fog
04-24 10:22:03.060 D/ConnectivityService(  452): handleInetConditionHoldEnd: net=1, condition=100, published condition=100
04-24 10:22:50.130 I/System.out( 1343): passive
04-24 10:22:50.130 I/System.out( 1343): gps
04-24 10:22:50.130 I/System.out( 1343): network
04-24 10:22:50.150 D/dalvikvm( 1343): GC_CONCURRENT freed 418K, 42% free 4664K/7940K, paused 5ms+2ms, total 55ms
04-24 10:23:02.140 D/PowerManagerService(  452): mHoldBootFastWakeLock = false
04-24 10:23:24.090 D/dalvikvm(  452): GC_FOR_ALLOC freed 977K, 14% free 10287K/11836K, paused 101ms, total 105ms
04-24 10:24:02.180 D/PowerManagerService(  452): mHoldBootFastWakeLock = false
04-24 10:49:30.040 I/wpa_supplicant(  513): wlan0: WPA: Group rekeying completed with a4:93:4c:b1:4a:5f [GTK=CCMP]
04-24 10:49:30.060 D/PowerManagerService(  452): mHoldBootFastWakeLock = false
04-24 10:49:30.090 D/ConnectivityService(  452): Sampling interval elapsed, updating statistics ..
04-24 10:49:30.100 D/ConnectivityService(  452): Done.
04-24 10:49:30.100 D/ConnectivityService(  452): Setting timer for 720seconds
04-24 10:49:36.030 D/PowerManagerService(  452): mHoldBootFastWakeLock = false
04-24 11:48:25.040 D/PowerManagerService(  452): mHoldBootFastWakeLock = false
04-24 11:48:25.100 W/GCM     (  824): Heartbeat timeout, GCM connection reset
04-24 11:48:25.110 I/ActivityManager(  452): Delay finish: com.google.android.gsf/.checkin.EventLogService$Receiver
04-24 11:48:25.120 I/EventLogService(  824): Aggregate from 1398306122383 (log), 1398306122383 (data)
04-24 11:48:25.180 I/ActivityManager(  452): Resuming delayed broadcast
04-24 11:48:25.210 D/ConnectivityService(  452): Sampling interval elapsed, updating statistics ..
04-24 11:48:25.210 D/ConnectivityService(  452): Done.
04-24 11:48:25.210 D/ConnectivityService(  452): Setting timer for 720seconds
04-24 11:48:25.230 I/LatinIME:LogUtils(  611): Dictionary info: dictionary = UserHistoryDictionary.en_US.dic ; version = ? ; date = 1398311305
04-24 11:48:25.340 E/wpa_supplicant(  513): wpa_driver_nl80211_driver_cmd: failed to issue private commands
04-24 11:48:25.340 E/WifiStateMachine(  452): Unexpected BatchedScanResults :null
04-24 11:48:25.360 E/wpa_supplicant(  513): wpa_driver_nl80211_driver_cmd: failed to issue private commands
04-24 11:48:26.020 D/WifiStateMachine(  452): VerifyingLinkState enter
04-24 11:48:26.060 D/WifiStateMachine(  452): VerifyingLinkState GOOD_LINK_DETECTED: transition to captive portal check
04-24 11:48:26.060 D/WifiStateMachine(  452): CaptivePortalCheckState enter
04-24 11:48:26.060 D/ConnectivityService(  452): Captive portal check NetworkInfo: type: WIFI[], state: CONNECTING/CAPTIVE_PORTAL_CHECK, reason: (unspecified), extra: "XP-3f", roaming: false, failover: false, isAvailable: true, isConnectedToProvisioningNetwork: false
04-24 11:48:26.060 D/ConnectivityService(  452): handleCaptivePortalTrackerCheck: call captivePortalCheckComplete ni=NetworkInfo: type: WIFI[], state: CONNECTING/CAPTIVE_PORTAL_CHECK, reason: (unspecified), extra: "XP-3f", roaming: false, failover: false, isAvailable: true, isConnectedToProvisioningNetwork: false
04-24 11:48:26.060 D/ConnectivityService(  452): Captive portal check NetworkInfo: type: WIFI[], state: CONNECTING/CAPTIVE_PORTAL_CHECK, reason: (unspecified), extra: "XP-3f", roaming: false, failover: false, isAvailable: true, isConnectedToProvisioningNetwork: false
04-24 11:48:26.060 D/ConnectivityService(  452): handleCaptivePortalTrackerCheck: call captivePortalCheckComplete ni=NetworkInfo: type: WIFI[], state: CONNECTING/CAPTIVE_PORTAL_CHECK, reason: (unspecified), extra: "XP-3f", roaming: false, failover: false, isAvailable: true, isConnectedToProvisioningNetwork: false
04-24 11:48:26.070 D/WifiStateMachine(  452): CaptivePortalCheckState CMD_CAPTIVE_CHECK_COMPLETE
04-24 11:48:26.090 D/ConnectivityService(  452): ConnectivityChange for WIFI: CONNECTED/CONNECTED
04-24 11:48:26.100 E/ConnectivityService(  452): Unexpected mtu value: android.net.wifi.WifiStateTracker@42240148
04-24 11:48:26.120 D/ConnectivityService(  452): handleConnectivityChange: address are the same reset per doReset linkProperty[1]: resetMask=0
04-24 11:48:26.120 D/Nat464Xlat(  452): requiresClat: netType=1, hasIPv4Address=true
04-24 11:48:26.130 D/ConnectivityService(  452): ConnectivityChange for WIFI: CONNECTED/CONNECTED
04-24 11:48:26.150 E/ConnectivityService(  452): Unexpected mtu value: android.net.wifi.WifiStateTracker@42240148
04-24 11:48:26.180 D/ConnectivityService(  452): handleConnectivityChange: address are the same reset per doReset linkProperty[1]: resetMask=0
04-24 11:48:26.180 D/Nat464Xlat(  452): requiresClat: netType=1, hasIPv4Address=true
04-24 11:48:27.110 D/ConnectivityService(  452): NetTransition Wakelock for ConnectedState released by timeout
04-24 11:48:27.480 D/dalvikvm(  452): GC_FOR_ALLOC freed 1245K, 13% free 10305K/11836K, paused 92ms, total 93ms
04-24 11:48:28.140 D/ConnectivityService(  452): handleInetConditionHoldEnd: net=1, condition=0, published condition=0
04-24 11:48:28.140 D/ConnectivityService(  452): handleInetConditionHoldEnd: event hold for obsolete network - ignoring
04-24 11:48:29.160 D/Tethering(  452): MasterInitialState.processMessage what=3
04-24 11:48:29.200 I/DeviceInfoService(  452): wifi on
04-24 11:48:29.200 I/DeviceInfoService(  452): onReceive BroadcastReceiver
04-24 11:48:29.200 D/OtaService(  452): onreceive action = android.net.conn.CONNECTIVITY_CHANGE
04-24 11:48:29.200 I/OtaService(  452): onReceive BroadcastReceiver
04-24 11:48:29.230 D/Tethering(  452): MasterInitialState.processMessage what=3
04-24 11:48:29.240 I/DeviceInfoService(  452): wifi on
04-24 11:48:29.240 I/DeviceInfoService(  452): onReceive BroadcastReceiver
04-24 11:48:29.240 D/OtaService(  452): onreceive action = android.net.conn.CONNECTIVITY_CHANGE
04-24 11:48:29.240 I/OtaService(  452): onReceive BroadcastReceiver
04-24 11:48:29.280 D/GCM     (  824): GcmService start Intent { act=android.net.conn.CONNECTIVITY_CHANGE flg=0x4000010 cmp=com.google.android.gms/.gcm.GcmService (has extras) } android.net.conn.CONNECTIVITY_CHANGE
04-24 11:48:29.350 D/        ( 1343): intervalx=84833878
04-24 11:48:29.380 D/GCM     (  824): GcmService start Intent { act=android.net.conn.CONNECTIVITY_CHANGE flg=0x4000010 cmp=com.google.android.gms/.gcm.GcmService (has extras) } android.net.conn.CONNECTIVITY_CHANGE
04-24 11:48:29.440 D/        ( 1343): intervalx=84833971
04-24 11:48:36.590 D/GCM     (  824): Connected
04-24 11:48:36.630 I/GCM     (  824): GCM message com.google.android.gsf.gtalkservice 
04-24 11:48:36.660 D/GCM     (  824): Message class fon
04-24 11:48:37.120 D/ConnectivityService(  452): handleInetConditionHoldEnd: net=1, condition=100, published condition=0
04-24 11:49:29.040 I/wpa_supplicant(  513): wlan0: WPA: Group rekeying completed with a4:93:4c:b1:4a:5f [GTK=CCMP]
04-24 11:49:29.050 D/PowerManagerService(  452): mHoldBootFastWakeLock = false
04-24 12:49:30.040 I/wpa_supplicant(  513): wlan0: WPA: Group rekeying completed with a4:93:4c:b1:4a:5f [GTK=CCMP]
04-24 12:49:30.060 V/UpdateService( 1368): status=0
04-24 12:49:30.060 V/CheckingTask( 1368): send post to server
04-24 12:49:30.100 D/PowerManagerService(  452): mHoldBootFastWakeLock = false
04-24 12:49:30.110 D/AlarmManagerService(  452): Kernel timezone updated to -480 minutes west of GMT
04-24 12:49:30.110 I/DeviceInfoService(  452): wifi on
04-24 12:49:30.110 I/DeviceInfoService(  452): onReceive BroadcastReceiver
04-24 12:49:30.120 D/OtaService(  452): onreceive action = android.intent.action.DATE_CHANGED
04-24 12:49:30.120 I/OtaService(  452): onReceive BroadcastReceiver
04-24 12:49:30.210 D/CPU Manager(  452): CPU Count: 2
04-24 12:49:30.210 F/Environment(  452): Path requests must specify a user by using UserEnvironment
04-24 12:49:30.210 F/Environment(  452): java.lang.Throwable
04-24 12:49:30.210 F/Environment(  452): 	at android.os.Environment.throwIfUserRequired(Environment.java:783)
04-24 12:49:30.210 F/Environment(  452): 	at android.os.Environment.getExternalStorageDirectory(Environment.java:384)
04-24 12:49:30.210 F/Environment(  452): 	at android.softwinner.utils.StorageManager.getNandTotalSize(StorageManager.java:24)
04-24 12:49:30.210 F/Environment(  452): 	at android.softwinner.utils.UserInfo.getNandInfo(UserInfo.java:51)
04-24 12:49:30.210 F/Environment(  452): 	at com.softwinner.service.DeviceInfoService.getData(DeviceInfoService.java:136)
04-24 12:49:30.210 F/Environment(  452): 	at com.softwinner.service.DeviceInfoService$PostThread.run(DeviceInfoService.java:234)
04-24 12:49:30.240 F/Environment(  452): Path requests must specify a user by using UserEnvironment
04-24 12:49:30.240 F/Environment(  452): java.lang.Throwable
04-24 12:49:30.240 F/Environment(  452): 	at android.os.Environment.throwIfUserRequired(Environment.java:783)
04-24 12:49:30.240 F/Environment(  452): 	at android.os.Environment.getExternalStorageDirectory(Environment.java:384)
04-24 12:49:30.240 F/Environment(  452): 	at android.softwinner.utils.StorageManager.getNandFreeSize(StorageManager.java:41)
04-24 12:49:30.240 F/Environment(  452): 	at android.softwinner.utils.UserInfo.getNandInfo(UserInfo.java:52)
04-24 12:49:30.240 F/Environment(  452): 	at com.softwinner.service.DeviceInfoService.getData(DeviceInfoService.java:136)
04-24 12:49:30.240 F/Environment(  452): 	at com.softwinner.service.DeviceInfoService$PostThread.run(DeviceInfoService.java:234)
04-24 12:49:30.280 D/CPU Manager(  452): CPU Count: 2
04-24 12:49:30.360 D/dalvikvm( 1259): GC_CONCURRENT freed 462K, 10% free 4574K/5072K, paused 1ms+1ms, total 17ms
04-24 12:49:30.370 D/        ( 1343): intervalx=88494895
04-24 12:49:30.380 D/ConnectivityService(  452): Sampling interval elapsed, updating statistics ..
04-24 12:49:30.390 D/ConnectivityService(  452): Done.
04-24 12:49:30.390 D/ConnectivityService(  452): Setting timer for 720seconds
04-24 12:49:30.410 I/ActivityManager(  452): Start proc com.google.android.gms.ui for broadcast com.google.android.gms/.auth.authzen.GcmReceiverService$Receiver: pid=32259 uid=10007 gids={50007, 3003, 1007, 1028, 1015, 3007, 2001, 3006}
04-24 12:49:30.420 I/System.out( 1343): passive
04-24 12:49:30.420 I/System.out( 1343): gps
04-24 12:49:30.420 I/System.out( 1343): network
04-24 12:49:30.460 V/AuthZen (32259): Received broadcast action: com.google.android.gms.auth.authzen.CHECK_REGISTRATION
04-24 12:49:30.470 V/AuthZen (32259): Received a GCM message.
04-24 12:49:30.470 I/ActivityManager(  452): Delay finish: com.google.android.gms/.auth.authzen.GcmReceiverService$Receiver
04-24 12:49:30.540 I/AuthZen (32259): Fetching signing key...
04-24 12:49:30.560 I/AuthZen (32259): Signing key fetched successfuly!
04-24 12:49:30.570 I/ActivityManager(  452): Resuming delayed broadcast
04-24 12:49:33.700 D/ConnectivityService(  452): handleInetConditionHoldEnd: net=1, condition=0, published condition=100
04-24 12:49:35.880 D/dalvikvm(  452): GC_FOR_ALLOC freed 1182K, 13% free 10345K/11836K, paused 117ms, total 119ms
04-24 12:49:36.310 W/CallerInfoCache(  625): Previous cache task is remaining.
04-24 12:49:36.380 D/dalvikvm(  789): GC_CONCURRENT freed 351K, 10% free 5296K/5824K, paused 6ms+3ms, total 33ms
04-24 12:49:36.400 I/ActivityManager(  452): Delay finish: com.google.android.gsf/.checkin.EventLogService$Receiver
04-24 12:49:36.410 I/EventLogService(  824): Aggregate from 1398311305134 (log), 1398311305134 (data)
04-24 12:49:36.470 D/dalvikvm(  824): GC_FOR_ALLOC freed 435K, 11% free 5118K/5720K, paused 18ms, total 20ms
04-24 12:49:36.480 I/ActivityManager(  452): Resuming delayed broadcast
04-24 12:49:36.490 W/ContextImpl(  839): Implicit intents with startService are not safe: Intent { act=com.google.android.gms.INITIALIZE } android.content.ContextWrapper.startService:494 android.content.ContextWrapper.startService:494 com.google.android.gms.init.InitializeGmsReceiver.onReceive:29 
04-24 12:49:36.490 I/ActivityManager(  452): Delay finish: com.google.android.gms/.init.InitializeGmsReceiver
04-24 12:49:36.510 I/ActivityManager(  452): Resuming delayed broadcast
04-24 12:49:36.520 D/GCM     (  824): GcmService start Intent { act=com.google.android.gms.INITIALIZE flg=0x10 pkg=com.google.android.gms cmp=com.google.android.gms/.gcm.GcmService } com.google.android.gms.INITIALIZE
04-24 12:49:40.950 I/OtaService(  452): response status:  200
04-24 12:49:40.970 I/OtaService(  452): strBuilder = {"status":"latest_version"}
04-24 12:49:43.990 D/dalvikvm(  789): GC_CONCURRENT freed 412K, 10% free 5271K/5824K, paused 3ms+31ms, total 77ms
04-24 12:49:53.570 D/GCM     (  824): Connected
04-24 12:49:53.600 I/GCM     (  824): GCM message com.google.android.gsf.gtalkservice 
04-24 12:49:53.640 D/GCM     (  824): Message class fon
04-24 12:49:54.090 D/ConnectivityService(  452): handleInetConditionHoldEnd: net=1, condition=100, published condition=0
04-24 12:50:00.870 D/dalvikvm(  452): GC_FOR_ALLOC freed 1052K, 13% free 10321K/11856K, paused 102ms, total 106ms
04-24 12:50:13.400 I/System.out( 1343): passive
04-24 12:50:13.400 I/System.out( 1343): gps
04-24 12:50:13.400 I/System.out( 1343): network
04-24 12:50:30.140 D/PowerManagerService(  452): mHoldBootFastWakeLock = false
04-24 12:50:38.660 W/System.err( 1368): org.apache.http.conn.HttpHostConnectException: Connection to http://www.china-ota.com refused
04-24 12:50:38.670 W/System.err( 1368): 	at org.apache.http.impl.conn.DefaultClientConnectionOperator.openConnection(DefaultClientConnectionOperator.java:183)
04-24 12:50:38.670 W/System.err( 1368): 	at org.apache.http.impl.conn.AbstractPoolEntry.open(AbstractPoolEntry.java:164)
04-24 12:50:38.670 W/System.err( 1368): 	at org.apache.http.impl.conn.AbstractPooledConnAdapter.open(AbstractPooledConnAdapter.java:119)
04-24 12:50:38.670 W/System.err( 1368): 	at org.apache.http.impl.client.DefaultRequestDirector.execute(DefaultRequestDirector.java:360)
04-24 12:50:38.670 W/System.err( 1368): 	at org.apache.http.impl.client.AbstractHttpClient.execute(AbstractHttpClient.java:555)
04-24 12:50:38.680 W/System.err( 1368): 	at org.apache.http.impl.client.AbstractHttpClient.execute(AbstractHttpClient.java:487)
04-24 12:50:38.680 W/System.err( 1368): 	at org.apache.http.impl.client.AbstractHttpClient.execute(AbstractHttpClient.java:465)
04-24 12:50:38.680 W/System.err( 1368): 	at com.softwinner.update.CheckingTask.sendPost(CheckingTask.java:288)
04-24 12:50:38.680 W/System.err( 1368): 	at com.softwinner.update.CheckingTask.onRunning(CheckingTask.java:179)
04-24 12:50:38.680 W/System.err( 1368): 	at com.softwinner.update.ThreadTask.run(ThreadTask.java:43)
04-24 12:50:38.680 W/System.err( 1368): 	at java.lang.Thread.run(Thread.java:841)
04-24 12:50:38.690 W/System.err( 1368): Caused by: java.net.ConnectException: failed to connect to /42.121.236.55 (port 80): connect failed: ETIMEDOUT (Connection timed out)
04-24 12:50:38.690 W/System.err( 1368): 	at libcore.io.IoBridge.connect(IoBridge.java:114)
04-24 12:50:38.690 W/System.err( 1368): 	at java.net.PlainSocketImpl.connect(PlainSocketImpl.java:192)
04-24 12:50:38.700 W/System.err( 1368): 	at java.net.PlainSocketImpl.connect(PlainSocketImpl.java:459)
04-24 12:50:38.700 W/System.err( 1368): 	at java.net.Socket.connect(Socket.java:843)
04-24 12:50:38.700 W/System.err( 1368): 	at org.apache.http.conn.scheme.PlainSocketFactory.connectSocket(PlainSocketFactory.java:119)
04-24 12:50:38.700 W/System.err( 1368): 	at org.apache.http.impl.conn.DefaultClientConnectionOperator.openConnection(DefaultClientConnectionOperator.java:144)
04-24 12:50:38.700 W/System.err( 1368): 	... 10 more
04-24 12:50:38.700 W/System.err( 1368): Caused by: libcore.io.ErrnoException: connect failed: ETIMEDOUT (Connection timed out)
04-24 12:50:38.710 W/System.err( 1368): 	at libcore.io.Posix.connect(Native Method)
04-24 12:50:38.710 W/System.err( 1368): 	at libcore.io.BlockGuardOs.connect(BlockGuardOs.java:85)
04-24 12:50:38.710 W/System.err( 1368): 	at libcore.io.IoBridge.connectErrno(IoBridge.java:127)
04-24 12:50:38.710 W/System.err( 1368): 	at libcore.io.IoBridge.connect(IoBridge.java:112)
04-24 12:50:38.710 W/System.err( 1368): 	... 15 more
04-24 12:50:38.710 V/CheckingTask( 1368): send post to server
04-24 12:50:56.130 I/CheckingTask( 1368): response status:  200
04-24 12:50:56.150 W/System.err( 1368): org.xml.sax.SAXParseException: processing instructions must not start with xml (position:unknown 
04-24 12:50:56.150 W/System.err( 1368): @2:1 in java.io.InputStreamReader@41fa12f0) 
04-24 12:50:56.150 W/System.err( 1368): 	at org.apache.harmony.xml.parsers.DocumentBuilderImpl.parse(DocumentBuilderImpl.java:146)
04-24 12:50:56.160 W/System.err( 1368): 	at javax.xml.parsers.DocumentBuilder.parse(DocumentBuilder.java:107)
04-24 12:50:56.160 W/System.err( 1368): 	at com.softwinner.update.CheckingTask.parser(CheckingTask.java:330)
04-24 12:50:56.160 W/System.err( 1368): 	at com.softwinner.update.CheckingTask.sendPost(CheckingTask.java:309)
04-24 12:50:56.160 W/System.err( 1368): 	at com.softwinner.update.CheckingTask.onRunning(CheckingTask.java:183)
04-24 12:50:56.160 W/System.err( 1368): 	at com.softwinner.update.ThreadTask.run(ThreadTask.java:43)
04-24 12:50:56.160 W/System.err( 1368): 	at java.lang.Thread.run(Thread.java:841)
04-24 12:50:56.160 V/CheckingTask( 1368): ErrorCode=1
04-24 12:51:02.850 D/PowerManagerService(  452): mHoldBootFastWakeLock = false
04-24 12:51:28.050 D/dalvikvm(  452): GC_FOR_ALLOC freed 733K, 14% free 10288K/11856K, paused 100ms, total 101ms
04-24 12:53:44.080 D/PowerManagerService(  452): mHoldBootFastWakeLock = false
04-24 13:49:29.040 I/wpa_supplicant(  513): wlan0: WPA: Group rekeying completed with a4:93:4c:b1:4a:5f [GTK=CCMP]
04-24 13:49:29.040 D/PowerManagerService(  452): mHoldBootFastWakeLock = false
04-24 13:49:29.090 D/ConnectivityService(  452): Sampling interval elapsed, updating statistics ..
04-24 13:49:29.090 D/ConnectivityService(  452): Done.
04-24 13:49:29.090 D/ConnectivityService(  452): Setting timer for 720seconds
04-24 13:49:29.170 I/LatinIME:LogUtils(  611): Dictionary info: dictionary = UserHistoryDictionary.en_US.dic ; version = ? ; date = 1398318569
04-24 13:49:29.180 I/EventLogService(  824): Aggregate from 1398314976421 (log), 1398314976421 (data)
04-24 13:49:29.180 I/ActivityManager(  452): Delay finish: com.google.android.gsf/.checkin.EventLogService$Receiver
04-24 13:49:29.230 I/ActivityManager(  452): Resuming delayed broadcast
04-24 13:49:29.360 E/wpa_supplicant(  513): wpa_driver_nl80211_driver_cmd: failed to issue private commands
04-24 13:49:29.360 E/WifiStateMachine(  452): Unexpected BatchedScanResults :null
04-24 13:49:29.370 E/wpa_supplicant(  513): wpa_driver_nl80211_driver_cmd: failed to issue private commands
04-24 13:49:29.800 D/WifiStateMachine(  452): VerifyingLinkState enter
04-24 13:49:29.830 D/WifiStateMachine(  452): VerifyingLinkState GOOD_LINK_DETECTED: transition to captive portal check
04-24 13:49:29.830 D/WifiStateMachine(  452): CaptivePortalCheckState enter
04-24 13:49:29.830 D/ConnectivityService(  452): Captive portal check NetworkInfo: type: WIFI[], state: CONNECTING/CAPTIVE_PORTAL_CHECK, reason: (unspecified), extra: "XP-3f", roaming: false, failover: false, isAvailable: true, isConnectedToProvisioningNetwork: false
04-24 13:49:29.830 D/ConnectivityService(  452): handleCaptivePortalTrackerCheck: call captivePortalCheckComplete ni=NetworkInfo: type: WIFI[], state: CONNECTING/CAPTIVE_PORTAL_CHECK, reason: (unspecified), extra: "XP-3f", roaming: false, failover: false, isAvailable: true, isConnectedToProvisioningNetwork: false
04-24 13:49:29.830 D/ConnectivityService(  452): Captive portal check NetworkInfo: type: WIFI[], state: CONNECTING/CAPTIVE_PORTAL_CHECK, reason: (unspecified), extra: "XP-3f", roaming: false, failover: false, isAvailable: true, isConnectedToProvisioningNetwork: false
04-24 13:49:29.830 D/ConnectivityService(  452): handleCaptivePortalTrackerCheck: call captivePortalCheckComplete ni=NetworkInfo: type: WIFI[], state: CONNECTING/CAPTIVE_PORTAL_CHECK, reason: (unspecified), extra: "XP-3f", roaming: false, failover: false, isAvailable: true, isConnectedToProvisioningNetwork: false
04-24 13:49:29.840 D/WifiStateMachine(  452): CaptivePortalCheckState CMD_CAPTIVE_CHECK_COMPLETE
04-24 13:49:29.860 D/ConnectivityService(  452): ConnectivityChange for WIFI: CONNECTED/CONNECTED
04-24 13:49:29.880 E/ConnectivityService(  452): Unexpected mtu value: android.net.wifi.WifiStateTracker@42240148
04-24 13:49:29.900 D/ConnectivityService(  452): handleConnectivityChange: address are the same reset per doReset linkProperty[1]: resetMask=0
04-24 13:49:29.900 D/Nat464Xlat(  452): requiresClat: netType=1, hasIPv4Address=true
04-24 13:49:29.910 D/ConnectivityService(  452): ConnectivityChange for WIFI: CONNECTED/CONNECTED
04-24 13:49:29.930 E/ConnectivityService(  452): Unexpected mtu value: android.net.wifi.WifiStateTracker@42240148
04-24 13:49:29.960 D/ConnectivityService(  452): handleConnectivityChange: address are the same reset per doReset linkProperty[1]: resetMask=0
04-24 13:49:29.960 D/Nat464Xlat(  452): requiresClat: netType=1, hasIPv4Address=true
04-24 13:49:30.860 D/ConnectivityService(  452): NetTransition Wakelock for ConnectedState released by timeout
04-24 13:49:32.440 D/ConnectivityService(  452): handleInetConditionHoldEnd: net=1, condition=0, published condition=0
04-24 13:49:32.440 D/ConnectivityService(  452): handleInetConditionHoldEnd: event hold for obsolete network - ignoring
04-24 13:49:32.960 D/Tethering(  452): MasterInitialState.processMessage what=3
04-24 13:49:33.000 I/DeviceInfoService(  452): wifi on
04-24 13:49:33.000 I/DeviceInfoService(  452): onReceive BroadcastReceiver
04-24 13:49:33.010 D/OtaService(  452): onreceive action = android.net.conn.CONNECTIVITY_CHANGE
04-24 13:49:33.010 I/OtaService(  452): onReceive BroadcastReceiver
04-24 13:49:33.020 D/Tethering(  452): MasterInitialState.processMessage what=3
04-24 13:49:33.040 I/DeviceInfoService(  452): wifi on
04-24 13:49:33.040 I/DeviceInfoService(  452): onReceive BroadcastReceiver
04-24 13:49:33.040 D/OtaService(  452): onreceive action = android.net.conn.CONNECTIVITY_CHANGE
04-24 13:49:33.040 I/OtaService(  452): onReceive BroadcastReceiver
04-24 13:49:33.080 D/GCM     (  824): GcmService start Intent { act=android.net.conn.CONNECTIVITY_CHANGE flg=0x4000010 cmp=com.google.android.gms/.gcm.GcmService (has extras) } android.net.conn.CONNECTIVITY_CHANGE
04-24 13:49:33.170 D/        ( 1343): intervalx=3602801
04-24 13:49:33.200 D/GCM     (  824): GcmService start Intent { act=android.net.conn.CONNECTIVITY_CHANGE flg=0x4000010 cmp=com.google.android.gms/.gcm.GcmService (has extras) } android.net.conn.CONNECTIVITY_CHANGE
04-24 13:49:33.250 D/        ( 1343): intervalx=3602889
04-24 13:49:37.670 D/dalvikvm(  452): GC_FOR_ALLOC freed 1276K, 13% free 10339K/11856K, paused 104ms, total 106ms
04-24 13:49:39.310 D/GCM     (  824): Connected
04-24 13:49:39.370 I/GCM     (  824): GCM message com.google.android.gsf.gtalkservice 
04-24 13:49:39.410 D/GCM     (  824): Message class fon
04-24 13:49:39.850 D/ConnectivityService(  452): handleInetConditionHoldEnd: net=1, condition=100, published condition=0
04-24 14:17:54.050 D/PowerManagerService(  452): mHoldBootFastWakeLock = false
04-24 14:17:54.100 D/ConnectivityService(  452): Sampling interval elapsed, updating statistics ..
04-24 14:17:54.110 D/ConnectivityService(  452): Done.
04-24 14:17:54.110 D/ConnectivityService(  452): Setting timer for 720seconds
04-24 14:17:54.470 D/GCM     (  824): Message class fog
04-24 14:17:54.980 D/ConnectivityService(  452): handleInetConditionHoldEnd: net=1, condition=100, published condition=100
04-24 14:18:00.040 D/PowerManagerService(  452): mHoldBootFastWakeLock = false
