04-24 14:49:31.040 I/wpa_supplicant(  513): wlan0: WPA: Group rekeying completed with a4:93:4c:b1:4a:5f [GTK=CCMP]
04-24 14:49:31.040 I/wpa_supplicant(  513): wlan0: WPA: Group rekeying completed with a4:93:4c:b1:4a:5f [GTK=CCMP]
04-24 14:49:31.070 D/PowerManagerService(  452): mHoldBootFastWakeLock = false
04-24 14:49:31.110 D/ConnectivityService(  452): Sampling interval elapsed, updating statistics ..
04-24 14:49:31.120 D/ConnectivityService(  452): Done.
04-24 14:49:31.120 D/ConnectivityService(  452): Setting timer for 720seconds
04-24 14:49:31.150 I/EventLogService(  824): Aggregate from 1398318569199 (log), 1398318569199 (data)
04-24 14:49:31.150 I/ActivityManager(  452): Delay finish: com.google.android.gsf/.checkin.EventLogService$Receiver
04-24 14:49:31.200 I/ActivityManager(  452): Resuming delayed broadcast
04-24 14:49:31.600 D/GCM     (  824): Message class fog
04-24 14:49:32.110 D/ConnectivityService(  452): handleInetConditionHoldEnd: net=1, condition=100, published condition=100
04-24 15:31:57.060 D/PowerManagerService(  452): mHoldBootFastWakeLock = false
04-24 15:31:57.120 D/ConnectivityService(  452): Sampling interval elapsed, updating statistics ..
04-24 15:31:57.140 D/ConnectivityService(  452): Done.
04-24 15:31:57.140 D/ConnectivityService(  452): Setting timer for 720seconds
04-24 15:31:57.220 I/EventLogService(  824): Aggregate from 1398322171169 (log), 1398322171169 (data)
04-24 15:31:57.220 I/ActivityManager(  452): Delay finish: com.google.android.gsf/.checkin.EventLogService$Receiver
04-24 15:31:57.280 D/dalvikvm(  824): GC_FOR_ALLOC freed 369K, 11% free 5116K/5720K, paused 19ms, total 19ms
04-24 15:31:57.290 I/ActivityManager(  452): Resuming delayed broadcast
04-24 15:31:57.310 D/SensorManager(  789): >>>>>>> set discard sensrtime =3
04-24 15:31:57.480 D/SensorManager(  789): discard gsensor data ...
04-24 15:31:57.510 D/SensorManager(  789): discard gsensor data ...
04-24 15:31:57.530 D/SensorManager(  789): discard gsensor data ...
04-24 15:31:58.480 D/GCM     (  824): Message class fog
04-24 15:31:58.980 D/ConnectivityService(  452): handleInetConditionHoldEnd: net=1, condition=100, published condition=100
04-24 15:32:02.460 D/dalvikvm(  452): GC_FOR_ALLOC freed 1191K, 13% free 10347K/11856K, paused 168ms, total 169ms
04-24 15:32:28.090 I/System.out( 1343): passive
04-24 15:32:28.090 I/System.out( 1343): gps
04-24 15:32:28.090 I/System.out( 1343): network
04-24 15:32:28.110 D/dalvikvm( 1343): GC_CONCURRENT freed 457K, 42% free 4667K/7940K, paused 4ms+2ms, total 56ms
04-24 15:32:57.150 D/PowerManagerService(  452): mHoldBootFastWakeLock = false
04-24 15:32:57.250 D/dalvikvm(  517): GC_CONCURRENT freed 2486K, 53% free 9938K/20792K, paused 10ms+5ms, total 84ms
04-24 15:33:35.320 D/dalvikvm(  452): GC_FOR_ALLOC freed 815K, 14% free 10306K/11856K, paused 97ms, total 101ms
04-24 15:33:57.180 D/PowerManagerService(  452): mHoldBootFastWakeLock = false
04-24 15:49:29.040 I/wpa_supplicant(  513): wlan0: WPA: Group rekeying completed with a4:93:4c:b1:4a:5f [GTK=CCMP]
04-24 15:49:29.060 D/ConnectivityService(  452): Sampling interval elapsed, updating statistics ..
04-24 15:49:29.070 D/PowerManagerService(  452): mHoldBootFastWakeLock = false
04-24 15:49:29.090 D/ConnectivityService(  452): Done.
04-24 15:49:29.090 D/ConnectivityService(  452): Setting timer for 720seconds
04-24 15:49:29.110 D/SensorManager(  789): >>>>>>> set discard sensrtime =3
04-24 15:49:29.180 D/dalvikvm( 1259): GC_CONCURRENT freed 473K, 10% free 4577K/5084K, paused 2ms+2ms, total 51ms
04-24 15:49:29.200 E/wpa_supplicant(  513): wpa_driver_nl80211_driver_cmd: failed to issue private commands
04-24 15:49:29.200 E/WifiStateMachine(  452): Unexpected BatchedScanResults :null
04-24 15:49:29.220 E/wpa_supplicant(  513): wpa_driver_nl80211_driver_cmd: failed to issue private commands
04-24 15:49:29.380 D/GCM     (  824): Message class fog
04-24 15:49:29.490 D/SensorManager(  789): discard gsensor data ...
04-24 15:49:29.640 D/WifiStateMachine(  452): VerifyingLinkState enter
04-24 15:49:29.660 D/WifiStateMachine(  452): VerifyingLinkState GOOD_LINK_DETECTED: transition to captive portal check
04-24 15:49:29.660 D/WifiStateMachine(  452): CaptivePortalCheckState enter
04-24 15:49:29.670 D/WifiStateMachine(  452): CaptivePortalCheckState CMD_CAPTIVE_CHECK_COMPLETE
04-24 15:49:29.670 D/ConnectivityService(  452): Captive portal check NetworkInfo: type: WIFI[], state: CONNECTING/CAPTIVE_PORTAL_CHECK, reason: (unspecified), extra: "XP-3f", roaming: false, failover: false, isAvailable: true, isConnectedToProvisioningNetwork: false
04-24 15:49:29.670 D/ConnectivityService(  452): handleCaptivePortalTrackerCheck: call captivePortalCheckComplete ni=NetworkInfo: type: WIFI[], state: CONNECTING/CAPTIVE_PORTAL_CHECK, reason: (unspecified), extra: "XP-3f", roaming: false, failover: false, isAvailable: true, isConnectedToProvisioningNetwork: false
04-24 15:49:29.670 D/ConnectivityService(  452): Captive portal check NetworkInfo: type: WIFI[], state: CONNECTING/CAPTIVE_PORTAL_CHECK, reason: (unspecified), extra: "XP-3f", roaming: false, failover: false, isAvailable: true, isConnectedToProvisioningNetwork: false
04-24 15:49:29.670 D/ConnectivityService(  452): handleCaptivePortalTrackerCheck: call captivePortalCheckComplete ni=NetworkInfo: type: WIFI[], state: CONNECTING/CAPTIVE_PORTAL_CHECK, reason: (unspecified), extra: "XP-3f", roaming: false, failover: false, isAvailable: true, isConnectedToProvisioningNetwork: false
04-24 15:49:29.700 D/ConnectivityService(  452): ConnectivityChange for WIFI: CONNECTED/CONNECTED
04-24 15:49:29.700 E/ConnectivityService(  452): Unexpected mtu value: android.net.wifi.WifiStateTracker@42240148
04-24 15:49:29.730 D/SensorManager(  789): discard gsensor data ...
04-24 15:49:29.730 D/ConnectivityService(  452): handleConnectivityChange: address are the same reset per doReset linkProperty[1]: resetMask=0
04-24 15:49:29.730 D/Nat464Xlat(  452): requiresClat: netType=1, hasIPv4Address=true
04-24 15:49:29.740 D/ConnectivityService(  452): ConnectivityChange for WIFI: CONNECTED/CONNECTED
04-24 15:49:29.750 E/ConnectivityService(  452): Unexpected mtu value: android.net.wifi.WifiStateTracker@42240148
04-24 15:49:29.790 D/ConnectivityService(  452): handleConnectivityChange: address are the same reset per doReset linkProperty[1]: resetMask=0
04-24 15:49:29.790 D/Nat464Xlat(  452): requiresClat: netType=1, hasIPv4Address=true
04-24 15:49:29.890 D/ConnectivityService(  452): handleInetConditionHoldEnd: net=1, condition=100, published condition=0
04-24 15:49:29.890 D/ConnectivityService(  452): handleInetConditionHoldEnd: event hold for obsolete network - ignoring
04-24 15:49:30.710 D/ConnectivityService(  452): NetTransition Wakelock for ConnectedState released by timeout
04-24 15:49:31.010 D/SensorManager(  789): discard gsensor data ...
04-24 15:49:32.770 D/Tethering(  452): MasterInitialState.processMessage what=3
04-24 15:49:32.830 I/DeviceInfoService(  452): wifi on
04-24 15:49:32.830 I/DeviceInfoService(  452): onReceive BroadcastReceiver
04-24 15:49:32.830 D/OtaService(  452): onreceive action = android.net.conn.CONNECTIVITY_CHANGE
04-24 15:49:32.830 I/OtaService(  452): onReceive BroadcastReceiver
04-24 15:49:32.840 D/Tethering(  452): MasterInitialState.processMessage what=3
04-24 15:49:32.880 I/DeviceInfoService(  452): wifi on
04-24 15:49:32.880 I/DeviceInfoService(  452): onReceive BroadcastReceiver
04-24 15:49:32.880 D/OtaService(  452): onreceive action = android.net.conn.CONNECTIVITY_CHANGE
04-24 15:49:32.880 I/OtaService(  452): onReceive BroadcastReceiver
04-24 15:49:32.920 D/GCM     (  824): GcmService start Intent { act=android.net.conn.CONNECTIVITY_CHANGE flg=0x4000010 cmp=com.google.android.gms/.gcm.GcmService (has extras) } android.net.conn.CONNECTIVITY_CHANGE
04-24 15:49:32.980 D/        ( 1343): intervalx=10802615
04-24 15:49:33.020 D/GCM     (  824): GcmService start Intent { act=android.net.conn.CONNECTIVITY_CHANGE flg=0x4000010 cmp=com.google.android.gms/.gcm.GcmService (has extras) } android.net.conn.CONNECTIVITY_CHANGE
04-24 15:49:33.080 D/        ( 1343): intervalx=10802716
04-24 15:49:33.440 D/ConnectivityService(  452): handleInetConditionHoldEnd: net=1, condition=100, published condition=0
04-24 15:49:35.140 D/dalvikvm(  452): GC_FOR_ALLOC freed 1276K, 13% free 10336K/11856K, paused 102ms, total 102ms
04-24 15:49:35.150 D/PowerManagerService(  452): mHoldBootFastWakeLock = false
04-24 16:49:29.040 I/wpa_supplicant(  513): wlan0: WPA: Group rekeying completed with a4:93:4c:b1:4a:5f [GTK=CCMP]
04-24 16:49:29.060 D/PowerManagerService(  452): mHoldBootFastWakeLock = false
04-24 16:49:29.090 D/SensorManager(  789): >>>>>>> set discard sensrtime =3
04-24 16:49:29.120 D/ConnectivityService(  452): Sampling interval elapsed, updating statistics ..
04-24 16:49:29.120 D/ConnectivityService(  452): Done.
04-24 16:49:29.120 D/ConnectivityService(  452): Setting timer for 720seconds
04-24 16:49:29.160 I/ActivityManager(  452): Delay finish: com.google.android.gsf/.checkin.EventLogService$Receiver
04-24 16:49:29.170 I/EventLogService(  824): Aggregate from 1398324717237 (log), 1398324717237 (data)
04-24 16:49:29.220 I/ActivityManager(  452): Resuming delayed broadcast
04-24 16:49:29.260 I/LatinIME:LogUtils(  611): Dictionary info: dictionary = UserHistoryDictionary.en_US.dic ; version = ? ; date = 1398329369
04-24 16:49:29.480 D/GCM     (  824): Message class fog
04-24 16:49:29.980 D/ConnectivityService(  452): handleInetConditionHoldEnd: net=1, condition=100, published condition=100
04-24 16:49:30.570 D/SensorManager(  789): discard gsensor data ...
04-24 16:49:31.750 D/SensorManager(  789): discard gsensor data ...
04-24 16:49:31.770 D/SensorManager(  789): discard gsensor data ...
04-24 16:49:33.340 I/ActivityManager(  452): Idle maintenance over +17m50s947ms low RAM for 0
04-24 16:49:33.370 I/fstrim  (  110): Starting fstrim work...
04-24 16:49:33.370 I/fstrim  (  110): Invoking FITRIM ioctl on /cache
04-24 16:49:33.370 E/fstrim  (  110): FITRIM ioctl failed on /cache
04-24 16:49:33.370 E/fstrim  (  110): Cannot stat mount point /databk
04-24 16:49:33.370 I/fstrim  (  110): Invoking FITRIM ioctl on /data
04-24 16:49:33.370 E/fstrim  (  110): FITRIM ioctl failed on /data
04-24 16:49:33.370 E/fstrim  (  110): Cannot stat mount point none
04-24 16:49:33.370 I/fstrim  (  110): Finished fstrim work.
04-24 17:49:30.040 I/wpa_supplicant(  513): wlan0: WPA: Group rekeying completed with a4:93:4c:b1:4a:5f [GTK=CCMP]
04-24 17:49:30.080 D/PowerManagerService(  452): mHoldBootFastWakeLock = false
04-24 17:49:30.110 D/SensorManager(  789): >>>>>>> set discard sensrtime =3
04-24 17:49:30.140 D/ConnectivityService(  452): Sampling interval elapsed, updating statistics ..
04-24 17:49:30.150 D/ConnectivityService(  452): Done.
04-24 17:49:30.150 D/ConnectivityService(  452): Setting timer for 720seconds
04-24 17:49:30.220 I/EventLogService(  824): Aggregate from 1398329369182 (log), 1398329369182 (data)
04-24 17:49:30.220 I/ActivityManager(  452): Delay finish: com.google.android.gsf/.checkin.EventLogService$Receiver
04-24 17:49:30.270 I/ActivityManager(  452): Resuming delayed broadcast
04-24 17:49:30.390 E/wpa_supplicant(  513): wpa_driver_nl80211_driver_cmd: failed to issue private commands
04-24 17:49:30.390 E/WifiStateMachine(  452): Unexpected BatchedScanResults :null
04-24 17:49:30.400 E/wpa_supplicant(  513): wpa_driver_nl80211_driver_cmd: failed to issue private commands
04-24 17:49:30.540 D/SensorManager(  789): discard gsensor data ...
04-24 17:49:30.800 D/SensorManager(  789): discard gsensor data ...
04-24 17:49:30.940 D/GCM     (  824): Message class fog
04-24 17:49:30.960 D/SensorManager(  789): discard gsensor data ...
04-24 17:49:31.060 D/WifiStateMachine(  452): VerifyingLinkState enter
04-24 17:49:31.070 D/WifiStateMachine(  452): VerifyingLinkState GOOD_LINK_DETECTED: transition to captive portal check
04-24 17:49:31.080 D/WifiStateMachine(  452): CaptivePortalCheckState enter
04-24 17:49:31.090 D/WifiStateMachine(  452): CaptivePortalCheckState CMD_CAPTIVE_CHECK_COMPLETE
04-24 17:49:31.090 D/ConnectivityService(  452): Captive portal check NetworkInfo: type: WIFI[], state: CONNECTING/CAPTIVE_PORTAL_CHECK, reason: (unspecified), extra: "XP-3f", roaming: false, failover: false, isAvailable: true, isConnectedToProvisioningNetwork: false
04-24 17:49:31.090 D/ConnectivityService(  452): handleCaptivePortalTrackerCheck: call captivePortalCheckComplete ni=NetworkInfo: type: WIFI[], state: CONNECTING/CAPTIVE_PORTAL_CHECK, reason: (unspecified), extra: "XP-3f", roaming: false, failover: false, isAvailable: true, isConnectedToProvisioningNetwork: false
04-24 17:49:31.090 D/ConnectivityService(  452): Captive portal check NetworkInfo: type: WIFI[], state: CONNECTING/CAPTIVE_PORTAL_CHECK, reason: (unspecified), extra: "XP-3f", roaming: false, failover: false, isAvailable: true, isConnectedToProvisioningNetwork: false
04-24 17:49:31.090 D/ConnectivityService(  452): handleCaptivePortalTrackerCheck: call captivePortalCheckComplete ni=NetworkInfo: type: WIFI[], state: CONNECTING/CAPTIVE_PORTAL_CHECK, reason: (unspecified), extra: "XP-3f", roaming: false, failover: false, isAvailable: true, isConnectedToProvisioningNetwork: false
04-24 17:49:31.110 D/ConnectivityService(  452): ConnectivityChange for WIFI: CONNECTED/CONNECTED
04-24 17:49:31.120 E/ConnectivityService(  452): Unexpected mtu value: android.net.wifi.WifiStateTracker@42240148
04-24 17:49:31.140 D/ConnectivityService(  452): handleConnectivityChange: address are the same reset per doReset linkProperty[1]: resetMask=0
04-24 17:49:31.140 D/Nat464Xlat(  452): requiresClat: netType=1, hasIPv4Address=true
04-24 17:49:31.150 D/ConnectivityService(  452): ConnectivityChange for WIFI: CONNECTED/CONNECTED
04-24 17:49:31.160 E/ConnectivityService(  452): Unexpected mtu value: android.net.wifi.WifiStateTracker@42240148
04-24 17:49:31.180 D/ConnectivityService(  452): handleConnectivityChange: address are the same reset per doReset linkProperty[1]: resetMask=0
04-24 17:49:31.180 D/Nat464Xlat(  452): requiresClat: netType=1, hasIPv4Address=true
04-24 17:49:31.450 D/ConnectivityService(  452): handleInetConditionHoldEnd: net=1, condition=100, published condition=0
04-24 17:49:31.450 D/ConnectivityService(  452): handleInetConditionHoldEnd: event hold for obsolete network - ignoring
04-24 17:49:32.110 D/ConnectivityService(  452): NetTransition Wakelock for ConnectedState released by timeout
04-24 17:49:32.530 D/dalvikvm(  452): GC_FOR_ALLOC freed 1306K, 13% free 10343K/11856K, paused 183ms, total 184ms
04-24 17:49:34.180 D/Tethering(  452): MasterInitialState.processMessage what=3
04-24 17:49:34.240 I/DeviceInfoService(  452): wifi on
04-24 17:49:34.240 I/DeviceInfoService(  452): onReceive BroadcastReceiver
04-24 17:49:34.240 D/OtaService(  452): onreceive action = android.net.conn.CONNECTIVITY_CHANGE
04-24 17:49:34.240 I/OtaService(  452): onReceive BroadcastReceiver
04-24 17:49:34.260 D/Tethering(  452): MasterInitialState.processMessage what=3
04-24 17:49:34.280 I/DeviceInfoService(  452): wifi on
04-24 17:49:34.280 I/DeviceInfoService(  452): onReceive BroadcastReceiver
04-24 17:49:34.280 D/OtaService(  452): onreceive action = android.net.conn.CONNECTIVITY_CHANGE
04-24 17:49:34.280 I/OtaService(  452): onReceive BroadcastReceiver
04-24 17:49:34.320 D/GCM     (  824): GcmService start Intent { act=android.net.conn.CONNECTIVITY_CHANGE flg=0x4000010 cmp=com.google.android.gms/.gcm.GcmService (has extras) } android.net.conn.CONNECTIVITY_CHANGE
04-24 17:49:34.380 D/        ( 1343): intervalx=18004011
04-24 17:49:34.410 D/GCM     (  824): GcmService start Intent { act=android.net.conn.CONNECTIVITY_CHANGE flg=0x4000010 cmp=com.google.android.gms/.gcm.GcmService (has extras) } android.net.conn.CONNECTIVITY_CHANGE
04-24 17:49:34.470 D/        ( 1343): intervalx=18004105
04-24 17:49:34.830 D/ConnectivityService(  452): handleInetConditionHoldEnd: net=1, condition=100, published condition=0
04-24 17:59:54.120 D/SensorManager(  789): >>>>>>> set discard sensrtime =3
04-24 17:59:54.320 D/SensorManager(  789): discard gsensor data ...
04-24 17:59:54.640 D/SensorManager(  789): discard gsensor data ...
04-24 17:59:54.780 D/SensorManager(  789): discard gsensor data ...
04-24 17:59:57.990 D/dalvikvm(  789): GC_CONCURRENT freed 384K, 10% free 5277K/5824K, paused 6ms+3ms, total 59ms
04-24 18:00:01.040 D/PowerManagerService(  452): mHoldBootFastWakeLock = false
04-24 18:49:29.040 I/wpa_supplicant(  513): wlan0: WPA: Group rekeying completed with a4:93:4c:b1:4a:5f [GTK=CCMP]
04-24 18:49:29.050 D/PowerManagerService(  452): mHoldBootFastWakeLock = false
04-24 18:49:29.070 D/ConnectivityService(  452): Sampling interval elapsed, updating statistics ..
04-24 18:49:29.070 D/ConnectivityService(  452): Done.
04-24 18:49:29.070 D/ConnectivityService(  452): Setting timer for 720seconds
04-24 18:49:29.110 D/SensorManager(  789): >>>>>>> set discard sensrtime =3
04-24 18:49:29.180 D/SensorManager(  789): discard gsensor data ...
04-24 18:49:29.210 I/EventLogService(  824): Aggregate from 1398332970237 (log), 1398332970237 (data)
04-24 18:49:29.210 I/ActivityManager(  452): Delay finish: com.google.android.gsf/.checkin.EventLogService$Receiver
04-24 18:49:29.270 D/dalvikvm(  824): GC_FOR_ALLOC freed 319K, 11% free 5109K/5720K, paused 20ms, total 21ms
04-24 18:49:29.280 I/ActivityManager(  452): Resuming delayed broadcast
04-24 18:49:29.350 D/GCM     (  824): Message class fog
04-24 18:49:29.560 D/SensorManager(  789): discard gsensor data ...
04-24 18:49:29.660 D/SensorManager(  789): discard gsensor data ...
04-24 18:49:29.850 D/ConnectivityService(  452): handleInetConditionHoldEnd: net=1, condition=100, published condition=100
04-24 18:49:31.880 D/dalvikvm(  452): GC_FOR_ALLOC freed 1092K, 13% free 10352K/11868K, paused 107ms, total 108ms
04-24 19:15:30.060 D/PowerManagerService(  452): mHoldBootFastWakeLock = false
04-24 19:15:30.130 D/ConnectivityService(  452): Sampling interval elapsed, updating statistics ..
04-24 19:15:30.130 D/ConnectivityService(  452): Done.
04-24 19:15:30.130 D/ConnectivityService(  452): Setting timer for 720seconds
04-24 19:15:30.170 D/dalvikvm( 1259): GC_CONCURRENT freed 472K, 11% free 4574K/5084K, paused 1ms+1ms, total 22ms
04-24 19:15:30.470 D/GCM     (  824): Message class fog
04-24 19:15:30.980 D/ConnectivityService(  452): handleInetConditionHoldEnd: net=1, condition=100, published condition=100
04-24 19:49:30.040 I/wpa_supplicant(  513): wlan0: WPA: Group rekeying completed with a4:93:4c:b1:4a:5f [GTK=CCMP]
04-24 19:49:30.040 I/wpa_supplicant(  513): wlan0: WPA: Group rekeying completed with a4:93:4c:b1:4a:5f [GTK=CCMP]
04-24 19:49:30.120 D/ConnectivityService(  452): Sampling interval elapsed, updating statistics ..
04-24 19:49:30.120 D/ConnectivityService(  452): Done.
04-24 19:49:30.120 D/ConnectivityService(  452): Setting timer for 720seconds
04-24 19:49:30.130 I/LatinIME:LogUtils(  611): Dictionary info: dictionary = UserHistoryDictionary.en_US.dic ; version = ? ; date = 1398340170
04-24 19:49:30.150 I/EventLogService(  824): Aggregate from 1398336569229 (log), 1398336569229 (data)
04-24 19:49:30.150 I/ActivityManager(  452): Delay finish: com.google.android.gsf/.checkin.EventLogService$Receiver
04-24 19:49:30.200 I/ActivityManager(  452): Resuming delayed broadcast
04-24 19:49:30.380 E/wpa_supplicant(  513): wpa_driver_nl80211_driver_cmd: failed to issue private commands
04-24 19:49:30.380 E/WifiStateMachine(  452): Unexpected BatchedScanResults :null
04-24 19:49:30.390 E/wpa_supplicant(  513): wpa_driver_nl80211_driver_cmd: failed to issue private commands
04-24 19:49:31.700 D/GCM     (  824): Message class fog
04-24 19:49:31.830 D/WifiStateMachine(  452): VerifyingLinkState enter
04-24 19:49:31.840 D/WifiStateMachine(  452): VerifyingLinkState GOOD_LINK_DETECTED: transition to captive portal check
04-24 19:49:31.840 D/WifiStateMachine(  452): CaptivePortalCheckState enter
04-24 19:49:31.840 D/ConnectivityService(  452): Captive portal check NetworkInfo: type: WIFI[], state: CONNECTING/CAPTIVE_PORTAL_CHECK, reason: (unspecified), extra: "XP-3f", roaming: false, failover: false, isAvailable: true, isConnectedToProvisioningNetwork: false
04-24 19:49:31.840 D/ConnectivityService(  452): handleCaptivePortalTrackerCheck: call captivePortalCheckComplete ni=NetworkInfo: type: WIFI[], state: CONNECTING/CAPTIVE_PORTAL_CHECK, reason: (unspecified), extra: "XP-3f", roaming: false, failover: false, isAvailable: true, isConnectedToProvisioningNetwork: false
04-24 19:49:31.840 D/ConnectivityService(  452): Captive portal check NetworkInfo: type: WIFI[], state: CONNECTING/CAPTIVE_PORTAL_CHECK, reason: (unspecified), extra: "XP-3f", roaming: false, failover: false, isAvailable: true, isConnectedToProvisioningNetwork: false
04-24 19:49:31.840 D/ConnectivityService(  452): handleCaptivePortalTrackerCheck: call captivePortalCheckComplete ni=NetworkInfo: type: WIFI[], state: CONNECTING/CAPTIVE_PORTAL_CHECK, reason: (unspecified), extra: "XP-3f", roaming: false, failover: false, isAvailable: true, isConnectedToProvisioningNetwork: false
04-24 19:49:31.850 D/WifiStateMachine(  452): CaptivePortalCheckState CMD_CAPTIVE_CHECK_COMPLETE
04-24 19:49:31.870 D/ConnectivityService(  452): ConnectivityChange for WIFI: CONNECTED/CONNECTED
04-24 19:49:31.870 E/ConnectivityService(  452): Unexpected mtu value: android.net.wifi.WifiStateTracker@42240148
04-24 19:49:31.890 D/ConnectivityService(  452): handleConnectivityChange: address are the same reset per doReset linkProperty[1]: resetMask=0
04-24 19:49:31.890 D/Nat464Xlat(  452): requiresClat: netType=1, hasIPv4Address=true
04-24 19:49:31.900 D/ConnectivityService(  452): ConnectivityChange for WIFI: CONNECTED/CONNECTED
04-24 19:49:31.900 E/ConnectivityService(  452): Unexpected mtu value: android.net.wifi.WifiStateTracker@42240148
04-24 19:49:31.940 D/ConnectivityService(  452): handleConnectivityChange: address are the same reset per doReset linkProperty[1]: resetMask=0
04-24 19:49:31.940 D/Nat464Xlat(  452): requiresClat: netType=1, hasIPv4Address=true
04-24 19:49:32.210 D/ConnectivityService(  452): handleInetConditionHoldEnd: net=1, condition=100, published condition=0
04-24 19:49:32.210 D/ConnectivityService(  452): handleInetConditionHoldEnd: event hold for obsolete network - ignoring
04-24 19:49:32.880 D/ConnectivityService(  452): NetTransition Wakelock for ConnectedState released by timeout
04-24 19:49:34.920 D/Tethering(  452): MasterInitialState.processMessage what=3
04-24 19:49:34.970 I/DeviceInfoService(  452): wifi on
04-24 19:49:34.970 I/DeviceInfoService(  452): onReceive BroadcastReceiver
04-24 19:49:34.970 D/OtaService(  452): onreceive action = android.net.conn.CONNECTIVITY_CHANGE
04-24 19:49:34.970 I/OtaService(  452): onReceive BroadcastReceiver
04-24 19:49:34.980 D/Tethering(  452): MasterInitialState.processMessage what=3
04-24 19:49:35.000 I/DeviceInfoService(  452): wifi on
04-24 19:49:35.000 I/DeviceInfoService(  452): onReceive BroadcastReceiver
04-24 19:49:35.000 D/OtaService(  452): onreceive action = android.net.conn.CONNECTIVITY_CHANGE
04-24 19:49:35.000 I/OtaService(  452): onReceive BroadcastReceiver
04-24 19:49:35.040 D/GCM     (  824): GcmService start Intent { act=android.net.conn.CONNECTIVITY_CHANGE flg=0x4000010 cmp=com.google.android.gms/.gcm.GcmService (has extras) } android.net.conn.CONNECTIVITY_CHANGE
04-24 20:33:59.040 D/ConnectivityService(  452): handleInetConditionHoldEnd: net=1, condition=100, published condition=0
04-24 20:33:59.080 D/PowerManagerService(  452): mHoldBootFastWakeLock = false
04-24 20:33:59.160 D/        ( 1343): intervalx=27868797
04-24 20:33:59.210 I/CheckinService(  824): Preparing to send checkin request
04-24 20:33:59.210 D/GCM     (  824): GcmService start Intent { act=android.net.conn.CONNECTIVITY_CHANGE flg=0x4000010 cmp=com.google.android.gms/.gcm.GcmService (has extras) } android.net.conn.CONNECTIVITY_CHANGE
04-24 20:33:59.210 I/EventLogService(  824): Accumulating logs since 1398340170167
04-24 20:33:59.270 D/        ( 1343): intervalx=27868905
04-24 20:33:59.290 I/ActivityManager(  452): Delay finish: com.android.deskclock/com.android.alarmclock.DigitalAppWidgetProvider
04-24 20:33:59.350 I/CheckinTask(  824): Sending checkin request (1693 bytes)
04-24 20:33:59.370 D/dalvikvm(  824): GC_CONCURRENT freed 371K, 10% free 5152K/5720K, paused 1ms+2ms, total 19ms
04-24 20:33:59.720 D/ConnectivityService(  452): handleInetConditionHoldEnd: net=1, condition=100, published condition=100
04-24 20:34:00.470 D/dalvikvm(  452): GC_CONCURRENT freed 1385K, 13% free 10377K/11868K, paused 21ms+13ms, total 187ms
04-24 20:34:00.470 D/dalvikvm(  452): WAIT_FOR_CONCURRENT_GC blocked 72ms
04-24 20:34:09.400 I/CheckinResponseProcessor(  824): From server: 0 gservices updates and 1 deletes
04-24 20:34:09.490 D/dalvikvm(  824): GC_CONCURRENT freed 324K, 8% free 5233K/5672K, paused 3ms+2ms, total 33ms
04-24 20:34:09.570 I/GservicesProvider(  824): main difference update completed
04-24 20:34:09.610 I/CheckinTask(  824): Checkin success: https://android.clients.google.com/checkin (1 requests sent)
04-24 20:34:09.630 I/ActivityManager(  452): Resuming delayed broadcast
04-24 20:34:09.630 D/ConnectivityService(  452): Sampling interval elapsed, updating statistics ..
04-24 20:34:09.640 D/ConnectivityService(  452): Done.
04-24 20:34:09.640 D/ConnectivityService(  452): Setting timer for 720seconds
04-24 20:34:09.670 W/CallerInfoCache(  625): Previous cache task is remaining.
04-24 20:34:09.700 I/ActivityManager(  452): Delay finish: com.google.android.gsf/.checkin.EventLogService$Receiver
04-24 20:34:09.710 I/EventLogService(  824): Aggregate from 1398342839225 (log), 1398340170167 (data)
04-24 20:34:09.710 W/EventLogAggregator(  824): Unknown tag: SYSTEM_AUDIT
04-24 20:34:09.710 W/EventLogAggregator(  824): Unknown tag: faceunlock
04-24 20:34:09.710 W/EventLogAggregator(  824): Unknown tag: faceunlock_failure
04-24 20:34:09.710 W/EventLogAggregator(  824): Unknown tag: faceunlock_recognized
04-24 20:34:09.710 W/EventLogAggregator(  824): Unknown tag: faceunlock_rejected
04-24 20:34:09.770 I/ActivityManager(  452): Resuming delayed broadcast
04-24 20:34:09.820 I/ActivityManager(  452): Delay finish: com.google.android.gsf/.checkin.CheckinService$Receiver
04-24 20:34:09.840 D/GCM     (  824): Message class fog
04-24 20:34:09.850 I/ActivityManager(  452): Resuming delayed broadcast
04-24 20:34:09.860 I/ActivityManager(  452): Delay finish: com.google.android.gms/.icing.impl.SystemEventReceiver
04-24 20:34:09.870 I/ActivityManager(  452): Resuming delayed broadcast
04-24 20:34:09.890 I/ActivityManager(  452): Delay finish: com.google.android.gms/.analytics.GServicesChangedReceiver
04-24 20:34:09.900 V/GA-SERVICE(  839): Thread[IntentService[RefreshEnabledStateService],5,main]: Update service enabled state to: 2
04-24 20:34:09.900 I/ActivityManager(  452): Resuming delayed broadcast
04-24 20:34:09.910 D/GCM     (  824): GcmService start Intent { act=com.google.gservices.intent.action.GSERVICES_CHANGED flg=0x10 cmp=com.google.android.gms/.gcm.GcmService } com.google.gservices.intent.action.GSERVICES_CHANGED
04-24 20:34:09.920 W/GCM     (  824): DIR: /data/data/com.google.android.gms/app_APP /data/data/com.google.android.gsf
04-24 20:34:09.950 I/ActivityManager(  452): Delay finish: com.google.android.partnersetup/.GservicesChangedReceiver
04-24 20:34:10.080 I/GCoreUlr(  789): Ensuring that reporting is stopped because of reasons: (no Google accounts)
04-24 20:34:10.080 D/GCoreFlp(  789): Unknown pending intent to remove.
04-24 20:34:10.080 I/GCoreUlr(  789): Unbound from all location providers
04-24 20:34:10.170 I/ActivityManager(  452): Resuming delayed broadcast
04-24 20:34:10.210 I/ActivityManager(  452): Delay finish: com.google.android.gsf/.update.SystemUpdateService$Receiver
04-24 20:34:10.220 I/SystemUpdateService(  824): cancelUpdate (empty URL)
04-24 20:34:10.230 I/SystemUpdateService(  824): cancelUpdate (empty URL)
04-24 20:34:10.250 I/ActivityManager(  452): Resuming delayed broadcast
04-24 20:34:10.300 D/dalvikvm(  824): GC_CONCURRENT freed 457K, 10% free 5174K/5736K, paused 2ms+8ms, total 39ms
04-24 20:34:10.310 I/Velvet.VelvetFactory(32047): refreshing search history.
04-24 20:34:10.310 I/ActivityManager(  452): Delay finish: com.google.android.gsf/.settings.GoogleLocationSettings$LocationSettingsChangedListener
04-24 20:34:10.320 W/Sidekick_LocationOracleImpl(32047): Best location was null
04-24 20:34:10.320 I/Search.GservicesUpdateTask(32047): Updating Gservices keys
04-24 20:34:10.330 W/Search.SearchUrlHelper(32047): Auth token not ready, no auth header set.
04-24 20:34:10.340 D/ConnectivityService(  452): handleInetConditionHoldEnd: net=1, condition=100, published condition=100
04-24 20:34:10.390 W/Search.LoginHelper(32047): InterruptedException while waiting for token.
04-24 20:34:10.390 I/Search.RefreshSearchDomainAndCookiesTask(32047): refreshing search domain
04-24 20:34:10.390 W/Search.SearchUrlHelper(32047): Auth token not ready, no auth header set.
04-24 20:34:20.070 D/dalvikvm(32047): GC_CONCURRENT freed 412K, 9% free 5601K/6136K, paused 4ms+5ms, total 40ms
04-24 20:34:20.440 D/dalvikvm(32047): GC_CONCURRENT freed 430K, 9% free 5616K/6136K, paused 25ms+3ms, total 82ms
04-24 20:34:20.790 W/Search.LoginHelper(32047): blockingGetGaiaWebLoginLink: account null, returning.
04-24 20:34:25.220 D/dalvikvm(32047): GC_CONCURRENT freed 409K, 8% free 5656K/6136K, paused 7ms+7ms, total 56ms
04-24 20:34:25.310 I/ActivityManager(  452): Waited long enough for: ServiceRecord{425278e0 u0 com.google.android.googlequicksearchbox/com.google.android.velvet.VelvetBackgroundTasksImpl$Service}
04-24 20:34:25.310 I/ActivityManager(  452): Resuming delayed broadcast
04-24 20:34:28.100 D/dalvikvm(32047): GC_CONCURRENT freed 459K, 9% free 5593K/6136K, paused 38ms+4ms, total 101ms
04-24 20:34:59.160 D/PowerManagerService(  452): mHoldBootFastWakeLock = false
04-24 20:34:59.390 I/System.out( 1343): passive
04-24 20:34:59.390 I/System.out( 1343): gps
04-24 20:34:59.400 I/System.out( 1343): network
04-24 20:35:09.220 D/dalvikvm(  452): GC_FOR_ALLOC freed 1251K, 14% free 10350K/11900K, paused 167ms, total 169ms
04-24 20:35:59.220 D/PowerManagerService(  452): mHoldBootFastWakeLock = false
04-24 20:36:00.310 D/PowerManagerService(  452): mHoldBootFastWakeLock = false
04-24 20:36:41.040 D/PowerManagerService(  452): mHoldBootFastWakeLock = false
04-24 20:38:22.040 D/PowerManagerService(  452): mHoldBootFastWakeLock = false
04-24 20:49:29.040 I/wpa_supplicant(  513): wlan0: WPA: Group rekeying completed with a4:93:4c:b1:4a:5f [GTK=CCMP]
04-24 20:49:29.050 D/PowerManagerService(  452): mHoldBootFastWakeLock = false
04-24 20:49:29.090 D/ConnectivityService(  452): Sampling interval elapsed, updating statistics ..
04-24 20:49:29.090 D/ConnectivityService(  452): Done.
04-24 20:49:29.090 D/ConnectivityService(  452): Setting timer for 720seconds
04-24 20:49:29.900 D/GCM     (  824): Message class fog
04-24 20:49:30.410 D/ConnectivityService(  452): handleInetConditionHoldEnd: net=1, condition=100, published condition=100
04-24 21:49:29.040 I/wpa_supplicant(  513): wlan0: WPA: Group rekeying completed with a4:93:4c:b1:4a:5f [GTK=CCMP]
04-24 21:49:29.070 D/PowerManagerService(  452): mHoldBootFastWakeLock = false
04-24 21:49:29.110 D/ConnectivityService(  452): Sampling interval elapsed, updating statistics ..
04-24 21:49:29.120 D/ConnectivityService(  452): Done.
04-24 21:49:29.120 D/ConnectivityService(  452): Setting timer for 720seconds
04-24 21:49:29.160 I/EventLogService(  824): Aggregate from 1398342849722 (log), 1398342849722 (data)
04-24 21:49:29.160 I/ActivityManager(  452): Delay finish: com.google.android.gsf/.checkin.EventLogService$Receiver
04-24 21:49:29.220 I/ActivityManager(  452): Resuming delayed broadcast
04-24 21:49:29.370 E/wpa_supplicant(  513): wpa_driver_nl80211_driver_cmd: failed to issue private commands
04-24 21:49:29.370 E/WifiStateMachine(  452): Unexpected BatchedScanResults :null
04-24 21:49:29.370 E/wpa_supplicant(  513): wpa_driver_nl80211_driver_cmd: failed to issue private commands
04-24 21:49:29.390 D/GCM     (  824): Message class fog
04-24 21:49:29.890 D/ConnectivityService(  452): handleInetConditionHoldEnd: net=1, condition=100, published condition=100
04-24 21:49:30.020 D/WifiStateMachine(  452): VerifyingLinkState enter
04-24 21:49:30.030 D/WifiStateMachine(  452): VerifyingLinkState GOOD_LINK_DETECTED: transition to captive portal check
04-24 21:49:30.040 D/WifiStateMachine(  452): CaptivePortalCheckState enter
04-24 21:49:30.040 D/WifiStateMachine(  452): CaptivePortalCheckState CMD_CAPTIVE_CHECK_COMPLETE
04-24 21:49:30.040 D/ConnectivityService(  452): Captive portal check NetworkInfo: type: WIFI[], state: CONNECTING/CAPTIVE_PORTAL_CHECK, reason: (unspecified), extra: "XP-3f", roaming: false, failover: false, isAvailable: true, isConnectedToProvisioningNetwork: false
04-24 21:49:30.040 D/ConnectivityService(  452): handleCaptivePortalTrackerCheck: call captivePortalCheckComplete ni=NetworkInfo: type: WIFI[], state: CONNECTING/CAPTIVE_PORTAL_CHECK, reason: (unspecified), extra: "XP-3f", roaming: false, failover: false, isAvailable: true, isConnectedToProvisioningNetwork: false
04-24 21:49:30.040 D/ConnectivityService(  452): Captive portal check NetworkInfo: type: WIFI[], state: CONNECTING/CAPTIVE_PORTAL_CHECK, reason: (unspecified), extra: "XP-3f", roaming: false, failover: false, isAvailable: true, isConnectedToProvisioningNetwork: false
04-24 21:49:30.040 D/ConnectivityService(  452): handleCaptivePortalTrackerCheck: call captivePortalCheckComplete ni=NetworkInfo: type: WIFI[], state: CONNECTING/CAPTIVE_PORTAL_CHECK, reason: (unspecified), extra: "XP-3f", roaming: false, failover: false, isAvailable: true, isConnectedToProvisioningNetwork: false
04-24 21:49:30.050 D/ConnectivityService(  452): ConnectivityChange for WIFI: CONNECTED/CONNECTED
04-24 21:49:30.060 E/ConnectivityService(  452): Unexpected mtu value: android.net.wifi.WifiStateTracker@42240148
04-24 21:49:30.080 D/ConnectivityService(  452): handleConnectivityChange: address are the same reset per doReset linkProperty[1]: resetMask=0
04-24 21:49:30.080 D/Nat464Xlat(  452): requiresClat: netType=1, hasIPv4Address=true
04-24 21:49:30.080 D/ConnectivityService(  452): ConnectivityChange for WIFI: CONNECTED/CONNECTED
04-24 21:49:30.090 E/ConnectivityService(  452): Unexpected mtu value: android.net.wifi.WifiStateTracker@42240148
04-24 21:49:30.120 D/ConnectivityService(  452): handleConnectivityChange: address are the same reset per doReset linkProperty[1]: resetMask=0
04-24 21:49:30.120 D/Nat464Xlat(  452): requiresClat: netType=1, hasIPv4Address=true
04-24 21:49:30.230 D/dalvikvm(  452): GC_CONCURRENT freed 1452K, 13% free 10380K/11900K, paused 5ms+16ms, total 130ms
04-24 21:49:31.060 D/ConnectivityService(  452): NetTransition Wakelock for ConnectedState released by timeout
04-24 21:49:33.110 D/Tethering(  452): MasterInitialState.processMessage what=3
04-24 21:49:33.170 I/DeviceInfoService(  452): wifi on
04-24 21:49:33.170 I/DeviceInfoService(  452): onReceive BroadcastReceiver
04-24 21:49:33.170 D/OtaService(  452): onreceive action = android.net.conn.CONNECTIVITY_CHANGE
04-24 21:49:33.170 I/OtaService(  452): onReceive BroadcastReceiver
04-24 21:49:33.180 D/Tethering(  452): MasterInitialState.processMessage what=3
04-24 21:49:33.190 I/DeviceInfoService(  452): wifi on
04-24 21:49:33.190 I/DeviceInfoService(  452): onReceive BroadcastReceiver
04-24 21:49:33.190 D/OtaService(  452): onreceive action = android.net.conn.CONNECTIVITY_CHANGE
04-24 21:49:33.200 I/OtaService(  452): onReceive BroadcastReceiver
04-24 21:49:33.210 D/dalvikvm(  625): null clazz in OP_INSTANCE_OF, single-stepping
04-24 21:49:33.270 D/dalvikvm(  585): GC_CONCURRENT freed 386K, 10% free 4883K/5388K, paused 6ms+4ms, total 44ms
04-24 21:49:33.280 D/GCM     (  824): GcmService start Intent { act=android.net.conn.CONNECTIVITY_CHANGE flg=0x4000010 cmp=com.google.android.gms/.gcm.GcmService (has extras) } android.net.conn.CONNECTIVITY_CHANGE
04-24 21:49:33.330 D/        ( 1343): intervalx=32402962
04-24 21:49:33.360 D/GCM     (  824): GcmService start Intent { act=android.net.conn.CONNECTIVITY_CHANGE flg=0x4000010 cmp=com.google.android.gms/.gcm.GcmService (has extras) } android.net.conn.CONNECTIVITY_CHANGE
04-24 21:49:33.410 D/        ( 1343): intervalx=32403043
04-24 21:49:33.790 D/ConnectivityService(  452): handleInetConditionHoldEnd: net=1, condition=100, published condition=0
04-24 21:54:09.060 D/PowerManagerService(  452): mHoldBootFastWakeLock = false
04-24 22:49:29.040 I/wpa_supplicant(  513): wlan0: WPA: Group rekeying completed with a4:93:4c:b1:4a:5f [GTK=CCMP]
04-24 22:49:29.050 D/PowerManagerService(  452): mHoldBootFastWakeLock = false
04-24 22:49:29.090 D/ConnectivityService(  452): Sampling interval elapsed, updating statistics ..
04-24 22:49:29.090 D/ConnectivityService(  452): Done.
04-24 22:49:29.090 D/ConnectivityService(  452): Setting timer for 720seconds
04-24 22:49:29.140 D/dalvikvm( 1259): GC_CONCURRENT freed 469K, 10% free 4573K/5076K, paused 1ms+2ms, total 29ms
04-24 22:49:29.180 I/LatinIME:LogUtils(  611): Dictionary info: dictionary = UserHistoryDictionary.en_US.dic ; version = ? ; date = 1398350969
04-24 22:49:29.200 I/EventLogService(  824): Aggregate from 1398347369177 (log), 1398347369177 (data)
04-24 22:49:29.200 I/ActivityManager(  452): Delay finish: com.google.android.gsf/.checkin.EventLogService$Receiver
04-24 22:49:29.250 I/ActivityManager(  452): Resuming delayed broadcast
04-24 22:49:31.410 D/GCM     (  824): Message class fog
04-24 22:49:31.910 D/ConnectivityService(  452): handleInetConditionHoldEnd: net=1, condition=100, published condition=100
04-24 22:57:39.040 I/wpa_supplicant(  513): wlan0: CTRL-EVENT-DISCONNECTED bssid=a4:93:4c:b1:4a:5f reason=6
04-24 22:57:39.040 I/wpa_supplicant(  513): wlan0: Trying to associate with a4:93:4c:b1:4a:5f (SSID='XP-3f' freq=2472 MHz)
04-24 22:57:39.080 D/CommandListener(  111): Clearing all IP addresses on wlan0
04-24 22:57:39.130 D/CommandListener(  111): Clearing all IP addresses on wlan0
04-24 22:57:39.160 D/PowerManagerService(  452): mHoldBootFastWakeLock = false
04-24 22:57:39.170 D/ConnectivityService(  452): ConnectivityChange for WIFI: DISCONNECTED/DISCONNECTED
04-24 22:57:39.170 D/ConnectivityService(  452): tryFailover: set mActiveDefaultNetwork=-1, prevNetType=1
04-24 22:57:39.180 D/EthernetDataTracker(  452): no configuration for 
04-24 22:57:39.180 D/ConnectivityService(  452): Attempting to switch to mobile
04-24 22:57:39.180 D/ConnectivityService(  452): Attempting to switch to BLUETOOTH_TETHER
04-24 22:57:39.180 D/EthernetDataTracker(  452): ConnectNetwork: Up is true, mLinkUp is false, On is false, mIface 
04-24 22:57:39.180 D/ConnectivityService(  452): Attempting to switch to ETHERNET
04-24 22:57:39.200 D/NetUtils(  452): android_net_utils_resetConnections in env=0x5a5e1138 clazz=0x55600001 iface=wlan0 mask=0x3
04-24 22:57:39.200 D/ConnectivityService(  452): resetConnections(wlan0, 3)
04-24 22:57:39.230 D/Nat464Xlat(  452): requiresClat: netType=1, hasIPv4Address=false
04-24 22:57:39.240 D/ConnectivityService(  452): ConnectivityChange for WIFI: DISCONNECTED/DISCONNECTED
04-24 22:57:39.250 D/EthernetDataTracker(  452): no configuration for 
04-24 22:57:39.250 D/ConnectivityService(  452): Attempting to switch to mobile
04-24 22:57:39.250 D/ConnectivityService(  452): Attempting to switch to BLUETOOTH_TETHER
04-24 22:57:39.250 D/EthernetDataTracker(  452): ConnectNetwork: Up is true, mLinkUp is false, On is false, mIface 
04-24 22:57:39.250 D/ConnectivityService(  452): Attempting to switch to ETHERNET
04-24 22:57:39.250 D/Nat464Xlat(  452): requiresClat: netType=1, hasIPv4Address=false
04-24 22:57:39.270 D/ConnectivityService(  452): handleInetConditionChange: no active default network - ignore
04-24 22:57:39.400 I/wpa_supplicant(  513): wlan0: Associated with a4:93:4c:b1:4a:5f
04-24 22:57:40.740 I/wpa_supplicant(  513): wlan0: WPA: Key negotiation completed with a4:93:4c:b1:4a:5f [PTK=CCMP GTK=CCMP]
04-24 22:57:40.740 I/wpa_supplicant(  513): wlan0: CTRL-EVENT-CONNECTED - Connection to a4:93:4c:b1:4a:5f completed (auth) [id=0 id_str=]
04-24 22:57:40.870 E/wpa_supplicant(  513): wpa_driver_nl80211_driver_cmd: failed to issue private commands
04-24 22:57:40.870 E/WifiStateMachine(  452): Unexpected BatchedScanResults :null
04-24 22:57:40.890 E/wpa_supplicant(  513): wpa_driver_nl80211_driver_cmd: failed to issue private commands
04-24 22:57:42.270 D/Tethering(  452): MasterInitialState.processMessage what=3
04-24 22:57:42.280 D/CaptivePortalTracker(  452): Disconnected from active network NetworkInfo: type: WIFI[], state: DISCONNECTED/DISCONNECTED, reason: (unspecified), extra: <unknown ssid>, roaming: false, failover: false, isAvailable: true, isConnectedToProvisioningNetwork: false
04-24 22:57:42.280 D/ConnectivityService(  452): setProvNotificationVisible: E visible=false networkType=1 extraInfo=null url=null
04-24 22:57:42.320 I/DeviceInfoService(  452): wifi on
04-24 22:57:42.320 I/DeviceInfoService(  452): onReceive BroadcastReceiver
04-24 22:57:42.320 D/OtaService(  452): onreceive action = android.net.conn.CONNECTIVITY_CHANGE
04-24 22:57:42.320 I/OtaService(  452): onReceive BroadcastReceiver
04-24 22:57:42.330 D/Tethering(  452): MasterInitialState.processMessage what=3
04-24 22:57:42.340 D/CaptivePortalTracker(  452): NoActiveNetworkState{ when=-3ms what=1 obj=NetworkInfo: type: WIFI[], state: DISCONNECTED/DISCONNECTED, reason: (unspecified), extra: <unknown ssid>, roaming: false, failover: false, isAvailable: true, isConnectedToProvisioningNetwork: false target=com.android.internal.util.StateMachine$SmHandler }
04-24 22:57:42.350 I/DeviceInfoService(  452): wifi on
04-24 22:57:42.350 I/DeviceInfoService(  452): onReceive BroadcastReceiver
04-24 22:57:42.350 D/OtaService(  452): onreceive action = android.net.conn.CONNECTIVITY_CHANGE
04-24 22:57:42.350 I/OtaService(  452): onReceive BroadcastReceiver
04-24 22:57:42.470 D/GCM     (  824): GcmService start Intent { act=android.net.conn.CONNECTIVITY_CHANGE flg=0x4000010 cmp=com.google.android.gms/.gcm.GcmService (has extras) } android.net.conn.CONNECTIVITY_CHANGE
04-24 22:57:42.480 D/dalvikvm(  452): GC_CONCURRENT freed 1375K, 13% free 10378K/11880K, paused 19ms+16ms, total 140ms
04-24 22:57:42.570 D/GCM     (  824): GcmService start Intent { act=android.net.conn.CONNECTIVITY_CHANGE flg=0x4000010 cmp=com.google.android.gms/.gcm.GcmService (has extras) } android.net.conn.CONNECTIVITY_CHANGE
04-24 22:57:43.830 I/wpa_supplicant(  513): wlan0: CTRL-EVENT-DISCONNECTED bssid=a4:93:4c:b1:4a:5f reason=2
04-24 22:57:43.920 D/CommandListener(  111): Clearing all IP addresses on wlan0
04-24 22:57:43.930 D/ConnectivityService(  452): ConnectivityChange for WIFI: DISCONNECTED/DISCONNECTED
04-24 22:57:43.940 D/EthernetDataTracker(  452): no configuration for 
04-24 22:57:43.940 D/ConnectivityService(  452): Attempting to switch to mobile
04-24 22:57:43.940 D/ConnectivityService(  452): Attempting to switch to BLUETOOTH_TETHER
04-24 22:57:43.940 D/EthernetDataTracker(  452): ConnectNetwork: Up is true, mLinkUp is false, On is false, mIface 
04-24 22:57:43.940 D/ConnectivityService(  452): Attempting to switch to ETHERNET
04-24 22:57:43.940 D/Nat464Xlat(  452): requiresClat: netType=1, hasIPv4Address=false
04-24 22:57:43.940 D/ConnectivityService(  452): ConnectivityChange for WIFI: DISCONNECTED/DISCONNECTED
04-24 22:57:43.940 D/ConnectivityService(  452): Attempting to switch to mobile
04-24 22:57:43.940 D/ConnectivityService(  452): Attempting to switch to BLUETOOTH_TETHER
04-24 22:57:43.950 D/EthernetDataTracker(  452): no configuration for 
04-24 22:57:43.950 D/EthernetDataTracker(  452): ConnectNetwork: Up is true, mLinkUp is false, On is false, mIface 
04-24 22:57:43.950 D/ConnectivityService(  452): Attempting to switch to ETHERNET
04-24 22:57:43.950 D/Nat464Xlat(  452): requiresClat: netType=1, hasIPv4Address=false
04-24 22:57:43.960 D/CommandListener(  111): Clearing all IP addresses on wlan0
04-24 22:57:46.970 D/Tethering(  452): MasterInitialState.processMessage what=3
04-24 22:57:46.990 D/CaptivePortalTracker(  452): NoActiveNetworkState{ when=-7ms what=1 obj=NetworkInfo: type: WIFI[], state: DISCONNECTED/DISCONNECTED, reason: (unspecified), extra: <unknown ssid>, roaming: false, failover: false, isAvailable: true, isConnectedToProvisioningNetwork: false target=com.android.internal.util.StateMachine$SmHandler }
04-24 22:57:47.010 D/OtaService(  452): onreceive action = android.net.conn.CONNECTIVITY_CHANGE
04-24 22:57:47.020 D/Tethering(  452): MasterInitialState.processMessage what=3
04-24 22:57:47.030 D/CaptivePortalTracker(  452): NoActiveNetworkState{ when=-1ms what=1 obj=NetworkInfo: type: WIFI[], state: DISCONNECTED/DISCONNECTED, reason: (unspecified), extra: <unknown ssid>, roaming: false, failover: false, isAvailable: true, isConnectedToProvisioningNetwork: false target=com.android.internal.util.StateMachine$SmHandler }
04-24 22:57:47.040 D/OtaService(  452): onreceive action = android.net.conn.CONNECTIVITY_CHANGE
04-24 22:57:47.060 D/GCM     (  824): GcmService start Intent { act=android.net.conn.CONNECTIVITY_CHANGE flg=0x4000010 cmp=com.google.android.gms/.gcm.GcmService (has extras) } android.net.conn.CONNECTIVITY_CHANGE
04-24 22:57:47.140 D/GCM     (  824): GcmService start Intent { act=android.net.conn.CONNECTIVITY_CHANGE flg=0x4000010 cmp=com.google.android.gms/.gcm.GcmService (has extras) } android.net.conn.CONNECTIVITY_CHANGE
04-24 22:57:54.580 D/ConnectivityService(  452): handleInetConditionChange: no active default network - ignore
04-24 22:57:54.580 W/SocketClient(  111): write error (Broken pipe)
04-24 22:57:59.630 W/ProcessCpuTracker(  452): Skipping unknown process pid 32708
04-24 22:58:01.280 I/wpa_supplicant(  513): wlan0: Trying to associate with a4:93:4c:b1:4a:5f (SSID='XP-3f' freq=2472 MHz)
04-24 22:58:01.470 D/dalvikvm(  789): GC_CONCURRENT freed 382K, 9% free 5302K/5824K, paused 12ms+3ms, total 55ms
04-24 22:58:01.800 I/wpa_supplicant(  513): wlan0: CTRL-EVENT-ASSOC-REJECT bssid=a4:93:4c:b1:4a:5f status_code=1
04-24 22:58:01.800 E/wpa_supplicant(  513): Retrying assoc: 1 
04-24 22:58:01.800 I/wpa_supplicant(  513): wlan0: CTRL-EVENT-DISCONNECTED bssid=a4:93:4c:b1:4a:5f reason=3 locally_generated=1
04-24 22:58:03.000 I/wpa_supplicant(  513): wlan0: Trying to associate with a4:93:4c:b1:4a:5f (SSID='XP-3f' freq=2472 MHz)
04-24 22:58:03.560 I/wpa_supplicant(  513): wlan0: CTRL-EVENT-ASSOC-REJECT bssid=a4:93:4c:b1:4a:5f status_code=1
04-24 22:58:03.560 E/wpa_supplicant(  513): Retrying assoc: 2 
04-24 22:58:03.560 I/wpa_supplicant(  513): wlan0: CTRL-EVENT-DISCONNECTED bssid=a4:93:4c:b1:4a:5f reason=3 locally_generated=1
04-24 22:58:03.560 I/wpa_supplicant(  513): wlan0: CTRL-EVENT-SSID-TEMP-DISABLED id=0 ssid="XP-3f" auth_failures=1 duration=10
04-24 22:58:09.470 D/ConnectivityService(  452): handleInetConditionChange: no active default network - ignore
04-24 22:58:11.410 D/NetUtils(  452): dhcp_do_request failed : wlan0 (new)
04-24 22:58:11.410 E/DhcpStateMachine(  452): DHCP failed on wlan0: Timed out waiting for DHCP to finish
04-24 22:58:20.900 I/wpa_supplicant(  513): wlan0: CTRL-EVENT-SSID-REENABLED id=0 ssid="XP-3f"
04-24 22:58:20.900 I/wpa_supplicant(  513): wlan0: Trying to associate with a4:93:4c:b1:4a:5f (SSID='XP-3f' freq=2472 MHz)
04-24 22:58:21.420 I/wpa_supplicant(  513): wlan0: CTRL-EVENT-ASSOC-REJECT bssid=a4:93:4c:b1:4a:5f status_code=1
04-24 22:58:21.420 E/wpa_supplicant(  513): Retrying assoc: 3 
04-24 22:58:21.420 I/wpa_supplicant(  513): wlan0: CTRL-EVENT-DISCONNECTED bssid=a4:93:4c:b1:4a:5f reason=3 locally_generated=1
04-24 22:58:21.420 I/wpa_supplicant(  513): wlan0: CTRL-EVENT-SSID-TEMP-DISABLED id=0 ssid="XP-3f" auth_failures=2 duration=20
04-24 22:58:22.770 D/dalvikvm(  452): GC_CONCURRENT freed 1384K, 13% free 10384K/11880K, paused 22ms+14ms, total 144ms
04-24 22:58:39.140 D/ConnectivityService(  452): NetTransition Wakelock for ConnectedState released by timeout
04-24 22:58:39.210 D/ConnectivityService(  452): handleInetConditionChange: no active default network - ignore
04-24 22:58:43.960 D/PowerManagerService(  452): mHoldBootFastWakeLock = false
04-24 22:58:55.020 I/wpa_supplicant(  513): wlan0: CTRL-EVENT-SSID-REENABLED id=0 ssid="XP-3f"
04-24 22:58:55.020 I/wpa_supplicant(  513): wlan0: Trying to associate with a4:93:4c:b1:4a:5f (SSID='XP-3f' freq=2472 MHz)
04-24 22:58:55.480 I/wpa_supplicant(  513): wlan0: Associated with a4:93:4c:b1:4a:5f
04-24 22:58:55.530 I/wpa_supplicant(  513): wlan0: WPA: Key negotiation completed with a4:93:4c:b1:4a:5f [PTK=CCMP GTK=CCMP]
04-24 22:58:55.530 I/wpa_supplicant(  513): wlan0: CTRL-EVENT-CONNECTED - Connection to a4:93:4c:b1:4a:5f completed (auth) [id=0 id_str=]
04-24 22:58:55.730 E/wpa_supplicant(  513): wpa_driver_nl80211_driver_cmd: failed to issue private commands
04-24 22:58:55.730 E/WifiStateMachine(  452): Unexpected BatchedScanResults :null
04-24 22:58:55.740 E/wpa_supplicant(  513): wpa_driver_nl80211_driver_cmd: failed to issue private commands
04-24 22:58:56.640 D/WifiStateMachine(  452): VerifyingLinkState enter
04-24 22:58:56.660 D/WifiStateMachine(  452): VerifyingLinkState GOOD_LINK_DETECTED: transition to captive portal check
04-24 22:58:56.660 D/WifiStateMachine(  452): CaptivePortalCheckState enter
04-24 22:58:56.660 D/ConnectivityService(  452): Captive portal check NetworkInfo: type: WIFI[], state: CONNECTING/CAPTIVE_PORTAL_CHECK, reason: (unspecified), extra: "XP-3f", roaming: false, failover: false, isAvailable: true, isConnectedToProvisioningNetwork: false
