04-23 14:29:02.060 W/ContextImpl( 1762): Calling a method in the system process without a qualified user: android.app.ContextImpl.sendBroadcast:1123 android.content.ContextWrapper.sendBroadcast:365 android.content.ContextWrapper.sendBroadcast:365 com.allwinnertech.sleepandwakeupclock.AlarmReceiver.onReceive:30 android.app.ActivityThread.handleReceiver:2419 
04-23 14:29:02.070 I/WindowManager(  452): No lock screen! windowToken=null
04-23 14:29:12.130 I/PowerManagerService(  452): Going to sleep by user request...
04-23 14:29:23.050 I/PowerManagerService(  452): Waking up from sleep...
04-23 14:29:23.050 I/WindowManager(  452): No lock screen! windowToken=null
04-23 14:29:23.070 W/ContextImpl( 1762): Calling a method in the system process without a qualified user: android.app.ContextImpl.sendBroadcast:1123 android.content.ContextWrapper.sendBroadcast:365 android.content.ContextWrapper.sendBroadcast:365 com.allwinnertech.sleepandwakeupclock.AlarmReceiver.onReceive:30 android.app.ActivityThread.handleReceiver:2419 
04-23 14:29:33.190 I/PowerManagerService(  452): Going to sleep by user request...
04-23 14:29:44.060 D/PowerManagerService(  452): mHoldBootFastWakeLock = false
04-23 14:29:44.060 I/PowerManagerService(  452): Waking up from sleep...
04-23 14:29:44.070 I/WindowManager(  452): No lock screen! windowToken=null
04-23 14:29:44.240 W/ContextImpl( 1762): Calling a method in the system process without a qualified user: android.app.ContextImpl.sendBroadcast:1123 android.content.ContextWrapper.sendBroadcast:365 android.content.ContextWrapper.sendBroadcast:365 com.allwinnertech.sleepandwakeupclock.AlarmReceiver.onReceive:30 android.app.ActivityThread.handleReceiver:2419 
04-23 14:29:54.300 I/PowerManagerService(  452): Going to sleep by user request...
04-23 14:30:00.070 D/PowerManagerService(  452): mHoldBootFastWakeLock = false
04-23 14:30:04.330 I/PowerManagerService(  452): Waking up from sleep...
04-23 14:30:04.350 I/WindowManager(  452): No lock screen! windowToken=null
04-23 14:30:04.450 W/ContextImpl( 1762): Calling a method in the system process without a qualified user: android.app.ContextImpl.sendBroadcast:1123 android.content.ContextWrapper.sendBroadcast:365 android.content.ContextWrapper.sendBroadcast:365 com.allwinnertech.sleepandwakeupclock.AlarmReceiver.onReceive:30 android.app.ActivityThread.handleReceiver:2419 
04-23 14:30:14.650 I/PowerManagerService(  452): Going to sleep by user request...
04-23 14:30:25.080 D/PowerManagerService(  452): mHoldBootFastWakeLock = false
04-23 14:30:25.100 I/PowerManagerService(  452): Waking up from sleep...
04-23 14:30:25.110 I/WindowManager(  452): No lock screen! windowToken=null
04-23 14:30:25.270 W/ContextImpl( 1762): Calling a method in the system process without a qualified user: android.app.ContextImpl.sendBroadcast:1123 android.content.ContextWrapper.sendBroadcast:365 android.content.ContextWrapper.sendBroadcast:365 com.allwinnertech.sleepandwakeupclock.AlarmReceiver.onReceive:30 android.app.ActivityThread.handleReceiver:2419 
04-23 14:30:35.300 I/PowerManagerService(  452): Going to sleep by user request...
04-23 14:30:46.050 I/PowerManagerService(  452): Waking up from sleep...
04-23 14:30:46.070 I/WindowManager(  452): No lock screen! windowToken=null
04-23 14:30:46.100 W/ContextImpl( 1762): Calling a method in the system process without a qualified user: android.app.ContextImpl.sendBroadcast:1123 android.content.ContextWrapper.sendBroadcast:365 android.content.ContextWrapper.sendBroadcast:365 com.allwinnertech.sleepandwakeupclock.AlarmReceiver.onReceive:30 android.app.ActivityThread.handleReceiver:2419 
04-23 14:30:56.350 I/PowerManagerService(  452): Going to sleep by user request...
04-23 14:30:59.050 D/PowerManagerService(  452): mHoldBootFastWakeLock = false
04-23 14:31:06.340 I/PowerManagerService(  452): Waking up from sleep...
04-23 14:31:06.350 I/WindowManager(  452): No lock screen! windowToken=null
04-23 14:31:06.450 W/ContextImpl( 1762): Calling a method in the system process without a qualified user: android.app.ContextImpl.sendBroadcast:1123 android.content.ContextWrapper.sendBroadcast:365 android.content.ContextWrapper.sendBroadcast:365 com.allwinnertech.sleepandwakeupclock.AlarmReceiver.onReceive:30 android.app.ActivityThread.handleReceiver:2419 
04-23 14:31:15.390 D/PowerManagerService(  452): mHoldBootFastWakeLock = false
04-23 14:31:16.640 I/PowerManagerService(  452): Going to sleep by user request...
04-23 14:31:28.060 D/PowerManagerService(  452): mHoldBootFastWakeLock = false
04-23 14:31:28.060 I/PowerManagerService(  452): Waking up from sleep...
04-23 14:31:28.070 I/WindowManager(  452): No lock screen! windowToken=null
04-23 14:31:28.270 W/ContextImpl( 1762): Calling a method in the system process without a qualified user: android.app.ContextImpl.sendBroadcast:1123 android.content.ContextWrapper.sendBroadcast:365 android.content.ContextWrapper.sendBroadcast:365 com.allwinnertech.sleepandwakeupclock.AlarmReceiver.onReceive:30 android.app.ActivityThread.handleReceiver:2419 
04-23 14:31:38.370 I/PowerManagerService(  452): Going to sleep by user request...
04-23 14:31:50.080 D/PowerManagerService(  452): mHoldBootFastWakeLock = false
04-23 14:31:50.100 I/PowerManagerService(  452): Waking up from sleep...
04-23 14:31:50.130 I/WindowManager(  452): No lock screen! windowToken=null
04-23 14:31:50.150 W/ContextImpl( 1762): Calling a method in the system process without a qualified user: android.app.ContextImpl.sendBroadcast:1123 android.content.ContextWrapper.sendBroadcast:365 android.content.ContextWrapper.sendBroadcast:365 com.allwinnertech.sleepandwakeupclock.AlarmReceiver.onReceive:30 android.app.ActivityThread.handleReceiver:2419 
04-23 14:32:00.320 I/PowerManagerService(  452): Going to sleep by user request...
04-23 14:32:12.060 D/PowerManagerService(  452): mHoldBootFastWakeLock = false
04-23 14:32:12.160 I/PowerManagerService(  452): Waking up from sleep...
04-23 14:32:12.160 I/WindowManager(  452): No lock screen! windowToken=null
04-23 14:32:12.330 W/ContextImpl( 1762): Calling a method in the system process without a qualified user: android.app.ContextImpl.sendBroadcast:1123 android.content.ContextWrapper.sendBroadcast:365 android.content.ContextWrapper.sendBroadcast:365 com.allwinnertech.sleepandwakeupclock.AlarmReceiver.onReceive:30 android.app.ActivityThread.handleReceiver:2419 
04-23 14:32:22.380 I/PowerManagerService(  452): Going to sleep by user request...
04-23 14:32:33.040 D/PowerManagerService(  452): mHoldBootFastWakeLock = false
04-23 14:32:33.050 I/PowerManagerService(  452): Waking up from sleep...
04-23 14:32:33.060 W/ContextImpl( 1762): Calling a method in the system process without a qualified user: android.app.ContextImpl.sendBroadcast:1123 android.content.ContextWrapper.sendBroadcast:365 android.content.ContextWrapper.sendBroadcast:365 com.allwinnertech.sleepandwakeupclock.AlarmReceiver.onReceive:30 android.app.ActivityThread.handleReceiver:2419 
04-23 14:32:33.060 I/WindowManager(  452): No lock screen! windowToken=null
04-23 14:32:43.130 I/PowerManagerService(  452): Going to sleep by user request...
04-23 14:32:54.050 I/PowerManagerService(  452): Waking up from sleep...
04-23 14:32:54.060 I/WindowManager(  452): No lock screen! windowToken=null
04-23 14:32:54.290 W/ContextImpl( 1762): Calling a method in the system process without a qualified user: android.app.ContextImpl.sendBroadcast:1123 android.content.ContextWrapper.sendBroadcast:365 android.content.ContextWrapper.sendBroadcast:365 com.allwinnertech.sleepandwakeupclock.AlarmReceiver.onReceive:30 android.app.ActivityThread.handleReceiver:2419 
04-23 14:33:04.340 I/PowerManagerService(  452): Going to sleep by user request...
04-23 14:33:15.060 D/PowerManagerService(  452): mHoldBootFastWakeLock = false
04-23 14:33:15.060 I/PowerManagerService(  452): Waking up from sleep...
04-23 14:33:15.070 I/WindowManager(  452): No lock screen! windowToken=null
04-23 14:33:15.150 W/ContextImpl( 1762): Calling a method in the system process without a qualified user: android.app.ContextImpl.sendBroadcast:1123 android.content.ContextWrapper.sendBroadcast:365 android.content.ContextWrapper.sendBroadcast:365 com.allwinnertech.sleepandwakeupclock.AlarmReceiver.onReceive:30 android.app.ActivityThread.handleReceiver:2419 
04-23 14:33:25.300 I/PowerManagerService(  452): Going to sleep by user request...
04-23 14:33:37.100 I/PowerManagerService(  452): Waking up from sleep...
04-23 14:33:37.100 I/WindowManager(  452): No lock screen! windowToken=null
04-23 14:33:37.190 W/ContextImpl( 1762): Calling a method in the system process without a qualified user: android.app.ContextImpl.sendBroadcast:1123 android.content.ContextWrapper.sendBroadcast:365 android.content.ContextWrapper.sendBroadcast:365 com.allwinnertech.sleepandwakeupclock.AlarmReceiver.onReceive:30 android.app.ActivityThread.handleReceiver:2419 
04-23 14:33:47.350 I/PowerManagerService(  452): Going to sleep by user request...
04-23 14:33:58.060 D/PowerManagerService(  452): mHoldBootFastWakeLock = false
04-23 14:33:58.060 I/PowerManagerService(  452): Waking up from sleep...
04-23 14:33:58.070 I/WindowManager(  452): No lock screen! windowToken=null
04-23 14:33:58.260 W/ContextImpl( 1762): Calling a method in the system process without a qualified user: android.app.ContextImpl.sendBroadcast:1123 android.content.ContextWrapper.sendBroadcast:365 android.content.ContextWrapper.sendBroadcast:365 com.allwinnertech.sleepandwakeupclock.AlarmReceiver.onReceive:30 android.app.ActivityThread.handleReceiver:2419 
04-23 14:34:08.320 I/PowerManagerService(  452): Going to sleep by user request...
04-23 14:34:20.060 D/PowerManagerService(  452): mHoldBootFastWakeLock = false
04-23 14:34:20.060 I/PowerManagerService(  452): Waking up from sleep...
04-23 14:34:20.080 I/WindowManager(  452): No lock screen! windowToken=null
04-23 14:34:20.260 W/ContextImpl( 1762): Calling a method in the system process without a qualified user: android.app.ContextImpl.sendBroadcast:1123 android.content.ContextWrapper.sendBroadcast:365 android.content.ContextWrapper.sendBroadcast:365 com.allwinnertech.sleepandwakeupclock.AlarmReceiver.onReceive:30 android.app.ActivityThread.handleReceiver:2419 
04-23 14:34:30.330 I/PowerManagerService(  452): Going to sleep by user request...
04-23 14:34:42.060 D/PowerManagerService(  452): mHoldBootFastWakeLock = false
04-23 14:34:42.070 I/PowerManagerService(  452): Waking up from sleep...
04-23 14:34:42.090 I/WindowManager(  452): No lock screen! windowToken=null
04-23 14:34:42.150 W/ContextImpl( 1762): Calling a method in the system process without a qualified user: android.app.ContextImpl.sendBroadcast:1123 android.content.ContextWrapper.sendBroadcast:365 android.content.ContextWrapper.sendBroadcast:365 com.allwinnertech.sleepandwakeupclock.AlarmReceiver.onReceive:30 android.app.ActivityThread.handleReceiver:2419 
04-23 14:34:52.330 I/PowerManagerService(  452): Going to sleep by user request...
04-23 14:35:03.060 D/PowerManagerService(  452): mHoldBootFastWakeLock = false
04-23 14:35:03.080 I/PowerManagerService(  452): Waking up from sleep...
04-23 14:35:03.090 I/WindowManager(  452): No lock screen! windowToken=null
04-23 14:35:03.120 W/ContextImpl( 1762): Calling a method in the system process without a qualified user: android.app.ContextImpl.sendBroadcast:1123 android.content.ContextWrapper.sendBroadcast:365 android.content.ContextWrapper.sendBroadcast:365 com.allwinnertech.sleepandwakeupclock.AlarmReceiver.onReceive:30 android.app.ActivityThread.handleReceiver:2419 
04-23 14:35:13.350 I/PowerManagerService(  452): Going to sleep by user request...
04-23 14:35:19.160 D/ConnectivityService(  452): ConnectivityChange for WIFI: DISCONNECTED/DISCONNECTED
04-23 14:35:19.160 D/ConnectivityService(  452): tryFailover: set mActiveDefaultNetwork=-1, prevNetType=1
04-23 14:35:19.160 D/PowerManagerService(  452): mHoldBootFastWakeLock = false
04-23 14:35:19.180 D/ConnectivityService(  452): Attempting to switch to mobile
04-23 14:35:19.180 D/ConnectivityService(  452): Attempting to switch to BLUETOOTH_TETHER
04-23 14:35:19.180 D/EthernetDataTracker(  452): ConnectNetwork: Up is true, mLinkUp is false, On is false, mIface 
04-23 14:35:19.180 D/ConnectivityService(  452): Attempting to switch to ETHERNET
04-23 14:35:19.200 D/ConnectivityService(  452): resetConnections(wlan0, 3)
04-23 14:35:19.230 D/Nat464Xlat(  452): requiresClat: netType=1, hasIPv4Address=false
04-23 14:35:19.240 D/ConnectivityService(  452): ConnectivityChange for WIFI: DISCONNECTED/DISCONNECTED
04-23 14:35:19.240 D/ConnectivityService(  452): Attempting to switch to mobile
04-23 14:35:19.240 D/ConnectivityService(  452): Attempting to switch to BLUETOOTH_TETHER
04-23 14:35:19.240 D/EthernetDataTracker(  452): ConnectNetwork: Up is true, mLinkUp is false, On is false, mIface 
04-23 14:35:19.240 D/ConnectivityService(  452): Attempting to switch to ETHERNET
04-23 14:35:19.240 D/Nat464Xlat(  452): requiresClat: netType=1, hasIPv4Address=false
04-23 14:35:19.290 D/ConnectivityService(  452): handleInetConditionChange: no active default network - ignore
04-23 14:35:22.270 D/ConnectivityService(  452): setProvNotificationVisible: E visible=false networkType=1 extraInfo=null url=null
04-23 14:35:22.810 D/ConnectivityService(  452): Captive portal check NetworkInfo: type: WIFI[], state: CONNECTING/CAPTIVE_PORTAL_CHECK, reason: (unspecified), extra: "XP-3f", roaming: false, failover: false, isAvailable: true, isConnectedToProvisioningNetwork: false
04-23 14:35:22.810 D/ConnectivityService(  452): handleCaptivePortalTrackerCheck: call captivePortalCheckComplete ni=NetworkInfo: type: WIFI[], state: CONNECTING/CAPTIVE_PORTAL_CHECK, reason: (unspecified), extra: "XP-3f", roaming: false, failover: false, isAvailable: true, isConnectedToProvisioningNetwork: false
04-23 14:35:22.810 D/ConnectivityService(  452): Captive portal check NetworkInfo: type: WIFI[], state: CONNECTING/CAPTIVE_PORTAL_CHECK, reason: (unspecified), extra: "XP-3f", roaming: false, failover: false, isAvailable: true, isConnectedToProvisioningNetwork: false
04-23 14:35:22.810 D/ConnectivityService(  452): handleCaptivePortalTrackerCheck: call captivePortalCheckComplete ni=NetworkInfo: type: WIFI[], state: CONNECTING/CAPTIVE_PORTAL_CHECK, reason: (unspecified), extra: "XP-3f", roaming: false, failover: false, isAvailable: true, isConnectedToProvisioningNetwork: false
04-23 14:35:22.830 D/ConnectivityService(  452): ConnectivityChange for WIFI: CONNECTED/CONNECTED
04-23 14:35:22.840 E/ConnectivityService(  452): Unexpected mtu value: android.net.wifi.WifiStateTracker@42240148
04-23 14:35:22.880 D/Nat464Xlat(  452): requiresClat: netType=1, hasIPv4Address=true
04-23 14:35:22.880 D/ConnectivityService(  452): ConnectivityChange for WIFI: CONNECTED/CONNECTED
04-23 14:35:22.910 E/ConnectivityService(  452): Unexpected mtu value: android.net.wifi.WifiStateTracker@42240148
04-23 14:35:22.930 D/ConnectivityService(  452): handleConnectivityChange: address are the same reset per doReset linkProperty[1]: resetMask=0
04-23 14:35:22.930 D/Nat464Xlat(  452): requiresClat: netType=1, hasIPv4Address=true
04-23 14:35:23.330 I/PowerManagerService(  452): Waking up from sleep...
04-23 14:35:23.330 W/ContextImpl( 1762): Calling a method in the system process without a qualified user: android.app.ContextImpl.sendBroadcast:1123 android.content.ContextWrapper.sendBroadcast:365 android.content.ContextWrapper.sendBroadcast:365 com.allwinnertech.sleepandwakeupclock.AlarmReceiver.onReceive:30 android.app.ActivityThread.handleReceiver:2419 
04-23 14:35:23.350 I/WindowManager(  452): No lock screen! windowToken=null
04-23 14:35:23.840 D/ConnectivityService(  452): NetTransition Wakelock for ConnectedState released by timeout
04-23 14:35:24.410 D/ConnectivityService(  452): handleConnectivityChange: addresses changed linkProperty[1]: resetMask=0
04-23 14:35:24.410 D/ConnectivityService(  452):    car=removed=[] added=[fe80::222:f4ff:fef9:1147/64,]
04-23 14:35:24.420 D/Nat464Xlat(  452): requiresClat: netType=1, hasIPv4Address=true
04-23 14:35:24.440 D/ConnectivityService(  452): handleConnectivityChange: address are the same reset per doReset linkProperty[1]: resetMask=0
04-23 14:35:24.440 D/Nat464Xlat(  452): requiresClat: netType=1, hasIPv4Address=true
04-23 14:35:29.080 D/ConnectivityService(  452): handleInetConditionHoldEnd: net=1, condition=0, published condition=0
04-23 14:35:33.450 I/PowerManagerService(  452): Going to sleep by user request...
04-23 14:35:34.260 D/ConnectivityService(  452): Sampling interval elapsed, updating statistics ..
04-23 14:35:34.310 D/ConnectivityService(  452): Done.
04-23 14:35:34.310 D/ConnectivityService(  452): Setting timer for 720seconds
04-23 14:35:44.070 D/PowerManagerService(  452): mHoldBootFastWakeLock = false
04-23 14:35:44.070 I/PowerManagerService(  452): Waking up from sleep...
04-23 14:35:44.100 I/WindowManager(  452): No lock screen! windowToken=null
04-23 14:35:44.130 W/ContextImpl( 1762): Calling a method in the system process without a qualified user: android.app.ContextImpl.sendBroadcast:1123 android.content.ContextWrapper.sendBroadcast:365 android.content.ContextWrapper.sendBroadcast:365 com.allwinnertech.sleepandwakeupclock.AlarmReceiver.onReceive:30 android.app.ActivityThread.handleReceiver:2419 
04-23 14:35:44.440 D/ConnectivityService(  452): setProvNotificationVisible: E visible=false networkType=1 extraInfo=null url=null
04-23 14:35:46.470 D/ConnectivityService(  452): handleInetConditionHoldEnd: net=1, condition=100, published condition=0
04-23 14:35:50.380 W/ContextImpl(  452): Calling a method in the system process without a qualified user: android.app.ContextImpl.sendBroadcast:1137 android.net.CaptivePortalTracker.sendNetworkConditionsBroadcast:507 android.net.CaptivePortalTracker.isCaptivePortal:399 android.net.CaptivePortalTracker.access$2600:60 android.net.CaptivePortalTracker$DelayedCaptiveCheckState.processMessage:283 
04-23 14:35:50.380 D/ConnectivityService(  452): captivePortalCheckCompleted: ni=NetworkInfo: type: WIFI[], state: CONNECTED/CONNECTED, reason: (unspecified), extra: "XP-3f", roaming: false, failover: false, isAvailable: true, isConnectedToProvisioningNetwork: false captive=false
04-23 14:35:54.290 I/PowerManagerService(  452): Going to sleep by user request...
04-23 14:36:05.050 D/PowerManagerService(  452): mHoldBootFastWakeLock = false
04-23 14:36:05.060 I/PowerManagerService(  452): Waking up from sleep...
04-23 14:36:05.060 W/ContextImpl( 1762): Calling a method in the system process without a qualified user: android.app.ContextImpl.sendBroadcast:1123 android.content.ContextWrapper.sendBroadcast:365 android.content.ContextWrapper.sendBroadcast:365 com.allwinnertech.sleepandwakeupclock.AlarmReceiver.onReceive:30 android.app.ActivityThread.handleReceiver:2419 
04-23 14:36:05.080 I/WindowManager(  452): No lock screen! windowToken=null
04-23 14:36:11.990 D/ConnectivityService(  452): handleInetConditionHoldEnd: net=1, condition=0, published condition=100
04-23 14:36:15.180 I/PowerManagerService(  452): Going to sleep by user request...
04-23 14:36:17.070 D/PowerManagerService(  452): mHoldBootFastWakeLock = false
04-23 14:36:23.050 D/PowerManagerService(  452): mHoldBootFastWakeLock = false
04-23 14:36:25.230 I/PowerManagerService(  452): Waking up from sleep...
04-23 14:36:25.250 I/WindowManager(  452): No lock screen! windowToken=null
04-23 14:36:25.430 W/ContextImpl( 1762): Calling a method in the system process without a qualified user: android.app.ContextImpl.sendBroadcast:1123 android.content.ContextWrapper.sendBroadcast:365 android.content.ContextWrapper.sendBroadcast:365 com.allwinnertech.sleepandwakeupclock.AlarmReceiver.onReceive:30 android.app.ActivityThread.handleReceiver:2419 
04-23 14:36:25.940 D/ConnectivityService(  452): handleInetConditionHoldEnd: net=1, condition=100, published condition=0
04-23 14:36:32.360 D/ConnectivityService(  452): handleInetConditionHoldEnd: net=1, condition=0, published condition=100
04-23 14:36:35.530 I/PowerManagerService(  452): Going to sleep by user request...
04-23 14:36:47.060 D/PowerManagerService(  452): mHoldBootFastWakeLock = false
04-23 14:36:47.070 I/PowerManagerService(  452): Waking up from sleep...
04-23 14:36:47.100 I/WindowManager(  452): No lock screen! windowToken=null
04-23 14:36:47.120 W/ContextImpl( 1762): Calling a method in the system process without a qualified user: android.app.ContextImpl.sendBroadcast:1123 android.content.ContextWrapper.sendBroadcast:365 android.content.ContextWrapper.sendBroadcast:365 com.allwinnertech.sleepandwakeupclock.AlarmReceiver.onReceive:30 android.app.ActivityThread.handleReceiver:2419 
04-23 14:36:48.650 D/ConnectivityService(  452): handleInetConditionHoldEnd: net=1, condition=100, published condition=0
04-23 14:36:57.320 I/PowerManagerService(  452): Going to sleep by user request...
04-23 14:37:09.150 D/PowerManagerService(  452): mHoldBootFastWakeLock = false
04-23 14:37:09.160 I/PowerManagerService(  452): Waking up from sleep...
04-23 14:37:09.160 W/ContextImpl( 1762): Calling a method in the system process without a qualified user: android.app.ContextImpl.sendBroadcast:1123 android.content.ContextWrapper.sendBroadcast:365 android.content.ContextWrapper.sendBroadcast:365 com.allwinnertech.sleepandwakeupclock.AlarmReceiver.onReceive:30 android.app.ActivityThread.handleReceiver:2419 
04-23 14:37:09.190 I/WindowManager(  452): No lock screen! windowToken=null
04-23 14:37:19.220 I/PowerManagerService(  452): Going to sleep by user request...
04-23 14:37:21.540 D/PowerManagerService(  452): mHoldBootFastWakeLock = false
04-23 14:37:29.260 I/PowerManagerService(  452): Waking up from sleep...
04-23 14:37:29.270 I/WindowManager(  452): No lock screen! windowToken=null
04-23 14:37:29.360 W/ContextImpl( 1762): Calling a method in the system process without a qualified user: android.app.ContextImpl.sendBroadcast:1123 android.content.ContextWrapper.sendBroadcast:365 android.content.ContextWrapper.sendBroadcast:365 com.allwinnertech.sleepandwakeupclock.AlarmReceiver.onReceive:30 android.app.ActivityThread.handleReceiver:2419 
04-23 14:37:39.610 I/PowerManagerService(  452): Going to sleep by user request...
04-23 14:37:50.050 D/PowerManagerService(  452): mHoldBootFastWakeLock = false
04-23 14:37:50.070 I/ActivityManager(  452): Delay finish: com.google.android.gsf/.checkin.EventLogService$Receiver
04-23 14:37:50.140 I/ActivityManager(  452): Resuming delayed broadcast
04-23 14:37:50.150 I/PowerManagerService(  452): Waking up from sleep...
04-23 14:37:50.170 I/WindowManager(  452): No lock screen! windowToken=null
04-23 14:37:50.200 W/ContextImpl( 1762): Calling a method in the system process without a qualified user: android.app.ContextImpl.sendBroadcast:1123 android.content.ContextWrapper.sendBroadcast:365 android.content.ContextWrapper.sendBroadcast:365 com.allwinnertech.sleepandwakeupclock.AlarmReceiver.onReceive:30 android.app.ActivityThread.handleReceiver:2419 
04-23 14:38:00.350 I/PowerManagerService(  452): Going to sleep by user request...
04-23 14:38:11.090 D/PowerManagerService(  452): mHoldBootFastWakeLock = false
04-23 14:38:11.110 I/PowerManagerService(  452): Waking up from sleep...
04-23 14:38:11.130 I/WindowManager(  452): No lock screen! windowToken=null
04-23 14:38:11.160 W/ContextImpl( 1762): Calling a method in the system process without a qualified user: android.app.ContextImpl.sendBroadcast:1123 android.content.ContextWrapper.sendBroadcast:365 android.content.ContextWrapper.sendBroadcast:365 com.allwinnertech.sleepandwakeupclock.AlarmReceiver.onReceive:30 android.app.ActivityThread.handleReceiver:2419 
04-23 14:38:21.340 I/PowerManagerService(  452): Going to sleep by user request...
04-23 14:38:32.050 D/PowerManagerService(  452): mHoldBootFastWakeLock = false
04-23 14:38:32.060 I/PowerManagerService(  452): Waking up from sleep...
04-23 14:38:32.090 I/WindowManager(  452): No lock screen! windowToken=null
04-23 14:38:32.110 W/ContextImpl( 1762): Calling a method in the system process without a qualified user: android.app.ContextImpl.sendBroadcast:1123 android.content.ContextWrapper.sendBroadcast:365 android.content.ContextWrapper.sendBroadcast:365 com.allwinnertech.sleepandwakeupclock.AlarmReceiver.onReceive:30 android.app.ActivityThread.handleReceiver:2419 
04-23 14:38:42.330 I/PowerManagerService(  452): Going to sleep by user request...
04-23 14:38:53.140 D/PowerManagerService(  452): mHoldBootFastWakeLock = false
04-23 14:38:53.150 I/PowerManagerService(  452): Waking up from sleep...
04-23 14:38:53.160 I/WindowManager(  452): No lock screen! windowToken=null
04-23 14:38:53.290 W/ContextImpl( 1762): Calling a method in the system process without a qualified user: android.app.ContextImpl.sendBroadcast:1123 android.content.ContextWrapper.sendBroadcast:365 android.content.ContextWrapper.sendBroadcast:365 com.allwinnertech.sleepandwakeupclock.AlarmReceiver.onReceive:30 android.app.ActivityThread.handleReceiver:2419 
04-23 14:39:03.380 I/PowerManagerService(  452): Going to sleep by user request...
04-23 14:39:14.060 D/PowerManagerService(  452): mHoldBootFastWakeLock = false
04-23 14:39:14.070 I/PowerManagerService(  452): Waking up from sleep...
04-23 14:39:14.100 I/WindowManager(  452): No lock screen! windowToken=null
04-23 14:39:14.110 W/ContextImpl( 1762): Calling a method in the system process without a qualified user: android.app.ContextImpl.sendBroadcast:1123 android.content.ContextWrapper.sendBroadcast:365 android.content.ContextWrapper.sendBroadcast:365 com.allwinnertech.sleepandwakeupclock.AlarmReceiver.onReceive:30 android.app.ActivityThread.handleReceiver:2419 
04-23 14:39:24.250 I/PowerManagerService(  452): Going to sleep by user request...
04-23 14:39:35.060 D/PowerManagerService(  452): mHoldBootFastWakeLock = false
04-23 14:39:35.070 I/PowerManagerService(  452): Waking up from sleep...
04-23 14:39:35.090 I/WindowManager(  452): No lock screen! windowToken=null
04-23 14:39:35.120 W/ContextImpl( 1762): Calling a method in the system process without a qualified user: android.app.ContextImpl.sendBroadcast:1123 android.content.ContextWrapper.sendBroadcast:365 android.content.ContextWrapper.sendBroadcast:365 com.allwinnertech.sleepandwakeupclock.AlarmReceiver.onReceive:30 android.app.ActivityThread.handleReceiver:2419 
04-23 14:39:45.340 I/PowerManagerService(  452): Going to sleep by user request...
04-23 14:39:56.050 D/PowerManagerService(  452): mHoldBootFastWakeLock = false
04-23 14:39:56.060 I/PowerManagerService(  452): Waking up from sleep...
04-23 14:39:56.070 I/WindowManager(  452): No lock screen! windowToken=null
04-23 14:39:56.070 W/ContextImpl( 1762): Calling a method in the system process without a qualified user: android.app.ContextImpl.sendBroadcast:1123 android.content.ContextWrapper.sendBroadcast:365 android.content.ContextWrapper.sendBroadcast:365 com.allwinnertech.sleepandwakeupclock.AlarmReceiver.onReceive:30 android.app.ActivityThread.handleReceiver:2419 
04-23 14:40:06.210 I/PowerManagerService(  452): Going to sleep by user request...
04-23 14:40:17.060 D/PowerManagerService(  452): mHoldBootFastWakeLock = false
04-23 14:40:17.060 I/PowerManagerService(  452): Waking up from sleep...
04-23 14:40:17.070 I/WindowManager(  452): No lock screen! windowToken=null
04-23 14:40:17.250 W/ContextImpl( 1762): Calling a method in the system process without a qualified user: android.app.ContextImpl.sendBroadcast:1123 android.content.ContextWrapper.sendBroadcast:365 android.content.ContextWrapper.sendBroadcast:365 com.allwinnertech.sleepandwakeupclock.AlarmReceiver.onReceive:30 android.app.ActivityThread.handleReceiver:2419 
04-23 14:40:27.340 I/PowerManagerService(  452): Going to sleep by user request...
04-23 14:40:38.090 I/PowerManagerService(  452): Waking up from sleep...
04-23 14:40:38.120 I/WindowManager(  452): No lock screen! windowToken=null
04-23 14:40:38.150 W/ContextImpl( 1762): Calling a method in the system process without a qualified user: android.app.ContextImpl.sendBroadcast:1123 android.content.ContextWrapper.sendBroadcast:365 android.content.ContextWrapper.sendBroadcast:365 com.allwinnertech.sleepandwakeupclock.AlarmReceiver.onReceive:30 android.app.ActivityThread.handleReceiver:2419 
04-23 14:40:48.300 I/PowerManagerService(  452): Going to sleep by user request...
04-23 14:41:00.060 D/PowerManagerService(  452): mHoldBootFastWakeLock = false
04-23 14:41:00.080 I/PowerManagerService(  452): Waking up from sleep...
04-23 14:41:00.090 I/WindowManager(  452): No lock screen! windowToken=null
04-23 14:41:00.300 W/ContextImpl( 1762): Calling a method in the system process without a qualified user: android.app.ContextImpl.sendBroadcast:1123 android.content.ContextWrapper.sendBroadcast:365 android.content.ContextWrapper.sendBroadcast:365 com.allwinnertech.sleepandwakeupclock.AlarmReceiver.onReceive:30 android.app.ActivityThread.handleReceiver:2419 
04-23 14:41:10.360 I/PowerManagerService(  452): Going to sleep by user request...
04-23 14:41:21.060 D/PowerManagerService(  452): mHoldBootFastWakeLock = false
04-23 14:41:21.070 I/PowerManagerService(  452): Waking up from sleep...
04-23 14:41:21.070 I/WindowManager(  452): No lock screen! windowToken=null
--------- beginning of /dev/log/main
04-23 14:41:21.150 V/SleepAndWakeUpTest( 1762): wakeUp
04-23 14:41:21.150 D/SurfaceFlinger(  114): Screen acquired, type=0 flinger=0x40db1450
04-23 14:41:21.150 W/ContextImpl( 1762): Calling a method in the system process without a qualified user: android.app.ContextImpl.sendBroadcast:1123 android.content.ContextWrapper.sendBroadcast:365 android.content.ContextWrapper.sendBroadcast:365 com.allwinnertech.sleepandwakeupclock.AlarmReceiver.onReceive:30 android.app.ActivityThread.handleReceiver:2419 
04-23 14:41:21.220 I/qtaguid (  452): Failed write_ctrl(s 1 10012) res=-1 errno=1
04-23 14:41:21.220 W/NetworkManagementSocketTagger(  452): setKernelCountSet(10012, 1) failed with errno -1
04-23 14:41:21.240 V/SleepAndWakeUpTest( 1762): mBroadcastReceiver
04-23 14:41:21.270 V/SleepAndWakeUpTest( 1762): cancelScheduledInstance
04-23 14:41:21.490 D/SensorManager(  452): discard gsensor data ...
04-23 14:41:22.120 D/SensorManager(  452): discard gsensor data ...
04-23 14:41:22.750 D/SensorManager(  452): discard gsensor data ...
04-23 14:41:31.290 V/SleepAndWakeUpTest( 1762): scheduleInstanceStateChange
04-23 14:41:31.310 I/PowerManagerService(  452): Going to sleep by user request...
04-23 14:41:31.360 V/SleepAndWakeUpTest( 1762): goToSleep
04-23 14:41:31.810 D/SurfaceFlinger(  114): Screen released, type=0 flinger=0x40db1450
04-23 14:41:31.890 V/audio_hw_primary(  117): adev_set_parameters, screen_state=off
04-23 14:41:31.890 I/qtaguid (  452): Failed write_ctrl(s 0 10012) res=-1 errno=1
04-23 14:41:31.890 W/NetworkManagementSocketTagger(  452): setKernelCountSet(10012, 0) failed with errno -1
04-23 14:41:31.920 D/SurfaceControl(  452): Excessive delay in blankDisplay() while turning screen off: 109ms
04-23 14:41:32.340 D/PowerManagerService-JNI(  452): Excessive delay in autosuspend_enable() while turning screen off: 393ms
04-23 14:41:43.130 D/dalvikvm(  452): GC_FOR_ALLOC freed 957K, 14% free 10223K/11752K, paused 89ms, total 90ms
04-23 14:41:43.130 V/SleepAndWakeUpTest( 1762): AlarmReceiver
04-23 14:41:43.140 I/PowerManagerService(  452): Waking up from sleep...
04-23 14:41:43.150 D/SensorManager(  452): >>>>>>> set discard sensrtime =3
04-23 14:41:43.150 V/KeyguardServiceDelegate(  452): onScreenTurnedOn(showListener = com.android.internal.policy.impl.PhoneWindowManager$18@4255f098)
04-23 14:41:43.150 V/KeyguardServiceDelegate(  452): **** SHOWN CALLED ****
04-23 14:41:43.150 I/WindowManager(  452): No lock screen! windowToken=null
04-23 14:41:43.220 V/audio_hw_primary(  117): adev_set_parameters, screen_state=on
04-23 14:41:43.270 V/SleepAndWakeUpTest( 1762): wakeUp
04-23 14:41:43.280 I/qtaguid (  452): Failed write_ctrl(s 1 10012) res=-1 errno=1
04-23 14:41:43.280 W/NetworkManagementSocketTagger(  452): setKernelCountSet(10012, 1) failed with errno -1
04-23 14:41:43.320 W/ContextImpl( 1762): Calling a method in the system process without a qualified user: android.app.ContextImpl.sendBroadcast:1123 android.content.ContextWrapper.sendBroadcast:365 android.content.ContextWrapper.sendBroadcast:365 com.allwinnertech.sleepandwakeupclock.AlarmReceiver.onReceive:30 android.app.ActivityThread.handleReceiver:2419 
04-23 14:41:43.340 D/SurfaceFlinger(  114): Screen acquired, type=0 flinger=0x40db1450
04-23 14:41:43.350 V/SleepAndWakeUpTest( 1762): mBroadcastReceiver
04-23 14:41:43.350 V/SleepAndWakeUpTest( 1762): cancelScheduledInstance
04-23 14:41:43.710 D/SensorManager(  452): discard gsensor data ...
04-23 14:41:44.270 D/SensorManager(  452): discard gsensor data ...
04-23 14:41:44.620 D/SensorManager(  452): discard gsensor data ...
04-23 14:41:53.380 V/SleepAndWakeUpTest( 1762): scheduleInstanceStateChange
04-23 14:41:53.390 I/PowerManagerService(  452): Going to sleep by user request...
04-23 14:41:53.410 V/SleepAndWakeUpTest( 1762): goToSleep
04-23 14:41:53.900 D/SurfaceFlinger(  114): Screen released, type=0 flinger=0x40db1450
04-23 14:41:53.940 V/audio_hw_primary(  117): adev_set_parameters, screen_state=off
04-23 14:41:53.950 I/qtaguid (  452): Failed write_ctrl(s 0 10012) res=-1 errno=1
04-23 14:41:53.950 W/NetworkManagementSocketTagger(  452): setKernelCountSet(10012, 0) failed with errno -1
04-23 14:41:54.370 D/PowerManagerService-JNI(  452): Excessive delay in autosuspend_enable() while turning screen off: 381ms
04-23 14:42:05.060 V/SleepAndWakeUpTest( 1762): AlarmReceiver
04-23 14:42:05.060 D/PowerManagerService(  452): mHoldBootFastWakeLock = false
04-23 14:42:05.080 D/SensorManager(  452): >>>>>>> set discard sensrtime =3
04-23 14:42:05.080 V/SleepAndWakeUpTest( 1762): wakeUp
04-23 14:42:05.080 V/KeyguardServiceDelegate(  452): onScreenTurnedOn(showListener = com.android.internal.policy.impl.PhoneWindowManager$18@42370080)
04-23 14:42:05.080 I/PowerManagerService(  452): Waking up from sleep...
04-23 14:42:05.090 V/KeyguardServiceDelegate(  452): **** SHOWN CALLED ****
04-23 14:42:05.090 I/WindowManager(  452): No lock screen! windowToken=null
04-23 14:42:05.120 W/ContextImpl( 1762): Calling a method in the system process without a qualified user: android.app.ContextImpl.sendBroadcast:1123 android.content.ContextWrapper.sendBroadcast:365 android.content.ContextWrapper.sendBroadcast:365 com.allwinnertech.sleepandwakeupclock.AlarmReceiver.onReceive:30 android.app.ActivityThread.handleReceiver:2419 
04-23 14:42:05.170 V/audio_hw_primary(  117): adev_set_parameters, screen_state=on
04-23 14:42:05.230 V/SleepAndWakeUpTest( 1762): mBroadcastReceiver
04-23 14:42:05.260 I/qtaguid (  452): Failed write_ctrl(s 1 10012) res=-1 errno=1
04-23 14:42:05.260 W/NetworkManagementSocketTagger(  452): setKernelCountSet(10012, 1) failed with errno -1
04-23 14:42:05.290 D/PowerManagerService-JNI(  452): Excessive delay in autosuspend_disable() while turning screen on: 162ms
04-23 14:42:05.300 D/SurfaceFlinger(  114): Screen acquired, type=0 flinger=0x40db1450
04-23 14:42:05.340 V/SleepAndWakeUpTest( 1762): cancelScheduledInstance
04-23 14:42:05.380 D/dalvikvm( 1762): GC_CONCURRENT freed 386K, 10% free 5015K/5552K, paused 11ms+2ms, total 87ms
04-23 14:42:05.430 D/SensorManager(  452): discard gsensor data ...
04-23 14:42:06.690 D/SensorManager(  452): discard gsensor data ...
04-23 14:42:06.970 D/SensorManager(  452): discard gsensor data ...
04-23 14:42:15.390 V/SleepAndWakeUpTest( 1762): scheduleInstanceStateChange
04-23 14:42:15.400 I/PowerManagerService(  452): Going to sleep by user request...
04-23 14:42:15.420 V/SleepAndWakeUpTest( 1762): goToSleep
04-23 14:42:15.910 D/SurfaceFlinger(  114): Screen released, type=0 flinger=0x40db1450
04-23 14:42:15.960 V/audio_hw_primary(  117): adev_set_parameters, screen_state=off
04-23 14:42:15.970 I/qtaguid (  452): Failed write_ctrl(s 0 10012) res=-1 errno=1
04-23 14:42:15.970 W/NetworkManagementSocketTagger(  452): setKernelCountSet(10012, 0) failed with errno -1
04-23 14:42:16.000 D/SurfaceControl(  452): Excessive delay in blankDisplay() while turning screen off: 111ms
04-23 14:42:16.030 D/dalvikvm(  517): GC_CONCURRENT freed 1954K, 50% free 10489K/20792K, paused 2ms+33ms, total 103ms
04-23 14:42:16.390 D/PowerManagerService-JNI(  452): Excessive delay in autosuspend_enable() while turning screen off: 377ms
04-23 14:42:26.090 V/SleepAndWakeUpTest( 1762): AlarmReceiver
04-23 14:42:26.090 D/PowerManagerService(  452): mHoldBootFastWakeLock = false
04-23 14:42:26.090 I/PowerManagerService(  452): Waking up from sleep...
04-23 14:42:26.100 D/SensorManager(  452): >>>>>>> set discard sensrtime =3
04-23 14:42:26.100 V/SleepAndWakeUpTest( 1762): wakeUp
04-23 14:42:26.100 V/KeyguardServiceDelegate(  452): onScreenTurnedOn(showListener = com.android.internal.policy.impl.PhoneWindowManager$18@425369b8)
04-23 14:42:26.100 D/SensorManager(  452): discard gsensor data ...
04-23 14:42:26.100 W/ContextImpl( 1762): Calling a method in the system process without a qualified user: android.app.ContextImpl.sendBroadcast:1123 android.content.ContextWrapper.sendBroadcast:365 android.content.ContextWrapper.sendBroadcast:365 com.allwinnertech.sleepandwakeupclock.AlarmReceiver.onReceive:30 android.app.ActivityThread.handleReceiver:2419 
04-23 14:42:26.120 V/KeyguardServiceDelegate(  452): **** SHOWN CALLED ****
04-23 14:42:26.120 V/SleepAndWakeUpTest( 1762): mBroadcastReceiver
04-23 14:42:26.120 D/SurfaceFlinger(  114): Screen acquired, type=0 flinger=0x40db1450
04-23 14:42:26.120 I/WindowManager(  452): No lock screen! windowToken=null
04-23 14:42:26.150 V/SleepAndWakeUpTest( 1762): cancelScheduledInstance
04-23 14:42:26.200 V/audio_hw_primary(  117): adev_set_parameters, screen_state=on
04-23 14:42:26.220 I/qtaguid (  452): Failed write_ctrl(s 1 10012) res=-1 errno=1
04-23 14:42:26.220 W/NetworkManagementSocketTagger(  452): setKernelCountSet(10012, 1) failed with errno -1
04-23 14:42:26.870 D/SensorManager(  452): discard gsensor data ...
04-23 14:42:27.990 D/SensorManager(  452): discard gsensor data ...
04-23 14:42:31.280 D/dalvikvm(  452): GC_FOR_ALLOC freed 957K, 13% free 10227K/11752K, paused 102ms, total 104ms
04-23 14:42:36.180 V/SleepAndWakeUpTest( 1762): scheduleInstanceStateChange
04-23 14:42:36.200 V/SleepAndWakeUpTest( 1762): goToSleep
04-23 14:42:36.200 I/PowerManagerService(  452): Going to sleep by user request...
04-23 14:42:36.690 D/SurfaceFlinger(  114): Screen released, type=0 flinger=0x40db1450
04-23 14:42:36.770 V/audio_hw_primary(  117): adev_set_parameters, screen_state=off
04-23 14:42:36.780 I/qtaguid (  452): Failed write_ctrl(s 0 10012) res=-1 errno=1
04-23 14:42:36.780 W/NetworkManagementSocketTagger(  452): setKernelCountSet(10012, 0) failed with errno -1
04-23 14:42:36.800 D/SurfaceControl(  452): Excessive delay in blankDisplay() while turning screen off: 117ms
04-23 14:42:37.220 D/PowerManagerService-JNI(  452): Excessive delay in autosuspend_enable() while turning screen off: 386ms
04-23 14:42:47.060 D/PowerManagerService(  452): mHoldBootFastWakeLock = false
04-23 14:42:47.070 V/SleepAndWakeUpTest( 1762): AlarmReceiver
04-23 14:42:47.070 D/SensorManager(  452): >>>>>>> set discard sensrtime =3
04-23 14:42:47.070 V/KeyguardServiceDelegate(  452): onScreenTurnedOn(showListener = com.android.internal.policy.impl.PhoneWindowManager$18@42477b20)
04-23 14:42:47.070 I/PowerManagerService(  452): Waking up from sleep...
04-23 14:42:47.080 V/KeyguardServiceDelegate(  452): **** SHOWN CALLED ****
04-23 14:42:47.080 I/WindowManager(  452): No lock screen! windowToken=null
04-23 14:42:47.140 V/audio_hw_primary(  117): adev_set_parameters, screen_state=on
04-23 14:42:47.160 V/SleepAndWakeUpTest( 1762): wakeUp
04-23 14:42:47.160 D/SurfaceFlinger(  114): Screen acquired, type=0 flinger=0x40db1450
04-23 14:42:47.200 V/SleepAndWakeUpTest( 1762): mBroadcastReceiver
04-23 14:42:47.200 W/ContextImpl( 1762): Calling a method in the system process without a qualified user: android.app.ContextImpl.sendBroadcast:1123 android.content.ContextWrapper.sendBroadcast:365 android.content.ContextWrapper.sendBroadcast:365 com.allwinnertech.sleepandwakeupclock.AlarmReceiver.onReceive:30 android.app.ActivityThread.handleReceiver:2419 
04-23 14:42:47.210 I/qtaguid (  452): Failed write_ctrl(s 1 10012) res=-1 errno=1
04-23 14:42:47.210 W/NetworkManagementSocketTagger(  452): setKernelCountSet(10012, 1) failed with errno -1
04-23 14:42:47.220 V/SleepAndWakeUpTest( 1762): cancelScheduledInstance
04-23 14:42:47.990 D/SensorManager(  452): discard gsensor data ...
04-23 14:42:48.690 D/SensorManager(  452): discard gsensor data ...
04-23 14:42:48.970 D/SensorManager(  452): discard gsensor data ...
04-23 14:42:57.250 V/SleepAndWakeUpTest( 1762): scheduleInstanceStateChange
04-23 14:42:57.270 I/PowerManagerService(  452): Going to sleep by user request...
04-23 14:42:57.290 V/SleepAndWakeUpTest( 1762): goToSleep
04-23 14:42:57.740 D/SurfaceFlinger(  114): Screen released, type=0 flinger=0x40db1450
04-23 14:42:57.810 V/audio_hw_primary(  117): adev_set_parameters, screen_state=off
04-23 14:42:57.820 I/qtaguid (  452): Failed write_ctrl(s 0 10012) res=-1 errno=1
04-23 14:42:57.820 W/NetworkManagementSocketTagger(  452): setKernelCountSet(10012, 0) failed with errno -1
04-23 14:42:57.840 D/SurfaceControl(  452): Excessive delay in blankDisplay() while turning screen off: 106ms
04-23 14:42:58.260 D/PowerManagerService-JNI(  452): Excessive delay in autosuspend_enable() while turning screen off: 389ms
04-23 14:43:08.060 V/SleepAndWakeUpTest( 1762): AlarmReceiver
04-23 14:43:08.060 D/SensorManager(  452): >>>>>>> set discard sensrtime =3
04-23 14:43:08.060 V/KeyguardServiceDelegate(  452): onScreenTurnedOn(showListener = com.android.internal.policy.impl.PhoneWindowManager$18@42267ce8)
04-23 14:43:08.060 V/KeyguardServiceDelegate(  452): **** SHOWN CALLED ****
04-23 14:43:08.060 I/PowerManagerService(  452): Waking up from sleep...
04-23 14:43:08.060 I/WindowManager(  452): No lock screen! windowToken=null
04-23 14:43:08.110 D/SurfaceFlinger(  114): Screen acquired, type=0 flinger=0x40db1450
04-23 14:43:08.110 V/SleepAndWakeUpTest( 1762): wakeUp
04-23 14:43:08.110 V/SleepAndWakeUpTest( 1762): mBroadcastReceiver
04-23 14:43:08.110 W/ContextImpl( 1762): Calling a method in the system process without a qualified user: android.app.ContextImpl.sendBroadcast:1123 android.content.ContextWrapper.sendBroadcast:365 android.content.ContextWrapper.sendBroadcast:365 com.allwinnertech.sleepandwakeupclock.AlarmReceiver.onReceive:30 android.app.ActivityThread.handleReceiver:2419 
04-23 14:43:08.120 V/SleepAndWakeUpTest( 1762): cancelScheduledInstance
04-23 14:43:08.280 V/audio_hw_primary(  117): adev_set_parameters, screen_state=on
04-23 14:43:08.310 I/qtaguid (  452): Failed write_ctrl(s 1 10012) res=-1 errno=1
04-23 14:43:08.310 W/NetworkManagementSocketTagger(  452): setKernelCountSet(10012, 1) failed with errno -1
04-23 14:43:09.180 D/SensorManager(  452): discard gsensor data ...
04-23 14:43:09.460 D/SensorManager(  452): discard gsensor data ...
04-23 14:43:09.530 D/SensorManager(  452): discard gsensor data ...
04-23 14:43:18.140 V/SleepAndWakeUpTest( 1762): scheduleInstanceStateChange
04-23 14:43:18.150 I/PowerManagerService(  452): Going to sleep by user request...
04-23 14:43:18.160 V/SleepAndWakeUpTest( 1762): goToSleep
04-23 14:43:18.630 D/SurfaceFlinger(  114): Screen released, type=0 flinger=0x40db1450
04-23 14:43:18.720 V/audio_hw_primary(  117): adev_set_parameters, screen_state=off
04-23 14:43:18.730 I/qtaguid (  452): Failed write_ctrl(s 0 10012) res=-1 errno=1
04-23 14:43:18.730 W/NetworkManagementSocketTagger(  452): setKernelCountSet(10012, 0) failed with errno -1
04-23 14:43:18.750 D/SurfaceControl(  452): Excessive delay in blankDisplay() while turning screen off: 119ms
04-23 14:43:19.160 D/PowerManagerService-JNI(  452): Excessive delay in autosuspend_enable() while turning screen off: 379ms
04-23 14:43:29.040 D/PowerManagerService(  452): mHoldBootFastWakeLock = false
04-23 14:43:29.050 V/SleepAndWakeUpTest( 1762): AlarmReceiver
04-23 14:43:29.050 I/PowerManagerService(  452): Waking up from sleep...
04-23 14:43:29.060 D/SurfaceFlinger(  114): Screen acquired, type=0 flinger=0x40db1450
04-23 14:43:29.060 V/SleepAndWakeUpTest( 1762): wakeUp
04-23 14:43:29.060 W/ContextImpl( 1762): Calling a method in the system process without a qualified user: android.app.ContextImpl.sendBroadcast:1123 android.content.ContextWrapper.sendBroadcast:365 android.content.ContextWrapper.sendBroadcast:365 com.allwinnertech.sleepandwakeupclock.AlarmReceiver.onReceive:30 android.app.ActivityThread.handleReceiver:2419 
04-23 14:43:29.080 D/SensorManager(  452): >>>>>>> set discard sensrtime =3
04-23 14:43:29.080 V/KeyguardServiceDelegate(  452): onScreenTurnedOn(showListener = com.android.internal.policy.impl.PhoneWindowManager$18@4258cb48)
04-23 14:43:29.090 V/SleepAndWakeUpTest( 1762): mBroadcastReceiver
04-23 14:43:29.100 V/KeyguardServiceDelegate(  452): **** SHOWN CALLED ****
04-23 14:43:29.100 I/WindowManager(  452): No lock screen! windowToken=null
04-23 14:43:29.130 V/audio_hw_primary(  117): adev_set_parameters, screen_state=on
04-23 14:43:29.170 I/qtaguid (  452): Failed write_ctrl(s 1 10012) res=-1 errno=1
04-23 14:43:29.170 W/NetworkManagementSocketTagger(  452): setKernelCountSet(10012, 1) failed with errno -1
04-23 14:43:29.170 V/SleepAndWakeUpTest( 1762): cancelScheduledInstance
04-23 14:43:29.350 D/SensorManager(  452): discard gsensor data ...
04-23 14:43:29.420 D/SensorManager(  452): discard gsensor data ...
04-23 14:43:29.840 D/SensorManager(  452): discard gsensor data ...
04-23 14:43:30.490 D/dalvikvm(  452): GC_FOR_ALLOC freed 992K, 13% free 10230K/11752K, paused 224ms, total 224ms
04-23 14:43:39.190 V/SleepAndWakeUpTest( 1762): scheduleInstanceStateChange
04-23 14:43:39.210 I/PowerManagerService(  452): Going to sleep by user request...
04-23 14:43:39.250 V/SleepAndWakeUpTest( 1762): goToSleep
04-23 14:43:39.670 D/SurfaceFlinger(  114): Screen released, type=0 flinger=0x40db1450
04-23 14:43:39.750 V/audio_hw_primary(  117): adev_set_parameters, screen_state=off
04-23 14:43:39.780 I/qtaguid (  452): Failed write_ctrl(s 0 10012) res=-1 errno=1
04-23 14:43:39.780 W/NetworkManagementSocketTagger(  452): setKernelCountSet(10012, 0) failed with errno -1
04-23 14:43:39.790 D/SurfaceControl(  452): Excessive delay in blankDisplay() while turning screen off: 126ms
04-23 14:43:40.210 D/PowerManagerService-JNI(  452): Excessive delay in autosuspend_enable() while turning screen off: 384ms
04-23 14:43:51.060 V/SleepAndWakeUpTest( 1762): AlarmReceiver
04-23 14:43:51.060 D/PowerManagerService(  452): mHoldBootFastWakeLock = false
04-23 14:43:51.060 I/PowerManagerService(  452): Waking up from sleep...
04-23 14:43:51.070 D/SensorManager(  452): >>>>>>> set discard sensrtime =3
04-23 14:43:51.090 V/KeyguardServiceDelegate(  452): onScreenTurnedOn(showListener = com.android.internal.policy.impl.PhoneWindowManager$18@4243f698)
04-23 14:43:51.100 V/KeyguardServiceDelegate(  452): **** SHOWN CALLED ****
04-23 14:43:51.100 I/WindowManager(  452): No lock screen! windowToken=null
04-23 14:43:51.110 D/SurfaceFlinger(  114): Screen acquired, type=0 flinger=0x40db1450
04-23 14:43:51.110 V/SleepAndWakeUpTest( 1762): wakeUp
04-23 14:43:51.110 W/ContextImpl( 1762): Calling a method in the system process without a qualified user: android.app.ContextImpl.sendBroadcast:1123 android.content.ContextWrapper.sendBroadcast:365 android.content.ContextWrapper.sendBroadcast:365 com.allwinnertech.sleepandwakeupclock.AlarmReceiver.onReceive:30 android.app.ActivityThread.handleReceiver:2419 
04-23 14:43:51.120 V/SleepAndWakeUpTest( 1762): mBroadcastReceiver
04-23 14:43:51.120 V/SleepAndWakeUpTest( 1762): cancelScheduledInstance
04-23 14:43:51.250 V/audio_hw_primary(  117): adev_set_parameters, screen_state=on
04-23 14:43:51.290 I/qtaguid (  452): Failed write_ctrl(s 1 10012) res=-1 errno=1
04-23 14:43:51.290 W/NetworkManagementSocketTagger(  452): setKernelCountSet(10012, 1) failed with errno -1
04-23 14:43:53.110 D/SensorManager(  452): discard gsensor data ...
04-23 14:43:53.670 D/SensorManager(  452): discard gsensor data ...
04-23 14:43:54.370 D/SensorManager(  452): discard gsensor data ...
04-23 14:44:01.320 V/SleepAndWakeUpTest( 1762): scheduleInstanceStateChange
04-23 14:44:01.330 I/PowerManagerService(  452): Going to sleep by user request...
04-23 14:44:01.370 V/SleepAndWakeUpTest( 1762): goToSleep
04-23 14:44:01.850 D/SurfaceFlinger(  114): Screen released, type=0 flinger=0x40db1450
04-23 14:44:01.900 V/audio_hw_primary(  117): adev_set_parameters, screen_state=off
04-23 14:44:01.910 I/qtaguid (  452): Failed write_ctrl(s 0 10012) res=-1 errno=1
04-23 14:44:01.910 W/NetworkManagementSocketTagger(  452): setKernelCountSet(10012, 0) failed with errno -1
04-23 14:44:02.330 D/PowerManagerService-JNI(  452): Excessive delay in autosuspend_enable() while turning screen off: 380ms
04-23 14:44:12.090 D/PowerManagerService(  452): mHoldBootFastWakeLock = false
04-23 14:44:12.110 V/SleepAndWakeUpTest( 1762): AlarmReceiver
04-23 14:44:12.110 D/SensorManager(  452): >>>>>>> set discard sensrtime =3
04-23 14:44:12.110 I/PowerManagerService(  452): Waking up from sleep...
04-23 14:44:12.120 V/KeyguardServiceDelegate(  452): onScreenTurnedOn(showListener = com.android.internal.policy.impl.PhoneWindowManager$18@4255ffa8)
04-23 14:44:12.120 V/KeyguardServiceDelegate(  452): **** SHOWN CALLED ****
04-23 14:44:12.120 I/WindowManager(  452): No lock screen! windowToken=null
04-23 14:44:12.180 V/audio_hw_primary(  117): adev_set_parameters, screen_state=on
04-23 14:44:12.210 D/SurfaceFlinger(  114): Screen acquired, type=0 flinger=0x40db1450
