04-23 14:40:27.900 I/qtaguid (  452): Failed write_ctrl(s 0 10012) res=-1 errno=1
04-23 14:40:27.900 W/NetworkManagementSocketTagger(  452): setKernelCountSet(10012, 0) failed with errno -1
04-23 14:40:27.910 D/SurfaceControl(  452): Excessive delay in blankDisplay() while turning screen off: 108ms
04-23 14:40:28.320 D/PowerManagerService-JNI(  452): Excessive delay in autosuspend_enable() while turning screen off: 380ms
04-23 14:40:38.090 V/SleepAndWakeUpTest( 1762): AlarmReceiver
04-23 14:40:38.090 D/SensorManager(  452): >>>>>>> set discard sensrtime =3
04-23 14:40:38.090 I/PowerManagerService(  452): Waking up from sleep...
04-23 14:40:38.120 V/KeyguardServiceDelegate(  452): onScreenTurnedOn(showListener = com.android.internal.policy.impl.PhoneWindowManager$18@4258c000)
04-23 14:40:38.120 V/KeyguardServiceDelegate(  452): **** SHOWN CALLED ****
04-23 14:40:38.120 I/WindowManager(  452): No lock screen! windowToken=null
04-23 14:40:38.140 D/SurfaceFlinger(  114): Screen acquired, type=0 flinger=0x40db1450
04-23 14:40:38.150 V/SleepAndWakeUpTest( 1762): wakeUp
04-23 14:40:38.150 W/ContextImpl( 1762): Calling a method in the system process without a qualified user: android.app.ContextImpl.sendBroadcast:1123 android.content.ContextWrapper.sendBroadcast:365 android.content.ContextWrapper.sendBroadcast:365 com.allwinnertech.sleepandwakeupclock.AlarmReceiver.onReceive:30 android.app.ActivityThread.handleReceiver:2419 
04-23 14:40:38.230 V/audio_hw_primary(  117): adev_set_parameters, screen_state=on
04-23 14:40:38.260 V/SleepAndWakeUpTest( 1762): mBroadcastReceiver
04-23 14:40:38.270 V/SleepAndWakeUpTest( 1762): cancelScheduledInstance
04-23 14:40:38.280 I/qtaguid (  452): Failed write_ctrl(s 1 10012) res=-1 errno=1
04-23 14:40:38.280 W/NetworkManagementSocketTagger(  452): setKernelCountSet(10012, 1) failed with errno -1
04-23 14:40:38.320 D/SensorManager(  452): discard gsensor data ...
04-23 14:40:39.450 D/dalvikvm(  452): GC_FOR_ALLOC freed 999K, 13% free 10228K/11752K, paused 199ms, total 199ms
04-23 14:40:39.450 D/SensorManager(  452): discard gsensor data ...
04-23 14:40:39.580 D/SensorManager(  452): discard gsensor data ...
04-23 14:40:48.300 V/SleepAndWakeUpTest( 1762): scheduleInstanceStateChange
04-23 14:40:48.300 I/PowerManagerService(  452): Going to sleep by user request...
04-23 14:40:48.310 V/SleepAndWakeUpTest( 1762): goToSleep
04-23 14:40:48.790 D/SurfaceFlinger(  114): Screen released, type=0 flinger=0x40db1450
04-23 14:40:48.830 V/audio_hw_primary(  117): adev_set_parameters, screen_state=off
04-23 14:40:48.830 I/qtaguid (  452): Failed write_ctrl(s 0 10012) res=-1 errno=1
04-23 14:40:48.830 W/NetworkManagementSocketTagger(  452): setKernelCountSet(10012, 0) failed with errno -1
04-23 14:40:49.270 D/PowerManagerService-JNI(  452): Excessive delay in autosuspend_enable() while turning screen off: 381ms
04-23 14:41:00.060 V/SleepAndWakeUpTest( 1762): AlarmReceiver
04-23 14:41:00.060 D/PowerManagerService(  452): mHoldBootFastWakeLock = false
04-23 14:41:00.080 D/SensorManager(  452): >>>>>>> set discard sensrtime =3
04-23 14:41:00.080 I/PowerManagerService(  452): Waking up from sleep...
04-23 14:41:00.090 V/KeyguardServiceDelegate(  452): onScreenTurnedOn(showListener = com.android.internal.policy.impl.PhoneWindowManager$18@424276c8)
04-23 14:41:00.090 V/KeyguardServiceDelegate(  452): **** SHOWN CALLED ****
04-23 14:41:00.090 I/WindowManager(  452): No lock screen! windowToken=null
04-23 14:41:00.150 V/audio_hw_primary(  117): adev_set_parameters, screen_state=on
04-23 14:41:00.210 V/SleepAndWakeUpTest( 1762): wakeUp
04-23 14:41:00.220 D/SensorManager(  452): discard gsensor data ...
04-23 14:41:00.300 D/PowerManagerService-JNI(  452): Excessive delay in autosuspend_disable() while turning screen on: 171ms
04-23 14:41:00.300 D/SurfaceFlinger(  114): Screen acquired, type=0 flinger=0x40db1450
04-23 14:41:00.300 I/qtaguid (  452): Failed write_ctrl(s 1 10012) res=-1 errno=1
04-23 14:41:00.300 W/ContextImpl( 1762): Calling a method in the system process without a qualified user: android.app.ContextImpl.sendBroadcast:1123 android.content.ContextWrapper.sendBroadcast:365 android.content.ContextWrapper.sendBroadcast:365 com.allwinnertech.sleepandwakeupclock.AlarmReceiver.onReceive:30 android.app.ActivityThread.handleReceiver:2419 
04-23 14:41:00.310 W/NetworkManagementSocketTagger(  452): setKernelCountSet(10012, 1) failed with errno -1
04-23 14:41:00.320 V/SleepAndWakeUpTest( 1762): mBroadcastReceiver
04-23 14:41:00.320 V/SleepAndWakeUpTest( 1762): cancelScheduledInstance
04-23 14:41:02.530 D/SensorManager(  452): discard gsensor data ...
04-23 14:41:02.600 D/SensorManager(  452): discard gsensor data ...
04-23 14:41:10.340 V/SleepAndWakeUpTest( 1762): scheduleInstanceStateChange
04-23 14:41:10.360 I/PowerManagerService(  452): Going to sleep by user request...
04-23 14:41:10.420 V/SleepAndWakeUpTest( 1762): goToSleep
04-23 14:41:10.910 D/SurfaceFlinger(  114): Screen released, type=0 flinger=0x40db1450
04-23 14:41:10.940 V/audio_hw_primary(  117): adev_set_parameters, screen_state=off
04-23 14:41:10.960 I/qtaguid (  452): Failed write_ctrl(s 0 10012) res=-1 errno=1
04-23 14:41:10.960 W/NetworkManagementSocketTagger(  452): setKernelCountSet(10012, 0) failed with errno -1
04-23 14:41:11.380 D/PowerManagerService-JNI(  452): Excessive delay in autosuspend_enable() while turning screen off: 379ms
04-23 14:41:21.060 V/SleepAndWakeUpTest( 1762): AlarmReceiver
04-23 14:41:21.060 D/PowerManagerService(  452): mHoldBootFastWakeLock = false
04-23 14:41:21.070 D/SensorManager(  452): >>>>>>> set discard sensrtime =3
04-23 14:41:21.070 V/KeyguardServiceDelegate(  452): onScreenTurnedOn(showListener = com.android.internal.policy.impl.PhoneWindowManager$18@424aa960)
04-23 14:41:21.070 V/KeyguardServiceDelegate(  452): **** SHOWN CALLED ****
04-23 14:41:21.070 I/PowerManagerService(  452): Waking up from sleep...
04-23 14:41:21.070 I/WindowManager(  452): No lock screen! windowToken=null
04-23 14:41:21.130 V/audio_hw_primary(  117): adev_set_parameters, screen_state=on
04-23 14:41:21.150 V/SleepAndWakeUpTest( 1762): wakeUp
04-23 14:41:21.150 D/SurfaceFlinger(  114): Screen acquired, type=0 flinger=0x40db1450
04-23 14:41:21.150 W/ContextImpl( 1762): Calling a method in the system process without a qualified user: android.app.ContextImpl.sendBroadcast:1123 android.content.ContextWrapper.sendBroadcast:365 android.content.ContextWrapper.sendBroadcast:365 com.allwinnertech.sleepandwakeupclock.AlarmReceiver.onReceive:30 android.app.ActivityThread.handleReceiver:2419 
04-23 14:41:21.220 I/qtaguid (  452): Failed write_ctrl(s 1 10012) res=-1 errno=1
04-23 14:41:21.220 W/NetworkManagementSocketTagger(  452): setKernelCountSet(10012, 1) failed with errno -1
04-23 14:41:21.240 V/SleepAndWakeUpTest( 1762): mBroadcastReceiver
04-23 14:41:21.270 V/SleepAndWakeUpTest( 1762): cancelScheduledInstance
04-23 14:41:21.490 D/SensorManager(  452): discard gsensor data ...
04-23 14:41:22.120 D/SensorManager(  452): discard gsensor data ...
04-23 14:41:22.750 D/SensorManager(  452): discard gsensor data ...
04-23 14:41:31.290 V/SleepAndWakeUpTest( 1762): scheduleInstanceStateChange
04-23 14:41:31.310 I/PowerManagerService(  452): Going to sleep by user request...
04-23 14:41:31.360 V/SleepAndWakeUpTest( 1762): goToSleep
04-23 14:41:31.810 D/SurfaceFlinger(  114): Screen released, type=0 flinger=0x40db1450
04-23 14:41:31.890 V/audio_hw_primary(  117): adev_set_parameters, screen_state=off
04-23 14:41:31.890 I/qtaguid (  452): Failed write_ctrl(s 0 10012) res=-1 errno=1
04-23 14:41:31.890 W/NetworkManagementSocketTagger(  452): setKernelCountSet(10012, 0) failed with errno -1
04-23 14:41:31.920 D/SurfaceControl(  452): Excessive delay in blankDisplay() while turning screen off: 109ms
04-23 14:41:32.340 D/PowerManagerService-JNI(  452): Excessive delay in autosuspend_enable() while turning screen off: 393ms
04-23 14:41:43.130 D/dalvikvm(  452): GC_FOR_ALLOC freed 957K, 14% free 10223K/11752K, paused 89ms, total 90ms
04-23 14:41:43.130 V/SleepAndWakeUpTest( 1762): AlarmReceiver
04-23 14:41:43.140 I/PowerManagerService(  452): Waking up from sleep...
04-23 14:41:43.150 D/SensorManager(  452): >>>>>>> set discard sensrtime =3
04-23 14:41:43.150 V/KeyguardServiceDelegate(  452): onScreenTurnedOn(showListener = com.android.internal.policy.impl.PhoneWindowManager$18@4255f098)
04-23 14:41:43.150 V/KeyguardServiceDelegate(  452): **** SHOWN CALLED ****
04-23 14:41:43.150 I/WindowManager(  452): No lock screen! windowToken=null
04-23 14:41:43.220 V/audio_hw_primary(  117): adev_set_parameters, screen_state=on
04-23 14:41:43.270 V/SleepAndWakeUpTest( 1762): wakeUp
04-23 14:41:43.280 I/qtaguid (  452): Failed write_ctrl(s 1 10012) res=-1 errno=1
04-23 14:41:43.280 W/NetworkManagementSocketTagger(  452): setKernelCountSet(10012, 1) failed with errno -1
04-23 14:41:43.320 W/ContextImpl( 1762): Calling a method in the system process without a qualified user: android.app.ContextImpl.sendBroadcast:1123 android.content.ContextWrapper.sendBroadcast:365 android.content.ContextWrapper.sendBroadcast:365 com.allwinnertech.sleepandwakeupclock.AlarmReceiver.onReceive:30 android.app.ActivityThread.handleReceiver:2419 
04-23 14:41:43.340 D/SurfaceFlinger(  114): Screen acquired, type=0 flinger=0x40db1450
04-23 14:41:43.350 V/SleepAndWakeUpTest( 1762): mBroadcastReceiver
04-23 14:41:43.350 V/SleepAndWakeUpTest( 1762): cancelScheduledInstance
04-23 14:41:43.710 D/SensorManager(  452): discard gsensor data ...
04-23 14:41:44.270 D/SensorManager(  452): discard gsensor data ...
04-23 14:41:44.620 D/SensorManager(  452): discard gsensor data ...
04-23 14:41:53.380 V/SleepAndWakeUpTest( 1762): scheduleInstanceStateChange
04-23 14:41:53.390 I/PowerManagerService(  452): Going to sleep by user request...
04-23 14:41:53.410 V/SleepAndWakeUpTest( 1762): goToSleep
04-23 14:41:53.900 D/SurfaceFlinger(  114): Screen released, type=0 flinger=0x40db1450
04-23 14:41:53.940 V/audio_hw_primary(  117): adev_set_parameters, screen_state=off
04-23 14:41:53.950 I/qtaguid (  452): Failed write_ctrl(s 0 10012) res=-1 errno=1
04-23 14:41:53.950 W/NetworkManagementSocketTagger(  452): setKernelCountSet(10012, 0) failed with errno -1
04-23 14:41:54.370 D/PowerManagerService-JNI(  452): Excessive delay in autosuspend_enable() while turning screen off: 381ms
04-23 14:42:05.060 V/SleepAndWakeUpTest( 1762): AlarmReceiver
04-23 14:42:05.060 D/PowerManagerService(  452): mHoldBootFastWakeLock = false
04-23 14:42:05.080 D/SensorManager(  452): >>>>>>> set discard sensrtime =3
04-23 14:42:05.080 V/SleepAndWakeUpTest( 1762): wakeUp
04-23 14:42:05.080 V/KeyguardServiceDelegate(  452): onScreenTurnedOn(showListener = com.android.internal.policy.impl.PhoneWindowManager$18@42370080)
04-23 14:42:05.080 I/PowerManagerService(  452): Waking up from sleep...
04-23 14:42:05.090 V/KeyguardServiceDelegate(  452): **** SHOWN CALLED ****
04-23 14:42:05.090 I/WindowManager(  452): No lock screen! windowToken=null
04-23 14:42:05.120 W/ContextImpl( 1762): Calling a method in the system process without a qualified user: android.app.ContextImpl.sendBroadcast:1123 android.content.ContextWrapper.sendBroadcast:365 android.content.ContextWrapper.sendBroadcast:365 com.allwinnertech.sleepandwakeupclock.AlarmReceiver.onReceive:30 android.app.ActivityThread.handleReceiver:2419 
04-23 14:42:05.170 V/audio_hw_primary(  117): adev_set_parameters, screen_state=on
04-23 14:42:05.230 V/SleepAndWakeUpTest( 1762): mBroadcastReceiver
04-23 14:42:05.260 I/qtaguid (  452): Failed write_ctrl(s 1 10012) res=-1 errno=1
04-23 14:42:05.260 W/NetworkManagementSocketTagger(  452): setKernelCountSet(10012, 1) failed with errno -1
04-23 14:42:05.290 D/PowerManagerService-JNI(  452): Excessive delay in autosuspend_disable() while turning screen on: 162ms
04-23 14:42:05.300 D/SurfaceFlinger(  114): Screen acquired, type=0 flinger=0x40db1450
04-23 14:42:05.340 V/SleepAndWakeUpTest( 1762): cancelScheduledInstance
04-23 14:42:05.380 D/dalvikvm( 1762): GC_CONCURRENT freed 386K, 10% free 5015K/5552K, paused 11ms+2ms, total 87ms
04-23 14:42:05.430 D/SensorManager(  452): discard gsensor data ...
04-23 14:42:06.690 D/SensorManager(  452): discard gsensor data ...
04-23 14:42:06.970 D/SensorManager(  452): discard gsensor data ...
04-23 14:42:15.390 V/SleepAndWakeUpTest( 1762): scheduleInstanceStateChange
04-23 14:42:15.400 I/PowerManagerService(  452): Going to sleep by user request...
04-23 14:42:15.420 V/SleepAndWakeUpTest( 1762): goToSleep
04-23 14:42:15.910 D/SurfaceFlinger(  114): Screen released, type=0 flinger=0x40db1450
04-23 14:42:15.960 V/audio_hw_primary(  117): adev_set_parameters, screen_state=off
04-23 14:42:15.970 I/qtaguid (  452): Failed write_ctrl(s 0 10012) res=-1 errno=1
04-23 14:42:15.970 W/NetworkManagementSocketTagger(  452): setKernelCountSet(10012, 0) failed with errno -1
04-23 14:42:16.000 D/SurfaceControl(  452): Excessive delay in blankDisplay() while turning screen off: 111ms
04-23 14:42:16.030 D/dalvikvm(  517): GC_CONCURRENT freed 1954K, 50% free 10489K/20792K, paused 2ms+33ms, total 103ms
04-23 14:42:16.390 D/PowerManagerService-JNI(  452): Excessive delay in autosuspend_enable() while turning screen off: 377ms
04-23 14:42:26.090 V/SleepAndWakeUpTest( 1762): AlarmReceiver
04-23 14:42:26.090 D/PowerManagerService(  452): mHoldBootFastWakeLock = false
04-23 14:42:26.090 I/PowerManagerService(  452): Waking up from sleep...
04-23 14:42:26.100 D/SensorManager(  452): >>>>>>> set discard sensrtime =3
04-23 14:42:26.100 V/SleepAndWakeUpTest( 1762): wakeUp
04-23 14:42:26.100 V/KeyguardServiceDelegate(  452): onScreenTurnedOn(showListener = com.android.internal.policy.impl.PhoneWindowManager$18@425369b8)
04-23 14:42:26.100 D/SensorManager(  452): discard gsensor data ...
04-23 14:42:26.100 W/ContextImpl( 1762): Calling a method in the system process without a qualified user: android.app.ContextImpl.sendBroadcast:1123 android.content.ContextWrapper.sendBroadcast:365 android.content.ContextWrapper.sendBroadcast:365 com.allwinnertech.sleepandwakeupclock.AlarmReceiver.onReceive:30 android.app.ActivityThread.handleReceiver:2419 
04-23 14:42:26.120 V/KeyguardServiceDelegate(  452): **** SHOWN CALLED ****
04-23 14:42:26.120 V/SleepAndWakeUpTest( 1762): mBroadcastReceiver
04-23 14:42:26.120 D/SurfaceFlinger(  114): Screen acquired, type=0 flinger=0x40db1450
04-23 14:42:26.120 I/WindowManager(  452): No lock screen! windowToken=null
04-23 14:42:26.150 V/SleepAndWakeUpTest( 1762): cancelScheduledInstance
04-23 14:42:26.200 V/audio_hw_primary(  117): adev_set_parameters, screen_state=on
04-23 14:42:26.220 I/qtaguid (  452): Failed write_ctrl(s 1 10012) res=-1 errno=1
04-23 14:42:26.220 W/NetworkManagementSocketTagger(  452): setKernelCountSet(10012, 1) failed with errno -1
04-23 14:42:26.870 D/SensorManager(  452): discard gsensor data ...
04-23 14:42:27.990 D/SensorManager(  452): discard gsensor data ...
04-23 14:42:31.280 D/dalvikvm(  452): GC_FOR_ALLOC freed 957K, 13% free 10227K/11752K, paused 102ms, total 104ms
04-23 14:42:36.180 V/SleepAndWakeUpTest( 1762): scheduleInstanceStateChange
04-23 14:42:36.200 V/SleepAndWakeUpTest( 1762): goToSleep
04-23 14:42:36.200 I/PowerManagerService(  452): Going to sleep by user request...
04-23 14:42:36.690 D/SurfaceFlinger(  114): Screen released, type=0 flinger=0x40db1450
04-23 14:42:36.770 V/audio_hw_primary(  117): adev_set_parameters, screen_state=off
04-23 14:42:36.780 I/qtaguid (  452): Failed write_ctrl(s 0 10012) res=-1 errno=1
04-23 14:42:36.780 W/NetworkManagementSocketTagger(  452): setKernelCountSet(10012, 0) failed with errno -1
04-23 14:42:36.800 D/SurfaceControl(  452): Excessive delay in blankDisplay() while turning screen off: 117ms
04-23 14:42:37.220 D/PowerManagerService-JNI(  452): Excessive delay in autosuspend_enable() while turning screen off: 386ms
04-23 14:42:47.060 D/PowerManagerService(  452): mHoldBootFastWakeLock = false
04-23 14:42:47.070 V/SleepAndWakeUpTest( 1762): AlarmReceiver
04-23 14:42:47.070 D/SensorManager(  452): >>>>>>> set discard sensrtime =3
04-23 14:42:47.070 V/KeyguardServiceDelegate(  452): onScreenTurnedOn(showListener = com.android.internal.policy.impl.PhoneWindowManager$18@42477b20)
04-23 14:42:47.070 I/PowerManagerService(  452): Waking up from sleep...
04-23 14:42:47.080 V/KeyguardServiceDelegate(  452): **** SHOWN CALLED ****
04-23 14:42:47.080 I/WindowManager(  452): No lock screen! windowToken=null
04-23 14:42:47.140 V/audio_hw_primary(  117): adev_set_parameters, screen_state=on
04-23 14:42:47.160 V/SleepAndWakeUpTest( 1762): wakeUp
04-23 14:42:47.160 D/SurfaceFlinger(  114): Screen acquired, type=0 flinger=0x40db1450
04-23 14:42:47.200 V/SleepAndWakeUpTest( 1762): mBroadcastReceiver
04-23 14:42:47.200 W/ContextImpl( 1762): Calling a method in the system process without a qualified user: android.app.ContextImpl.sendBroadcast:1123 android.content.ContextWrapper.sendBroadcast:365 android.content.ContextWrapper.sendBroadcast:365 com.allwinnertech.sleepandwakeupclock.AlarmReceiver.onReceive:30 android.app.ActivityThread.handleReceiver:2419 
04-23 14:42:47.210 I/qtaguid (  452): Failed write_ctrl(s 1 10012) res=-1 errno=1
04-23 14:42:47.210 W/NetworkManagementSocketTagger(  452): setKernelCountSet(10012, 1) failed with errno -1
04-23 14:42:47.220 V/SleepAndWakeUpTest( 1762): cancelScheduledInstance
04-23 14:42:47.990 D/SensorManager(  452): discard gsensor data ...
04-23 14:42:48.690 D/SensorManager(  452): discard gsensor data ...
04-23 14:42:48.970 D/SensorManager(  452): discard gsensor data ...
04-23 14:42:57.250 V/SleepAndWakeUpTest( 1762): scheduleInstanceStateChange
04-23 14:42:57.270 I/PowerManagerService(  452): Going to sleep by user request...
04-23 14:42:57.290 V/SleepAndWakeUpTest( 1762): goToSleep
04-23 14:42:57.740 D/SurfaceFlinger(  114): Screen released, type=0 flinger=0x40db1450
04-23 14:42:57.810 V/audio_hw_primary(  117): adev_set_parameters, screen_state=off
04-23 14:42:57.820 I/qtaguid (  452): Failed write_ctrl(s 0 10012) res=-1 errno=1
04-23 14:42:57.820 W/NetworkManagementSocketTagger(  452): setKernelCountSet(10012, 0) failed with errno -1
04-23 14:42:57.840 D/SurfaceControl(  452): Excessive delay in blankDisplay() while turning screen off: 106ms
04-23 14:42:58.260 D/PowerManagerService-JNI(  452): Excessive delay in autosuspend_enable() while turning screen off: 389ms
04-23 14:43:08.060 V/SleepAndWakeUpTest( 1762): AlarmReceiver
04-23 14:43:08.060 D/SensorManager(  452): >>>>>>> set discard sensrtime =3
04-23 14:43:08.060 V/KeyguardServiceDelegate(  452): onScreenTurnedOn(showListener = com.android.internal.policy.impl.PhoneWindowManager$18@42267ce8)
04-23 14:43:08.060 V/KeyguardServiceDelegate(  452): **** SHOWN CALLED ****
04-23 14:43:08.060 I/PowerManagerService(  452): Waking up from sleep...
04-23 14:43:08.060 I/WindowManager(  452): No lock screen! windowToken=null
04-23 14:43:08.110 D/SurfaceFlinger(  114): Screen acquired, type=0 flinger=0x40db1450
04-23 14:43:08.110 V/SleepAndWakeUpTest( 1762): wakeUp
04-23 14:43:08.110 V/SleepAndWakeUpTest( 1762): mBroadcastReceiver
04-23 14:43:08.110 W/ContextImpl( 1762): Calling a method in the system process without a qualified user: android.app.ContextImpl.sendBroadcast:1123 android.content.ContextWrapper.sendBroadcast:365 android.content.ContextWrapper.sendBroadcast:365 com.allwinnertech.sleepandwakeupclock.AlarmReceiver.onReceive:30 android.app.ActivityThread.handleReceiver:2419 
04-23 14:43:08.120 V/SleepAndWakeUpTest( 1762): cancelScheduledInstance
04-23 14:43:08.280 V/audio_hw_primary(  117): adev_set_parameters, screen_state=on
04-23 14:43:08.310 I/qtaguid (  452): Failed write_ctrl(s 1 10012) res=-1 errno=1
04-23 14:43:08.310 W/NetworkManagementSocketTagger(  452): setKernelCountSet(10012, 1) failed with errno -1
04-23 14:43:09.180 D/SensorManager(  452): discard gsensor data ...
04-23 14:43:09.460 D/SensorManager(  452): discard gsensor data ...
04-23 14:43:09.530 D/SensorManager(  452): discard gsensor data ...
04-23 14:43:18.140 V/SleepAndWakeUpTest( 1762): scheduleInstanceStateChange
04-23 14:43:18.150 I/PowerManagerService(  452): Going to sleep by user request...
04-23 14:43:18.160 V/SleepAndWakeUpTest( 1762): goToSleep
04-23 14:43:18.630 D/SurfaceFlinger(  114): Screen released, type=0 flinger=0x40db1450
04-23 14:43:18.720 V/audio_hw_primary(  117): adev_set_parameters, screen_state=off
04-23 14:43:18.730 I/qtaguid (  452): Failed write_ctrl(s 0 10012) res=-1 errno=1
04-23 14:43:18.730 W/NetworkManagementSocketTagger(  452): setKernelCountSet(10012, 0) failed with errno -1
04-23 14:43:18.750 D/SurfaceControl(  452): Excessive delay in blankDisplay() while turning screen off: 119ms
04-23 14:43:19.160 D/PowerManagerService-JNI(  452): Excessive delay in autosuspend_enable() while turning screen off: 379ms
04-23 14:43:29.040 D/PowerManagerService(  452): mHoldBootFastWakeLock = false
04-23 14:43:29.050 V/SleepAndWakeUpTest( 1762): AlarmReceiver
04-23 14:43:29.050 I/PowerManagerService(  452): Waking up from sleep...
04-23 14:43:29.060 D/SurfaceFlinger(  114): Screen acquired, type=0 flinger=0x40db1450
04-23 14:43:29.060 V/SleepAndWakeUpTest( 1762): wakeUp
04-23 14:43:29.060 W/ContextImpl( 1762): Calling a method in the system process without a qualified user: android.app.ContextImpl.sendBroadcast:1123 android.content.ContextWrapper.sendBroadcast:365 android.content.ContextWrapper.sendBroadcast:365 com.allwinnertech.sleepandwakeupclock.AlarmReceiver.onReceive:30 android.app.ActivityThread.handleReceiver:2419 
04-23 14:43:29.080 D/SensorManager(  452): >>>>>>> set discard sensrtime =3
04-23 14:43:29.080 V/KeyguardServiceDelegate(  452): onScreenTurnedOn(showListener = com.android.internal.policy.impl.PhoneWindowManager$18@4258cb48)
04-23 14:43:29.090 V/SleepAndWakeUpTest( 1762): mBroadcastReceiver
04-23 14:43:29.100 V/KeyguardServiceDelegate(  452): **** SHOWN CALLED ****
04-23 14:43:29.100 I/WindowManager(  452): No lock screen! windowToken=null
04-23 14:43:29.130 V/audio_hw_primary(  117): adev_set_parameters, screen_state=on
04-23 14:43:29.170 I/qtaguid (  452): Failed write_ctrl(s 1 10012) res=-1 errno=1
04-23 14:43:29.170 W/NetworkManagementSocketTagger(  452): setKernelCountSet(10012, 1) failed with errno -1
04-23 14:43:29.170 V/SleepAndWakeUpTest( 1762): cancelScheduledInstance
04-23 14:43:29.350 D/SensorManager(  452): discard gsensor data ...
04-23 14:43:29.420 D/SensorManager(  452): discard gsensor data ...
04-23 14:43:29.840 D/SensorManager(  452): discard gsensor data ...
04-23 14:43:30.490 D/dalvikvm(  452): GC_FOR_ALLOC freed 992K, 13% free 10230K/11752K, paused 224ms, total 224ms
04-23 14:43:39.190 V/SleepAndWakeUpTest( 1762): scheduleInstanceStateChange
04-23 14:43:39.210 I/PowerManagerService(  452): Going to sleep by user request...
04-23 14:43:39.250 V/SleepAndWakeUpTest( 1762): goToSleep
04-23 14:43:39.670 D/SurfaceFlinger(  114): Screen released, type=0 flinger=0x40db1450
04-23 14:43:39.750 V/audio_hw_primary(  117): adev_set_parameters, screen_state=off
04-23 14:43:39.780 I/qtaguid (  452): Failed write_ctrl(s 0 10012) res=-1 errno=1
04-23 14:43:39.780 W/NetworkManagementSocketTagger(  452): setKernelCountSet(10012, 0) failed with errno -1
04-23 14:43:39.790 D/SurfaceControl(  452): Excessive delay in blankDisplay() while turning screen off: 126ms
04-23 14:43:40.210 D/PowerManagerService-JNI(  452): Excessive delay in autosuspend_enable() while turning screen off: 384ms
04-23 14:43:51.060 V/SleepAndWakeUpTest( 1762): AlarmReceiver
04-23 14:43:51.060 D/PowerManagerService(  452): mHoldBootFastWakeLock = false
04-23 14:43:51.060 I/PowerManagerService(  452): Waking up from sleep...
04-23 14:43:51.070 D/SensorManager(  452): >>>>>>> set discard sensrtime =3
04-23 14:43:51.090 V/KeyguardServiceDelegate(  452): onScreenTurnedOn(showListener = com.android.internal.policy.impl.PhoneWindowManager$18@4243f698)
04-23 14:43:51.100 V/KeyguardServiceDelegate(  452): **** SHOWN CALLED ****
04-23 14:43:51.100 I/WindowManager(  452): No lock screen! windowToken=null
04-23 14:43:51.110 D/SurfaceFlinger(  114): Screen acquired, type=0 flinger=0x40db1450
04-23 14:43:51.110 V/SleepAndWakeUpTest( 1762): wakeUp
04-23 14:43:51.110 W/ContextImpl( 1762): Calling a method in the system process without a qualified user: android.app.ContextImpl.sendBroadcast:1123 android.content.ContextWrapper.sendBroadcast:365 android.content.ContextWrapper.sendBroadcast:365 com.allwinnertech.sleepandwakeupclock.AlarmReceiver.onReceive:30 android.app.ActivityThread.handleReceiver:2419 
04-23 14:43:51.120 V/SleepAndWakeUpTest( 1762): mBroadcastReceiver
04-23 14:43:51.120 V/SleepAndWakeUpTest( 1762): cancelScheduledInstance
04-23 14:43:51.250 V/audio_hw_primary(  117): adev_set_parameters, screen_state=on
04-23 14:43:51.290 I/qtaguid (  452): Failed write_ctrl(s 1 10012) res=-1 errno=1
04-23 14:43:51.290 W/NetworkManagementSocketTagger(  452): setKernelCountSet(10012, 1) failed with errno -1
04-23 14:43:53.110 D/SensorManager(  452): discard gsensor data ...
04-23 14:43:53.670 D/SensorManager(  452): discard gsensor data ...
04-23 14:43:54.370 D/SensorManager(  452): discard gsensor data ...
04-23 14:44:01.320 V/SleepAndWakeUpTest( 1762): scheduleInstanceStateChange
04-23 14:44:01.330 I/PowerManagerService(  452): Going to sleep by user request...
04-23 14:44:01.370 V/SleepAndWakeUpTest( 1762): goToSleep
04-23 14:44:01.850 D/SurfaceFlinger(  114): Screen released, type=0 flinger=0x40db1450
04-23 14:44:01.900 V/audio_hw_primary(  117): adev_set_parameters, screen_state=off
04-23 14:44:01.910 I/qtaguid (  452): Failed write_ctrl(s 0 10012) res=-1 errno=1
04-23 14:44:01.910 W/NetworkManagementSocketTagger(  452): setKernelCountSet(10012, 0) failed with errno -1
04-23 14:44:02.330 D/PowerManagerService-JNI(  452): Excessive delay in autosuspend_enable() while turning screen off: 380ms
04-23 14:44:12.090 D/PowerManagerService(  452): mHoldBootFastWakeLock = false
04-23 14:44:12.110 V/SleepAndWakeUpTest( 1762): AlarmReceiver
04-23 14:44:12.110 D/SensorManager(  452): >>>>>>> set discard sensrtime =3
04-23 14:44:12.110 I/PowerManagerService(  452): Waking up from sleep...
04-23 14:44:12.120 V/KeyguardServiceDelegate(  452): onScreenTurnedOn(showListener = com.android.internal.policy.impl.PhoneWindowManager$18@4255ffa8)
04-23 14:44:12.120 V/KeyguardServiceDelegate(  452): **** SHOWN CALLED ****
04-23 14:44:12.120 I/WindowManager(  452): No lock screen! windowToken=null
04-23 14:44:12.180 V/audio_hw_primary(  117): adev_set_parameters, screen_state=on
04-23 14:44:12.210 D/SurfaceFlinger(  114): Screen acquired, type=0 flinger=0x40db1450
04-23 14:44:12.240 V/SleepAndWakeUpTest( 1762): wakeUp
04-23 14:44:12.250 I/qtaguid (  452): Failed write_ctrl(s 1 10012) res=-1 errno=1
04-23 14:44:12.250 W/NetworkManagementSocketTagger(  452): setKernelCountSet(10012, 1) failed with errno -1
04-23 14:44:12.260 W/ContextImpl( 1762): Calling a method in the system process without a qualified user: android.app.ContextImpl.sendBroadcast:1123 android.content.ContextWrapper.sendBroadcast:365 android.content.ContextWrapper.sendBroadcast:365 com.allwinnertech.sleepandwakeupclock.AlarmReceiver.onReceive:30 android.app.ActivityThread.handleReceiver:2419 
04-23 14:44:12.270 V/SleepAndWakeUpTest( 1762): mBroadcastReceiver
04-23 14:44:12.310 V/SleepAndWakeUpTest( 1762): cancelScheduledInstance
04-23 14:44:12.540 D/SensorManager(  452): discard gsensor data ...
04-23 14:44:13.240 D/SensorManager(  452): discard gsensor data ...
04-23 14:44:13.310 D/SensorManager(  452): discard gsensor data ...
04-23 14:44:22.320 V/SleepAndWakeUpTest( 1762): scheduleInstanceStateChange
04-23 14:44:22.320 I/PowerManagerService(  452): Going to sleep by user request...
04-23 14:44:22.330 V/SleepAndWakeUpTest( 1762): goToSleep
04-23 14:44:22.760 D/SurfaceFlinger(  114): Screen released, type=0 flinger=0x40db1450
04-23 14:44:22.840 V/audio_hw_primary(  117): adev_set_parameters, screen_state=off
04-23 14:44:22.860 I/qtaguid (  452): Failed write_ctrl(s 0 10012) res=-1 errno=1
04-23 14:44:22.860 W/NetworkManagementSocketTagger(  452): setKernelCountSet(10012, 0) failed with errno -1
04-23 14:44:23.290 D/PowerManagerService-JNI(  452): Excessive delay in autosuspend_enable() while turning screen off: 385ms
04-23 14:44:34.130 D/dalvikvm(  452): GC_FOR_ALLOC freed 960K, 13% free 10224K/11752K, paused 85ms, total 88ms
04-23 14:44:34.130 V/SleepAndWakeUpTest( 1762): AlarmReceiver
04-23 14:44:34.150 D/SensorManager(  452): >>>>>>> set discard sensrtime =3
04-23 14:44:34.150 D/PowerManagerService(  452): mHoldBootFastWakeLock = false
04-23 14:44:34.150 I/PowerManagerService(  452): Waking up from sleep...
04-23 14:44:34.160 V/KeyguardServiceDelegate(  452): onScreenTurnedOn(showListener = com.android.internal.policy.impl.PhoneWindowManager$18@42531318)
04-23 14:44:34.160 V/KeyguardServiceDelegate(  452): **** SHOWN CALLED ****
04-23 14:44:34.160 I/WindowManager(  452): No lock screen! windowToken=null
04-23 14:44:34.220 V/audio_hw_primary(  117): adev_set_parameters, screen_state=on
04-23 14:44:34.250 V/SleepAndWakeUpTest( 1762): wakeUp
04-23 14:44:34.250 W/ContextImpl( 1762): Calling a method in the system process without a qualified user: android.app.ContextImpl.sendBroadcast:1123 android.content.ContextWrapper.sendBroadcast:365 android.content.ContextWrapper.sendBroadcast:365 com.allwinnertech.sleepandwakeupclock.AlarmReceiver.onReceive:30 android.app.ActivityThread.handleReceiver:2419 
04-23 14:44:34.300 I/qtaguid (  452): Failed write_ctrl(s 1 10012) res=-1 errno=1
04-23 14:44:34.310 W/NetworkManagementSocketTagger(  452): setKernelCountSet(10012, 1) failed with errno -1
04-23 14:44:34.350 D/PowerManagerService-JNI(  452): Excessive delay in autosuspend_disable() while turning screen on: 153ms
04-23 14:44:34.350 D/SurfaceFlinger(  114): Screen acquired, type=0 flinger=0x40db1450
04-23 14:44:34.390 V/SleepAndWakeUpTest( 1762): mBroadcastReceiver
04-23 14:44:34.430 V/SleepAndWakeUpTest( 1762): cancelScheduledInstance
04-23 14:44:36.050 D/SensorManager(  452): discard gsensor data ...
04-23 14:44:36.960 D/SensorManager(  452): discard gsensor data ...
04-23 14:44:37.030 D/SensorManager(  452): discard gsensor data ...
04-23 14:44:44.450 V/SleepAndWakeUpTest( 1762): scheduleInstanceStateChange
04-23 14:44:44.470 I/PowerManagerService(  452): Going to sleep by user request...
04-23 14:44:44.500 V/SleepAndWakeUpTest( 1762): goToSleep
04-23 14:44:44.980 D/SurfaceFlinger(  114): Screen released, type=0 flinger=0x40db1450
04-23 14:44:45.030 V/audio_hw_primary(  117): adev_set_parameters, screen_state=off
04-23 14:44:45.040 I/qtaguid (  452): Failed write_ctrl(s 0 10012) res=-1 errno=1
04-23 14:44:45.040 W/NetworkManagementSocketTagger(  452): setKernelCountSet(10012, 0) failed with errno -1
04-23 14:44:45.460 D/PowerManagerService-JNI(  452): Excessive delay in autosuspend_enable() while turning screen off: 382ms
04-23 14:44:55.060 V/SleepAndWakeUpTest( 1762): AlarmReceiver
04-23 14:44:55.060 D/PowerManagerService(  452): mHoldBootFastWakeLock = false
04-23 14:44:55.060 I/PowerManagerService(  452): Waking up from sleep...
04-23 14:44:55.070 D/SensorManager(  452): >>>>>>> set discard sensrtime =3
04-23 14:44:55.070 V/KeyguardServiceDelegate(  452): onScreenTurnedOn(showListener = com.android.internal.policy.impl.PhoneWindowManager$18@423450f0)
04-23 14:44:55.070 V/KeyguardServiceDelegate(  452): **** SHOWN CALLED ****
04-23 14:44:55.070 I/WindowManager(  452): No lock screen! windowToken=null
04-23 14:44:55.130 V/audio_hw_primary(  117): adev_set_parameters, screen_state=on
04-23 14:44:55.140 D/SensorManager(  452): discard gsensor data ...
04-23 14:44:55.160 D/SurfaceFlinger(  114): Screen acquired, type=0 flinger=0x40db1450
04-23 14:44:55.220 V/SleepAndWakeUpTest( 1762): wakeUp
04-23 14:44:55.220 I/qtaguid (  452): Failed write_ctrl(s 1 10012) res=-1 errno=1
04-23 14:44:55.220 W/NetworkManagementSocketTagger(  452): setKernelCountSet(10012, 1) failed with errno -1
04-23 14:44:55.260 W/ContextImpl( 1762): Calling a method in the system process without a qualified user: android.app.ContextImpl.sendBroadcast:1123 android.content.ContextWrapper.sendBroadcast:365 android.content.ContextWrapper.sendBroadcast:365 com.allwinnertech.sleepandwakeupclock.AlarmReceiver.onReceive:30 android.app.ActivityThread.handleReceiver:2419 
04-23 14:44:55.270 V/SleepAndWakeUpTest( 1762): mBroadcastReceiver
04-23 14:44:55.270 V/SleepAndWakeUpTest( 1762): cancelScheduledInstance
04-23 14:44:55.340 D/dalvikvm(  517): GC_CONCURRENT freed 1964K, 50% free 10426K/20792K, paused 3ms+6ms, total 51ms
04-23 14:44:56.260 D/SensorManager(  452): discard gsensor data ...
04-23 14:44:56.540 D/SensorManager(  452): discard gsensor data ...
04-23 14:45:05.300 V/SleepAndWakeUpTest( 1762): scheduleInstanceStateChange
04-23 14:45:05.320 I/PowerManagerService(  452): Going to sleep by user request...
04-23 14:45:05.340 V/SleepAndWakeUpTest( 1762): goToSleep
04-23 14:45:05.780 D/SurfaceFlinger(  114): Screen released, type=0 flinger=0x40db1450
04-23 14:45:05.860 V/audio_hw_primary(  117): adev_set_parameters, screen_state=off
04-23 14:45:05.870 I/qtaguid (  452): Failed write_ctrl(s 0 10012) res=-1 errno=1
04-23 14:45:05.870 W/NetworkManagementSocketTagger(  452): setKernelCountSet(10012, 0) failed with errno -1
04-23 14:45:05.880 D/SurfaceControl(  452): Excessive delay in blankDisplay() while turning screen off: 110ms
04-23 14:45:06.300 D/PowerManagerService-JNI(  452): Excessive delay in autosuspend_enable() while turning screen off: 384ms
04-23 14:45:16.050 V/SleepAndWakeUpTest( 1762): AlarmReceiver
04-23 14:45:16.050 D/PowerManagerService(  452): mHoldBootFastWakeLock = false
04-23 14:45:16.060 D/SensorManager(  452): >>>>>>> set discard sensrtime =3
04-23 14:45:16.060 V/SleepAndWakeUpTest( 1762): wakeUp
04-23 14:45:16.060 V/SleepAndWakeUpTest( 1762): mBroadcastReceiver
04-23 14:45:16.060 I/PowerManagerService(  452): Waking up from sleep...
04-23 14:45:16.060 W/ContextImpl( 1762): Calling a method in the system process without a qualified user: android.app.ContextImpl.sendBroadcast:1123 android.content.ContextWrapper.sendBroadcast:365 android.content.ContextWrapper.sendBroadcast:365 com.allwinnertech.sleepandwakeupclock.AlarmReceiver.onReceive:30 android.app.ActivityThread.handleReceiver:2419 
04-23 14:45:16.080 V/SleepAndWakeUpTest( 1762): cancelScheduledInstance
04-23 14:45:16.080 V/KeyguardServiceDelegate(  452): onScreenTurnedOn(showListener = com.android.internal.policy.impl.PhoneWindowManager$18@42477518)
04-23 14:45:16.080 D/SurfaceFlinger(  114): Screen acquired, type=0 flinger=0x40db1450
04-23 14:45:16.080 V/KeyguardServiceDelegate(  452): **** SHOWN CALLED ****
04-23 14:45:16.080 I/WindowManager(  452): No lock screen! windowToken=null
04-23 14:45:16.170 V/audio_hw_primary(  117): adev_set_parameters, screen_state=on
04-23 14:45:16.180 I/qtaguid (  452): Failed write_ctrl(s 1 10012) res=-1 errno=1
04-23 14:45:16.180 W/NetworkManagementSocketTagger(  452): setKernelCountSet(10012, 1) failed with errno -1
04-23 14:45:16.630 D/SensorManager(  452): discard gsensor data ...
04-23 14:45:16.700 D/SensorManager(  452): discard gsensor data ...
04-23 14:45:17.400 D/SensorManager(  452): discard gsensor data ...
04-23 14:45:17.610 D/dalvikvm(  452): GC_FOR_ALLOC freed 978K, 13% free 10233K/11752K, paused 190ms, total 190ms
04-23 14:45:26.110 V/SleepAndWakeUpTest( 1762): scheduleInstanceStateChange
04-23 14:45:26.120 I/PowerManagerService(  452): Going to sleep by user request...
04-23 14:45:26.170 V/SleepAndWakeUpTest( 1762): goToSleep
04-23 14:45:26.600 D/SurfaceFlinger(  114): Screen released, type=0 flinger=0x40db1450
04-23 14:45:26.690 V/audio_hw_primary(  117): adev_set_parameters, screen_state=off
04-23 14:45:26.700 I/qtaguid (  452): Failed write_ctrl(s 0 10012) res=-1 errno=1
04-23 14:45:26.700 W/NetworkManagementSocketTagger(  452): setKernelCountSet(10012, 0) failed with errno -1
04-23 14:45:26.720 D/SurfaceControl(  452): Excessive delay in blankDisplay() while turning screen off: 114ms
04-23 14:45:27.130 D/PowerManagerService-JNI(  452): Excessive delay in autosuspend_enable() while turning screen off: 383ms
04-23 14:45:37.040 D/PowerManagerService(  452): mHoldBootFastWakeLock = false
04-23 14:45:37.060 V/SleepAndWakeUpTest( 1762): AlarmReceiver
04-23 14:45:37.070 D/SensorManager(  452): >>>>>>> set discard sensrtime =3
04-23 14:45:37.070 I/PowerManagerService(  452): Waking up from sleep...
04-23 14:45:37.090 V/KeyguardServiceDelegate(  452): onScreenTurnedOn(showListener = com.android.internal.policy.impl.PhoneWindowManager$18@42437520)
04-23 14:45:37.090 V/KeyguardServiceDelegate(  452): **** SHOWN CALLED ****
04-23 14:45:37.090 I/WindowManager(  452): No lock screen! windowToken=null
04-23 14:45:37.120 V/SleepAndWakeUpTest( 1762): wakeUp
04-23 14:45:37.120 D/SurfaceFlinger(  114): Screen acquired, type=0 flinger=0x40db1450
04-23 14:45:37.120 W/ContextImpl( 1762): Calling a method in the system process without a qualified user: android.app.ContextImpl.sendBroadcast:1123 android.content.ContextWrapper.sendBroadcast:365 android.content.ContextWrapper.sendBroadcast:365 com.allwinnertech.sleepandwakeupclock.AlarmReceiver.onReceive:30 android.app.ActivityThread.handleReceiver:2419 
04-23 14:45:37.200 V/audio_hw_primary(  117): adev_set_parameters, screen_state=on
04-23 14:45:37.220 D/SensorManager(  452): discard gsensor data ...
04-23 14:45:37.260 V/SleepAndWakeUpTest( 1762): mBroadcastReceiver
04-23 14:45:37.260 V/SleepAndWakeUpTest( 1762): cancelScheduledInstance
04-23 14:45:37.280 I/qtaguid (  452): Failed write_ctrl(s 1 10012) res=-1 errno=1
04-23 14:45:37.280 W/NetworkManagementSocketTagger(  452): setKernelCountSet(10012, 1) failed with errno -1
04-23 14:45:37.430 D/SensorManager(  452): discard gsensor data ...
04-23 14:45:37.850 D/SensorManager(  452): discard gsensor data ...
04-23 14:45:47.280 V/SleepAndWakeUpTest( 1762): scheduleInstanceStateChange
04-23 14:45:47.300 I/PowerManagerService(  452): Going to sleep by user request...
04-23 14:45:47.320 V/SleepAndWakeUpTest( 1762): goToSleep
04-23 14:45:47.830 D/SurfaceFlinger(  114): Screen released, type=0 flinger=0x40db1450
04-23 14:45:47.850 V/audio_hw_primary(  117): adev_set_parameters, screen_state=off
04-23 14:45:47.860 I/qtaguid (  452): Failed write_ctrl(s 0 10012) res=-1 errno=1
04-23 14:45:47.860 W/NetworkManagementSocketTagger(  452): setKernelCountSet(10012, 0) failed with errno -1
04-23 14:45:48.290 D/PowerManagerService-JNI(  452): Excessive delay in autosuspend_enable() while turning screen off: 381ms
04-23 14:45:59.090 D/PowerManagerService(  452): mHoldBootFastWakeLock = false
04-23 14:45:59.110 V/SleepAndWakeUpTest( 1762): AlarmReceiver
04-23 14:45:59.110 I/PowerManagerService(  452): Waking up from sleep...
04-23 14:45:59.120 D/SensorManager(  452): >>>>>>> set discard sensrtime =3
04-23 14:45:59.140 V/KeyguardServiceDelegate(  452): onScreenTurnedOn(showListener = com.android.internal.policy.impl.PhoneWindowManager$18@41fb0740)
04-23 14:45:59.140 V/KeyguardServiceDelegate(  452): **** SHOWN CALLED ****
04-23 14:45:59.140 I/WindowManager(  452): No lock screen! windowToken=null
04-23 14:45:59.170 D/SurfaceFlinger(  114): Screen acquired, type=0 flinger=0x40db1450
04-23 14:45:59.170 V/SleepAndWakeUpTest( 1762): wakeUp
04-23 14:45:59.170 V/SleepAndWakeUpTest( 1762): mBroadcastReceiver
04-23 14:45:59.170 W/ContextImpl( 1762): Calling a method in the system process without a qualified user: android.app.ContextImpl.sendBroadcast:1123 android.content.ContextWrapper.sendBroadcast:365 android.content.ContextWrapper.sendBroadcast:365 com.allwinnertech.sleepandwakeupclock.AlarmReceiver.onReceive:30 android.app.ActivityThread.handleReceiver:2419 
04-23 14:45:59.270 V/audio_hw_primary(  117): adev_set_parameters, screen_state=on
04-23 14:45:59.310 V/SleepAndWakeUpTest( 1762): cancelScheduledInstance
04-23 14:45:59.320 I/qtaguid (  452): Failed write_ctrl(s 1 10012) res=-1 errno=1
04-23 14:45:59.320 W/NetworkManagementSocketTagger(  452): setKernelCountSet(10012, 1) failed with errno -1
04-23 14:46:00.530 D/SensorManager(  452): discard gsensor data ...
04-23 14:46:01.440 D/SensorManager(  452): discard gsensor data ...
04-23 14:46:02.070 D/SensorManager(  452): discard gsensor data ...
04-23 14:46:09.310 V/SleepAndWakeUpTest( 1762): scheduleInstanceStateChange
04-23 14:46:09.320 V/SleepAndWakeUpTest( 1762): goToSleep
04-23 14:46:09.320 I/PowerManagerService(  452): Going to sleep by user request...
04-23 14:46:09.760 D/SurfaceFlinger(  114): Screen released, type=0 flinger=0x40db1450
04-23 14:46:09.840 V/audio_hw_primary(  117): adev_set_parameters, screen_state=off
04-23 14:46:09.850 I/qtaguid (  452): Failed write_ctrl(s 0 10012) res=-1 errno=1
04-23 14:46:09.850 W/NetworkManagementSocketTagger(  452): setKernelCountSet(10012, 0) failed with errno -1
04-23 14:46:09.870 D/SurfaceControl(  452): Excessive delay in blankDisplay() while turning screen off: 110ms
04-23 14:46:10.280 D/PowerManagerService-JNI(  452): Excessive delay in autosuspend_enable() while turning screen off: 380ms
04-23 14:46:21.150 D/dalvikvm(  452): GC_FOR_ALLOC freed 978K, 13% free 10229K/11752K, paused 89ms, total 91ms
04-23 14:46:21.150 V/SleepAndWakeUpTest( 1762): AlarmReceiver
04-23 14:46:21.150 D/PowerManagerService(  452): mHoldBootFastWakeLock = false
04-23 14:46:21.160 D/SensorManager(  452): >>>>>>> set discard sensrtime =3
04-23 14:46:21.160 V/KeyguardServiceDelegate(  452): onScreenTurnedOn(showListener = com.android.internal.policy.impl.PhoneWindowManager$18@425abf00)
04-23 14:46:21.160 V/KeyguardServiceDelegate(  452): **** SHOWN CALLED ****
04-23 14:46:21.160 I/PowerManagerService(  452): Waking up from sleep...
04-23 14:46:21.160 I/WindowManager(  452): No lock screen! windowToken=null
04-23 14:46:21.230 V/audio_hw_primary(  117): adev_set_parameters, screen_state=on
04-23 14:46:21.280 D/PowerManagerService-JNI(  452): Excessive delay in autosuspend_disable() while turning screen on: 109ms
04-23 14:46:21.300 I/qtaguid (  452): Failed write_ctrl(s 1 10012) res=-1 errno=1
04-23 14:46:21.300 W/NetworkManagementSocketTagger(  452): setKernelCountSet(10012, 1) failed with errno -1
04-23 14:46:21.310 V/SleepAndWakeUpTest( 1762): wakeUp
04-23 14:46:21.340 D/SurfaceFlinger(  114): Screen acquired, type=0 flinger=0x40db1450
04-23 14:46:21.340 W/ContextImpl( 1762): Calling a method in the system process without a qualified user: android.app.ContextImpl.sendBroadcast:1123 android.content.ContextWrapper.sendBroadcast:365 android.content.ContextWrapper.sendBroadcast:365 com.allwinnertech.sleepandwakeupclock.AlarmReceiver.onReceive:30 android.app.ActivityThread.handleReceiver:2419 
04-23 14:46:21.360 V/SleepAndWakeUpTest( 1762): mBroadcastReceiver
04-23 14:46:21.380 V/SleepAndWakeUpTest( 1762): cancelScheduledInstance
04-23 14:46:21.440 D/SensorManager(  452): discard gsensor data ...
04-23 14:46:21.580 D/SensorManager(  452): discard gsensor data ...
04-23 14:46:21.860 D/SensorManager(  452): discard gsensor data ...
04-23 14:46:31.400 V/SleepAndWakeUpTest( 1762): scheduleInstanceStateChange
04-23 14:46:31.410 I/PowerManagerService(  452): Going to sleep by user request...
04-23 14:46:31.420 V/SleepAndWakeUpTest( 1762): goToSleep
04-23 14:46:31.870 D/SurfaceFlinger(  114): Screen released, type=0 flinger=0x40db1450
04-23 14:46:31.950 V/audio_hw_primary(  117): adev_set_parameters, screen_state=off
04-23 14:46:31.960 I/qtaguid (  452): Failed write_ctrl(s 0 10012) res=-1 errno=1
04-23 14:46:31.960 W/NetworkManagementSocketTagger(  452): setKernelCountSet(10012, 0) failed with errno -1
04-23 14:46:31.990 D/SurfaceControl(  452): Excessive delay in blankDisplay() while turning screen off: 121ms
04-23 14:46:32.400 D/PowerManagerService-JNI(  452): Excessive delay in autosuspend_enable() while turning screen off: 386ms
04-23 14:46:43.060 V/SleepAndWakeUpTest( 1762): AlarmReceiver
04-23 14:46:43.060 D/PowerManagerService(  452): mHoldBootFastWakeLock = false
04-23 14:46:43.060 I/PowerManagerService(  452): Waking up from sleep...
04-23 14:46:43.070 D/SensorManager(  452): >>>>>>> set discard sensrtime =3
04-23 14:46:43.090 V/KeyguardServiceDelegate(  452): onScreenTurnedOn(showListener = com.android.internal.policy.impl.PhoneWindowManager$18@423742a8)
04-23 14:46:43.090 V/KeyguardServiceDelegate(  452): **** SHOWN CALLED ****
04-23 14:46:43.100 I/WindowManager(  452): No lock screen! windowToken=null
04-23 14:46:43.110 D/SurfaceFlinger(  114): Screen acquired, type=0 flinger=0x40db1450
04-23 14:46:43.110 V/SleepAndWakeUpTest( 1762): wakeUp
04-23 14:46:43.110 W/ContextImpl( 1762): Calling a method in the system process without a qualified user: android.app.ContextImpl.sendBroadcast:1123 android.content.ContextWrapper.sendBroadcast:365 android.content.ContextWrapper.sendBroadcast:365 com.allwinnertech.sleepandwakeupclock.AlarmReceiver.onReceive:30 android.app.ActivityThread.handleReceiver:2419 
04-23 14:46:43.170 V/audio_hw_primary(  117): adev_set_parameters, screen_state=on
04-23 14:46:43.250 V/SleepAndWakeUpTest( 1762): mBroadcastReceiver
04-23 14:46:43.270 I/qtaguid (  452): Failed write_ctrl(s 1 10012) res=-1 errno=1
04-23 14:46:43.270 W/NetworkManagementSocketTagger(  452): setKernelCountSet(10012, 1) failed with errno -1
04-23 14:46:43.280 V/SleepAndWakeUpTest( 1762): cancelScheduledInstance
04-23 14:46:43.780 D/SensorManager(  452): discard gsensor data ...
04-23 14:46:44.090 D/SensorManager(  452): discard gsensor data ...
04-23 14:46:44.130 D/SensorManager(  452): discard gsensor data ...
04-23 14:46:53.300 V/SleepAndWakeUpTest( 1762): scheduleInstanceStateChange
04-23 14:46:53.320 I/PowerManagerService(  452): Going to sleep by user request...
04-23 14:46:53.350 V/SleepAndWakeUpTest( 1762): goToSleep
04-23 14:46:53.840 D/SurfaceFlinger(  114): Screen released, type=0 flinger=0x40db1450
04-23 14:46:53.870 V/audio_hw_primary(  117): adev_set_parameters, screen_state=off
04-23 14:46:53.890 I/qtaguid (  452): Failed write_ctrl(s 0 10012) res=-1 errno=1
04-23 14:46:53.890 W/NetworkManagementSocketTagger(  452): setKernelCountSet(10012, 0) failed with errno -1
04-23 14:46:54.330 D/PowerManagerService-JNI(  452): Excessive delay in autosuspend_enable() while turning screen off: 398ms
04-23 14:47:04.060 D/PowerManagerService(  452): mHoldBootFastWakeLock = false
04-23 14:47:04.070 V/SleepAndWakeUpTest( 1762): AlarmReceiver
04-23 14:47:04.080 D/SensorManager(  452): >>>>>>> set discard sensrtime =3
04-23 14:47:04.080 I/PowerManagerService(  452): Waking up from sleep...
04-23 14:47:04.110 V/KeyguardServiceDelegate(  452): onScreenTurnedOn(showListener = com.android.internal.policy.impl.PhoneWindowManager$18@41f90878)
04-23 14:47:04.110 V/KeyguardServiceDelegate(  452): **** SHOWN CALLED ****
04-23 14:47:04.110 I/WindowManager(  452): No lock screen! windowToken=null
04-23 14:47:04.140 D/SurfaceFlinger(  114): Screen acquired, type=0 flinger=0x40db1450
04-23 14:47:04.140 V/SleepAndWakeUpTest( 1762): wakeUp
04-23 14:47:04.140 W/ContextImpl( 1762): Calling a method in the system process without a qualified user: android.app.ContextImpl.sendBroadcast:1123 android.content.ContextWrapper.sendBroadcast:365 android.content.ContextWrapper.sendBroadcast:365 com.allwinnertech.sleepandwakeupclock.AlarmReceiver.onReceive:30 android.app.ActivityThread.handleReceiver:2419 
04-23 14:47:04.220 V/audio_hw_primary(  117): adev_set_parameters, screen_state=on
04-23 14:47:04.270 V/SleepAndWakeUpTest( 1762): mBroadcastReceiver
04-23 14:47:04.270 I/qtaguid (  452): Failed write_ctrl(s 1 10012) res=-1 errno=1
04-23 14:47:04.270 W/NetworkManagementSocketTagger(  452): setKernelCountSet(10012, 1) failed with errno -1
04-23 14:47:04.280 V/SleepAndWakeUpTest( 1762): cancelScheduledInstance
04-23 14:47:04.450 D/SensorManager(  452): discard gsensor data ...
04-23 14:47:04.870 D/SensorManager(  452): discard gsensor data ...
04-23 14:47:05.640 D/SensorManager(  452): discard gsensor data ...
04-23 14:47:13.240 D/dalvikvm(  452): GC_FOR_ALLOC freed 958K, 13% free 10234K/11752K, paused 99ms, total 101ms
04-23 14:47:14.310 V/SleepAndWakeUpTest( 1762): scheduleInstanceStateChange
04-23 14:47:14.330 I/PowerManagerService(  452): Going to sleep by user request...
04-23 14:47:14.370 V/SleepAndWakeUpTest( 1762): goToSleep
04-23 14:47:14.860 D/SurfaceFlinger(  114): Screen released, type=0 flinger=0x40db1450
04-23 14:47:14.910 V/audio_hw_primary(  117): adev_set_parameters, screen_state=off
04-23 14:47:14.910 I/qtaguid (  452): Failed write_ctrl(s 0 10012) res=-1 errno=1
04-23 14:47:14.910 W/NetworkManagementSocketTagger(  452): setKernelCountSet(10012, 0) failed with errno -1
04-23 14:47:15.340 D/PowerManagerService-JNI(  452): Excessive delay in autosuspend_enable() while turning screen off: 384ms
04-23 14:47:25.070 D/PowerManagerService(  452): mHoldBootFastWakeLock = false
04-23 14:47:25.090 V/SleepAndWakeUpTest( 1762): AlarmReceiver
04-23 14:47:25.090 D/SensorManager(  452): >>>>>>> set discard sensrtime =3
04-23 14:47:25.090 I/PowerManagerService(  452): Waking up from sleep...
04-23 14:47:25.120 V/KeyguardServiceDelegate(  452): onScreenTurnedOn(showListener = com.android.internal.policy.impl.PhoneWindowManager$18@4243a5e8)
04-23 14:47:25.120 V/KeyguardServiceDelegate(  452): **** SHOWN CALLED ****
04-23 14:47:25.120 I/WindowManager(  452): No lock screen! windowToken=null
04-23 14:47:25.140 D/SurfaceFlinger(  114): Screen acquired, type=0 flinger=0x40db1450
04-23 14:47:25.140 V/SleepAndWakeUpTest( 1762): wakeUp
04-23 14:47:25.140 W/ContextImpl( 1762): Calling a method in the system process without a qualified user: android.app.ContextImpl.sendBroadcast:1123 android.content.ContextWrapper.sendBroadcast:365 android.content.ContextWrapper.sendBroadcast:365 com.allwinnertech.sleepandwakeupclock.AlarmReceiver.onReceive:30 android.app.ActivityThread.handleReceiver:2419 
