04-24 12:44:09.360 I/Choreographer(  467): Skipped 171 frames!  The application may be doing too much work on its main thread.
04-24 12:44:09.450 D/dalvikvm(  711): GC_CONCURRENT freed 160K, 13% free 3683K/4196K, paused 15ms+2ms, total 41ms
04-24 12:44:09.480 D/dalvikvm(  661): GC_CONCURRENT freed 852K, 24% free 3968K/5172K, paused 4ms+2ms, total 87ms
04-24 12:44:09.480 D/dalvikvm(  661): WAIT_FOR_CONCURRENT_GC blocked 9ms
04-24 12:44:09.550 D/PicasaUploaderSync(  794): accounts in DB=1
04-24 12:44:09.550 D/PicasaUploaderSyncManager(  794): background data: true
04-24 12:44:09.680 D/dalvikvm(  858): GC_CONCURRENT freed 242K, 14% free 3726K/4320K, paused 4ms+3ms, total 52ms
04-24 12:44:09.680 D/dalvikvm(  858): WAIT_FOR_CONCURRENT_GC blocked 12ms
04-24 12:44:09.760 D/BluetoothAdapterService(1088869840)(  816): getState(): mAdapterProperties: com.android.bluetooth.btservice.AdapterProperties@40e6eef8
04-24 12:44:09.800 I/ActivityManager(  385): Start proc com.google.android.apps.maps:GoogleLocationService for service com.google.android.apps.maps/com.google.android.location.internal.server.GoogleLocationService: pid=891 uid=10026 gids={50026, 3003, 1015, 1028}
04-24 12:44:09.810 D/bt_vendor(  816): set power on and delay 500ms
04-24 12:44:09.810 D/bt_vendor(  816): op for 3
04-24 12:44:09.810 I/bt_userial_vendor(  816): userial vendor open: opening /dev/ttyS1
04-24 12:44:09.810 I/bt_userial_vendor(  816): userial vendor open: with HW flowctrl OFF
04-24 12:44:09.810 I/bt_userial_vendor(  816): device fd = 56 open
04-24 12:44:09.810 D/bt_vendor(  816): op for 1
04-24 12:44:09.810 I/bt_hwcfg(  816): hw_config_start
04-24 12:44:09.830 I/GKI_LINUX(  816): gki_task_entry: gki_task_entry task_id=0 [BTU] starting
04-24 12:44:09.830 I/ActivityManager(  385): Start proc com.android.settings for broadcast com.android.settings/.widget.SettingsAppWidgetProvider: pid=901 uid=1000 gids={41000, 1015, 1028, 3002, 3001, 3003, 3007}
04-24 12:44:09.870 D/dalvikvm(  385): GC_CONCURRENT freed 745K, 16% free 7278K/8624K, paused 9ms+14ms, total 143ms
04-24 12:44:09.890 D/dalvikvm(  661): GC_CONCURRENT freed 141K, 17% free 4338K/5172K, paused 5ms+2ms, total 294ms
04-24 12:44:09.890 D/dalvikvm(  661): WAIT_FOR_CONCURRENT_GC blocked 12ms
04-24 12:44:09.930 I/SurfaceFlinger(  103): Boot is finished (18961 ms)
04-24 12:44:09.930 I/SurfaceFlinger(  103): Total boot time is (23233 ms)
04-24 12:44:09.960 E/Trace   (  891): error opening trace file: No such file or directory (2)
04-24 12:44:09.960 I/ActivityManager(  385): Config changes=1400 {1.0 ?mcc?mnc zh_CN ldltr sw640dp w1066dp h566dp 120dpi lrg land finger -keyb/v/h -nav/h s.5}
04-24 12:44:10.000 E/Trace   (  901): error opening trace file: No such file or directory (2)
04-24 12:44:10.020 D/gralloc (  103): use ion  ram 
04-24 12:44:10.060 E/bt_h5   (  816): h5_timeout_handler
04-24 12:44:10.060 E/bt_h5   (  816): Wait H5 Conf Resp timeout, 0 times
04-24 12:44:10.060 I/bt_hwcfg(  816): bt vendor lib: Get lmp
04-24 12:44:10.060 I/bt_hwcfg(  816): RTK send HCI_READ_LMP_Command 
04-24 12:44:10.070 I/bt_hwcfg(  816): lmp_version = 8723
04-24 12:44:10.070 I/bt_hwcfg(  816): bt vendor lib: Get eco version
04-24 12:44:10.070 I/bt_hwcfg(  816): RTK send HCI_VENDOR_READ_RTK_ROM_VERISION_Command
04-24 12:44:10.070 I/bt_hwcfg(  816): hw_cfg_cb.state = 2
04-24 12:44:10.070 I/bt_hwcfg(  816): bt vendor lib: READ_RTK_ROM_VERISION status:0, gEcoVersion:1
04-24 12:44:10.070 I/bt_hwcfg(  816): bt vendor lib:HW_CFG_START
04-24 12:44:10.080 I/bt_hwcfg(  816): haha!!! config_buf:0x54dc73a8
04-24 12:44:10.080 I/bt_hwcfg(  816): config offset(f4),length(8)
04-24 12:44:10.080 I/bt_hwcfg(  816): config baud rate to :04928002, hwflowcontrol:5f, 1
04-24 12:44:10.080 I/bt_hwcfg(  816): config offset(27),length(1)
04-24 12:44:10.080 I/bt_hwcfg(  816): config offset(fe),length(1)
04-24 12:44:10.080 I/bt_hwcfg(  816): config offset(15b),length(4)
04-24 12:44:10.080 I/bt_hwcfg(  816): config offset(1e3),length(1)
04-24 12:44:10.080 I/bt_hwcfg(  816): config offset(1df),length(1)
04-24 12:44:10.080 I/bt_hwcfg(  816): config offset(1e2),length(1)
04-24 12:44:10.080 I/bt_hwcfg(  816): rtk_parse_config_file: DO NOT USE_CONTROLLER_BDADDR, config has no bdaddr
04-24 12:44:10.080 I/bt_hwcfg(  816): Get config baud rate from config file:4928002
04-24 12:44:10.090 I/bt_hwcfg(  816): Load FW OK
04-24 12:44:10.090 I/bt_hwcfg(  816): opcode = 0x0
04-24 12:44:10.090 I/bt_hwcfg(  816): length = 0x1
04-24 12:44:10.090 I/bt_hwcfg(  816): data = 0x1
04-24 12:44:10.090 I/bt_hwcfg(  816): lmp_version is 8723, project_id is 8723, match!
04-24 12:44:10.090 I/bt_hwcfg(  816): fm_version = 0x1e2f7a59
04-24 12:44:10.090 I/bt_hwcfg(  816): number_of_total_patch = 2
04-24 12:44:10.090 I/bt_hwcfg(  816): chipID = 2(1:a-cut, 2:b-cut, 3:c-cut...)
04-24 12:44:10.090 I/bt_hwcfg(  816): patch_length = 0x4f40
04-24 12:44:10.090 I/bt_hwcfg(  816): start_offset = 0x4bc0
04-24 12:44:10.090 I/bt_hwcfg(  816): buf_len = 0x4f88
04-24 12:44:10.090 I/bt_hwcfg(  816): eco_patch_buf:0x54230668
04-24 12:44:10.090 I/bt_hwcfg(  816): config_file_buf:0x54dc73a8
04-24 12:44:10.090 I/bt_hwcfg(  816): Fw: exists, config file: exists
04-24 12:44:10.090 I/bt_hwcfg(  816): iEndIndex:80  iLastPacketLen:200 iAdditionpkt:4
04-24 12:44:10.090 I/bt_hwcfg(  816): bt vendor lib: set CONTROLLER UART baud 4928002
04-24 12:44:10.100 D/gralloc (  103): use ion  ram 
04-24 12:44:10.110 I/PowerManagerService(  385): Boot animation finished.
04-24 12:44:10.200 D/gralloc (  103): use ion  ram 
04-24 12:44:10.300 D/PicasaUploaderSyncManager(  794): battery info: true
04-24 12:44:10.430 D/BluetoothManagerService(  385): Message: 20
04-24 12:44:10.430 D/BluetoothManagerService(  385): Added callback: android.bluetooth.IBluetoothManagerCallback$Stub$Proxy@412795b8:true
04-24 12:44:10.440 D/BluetoothAdapterService(1088869840)(  816): getState(): mAdapterProperties: com.android.bluetooth.btservice.AdapterProperties@40e6eef8
04-24 12:44:10.450 D/BluetoothManagerService(  385): Message: 30
04-24 12:44:10.460 W/ContextImpl(  901): Calling a method in the system process without a qualified user: android.app.ContextImpl.bindService:1406 android.content.ContextWrapper.bindService:473 android.bluetooth.BluetoothInputDevice.<init>:240 android.bluetooth.BluetoothAdapter.getProfileProxy:1161 com.android.settings.bluetooth.LocalBluetoothAdapter.getProfileProxy:94 
04-24 12:44:10.470 D/BluetoothManagerService(  385): Message: 30
04-24 12:44:10.480 D/LocalBluetoothProfileManager(  901): LocalBluetoothProfileManager construction complete
04-24 12:44:10.480 D/BluetoothAdapterService(1088869840)(  816): getState(): mAdapterProperties: com.android.bluetooth.btservice.AdapterProperties@40e6eef8
04-24 12:44:10.480 D/BluetoothAdapterService(1088869840)(  816): getState(): mAdapterProperties: com.android.bluetooth.btservice.AdapterProperties@40e6eef8
04-24 12:44:10.480 W/ContextImpl(  901): Calling a method in the system process without a qualified user: android.app.ContextImpl.bindService:1406 android.content.ContextWrapper.bindService:473 android.bluetooth.BluetoothPbap.<init>:161 com.android.settings.bluetooth.PbapServerProfile.<init>:68 com.android.settings.bluetooth.LocalBluetoothProfileManager.<init>:128 
04-24 12:44:10.490 E/bt_h5   (  816): h5_timeout_handler
04-24 12:44:10.490 I/bt_hwcfg(  816): hw_cfg_cb.state = 3
04-24 12:44:10.490 I/bt_hwcfg(  816): bt vendor lib: set HOST UART baud 1500000
04-24 12:44:10.490 I/bt_userial_vendor(  816): userial_vendor_set_baud++
04-24 12:44:10.500 I/bt_userial_vendor(  816): userial_vendor_set_baud--
04-24 12:44:10.510 D/Tethering(  385): InitialState.processMessage what=4
04-24 12:44:10.520 D/Tethering(  385): sendTetherStateChangedBroadcast 0, 0, 0
04-24 12:44:10.600 I/bt_hwcfg(  816): bt vendor lib: HW_CFG_DL_FW_PATCH status:0, opcode:fc17
04-24 12:44:10.600 I/bt_hwcfg(  816): iCurIndex = 0, iCurLen = 252
04-24 12:44:10.600 I/bt_hwcfg(  816): hw_cfg_cb.state = 5
04-24 12:44:10.600 I/bt_hwcfg(  816): bt vendor lib: HW_CFG_DL_FW_PATCH status:0, opcode:fc20
04-24 12:44:10.600 I/bt_hwcfg(  816): bt vendor lib: HW_CFG_DL_FW_PATCH status:0, iIndexRx:0
04-24 12:44:10.600 I/bt_hwcfg(  816): iCurIndex = 1, iCurLen = 252
04-24 12:44:10.600 I/bt_hwcfg(  816): hw_cfg_cb.state = 5
04-24 12:44:10.600 I/bt_hwcfg(  816): bt vendor lib: HW_CFG_DL_FW_PATCH status:0, opcode:fc20
04-24 12:44:10.600 I/bt_hwcfg(  816): bt vendor lib: HW_CFG_DL_FW_PATCH status:0, iIndexRx:1
04-24 12:44:10.600 I/bt_hwcfg(  816): iCurIndex = 2, iCurLen = 252
04-24 12:44:10.600 W/WifiNormalizer(  661): No specific device detected. Offset set to -7.
04-24 12:44:10.600 I/bt_hwcfg(  816): hw_cfg_cb.state = 5
04-24 12:44:10.600 I/bt_hwcfg(  816): bt vendor lib: HW_CFG_DL_FW_PATCH status:0, opcode:fc20
04-24 12:44:10.600 I/bt_hwcfg(  816): bt vendor lib: HW_CFG_DL_FW_PATCH status:0, iIndexRx:2
04-24 12:44:10.600 I/bt_hwcfg(  816): iCurIndex = 3, iCurLen = 252
04-24 12:44:10.610 I/bt_hwcfg(  816): hw_cfg_cb.state = 5
04-24 12:44:10.610 I/bt_hwcfg(  816): bt vendor lib: HW_CFG_DL_FW_PATCH status:0, opcode:fc20
04-24 12:44:10.610 I/bt_hwcfg(  816): bt vendor lib: HW_CFG_DL_FW_PATCH status:0, iIndexRx:3
04-24 12:44:10.610 I/bt_hwcfg(  816): iCurIndex = 4, iCurLen = 252
04-24 12:44:10.610 I/bt_hwcfg(  816): hw_cfg_cb.state = 5
04-24 12:44:10.610 I/bt_hwcfg(  816): bt vendor lib: HW_CFG_DL_FW_PATCH status:0, opcode:fc20
04-24 12:44:10.610 I/bt_hwcfg(  816): bt vendor lib: HW_CFG_DL_FW_PATCH status:0, iIndexRx:4
04-24 12:44:10.610 I/bt_hwcfg(  816): iCurIndex = 5, iCurLen = 252
04-24 12:44:10.610 I/bt_hwcfg(  816): hw_cfg_cb.state = 5
04-24 12:44:10.610 I/bt_hwcfg(  816): bt vendor lib: HW_CFG_DL_FW_PATCH status:0, opcode:fc20
04-24 12:44:10.610 I/bt_hwcfg(  816): bt vendor lib: HW_CFG_DL_FW_PATCH status:0, iIndexRx:5
04-24 12:44:10.610 I/bt_hwcfg(  816): iCurIndex = 6, iCurLen = 252
04-24 12:44:10.620 I/bt_hwcfg(  816): hw_cfg_cb.state = 5
04-24 12:44:10.620 I/bt_hwcfg(  816): bt vendor lib: HW_CFG_DL_FW_PATCH status:0, opcode:fc20
04-24 12:44:10.620 I/bt_hwcfg(  816): bt vendor lib: HW_CFG_DL_FW_PATCH status:0, iIndexRx:6
04-24 12:44:10.620 I/bt_hwcfg(  816): iCurIndex = 7, iCurLen = 252
04-24 12:44:10.620 I/bt_hwcfg(  816): hw_cfg_cb.state = 5
04-24 12:44:10.620 I/bt_hwcfg(  816): bt vendor lib: HW_CFG_DL_FW_PATCH status:0, opcode:fc20
04-24 12:44:10.620 I/bt_hwcfg(  816): bt vendor lib: HW_CFG_DL_FW_PATCH status:0, iIndexRx:7
04-24 12:44:10.620 I/bt_hwcfg(  816): iCurIndex = 8, iCurLen = 252
04-24 12:44:10.620 I/bt_hwcfg(  816): hw_cfg_cb.state = 5
04-24 12:44:10.620 I/bt_hwcfg(  816): bt vendor lib: HW_CFG_DL_FW_PATCH status:0, opcode:fc20
04-24 12:44:10.620 I/bt_hwcfg(  816): bt vendor lib: HW_CFG_DL_FW_PATCH status:0, iIndexRx:8
04-24 12:44:10.620 I/bt_hwcfg(  816): iCurIndex = 9, iCurLen = 252
04-24 12:44:10.630 I/bt_hwcfg(  816): hw_cfg_cb.state = 5
04-24 12:44:10.630 I/bt_hwcfg(  816): bt vendor lib: HW_CFG_DL_FW_PATCH status:0, opcode:fc20
04-24 12:44:10.630 I/bt_hwcfg(  816): bt vendor lib: HW_CFG_DL_FW_PATCH status:0, iIndexRx:9
04-24 12:44:10.630 I/bt_hwcfg(  816): iCurIndex = 10, iCurLen = 252
04-24 12:44:10.630 I/bt_hwcfg(  816): hw_cfg_cb.state = 5
04-24 12:44:10.630 I/bt_hwcfg(  816): bt vendor lib: HW_CFG_DL_FW_PATCH status:0, opcode:fc20
04-24 12:44:10.630 I/bt_hwcfg(  816): bt vendor lib: HW_CFG_DL_FW_PATCH status:0, iIndexRx:10
04-24 12:44:10.630 I/bt_hwcfg(  816): iCurIndex = 11, iCurLen = 252
04-24 12:44:10.630 I/bt_hwcfg(  816): hw_cfg_cb.state = 5
04-24 12:44:10.630 I/bt_hwcfg(  816): bt vendor lib: HW_CFG_DL_FW_PATCH status:0, opcode:fc20
04-24 12:44:10.630 I/bt_hwcfg(  816): bt vendor lib: HW_CFG_DL_FW_PATCH status:0, iIndexRx:11
04-24 12:44:10.630 I/bt_hwcfg(  816): iCurIndex = 12, iCurLen = 252
04-24 12:44:10.640 I/bt_hwcfg(  816): hw_cfg_cb.state = 5
04-24 12:44:10.640 I/bt_hwcfg(  816): bt vendor lib: HW_CFG_DL_FW_PATCH status:0, opcode:fc20
04-24 12:44:10.640 I/bt_hwcfg(  816): bt vendor lib: HW_CFG_DL_FW_PATCH status:0, iIndexRx:12
04-24 12:44:10.640 I/bt_hwcfg(  816): iCurIndex = 13, iCurLen = 252
04-24 12:44:10.640 I/bt_hwcfg(  816): hw_cfg_cb.state = 5
04-24 12:44:10.640 I/bt_hwcfg(  816): bt vendor lib: HW_CFG_DL_FW_PATCH status:0, opcode:fc20
04-24 12:44:10.640 I/bt_hwcfg(  816): bt vendor lib: HW_CFG_DL_FW_PATCH status:0, iIndexRx:13
04-24 12:44:10.640 I/bt_hwcfg(  816): iCurIndex = 14, iCurLen = 252
04-24 12:44:10.640 I/bt_hwcfg(  816): hw_cfg_cb.state = 5
04-24 12:44:10.640 I/bt_hwcfg(  816): bt vendor lib: HW_CFG_DL_FW_PATCH status:0, opcode:fc20
04-24 12:44:10.640 I/bt_hwcfg(  816): bt vendor lib: HW_CFG_DL_FW_PATCH status:0, iIndexRx:14
04-24 12:44:10.640 I/bt_hwcfg(  816): iCurIndex = 15, iCurLen = 252
04-24 12:44:10.650 I/bt_hwcfg(  816): hw_cfg_cb.state = 5
04-24 12:44:10.650 I/bt_hwcfg(  816): bt vendor lib: HW_CFG_DL_FW_PATCH status:0, opcode:fc20
04-24 12:44:10.650 I/bt_hwcfg(  816): bt vendor lib: HW_CFG_DL_FW_PATCH status:0, iIndexRx:15
04-24 12:44:10.650 I/bt_hwcfg(  816): iCurIndex = 16, iCurLen = 252
04-24 12:44:10.650 I/bt_hwcfg(  816): hw_cfg_cb.state = 5
04-24 12:44:10.650 I/bt_hwcfg(  816): bt vendor lib: HW_CFG_DL_FW_PATCH status:0, opcode:fc20
04-24 12:44:10.650 I/bt_hwcfg(  816): bt vendor lib: HW_CFG_DL_FW_PATCH status:0, iIndexRx:16
04-24 12:44:10.650 I/bt_hwcfg(  816): iCurIndex = 17, iCurLen = 252
04-24 12:44:10.650 I/bt_hwcfg(  816): hw_cfg_cb.state = 5
04-24 12:44:10.650 I/bt_hwcfg(  816): bt vendor lib: HW_CFG_DL_FW_PATCH status:0, opcode:fc20
04-24 12:44:10.650 I/bt_hwcfg(  816): bt vendor lib: HW_CFG_DL_FW_PATCH status:0, iIndexRx:17
04-24 12:44:10.650 I/bt_hwcfg(  816): iCurIndex = 18, iCurLen = 252
04-24 12:44:10.650 I/bt_hwcfg(  816): hw_cfg_cb.state = 5
04-24 12:44:10.650 I/bt_hwcfg(  816): bt vendor lib: HW_CFG_DL_FW_PATCH status:0, opcode:fc20
04-24 12:44:10.650 I/bt_hwcfg(  816): bt vendor lib: HW_CFG_DL_FW_PATCH status:0, iIndexRx:18
04-24 12:44:10.650 I/bt_hwcfg(  816): iCurIndex = 19, iCurLen = 252
04-24 12:44:10.660 I/bt_hwcfg(  816): hw_cfg_cb.state = 5
04-24 12:44:10.660 I/bt_hwcfg(  816): bt vendor lib: HW_CFG_DL_FW_PATCH status:0, opcode:fc20
04-24 12:44:10.660 I/bt_hwcfg(  816): bt vendor lib: HW_CFG_DL_FW_PATCH status:0, iIndexRx:19
04-24 12:44:10.660 I/bt_hwcfg(  816): iCurIndex = 20, iCurLen = 252
04-24 12:44:10.660 I/bt_hwcfg(  816): hw_cfg_cb.state = 5
04-24 12:44:10.660 I/bt_hwcfg(  816): bt vendor lib: HW_CFG_DL_FW_PATCH status:0, opcode:fc20
04-24 12:44:10.660 I/bt_hwcfg(  816): bt vendor lib: HW_CFG_DL_FW_PATCH status:0, iIndexRx:20
04-24 12:44:10.660 I/bt_hwcfg(  816): iCurIndex = 21, iCurLen = 252
04-24 12:44:10.660 I/bt_hwcfg(  816): hw_cfg_cb.state = 5
04-24 12:44:10.660 I/bt_hwcfg(  816): bt vendor lib: HW_CFG_DL_FW_PATCH status:0, opcode:fc20
04-24 12:44:10.660 I/bt_hwcfg(  816): bt vendor lib: HW_CFG_DL_FW_PATCH status:0, iIndexRx:21
04-24 12:44:10.660 I/bt_hwcfg(  816): iCurIndex = 22, iCurLen = 252
04-24 12:44:10.670 I/bt_hwcfg(  816): hw_cfg_cb.state = 5
04-24 12:44:10.670 I/bt_hwcfg(  816): bt vendor lib: HW_CFG_DL_FW_PATCH status:0, opcode:fc20
04-24 12:44:10.670 I/bt_hwcfg(  816): bt vendor lib: HW_CFG_DL_FW_PATCH status:0, iIndexRx:22
04-24 12:44:10.670 I/bt_hwcfg(  816): iCurIndex = 23, iCurLen = 252
04-24 12:44:10.670 I/bt_hwcfg(  816): hw_cfg_cb.state = 5
04-24 12:44:10.670 I/bt_hwcfg(  816): bt vendor lib: HW_CFG_DL_FW_PATCH status:0, opcode:fc20
04-24 12:44:10.670 I/bt_hwcfg(  816): bt vendor lib: HW_CFG_DL_FW_PATCH status:0, iIndexRx:23
04-24 12:44:10.670 I/bt_hwcfg(  816): iCurIndex = 24, iCurLen = 252
04-24 12:44:10.670 I/bt_hwcfg(  816): hw_cfg_cb.state = 5
04-24 12:44:10.670 I/bt_hwcfg(  816): bt vendor lib: HW_CFG_DL_FW_PATCH status:0, opcode:fc20
04-24 12:44:10.670 I/bt_hwcfg(  816): bt vendor lib: HW_CFG_DL_FW_PATCH status:0, iIndexRx:24
04-24 12:44:10.670 I/bt_hwcfg(  816): iCurIndex = 25, iCurLen = 252
04-24 12:44:10.670 I/bt_hwcfg(  816): hw_cfg_cb.state = 5
04-24 12:44:10.670 I/bt_hwcfg(  816): bt vendor lib: HW_CFG_DL_FW_PATCH status:0, opcode:fc20
04-24 12:44:10.670 I/bt_hwcfg(  816): bt vendor lib: HW_CFG_DL_FW_PATCH status:0, iIndexRx:25
04-24 12:44:10.670 I/bt_hwcfg(  816): iCurIndex = 26, iCurLen = 252
04-24 12:44:10.680 I/bt_hwcfg(  816): hw_cfg_cb.state = 5
04-24 12:44:10.680 I/bt_hwcfg(  816): bt vendor lib: HW_CFG_DL_FW_PATCH status:0, opcode:fc20
04-24 12:44:10.680 I/bt_hwcfg(  816): bt vendor lib: HW_CFG_DL_FW_PATCH status:0, iIndexRx:26
04-24 12:44:10.680 I/bt_hwcfg(  816): iCurIndex = 27, iCurLen = 252
04-24 12:44:10.680 I/bt_hwcfg(  816): hw_cfg_cb.state = 5
04-24 12:44:10.680 I/bt_hwcfg(  816): bt vendor lib: HW_CFG_DL_FW_PATCH status:0, opcode:fc20
04-24 12:44:10.680 I/bt_hwcfg(  816): bt vendor lib: HW_CFG_DL_FW_PATCH status:0, iIndexRx:27
04-24 12:44:10.680 I/bt_hwcfg(  816): iCurIndex = 28, iCurLen = 252
04-24 12:44:10.680 I/bt_hwcfg(  816): hw_cfg_cb.state = 5
04-24 12:44:10.680 I/bt_hwcfg(  816): bt vendor lib: HW_CFG_DL_FW_PATCH status:0, opcode:fc20
04-24 12:44:10.680 I/bt_hwcfg(  816): bt vendor lib: HW_CFG_DL_FW_PATCH status:0, iIndexRx:28
04-24 12:44:10.680 I/bt_hwcfg(  816): iCurIndex = 29, iCurLen = 252
04-24 12:44:10.690 I/bt_hwcfg(  816): hw_cfg_cb.state = 5
04-24 12:44:10.690 I/bt_hwcfg(  816): bt vendor lib: HW_CFG_DL_FW_PATCH status:0, opcode:fc20
04-24 12:44:10.690 I/bt_hwcfg(  816): bt vendor lib: HW_CFG_DL_FW_PATCH status:0, iIndexRx:29
04-24 12:44:10.690 I/bt_hwcfg(  816): iCurIndex = 30, iCurLen = 252
04-24 12:44:10.690 I/bt_hwcfg(  816): hw_cfg_cb.state = 5
04-24 12:44:10.690 I/bt_hwcfg(  816): bt vendor lib: HW_CFG_DL_FW_PATCH status:0, opcode:fc20
04-24 12:44:10.690 I/bt_hwcfg(  816): bt vendor lib: HW_CFG_DL_FW_PATCH status:0, iIndexRx:30
04-24 12:44:10.690 I/bt_hwcfg(  816): iCurIndex = 31, iCurLen = 252
04-24 12:44:10.690 I/bt_hwcfg(  816): hw_cfg_cb.state = 5
04-24 12:44:10.690 I/bt_hwcfg(  816): bt vendor lib: HW_CFG_DL_FW_PATCH status:0, opcode:fc20
04-24 12:44:10.690 I/bt_hwcfg(  816): bt vendor lib: HW_CFG_DL_FW_PATCH status:0, iIndexRx:31
04-24 12:44:10.690 I/bt_hwcfg(  816): iCurIndex = 32, iCurLen = 252
04-24 12:44:10.700 I/bt_hwcfg(  816): hw_cfg_cb.state = 5
04-24 12:44:10.700 I/bt_hwcfg(  816): bt vendor lib: HW_CFG_DL_FW_PATCH status:0, opcode:fc20
04-24 12:44:10.700 I/bt_hwcfg(  816): bt vendor lib: HW_CFG_DL_FW_PATCH status:0, iIndexRx:32
04-24 12:44:10.700 I/bt_hwcfg(  816): iCurIndex = 33, iCurLen = 252
04-24 12:44:10.700 I/bt_hwcfg(  816): hw_cfg_cb.state = 5
04-24 12:44:10.700 I/bt_hwcfg(  816): bt vendor lib: HW_CFG_DL_FW_PATCH status:0, opcode:fc20
04-24 12:44:10.700 I/bt_hwcfg(  816): bt vendor lib: HW_CFG_DL_FW_PATCH status:0, iIndexRx:33
04-24 12:44:10.700 I/bt_hwcfg(  816): iCurIndex = 34, iCurLen = 252
04-24 12:44:10.700 I/bt_hwcfg(  816): hw_cfg_cb.state = 5
04-24 12:44:10.700 I/bt_hwcfg(  816): bt vendor lib: HW_CFG_DL_FW_PATCH status:0, opcode:fc20
04-24 12:44:10.700 I/bt_hwcfg(  816): bt vendor lib: HW_CFG_DL_FW_PATCH status:0, iIndexRx:34
04-24 12:44:10.700 I/bt_hwcfg(  816): iCurIndex = 35, iCurLen = 252
04-24 12:44:10.710 I/bt_hwcfg(  816): hw_cfg_cb.state = 5
04-24 12:44:10.710 I/bt_hwcfg(  816): bt vendor lib: HW_CFG_DL_FW_PATCH status:0, opcode:fc20
04-24 12:44:10.710 I/bt_hwcfg(  816): bt vendor lib: HW_CFG_DL_FW_PATCH status:0, iIndexRx:35
04-24 12:44:10.710 I/bt_hwcfg(  816): iCurIndex = 36, iCurLen = 252
04-24 12:44:10.710 I/bt_hwcfg(  816): hw_cfg_cb.state = 5
04-24 12:44:10.710 I/bt_hwcfg(  816): bt vendor lib: HW_CFG_DL_FW_PATCH status:0, opcode:fc20
04-24 12:44:10.710 I/bt_hwcfg(  816): bt vendor lib: HW_CFG_DL_FW_PATCH status:0, iIndexRx:36
04-24 12:44:10.710 I/bt_hwcfg(  816): iCurIndex = 37, iCurLen = 252
04-24 12:44:10.710 I/bt_hwcfg(  816): hw_cfg_cb.state = 5
04-24 12:44:10.710 I/bt_hwcfg(  816): bt vendor lib: HW_CFG_DL_FW_PATCH status:0, opcode:fc20
04-24 12:44:10.710 I/bt_hwcfg(  816): bt vendor lib: HW_CFG_DL_FW_PATCH status:0, iIndexRx:37
04-24 12:44:10.710 I/bt_hwcfg(  816): iCurIndex = 38, iCurLen = 252
04-24 12:44:10.710 I/bt_hwcfg(  816): hw_cfg_cb.state = 5
04-24 12:44:10.710 I/bt_hwcfg(  816): bt vendor lib: HW_CFG_DL_FW_PATCH status:0, opcode:fc20
04-24 12:44:10.710 I/bt_hwcfg(  816): bt vendor lib: HW_CFG_DL_FW_PATCH status:0, iIndexRx:38
04-24 12:44:10.710 I/bt_hwcfg(  816): iCurIndex = 39, iCurLen = 252
04-24 12:44:10.720 I/bt_hwcfg(  816): hw_cfg_cb.state = 5
04-24 12:44:10.720 I/bt_hwcfg(  816): bt vendor lib: HW_CFG_DL_FW_PATCH status:0, opcode:fc20
04-24 12:44:10.720 I/bt_hwcfg(  816): bt vendor lib: HW_CFG_DL_FW_PATCH status:0, iIndexRx:39
04-24 12:44:10.720 I/bt_hwcfg(  816): iCurIndex = 40, iCurLen = 252
04-24 12:44:10.720 I/bt_hwcfg(  816): hw_cfg_cb.state = 5
04-24 12:44:10.720 I/bt_hwcfg(  816): bt vendor lib: HW_CFG_DL_FW_PATCH status:0, opcode:fc20
04-24 12:44:10.720 I/bt_hwcfg(  816): bt vendor lib: HW_CFG_DL_FW_PATCH status:0, iIndexRx:40
04-24 12:44:10.720 I/bt_hwcfg(  816): iCurIndex = 41, iCurLen = 252
04-24 12:44:10.720 I/bt_hwcfg(  816): hw_cfg_cb.state = 5
04-24 12:44:10.720 I/bt_hwcfg(  816): bt vendor lib: HW_CFG_DL_FW_PATCH status:0, opcode:fc20
04-24 12:44:10.720 I/bt_hwcfg(  816): bt vendor lib: HW_CFG_DL_FW_PATCH status:0, iIndexRx:41
04-24 12:44:10.720 I/bt_hwcfg(  816): iCurIndex = 42, iCurLen = 252
04-24 12:44:10.730 I/bt_hwcfg(  816): hw_cfg_cb.state = 5
04-24 12:44:10.730 I/bt_hwcfg(  816): bt vendor lib: HW_CFG_DL_FW_PATCH status:0, opcode:fc20
04-24 12:44:10.730 I/bt_hwcfg(  816): bt vendor lib: HW_CFG_DL_FW_PATCH status:0, iIndexRx:42
04-24 12:44:10.730 I/bt_hwcfg(  816): iCurIndex = 43, iCurLen = 252
04-24 12:44:10.730 I/bt_hwcfg(  816): hw_cfg_cb.state = 5
04-24 12:44:10.730 I/bt_hwcfg(  816): bt vendor lib: HW_CFG_DL_FW_PATCH status:0, opcode:fc20
04-24 12:44:10.730 I/bt_hwcfg(  816): bt vendor lib: HW_CFG_DL_FW_PATCH status:0, iIndexRx:43
04-24 12:44:10.730 I/bt_hwcfg(  816): iCurIndex = 44, iCurLen = 252
04-24 12:44:10.730 I/bt_hwcfg(  816): hw_cfg_cb.state = 5
04-24 12:44:10.730 I/bt_hwcfg(  816): bt vendor lib: HW_CFG_DL_FW_PATCH status:0, opcode:fc20
04-24 12:44:10.730 I/bt_hwcfg(  816): bt vendor lib: HW_CFG_DL_FW_PATCH status:0, iIndexRx:44
04-24 12:44:10.730 I/bt_hwcfg(  816): iCurIndex = 45, iCurLen = 252
04-24 12:44:10.730 I/bt_hwcfg(  816): hw_cfg_cb.state = 5
04-24 12:44:10.730 I/bt_hwcfg(  816): bt vendor lib: HW_CFG_DL_FW_PATCH status:0, opcode:fc20
04-24 12:44:10.730 I/bt_hwcfg(  816): bt vendor lib: HW_CFG_DL_FW_PATCH status:0, iIndexRx:45
04-24 12:44:10.730 I/bt_hwcfg(  816): iCurIndex = 46, iCurLen = 252
04-24 12:44:10.740 I/bt_hwcfg(  816): hw_cfg_cb.state = 5
04-24 12:44:10.740 I/bt_hwcfg(  816): bt vendor lib: HW_CFG_DL_FW_PATCH status:0, opcode:fc20
04-24 12:44:10.740 I/bt_hwcfg(  816): bt vendor lib: HW_CFG_DL_FW_PATCH status:0, iIndexRx:46
04-24 12:44:10.740 I/bt_hwcfg(  816): iCurIndex = 47, iCurLen = 252
04-24 12:44:10.740 I/bt_hwcfg(  816): hw_cfg_cb.state = 5
04-24 12:44:10.740 I/bt_hwcfg(  816): bt vendor lib: HW_CFG_DL_FW_PATCH status:0, opcode:fc20
04-24 12:44:10.740 I/bt_hwcfg(  816): bt vendor lib: HW_CFG_DL_FW_PATCH status:0, iIndexRx:47
04-24 12:44:10.740 I/bt_hwcfg(  816): iCurIndex = 48, iCurLen = 252
04-24 12:44:10.740 I/bt_hwcfg(  816): hw_cfg_cb.state = 5
04-24 12:44:10.740 I/bt_hwcfg(  816): bt vendor lib: HW_CFG_DL_FW_PATCH status:0, opcode:fc20
04-24 12:44:10.740 I/bt_hwcfg(  816): bt vendor lib: HW_CFG_DL_FW_PATCH status:0, iIndexRx:48
04-24 12:44:10.740 I/bt_hwcfg(  816): iCurIndex = 49, iCurLen = 252
04-24 12:44:10.750 I/bt_hwcfg(  816): hw_cfg_cb.state = 5
04-24 12:44:10.750 I/bt_hwcfg(  816): bt vendor lib: HW_CFG_DL_FW_PATCH status:0, opcode:fc20
04-24 12:44:10.750 I/bt_hwcfg(  816): bt vendor lib: HW_CFG_DL_FW_PATCH status:0, iIndexRx:49
04-24 12:44:10.750 I/bt_hwcfg(  816): iCurIndex = 50, iCurLen = 252
04-24 12:44:10.750 I/bt_hwcfg(  816): hw_cfg_cb.state = 5
04-24 12:44:10.750 I/bt_hwcfg(  816): bt vendor lib: HW_CFG_DL_FW_PATCH status:0, opcode:fc20
04-24 12:44:10.750 I/bt_hwcfg(  816): bt vendor lib: HW_CFG_DL_FW_PATCH status:0, iIndexRx:50
04-24 12:44:10.750 I/bt_hwcfg(  816): iCurIndex = 51, iCurLen = 252
04-24 12:44:10.750 I/bt_hwcfg(  816): hw_cfg_cb.state = 5
04-24 12:44:10.750 I/bt_hwcfg(  816): bt vendor lib: HW_CFG_DL_FW_PATCH status:0, opcode:fc20
04-24 12:44:10.750 I/bt_hwcfg(  816): bt vendor lib: HW_CFG_DL_FW_PATCH status:0, iIndexRx:51
04-24 12:44:10.750 I/bt_hwcfg(  816): iCurIndex = 52, iCurLen = 252
04-24 12:44:10.750 I/bt_hwcfg(  816): hw_cfg_cb.state = 5
04-24 12:44:10.750 I/bt_hwcfg(  816): bt vendor lib: HW_CFG_DL_FW_PATCH status:0, opcode:fc20
04-24 12:44:10.750 I/bt_hwcfg(  816): bt vendor lib: HW_CFG_DL_FW_PATCH status:0, iIndexRx:52
04-24 12:44:10.750 I/bt_hwcfg(  816): iCurIndex = 53, iCurLen = 252
04-24 12:44:10.760 I/bt_hwcfg(  816): hw_cfg_cb.state = 5
04-24 12:44:10.760 I/bt_hwcfg(  816): bt vendor lib: HW_CFG_DL_FW_PATCH status:0, opcode:fc20
04-24 12:44:10.760 I/bt_hwcfg(  816): bt vendor lib: HW_CFG_DL_FW_PATCH status:0, iIndexRx:53
04-24 12:44:10.760 I/bt_hwcfg(  816): iCurIndex = 54, iCurLen = 252
04-24 12:44:10.760 I/bt_hwcfg(  816): hw_cfg_cb.state = 5
04-24 12:44:10.760 I/bt_hwcfg(  816): bt vendor lib: HW_CFG_DL_FW_PATCH status:0, opcode:fc20
04-24 12:44:10.760 I/bt_hwcfg(  816): bt vendor lib: HW_CFG_DL_FW_PATCH status:0, iIndexRx:54
04-24 12:44:10.760 I/bt_hwcfg(  816): iCurIndex = 55, iCurLen = 252
04-24 12:44:10.760 I/bt_hwcfg(  816): hw_cfg_cb.state = 5
04-24 12:44:10.760 I/bt_hwcfg(  816): bt vendor lib: HW_CFG_DL_FW_PATCH status:0, opcode:fc20
04-24 12:44:10.760 I/bt_hwcfg(  816): bt vendor lib: HW_CFG_DL_FW_PATCH status:0, iIndexRx:55
04-24 12:44:10.760 I/bt_hwcfg(  816): iCurIndex = 56, iCurLen = 252
04-24 12:44:10.770 I/bt_hwcfg(  816): hw_cfg_cb.state = 5
04-24 12:44:10.770 I/bt_hwcfg(  816): bt vendor lib: HW_CFG_DL_FW_PATCH status:0, opcode:fc20
04-24 12:44:10.770 I/bt_hwcfg(  816): bt vendor lib: HW_CFG_DL_FW_PATCH status:0, iIndexRx:56
04-24 12:44:10.770 I/bt_hwcfg(  816): iCurIndex = 57, iCurLen = 252
04-24 12:44:10.770 I/bt_hwcfg(  816): hw_cfg_cb.state = 5
04-24 12:44:10.770 I/bt_hwcfg(  816): bt vendor lib: HW_CFG_DL_FW_PATCH status:0, opcode:fc20
04-24 12:44:10.770 I/bt_hwcfg(  816): bt vendor lib: HW_CFG_DL_FW_PATCH status:0, iIndexRx:57
04-24 12:44:10.770 I/bt_hwcfg(  816): iCurIndex = 58, iCurLen = 252
04-24 12:44:10.770 I/bt_hwcfg(  816): hw_cfg_cb.state = 5
04-24 12:44:10.770 I/bt_hwcfg(  816): bt vendor lib: HW_CFG_DL_FW_PATCH status:0, opcode:fc20
04-24 12:44:10.770 I/bt_hwcfg(  816): bt vendor lib: HW_CFG_DL_FW_PATCH status:0, iIndexRx:58
04-24 12:44:10.770 I/bt_hwcfg(  816): iCurIndex = 59, iCurLen = 252
04-24 12:44:10.770 I/bt_hwcfg(  816): hw_cfg_cb.state = 5
04-24 12:44:10.770 I/bt_hwcfg(  816): bt vendor lib: HW_CFG_DL_FW_PATCH status:0, opcode:fc20
04-24 12:44:10.770 I/bt_hwcfg(  816): bt vendor lib: HW_CFG_DL_FW_PATCH status:0, iIndexRx:59
04-24 12:44:10.770 I/bt_hwcfg(  816): iCurIndex = 60, iCurLen = 252
04-24 12:44:10.780 I/bt_hwcfg(  816): hw_cfg_cb.state = 5
04-24 12:44:10.780 I/bt_hwcfg(  816): bt vendor lib: HW_CFG_DL_FW_PATCH status:0, opcode:fc20
04-24 12:44:10.780 I/bt_hwcfg(  816): bt vendor lib: HW_CFG_DL_FW_PATCH status:0, iIndexRx:60
04-24 12:44:10.780 I/bt_hwcfg(  816): iCurIndex = 61, iCurLen = 252
04-24 12:44:10.780 I/bt_hwcfg(  816): hw_cfg_cb.state = 5
04-24 12:44:10.780 I/bt_hwcfg(  816): bt vendor lib: HW_CFG_DL_FW_PATCH status:0, opcode:fc20
04-24 12:44:10.780 I/bt_hwcfg(  816): bt vendor lib: HW_CFG_DL_FW_PATCH status:0, iIndexRx:61
04-24 12:44:10.780 I/bt_hwcfg(  816): iCurIndex = 62, iCurLen = 252
04-24 12:44:10.780 D/BluetoothInputDevice(  901): Proxy object connected
04-24 12:44:10.780 I/bt_hwcfg(  816): hw_cfg_cb.state = 5
04-24 12:44:10.780 I/bt_hwcfg(  816): bt vendor lib: HW_CFG_DL_FW_PATCH status:0, opcode:fc20
04-24 12:44:10.780 I/bt_hwcfg(  816): bt vendor lib: HW_CFG_DL_FW_PATCH status:0, iIndexRx:62
04-24 12:44:10.780 I/bt_hwcfg(  816): iCurIndex = 63, iCurLen = 252
04-24 12:44:10.780 D/HidProfile(  901): Bluetooth service connected
04-24 12:44:10.790 I/bt_hwcfg(  816): hw_cfg_cb.state = 5
04-24 12:44:10.790 I/bt_hwcfg(  816): bt vendor lib: HW_CFG_DL_FW_PATCH status:0, opcode:fc20
04-24 12:44:10.790 I/bt_hwcfg(  816): bt vendor lib: HW_CFG_DL_FW_PATCH status:0, iIndexRx:63
04-24 12:44:10.790 I/bt_hwcfg(  816): iCurIndex = 64, iCurLen = 252
04-24 12:44:10.790 I/bt_hwcfg(  816): hw_cfg_cb.state = 5
04-24 12:44:10.790 I/bt_hwcfg(  816): bt vendor lib: HW_CFG_DL_FW_PATCH status:0, opcode:fc20
04-24 12:44:10.790 I/bt_hwcfg(  816): bt vendor lib: HW_CFG_DL_FW_PATCH status:0, iIndexRx:64
04-24 12:44:10.790 I/bt_hwcfg(  816): iCurIndex = 65, iCurLen = 252
04-24 12:44:10.790 I/bt_hwcfg(  816): hw_cfg_cb.state = 5
04-24 12:44:10.790 I/bt_hwcfg(  816): bt vendor lib: HW_CFG_DL_FW_PATCH status:0, opcode:fc20
04-24 12:44:10.790 I/bt_hwcfg(  816): bt vendor lib: HW_CFG_DL_FW_PATCH status:0, iIndexRx:65
04-24 12:44:10.790 I/bt_hwcfg(  816): iCurIndex = 66, iCurLen = 252
04-24 12:44:10.790 I/bt_hwcfg(  816): hw_cfg_cb.state = 5
04-24 12:44:10.790 I/bt_hwcfg(  816): bt vendor lib: HW_CFG_DL_FW_PATCH status:0, opcode:fc20
04-24 12:44:10.790 I/bt_hwcfg(  816): bt vendor lib: HW_CFG_DL_FW_PATCH status:0, iIndexRx:66
04-24 12:44:10.790 I/bt_hwcfg(  816): iCurIndex = 67, iCurLen = 252
04-24 12:44:10.800 I/bt_hwcfg(  816): hw_cfg_cb.state = 5
04-24 12:44:10.800 I/bt_hwcfg(  816): bt vendor lib: HW_CFG_DL_FW_PATCH status:0, opcode:fc20
04-24 12:44:10.800 I/bt_hwcfg(  816): bt vendor lib: HW_CFG_DL_FW_PATCH status:0, iIndexRx:67
04-24 12:44:10.800 I/bt_hwcfg(  816): iCurIndex = 68, iCurLen = 252
04-24 12:44:10.800 I/bt_hwcfg(  816): hw_cfg_cb.state = 5
04-24 12:44:10.800 I/bt_hwcfg(  816): bt vendor lib: HW_CFG_DL_FW_PATCH status:0, opcode:fc20
04-24 12:44:10.800 I/bt_hwcfg(  816): bt vendor lib: HW_CFG_DL_FW_PATCH status:0, iIndexRx:68
04-24 12:44:10.800 I/bt_hwcfg(  816): iCurIndex = 69, iCurLen = 252
04-24 12:44:10.800 I/bt_hwcfg(  816): hw_cfg_cb.state = 5
04-24 12:44:10.800 I/bt_hwcfg(  816): bt vendor lib: HW_CFG_DL_FW_PATCH status:0, opcode:fc20
04-24 12:44:10.800 I/bt_hwcfg(  816): bt vendor lib: HW_CFG_DL_FW_PATCH status:0, iIndexRx:69
04-24 12:44:10.800 I/bt_hwcfg(  816): iCurIndex = 70, iCurLen = 252
04-24 12:44:10.810 I/bt_hwcfg(  816): hw_cfg_cb.state = 5
04-24 12:44:10.810 I/bt_hwcfg(  816): bt vendor lib: HW_CFG_DL_FW_PATCH status:0, opcode:fc20
04-24 12:44:10.810 I/bt_hwcfg(  816): bt vendor lib: HW_CFG_DL_FW_PATCH status:0, iIndexRx:70
04-24 12:44:10.810 I/bt_hwcfg(  816): iCurIndex = 71, iCurLen = 252
04-24 12:44:10.810 I/bt_hwcfg(  816): hw_cfg_cb.state = 5
04-24 12:44:10.810 I/bt_hwcfg(  816): bt vendor lib: HW_CFG_DL_FW_PATCH status:0, opcode:fc20
04-24 12:44:10.810 I/bt_hwcfg(  816): bt vendor lib: HW_CFG_DL_FW_PATCH status:0, iIndexRx:71
04-24 12:44:10.810 I/bt_hwcfg(  816): iCurIndex = 72, iCurLen = 252
04-24 12:44:10.810 I/bt_hwcfg(  816): hw_cfg_cb.state = 5
04-24 12:44:10.810 I/bt_hwcfg(  816): bt vendor lib: HW_CFG_DL_FW_PATCH status:0, opcode:fc20
04-24 12:44:10.810 I/bt_hwcfg(  816): bt vendor lib: HW_CFG_DL_FW_PATCH status:0, iIndexRx:72
04-24 12:44:10.810 I/bt_hwcfg(  816): iCurIndex = 73, iCurLen = 252
04-24 12:44:10.810 I/ActivityManager(  385): Start proc com.google.android.gms for broadcast com.google.android.gms/com.google.android.location.internal.NlpNetworkProviderSettingsUpdateReceiver: pid=928 uid=10008 gids={50008, 3003, 1007, 1028, 1015, 3002, 3001, 1006, 2001, 3006}
04-24 12:44:10.820 I/bt_hwcfg(  816): hw_cfg_cb.state = 5
04-24 12:44:10.820 I/bt_hwcfg(  816): bt vendor lib: HW_CFG_DL_FW_PATCH status:0, opcode:fc20
04-24 12:44:10.820 I/bt_hwcfg(  816): bt vendor lib: HW_CFG_DL_FW_PATCH status:0, iIndexRx:73
04-24 12:44:10.820 I/bt_hwcfg(  816): iCurIndex = 74, iCurLen = 252
04-24 12:44:10.820 I/bt_hwcfg(  816): hw_cfg_cb.state = 5
04-24 12:44:10.820 I/bt_hwcfg(  816): bt vendor lib: HW_CFG_DL_FW_PATCH status:0, opcode:fc20
04-24 12:44:10.820 I/bt_hwcfg(  816): bt vendor lib: HW_CFG_DL_FW_PATCH status:0, iIndexRx:74
04-24 12:44:10.820 I/bt_hwcfg(  816): iCurIndex = 75, iCurLen = 252
04-24 12:44:10.820 I/bt_hwcfg(  816): hw_cfg_cb.state = 5
04-24 12:44:10.820 I/bt_hwcfg(  816): bt vendor lib: HW_CFG_DL_FW_PATCH status:0, opcode:fc20
04-24 12:44:10.820 I/bt_hwcfg(  816): bt vendor lib: HW_CFG_DL_FW_PATCH status:0, iIndexRx:75
04-24 12:44:10.820 I/bt_hwcfg(  816): iCurIndex = 76, iCurLen = 252
04-24 12:44:10.820 I/bt_hwcfg(  816): hw_cfg_cb.state = 5
04-24 12:44:10.820 I/bt_hwcfg(  816): bt vendor lib: HW_CFG_DL_FW_PATCH status:0, opcode:fc20
04-24 12:44:10.820 I/bt_hwcfg(  816): bt vendor lib: HW_CFG_DL_FW_PATCH status:0, iIndexRx:76
04-24 12:44:10.820 I/bt_hwcfg(  816): iCurIndex = 77, iCurLen = 252
04-24 12:44:10.830 I/bt_hwcfg(  816): hw_cfg_cb.state = 5
04-24 12:44:10.830 I/bt_hwcfg(  816): bt vendor lib: HW_CFG_DL_FW_PATCH status:0, opcode:fc20
04-24 12:44:10.830 I/bt_hwcfg(  816): bt vendor lib: HW_CFG_DL_FW_PATCH status:0, iIndexRx:77
04-24 12:44:10.830 I/bt_hwcfg(  816): iCurIndex = 78, iCurLen = 252
04-24 12:44:10.830 I/bt_hwcfg(  816): hw_cfg_cb.state = 5
04-24 12:44:10.830 I/bt_hwcfg(  816): bt vendor lib: HW_CFG_DL_FW_PATCH status:0, opcode:fc20
04-24 12:44:10.830 I/bt_hwcfg(  816): bt vendor lib: HW_CFG_DL_FW_PATCH status:0, iIndexRx:78
04-24 12:44:10.830 I/bt_hwcfg(  816): iCurIndex = 79, iCurLen = 252
04-24 12:44:10.830 I/bt_hwcfg(  816): hw_cfg_cb.state = 5
04-24 12:44:10.830 I/bt_hwcfg(  816): bt vendor lib: HW_CFG_DL_FW_PATCH status:0, opcode:fc20
04-24 12:44:10.830 I/bt_hwcfg(  816): bt vendor lib: HW_CFG_DL_FW_PATCH status:0, iIndexRx:79
04-24 12:44:10.830 I/bt_hwcfg(  816): iCurIndex = 80, iCurLen = 200
04-24 12:44:10.840 I/bt_hwcfg(  816): hw_cfg_cb.state = 5
04-24 12:44:10.840 I/bt_hwcfg(  816): bt vendor lib: HW_CFG_DL_FW_PATCH status:0, opcode:fc20
04-24 12:44:10.840 I/bt_hwcfg(  816): bt vendor lib: HW_CFG_DL_FW_PATCH status:0, iIndexRx:80
04-24 12:44:10.840 I/bt_hwcfg(  816): iCurIndex = 81, iCurLen = 0
04-24 12:44:10.840 I/bt_hwcfg(  816): hw_cfg_cb.state = 5
04-24 12:44:10.840 I/bt_hwcfg(  816): bt vendor lib: HW_CFG_DL_FW_PATCH status:0, opcode:fc20
04-24 12:44:10.840 I/bt_hwcfg(  816): bt vendor lib: HW_CFG_DL_FW_PATCH status:0, iIndexRx:81
04-24 12:44:10.840 I/bt_hwcfg(  816): iCurIndex = 82, iCurLen = 0
04-24 12:44:10.840 I/bt_hwcfg(  816): hw_cfg_cb.state = 5
04-24 12:44:10.840 I/bt_hwcfg(  816): bt vendor lib: HW_CFG_DL_FW_PATCH status:0, opcode:fc20
04-24 12:44:10.840 I/bt_hwcfg(  816): bt vendor lib: HW_CFG_DL_FW_PATCH status:0, iIndexRx:82
04-24 12:44:10.840 I/bt_hwcfg(  816): iCurIndex = 83, iCurLen = 0
04-24 12:44:10.840 I/bt_hwcfg(  816): hw_cfg_cb.state = 5
04-24 12:44:10.840 I/bt_hwcfg(  816): bt vendor lib: HW_CFG_DL_FW_PATCH status:0, opcode:fc20
04-24 12:44:10.840 I/bt_hwcfg(  816): bt vendor lib: HW_CFG_DL_FW_PATCH status:0, iIndexRx:83
04-24 12:44:10.840 I/bt_hwcfg(  816): Send FW last command
04-24 12:44:10.840 I/bt_hwcfg(  816): iCurIndex = 212, iCurLen = 0
04-24 12:44:10.870 W/Settings(  661): Setting airplane_mode_on has moved from android.provider.Settings.System to android.provider.Settings.Global, returning read-only value.
04-24 12:44:10.880 E/Trace   (  928): error opening trace file: No such file or directory (2)
04-24 12:44:10.900 I/MultiDex(  928): load(/data/app/com.google.android.gms-2.apk, forceReload=false)
04-24 12:44:10.990 D/dalvikvm(  928): GC_CONCURRENT freed 177K, 13% free 3792K/4320K, paused 3ms+2ms, total 38ms
04-24 12:44:10.990 D/dalvikvm(  928): WAIT_FOR_CONCURRENT_GC blocked 5ms
04-24 12:44:11.030 D/dalvikvm(  891): GC_CONCURRENT freed 213K, 14% free 3751K/4320K, paused 6ms+2ms, total 51ms
04-24 12:44:11.030 D/dalvikvm(  891): WAIT_FOR_CONCURRENT_GC blocked 17ms
04-24 12:44:11.060 D/dalvikvm(  891): GC_FOR_ALLOC freed 127K, 16% free 3840K/4524K, paused 19ms, total 19ms
04-24 12:44:11.060 I/dalvikvm-heap(  891): Grow heap (frag case) to 4.269MB for 186718-byte allocation
04-24 12:44:11.070 D/dalvikvm(  891): GC_FOR_ALLOC freed 2K, 15% free 4019K/4708K, paused 16ms, total 16ms
04-24 12:44:11.080 D/dalvikvm(  928): GC_CONCURRENT freed 150K, 11% free 4145K/4656K, paused 2ms+2ms, total 36ms
04-24 12:44:11.080 D/dalvikvm(  928): WAIT_FOR_CONCURRENT_GC blocked 5ms
04-24 12:44:11.090 I/MultiDex(  928): Need extracted file /data/data/com.google.android.gms/files/secondary-dexes/com.google.android.gms-2.apk.classes2.zip
04-24 12:44:11.090 I/MultiDex(  928): No extraction needed for /data/data/com.google.android.gms/files/secondary-dexes/com.google.android.gms-2.apk.classes2.zip of size 1547068
04-24 12:44:11.180 I/bt_hwcfg(  816): hw_cfg_cb.state = 5
04-24 12:44:11.180 I/bt_hwcfg(  816): bt vendor lib: HW_CFG_DL_FW_PATCH status:0, opcode:fc20
04-24 12:44:11.180 I/bt_hwcfg(  816): bt vendor lib: HW_CFG_DL_FW_PATCH status:0, iIndexRx:212
04-24 12:44:11.180 I/bt_hwcfg(  816): vendor lib fwcfg completed
04-24 12:44:11.180 I/bt_userial_vendor(  816): Set HW FlowControl On
04-24 12:44:11.180 I/bt_userial_vendor(  816): userial_vendor_set_hw_fctrl set hw flowcontrol on
04-24 12:44:11.180 D/dalvikvm(  529): GC_CONCURRENT freed 204K, 14% free 3637K/4192K, paused 5ms+5ms, total 56ms
04-24 12:44:11.180 I/        (  816): BTE_InitTraceLevels -- TRC_HCI
04-24 12:44:11.180 I/        (  816): BTE_InitTraceLevels -- TRC_L2CAP
04-24 12:44:11.180 I/        (  816): BTE_InitTraceLevels -- TRC_RFCOMM
04-24 12:44:11.180 I/        (  816): BTE_InitTraceLevels -- TRC_AVDT
04-24 12:44:11.180 I/        (  816): BTE_InitTraceLevels -- TRC_AVRC
04-24 12:44:11.180 I/        (  816): BTE_InitTraceLevels -- TRC_A2D
04-24 12:44:11.180 I/        (  816): BTE_InitTraceLevels -- TRC_BNEP
04-24 12:44:11.180 I/        (  816): BTE_InitTraceLevels -- TRC_BTM
04-24 12:44:11.180 I/        (  816): BTE_InitTraceLevels -- TRC_PAN
04-24 12:44:11.180 I/        (  816): BTE_InitTraceLevels -- TRC_SDP
04-24 12:44:11.180 I/        (  816): BTE_InitTraceLevels -- TRC_BTAPP
04-24 12:44:11.180 I/        (  816): BTE_InitTraceLevels -- TRC_BTIF
04-24 12:44:11.240 D/MediaProvider(  529): object removed 1527
04-24 12:44:11.260 E/bt-btif (  816): Calling BTA_HhEnable
04-24 12:44:11.260 E/bt-btif (  816): ## btif_config_get assert section && *section && key && *key && name && *name && bytes && type failed at line:182 ##
04-24 12:44:11.260 E/bt-btif (  816): btif_storage_get_adapter_property service_mask:0x140040
04-24 12:44:11.260 D/BluetoothManagerService(  385): Bluetooth Adapter name changed to Softwinner-polaris-wifibt
04-24 12:44:11.260 D/BluetoothManagerService(  385): Stored Bluetooth name: Softwinner-polaris-wifibt
04-24 12:44:11.280 E/BluetoothRemoteDevices(  816): devicePropertyChangedCallback: bdDevice: 10:B7:F6:00:89:B3, value is empty for type: 10
04-24 12:44:11.290 D/bt_vendor(  816): op for 2
04-24 12:44:11.290 D/bt_vendor(  816): op for 6
04-24 12:44:11.290 D/        (  816): bta_pan_co_init
04-24 12:44:11.290 I/bte_conf(  816): Attempt to load did conf from /etc/bluetooth/bt_did.conf
04-24 12:44:11.290 I/bte_conf(  816): [1] primary_record=1 vendor_id=0x000F vendor_id_source=0x0001 product_id=0x1200 version=0x1436
04-24 12:44:11.290 I/bte_conf(  816): Attempt to load did conf from /etc/bluetooth/bt_did.conf
04-24 12:44:11.290 I/bte_conf(  816): Attempt to load did conf from /etc/bluetooth/bt_did.conf
04-24 12:44:11.300 E/bt-btif (  816): ## btif_config_get assert section && *section && key && *key && name && *name && bytes && type failed at line:182 ##
04-24 12:44:11.300 D/BluetoothPanServiceJni(  816): control_state_callback(L61): state:0, local_role:0, ifname:bt-pan
04-24 12:44:11.300 D/BluetoothAdapterProperties(  816): ScanMode =  20
04-24 12:44:11.300 D/BluetoothAdapterProperties(  816): State =  11
04-24 12:44:11.300 D/BluetoothAdapterService(  816): Broadcasting updateAdapterState() to 1 receivers.
04-24 12:44:11.300 D/BluetoothManagerService(  385): Message: 60
04-24 12:44:11.300 D/BluetoothManagerService(  385): MESSAGE_BLUETOOTH_STATE_CHANGE: prevState = 11, newState=12
04-24 12:44:11.300 D/BluetoothManagerService(  385): Broadcasting onBluetoothStateChange(true) to 7 receivers.
04-24 12:44:11.300 D/BluetoothPbap(  901): onBluetoothStateChange: up=true
04-24 12:44:11.300 W/ContextImpl(  901): Calling a method in the system process without a qualified user: android.app.ContextImpl.bindService:1406 android.content.ContextWrapper.bindService:473 android.bluetooth.BluetoothPbap$1.onBluetoothStateChange:132 android.bluetooth.IBluetoothStateChangeCallback$Stub.onTransact:55 android.os.Binder.execTransact:351 
04-24 12:44:11.310 D/BluetoothA2dp(  385): onBluetoothStateChange: up=true
04-24 12:44:11.310 D/BluetoothPan(  385): onBluetoothStateChange(on) call bindService
04-24 12:44:11.310 D/BluetoothAdapterService(1088869840)(  816): getState(): mAdapterProperties: com.android.bluetooth.btservice.AdapterProperties@40e6eef8
04-24 12:44:11.320 D/BluetoothPan(  385): BluetoothPan(), bindService called
04-24 12:44:11.320 D/BluetoothHeadset(  385): onBluetoothStateChange: up=true
04-24 12:44:11.320 D/BluetoothHeadset(  564): onBluetoothStateChange: up=true
04-24 12:44:11.320 D/BluetoothInputDevice(  901): onBluetoothStateChange: up=true
04-24 12:44:11.320 D/BluetoothHeadset(  564): onBluetoothStateChange: up=true
04-24 12:44:11.320 D/BluetoothManagerService(  385): Bluetooth State Change Intent: 11 -> 12
04-24 12:44:11.320 W/ContextImpl(  385): Calling a method in the system process without a qualified user: android.app.ContextImpl.bindService:1406 android.bluetooth.BluetoothPan$1.onBluetoothStateChange:173 com.android.server.BluetoothManagerService.sendBluetoothStateCallback:488 com.android.server.BluetoothManagerService.bluetoothStateChangeHandler:1066 com.android.server.BluetoothManagerService.access$2700:49 
04-24 12:44:11.330 D/MediaProvider(  529): object removed 1528
04-24 12:44:11.330 D/BluetoothAdapterService(1088869840)(  816): Get Bonded Devices being called
04-24 12:44:11.330 D/BluetoothAdapterService(1088869840)(  816): getState(): mAdapterProperties: com.android.bluetooth.btservice.AdapterProperties@40e6eef8
04-24 12:44:11.340 D/BluetoothAdapterService(1088869840)(  816): getState(): mAdapterProperties: com.android.bluetooth.btservice.AdapterProperties@40e6eef8
04-24 12:44:11.340 D/BluetoothAdapterService(1088869840)(  816): Get Bonded Devices being called
04-24 12:44:11.340 D/LocalBluetoothProfileManager(  901): Adding local A2DP profile
04-24 12:44:11.340 D/BluetoothManagerService(  385): Message: 30
04-24 12:44:11.350 D/LocalBluetoothProfileManager(  901): Adding local HEADSET profile
04-24 12:44:11.350 D/BluetoothManagerService(  385): Message: 30
04-24 12:44:11.350 W/ContextImpl(  901): Calling a method in the system process without a qualified user: android.app.ContextImpl.bindService:1406 android.content.ContextWrapper.bindService:473 android.bluetooth.BluetoothA2dp.<init>:160 android.bluetooth.BluetoothAdapter.getProfileProxy:1158 com.android.settings.bluetooth.A2dpProfile.<init>:74 
04-24 12:44:11.350 W/ContextImpl(  901): Calling a method in the system process without a qualified user: android.app.ContextImpl.bindService:1406 android.content.ContextWrapper.bindService:473 android.bluetooth.BluetoothHeadset.<init>:273 android.bluetooth.BluetoothAdapter.getProfileProxy:1155 com.android.settings.bluetooth.LocalBluetoothAdapter.getProfileProxy:94 
04-24 12:44:11.360 D/BluetoothAdapterService(  816): Auto Connecting Headset Profile with device 10:B7:F6:00:89:B3
04-24 12:44:11.360 D/BluetoothAdapterService(1088869840)(  816): getState(): mAdapterProperties: com.android.bluetooth.btservice.AdapterProperties@40e6eef8
04-24 12:44:11.360 D/BluetoothAdapterService(1088869840)(  816): getState(): mAdapterProperties: com.android.bluetooth.btservice.AdapterProperties@40e6eef8
04-24 12:44:11.360 D/BluetoothAdapterService(1088869840)(  816): Get Bonded Devices being called
04-24 12:44:11.360 I/BluetoothHeadsetServiceJni(  816): connectHfpNative: sBluetoothHfpInterface: 0x566258f8
04-24 12:44:11.370 D/BluetoothAdapterService(1088869840)(  816): Get Bonded Devices being called
04-24 12:44:11.370 D/BluetoothAdapterProperties(  816): CONNECTION_STATE_CHANGE: 10:B7:F6:00:89:B3: 0 -> 1
04-24 12:44:11.370 D/BluetoothAdapterService(1088869840)(  816): getState(): mAdapterProperties: com.android.bluetooth.btservice.AdapterProperties@40e6eef8
04-24 12:44:11.370 D/BluetoothAdapterService(1088869840)(  816): Get Bonded Devices being called
04-24 12:44:11.380 D/BluetoothAdapterService(  816): Auto Connecting A2DP Profile with device 10:B7:F6:00:89:B3
04-24 12:44:11.390 D/A2dpStateMachine(  816): Disconnected process message: 1
04-24 12:44:11.390 I/BluetoothA2dpServiceJni(  816): connectA2dpNative: sBluetoothA2dpInterface: 0x56625950
04-24 12:44:11.390 D/A2dpStateMachine(  816): Exit Disconnected: 1
04-24 12:44:11.390 D/A2dpStateMachine(  816): Enter Pending: 1
04-24 12:44:11.410 D/A2dpStateMachine(  816): Connection state 10:B7:F6:00:89:B3: 0->1
04-24 12:44:11.410 D/BluetoothAdapterService(1088869840)(  816): getState(): mAdapterProperties: com.android.bluetooth.btservice.AdapterProperties@40e6eef8
04-24 12:44:11.420 D/BluetoothAdapterService(1088869840)(  816): getState(): mAdapterProperties: com.android.bluetooth.btservice.AdapterProperties@40e6eef8
04-24 12:44:11.420 D/MediaProvider(  529): object removed 1529
04-24 12:44:11.420 D/MediaProvider(  529): object removed 1530
04-24 12:44:11.420 D/MediaProvider(  529): object removed 1531
04-24 12:44:11.420 D/MediaProvider(  529): object removed 1532
04-24 12:44:11.440 D/dalvikvm(  891): GC_CONCURRENT freed 496K, 18% free 4034K/4884K, paused 6ms+10ms, total 151ms
04-24 12:44:11.440 D/dalvikvm(  891): WAIT_FOR_CONCURRENT_GC blocked 2ms
04-24 12:44:11.450 D/BluetoothA2dp(  901): Proxy object connected
04-24 12:44:11.450 D/A2dpProfile(  901): Bluetooth service connected
04-24 12:44:11.450 D/BluetoothHeadset(  901): Proxy object connected
04-24 12:44:11.450 D/HeadsetProfile(  901): Bluetooth service connected
04-24 12:44:11.460 D/BluetoothAdapterService(1088869840)(  816): getState(): mAdapterProperties: com.android.bluetooth.btservice.AdapterProperties@40e6eef8
04-24 12:44:11.460 D/CachedBluetoothDevice(  901): onProfileStateChanged: profile HEADSET newProfileState 1
04-24 12:44:11.460 D/BluetoothAdapterService(1088869840)(  816): getState(): mAdapterProperties: com.android.bluetooth.btservice.AdapterProperties@40e6eef8
04-24 12:44:11.460 D/CachedBluetoothDevice(  901): onProfileStateChanged: profile A2DP newProfileState 1
04-24 12:44:11.460 D/BluetoothAdapterService(1088869840)(  816): getState(): mAdapterProperties: com.android.bluetooth.btservice.AdapterProperties@40e6eef8
04-24 12:44:11.580 D/dalvikvm(  581): GC_CONCURRENT freed 193K, 12% free 4163K/4712K, paused 5ms+2ms, total 31ms
04-24 12:44:11.630 D/dalvikvm(  891): GC_CONCURRENT freed 665K, 21% free 3862K/4884K, paused 8ms+2ms, total 33ms
04-24 12:44:11.660 W/MediaScanner(  529): Error opening directory '/mnt/sdcard/.android_secure/', skipping: Permission denied.
04-24 12:44:11.710 V/ProvidersChangedReceiver(  661): Not calling apply-settings: debugClause is true
04-24 12:44:11.710 V/ProvidersChangedReceiver(  661): and Android NLP is ANDROID minProtocolVersion 1 maxProtocolVersion 1 releaseVersion 10
04-24 12:44:11.710 V/ProvidersChangedReceiver(  661): and build Version is 17
04-24 12:44:11.730 W/Settings(  891): Setting airplane_mode_on has moved from android.provider.Settings.System to android.provider.Settings.Global, returning read-only value.
04-24 12:44:11.800 I/GCoreUlr(  661): Starting service, intent=Intent { act=com.google.android.location.reporting.ACTION_UPDATE_WORLD cmp=com.google.android.gms/com.google.android.location.reporting.service.DispatchingService (has extras) }, extras=Bundle[{receiverAction=android.location.PROVIDERS_CHANGED}]
04-24 12:44:11.820 D/dalvikvm(  661): GC_CONCURRENT freed 781K, 23% free 3999K/5172K, paused 10ms+4ms, total 54ms
04-24 12:44:11.820 I/ActivityManager(  385): Start proc com.android.music for broadcast com.android.music/.MediaButtonIntentReceiver: pid=953 uid=10035 gids={50035, 3003, 1015, 1028}
04-24 12:44:11.830 D/gralloc (  103): ==USE CPU CACHE OP usage = 0x933==
04-24 12:44:11.830 D/gralloc (  103): use ion  ram 
04-24 12:44:11.840 I/dalvikvm(  953): Turning on JNI app bug workarounds for target SDK version 9...
04-24 12:44:11.840 D/gralloc (  103): use ion  ram 
04-24 12:44:11.930 E/Trace   (  953): error opening trace file: No such file or directory (2)
04-24 12:44:11.930 D/gralloc (  103): ==USE CPU CACHE OP usage = 0x933==
04-24 12:44:11.930 D/gralloc (  103): use ion  ram 
04-24 12:44:11.970 D/gralloc (  103): ==USE CPU CACHE OP usage = 0x933==
04-24 12:44:11.970 D/gralloc (  103): use ion  ram 
04-24 12:44:11.990 I/GCoreUlr(  661): DispatchingService.onCreate()
04-24 12:44:12.130 I/ActivityManager(  385): Start proc com.google.android.partnersetup for broadcast com.google.android.partnersetup/.PhoneStateReceiver: pid=970 uid=10024 gids={50024, 3003, 1028}
04-24 12:44:12.150 D/dalvikvm(  104): GC_EXPLICIT freed 39K, 11% free 3456K/3848K, paused 2ms+3ms, total 32ms
04-24 12:44:12.170 D/dalvikvm(  104): GC_EXPLICIT freed <1K, 11% free 3456K/3848K, paused 2ms+3ms, total 24ms
04-24 12:44:12.200 D/dalvikvm(  104): GC_EXPLICIT freed <1K, 11% free 3456K/3848K, paused 3ms+3ms, total 25ms
04-24 12:44:12.200 D/dalvikvm(  661): GC_FOR_ALLOC freed 137K, 19% free 4197K/5172K, paused 17ms, total 19ms
04-24 12:44:12.200 I/dalvikvm-heap(  661): Grow heap (frag case) to 4.468MB for 32784-byte allocation
04-24 12:44:12.220 D/dalvikvm(  661): GC_FOR_ALLOC freed 18K, 20% free 4210K/5208K, paused 16ms, total 16ms
04-24 12:44:12.220 I/dalvikvm-heap(  661): Grow heap (frag case) to 4.512MB for 65552-byte allocation
04-24 12:44:12.240 I/AudioService(  385):   Remote Control   registerMediaButtonIntent() for PendingIntent{412d6198: PendingIntentRecord{412ef548 com.android.music broadcastIntent}}
04-24 12:44:12.250 D/dalvikvm(  661): GC_FOR_ALLOC freed 32K, 20% free 4242K/5276K, paused 22ms, total 22ms
04-24 12:44:12.250 V/audio_hw_primary(  106): start_output_stream, line: 728
