04-24 12:44:12.250 V/codec_audio_pad(  106): in normal mode, headset or speaker on,****LINE:81,FUNC:set_normal_path
04-24 12:44:12.250 I/dalvikvm-heap(  661): Grow heap (frag case) to 4.575MB for 98320-byte allocation
04-24 12:44:12.270 D/PhoneStatusBar(  467): disable: < expand icons alerts ticker system_info BACK HOME recent* CLOCK search >
04-24 12:44:12.280 D/dalvikvm(  661): GC_FOR_ALLOC freed 64K, 21% free 4274K/5376K, paused 27ms, total 27ms
04-24 12:44:12.300 D/dalvikvm(  661): GC_FOR_ALLOC freed <1K, 21% free 4274K/5376K, paused 21ms, total 21ms
04-24 12:44:12.300 I/dalvikvm-heap(  661): Grow heap (frag case) to 4.690MB for 186718-byte allocation
04-24 12:44:12.320 E/Trace   (  970): error opening trace file: No such file or directory (2)
04-24 12:44:12.330 D/PhoneStatusBar(  467): disable: < expand icons alerts ticker system_info back* home* recent clock* search >
04-24 12:44:12.340 D/dalvikvm(  661): GC_FOR_ALLOC freed <1K, 20% free 4457K/5560K, paused 45ms, total 45ms
04-24 12:44:12.400 V/audio_hw_primary(  106): normal mode , speaker,****LINE:653,FUNC:select_output_device
04-24 12:44:12.400 V/audio_hw_primary(  106): start_output_stream: card:0, port:0, rate:44100
04-24 12:44:12.400 D/alsa_pcm(  106): pcm_open:,sparams.stop_threshold:1540, config->stop_threshold:0
04-24 12:44:12.400 V/audio_hw_primary(  106): do not use out resampler
04-24 12:44:12.400 I/dalvikvm(  385): Jit: resizing JitTable from 4096 to 8192
04-24 12:44:12.450 D/BluetoothAdapterService(1088869840)(  816): getState(): mAdapterProperties: com.android.bluetooth.btservice.AdapterProperties@40e6eef8
04-24 12:44:12.480 D/dalvikvm(  794): GC_CONCURRENT freed 326K, 17% free 3556K/4276K, paused 1ms+1ms, total 13ms
04-24 12:44:12.490 D/dalvikvm(  661): GC_CONCURRENT freed 519K, 20% free 4448K/5560K, paused 7ms+5ms, total 41ms
04-24 12:44:12.490 D/dalvikvm(  661): WAIT_FOR_CONCURRENT_GC blocked 17ms
04-24 12:44:12.500 E/dalvikvm(  928): Could not find class 'android.app.AppOpsManager', referenced from method box.a
04-24 12:44:12.500 W/dalvikvm(  928): VFY: unable to resolve check-cast 341 (Landroid/app/AppOpsManager;) in Lbox;
04-24 12:44:12.500 D/dalvikvm(  928): VFY: replacing opcode 0x1f at 0x000e
04-24 12:44:12.550 I/dalvikvm(  928): Could not find method android.app.admin.DevicePolicyManager.isDeviceOwnerApp, referenced from method com.google.android.gms.init.InitializeIntentService.onHandleIntent
04-24 12:44:12.550 W/dalvikvm(  928): VFY: unable to resolve virtual method 1697: Landroid/app/admin/DevicePolicyManager;.isDeviceOwnerApp (Ljava/lang/String;)Z
04-24 12:44:12.550 D/dalvikvm(  928): VFY: replacing opcode 0x6e at 0x00e0
04-24 12:44:12.560 I/MultiDex(  711): load(/data/app/com.google.android.gms-2.apk, forceReload=false)
04-24 12:44:12.600 D/dalvikvm(  661): GC_CONCURRENT freed 215K, 15% free 4745K/5560K, paused 4ms+2ms, total 37ms
04-24 12:44:12.600 D/dalvikvm(  661): WAIT_FOR_CONCURRENT_GC blocked 13ms
04-24 12:44:12.600 D/dalvikvm(  661): WAIT_FOR_CONCURRENT_GC blocked 13ms
04-24 12:44:12.650 D/Tethering(  385): sendTetherStateChangedBroadcast 1, 0, 0
04-24 12:44:12.750 D/dalvikvm(  711): GC_CONCURRENT freed 172K, 12% free 4022K/4548K, paused 3ms+2ms, total 62ms
04-24 12:44:12.750 D/dalvikvm(  711): WAIT_FOR_CONCURRENT_GC blocked 18ms
04-24 12:44:12.760 V/TAG     (  385): bug 7643792: fitSystemWindows([0,19][0,0])
04-24 12:44:12.780 W/dalvikvm(  661): Unable to resolve superclass of Lhlg; (241)
04-24 12:44:12.780 W/dalvikvm(  661): Link of class 'Lhlg;' failed
04-24 12:44:12.780 I/dalvikvm(  661): Could not find method android.hardware.SensorManager.cancelTriggerSensor, referenced from method hlf.a
04-24 12:44:12.780 W/dalvikvm(  661): VFY: unable to resolve virtual method 877: Landroid/hardware/SensorManager;.cancelTriggerSensor (Landroid/hardware/TriggerEventListener;Landroid/hardware/Sensor;)Z
04-24 12:44:12.780 D/dalvikvm(  661): VFY: replacing opcode 0x6e at 0x000f
04-24 12:44:12.780 W/dalvikvm(  661): Unable to resolve superclass of Lhlg; (241)
04-24 12:44:12.780 W/dalvikvm(  661): Link of class 'Lhlg;' failed
04-24 12:44:12.780 E/dalvikvm(  661): Could not find class 'hlg', referenced from method hlf.a
04-24 12:44:12.780 W/dalvikvm(  661): VFY: unable to resolve new-instance 3935 (Lhlg;) in Lhlf;
04-24 12:44:12.780 D/dalvikvm(  661): VFY: replacing opcode 0x22 at 0x001a
04-24 12:44:12.780 W/dalvikvm(  661): Unable to resolve superclass of Lhlg; (241)
04-24 12:44:12.780 W/dalvikvm(  661): Link of class 'Lhlg;' failed
04-24 12:44:12.780 D/dalvikvm(  661): DexOpt: unable to opt direct call 0x4e46 at 0x1d in Lhlf;.a
04-24 12:44:12.810 I/dalvikvm(  661): Could not find method android.app.AlarmManager.setExact, referenced from method hvj.a
04-24 12:44:12.810 W/dalvikvm(  661): VFY: unable to resolve virtual method 394: Landroid/app/AlarmManager;.setExact (IJLandroid/app/PendingIntent;)V
04-24 12:44:12.810 D/dalvikvm(  661): VFY: replacing opcode 0x6e at 0x0043
04-24 12:44:12.840 D/dalvikvm(  385): GC_CONCURRENT freed 776K, 15% free 7385K/8624K, paused 3ms+17ms, total 199ms
04-24 12:44:12.840 D/dalvikvm(  385): WAIT_FOR_CONCURRENT_GC blocked 28ms
04-24 12:44:12.870 D/dalvikvm(  711): GC_CONCURRENT freed 157K, 11% free 4366K/4888K, paused 3ms+3ms, total 46ms
04-24 12:44:12.870 D/dalvikvm(  711): WAIT_FOR_CONCURRENT_GC blocked 10ms
04-24 12:44:12.880 I/MultiDex(  711): Need extracted file /data/data/com.google.android.gms/files/secondary-dexes/com.google.android.gms-2.apk.classes2.zip
04-24 12:44:12.880 I/MultiDex(  711): No extraction needed for /data/data/com.google.android.gms/files/secondary-dexes/com.google.android.gms-2.apk.classes2.zip of size 1547068
04-24 12:44:12.890 D/PicasaUploaderSyncManager(  794): battery info: true
04-24 12:44:12.940 D/dalvikvm(  385): GC_EXPLICIT freed 61K, 15% free 7345K/8624K, paused 4ms+7ms, total 102ms
04-24 12:44:12.940 W/ActivityManager(  385): Unable to start service Intent { act=com.google.android.gms.analytics.service.START (has extras) } U=0: not found
04-24 12:44:12.950 W/GAV2    (  736): Thread[GAThread,5,main]: Service unavailable (code=1), will retry.
04-24 12:44:12.980 I/GAV2    (  736): Thread[GAThread,5,main]: No campaign data found.
04-24 12:44:13.020 W/Settings(  661): Setting airplane_mode_on has moved from android.provider.Settings.System to android.provider.Settings.Global, returning read-only value.
04-24 12:44:13.060 I/RecoverySystem(  385): No recovery log file
04-24 12:44:13.070 I/ActivityManager(  385): Start proc com.android.providers.calendar for broadcast com.android.providers.calendar/.CalendarReceiver: pid=1001 uid=10006 gids={50006, 3003, 1015, 1028}
04-24 12:44:13.100 D/dalvikvm(  661): GC_CONCURRENT freed 749K, 21% free 4416K/5560K, paused 11ms+20ms, total 81ms
04-24 12:44:13.160 E/Trace   ( 1001): error opening trace file: No such file or directory (2)
04-24 12:44:13.300 I/GCoreUlr(  661): WorldUpdater received intent Intent { act=com.google.android.location.reporting.ACTION_UPDATE_WORLD cmp=com.google.android.gms/com.google.android.location.reporting.service.DispatchingService (has extras) } with receiverAction android.location.PROVIDERS_CHANGED
04-24 12:44:13.330 W/GCM     (  711): Using fallback http
04-24 12:44:13.330 I/GoogleHttpClient(  711): Falling back to old http client 0 java.lang.NoSuchMethodException: <init> [class android.content.Context, class java.lang.String, boolean]
04-24 12:44:13.340 E/dalvikvm(  661): Could not find class 'android.app.AppOpsManager', referenced from method box.a
04-24 12:44:13.340 W/dalvikvm(  661): VFY: unable to resolve check-cast 341 (Landroid/app/AppOpsManager;) in Lbox;
04-24 12:44:13.340 D/dalvikvm(  661): VFY: replacing opcode 0x1f at 0x000e
04-24 12:44:13.340 W/dalvikvm(  661): Unable to resolve superclass of Lhzj; (1738)
04-24 12:44:13.340 W/dalvikvm(  661): Link of class 'Lhzj;' failed
04-24 12:44:13.340 W/dalvikvm(  661): VFY: unable to find class referenced in signature (Lhzj;)
04-24 12:44:13.360 D/GeofencerStateMachine(  661): Creating GeofencerStateMachine
04-24 12:44:13.380 W/dalvikvm(  661): Unable to resolve superclass of Lhzj; (1738)
04-24 12:44:13.380 W/dalvikvm(  661): Link of class 'Lhzj;' failed
04-24 12:44:13.400 W/dalvikvm(  661): VFY: unable to find class referenced in signature (Lhzj;)
04-24 12:44:13.400 I/GCM     (  711): GCM config loaded
04-24 12:44:13.400 I/System.out(  661): [SEVERE:6392]: LogSource: AsyncHttpRequestImpl.run(): exception thrown : Unable to resolve host "www.google.com": No address associated with hostname: java.net.UnknownHostException
04-24 12:44:13.400 E/GlsClient-query(  661): requestFailed
04-24 12:44:13.400 W/dalvikvm(  661): Unable to resolve superclass of Lhzj; (1738)
04-24 12:44:13.400 W/dalvikvm(  661): Link of class 'Lhzj;' failed
04-24 12:44:13.400 W/dalvikvm(  661): VFY: unable to find class referenced in signature (Lhzj;)
04-24 12:44:13.400 W/dalvikvm(  661): Unable to resolve superclass of Lhzj; (1738)
04-24 12:44:13.400 W/dalvikvm(  661): Link of class 'Lhzj;' failed
04-24 12:44:13.400 W/dalvikvm(  661): VFY: unable to find class referenced in signature (Lhzj;)
04-24 12:44:13.400 W/dalvikvm(  661): Unable to resolve superclass of Lhzj; (1738)
04-24 12:44:13.400 W/dalvikvm(  661): Link of class 'Lhzj;' failed
04-24 12:44:13.400 I/dalvikvm(  661): Could not find method hzj.a, referenced from method hys.<init>
04-24 12:44:13.400 W/dalvikvm(  661): VFY: unable to resolve static method 22005: Lhzj;.a ()Lhzj;
04-24 12:44:13.400 D/dalvikvm(  661): VFY: replacing opcode 0x71 at 0x001c
04-24 12:44:13.400 W/dalvikvm(  661): Unable to resolve superclass of Lhzj; (1738)
04-24 12:44:13.400 W/dalvikvm(  661): Link of class 'Lhzj;' failed
04-24 12:44:13.400 W/dalvikvm(  661): Unable to resolve superclass of Lhzj; (1738)
04-24 12:44:13.400 W/dalvikvm(  661): Link of class 'Lhzj;' failed
04-24 12:44:13.420 D/GCM     (  711): GcmService start Intent { act=com.google.android.gms.INITIALIZE flg=0x10 pkg=com.google.android.gms cmp=com.google.android.gms/.gcm.GcmService } com.google.android.gms.INITIALIZE
04-24 12:44:13.420 D/dalvikvm(  661): GC_CONCURRENT freed 332K, 18% free 4576K/5560K, paused 4ms+30ms, total 70ms
04-24 12:44:13.420 W/dalvikvm(  661): Unable to resolve superclass of Lhzj; (1738)
04-24 12:44:13.420 W/dalvikvm(  661): Link of class 'Lhzj;' failed
04-24 12:44:13.420 W/dalvikvm(  661): Unable to resolve superclass of Lhzj; (1738)
04-24 12:44:13.420 W/dalvikvm(  661): Link of class 'Lhzj;' failed
04-24 12:44:13.420 W/dalvikvm(  661): Unable to resolve superclass of Lhzj; (1738)
04-24 12:44:13.420 W/dalvikvm(  661): Link of class 'Lhzj;' failed
04-24 12:44:13.420 I/dalvikvm(  661): Could not find method hzj.b, referenced from method hys.g
04-24 12:44:13.420 W/dalvikvm(  661): VFY: unable to resolve virtual method 22006: Lhzj;.b ()Lhyo;
04-24 12:44:13.420 D/dalvikvm(  661): VFY: replacing opcode 0x6e at 0x000d
04-24 12:44:13.480 I/ActivityManager(  385): Start proc com.google.android.configupdater for broadcast com.google.android.configupdater/.CertPinUpdateRequestReceiver: pid=1022 uid=10010 gids={50010, 3003, 2001, 1028}
04-24 12:44:13.580 E/Trace   ( 1022): error opening trace file: No such file or directory (2)
04-24 12:44:13.660 V/GeofencerHelper(  661): Initializing geofence's system cache.
04-24 12:44:13.660 V/PlaceSubscriptionManager(  661): Initializing PlaceSubscriptionManager's system cache.
04-24 12:44:13.690 E/UpdateRequestReceiver( 1022): ignoring update request
04-24 12:44:13.720 E/UpdateRequestReceiver( 1022): ignoring update request
04-24 12:44:13.730 D/GeofenceStateCache(  661): Recovered 0 geofences.
04-24 12:44:13.730 I/ActivityManager(  385): Start proc com.android.deskclock for broadcast com.android.deskclock/.AlarmInitReceiver: pid=1042 uid=10012 gids={50012, 1028}
04-24 12:44:13.780 E/Trace   ( 1042): error opening trace file: No such file or directory (2)
04-24 12:44:13.840 D/dalvikvm(  581): GC_CONCURRENT freed 260K, 14% free 4291K/4964K, paused 2ms+3ms, total 38ms
04-24 12:44:13.900 V/AlarmClock( 1042): No next alarm
04-24 12:44:13.910 V/AlarmClock( 1042): AlarmInitReceiver - Reset timers and clear stopwatch data
04-24 12:44:13.930 V/AlarmClock( 1042): No next alarm
04-24 12:44:13.930 V/AlarmClock( 1042): AlarmInitReceiver finished
04-24 12:44:13.960 I/ActivityManager(  385): Start proc com.android.email for broadcast com.android.email/.service.EmailBroadcastReceiver: pid=1059 uid=10014 gids={50014, 3003, 1015, 1028}
04-24 12:44:13.970 I/dalvikvm(  661): Could not find method android.os.UserManager.getApplicationRestrictions, referenced from method bov.b
04-24 12:44:13.970 W/dalvikvm(  661): VFY: unable to resolve virtual method 2774: Landroid/os/UserManager;.getApplicationRestrictions (Ljava/lang/String;)Landroid/os/Bundle;
04-24 12:44:13.970 D/dalvikvm(  661): VFY: replacing opcode 0x6e at 0x0012
04-24 12:44:13.970 I/dalvikvm(  661): Could not find method android.accounts.AccountManager.getAccountsByTypeForPackage, referenced from method bov.c
04-24 12:44:13.970 W/dalvikvm(  661): VFY: unable to resolve virtual method 1428: Landroid/accounts/AccountManager;.getAccountsByTypeForPackage (Ljava/lang/String;Ljava/lang/String;)[Landroid/accounts/Account;
04-24 12:44:13.970 D/dalvikvm(  661): VFY: replacing opcode 0x6e at 0x000c
04-24 12:44:13.970 I/dalvikvm(  661): Could not find method android.os.UserManager.getUserRestrictions, referenced from method bov.d
04-24 12:44:13.970 W/dalvikvm(  661): VFY: unable to resolve virtual method 2776: Landroid/os/UserManager;.getUserRestrictions ()Landroid/os/Bundle;
04-24 12:44:13.970 D/dalvikvm(  661): VFY: replacing opcode 0x6e at 0x000f
04-24 12:44:14.000 E/Trace   ( 1059): error opening trace file: No such file or directory (2)
04-24 12:44:14.180 I/GCoreUlr(  661): Ensuring that reporting is stopped because of reasons: {account#2#=[InactiveReason{mVersionCode=0, mIdentifier=3, mName='UnsupportedGeo'}, InactiveReason{mVersionCode=0, mIdentifier=2, mName='DeferringToGmm'}]}
04-24 12:44:14.180 D/ActivityThread( 1059): Loading provider com.android.email.provider;com.android.email.notifier: com.android.email.provider.EmailProvider
04-24 12:44:14.190 D/GCoreFlp(  661): Unknown pending intent to remove.
04-24 12:44:14.200 I/GCoreUlr(  661): Unbound from all location providers
04-24 12:44:14.210 D/gralloc (  103): ==USE CPU CACHE OP usage = 0x933==
04-24 12:44:14.210 D/gralloc (  103): use ion  ram 
04-24 12:44:14.250 I/ActivityManager(  385): Start proc com.android.exchange for service com.android.exchange/.ExchangeService: pid=1080 uid=10015 gids={50015, 3003, 1015, 1028}
04-24 12:44:14.470 D/dalvikvm(  385): GC_EXPLICIT freed 557K, 14% free 7425K/8624K, paused 28ms+11ms, total 176ms
04-24 12:44:14.510 E/Trace   ( 1080): error opening trace file: No such file or directory (2)
04-24 12:44:14.570 W/MediaScanner(  529): Error opening directory '/mnt/extsd/', skipping: Permission denied.
04-24 12:44:14.570 W/MediaScanner(  529): Error opening directory '/mnt/usbhost1/', skipping: Permission denied.
04-24 12:44:14.580 V/MediaScanner(  529): pruneDeadThumbnailFiles... android.database.sqlite.SQLiteCursor@40ea70b0
04-24 12:44:14.580 V/MediaScanner(  529): /pruneDeadThumbnailFiles... android.database.sqlite.SQLiteCursor@40ea70b0
04-24 12:44:14.590 D/EmailProvider( 1059): fromDatabase accounts: 0
04-24 12:44:14.590 D/EmailProvider( 1059): ending toDatabase transaction; copyCount = 0
04-24 12:44:14.700 D/ExchangeService( 1080): !!! EAS ExchangeService, onCreate
04-24 12:44:14.710 I/CalendarProvider2( 1001): Sending notification intent: Intent { act=android.intent.action.PROVIDER_CHANGED dat=content://com.android.calendar }
04-24 12:44:14.710 D/Eas Debug( 1080): Logging: 
04-24 12:44:14.720 W/ContentResolver( 1001): Failed to get type for: content://com.android.calendar (Unknown URL content://com.android.calendar)
04-24 12:44:14.720 D/EmailProvider( 1059): ending fromDatabase transaction; copyCount = 0
04-24 12:44:14.740 D/ExchangeService( 1080): !!! EAS ExchangeService, onStartCommand, startingUp = false, running = false
04-24 12:44:14.740 I/ActivityManager(  385): Start proc com.google.android.apps.genie.geniewidget for broadcast com.google.android.apps.genie.geniewidget/.miniwidget.MiniWidgetProvider: pid=1107 uid=10021 gids={50021, 3003, 1015, 1028}
04-24 12:44:14.760 D/ExchangeService( 1080): !!! EAS ExchangeService, onStartCommand, startingUp = true, running = false
04-24 12:44:14.780 E/Trace   ( 1107): error opening trace file: No such file or directory (2)
04-24 12:44:14.830 D/ExchangeService( 1080): Received deviceId from Email app: androidc1413081334
04-24 12:44:14.830 D/ExchangeService( 1080): Reconciling accounts...
04-24 12:44:14.840 D/ExchangeService( 1080): !!! EAS ExchangeService, onStartCommand, startingUp = true, running = false
04-24 12:44:14.860 D/Eas Debug( 1080): Logging: 
04-24 12:44:14.880 I/System.out( 1107): [INFO:15]: LogSource: Logging disabled
04-24 12:44:14.880 W/Genie   ( 1107): Cache file not found: java.io.FileNotFoundException: /data/data/com.google.android.apps.genie.geniewidget/cache/genie_iconcache: open failed: ENOENT (No such file or directory)
04-24 12:44:14.920 I/Genie   ( 1107): Canceling auto-refresh of News & Weather
04-24 12:44:14.950 D/dalvikvm( 1107): GC_CONCURRENT freed 277K, 15% free 3648K/4288K, paused 3ms+2ms, total 32ms
04-24 12:44:14.950 I/Genie   ( 1107): Quick refresh set to 120s to wake up in 39s at the earliest.
04-24 12:44:14.980 W/ActivityManager(  385): Unable to start service Intent { cmp=com.android.email/.service.AttachmentDownloadService } U=0: not found
04-24 12:44:15.090 D/dalvikvm(  581): GC_CONCURRENT freed 301K, 13% free 4406K/5048K, paused 1ms+4ms, total 49ms
04-24 12:44:15.260 D/dalvikvm( 1059): GC_CONCURRENT freed 214K, 14% free 3629K/4200K, paused 12ms+17ms, total 96ms
04-24 12:44:15.430 W/ActivityManager(  385): Unable to start service Intent { cmp=com.android.email/.service.AttachmentDownloadService } U=0: not found
04-24 12:44:15.440 W/ActivityManager(  385): Unable to start service Intent { cmp=com.android.email/.service.AttachmentDownloadService } U=0: not found
04-24 12:44:15.450 I/Choreographer(  581): Skipped 31 frames!  The application may be doing too much work on its main thread.
04-24 12:44:15.520 D/dalvikvm(  581): GC_FOR_ALLOC freed 89K, 11% free 4521K/5048K, paused 27ms, total 29ms
04-24 12:44:15.560 D/ExchangeService( 1080): !!! EAS ExchangeService, onStartCommand, startingUp = false, running = false
04-24 12:44:15.560 W/ActivityManager(  385): Unable to start service Intent { cmp=com.android.email/.service.AttachmentDownloadService } U=0: not found
04-24 12:44:15.570 D/dalvikvm(  581): GC_FOR_ALLOC freed 319K, 15% free 4558K/5356K, paused 24ms, total 26ms
04-24 12:44:15.570 I/dalvikvm-heap(  581): Grow heap (frag case) to 6.016MB for 1286224-byte allocation
04-24 12:44:15.600 D/dalvikvm(  581): GC_FOR_ALLOC freed <1K, 13% free 5813K/6616K, paused 25ms, total 25ms
04-24 12:44:15.600 D/ExchangeService( 1080): Reconciling accounts...
04-24 12:44:15.630 D/dalvikvm(  581): GC_CONCURRENT freed 36K, 9% free 6023K/6616K, paused 2ms+4ms, total 29ms
04-24 12:44:15.630 D/dalvikvm(  711): GC_CONCURRENT freed 323K, 13% free 4576K/5208K, paused 116ms+28ms, total 392ms
04-24 12:44:15.700 I/ActivityManager(  385): Start proc com.google.android.apps.maps:FriendService for broadcast com.google.android.apps.maps/com.google.googlenav.friend.android.ServiceReceiver: pid=1168 uid=10026 gids={50026, 3003, 1015, 1028}
04-24 12:44:15.700 I/SystemUpdateService(  711): cancelUpdate (empty URL)
04-24 12:44:15.750 D/dalvikvm(  581): GC_FOR_ALLOC freed 1600K, 29% free 5011K/7048K, paused 32ms, total 45ms
04-24 12:44:15.770 E/Trace   ( 1168): error opening trace file: No such file or directory (2)
04-24 12:44:15.790 D/dalvikvm(  581): GC_FOR_ALLOC freed 99K, 27% free 5165K/7048K, paused 27ms, total 27ms
04-24 12:44:15.790 I/dalvikvm-heap(  581): Grow heap (frag case) to 6.264MB for 925072-byte allocation
04-24 12:44:15.810 I/EventLogService(  711): Aggregate from 1398232526594 (log), 1398232526594 (data)
04-24 12:44:15.820 D/dalvikvm(  581): GC_FOR_ALLOC freed <1K, 14% free 6067K/7048K, paused 33ms, total 33ms
04-24 12:44:15.830 I/RlzPingService(  970): Setting next ping for 1398941055828
04-24 12:44:15.880 D/dalvikvm(  581): GC_CONCURRENT freed 145K, 11% free 6288K/7048K, paused 3ms+13ms, total 60ms
04-24 12:44:15.990 D/dalvikvm(  581): GC_FOR_ALLOC freed 1586K, 29% free 5385K/7504K, paused 50ms, total 52ms
04-24 12:44:16.040 D/dalvikvm(  581): GC_CONCURRENT freed 88K, 22% free 5915K/7504K, paused 3ms+4ms, total 33ms
04-24 12:44:16.040 D/dalvikvm(  581): WAIT_FOR_CONCURRENT_GC blocked 7ms
04-24 12:44:16.050 D/dalvikvm(  581): WAIT_FOR_CONCURRENT_GC blocked 9ms
04-24 12:44:16.100 D/dalvikvm(  581): GC_FOR_ALLOC freed 884K, 26% free 5594K/7504K, paused 19ms, total 21ms
04-24 12:44:16.140 D/dalvikvm(  581): GC_FOR_ALLOC freed 358K, 25% free 5676K/7504K, paused 17ms, total 18ms
04-24 12:44:16.150 I/dalvikvm-heap(  581): Grow heap (frag case) to 7.954MB for 2172688-byte allocation
04-24 12:44:16.170 D/dalvikvm(  581): GC_CONCURRENT freed <1K, 20% free 7798K/9628K, paused 5ms+2ms, total 24ms
04-24 12:44:16.220 I/SystemUpdateService(  711): cancelUpdate (empty URL)
04-24 12:44:16.240 D/dalvikvm(  581): GC_FOR_ALLOC freed 2395K, 22% free 5821K/7416K, paused 20ms, total 22ms
04-24 12:44:16.240 I/dalvikvm-heap(  581): Grow heap (frag case) to 6.798MB for 813840-byte allocation
04-24 12:44:16.270 D/dalvikvm(  581): GC_CONCURRENT freed 1K, 11% free 6614K/7416K, paused 5ms+3ms, total 27ms
04-24 12:44:16.280 I/ActivityManager(  385): Start proc com.google.android.onetimeinitializer for broadcast com.google.android.onetimeinitializer/.OneTimeInitializerReceiver: pid=1187 uid=10038 gids={50038, 1028}
04-24 12:44:16.330 E/Trace   ( 1187): error opening trace file: No such file or directory (2)
04-24 12:44:16.340 V/OneTimeInitializerReceiver( 1187): OneTimeInitializerReceiver.onReceive
04-24 12:44:16.350 V/OneTimeService( 1187): OneTimeService.onHandleIntent
04-24 12:44:16.360 I/ActivityManager(  385): Start proc com.android.vending for broadcast com.android.vending/com.google.android.finsky.receivers.BootCompletedReceiver: pid=1202 uid=10041 gids={50041, 3003, 1015, 1028}
04-24 12:44:16.380 W/EventLogAggregator(  711): Unknown tag: faceunlock
04-24 12:44:16.380 W/EventLogAggregator(  711): Unknown tag: faceunlock_failure
04-24 12:44:16.380 W/EventLogAggregator(  711): Unknown tag: faceunlock_recognized
04-24 12:44:16.380 W/EventLogAggregator(  711): Unknown tag: faceunlock_rejected
04-24 12:44:16.410 E/Trace   ( 1202): error opening trace file: No such file or directory (2)
04-24 12:44:16.490 E/bt-btm  (  816): sec_flags:90 
04-24 12:44:16.490 W/bt-sdp  (  816): SDP - Rcvd conn cnf with error: 0x4  CID 0x40
04-24 12:44:16.490 I/BluetoothHeadsetServiceJni(  816): connection_state_callback
04-24 12:44:16.490 E/bt-btif (  816): reset flags
04-24 12:44:16.490 I/BluetoothA2dpServiceJni(  816): bta2dp_connection_state_callback
04-24 12:44:16.490 D/A2dpStateMachine(  816): Pending process message: 101
04-24 12:44:16.490 D/A2dpStateMachine(  816): Stack and target device are connecting
04-24 12:44:16.500 D/BluetoothAdapterService(1088869840)(  816): getState(): mAdapterProperties: com.android.bluetooth.btservice.AdapterProperties@40e6eef8
04-24 12:44:16.500 D/dalvikvm(  385): GC_EXPLICIT freed 547K, 14% free 7470K/8624K, paused 4ms+14ms, total 95ms
04-24 12:44:16.520 I/LocalBluetoothProfileManager(  901): Failed to connect HEADSET device
04-24 12:44:16.520 D/CachedBluetoothDevice(  901): onProfileStateChanged: profile HEADSET newProfileState 0
04-24 12:44:16.520 D/BluetoothAdapterService(1088869840)(  816): getState(): mAdapterProperties: com.android.bluetooth.btservice.AdapterProperties@40e6eef8
04-24 12:44:16.540 D/dalvikvm(  711): GC_CONCURRENT freed 970K, 25% free 4008K/5340K, paused 5ms+13ms, total 78ms
04-24 12:44:16.570 D/dalvikvm(  581): GC_FOR_ALLOC freed 1244K, 26% free 5889K/7864K, paused 20ms, total 20ms
04-24 12:44:16.580 I/dalvikvm-heap(  581): Grow heap (frag case) to 7.629MB for 1614608-byte allocation
04-24 12:44:16.600 D/dalvikvm(  581): GC_CONCURRENT freed <1K, 21% free 7466K/9444K, paused 2ms+3ms, total 22ms
04-24 12:44:16.600 D/dalvikvm(  581): WAIT_FOR_CONCURRENT_GC blocked 3ms
04-24 12:44:16.620 D/dalvikvm(  581): GC_FOR_ALLOC freed 0K, 21% free 7466K/9444K, paused 18ms, total 18ms
04-24 12:44:16.620 I/dalvikvm-heap(  581): Grow heap (frag case) to 8.496MB for 909040-byte allocation
04-24 12:44:16.670 D/dalvikvm(  581): GC_FOR_ALLOC freed 0K, 20% free 8353K/10332K, paused 23ms, total 23ms
04-24 12:44:16.760 D/Finsky  ( 1202): [1] FinskyApp.onCreate: Initializing network with DFE https://android.clients.google.com/fdfe/
04-24 12:44:16.840 D/Finsky  ( 1202): [1] DailyHygiene.goMakeHygieneIfDirty: Dirty, need more hygiene.
04-24 12:44:16.850 D/dalvikvm( 1202): GC_CONCURRENT freed 271K, 15% free 3652K/4272K, paused 4ms+3ms, total 25ms
04-24 12:44:16.880 W/Settings( 1202): Setting download_manager_max_bytes_over_mobile has moved from android.provider.Settings.Secure to android.provider.Settings.Global.
04-24 12:44:16.880 W/Settings( 1202): Setting download_manager_recommended_max_bytes_over_mobile has moved from android.provider.Settings.Secure to android.provider.Settings.Global.
04-24 12:44:16.930 D/Volley  ( 1202): [108] DiskBasedCache.clear: Cache cleared.
04-24 12:44:16.950 I/ActivityManager(  385): Start proc com.google.android.googlequicksearchbox for broadcast com.google.android.googlequicksearchbox/com.google.android.apps.sidekick.StartUpReceiver: pid=1236 uid=10044 gids={50044, 3003, 1028, 1007, 3002, 1015}
04-24 12:44:16.960 I/ActivityManager(  385): No longer want com.google.android.inputmethod.latin.dictionarypack (pid 619): empty #17
04-24 12:44:16.970 D/Volley  ( 1202): [112] DiskBasedCache.clear: Cache cleared.
04-24 12:44:17.010 E/Trace   ( 1236): error opening trace file: No such file or directory (2)
04-24 12:44:17.030 D/Finsky  ( 1202): [1] 2.run: Loaded library for account: [owqkyMJA1I5o_mc4i7uh6vKUVr0]
04-24 12:44:17.030 D/Finsky  ( 1202): [1] 2.run: Finished loading 1 libraries.
04-24 12:44:17.080 D/dalvikvm(  529): GC_CONCURRENT freed 245K, 14% free 3785K/4380K, paused 3ms+3ms, total 21ms
04-24 12:44:17.240 D/gralloc (  103): ==USE CPU CACHE OP usage = 0x933==
04-24 12:44:17.240 D/gralloc (  103): use ion  ram 
04-24 12:44:17.290 D/dalvikvm(  529): GC_EXPLICIT freed 197K, 17% free 3654K/4380K, paused 3ms+17ms, total 75ms
04-24 12:44:17.450 I/ActivityManager(  385): Start proc com.google.android.gsf.login for service com.google.android.gsf.login/com.google.android.gsf.loginservice.GoogleLoginService: pid=1259 uid=10008 gids={50008, 3003, 1007, 1028, 1015, 3002, 3001, 1006, 2001, 3006}
04-24 12:44:17.490 D/dalvikvm(  104): GC_EXPLICIT freed 38K, 11% free 3456K/3848K, paused 2ms+3ms, total 32ms
04-24 12:44:17.520 D/dalvikvm(  104): GC_EXPLICIT freed <1K, 11% free 3456K/3848K, paused 3ms+3ms, total 32ms
04-24 12:44:17.540 D/dalvikvm(  104): GC_EXPLICIT freed <1K, 11% free 3456K/3848K, paused 2ms+2ms, total 27ms
04-24 12:44:17.590 D/dalvikvm( 1236): GC_CONCURRENT freed 261K, 15% free 3708K/4320K, paused 53ms+7ms, total 118ms
04-24 12:44:17.590 D/dalvikvm( 1236): WAIT_FOR_CONCURRENT_GC blocked 19ms
04-24 12:44:17.590 D/dalvikvm( 1236): WAIT_FOR_CONCURRENT_GC blocked 21ms
04-24 12:44:17.590 W/GAV2    ( 1236): Thread[main,5,main]: Need to call initialize() and be in fallback mode to start dispatch.
04-24 12:44:17.600 E/Trace   ( 1259): error opening trace file: No such file or directory (2)
04-24 12:44:17.640 I/Velvet.VelvetFactory( 1236): refreshing internal icing corpora
04-24 12:44:17.690 D/SoftWinnerReceiver(  385): SoftWinnerReceiver recv ACTION_BOOT_COMPLETED.
04-24 12:44:17.690 I/SoftWinnerReceiver(  385): start softwinner service!
04-24 12:44:17.690 W/ContextImpl(  385): Calling a method in the system process without a qualified user: android.app.ContextImpl.startService:1352 android.content.ContextWrapper.startService:450 android.content.ContextWrapper.startService:450 com.softwinner.service.SoftWinnerReceiver.onReceive:55 android.app.ActivityThread.handleReceiver:2376 
04-24 12:44:17.790 D/dalvikvm(  385): GC_EXPLICIT freed 301K, 14% free 7492K/8624K, paused 36ms+39ms, total 152ms
04-24 12:44:17.810 I/Velvet.VelvetFactory( 1236): refreshing search history.
04-24 12:44:17.810 I/ActivityManager(  385): Start proc com.google.android.talk for broadcast com.google.android.talk/.videochat.BootCompleteReceiver: pid=1277 uid=10049 gids={50049, 3003, 1015, 1006, 1028, 3002}
04-24 12:44:17.820 I/SoftWinnerServer(  385): Starting SoftWinner Server.....
04-24 12:44:17.820 I/SoftWinnerServer(  385): Starting DisplayManagerService.....
04-24 12:44:17.820 D/DisplayManagerService(  385): DisplayManagerService Starting.......!
04-24 12:44:17.820 I/SoftWinnerServer(  385): Starting WifiDisplayManagerService.....
04-24 12:44:17.820 W/GAV2    ( 1236): Thread[Thread-110,5,main]: dispatch call queued.  Need to call GAServiceManager.getInstance().initialize().
04-24 12:44:17.820 I/Search.GservicesUpdateTask( 1236): Updating Gservices keys
04-24 12:44:17.820 D/WifiDisplayManagerService(  385): WifiDisplayManagerService Starting.......!
04-24 12:44:17.820 I/SoftWinnerServer(  385): Display Manager
04-24 12:44:17.820 I/SoftWinnerServer(  385): WifiDisplay Manager
04-24 12:44:17.830 W/ContextImpl(  385): Calling a method in the system process without a qualified user: android.app.ContextImpl.startService:1352 android.content.ContextWrapper.startService:450 com.softwinner.service.SoftWinnerServer.onStart:84 android.app.Service.onStartCommand:450 android.app.ActivityThread.handleServiceArgs:2656 
04-24 12:44:17.830 W/ContextImpl(  385): Calling a method in the system process without a qualified user: android.app.ContextImpl.startService:1352 android.content.ContextWrapper.startService:450 com.softwinner.service.SoftWinnerServer.onStart:86 android.app.Service.onStartCommand:450 android.app.ActivityThread.handleServiceArgs:2656 
04-24 12:44:17.900 E/Trace   ( 1277): error opening trace file: No such file or directory (2)
04-24 12:44:17.920 D/OtaService(  385): onCreate
04-24 12:44:17.970 W/ActivityManager(  385): Unable to start service Intent { act=com.google.android.gms.analytics.service.START (has extras) } U=0: not found
04-24 12:44:17.980 W/GAV2    (  736): Thread[Service Reconnect,5,main]: Service unavailable (code=1), using local store.
04-24 12:44:18.060 W/Sidekick_LocationOracleImpl( 1236): Best location was null
04-24 12:44:18.100 D/ConnectivityService(  385): handleInetConditionChange: no active default network - ignore
04-24 12:44:18.120 D/vclib:CallStateClient( 1277): startListening
04-24 12:44:18.160 I/talk    ( 1277): Refresh the supported camera state
04-24 12:44:18.220 D/dalvikvm( 1277): GC_CONCURRENT freed 306K, 16% free 3593K/4256K, paused 2ms+12ms, total 54ms
04-24 12:44:18.220 I/Search.RefreshSearchDomainAndCookiesTask( 1236): refreshing search domain
04-24 12:44:18.250 I/talk    ( 1277): supported front camera true
04-24 12:44:18.270 I/GLSUser ( 1259): GLS error: NetworkError qyl247@gmail.com oauth2:https://www.googleapis.com/auth/googlenow
04-24 12:44:18.280 D/dalvikvm( 1259): GC_CONCURRENT freed 276K, 15% free 3580K/4212K, paused 3ms+1ms, total 41ms
04-24 12:44:18.290 W/Search.LoginHelper( 1236): IO error: java.io.IOException
04-24 12:44:18.310 I/GLSUser ( 1259): GLS error: NetworkError qyl247@gmail.com oauth2:https://www.googleapis.com/auth/webhistory
04-24 12:44:18.320 W/Search.LoginHelper( 1236): IO error: java.io.IOException
04-24 12:44:18.370 I/GLSUser ( 1259): GLS error: NetworkError qyl247@gmail.com oauth2:https://www.googleapis.com/auth/googlenow
04-24 12:44:18.370 W/Search.LoginHelper( 1236): IO error: java.io.IOException
04-24 12:44:18.390 I/dalvikvm(  928): Could not find method android.os.UserManager.getApplicationRestrictions, referenced from method bov.b
04-24 12:44:18.390 W/dalvikvm(  928): VFY: unable to resolve virtual method 2774: Landroid/os/UserManager;.getApplicationRestrictions (Ljava/lang/String;)Landroid/os/Bundle;
04-24 12:44:18.390 D/dalvikvm(  928): VFY: replacing opcode 0x6e at 0x0012
04-24 12:44:18.390 I/dalvikvm(  928): Could not find method android.accounts.AccountManager.getAccountsByTypeForPackage, referenced from method bov.c
04-24 12:44:18.390 W/dalvikvm(  928): VFY: unable to resolve virtual method 1428: Landroid/accounts/AccountManager;.getAccountsByTypeForPackage (Ljava/lang/String;Ljava/lang/String;)[Landroid/accounts/Account;
04-24 12:44:18.390 D/dalvikvm(  928): VFY: replacing opcode 0x6e at 0x000c
04-24 12:44:18.390 I/dalvikvm(  928): Could not find method android.os.UserManager.getUserRestrictions, referenced from method bov.d
04-24 12:44:18.390 W/dalvikvm(  928): VFY: unable to resolve virtual method 2776: Landroid/os/UserManager;.getUserRestrictions ()Landroid/os/Bundle;
04-24 12:44:18.390 D/dalvikvm(  928): VFY: replacing opcode 0x6e at 0x000f
04-24 12:44:18.400 D/GCM     (  711): GcmService start Intent { act=android.intent.action.BOOT_COMPLETED flg=0x10 cmp=com.google.android.gms/.gcm.GcmService (has extras) } android.intent.action.BOOT_COMPLETED
04-24 12:44:18.500 I/dalvikvm(  711): Could not find method android.os.UserManager.getApplicationRestrictions, referenced from method bov.b
04-24 12:44:18.500 W/dalvikvm(  711): VFY: unable to resolve virtual method 2774: Landroid/os/UserManager;.getApplicationRestrictions (Ljava/lang/String;)Landroid/os/Bundle;
04-24 12:44:18.500 D/dalvikvm(  711): VFY: replacing opcode 0x6e at 0x0012
04-24 12:44:18.500 I/dalvikvm(  711): Could not find method android.accounts.AccountManager.getAccountsByTypeForPackage, referenced from method bov.c
04-24 12:44:18.500 W/dalvikvm(  711): VFY: unable to resolve virtual method 1428: Landroid/accounts/AccountManager;.getAccountsByTypeForPackage (Ljava/lang/String;Ljava/lang/String;)[Landroid/accounts/Account;
04-24 12:44:18.500 D/dalvikvm(  711): VFY: replacing opcode 0x6e at 0x000c
04-24 12:44:18.500 I/dalvikvm(  711): Could not find method android.os.UserManager.getUserRestrictions, referenced from method bov.d
04-24 12:44:18.500 W/dalvikvm(  711): VFY: unable to resolve virtual method 2776: Landroid/os/UserManager;.getUserRestrictions ()Landroid/os/Bundle;
04-24 12:44:18.500 D/dalvikvm(  711): VFY: replacing opcode 0x6e at 0x000f
04-24 12:44:18.510 D/dalvikvm(  928): GC_CONCURRENT freed 249K, 13% free 4284K/4892K, paused 5ms+51ms, total 127ms
04-24 12:44:18.510 W/BroadcastQueue(  385): Permission Denial: receiving Intent { act=android.bluetooth.adapter.action.STATE_CHANGED flg=0x8000010 (has extras) } to com.trevi/com.appyet.receiver.CommonReceiver requires android.permission.BLUETOOTH due to sender android (uid 1000)
04-24 12:44:18.520 E/Velvet.VelvetBackgroundTasksImpl( 1236): Background task refresh_search_history failed
04-24 12:44:18.520 E/Velvet.VelvetBackgroundTasksImpl( 1236): java.lang.NullPointerException
04-24 12:44:18.520 E/Velvet.VelvetBackgroundTasksImpl( 1236): 	at com.google.common.base.Preconditions.checkNotNull(Preconditions.java:187)
04-24 12:44:18.520 E/Velvet.VelvetBackgroundTasksImpl( 1236): 	at com.google.android.apps.sidekick.LocationOracleImpl.getBgHandler(LocationOracleImpl.java:270)
04-24 12:44:18.520 E/Velvet.VelvetBackgroundTasksImpl( 1236): 	at com.google.android.apps.sidekick.LocationOracleImpl.requestRecentLocation(LocationOracleImpl.java:522)
04-24 12:44:18.520 E/Velvet.VelvetBackgroundTasksImpl( 1236): 	at com.google.android.searchcommon.google.complete.CompleteServerClient.query(CompleteServerClient.java:157)
04-24 12:44:18.520 E/Velvet.VelvetBackgroundTasksImpl( 1236): 	at com.google.android.searchcommon.google.AbstractGoogleWebSource.doQueryInternal(AbstractGoogleWebSource.java:61)
04-24 12:44:18.520 E/Velvet.VelvetBackgroundTasksImpl( 1236): 	at com.google.android.searchcommon.google.AbstractGoogleSource.getSuggestions(AbstractGoogleSource.java:65)
04-24 12:44:18.520 E/Velvet.VelvetBackgroundTasksImpl( 1236): 	at com.google.android.searchcommon.google.WebSuggestSourceWrapper.getSuggestions(WebSuggestSourceWrapper.java:60)
04-24 12:44:18.520 E/Velvet.VelvetBackgroundTasksImpl( 1236): 	at com.google.android.searchcommon.google.WebSuggestSourceWithLocalHistory.getSuggestions(WebSuggestSourceWithLocalHistory.java:119)
04-24 12:44:18.520 E/Velvet.VelvetBackgroundTasksImpl( 1236): 	at com.google.android.searchcommon.google.WebSuggestSourceWrapper.getSuggestions(WebSuggestSourceWrapper.java:60)
04-24 12:44:18.520 E/Velvet.VelvetBackgroundTasksImpl( 1236): 	at com.google.android.searchcommon.google.ZeroQueryCachingWebSuggestSource.getSuggestions(ZeroQueryCachingWebSuggestSource.java:105)
04-24 12:44:18.520 E/Velvet.VelvetBackgroundTasksImpl( 1236): 	at com.google.android.searchcommon.google.WebSuggestSourceWrapper.getSuggestions(WebSuggestSourceWrapper.java:60)
04-24 12:44:18.520 E/Velvet.VelvetBackgroundTasksImpl( 1236): 	at com.google.android.searchcommon.google.DeletedQueryRemovingSourceWrapper.getSuggestions(DeletedQueryRemovingSourceWrapper.java:47)
04-24 12:44:18.520 E/Velvet.VelvetBackgroundTasksImpl( 1236): 	at com.google.android.velvet.VelvetFactory$1.call(VelvetFactory.java:586)
04-24 12:44:18.520 E/Velvet.VelvetBackgroundTasksImpl( 1236): 	at com.google.android.velvet.VelvetFactory$1.call(VelvetFactory.java:582)
04-24 12:44:18.520 E/Velvet.VelvetBackgroundTasksImpl( 1236): 	at java.util.concurrent.FutureTask.run(FutureTask.java:234)
04-24 12:44:18.520 E/Velvet.VelvetBackgroundTasksImpl( 1236): 	at com.google.android.searchcommon.util.NamingTaskExecutor$1.run(NamingTaskExecutor.java:50)
04-24 12:44:18.520 E/Velvet.VelvetBackgroundTasksImpl( 1236): 	at java.util.concurrent.Executors$RunnableAdapter.call(Executors.java:390)
04-24 12:44:18.520 E/Velvet.VelvetBackgroundTasksImpl( 1236): 	at java.util.concurrent.FutureTask.run(FutureTask.java:234)
04-24 12:44:18.520 E/Velvet.VelvetBackgroundTasksImpl( 1236): 	at java.util.concurrent.ScheduledThreadPoolExecutor$ScheduledFutureTask.access$201(ScheduledThreadPoolExecutor.java:153)
04-24 12:44:18.520 E/Velvet.VelvetBackgroundTasksImpl( 1236): 	at java.util.concurrent.ScheduledThreadPoolExecutor$ScheduledFutureTask.run(ScheduledThreadPoolExecutor.java:267)
04-24 12:44:18.520 E/Velvet.VelvetBackgroundTasksImpl( 1236): 	at java.util.concurrent.ThreadPoolExecutor.runWorker(ThreadPoolExecutor.java:1080)
04-24 12:44:18.520 E/Velvet.VelvetBackgroundTasksImpl( 1236): 	at java.util.concurrent.ThreadPoolExecutor$Worker.run(ThreadPoolExecutor.java:573)
04-24 12:44:18.520 E/Velvet.VelvetBackgroundTasksImpl( 1236): 	at java.lang.Thread.run(Thread.java:856)
04-24 12:44:18.520 E/Velvet.VelvetBackgroundTasksImpl( 1236): 	at com.google.android.searchcommon.util.PriorityThreadFactory$1.run(PriorityThreadFactory.java:49)
04-24 12:44:18.640 V/AuthZen (  928): Received a GCM message.
04-24 12:44:18.690 V/AuthZen (  928): [DefaultAuthzenGcmReceiverDelegateService] Received an Authzen GCM message.
04-24 12:44:18.700 D/dalvikvm( 1236): GC_CONCURRENT freed 303K, 15% free 3850K/4508K, paused 17ms+47ms, total 221ms
04-24 12:44:18.810 D/dalvikvm( 1042): GC_CONCURRENT freed 271K, 15% free 3610K/4228K, paused 3ms+77ms, total 206ms
04-24 12:44:18.840 D/dalvikvm(  736): GC_CONCURRENT freed 282K, 15% free 3758K/4392K, paused 3ms+20ms, total 39ms
04-24 12:44:18.900 I/GCoreUlr(  928): Starting service, intent=Intent { act=com.google.android.location.reporting.ACTION_UPDATE_WORLD cmp=com.google.android.gms/com.google.android.location.reporting.service.DispatchingService (has extras) }, extras=Bundle[{receiverAction=android.intent.action.BOOT_COMPLETED}]
04-24 12:44:18.930 I/GCoreUlr(  661): Starting service, intent=Intent { act=com.google.android.location.reporting.ACTION_UPDATE_WORLD cmp=com.google.android.gms/com.google.android.location.reporting.service.DispatchingService (has extras) }, extras=Bundle[{receiverAction=com.google.android.location.internal.server.ACTION_RESTARTED}]
04-24 12:44:18.960 D/AuthZen (  928): authzen received event: android.intent.action.BOOT_COMPLETED
04-24 12:44:19.010 D/BluetoothAdapterService(1088869840)(  816): getState(): mAdapterProperties: com.android.bluetooth.btservice.AdapterProperties@40e6eef8
04-24 12:44:19.020 D/BluetoothManagerService(  385): checkIfCallerIsForegroundUser: valid=true callingUser=0 foregroundUser=0
04-24 12:44:19.020 W/BluetoothAdapter(  816): getBluetoothService() called with no BluetoothManagerCallback
04-24 12:44:19.030 E/BluetoothServiceJni(  816): SOCK FLAG = 1 ***********************
04-24 12:44:19.030 I/GCoreUlr(  661): WorldUpdater received intent Intent { act=com.google.android.location.reporting.ACTION_UPDATE_WORLD cmp=com.google.android.gms/com.google.android.location.reporting.service.DispatchingService (has extras) } with receiverAction android.intent.action.BOOT_COMPLETED
04-24 12:44:19.030 D/dalvikvm(  928): Trying to load lib /data/app-lib/com.google.android.gms-2/libAppDataSearch.so 0x40e6c240
04-24 12:44:19.070 W/ContextImpl(  901): Calling a method in the system process without a qualified user: android.app.ContextImpl.startService:1352 android.content.ContextWrapper.startService:450 android.content.ContextWrapper.startService:450 com.android.settings.bluetooth.DockEventReceiver.beginStartingService:134 com.android.settings.bluetooth.DockEventReceiver.onReceive:115 
04-24 12:44:19.090 D/BluetoothPbap(  901): Proxy object connected
04-24 12:44:19.090 D/PbapServerProfile(  901): Bluetooth service connected
04-24 12:44:19.100 D/dalvikvm(  928): Added shared lib /data/app-lib/com.google.android.gms-2/libAppDataSearch.so 0x40e6c240
04-24 12:44:19.100 D/dalvikvm(  928): No JNI_OnLoad found in /data/app-lib/com.google.android.gms-2/libAppDataSearch.so 0x40e6c240, skipping init
04-24 12:44:19.110 D/DockEventReceiver(  901): finishStartingService: stopping service
04-24 12:44:19.200 W/BroadcastQueue(  385): Permission Denial: receiving Intent { act=android.bluetooth.adapter.action.STATE_CHANGED flg=0x8000010 (has extras) } to com.trevi/com.appyet.receiver.CommonReceiver requires android.permission.BLUETOOTH due to sender android (uid 1000)
04-24 12:44:19.210 D/dalvikvm(  816): GC_CONCURRENT freed 255K, 15% free 3623K/4232K, paused 11ms+5ms, total 61ms
04-24 12:44:19.220 D/BluetoothManagerService(  385): checkIfCallerIsForegroundUser: valid=true callingUser=0 foregroundUser=0
04-24 12:44:19.230 D/BluetoothAdapterService(1088869840)(  816): getState(): mAdapterProperties: com.android.bluetooth.btservice.AdapterProperties@40e6eef8
04-24 12:44:19.240 W/BluetoothAdapter(  816): getBluetoothService() called with no BluetoothManagerCallback
04-24 12:44:19.240 E/BluetoothServiceJni(  816): SOCK FLAG = 0 ***********************
04-24 12:44:19.240 I/BtOppRfcommListener(  816): Accept thread started.
04-24 12:44:19.290 D/dalvikvm(  928): GC_CONCURRENT freed 978K, 26% free 3761K/5060K, paused 3ms+7ms, total 60ms
04-24 12:44:19.310 D/GCM     (  711): GcmService start Intent { act=com.google.android.gms.INITIALIZE flg=0x10 pkg=com.google.android.gms cmp=com.google.android.gms/.gcm.GcmService } com.google.android.gms.INITIALIZE
04-24 12:44:19.320 W/ActivityManager(  385): Permission denied: checkComponentPermission() owningUid=10008
04-24 12:44:19.320 W/BroadcastQueue(  385): Permission Denial: broadcasting Intent { act=com.google.android.location.internal.server.ACTION_RESTARTED flg=0x10 } from com.google.android.apps.maps (pid=891, uid=10026) is not exported from uid 10008 due to receiver com.google.android.gms/com.google.android.location.reporting.service.ExternalChangeReceiver
04-24 12:44:19.400 D/GCM     (  711): GcmService start Intent { act=com.google.android.gms.INITIALIZE flg=0x10 pkg=com.google.android.gms cmp=com.google.android.gms/.gcm.GcmService } com.google.android.gms.INITIALIZE
04-24 12:44:19.440 I/GCoreUlr(  661): Starting service, intent=Intent { act=com.google.android.location.reporting.ACTION_UPDATE_WORLD cmp=com.google.android.gms/com.google.android.location.reporting.service.DispatchingService (has extras) }, extras=Bundle[{receiverAction=com.google.android.location.internal.server.ACTION_RESTARTED}]
04-24 12:44:19.480 I/ActivityManager(  385): Start proc com.android.calendar for broadcast com.android.calendar/.alerts.AlertReceiver: pid=1348 uid=10005 gids={50005, 3003, 1028}
04-24 12:44:19.530 E/Trace   ( 1348): error opening trace file: No such file or directory (2)
04-24 12:44:19.550 I/GoogleHttpClient(  661): Falling back to old http client 0 java.lang.NoSuchMethodException: <init> [class android.content.Context, class java.lang.String, boolean]
04-24 12:44:19.640 E/pixel   (  736): Unable to resolve host "www.appyet.com": No address associated with hostname
04-24 12:44:19.640 W/System.err(  736): java.net.UnknownHostException: Unable to resolve host "www.appyet.com": No address associated with hostname
04-24 12:44:19.660 D/dalvikvm(  928): GC_CONCURRENT freed 319K, 23% free 3915K/5060K, paused 4ms+33ms, total 147ms
04-24 12:44:19.670 W/System.err(  736): 	at java.net.InetAddress.lookupHostByName(InetAddress.java:424)
04-24 12:44:19.670 W/System.err(  736): 	at java.net.InetAddress.getAllByNameImpl(InetAddress.java:236)
04-24 12:44:19.670 W/System.err(  736): 	at java.net.InetAddress.getAllByName(InetAddress.java:214)
04-24 12:44:19.670 W/System.err(  736): 	at org.apache.http.impl.conn.DefaultClientConnectionOperator.openConnection(DefaultClientConnectionOperator.java:137)
04-24 12:44:19.670 W/System.err(  736): 	at org.apache.http.impl.conn.AbstractPoolEntry.open(AbstractPoolEntry.java:164)
04-24 12:44:19.670 W/System.err(  736): 	at org.apache.http.impl.conn.AbstractPooledConnAdapter.open(AbstractPooledConnAdapter.java:119)
04-24 12:44:19.670 W/System.err(  736): 	at org.apache.http.impl.client.DefaultRequestDirector.execute(DefaultRequestDirector.java:360)
04-24 12:44:19.670 W/System.err(  736): 	at org.apache.http.impl.client.AbstractHttpClient.execute(AbstractHttpClient.java:555)
04-24 12:44:19.670 W/System.err(  736): 	at org.apache.http.impl.client.AbstractHttpClient.execute(AbstractHttpClient.java:487)
04-24 12:44:19.670 W/System.err(  736): 	at org.apache.http.impl.client.AbstractHttpClient.execute(AbstractHttpClient.java:465)
04-24 12:44:19.670 W/System.err(  736): 	at com.appyet.manager.bi.a(Unknown Source)
04-24 12:44:19.670 W/System.err(  736): 	at com.appyet.manager.aj.a(Unknown Source)
04-24 12:44:19.670 W/System.err(  736): 	at com.appyet.manager.bn.a(Unknown Source)
04-24 12:44:19.670 W/System.err(  736): 	at com.appyet.receiver.a.e(Unknown Source)
04-24 12:44:19.670 W/System.err(  736): 	at com.appyet.receiver.a.b(Unknown Source)
04-24 12:44:19.670 W/System.err(  736): 	at com.appyet.f.c.call(Unknown Source)
04-24 12:44:19.670 W/System.err(  736): 	at java.util.concurrent.FutureTask.run(FutureTask.java:234)
04-24 12:44:19.670 W/System.err(  736): 	at java.util.concurrent.ThreadPoolExecutor.runWorker(ThreadPoolExecutor.java:1080)
04-24 12:44:19.670 W/System.err(  736): 	at java.util.concurrent.ThreadPoolExecutor$Worker.run(ThreadPoolExecutor.java:573)
04-24 12:44:19.670 W/System.err(  736): 	at java.lang.Thread.run(Thread.java:856)
04-24 12:44:19.670 W/System.err(  736): Caused by: libcore.io.GaiException: getaddrinfo failed: EAI_NODATA (No address associated with hostname)
04-24 12:44:19.700 D/AlertReceiver( 1348): onReceive: a=android.intent.action.PROVIDER_CHANGED Intent { act=android.intent.action.PROVIDER_CHANGED dat=content://com.android.calendar flg=0x10 cmp=com.android.calendar/.alerts.AlertReceiver }
04-24 12:44:19.710 D/dalvikvm(  661): GC_CONCURRENT freed 323K, 17% free 4654K/5552K, paused 13ms+37ms, total 105ms
04-24 12:44:19.720 D/AlertUtils( 1348): Flushing old alerts from shared prefs table
04-24 12:44:19.740 D/AlertService( 1348): 0 Action = android.intent.action.PROVIDER_CHANGED
04-24 12:44:19.740 D/AlertService( 1348): Beginning updateAlertNotification
04-24 12:44:19.740 W/System.err(  736): 	at libcore.io.Posix.getaddrinfo(Native Method)
04-24 12:44:19.740 W/System.err(  736): 	at libcore.io.ForwardingOs.getaddrinfo(ForwardingOs.java:59)
04-24 12:44:19.740 W/System.err(  736): 	at java.net.InetAddress.lookupHostByName(InetAddress.java:405)
04-24 12:44:19.740 W/System.err(  736): 	... 19 more
04-24 12:44:19.740 W/Search.RefreshSearchDomainAndCookiesTask( 1236): Search parameters fetch failed: java.net.UnknownHostException: Unable to resolve host "www.google.com": No address associated with hostname
04-24 12:44:19.740 W/Search.RefreshSearchDomainAndCookiesTask( 1236): Search parameters fetch failed
04-24 12:44:19.770 W/System.err(  736): Caused by: libcore.io.ErrnoException: getaddrinfo failed: ENETUNREACH (Network is unreachable)
04-24 12:44:19.770 W/System.err(  736): 	... 22 more
04-24 12:44:19.840 W/System.err(  661): java.net.UnknownHostException: Unable to resolve host "www.google.com": No address associated with hostname
04-24 12:44:19.850 W/System.err(  661): 	at java.net.InetAddress.lookupHostByName(InetAddress.java:424)
04-24 12:44:19.850 W/System.err(  661): 	at java.net.InetAddress.getAllByNameImpl(InetAddress.java:236)
04-24 12:44:19.850 W/System.err(  661): 	at java.net.InetAddress.getAllByName(InetAddress.java:214)
04-24 12:44:19.850 W/System.err(  661): 	at org.apache.http.impl.conn.DefaultClientConnectionOperator.openConnection(DefaultClientConnectionOperator.java:137)
04-24 12:44:19.850 W/System.err(  661): 	at org.apache.http.impl.conn.AbstractPoolEntry.open(AbstractPoolEntry.java:164)
04-24 12:44:19.850 W/System.err(  661): 	at org.apache.http.impl.conn.AbstractPooledConnAdapter.open(AbstractPooledConnAdapter.java:119)
04-24 12:44:19.850 W/System.err(  661): 	at org.apache.http.impl.client.DefaultRequestDirector.execute(DefaultRequestDirector.java:360)
04-24 12:44:19.850 W/System.err(  661): 	at org.apache.http.impl.client.AbstractHttpClient.execute(AbstractHttpClient.java:555)
