04-23 14:28:42.610 D/ConnectivityService(  452): captivePortalCheckCompleted: ni=NetworkInfo: type: WIFI[], state: CONNECTED/CONNECTED, reason: (unspecified), extra: "XP-3f", roaming: false, failover: false, isAvailable: true, isConnectedToProvisioningNetwork: false captive=false
04-23 14:28:48.530 D/ConnectivityService(  452): handleInetConditionHoldEnd: net=1, condition=100, published condition=0
04-23 14:28:51.830 I/PowerManagerService(  452): Going to sleep by user request...
04-23 14:29:02.050 D/PowerManagerService(  452): mHoldBootFastWakeLock = false
04-23 14:29:02.060 I/PowerManagerService(  452): Waking up from sleep...
04-23 14:29:02.060 W/ContextImpl( 1762): Calling a method in the system process without a qualified user: android.app.ContextImpl.sendBroadcast:1123 android.content.ContextWrapper.sendBroadcast:365 android.content.ContextWrapper.sendBroadcast:365 com.allwinnertech.sleepandwakeupclock.AlarmReceiver.onReceive:30 android.app.ActivityThread.handleReceiver:2419 
04-23 14:29:02.070 I/WindowManager(  452): No lock screen! windowToken=null
04-23 14:29:12.130 I/PowerManagerService(  452): Going to sleep by user request...
04-23 14:29:23.050 I/PowerManagerService(  452): Waking up from sleep...
04-23 14:29:23.050 I/WindowManager(  452): No lock screen! windowToken=null
04-23 14:29:23.070 W/ContextImpl( 1762): Calling a method in the system process without a qualified user: android.app.ContextImpl.sendBroadcast:1123 android.content.ContextWrapper.sendBroadcast:365 android.content.ContextWrapper.sendBroadcast:365 com.allwinnertech.sleepandwakeupclock.AlarmReceiver.onReceive:30 android.app.ActivityThread.handleReceiver:2419 
04-23 14:29:33.190 I/PowerManagerService(  452): Going to sleep by user request...
04-23 14:29:44.060 D/PowerManagerService(  452): mHoldBootFastWakeLock = false
04-23 14:29:44.060 I/PowerManagerService(  452): Waking up from sleep...
04-23 14:29:44.070 I/WindowManager(  452): No lock screen! windowToken=null
04-23 14:29:44.240 W/ContextImpl( 1762): Calling a method in the system process without a qualified user: android.app.ContextImpl.sendBroadcast:1123 android.content.ContextWrapper.sendBroadcast:365 android.content.ContextWrapper.sendBroadcast:365 com.allwinnertech.sleepandwakeupclock.AlarmReceiver.onReceive:30 android.app.ActivityThread.handleReceiver:2419 
04-23 14:29:54.300 I/PowerManagerService(  452): Going to sleep by user request...
04-23 14:30:00.070 D/PowerManagerService(  452): mHoldBootFastWakeLock = false
04-23 14:30:04.330 I/PowerManagerService(  452): Waking up from sleep...
04-23 14:30:04.350 I/WindowManager(  452): No lock screen! windowToken=null
04-23 14:30:04.450 W/ContextImpl( 1762): Calling a method in the system process without a qualified user: android.app.ContextImpl.sendBroadcast:1123 android.content.ContextWrapper.sendBroadcast:365 android.content.ContextWrapper.sendBroadcast:365 com.allwinnertech.sleepandwakeupclock.AlarmReceiver.onReceive:30 android.app.ActivityThread.handleReceiver:2419 
04-23 14:30:14.650 I/PowerManagerService(  452): Going to sleep by user request...
04-23 14:30:25.080 D/PowerManagerService(  452): mHoldBootFastWakeLock = false
04-23 14:30:25.100 I/PowerManagerService(  452): Waking up from sleep...
04-23 14:30:25.110 I/WindowManager(  452): No lock screen! windowToken=null
04-23 14:30:25.270 W/ContextImpl( 1762): Calling a method in the system process without a qualified user: android.app.ContextImpl.sendBroadcast:1123 android.content.ContextWrapper.sendBroadcast:365 android.content.ContextWrapper.sendBroadcast:365 com.allwinnertech.sleepandwakeupclock.AlarmReceiver.onReceive:30 android.app.ActivityThread.handleReceiver:2419 
04-23 14:30:35.300 I/PowerManagerService(  452): Going to sleep by user request...
04-23 14:30:46.050 I/PowerManagerService(  452): Waking up from sleep...
04-23 14:30:46.070 I/WindowManager(  452): No lock screen! windowToken=null
04-23 14:30:46.100 W/ContextImpl( 1762): Calling a method in the system process without a qualified user: android.app.ContextImpl.sendBroadcast:1123 android.content.ContextWrapper.sendBroadcast:365 android.content.ContextWrapper.sendBroadcast:365 com.allwinnertech.sleepandwakeupclock.AlarmReceiver.onReceive:30 android.app.ActivityThread.handleReceiver:2419 
04-23 14:30:56.350 I/PowerManagerService(  452): Going to sleep by user request...
04-23 14:30:59.050 D/PowerManagerService(  452): mHoldBootFastWakeLock = false
04-23 14:31:06.340 I/PowerManagerService(  452): Waking up from sleep...
04-23 14:31:06.350 I/WindowManager(  452): No lock screen! windowToken=null
04-23 14:31:06.450 W/ContextImpl( 1762): Calling a method in the system process without a qualified user: android.app.ContextImpl.sendBroadcast:1123 android.content.ContextWrapper.sendBroadcast:365 android.content.ContextWrapper.sendBroadcast:365 com.allwinnertech.sleepandwakeupclock.AlarmReceiver.onReceive:30 android.app.ActivityThread.handleReceiver:2419 
04-23 14:31:15.390 D/PowerManagerService(  452): mHoldBootFastWakeLock = false
04-23 14:31:16.640 I/PowerManagerService(  452): Going to sleep by user request...
04-23 14:31:28.060 D/PowerManagerService(  452): mHoldBootFastWakeLock = false
04-23 14:31:28.060 I/PowerManagerService(  452): Waking up from sleep...
04-23 14:31:28.070 I/WindowManager(  452): No lock screen! windowToken=null
04-23 14:31:28.270 W/ContextImpl( 1762): Calling a method in the system process without a qualified user: android.app.ContextImpl.sendBroadcast:1123 android.content.ContextWrapper.sendBroadcast:365 android.content.ContextWrapper.sendBroadcast:365 com.allwinnertech.sleepandwakeupclock.AlarmReceiver.onReceive:30 android.app.ActivityThread.handleReceiver:2419 
04-23 14:31:38.370 I/PowerManagerService(  452): Going to sleep by user request...
04-23 14:31:50.080 D/PowerManagerService(  452): mHoldBootFastWakeLock = false
04-23 14:31:50.100 I/PowerManagerService(  452): Waking up from sleep...
04-23 14:31:50.130 I/WindowManager(  452): No lock screen! windowToken=null
04-23 14:31:50.150 W/ContextImpl( 1762): Calling a method in the system process without a qualified user: android.app.ContextImpl.sendBroadcast:1123 android.content.ContextWrapper.sendBroadcast:365 android.content.ContextWrapper.sendBroadcast:365 com.allwinnertech.sleepandwakeupclock.AlarmReceiver.onReceive:30 android.app.ActivityThread.handleReceiver:2419 
04-23 14:32:00.320 I/PowerManagerService(  452): Going to sleep by user request...
04-23 14:32:12.060 D/PowerManagerService(  452): mHoldBootFastWakeLock = false
04-23 14:32:12.160 I/PowerManagerService(  452): Waking up from sleep...
04-23 14:32:12.160 I/WindowManager(  452): No lock screen! windowToken=null
04-23 14:32:12.330 W/ContextImpl( 1762): Calling a method in the system process without a qualified user: android.app.ContextImpl.sendBroadcast:1123 android.content.ContextWrapper.sendBroadcast:365 android.content.ContextWrapper.sendBroadcast:365 com.allwinnertech.sleepandwakeupclock.AlarmReceiver.onReceive:30 android.app.ActivityThread.handleReceiver:2419 
04-23 14:32:22.380 I/PowerManagerService(  452): Going to sleep by user request...
04-23 14:32:33.040 D/PowerManagerService(  452): mHoldBootFastWakeLock = false
04-23 14:32:33.050 I/PowerManagerService(  452): Waking up from sleep...
04-23 14:32:33.060 W/ContextImpl( 1762): Calling a method in the system process without a qualified user: android.app.ContextImpl.sendBroadcast:1123 android.content.ContextWrapper.sendBroadcast:365 android.content.ContextWrapper.sendBroadcast:365 com.allwinnertech.sleepandwakeupclock.AlarmReceiver.onReceive:30 android.app.ActivityThread.handleReceiver:2419 
04-23 14:32:33.060 I/WindowManager(  452): No lock screen! windowToken=null
04-23 14:32:43.130 I/PowerManagerService(  452): Going to sleep by user request...
04-23 14:32:54.050 I/PowerManagerService(  452): Waking up from sleep...
04-23 14:32:54.060 I/WindowManager(  452): No lock screen! windowToken=null
04-23 14:32:54.290 W/ContextImpl( 1762): Calling a method in the system process without a qualified user: android.app.ContextImpl.sendBroadcast:1123 android.content.ContextWrapper.sendBroadcast:365 android.content.ContextWrapper.sendBroadcast:365 com.allwinnertech.sleepandwakeupclock.AlarmReceiver.onReceive:30 android.app.ActivityThread.handleReceiver:2419 
04-23 14:33:04.340 I/PowerManagerService(  452): Going to sleep by user request...
04-23 14:33:15.060 D/PowerManagerService(  452): mHoldBootFastWakeLock = false
04-23 14:33:15.060 I/PowerManagerService(  452): Waking up from sleep...
04-23 14:33:15.070 I/WindowManager(  452): No lock screen! windowToken=null
04-23 14:33:15.150 W/ContextImpl( 1762): Calling a method in the system process without a qualified user: android.app.ContextImpl.sendBroadcast:1123 android.content.ContextWrapper.sendBroadcast:365 android.content.ContextWrapper.sendBroadcast:365 com.allwinnertech.sleepandwakeupclock.AlarmReceiver.onReceive:30 android.app.ActivityThread.handleReceiver:2419 
04-23 14:33:25.300 I/PowerManagerService(  452): Going to sleep by user request...
04-23 14:33:37.100 I/PowerManagerService(  452): Waking up from sleep...
04-23 14:33:37.100 I/WindowManager(  452): No lock screen! windowToken=null
04-23 14:33:37.190 W/ContextImpl( 1762): Calling a method in the system process without a qualified user: android.app.ContextImpl.sendBroadcast:1123 android.content.ContextWrapper.sendBroadcast:365 android.content.ContextWrapper.sendBroadcast:365 com.allwinnertech.sleepandwakeupclock.AlarmReceiver.onReceive:30 android.app.ActivityThread.handleReceiver:2419 
04-23 14:33:47.350 I/PowerManagerService(  452): Going to sleep by user request...
04-23 14:33:58.060 D/PowerManagerService(  452): mHoldBootFastWakeLock = false
04-23 14:33:58.060 I/PowerManagerService(  452): Waking up from sleep...
04-23 14:33:58.070 I/WindowManager(  452): No lock screen! windowToken=null
04-23 14:33:58.260 W/ContextImpl( 1762): Calling a method in the system process without a qualified user: android.app.ContextImpl.sendBroadcast:1123 android.content.ContextWrapper.sendBroadcast:365 android.content.ContextWrapper.sendBroadcast:365 com.allwinnertech.sleepandwakeupclock.AlarmReceiver.onReceive:30 android.app.ActivityThread.handleReceiver:2419 
04-23 14:34:08.320 I/PowerManagerService(  452): Going to sleep by user request...
04-23 14:34:20.060 D/PowerManagerService(  452): mHoldBootFastWakeLock = false
04-23 14:34:20.060 I/PowerManagerService(  452): Waking up from sleep...
04-23 14:34:20.080 I/WindowManager(  452): No lock screen! windowToken=null
04-23 14:34:20.260 W/ContextImpl( 1762): Calling a method in the system process without a qualified user: android.app.ContextImpl.sendBroadcast:1123 android.content.ContextWrapper.sendBroadcast:365 android.content.ContextWrapper.sendBroadcast:365 com.allwinnertech.sleepandwakeupclock.AlarmReceiver.onReceive:30 android.app.ActivityThread.handleReceiver:2419 
04-23 14:34:30.330 I/PowerManagerService(  452): Going to sleep by user request...
04-23 14:34:42.060 D/PowerManagerService(  452): mHoldBootFastWakeLock = false
04-23 14:34:42.070 I/PowerManagerService(  452): Waking up from sleep...
04-23 14:34:42.090 I/WindowManager(  452): No lock screen! windowToken=null
04-23 14:34:42.150 W/ContextImpl( 1762): Calling a method in the system process without a qualified user: android.app.ContextImpl.sendBroadcast:1123 android.content.ContextWrapper.sendBroadcast:365 android.content.ContextWrapper.sendBroadcast:365 com.allwinnertech.sleepandwakeupclock.AlarmReceiver.onReceive:30 android.app.ActivityThread.handleReceiver:2419 
04-23 14:34:52.330 I/PowerManagerService(  452): Going to sleep by user request...
04-23 14:35:03.060 D/PowerManagerService(  452): mHoldBootFastWakeLock = false
04-23 14:35:03.080 I/PowerManagerService(  452): Waking up from sleep...
04-23 14:35:03.090 I/WindowManager(  452): No lock screen! windowToken=null
04-23 14:35:03.120 W/ContextImpl( 1762): Calling a method in the system process without a qualified user: android.app.ContextImpl.sendBroadcast:1123 android.content.ContextWrapper.sendBroadcast:365 android.content.ContextWrapper.sendBroadcast:365 com.allwinnertech.sleepandwakeupclock.AlarmReceiver.onReceive:30 android.app.ActivityThread.handleReceiver:2419 
04-23 14:35:13.350 I/PowerManagerService(  452): Going to sleep by user request...
04-23 14:35:19.160 D/ConnectivityService(  452): ConnectivityChange for WIFI: DISCONNECTED/DISCONNECTED
04-23 14:35:19.160 D/ConnectivityService(  452): tryFailover: set mActiveDefaultNetwork=-1, prevNetType=1
04-23 14:35:19.160 D/PowerManagerService(  452): mHoldBootFastWakeLock = false
04-23 14:35:19.180 D/ConnectivityService(  452): Attempting to switch to mobile
04-23 14:35:19.180 D/ConnectivityService(  452): Attempting to switch to BLUETOOTH_TETHER
04-23 14:35:19.180 D/EthernetDataTracker(  452): ConnectNetwork: Up is true, mLinkUp is false, On is false, mIface 
04-23 14:35:19.180 D/ConnectivityService(  452): Attempting to switch to ETHERNET
04-23 14:35:19.200 D/ConnectivityService(  452): resetConnections(wlan0, 3)
04-23 14:35:19.230 D/Nat464Xlat(  452): requiresClat: netType=1, hasIPv4Address=false
04-23 14:35:19.240 D/ConnectivityService(  452): ConnectivityChange for WIFI: DISCONNECTED/DISCONNECTED
04-23 14:35:19.240 D/ConnectivityService(  452): Attempting to switch to mobile
04-23 14:35:19.240 D/ConnectivityService(  452): Attempting to switch to BLUETOOTH_TETHER
04-23 14:35:19.240 D/EthernetDataTracker(  452): ConnectNetwork: Up is true, mLinkUp is false, On is false, mIface 
04-23 14:35:19.240 D/ConnectivityService(  452): Attempting to switch to ETHERNET
04-23 14:35:19.240 D/Nat464Xlat(  452): requiresClat: netType=1, hasIPv4Address=false
04-23 14:35:19.290 D/ConnectivityService(  452): handleInetConditionChange: no active default network - ignore
04-23 14:35:22.270 D/ConnectivityService(  452): setProvNotificationVisible: E visible=false networkType=1 extraInfo=null url=null
04-23 14:35:22.810 D/ConnectivityService(  452): Captive portal check NetworkInfo: type: WIFI[], state: CONNECTING/CAPTIVE_PORTAL_CHECK, reason: (unspecified), extra: "XP-3f", roaming: false, failover: false, isAvailable: true, isConnectedToProvisioningNetwork: false
04-23 14:35:22.810 D/ConnectivityService(  452): handleCaptivePortalTrackerCheck: call captivePortalCheckComplete ni=NetworkInfo: type: WIFI[], state: CONNECTING/CAPTIVE_PORTAL_CHECK, reason: (unspecified), extra: "XP-3f", roaming: false, failover: false, isAvailable: true, isConnectedToProvisioningNetwork: false
04-23 14:35:22.810 D/ConnectivityService(  452): Captive portal check NetworkInfo: type: WIFI[], state: CONNECTING/CAPTIVE_PORTAL_CHECK, reason: (unspecified), extra: "XP-3f", roaming: false, failover: false, isAvailable: true, isConnectedToProvisioningNetwork: false
04-23 14:35:22.810 D/ConnectivityService(  452): handleCaptivePortalTrackerCheck: call captivePortalCheckComplete ni=NetworkInfo: type: WIFI[], state: CONNECTING/CAPTIVE_PORTAL_CHECK, reason: (unspecified), extra: "XP-3f", roaming: false, failover: false, isAvailable: true, isConnectedToProvisioningNetwork: false
04-23 14:35:22.830 D/ConnectivityService(  452): ConnectivityChange for WIFI: CONNECTED/CONNECTED
04-23 14:35:22.840 E/ConnectivityService(  452): Unexpected mtu value: android.net.wifi.WifiStateTracker@42240148
04-23 14:35:22.880 D/Nat464Xlat(  452): requiresClat: netType=1, hasIPv4Address=true
04-23 14:35:22.880 D/ConnectivityService(  452): ConnectivityChange for WIFI: CONNECTED/CONNECTED
04-23 14:35:22.910 E/ConnectivityService(  452): Unexpected mtu value: android.net.wifi.WifiStateTracker@42240148
04-23 14:35:22.930 D/ConnectivityService(  452): handleConnectivityChange: address are the same reset per doReset linkProperty[1]: resetMask=0
04-23 14:35:22.930 D/Nat464Xlat(  452): requiresClat: netType=1, hasIPv4Address=true
04-23 14:35:23.330 I/PowerManagerService(  452): Waking up from sleep...
04-23 14:35:23.330 W/ContextImpl( 1762): Calling a method in the system process without a qualified user: android.app.ContextImpl.sendBroadcast:1123 android.content.ContextWrapper.sendBroadcast:365 android.content.ContextWrapper.sendBroadcast:365 com.allwinnertech.sleepandwakeupclock.AlarmReceiver.onReceive:30 android.app.ActivityThread.handleReceiver:2419 
04-23 14:35:23.350 I/WindowManager(  452): No lock screen! windowToken=null
04-23 14:35:23.840 D/ConnectivityService(  452): NetTransition Wakelock for ConnectedState released by timeout
04-23 14:35:24.410 D/ConnectivityService(  452): handleConnectivityChange: addresses changed linkProperty[1]: resetMask=0
04-23 14:35:24.410 D/ConnectivityService(  452):    car=removed=[] added=[fe80::222:f4ff:fef9:1147/64,]
04-23 14:35:24.420 D/Nat464Xlat(  452): requiresClat: netType=1, hasIPv4Address=true
04-23 14:35:24.440 D/ConnectivityService(  452): handleConnectivityChange: address are the same reset per doReset linkProperty[1]: resetMask=0
04-23 14:35:24.440 D/Nat464Xlat(  452): requiresClat: netType=1, hasIPv4Address=true
04-23 14:35:29.080 D/ConnectivityService(  452): handleInetConditionHoldEnd: net=1, condition=0, published condition=0
04-23 14:35:33.450 I/PowerManagerService(  452): Going to sleep by user request...
04-23 14:35:34.260 D/ConnectivityService(  452): Sampling interval elapsed, updating statistics ..
04-23 14:35:34.310 D/ConnectivityService(  452): Done.
04-23 14:35:34.310 D/ConnectivityService(  452): Setting timer for 720seconds
04-23 14:35:44.070 D/PowerManagerService(  452): mHoldBootFastWakeLock = false
04-23 14:35:44.070 I/PowerManagerService(  452): Waking up from sleep...
04-23 14:35:44.100 I/WindowManager(  452): No lock screen! windowToken=null
04-23 14:35:44.130 W/ContextImpl( 1762): Calling a method in the system process without a qualified user: android.app.ContextImpl.sendBroadcast:1123 android.content.ContextWrapper.sendBroadcast:365 android.content.ContextWrapper.sendBroadcast:365 com.allwinnertech.sleepandwakeupclock.AlarmReceiver.onReceive:30 android.app.ActivityThread.handleReceiver:2419 
04-23 14:35:44.440 D/ConnectivityService(  452): setProvNotificationVisible: E visible=false networkType=1 extraInfo=null url=null
04-23 14:35:46.470 D/ConnectivityService(  452): handleInetConditionHoldEnd: net=1, condition=100, published condition=0
04-23 14:35:50.380 W/ContextImpl(  452): Calling a method in the system process without a qualified user: android.app.ContextImpl.sendBroadcast:1137 android.net.CaptivePortalTracker.sendNetworkConditionsBroadcast:507 android.net.CaptivePortalTracker.isCaptivePortal:399 android.net.CaptivePortalTracker.access$2600:60 android.net.CaptivePortalTracker$DelayedCaptiveCheckState.processMessage:283 
04-23 14:35:50.380 D/ConnectivityService(  452): captivePortalCheckCompleted: ni=NetworkInfo: type: WIFI[], state: CONNECTED/CONNECTED, reason: (unspecified), extra: "XP-3f", roaming: false, failover: false, isAvailable: true, isConnectedToProvisioningNetwork: false captive=false
04-23 14:35:54.290 I/PowerManagerService(  452): Going to sleep by user request...
04-23 14:36:05.050 D/PowerManagerService(  452): mHoldBootFastWakeLock = false
04-23 14:36:05.060 I/PowerManagerService(  452): Waking up from sleep...
04-23 14:36:05.060 W/ContextImpl( 1762): Calling a method in the system process without a qualified user: android.app.ContextImpl.sendBroadcast:1123 android.content.ContextWrapper.sendBroadcast:365 android.content.ContextWrapper.sendBroadcast:365 com.allwinnertech.sleepandwakeupclock.AlarmReceiver.onReceive:30 android.app.ActivityThread.handleReceiver:2419 
04-23 14:36:05.080 I/WindowManager(  452): No lock screen! windowToken=null
04-23 14:36:11.990 D/ConnectivityService(  452): handleInetConditionHoldEnd: net=1, condition=0, published condition=100
04-23 14:36:15.180 I/PowerManagerService(  452): Going to sleep by user request...
04-23 14:36:17.070 D/PowerManagerService(  452): mHoldBootFastWakeLock = false
04-23 14:36:23.050 D/PowerManagerService(  452): mHoldBootFastWakeLock = false
04-23 14:36:25.230 I/PowerManagerService(  452): Waking up from sleep...
04-23 14:36:25.250 I/WindowManager(  452): No lock screen! windowToken=null
04-23 14:36:25.430 W/ContextImpl( 1762): Calling a method in the system process without a qualified user: android.app.ContextImpl.sendBroadcast:1123 android.content.ContextWrapper.sendBroadcast:365 android.content.ContextWrapper.sendBroadcast:365 com.allwinnertech.sleepandwakeupclock.AlarmReceiver.onReceive:30 android.app.ActivityThread.handleReceiver:2419 
04-23 14:36:25.940 D/ConnectivityService(  452): handleInetConditionHoldEnd: net=1, condition=100, published condition=0
04-23 14:36:32.360 D/ConnectivityService(  452): handleInetConditionHoldEnd: net=1, condition=0, published condition=100
--------- beginning of /dev/log/main
04-23 14:36:35.530 V/SleepAndWakeUpTest( 1762): scheduleInstanceStateChange
04-23 14:36:35.530 I/PowerManagerService(  452): Going to sleep by user request...
04-23 14:36:35.560 V/SleepAndWakeUpTest( 1762): goToSleep
04-23 14:36:36.010 D/SurfaceFlinger(  114): Screen released, type=0 flinger=0x40db1450
04-23 14:36:36.070 V/audio_hw_primary(  117): adev_set_parameters, screen_state=off
04-23 14:36:36.070 I/qtaguid (  452): Failed write_ctrl(s 0 10012) res=-1 errno=1
04-23 14:36:36.070 W/NetworkManagementSocketTagger(  452): setKernelCountSet(10012, 0) failed with errno -1
04-23 14:36:36.510 D/PowerManagerService-JNI(  452): Excessive delay in autosuspend_enable() while turning screen off: 383ms
04-23 14:36:47.060 D/PowerManagerService(  452): mHoldBootFastWakeLock = false
04-23 14:36:47.070 V/SleepAndWakeUpTest( 1762): AlarmReceiver
04-23 14:36:47.070 D/SensorManager(  452): >>>>>>> set discard sensrtime =3
04-23 14:36:47.070 I/PowerManagerService(  452): Waking up from sleep...
04-23 14:36:47.100 V/KeyguardServiceDelegate(  452): onScreenTurnedOn(showListener = com.android.internal.policy.impl.PhoneWindowManager$18@41fab0d0)
04-23 14:36:47.100 V/KeyguardServiceDelegate(  452): **** SHOWN CALLED ****
04-23 14:36:47.100 I/WindowManager(  452): No lock screen! windowToken=null
04-23 14:36:47.120 V/SleepAndWakeUpTest( 1762): wakeUp
04-23 14:36:47.120 W/ContextImpl( 1762): Calling a method in the system process without a qualified user: android.app.ContextImpl.sendBroadcast:1123 android.content.ContextWrapper.sendBroadcast:365 android.content.ContextWrapper.sendBroadcast:365 com.allwinnertech.sleepandwakeupclock.AlarmReceiver.onReceive:30 android.app.ActivityThread.handleReceiver:2419 
04-23 14:36:47.130 D/SurfaceFlinger(  114): Screen acquired, type=0 flinger=0x40db1450
04-23 14:36:47.130 V/SleepAndWakeUpTest( 1762): mBroadcastReceiver
04-23 14:36:47.220 V/audio_hw_primary(  117): adev_set_parameters, screen_state=on
04-23 14:36:47.260 V/SleepAndWakeUpTest( 1762): cancelScheduledInstance
04-23 14:36:47.290 I/qtaguid (  452): Failed write_ctrl(s 1 10012) res=-1 errno=1
04-23 14:36:47.290 W/NetworkManagementSocketTagger(  452): setKernelCountSet(10012, 1) failed with errno -1
04-23 14:36:47.360 D/dalvikvm(  517): GC_CONCURRENT freed 2055K, 50% free 10424K/20792K, paused 2ms+7ms, total 61ms
04-23 14:36:48.130 D/GCM     (  824): Connected
04-23 14:36:48.170 I/GCM     (  824): GCM message com.google.android.gsf.gtalkservice 
04-23 14:36:48.240 D/GCM     (  824): Message class fon
04-23 14:36:48.490 D/SensorManager(  452): discard gsensor data ...
04-23 14:36:48.650 D/ConnectivityService(  452): handleInetConditionHoldEnd: net=1, condition=100, published condition=0
04-23 14:36:50.590 D/SensorManager(  452): discard gsensor data ...
04-23 14:36:51.010 D/SensorManager(  452): discard gsensor data ...
04-23 14:36:57.300 V/SleepAndWakeUpTest( 1762): scheduleInstanceStateChange
04-23 14:36:57.320 I/PowerManagerService(  452): Going to sleep by user request...
04-23 14:36:57.330 V/SleepAndWakeUpTest( 1762): goToSleep
04-23 14:36:57.770 D/SurfaceFlinger(  114): Screen released, type=0 flinger=0x40db1450
04-23 14:36:57.860 V/audio_hw_primary(  117): adev_set_parameters, screen_state=off
04-23 14:36:57.870 I/qtaguid (  452): Failed write_ctrl(s 0 10012) res=-1 errno=1
04-23 14:36:57.870 W/NetworkManagementSocketTagger(  452): setKernelCountSet(10012, 0) failed with errno -1
04-23 14:36:57.890 D/SurfaceControl(  452): Excessive delay in blankDisplay() while turning screen off: 124ms
04-23 14:36:58.300 D/PowerManagerService-JNI(  452): Excessive delay in autosuspend_enable() while turning screen off: 378ms
04-23 14:37:09.150 D/dalvikvm(  452): GC_FOR_ALLOC freed 984K, 13% free 10225K/11752K, paused 100ms, total 100ms
04-23 14:37:09.150 V/SleepAndWakeUpTest( 1762): AlarmReceiver
04-23 14:37:09.150 D/PowerManagerService(  452): mHoldBootFastWakeLock = false
04-23 14:37:09.160 D/SensorManager(  452): >>>>>>> set discard sensrtime =3
04-23 14:37:09.160 V/SleepAndWakeUpTest( 1762): wakeUp
04-23 14:37:09.160 I/PowerManagerService(  452): Waking up from sleep...
04-23 14:37:09.160 W/ContextImpl( 1762): Calling a method in the system process without a qualified user: android.app.ContextImpl.sendBroadcast:1123 android.content.ContextWrapper.sendBroadcast:365 android.content.ContextWrapper.sendBroadcast:365 com.allwinnertech.sleepandwakeupclock.AlarmReceiver.onReceive:30 android.app.ActivityThread.handleReceiver:2419 
04-23 14:37:09.170 V/SleepAndWakeUpTest( 1762): mBroadcastReceiver
04-23 14:37:09.170 V/SleepAndWakeUpTest( 1762): cancelScheduledInstance
04-23 14:37:09.170 V/KeyguardServiceDelegate(  452): onScreenTurnedOn(showListener = com.android.internal.policy.impl.PhoneWindowManager$18@42585b98)
04-23 14:37:09.190 V/KeyguardServiceDelegate(  452): **** SHOWN CALLED ****
04-23 14:37:09.190 I/WindowManager(  452): No lock screen! windowToken=null
04-23 14:37:09.200 D/SurfaceFlinger(  114): Screen acquired, type=0 flinger=0x40db1450
04-23 14:37:09.270 V/audio_hw_primary(  117): adev_set_parameters, screen_state=on
04-23 14:37:09.330 I/qtaguid (  452): Failed write_ctrl(s 1 10012) res=-1 errno=1
04-23 14:37:09.340 W/NetworkManagementSocketTagger(  452): setKernelCountSet(10012, 1) failed with errno -1
04-23 14:37:09.430 D/dalvikvm(  625): GC_CONCURRENT freed 410K, 9% free 4770K/5216K, paused 2ms+2ms, total 29ms
04-23 14:37:09.660 D/SensorManager(  452): discard gsensor data ...
04-23 14:37:09.730 D/SensorManager(  452): discard gsensor data ...
04-23 14:37:10.010 D/SensorManager(  452): discard gsensor data ...
04-23 14:37:19.200 V/SleepAndWakeUpTest( 1762): scheduleInstanceStateChange
04-23 14:37:19.220 I/PowerManagerService(  452): Going to sleep by user request...
04-23 14:37:19.270 V/SleepAndWakeUpTest( 1762): goToSleep
04-23 14:37:19.760 D/SurfaceFlinger(  114): Screen released, type=0 flinger=0x40db1450
04-23 14:37:19.810 V/audio_hw_primary(  117): adev_set_parameters, screen_state=off
04-23 14:37:19.810 I/qtaguid (  452): Failed write_ctrl(s 0 10012) res=-1 errno=1
04-23 14:37:19.810 W/NetworkManagementSocketTagger(  452): setKernelCountSet(10012, 0) failed with errno -1
04-23 14:37:20.250 D/PowerManagerService-JNI(  452): Excessive delay in autosuspend_enable() while turning screen off: 381ms
04-23 14:37:21.540 D/PowerManagerService(  452): mHoldBootFastWakeLock = false
04-23 14:37:29.250 V/SleepAndWakeUpTest( 1762): AlarmReceiver
04-23 14:37:29.260 D/SensorManager(  452): >>>>>>> set discard sensrtime =3
04-23 14:37:29.260 V/KeyguardServiceDelegate(  452): onScreenTurnedOn(showListener = com.android.internal.policy.impl.PhoneWindowManager$18@4247b2f0)
04-23 14:37:29.260 I/PowerManagerService(  452): Waking up from sleep...
04-23 14:37:29.270 V/KeyguardServiceDelegate(  452): **** SHOWN CALLED ****
04-23 14:37:29.270 I/WindowManager(  452): No lock screen! windowToken=null
04-23 14:37:29.360 D/SurfaceFlinger(  114): Screen acquired, type=0 flinger=0x40db1450
04-23 14:37:29.360 V/SleepAndWakeUpTest( 1762): wakeUp
04-23 14:37:29.360 W/ContextImpl( 1762): Calling a method in the system process without a qualified user: android.app.ContextImpl.sendBroadcast:1123 android.content.ContextWrapper.sendBroadcast:365 android.content.ContextWrapper.sendBroadcast:365 com.allwinnertech.sleepandwakeupclock.AlarmReceiver.onReceive:30 android.app.ActivityThread.handleReceiver:2419 
04-23 14:37:29.440 V/audio_hw_primary(  117): adev_set_parameters, screen_state=on
04-23 14:37:29.460 I/qtaguid (  452): Failed write_ctrl(s 1 10012) res=-1 errno=1
04-23 14:37:29.460 W/NetworkManagementSocketTagger(  452): setKernelCountSet(10012, 1) failed with errno -1
04-23 14:37:29.470 D/SensorManager(  452): discard gsensor data ...
04-23 14:37:29.540 V/SleepAndWakeUpTest( 1762): mBroadcastReceiver
04-23 14:37:29.550 V/SleepAndWakeUpTest( 1762): cancelScheduledInstance
04-23 14:37:31.150 D/SensorManager(  452): discard gsensor data ...
04-23 14:37:32.130 D/SensorManager(  452): discard gsensor data ...
04-23 14:37:39.590 V/SleepAndWakeUpTest( 1762): scheduleInstanceStateChange
04-23 14:37:39.610 I/PowerManagerService(  452): Going to sleep by user request...
04-23 14:37:39.630 V/SleepAndWakeUpTest( 1762): goToSleep
04-23 14:37:40.120 D/SurfaceFlinger(  114): Screen released, type=0 flinger=0x40db1450
04-23 14:37:40.150 V/audio_hw_primary(  117): adev_set_parameters, screen_state=off
04-23 14:37:40.150 I/qtaguid (  452): Failed write_ctrl(s 0 10012) res=-1 errno=1
04-23 14:37:40.150 W/NetworkManagementSocketTagger(  452): setKernelCountSet(10012, 0) failed with errno -1
04-23 14:37:40.590 D/PowerManagerService-JNI(  452): Excessive delay in autosuspend_enable() while turning screen off: 382ms
04-23 14:37:50.050 D/PowerManagerService(  452): mHoldBootFastWakeLock = false
04-23 14:37:50.070 I/EventLogService(  824): Aggregate from 1398233255079 (log), 1398233255079 (data)
04-23 14:37:50.070 I/ActivityManager(  452): Delay finish: com.google.android.gsf/.checkin.EventLogService$Receiver
04-23 14:37:50.140 I/ActivityManager(  452): Resuming delayed broadcast
04-23 14:37:50.150 V/SleepAndWakeUpTest( 1762): AlarmReceiver
04-23 14:37:50.150 D/SensorManager(  452): >>>>>>> set discard sensrtime =3
04-23 14:37:50.150 I/PowerManagerService(  452): Waking up from sleep...
04-23 14:37:50.170 V/KeyguardServiceDelegate(  452): onScreenTurnedOn(showListener = com.android.internal.policy.impl.PhoneWindowManager$18@424a0938)
04-23 14:37:50.170 V/KeyguardServiceDelegate(  452): **** SHOWN CALLED ****
04-23 14:37:50.170 I/WindowManager(  452): No lock screen! windowToken=null
04-23 14:37:50.200 D/SurfaceFlinger(  114): Screen acquired, type=0 flinger=0x40db1450
04-23 14:37:50.200 V/SleepAndWakeUpTest( 1762): wakeUp
04-23 14:37:50.200 W/ContextImpl( 1762): Calling a method in the system process without a qualified user: android.app.ContextImpl.sendBroadcast:1123 android.content.ContextWrapper.sendBroadcast:365 android.content.ContextWrapper.sendBroadcast:365 com.allwinnertech.sleepandwakeupclock.AlarmReceiver.onReceive:30 android.app.ActivityThread.handleReceiver:2419 
04-23 14:37:50.210 V/SleepAndWakeUpTest( 1762): mBroadcastReceiver
04-23 14:37:50.310 D/dalvikvm(  824): GC_CONCURRENT freed 396K, 10% free 5104K/5636K, paused 3ms+94ms, total 191ms
04-23 14:37:50.310 D/dalvikvm(  824): WAIT_FOR_CONCURRENT_GC blocked 171ms
04-23 14:37:50.310 V/SleepAndWakeUpTest( 1762): cancelScheduledInstance
04-23 14:37:50.320 V/audio_hw_primary(  117): adev_set_parameters, screen_state=on
04-23 14:37:50.330 I/qtaguid (  452): Failed write_ctrl(s 1 10012) res=-1 errno=1
04-23 14:37:50.330 W/NetworkManagementSocketTagger(  452): setKernelCountSet(10012, 1) failed with errno -1
04-23 14:37:50.860 D/SensorManager(  452): discard gsensor data ...
04-23 14:37:50.930 D/SensorManager(  452): discard gsensor data ...
04-23 14:37:51.350 D/SensorManager(  452): discard gsensor data ...
04-23 14:37:51.700 D/dalvikvm(  452): GC_FOR_ALLOC freed 989K, 13% free 10232K/11752K, paused 122ms, total 122ms
04-23 14:38:00.340 V/SleepAndWakeUpTest( 1762): scheduleInstanceStateChange
04-23 14:38:00.350 I/PowerManagerService(  452): Going to sleep by user request...
04-23 14:38:00.400 V/SleepAndWakeUpTest( 1762): goToSleep
04-23 14:38:00.840 D/SurfaceFlinger(  114): Screen released, type=0 flinger=0x40db1450
04-23 14:38:00.920 V/audio_hw_primary(  117): adev_set_parameters, screen_state=off
04-23 14:38:00.940 I/qtaguid (  452): Failed write_ctrl(s 0 10012) res=-1 errno=1
04-23 14:38:00.940 W/NetworkManagementSocketTagger(  452): setKernelCountSet(10012, 0) failed with errno -1
04-23 14:38:00.960 D/SurfaceControl(  452): Excessive delay in blankDisplay() while turning screen off: 114ms
04-23 14:38:01.370 D/PowerManagerService-JNI(  452): Excessive delay in autosuspend_enable() while turning screen off: 382ms
04-23 14:38:11.090 D/PowerManagerService(  452): mHoldBootFastWakeLock = false
04-23 14:38:11.100 V/SleepAndWakeUpTest( 1762): AlarmReceiver
04-23 14:38:11.110 D/SensorManager(  452): >>>>>>> set discard sensrtime =3
04-23 14:38:11.110 I/PowerManagerService(  452): Waking up from sleep...
04-23 14:38:11.130 V/KeyguardServiceDelegate(  452): onScreenTurnedOn(showListener = com.android.internal.policy.impl.PhoneWindowManager$18@42433890)
04-23 14:38:11.130 V/KeyguardServiceDelegate(  452): **** SHOWN CALLED ****
04-23 14:38:11.130 I/WindowManager(  452): No lock screen! windowToken=null
04-23 14:38:11.160 D/SurfaceFlinger(  114): Screen acquired, type=0 flinger=0x40db1450
04-23 14:38:11.160 V/SleepAndWakeUpTest( 1762): wakeUp
04-23 14:38:11.160 W/ContextImpl( 1762): Calling a method in the system process without a qualified user: android.app.ContextImpl.sendBroadcast:1123 android.content.ContextWrapper.sendBroadcast:365 android.content.ContextWrapper.sendBroadcast:365 com.allwinnertech.sleepandwakeupclock.AlarmReceiver.onReceive:30 android.app.ActivityThread.handleReceiver:2419 
04-23 14:38:11.170 V/SleepAndWakeUpTest( 1762): mBroadcastReceiver
04-23 14:38:11.250 V/audio_hw_primary(  117): adev_set_parameters, screen_state=on
04-23 14:38:11.270 V/SleepAndWakeUpTest( 1762): cancelScheduledInstance
04-23 14:38:11.270 I/qtaguid (  452): Failed write_ctrl(s 1 10012) res=-1 errno=1
04-23 14:38:11.270 W/NetworkManagementSocketTagger(  452): setKernelCountSet(10012, 1) failed with errno -1
04-23 14:38:11.820 D/SensorManager(  452): discard gsensor data ...
04-23 14:38:12.310 D/SensorManager(  452): discard gsensor data ...
04-23 14:38:13.710 D/SensorManager(  452): discard gsensor data ...
04-23 14:38:21.320 V/SleepAndWakeUpTest( 1762): scheduleInstanceStateChange
04-23 14:38:21.340 I/PowerManagerService(  452): Going to sleep by user request...
04-23 14:38:21.350 V/SleepAndWakeUpTest( 1762): goToSleep
04-23 14:38:21.790 D/SurfaceFlinger(  114): Screen released, type=0 flinger=0x40db1450
04-23 14:38:21.860 V/audio_hw_primary(  117): adev_set_parameters, screen_state=off
04-23 14:38:21.880 I/qtaguid (  452): Failed write_ctrl(s 0 10012) res=-1 errno=1
04-23 14:38:21.880 W/NetworkManagementSocketTagger(  452): setKernelCountSet(10012, 0) failed with errno -1
04-23 14:38:22.310 D/PowerManagerService-JNI(  452): Excessive delay in autosuspend_enable() while turning screen off: 386ms
04-23 14:38:32.050 D/PowerManagerService(  452): mHoldBootFastWakeLock = false
04-23 14:38:32.060 V/SleepAndWakeUpTest( 1762): AlarmReceiver
04-23 14:38:32.060 I/PowerManagerService(  452): Waking up from sleep...
04-23 14:38:32.070 D/SensorManager(  452): >>>>>>> set discard sensrtime =3
04-23 14:38:32.090 V/KeyguardServiceDelegate(  452): onScreenTurnedOn(showListener = com.android.internal.policy.impl.PhoneWindowManager$18@42282458)
04-23 14:38:32.090 V/KeyguardServiceDelegate(  452): **** SHOWN CALLED ****
04-23 14:38:32.090 I/WindowManager(  452): No lock screen! windowToken=null
04-23 14:38:32.110 D/SurfaceFlinger(  114): Screen acquired, type=0 flinger=0x40db1450
04-23 14:38:32.110 V/SleepAndWakeUpTest( 1762): wakeUp
04-23 14:38:32.110 W/ContextImpl( 1762): Calling a method in the system process without a qualified user: android.app.ContextImpl.sendBroadcast:1123 android.content.ContextWrapper.sendBroadcast:365 android.content.ContextWrapper.sendBroadcast:365 com.allwinnertech.sleepandwakeupclock.AlarmReceiver.onReceive:30 android.app.ActivityThread.handleReceiver:2419 
04-23 14:38:32.190 V/audio_hw_primary(  117): adev_set_parameters, screen_state=on
04-23 14:38:32.260 V/SleepAndWakeUpTest( 1762): mBroadcastReceiver
04-23 14:38:32.260 V/SleepAndWakeUpTest( 1762): cancelScheduledInstance
04-23 14:38:32.280 I/qtaguid (  452): Failed write_ctrl(s 1 10012) res=-1 errno=1
04-23 14:38:32.280 W/NetworkManagementSocketTagger(  452): setKernelCountSet(10012, 1) failed with errno -1
04-23 14:38:32.500 D/SensorManager(  452): discard gsensor data ...
04-23 14:38:34.600 D/SensorManager(  452): discard gsensor data ...
04-23 14:38:34.740 D/SensorManager(  452): discard gsensor data ...
04-23 14:38:42.300 V/SleepAndWakeUpTest( 1762): scheduleInstanceStateChange
04-23 14:38:42.330 I/PowerManagerService(  452): Going to sleep by user request...
04-23 14:38:42.340 V/SleepAndWakeUpTest( 1762): goToSleep
04-23 14:38:42.780 D/SurfaceFlinger(  114): Screen released, type=0 flinger=0x40db1450
04-23 14:38:42.870 V/audio_hw_primary(  117): adev_set_parameters, screen_state=off
04-23 14:38:42.880 I/qtaguid (  452): Failed write_ctrl(s 0 10012) res=-1 errno=1
04-23 14:38:42.880 W/NetworkManagementSocketTagger(  452): setKernelCountSet(10012, 0) failed with errno -1
04-23 14:38:42.890 D/SurfaceControl(  452): Excessive delay in blankDisplay() while turning screen off: 116ms
04-23 14:38:43.320 D/PowerManagerService-JNI(  452): Excessive delay in autosuspend_enable() while turning screen off: 396ms
04-23 14:38:53.120 D/dalvikvm(  452): GC_FOR_ALLOC freed 978K, 14% free 10219K/11752K, paused 83ms, total 84ms
04-23 14:38:53.140 V/SleepAndWakeUpTest( 1762): AlarmReceiver
04-23 14:38:53.140 D/PowerManagerService(  452): mHoldBootFastWakeLock = false
04-23 14:38:53.150 D/SensorManager(  452): >>>>>>> set discard sensrtime =3
04-23 14:38:53.150 V/KeyguardServiceDelegate(  452): onScreenTurnedOn(showListener = com.android.internal.policy.impl.PhoneWindowManager$18@4253e778)
04-23 14:38:53.150 I/PowerManagerService(  452): Waking up from sleep...
04-23 14:38:53.160 V/KeyguardServiceDelegate(  452): **** SHOWN CALLED ****
04-23 14:38:53.160 I/WindowManager(  452): No lock screen! windowToken=null
04-23 14:38:53.200 V/audio_hw_primary(  117): adev_set_parameters, screen_state=on
04-23 14:38:53.240 V/SleepAndWakeUpTest( 1762): wakeUp
04-23 14:38:53.280 I/qtaguid (  452): Failed write_ctrl(s 1 10012) res=-1 errno=1
04-23 14:38:53.280 W/NetworkManagementSocketTagger(  452): setKernelCountSet(10012, 1) failed with errno -1
04-23 14:38:53.290 W/ContextImpl( 1762): Calling a method in the system process without a qualified user: android.app.ContextImpl.sendBroadcast:1123 android.content.ContextWrapper.sendBroadcast:365 android.content.ContextWrapper.sendBroadcast:365 com.allwinnertech.sleepandwakeupclock.AlarmReceiver.onReceive:30 android.app.ActivityThread.handleReceiver:2419 
04-23 14:38:53.310 V/SleepAndWakeUpTest( 1762): mBroadcastReceiver
04-23 14:38:53.310 D/SurfaceFlinger(  114): Screen acquired, type=0 flinger=0x40db1450
04-23 14:38:53.320 V/SleepAndWakeUpTest( 1762): cancelScheduledInstance
04-23 14:38:53.320 D/SurfaceControl(  452): Excessive delay in unblankDisplay() while turning screen on: 102ms
04-23 14:38:53.920 D/SensorManager(  452): discard gsensor data ...
04-23 14:38:53.990 D/SensorManager(  452): discard gsensor data ...
04-23 14:38:54.060 D/SensorManager(  452): discard gsensor data ...
04-23 14:39:03.380 V/SleepAndWakeUpTest( 1762): scheduleInstanceStateChange
04-23 14:39:03.380 I/PowerManagerService(  452): Going to sleep by user request...
04-23 14:39:03.400 V/SleepAndWakeUpTest( 1762): goToSleep
04-23 14:39:03.830 D/SurfaceFlinger(  114): Screen released, type=0 flinger=0x40db1450
04-23 14:39:03.900 V/audio_hw_primary(  117): adev_set_parameters, screen_state=off
04-23 14:39:03.930 I/qtaguid (  452): Failed write_ctrl(s 0 10012) res=-1 errno=1
04-23 14:39:03.930 W/NetworkManagementSocketTagger(  452): setKernelCountSet(10012, 0) failed with errno -1
04-23 14:39:04.320 D/PowerManagerService-JNI(  452): Excessive delay in autosuspend_enable() while turning screen off: 379ms
04-23 14:39:14.060 V/SleepAndWakeUpTest( 1762): AlarmReceiver
04-23 14:39:14.060 D/PowerManagerService(  452): mHoldBootFastWakeLock = false
04-23 14:39:14.070 D/SensorManager(  452): >>>>>>> set discard sensrtime =3
04-23 14:39:14.070 I/PowerManagerService(  452): Waking up from sleep...
04-23 14:39:14.090 V/KeyguardServiceDelegate(  452): onScreenTurnedOn(showListener = com.android.internal.policy.impl.PhoneWindowManager$18@4232d3e8)
04-23 14:39:14.100 V/KeyguardServiceDelegate(  452): **** SHOWN CALLED ****
04-23 14:39:14.100 I/WindowManager(  452): No lock screen! windowToken=null
04-23 14:39:14.110 D/SurfaceFlinger(  114): Screen acquired, type=0 flinger=0x40db1450
04-23 14:39:14.110 V/SleepAndWakeUpTest( 1762): wakeUp
04-23 14:39:14.110 W/ContextImpl( 1762): Calling a method in the system process without a qualified user: android.app.ContextImpl.sendBroadcast:1123 android.content.ContextWrapper.sendBroadcast:365 android.content.ContextWrapper.sendBroadcast:365 com.allwinnertech.sleepandwakeupclock.AlarmReceiver.onReceive:30 android.app.ActivityThread.handleReceiver:2419 
04-23 14:39:14.120 V/SleepAndWakeUpTest( 1762): mBroadcastReceiver
04-23 14:39:14.210 V/audio_hw_primary(  117): adev_set_parameters, screen_state=on
04-23 14:39:14.210 V/SleepAndWakeUpTest( 1762): cancelScheduledInstance
04-23 14:39:14.230 I/qtaguid (  452): Failed write_ctrl(s 1 10012) res=-1 errno=1
04-23 14:39:14.230 W/NetworkManagementSocketTagger(  452): setKernelCountSet(10012, 1) failed with errno -1
04-23 14:39:14.640 D/SensorManager(  452): discard gsensor data ...
04-23 14:39:14.780 D/SensorManager(  452): discard gsensor data ...
04-23 14:39:14.920 D/SensorManager(  452): discard gsensor data ...
04-23 14:39:24.230 V/SleepAndWakeUpTest( 1762): scheduleInstanceStateChange
04-23 14:39:24.250 I/PowerManagerService(  452): Going to sleep by user request...
04-23 14:39:24.290 V/SleepAndWakeUpTest( 1762): goToSleep
04-23 14:39:24.780 D/SurfaceFlinger(  114): Screen released, type=0 flinger=0x40db1450
04-23 14:39:24.840 V/audio_hw_primary(  117): adev_set_parameters, screen_state=off
04-23 14:39:24.840 I/qtaguid (  452): Failed write_ctrl(s 0 10012) res=-1 errno=1
04-23 14:39:24.850 W/NetworkManagementSocketTagger(  452): setKernelCountSet(10012, 0) failed with errno -1
04-23 14:39:24.900 D/dalvikvm(  517): GC_CONCURRENT freed 1837K, 50% free 10490K/20792K, paused 3ms+31ms, total 84ms
04-23 14:39:25.270 D/PowerManagerService-JNI(  452): Excessive delay in autosuspend_enable() while turning screen off: 384ms
04-23 14:39:35.060 D/PowerManagerService(  452): mHoldBootFastWakeLock = false
04-23 14:39:35.070 V/SleepAndWakeUpTest( 1762): AlarmReceiver
04-23 14:39:35.070 D/SensorManager(  452): >>>>>>> set discard sensrtime =3
04-23 14:39:35.070 I/PowerManagerService(  452): Waking up from sleep...
04-23 14:39:35.090 V/KeyguardServiceDelegate(  452): onScreenTurnedOn(showListener = com.android.internal.policy.impl.PhoneWindowManager$18@4236d4e0)
04-23 14:39:35.090 V/KeyguardServiceDelegate(  452): **** SHOWN CALLED ****
04-23 14:39:35.090 I/WindowManager(  452): No lock screen! windowToken=null
04-23 14:39:35.120 D/SurfaceFlinger(  114): Screen acquired, type=0 flinger=0x40db1450
04-23 14:39:35.120 V/SleepAndWakeUpTest( 1762): wakeUp
04-23 14:39:35.120 W/ContextImpl( 1762): Calling a method in the system process without a qualified user: android.app.ContextImpl.sendBroadcast:1123 android.content.ContextWrapper.sendBroadcast:365 android.content.ContextWrapper.sendBroadcast:365 com.allwinnertech.sleepandwakeupclock.AlarmReceiver.onReceive:30 android.app.ActivityThread.handleReceiver:2419 
04-23 14:39:35.220 V/SleepAndWakeUpTest( 1762): mBroadcastReceiver
04-23 14:39:35.230 V/audio_hw_primary(  117): adev_set_parameters, screen_state=on
04-23 14:39:35.280 V/SleepAndWakeUpTest( 1762): cancelScheduledInstance
04-23 14:39:35.280 I/qtaguid (  452): Failed write_ctrl(s 1 10012) res=-1 errno=1
04-23 14:39:35.280 W/NetworkManagementSocketTagger(  452): setKernelCountSet(10012, 1) failed with errno -1
04-23 14:39:35.310 D/dalvikvm(  637): GC_CONCURRENT freed 1743K, 25% free 9894K/13180K, paused 5ms+5ms, total 113ms
04-23 14:39:35.570 D/SensorManager(  452): discard gsensor data ...
04-23 14:39:35.640 D/SensorManager(  452): discard gsensor data ...
04-23 14:39:36.550 D/SensorManager(  452): discard gsensor data ...
04-23 14:39:36.730 D/dalvikvm(  452): GC_FOR_ALLOC freed 956K, 13% free 10225K/11752K, paused 164ms, total 164ms
04-23 14:39:45.320 V/SleepAndWakeUpTest( 1762): scheduleInstanceStateChange
04-23 14:39:45.340 I/PowerManagerService(  452): Going to sleep by user request...
04-23 14:39:45.360 V/SleepAndWakeUpTest( 1762): goToSleep
04-23 14:39:45.800 D/SurfaceFlinger(  114): Screen released, type=0 flinger=0x40db1450
04-23 14:39:45.890 V/audio_hw_primary(  117): adev_set_parameters, screen_state=off
04-23 14:39:45.890 I/qtaguid (  452): Failed write_ctrl(s 0 10012) res=-1 errno=1
04-23 14:39:45.890 W/NetworkManagementSocketTagger(  452): setKernelCountSet(10012, 0) failed with errno -1
04-23 14:39:45.910 D/SurfaceControl(  452): Excessive delay in blankDisplay() while turning screen off: 117ms
04-23 14:39:46.330 D/PowerManagerService-JNI(  452): Excessive delay in autosuspend_enable() while turning screen off: 383ms
04-23 14:39:56.050 D/PowerManagerService(  452): mHoldBootFastWakeLock = false
04-23 14:39:56.060 V/SleepAndWakeUpTest( 1762): AlarmReceiver
04-23 14:39:56.060 D/SensorManager(  452): >>>>>>> set discard sensrtime =3
04-23 14:39:56.060 V/KeyguardServiceDelegate(  452): onScreenTurnedOn(showListener = com.android.internal.policy.impl.PhoneWindowManager$18@42443470)
04-23 14:39:56.060 I/PowerManagerService(  452): Waking up from sleep...
04-23 14:39:56.070 V/KeyguardServiceDelegate(  452): **** SHOWN CALLED ****
04-23 14:39:56.070 V/SleepAndWakeUpTest( 1762): wakeUp
04-23 14:39:56.070 D/SurfaceFlinger(  114): Screen acquired, type=0 flinger=0x40db1450
04-23 14:39:56.070 I/WindowManager(  452): No lock screen! windowToken=null
04-23 14:39:56.070 W/ContextImpl( 1762): Calling a method in the system process without a qualified user: android.app.ContextImpl.sendBroadcast:1123 android.content.ContextWrapper.sendBroadcast:365 android.content.ContextWrapper.sendBroadcast:365 com.allwinnertech.sleepandwakeupclock.AlarmReceiver.onReceive:30 android.app.ActivityThread.handleReceiver:2419 
04-23 14:39:56.120 V/SleepAndWakeUpTest( 1762): mBroadcastReceiver
04-23 14:39:56.130 V/audio_hw_primary(  117): adev_set_parameters, screen_state=on
04-23 14:39:56.160 V/SleepAndWakeUpTest( 1762): cancelScheduledInstance
04-23 14:39:56.180 I/qtaguid (  452): Failed write_ctrl(s 1 10012) res=-1 errno=1
04-23 14:39:56.180 W/NetworkManagementSocketTagger(  452): setKernelCountSet(10012, 1) failed with errno -1
04-23 14:39:56.480 D/SensorManager(  452): discard gsensor data ...
04-23 14:39:56.620 D/SensorManager(  452): discard gsensor data ...
04-23 14:39:57.320 D/SensorManager(  452): discard gsensor data ...
04-23 14:40:06.180 V/SleepAndWakeUpTest( 1762): scheduleInstanceStateChange
04-23 14:40:06.210 I/PowerManagerService(  452): Going to sleep by user request...
04-23 14:40:06.250 V/SleepAndWakeUpTest( 1762): goToSleep
04-23 14:40:06.760 V/audio_hw_primary(  117): adev_set_parameters, screen_state=off
04-23 14:40:06.770 I/qtaguid (  452): Failed write_ctrl(s 0 10012) res=-1 errno=1
04-23 14:40:06.770 W/NetworkManagementSocketTagger(  452): setKernelCountSet(10012, 0) failed with errno -1
04-23 14:40:06.780 D/SurfaceFlinger(  114): Screen released, type=0 flinger=0x40db1450
04-23 14:40:07.200 D/PowerManagerService-JNI(  452): Excessive delay in autosuspend_enable() while turning screen off: 380ms
04-23 14:40:17.060 V/SleepAndWakeUpTest( 1762): AlarmReceiver
04-23 14:40:17.060 D/PowerManagerService(  452): mHoldBootFastWakeLock = false
04-23 14:40:17.060 I/PowerManagerService(  452): Waking up from sleep...
04-23 14:40:17.070 D/SensorManager(  452): >>>>>>> set discard sensrtime =3
04-23 14:40:17.070 V/KeyguardServiceDelegate(  452): onScreenTurnedOn(showListener = com.android.internal.policy.impl.PhoneWindowManager$18@42515670)
04-23 14:40:17.070 V/KeyguardServiceDelegate(  452): **** SHOWN CALLED ****
04-23 14:40:17.070 I/WindowManager(  452): No lock screen! windowToken=null
04-23 14:40:17.160 V/audio_hw_primary(  117): adev_set_parameters, screen_state=on
04-23 14:40:17.210 V/SleepAndWakeUpTest( 1762): wakeUp
04-23 14:40:17.230 I/qtaguid (  452): Failed write_ctrl(s 1 10012) res=-1 errno=1
04-23 14:40:17.230 W/NetworkManagementSocketTagger(  452): setKernelCountSet(10012, 1) failed with errno -1
04-23 14:40:17.250 D/SurfaceFlinger(  114): Screen acquired, type=0 flinger=0x40db1450
04-23 14:40:17.250 W/ContextImpl( 1762): Calling a method in the system process without a qualified user: android.app.ContextImpl.sendBroadcast:1123 android.content.ContextWrapper.sendBroadcast:365 android.content.ContextWrapper.sendBroadcast:365 com.allwinnertech.sleepandwakeupclock.AlarmReceiver.onReceive:30 android.app.ActivityThread.handleReceiver:2419 
04-23 14:40:17.280 V/SleepAndWakeUpTest( 1762): mBroadcastReceiver
04-23 14:40:17.300 V/SleepAndWakeUpTest( 1762): cancelScheduledInstance
04-23 14:40:17.700 D/SensorManager(  452): discard gsensor data ...
04-23 14:40:20.500 D/SensorManager(  452): discard gsensor data ...
04-23 14:40:21.830 D/SensorManager(  452): discard gsensor data ...
04-23 14:40:27.320 V/SleepAndWakeUpTest( 1762): scheduleInstanceStateChange
04-23 14:40:27.340 I/PowerManagerService(  452): Going to sleep by user request...
04-23 14:40:27.360 V/SleepAndWakeUpTest( 1762): goToSleep
04-23 14:40:27.870 D/SurfaceFlinger(  114): Screen released, type=0 flinger=0x40db1450
04-23 14:40:27.890 V/audio_hw_primary(  117): adev_set_parameters, screen_state=off
