04-24 12:44:01.670 D/WifiP2pService(  385): wfd blacklist mac range 1.[d8:57:ef]
04-24 12:44:01.680 I/SystemServer(  385): Wi-Fi Service
04-24 12:44:01.690 E/CommandListener(  100): Failed to open /proc/sys/net/ipv6/conf/wlan0/disable_ipv6: No such file or directory
04-24 12:44:01.690 E/WifiStateMachine(  385): Failed to disable IPv6: java.lang.IllegalStateException: command '1 interface ipv6 wlan0 disable' failed with '400 1 Failed to change IPv6 state (No such file or directory)'
04-24 12:44:01.690 I/SystemServer(  385): Ethernet Service
04-24 12:44:01.690 D/EthernetService(  385): EthernetService Starting.
04-24 12:44:01.700 D/EthernetService(  385): EthernetService Started.
04-24 12:44:01.700 I/SystemServer(  385): Connectivity Service
04-24 12:44:01.700 D/ConnectivityService(  385): ConnectivityService starting up
04-24 12:44:01.700 E/ConnectivityService(  385): Error in networkAttributes - ignoring attempt to redefine type 7
04-24 12:44:01.700 E/ConnectivityService(  385): Ignoring protectedNetwork 10
04-24 12:44:01.700 E/ConnectivityService(  385): Ignoring protectedNetwork 11
04-24 12:44:01.700 E/ConnectivityService(  385): Ignoring protectedNetwork 12
04-24 12:44:01.700 D/EthernetDataTracker(  385): mEthManage is Ready.
04-24 12:44:01.700 D/EthernetDataTracker(  385): ethernet_iface_regex: [eth\d]
04-24 12:44:01.700 D/EthernetDataTracker(  385): startMonitoring succeed.
04-24 12:44:01.710 D/EthernetDataTracker(  385): no configuration for 
04-24 12:44:01.710 D/BluetoothTethering(  385): startMonitoring: target: Handler (com.android.server.ConnectivityService$NetworkStateTrackerHandler) {41101878}
04-24 12:44:01.710 D/BluetoothManagerService(  385): Message: 20
04-24 12:44:01.710 D/BluetoothPan(  385): BluetoothPan() call bindService
04-24 12:44:01.710 D/BluetoothManagerService(  385): Added callback: android.bluetooth.BluetoothAdapter$1@4112a1c8:true
04-24 12:44:01.710 D/BluetoothManagerService(  385): Message: 30
04-24 12:44:01.710 D/EthernetDataTracker(  385): ConnectNetwork: Up is true, mLinkUp is false, On is false, mIface 
04-24 12:44:01.710 W/ContextImpl(  385): Calling a method in the system process without a qualified user: android.app.ContextImpl.bindService:1406 android.bluetooth.BluetoothPan.<init>:141 android.bluetooth.BluetoothAdapter.getProfileProxy:1164 android.bluetooth.BluetoothTetheringDataTracker.startMonitoring:110 com.android.server.ConnectivityService.<init>:539 
04-24 12:44:01.720 D/BluetoothPan(  385): BluetoothPan(), bindService called
04-24 12:44:01.720 E/MobileDataStateTracker(  385): default: Ignoring feature request because could not acquire PhoneService
04-24 12:44:01.720 E/MobileDataStateTracker(  385): default: Could not enable APN type "default"
04-24 12:44:01.730 D/WifiHW  (  385): Start to insmod 8723bs.ko
04-24 12:44:01.730 I/WifiService(  385): WifiService starting up with Wi-Fi enabled
04-24 12:44:01.730 D/WifiService(  385): setWifiEnabled: true pid=385, uid=1000
04-24 12:44:01.730 I/SystemServer(  385): Network Service Discovery Service
04-24 12:44:01.730 D/NsdService(  385): Network service discovery enabled true
04-24 12:44:01.740 I/SystemServer(  385): Throttle Service
04-24 12:44:01.740 I/SystemServer(  385): UpdateLock Service
04-24 12:44:01.820 I/SystemServer(  385): Notification Manager
04-24 12:44:01.830 I/SystemServer(  385): Device Storage Monitor
04-24 12:44:01.830 I/SystemServer(  385): Location Manager
04-24 12:44:01.840 D/dalvikvm(  385): GC_CONCURRENT freed 387K, 11% free 6146K/6892K, paused 3ms+4ms, total 45ms
04-24 12:44:01.840 I/SystemServer(  385): Country Detector
04-24 12:44:01.850 I/SystemServer(  385): Search Service
04-24 12:44:01.850 I/SystemServer(  385): DropBox Service
04-24 12:44:01.850 I/SystemServer(  385): Wallpaper Service
04-24 12:44:01.860 I/SystemServer(  385): Audio Service
04-24 12:44:01.880 I/AudioService(  385):   Remote Control   registerMediaButtonIntent() for PendingIntent{40f4e448: PendingIntentRecord{41064638 android broadcastIntent}}
04-24 12:44:01.910 V/audio_hw_primary(  106): adev_set_voice_volume, volume: 0.800000
04-24 12:44:01.940 I/SystemServer(  385): Dock Observer
04-24 12:44:01.940 W/DockObserver(  385): This kernel does not have dock station support
04-24 12:44:01.940 I/SystemServer(  385): Wired Accessory Manager
04-24 12:44:01.940 W/WiredAccessoryManager(  385): This kernel does not have usb audio support
04-24 12:44:01.940 W/WiredAccessoryManager(  385): This kernel does not have HDMI audio support
04-24 12:44:01.940 I/SystemServer(  385): USB Service
04-24 12:44:01.950 I/SystemServer(  385): Serial Service
04-24 12:44:01.950 I/SystemServer(  385): Twilight Service
04-24 12:44:01.960 I/SystemServer(  385): UI Mode Manager Service
04-24 12:44:01.960 I/SystemServer(  385): Backup Service
04-24 12:44:02.060 I/BackupManagerService(  385): Found stale backup journal, scheduling
04-24 12:44:02.080 I/BackupManagerService(  385):   android
04-24 12:44:02.080 I/BackupManagerService(  385):   com.android.browser
04-24 12:44:02.080 I/BackupManagerService(  385):   com.android.calendar
04-24 12:44:02.080 I/BackupManagerService(  385):   com.android.providers.settings
04-24 12:44:02.080 I/BackupManagerService(  385):   com.android.providers.userdictionary
04-24 12:44:02.080 I/BackupManagerService(  385):   com.android.sharedstoragebackup
04-24 12:44:02.080 I/BackupManagerService(  385):   com.android.vending
04-24 12:44:02.080 I/BackupManagerService(  385):   com.google.android.inputmethod.latin
04-24 12:44:02.080 I/BackupManagerService(  385):   com.google.android.marvin.talkback
04-24 12:44:02.090 I/BackupManagerService(  385): Backup enabled => true
04-24 12:44:02.090 I/SystemServer(  385): AppWidget Service
04-24 12:44:02.090 I/SystemServer(  385): Recognition Service
04-24 12:44:02.100 I/SystemServer(  385): DiskStats Service
04-24 12:44:02.100 I/SystemServer(  385): SamplingProfiler Service
04-24 12:44:02.130 D/dalvikvm(  385): GC_CONCURRENT freed 435K, 12% free 6273K/7068K, paused 3ms+4ms, total 48ms
04-24 12:44:02.140 I/WindowManager(  385): SAFE MODE not enabled
04-24 12:44:02.140 D/dalvikvm(  385): JIT started for system_server
04-24 12:44:02.140 I/SystemServer(  385): NetworkTimeUpdateService
04-24 12:44:02.140 I/SystemServer(  385): CommonTimeManagementService
04-24 12:44:02.140 I/SystemServer(  385): CertBlacklister
04-24 12:44:02.140 I/SystemServer(  385): Dreams Service
04-24 12:44:02.240 D/PowerManagerService(  385): mHoldBootFastWakeLock = false
04-24 12:44:02.250 V/DisplayManagerService(  385): update:brightnessLightMode=1
04-24 12:44:02.260 I/DynamicPManagerService(  385): DynamicPManagerService systemReady
04-24 12:44:02.260 I/ActivityManager(  385): System now ready
04-24 12:44:02.270 I/Zygote  (  385): Process: zygote socket opened
04-24 12:44:02.270 I/SystemServer(  385): Making services ready
04-24 12:44:02.300 I/ActivityManager(  385): Start proc com.android.systemui for service com.android.systemui/.SystemUIService: pid=467 uid=10048 gids={50048, 1028, 1015, 3002, 3001}
04-24 12:44:02.300 I/Vold    (   99): Volume::mountVol state : 1
04-24 12:44:02.300 I/Vold    (   99): Volume::mountVol: mMountpoint /mnt/sdcard
04-24 12:44:02.300 I/Vold    (   99): /dev/block/vold/93:80 being considered for volume sdcard
04-24 12:44:02.300 D/Vold    (   99): Volume sdcard state changing 1 (Idle-Unmounted) -> 3 (Checking)
04-24 12:44:02.300 I/Vold    (   99): Exfat::check
04-24 12:44:02.300 D/MountService(  385): volume state changed for /mnt/sdcard (unmounted -> checking)
04-24 12:44:02.300 D/MountService(  385): sendStorageIntent Intent { act=android.intent.action.MEDIA_CHECKING dat=file:///mnt/sdcard (has extras) } to UserHandle{-1}
04-24 12:44:02.300 D/NetworkManagementService(  385): enabling bandwidth control
04-24 12:44:02.380 E/Trace   (  467): error opening trace file: No such file or directory (2)
04-24 12:44:02.540 I/keystore(  108): uid: 1000 action: e -> 7 state: 3 -> 3 retry: 4
04-24 12:44:02.540 D/SystemUIService(  467): loading: class com.android.systemui.statusbar.phone.PhoneStatusBar
04-24 12:44:02.540 D/SystemUIService(  467): running: com.android.systemui.statusbar.phone.PhoneStatusBar@40e65550
04-24 12:44:02.570 I/StatusBarManagerService(  385): registerStatusBar bar=com.android.internal.statusbar.IStatusBar$Stub$Proxy@4113b4b0
04-24 12:44:02.720 I/keystore(  108): uid: 1000 action: e -> 7 state: 3 -> 3 retry: 4
04-24 12:44:02.760 I/ActivityManager(  385): Config changes=200 {1.0 ?mcc?mnc zh_CN ldltr sw640dp w1066dp h566dp 120dpi lrg land finger -keyb/v/h -nav/h s.4}
04-24 12:44:02.950 D/UsbDeviceManager(  385): disable UsbDeviceManager wakelock wlref = 0
04-24 12:44:02.980 I/ActivityManager(  385): Start proc android.process.media for broadcast com.android.providers.media/.MtpReceiver: pid=529 uid=10013 gids={50013, 1015, 1023, 1024, 1028, 2001, 3003, 3007}
04-24 12:44:03.100 I//system/bin/fsck.exfat(   99): exfatfsck 0.9.5
04-24 12:44:03.110 E/Trace   (  529): error opening trace file: No such file or directory (2)
04-24 12:44:03.140 I//system/bin/fsck.exfat(   99): ERROR: exFAT file system is not found.
04-24 12:44:03.150 I/logwrapper(   99): /system/bin/fsck.exfat terminated by exit(1)
04-24 12:44:03.150 E/Vold    (   99): Filesystem check failed (unknown exit code 1)
04-24 12:44:03.180 D/dalvikvm(  385): GC_CONCURRENT freed 343K, 10% free 6641K/7332K, paused 7ms+5ms, total 135ms
04-24 12:44:03.180 D/dalvikvm(  385): WAIT_FOR_CONCURRENT_GC blocked 125ms
04-24 12:44:03.190 D/dalvikvm(  385): WAIT_FOR_CONCURRENT_GC blocked 12ms
04-24 12:44:03.230 W/InputMethodManagerService(  385): Ignoring setImeWindowStatus of uid 1000 token: null
04-24 12:44:03.290 I/ActivityManager(  385): Start proc com.google.android.inputmethod.latin for service com.google.android.inputmethod.latin/com.android.inputmethod.latin.LatinIME: pid=544 uid=10030 gids={50030, 1028}
04-24 12:44:03.340 I/DownloadManager(  529): in removeSpuriousFiles
04-24 12:44:03.370 D/dalvikvm(  467): GC_CONCURRENT freed 215K, 14% free 3650K/4216K, paused 3ms+7ms, total 49ms
04-24 12:44:03.450 I//system/bin/fsck_msdos(   99): ** /dev/block/vold/93:80
04-24 12:44:03.480 E/Trace   (  544): error opening trace file: No such file or directory (2)
04-24 12:44:03.480 D/WifiHW  (  385): faied to read proc/net/wireless
04-24 12:44:03.480 D/WifiHW  (  385): loading wifi driver...
04-24 12:44:03.490 I/CommonTimeManagementService(  385): No common time service detected on this platform.  Common time services will be unavailable.
04-24 12:44:03.520 D/dalvikvm(  467): GC_FOR_ALLOC freed 219K, 17% free 3707K/4432K, paused 51ms, total 64ms
04-24 12:44:03.540 I/ActivityManager(  385): Start proc com.android.phone for added application com.android.phone: pid=564 uid=1001 gids={41001, 3002, 3001, 3003, 1015, 1028}
04-24 12:44:03.550 I/ActivityManager(  385): START u0 {act=android.intent.action.MAIN cat=[android.intent.category.HOME] flg=0x10000000 cmp=com.android.launcher/com.android.launcher2.Launcher} from pid 0
04-24 12:44:03.580 I//system/bin/fsck_msdos(   99): /dev/block/vold/93:80: FILESYSTEM CLEAN; SKIPPING CHECKS
04-24 12:44:03.580 I/Vold    (   99): Filesystem check completed OK
04-24 12:44:03.590 I/Vold    (   99): Device /dev/block/vold/93:80, target /mnt/sdcard mounted @ /mnt/secure/staging
04-24 12:44:03.590 D/Vold    (   99): Moved mount /mnt/secure/staging -> /mnt/sdcard sucessfully
04-24 12:44:03.590 D/Vold    (   99): Volume sdcard state changing 3 (Checking) -> 4 (Mounted)
04-24 12:44:03.600 D/dalvikvm(  467): GC_FOR_ALLOC freed 266K, 17% free 3781K/4544K, paused 29ms, total 29ms
04-24 12:44:03.620 D/dalvikvm(  385): GC_CONCURRENT freed 601K, 13% free 6839K/7796K, paused 14ms+51ms, total 222ms
04-24 12:44:03.620 D/dalvikvm(  385): WAIT_FOR_CONCURRENT_GC blocked 210ms
04-24 12:44:03.620 D/dalvikvm(  385): WAIT_FOR_CONCURRENT_GC blocked 67ms
04-24 12:44:03.620 D/dalvikvm(  385): WAIT_FOR_CONCURRENT_GC blocked 67ms
04-24 12:44:03.620 D/dalvikvm(  385): WAIT_FOR_CONCURRENT_GC blocked 54ms
04-24 12:44:03.620 D/dalvikvm(  385): WAIT_FOR_CONCURRENT_GC blocked 40ms
04-24 12:44:03.620 D/dalvikvm(  385): WAIT_FOR_CONCURRENT_GC blocked 32ms
04-24 12:44:03.620 D/dalvikvm(  385): WAIT_FOR_CONCURRENT_GC blocked 32ms
04-24 12:44:03.620 D/dalvikvm(  385): WAIT_FOR_CONCURRENT_GC blocked 37ms
04-24 12:44:03.620 D/dalvikvm(  385): WAIT_FOR_CONCURRENT_GC blocked 23ms
04-24 12:44:03.630 D/EthernetDataTracker(  385): add iface[wlan0] to ethernet list failed.
04-24 12:44:03.630 D/EthernetDataTracker(  385): add iface[p2p0] to ethernet list failed.
04-24 12:44:03.640 I/LatinIME(  544): Hardware accelerated drawing: false
04-24 12:44:03.640 I/PackageManager(  385): Updating external media status from unmounted to mounted
04-24 12:44:03.640 D/MountService(  385): volume state changed for /mnt/sdcard (checking -> mounted)
04-24 12:44:03.640 D/MountService(  385): sendStorageIntent Intent { act=android.intent.action.MEDIA_MOUNTED dat=file:///mnt/sdcard (has extras) } to UserHandle{-1}
04-24 12:44:03.650 I/InputReader(  385): Reconfiguring input devices.  changes=0x00000020
04-24 12:44:03.650 I/InputReader(  385): Reconfiguring input devices.  changes=0x00000010
04-24 12:44:03.650 W/ThrottleService(  385): unable to find stats for iface rmnet0
04-24 12:44:03.660 D/dalvikvm(  467): GC_FOR_ALLOC freed 210K, 17% free 3850K/4604K, paused 31ms, total 32ms
04-24 12:44:03.690 D/WifiHW  (  385): faied to read proc/net/wireless
04-24 12:44:03.690 D/WifiHW  (  385): loading wifi driver...
04-24 12:44:03.690 I/ActivityManager(  385): Start proc com.android.launcher for activity com.android.launcher/com.android.launcher2.Launcher: pid=581 uid=1000 gids={41000, 1015, 1028, 3002, 3001, 3003, 3007}
04-24 12:44:03.700 E/VoldConnector(  385): NDC Command {3 volume mount /mnt/sdcard} took too long (1328ms)
04-24 12:44:03.730 D/WifiHW  (  100): Enter: wifi_get_fw_path function, fw_type=0,
04-24 12:44:03.730 D/WifiHW  (  100): Eneter: wifi_change_fw_path, fwpath = STA.
04-24 12:44:03.730 D/SoftapController(  100): Softap fwReload - Ok
04-24 12:44:03.760 D/CommandListener(  100): Setting iface cfg
04-24 12:44:03.760 D/CommandListener(  100): Trying to bring down wlan0
04-24 12:44:03.780 I/LocationBlacklist(  385): whitelist: []
04-24 12:44:03.780 I/LocationBlacklist(  385): blacklist: []
04-24 12:44:03.840 D/Tethering(  385): sendTetherStateChangedBroadcast 1, 0, 0
04-24 12:44:03.840 D/Tethering(  385): InitialState.processMessage what=4
04-24 12:44:03.860 E/Trace   (  564): error opening trace file: No such file or directory (2)
04-24 12:44:03.890 I/PackageManager(  385): No secure containers on sdcard
04-24 12:44:03.900 W/PackageManager(  385): Unknown permission android.permission.ADD_SYSTEM_SERVICE in package com.android.phone
04-24 12:44:03.910 E/Trace   (  581): error opening trace file: No such file or directory (2)
04-24 12:44:03.930 W/PackageManager(  385): Unknown permission com.android.vending.billing.IBillingAccountService.BIND2 in package com.google.android.gsf.login
04-24 12:44:03.930 W/PackageManager(  385): Unknown permission com.android.chrome.TOS_ACKED in package com.google.android.gsf.login
04-24 12:44:03.930 W/PackageManager(  385): Unknown permission com.google.android.gallery3d.permission.GALLERY_PROVIDER in package com.android.bluetooth
04-24 12:44:03.930 W/PackageManager(  385): Not granting permission android.permission.SEND_DOWNLOAD_COMPLETED_INTENTS to package com.android.browser (protectionLevel=2 flags=0x89be45)
04-24 12:44:03.930 W/PackageManager(  385): Unknown permission com.google.android.gm.permission.READ_GMAIL in package com.google.android.talk
04-24 12:44:03.940 W/PackageManager(  385): Not granting permission android.permission.DEVICE_POWER to package com.softwinner.explore (protectionLevel=2 flags=0x88be45)
04-24 12:44:03.940 W/PackageManager(  385): Unknown permission android.permission.CAN_REQUEST_ENHANCED_WEB_ACCESSIBILITY in package com.google.android.marvin.talkback
04-24 12:44:03.940 W/PackageManager(  385): Unknown permission android.permission.CAN_REQUEST_TOUCH_EXPLORATION_MODE in package com.google.android.marvin.talkback
04-24 12:44:03.940 W/PackageManager(  385): Unknown permission android.permission.LOCATION_HARDWARE in package com.google.android.gms
04-24 12:44:03.940 W/PackageManager(  385): Unknown permission android.permission.GET_APP_OPS_STATS in package com.google.android.gms
04-24 12:44:03.940 W/PackageManager(  385): Unknown permission android.permission.UPDATE_APP_OPS_STATS in package com.google.android.gms
04-24 12:44:03.940 W/PackageManager(  385): Unknown permission android.permission.CAPTURE_AUDIO_HOTWORD in package com.google.android.gms
04-24 12:44:03.940 W/PackageManager(  385): Unknown permission android.permission.ACCESS_NETWORK_CONDITIONS in package com.google.android.gms
04-24 12:44:03.940 W/PackageManager(  385): Unknown permission android.permission.MANAGE_DEVICE_ADMINS in package com.google.android.gms
04-24 12:44:03.940 W/PackageManager(  385): Not granting permission android.permission.MODIFY_PHONE_STATE to package com.google.android.gms (protectionLevel=18 flags=0xc83ec5)
04-24 12:44:03.940 W/PackageManager(  385): Not granting permission android.permission.MANAGE_USB to package com.google.android.gms (protectionLevel=18 flags=0xc83ec5)
04-24 12:44:03.940 W/PackageManager(  385): Not granting permission android.permission.CALL_PRIVILEGED to package com.google.android.gms (protectionLevel=18 flags=0xc83ec5)
04-24 12:44:03.940 W/PackageManager(  385): Unknown permission android.permission.BLUETOOTH_PRIVILEGED in package com.google.android.gms
04-24 12:44:03.940 W/PackageManager(  385): Unknown permission android.permission.CAPTURE_AUDIO_OUTPUT in package com.google.android.gms
04-24 12:44:03.940 W/PackageManager(  385): Unknown permission android.permission.CAPTURE_VIDEO_OUTPUT in package com.google.android.gms
04-24 12:44:03.940 W/PackageManager(  385): Unknown permission android.permission.CAPTURE_SECURE_VIDEO_OUTPUT in package com.google.android.gms
04-24 12:44:03.940 W/PackageManager(  385): Not granting permission android.permission.READ_FRAME_BUFFER to package com.google.android.gms (protectionLevel=18 flags=0xc83ec5)
04-24 12:44:03.940 W/PackageManager(  385): Unknown permission com.google.android.gallery3d.permission.PICASA_STORE in package com.android.dreams.phototable
04-24 12:44:03.950 W/PackageManager(  385): Unknown permission com.google.android.voicesearch.SHORTCUTS_ACCESS in package com.google.android.googlequicksearchbox
04-24 12:44:03.950 W/PackageManager(  385): Unknown permission com.google.android.ears.permission.WRITE in package com.google.android.googlequicksearchbox
04-24 12:44:03.950 W/PackageManager(  385): Unknown permission com.google.android.apps.googlevoice.permission.AUTO_SEND in package com.google.android.googlequicksearchbox
04-24 12:44:03.950 W/PackageManager(  385): Unknown permission com.google.android.gm.permission.AUTO_SEND in package com.google.android.googlequicksearchbox
04-24 12:44:03.950 W/PackageManager(  385): Not granting permission android.permission.SEND_DOWNLOAD_COMPLETED_INTENTS to package com.android.vending (protectionLevel=2 flags=0x8abe45)
04-24 12:44:03.950 W/PackageManager(  385): Unknown permission android.webkit.permission.PLUGIN in package com.adobe.flashplayer
04-24 12:44:03.960 W/PackageManager(  385): Unknown permission com.google.android.gallery3d.permission.GALLERY_PROVIDER in package com.android.exchange
04-24 12:44:03.960 W/PackageManager(  385): Unknown permission  in package com.google.android.inputmethod.latin
04-24 12:44:03.960 W/PackageManager(  385): Unknown permission com.google.android.gallery3d.permission.GALLERY_PROVIDER in package com.android.email
04-24 12:44:03.960 W/PackageManager(  385): Unknown permission com.android.providers.im.permission.READ_ONLY in package com.google.android.apps.maps
04-24 12:44:03.960 W/PackageManager(  385): Not granting permission android.permission.DEVICE_POWER to package com.android.deskclock (protectionLevel=2 flags=0x88be45)
04-24 12:44:03.960 W/PackageManager(  385): Not granting permission android.permission.READ_DREAM_STATE to package com.google.android.gsf (protectionLevel=2 flags=0x883e45)
04-24 12:44:04.070 D/dalvikvm(  385): GC_CONCURRENT freed 637K, 13% free 6932K/7928K, paused 8ms+5ms, total 61ms
04-24 12:44:04.170 D/Tethering(  385): sendTetherStateChangedBroadcast 0, 0, 0
04-24 12:44:04.180 D/PowerManagerService(  385): mHoldBootFastWakeLock = false
04-24 12:44:04.200 W/InputAttributes(  544): No editor info for this field. Bug?
04-24 12:44:04.240 D/dalvikvm(  544): GC_CONCURRENT freed 250K, 15% free 3590K/4192K, paused 5ms+2ms, total 41ms
04-24 12:44:04.280 I/Choreographer(  385): Skipped 124 frames!  The application may be doing too much work on its main thread.
04-24 12:44:04.300 D/BluetoothManagerService(  385): Message: 20
04-24 12:44:04.300 D/BluetoothManagerService(  385): Added callback: android.bluetooth.IBluetoothManagerCallback$Stub$Proxy@40f5bf48:true
04-24 12:44:04.310 D/BluetoothAdapter(  467): 1089087448: getState() :  mService = null. Returning STATE_OFF
04-24 12:44:04.310 D/BluetoothAdapter(  467): 1089087448: getState() :  mService = null. Returning STATE_OFF
04-24 12:44:04.310 D/BluetoothAdapter(  467): 1089087448: getState() :  mService = null. Returning STATE_OFF
04-24 12:44:04.320 V/TAG     (  385): bug 7643792: fitSystemWindows([0,0][0,0])
04-24 12:44:04.340 W/TelephonyProvider(  564): onCreate: confFile=/system/etc/apns-conf.xml oldCheckSum=-1
04-24 12:44:04.340 D/TelephonyManager(  564): getLteOnCdmaMode=0 curVal=-1 product_type='' lteOnCdmaProductType=''
04-24 12:44:04.360 W/GpsLocationProvider(  385): Could not open GPS configuration file /etc/gps.conf
04-24 12:44:04.360 I/ActivityManager(  385): Start proc com.google.android.inputmethod.latin.dictionarypack for content provider com.google.android.inputmethod.latin.dictionarypack/.DictionaryProvider: pid=619 uid=10029 gids={50029, 3003, 1015, 1028}
04-24 12:44:04.400 I/ActivityManager(  385): Start proc android.process.acore for content provider com.android.providers.userdictionary/.UserDictionaryProvider: pid=632 uid=10000 gids={50000, 3003, 1015, 1028}
04-24 12:44:04.470 D/PowerManagerService(  385): mHoldBootFastWakeLock = true
04-24 12:44:04.490 D/TelephonyManager(  564): getLteOnCdmaMode=0 curVal=-1 product_type='' lteOnCdmaProductType=''
04-24 12:44:04.500 E/Trace   (  619): error opening trace file: No such file or directory (2)
04-24 12:44:04.520 D/dalvikvm(  467): GC_CONCURRENT freed 290K, 14% free 4000K/4640K, paused 4ms+2ms, total 65ms
04-24 12:44:04.540 V/TAG     (  385): bug 7643792: fitSystemWindows([0,0][0,0])
04-24 12:44:04.550 D/TelephonyManager(  564): getLteOnCdmaMode=0 curVal=-1 product_type='' lteOnCdmaProductType=''
04-24 12:44:04.610 D/WindowManager(  385): ACCELEROMETER_ROTATION = 1
04-24 12:44:04.610 D/WindowManager(  385): ROTATION_MODE_SET = 0
04-24 12:44:04.640 E/Trace   (  632): error opening trace file: No such file or directory (2)
04-24 12:44:04.720 D/UsbDeviceManager(  385): enable UsbDeviceManager wakelock wlref = 0
04-24 12:44:04.740 V/UsbDeviceManager(  385): enableDPMLock +++
04-24 12:44:04.790 D/gralloc (  103): ==USE CPU CACHE OP usage = 0x933==
04-24 12:44:04.790 D/gralloc (  103): use ion  ram 
04-24 12:44:04.910 I/DynamicPManagerService(  385): getCpuScalingMinFreq freq = 60000
04-24 12:44:04.910 I/DynamicPManagerService(  385): setCpuScalingMinFreq freq :1008000
04-24 12:44:04.960 D/dalvikvm(  385): GC_FOR_ALLOC freed 577K, 12% free 6996K/7940K, paused 48ms, total 48ms
04-24 12:44:04.970 I/dalvikvm-heap(  385): Grow heap (frag case) to 7.498MB for 335032-byte allocation
04-24 12:44:05.010 D/dalvikvm(  385): GC_FOR_ALLOC freed 9K, 12% free 7314K/8268K, paused 43ms, total 43ms
04-24 12:44:05.020 I/DynamicPManagerService(  385): setDramFreqState freq :true
04-24 12:44:05.120 D/gralloc (  103): ==USE CPU CACHE OP usage = 0x933==
04-24 12:44:05.120 D/gralloc (  103): use ion  ram 
04-24 12:44:05.140 D/dalvikvm(  581): GC_CONCURRENT freed 215K, 14% free 3680K/4244K, paused 3ms+18ms, total 71ms
04-24 12:44:05.150 I/Pointer (  385): Device Enumerated: Input Device -1: Virtual
04-24 12:44:05.150 I/Pointer (  385):   Descriptor: a718a782d34bc767f4689c232d64d527998ea7fd
04-24 12:44:05.150 I/Pointer (  385):   Generation: 2
04-24 12:44:05.150 I/Pointer (  385):   Location: built-in
04-24 12:44:05.150 I/Pointer (  385):   Keyboard Type: alphabetic
04-24 12:44:05.150 I/Pointer (  385):   Has Vibrator: false
04-24 12:44:05.150 I/Pointer (  385):   Sources: 0x301 ( keyboard dpad )
04-24 12:44:05.150 I/Pointer (  385): Device Enumerated: Input Device 1: gslX680
04-24 12:44:05.150 I/Pointer (  385):   Descriptor: 7d7eeb71ea7765ef9584a43b6c32b201b90835d3
04-24 12:44:05.150 I/Pointer (  385):   Generation: 12
04-24 12:44:05.150 I/Pointer (  385):   Location: built-in
04-24 12:44:05.150 I/Pointer (  385):   Keyboard Type: none
04-24 12:44:05.150 I/Pointer (  385):   Has Vibrator: false
04-24 12:44:05.150 I/Pointer (  385):   Sources: 0x1002 ( touchscreen )
04-24 12:44:05.150 I/Pointer (  385):     AXIS_X: source=0x1002 min=0.0 max=799.0 flat=0.0 fuzz=0.9987516
04-24 12:44:05.150 I/Pointer (  385):     AXIS_Y: source=0x1002 min=0.0 max=479.0 flat=0.0 fuzz=0.997921
04-24 12:44:05.150 I/Pointer (  385):     AXIS_PRESSURE: source=0x1002 min=0.0 max=1.0 flat=0.0 fuzz=0.0
04-24 12:44:05.150 I/Pointer (  385):     AXIS_SIZE: source=0x1002 min=0.0 max=1.0 flat=0.0 fuzz=0.0
04-24 12:44:05.150 I/Pointer (  385):     AXIS_TOUCH_MAJOR: source=0x1002 min=0.0 max=932.95233 flat=0.0 fuzz=0.0
04-24 12:44:05.150 I/Pointer (  385):     AXIS_TOUCH_MINOR: source=0x1002 min=0.0 max=932.95233 flat=0.0 fuzz=0.0
04-24 12:44:05.150 I/Pointer (  385):     AXIS_TOOL_MAJOR: source=0x1002 min=0.0 max=932.95233 flat=0.0 fuzz=0.0
04-24 12:44:05.150 I/Pointer (  385):     AXIS_TOOL_MINOR: source=0x1002 min=0.0 max=932.95233 flat=0.0 fuzz=0.0
04-24 12:44:05.150 I/Pointer (  385): Device Enumerated: Input Device 3: sunxi-keyboard
04-24 12:44:05.150 I/Pointer (  385):   Descriptor: 485d69228e24f5e46da1598745890b214130dbc4
04-24 12:44:05.150 I/Pointer (  385):   Generation: 8
04-24 12:44:05.150 I/Pointer (  385):   Location: built-in
04-24 12:44:05.150 I/Pointer (  385):   Keyboard Type: non-alphabetic
04-24 12:44:05.150 I/Pointer (  385):   Has Vibrator: false
04-24 12:44:05.150 I/Pointer (  385):   Sources: 0x101 ( keyboard )
04-24 12:44:05.150 I/Pointer (  385): Device Enumerated: Input Device 4: axp22-supplyer
04-24 12:44:05.150 I/Pointer (  385):   Descriptor: 485d69228e24f5e46da1598745890b214130dbc4
04-24 12:44:05.150 I/Pointer (  385):   Generation: 6
04-24 12:44:05.150 I/Pointer (  385):   Location: built-in
04-24 12:44:05.150 I/Pointer (  385):   Keyboard Type: non-alphabetic
04-24 12:44:05.150 I/Pointer (  385):   Has Vibrator: false
04-24 12:44:05.150 I/Pointer (  385):   Sources: 0x101 ( keyboard )
04-24 12:44:05.150 I/Pointer (  385): Device Enumerated: Input Device 5: headset
04-24 12:44:05.150 I/Pointer (  385):   Descriptor: 99d4086daf0596433a6b43722ccf792b235f8bca
04-24 12:44:05.150 I/Pointer (  385):   Generation: 4
04-24 12:44:05.150 I/Pointer (  385):   Location: built-in
04-24 12:44:05.150 I/Pointer (  385):   Keyboard Type: non-alphabetic
04-24 12:44:05.150 I/Pointer (  385):   Has Vibrator: false
04-24 12:44:05.150 I/Pointer (  385):   Sources: 0x101 ( keyboard )
04-24 12:44:05.200 D/gralloc (  103): ==USE CPU CACHE OP usage = 0x933==
04-24 12:44:05.200 D/gralloc (  103): use ion  ram 
04-24 12:44:05.210 I/ActivityManager(  385): Start proc com.google.process.location for service com.google.android.location/.NetworkLocationService: pid=661 uid=10008 gids={50008, 3003, 1007, 1028, 1015, 3002, 3001, 1006, 2001, 3006}
04-24 12:44:05.220 D/gralloc (  103): ==USE CPU CACHE OP usage = 0x933==
04-24 12:44:05.220 D/gralloc (  103): use ion  ram 
04-24 12:44:05.260 I/ActivityManager(  385): Start proc com.android.location.fused for service com.android.location.fused/.FusedLocationService: pid=668 uid=10018 gids={50018, 1028}
04-24 12:44:05.320 D/dalvikvm(  104): GC_EXPLICIT freed 36K, 10% free 3456K/3840K, paused 2ms+3ms, total 70ms
04-24 12:44:05.360 D/dalvikvm(  104): GC_EXPLICIT freed <1K, 10% free 3456K/3840K, paused 2ms+3ms, total 44ms
04-24 12:44:05.380 E/Trace   (  661): error opening trace file: No such file or directory (2)
04-24 12:44:05.420 D/dalvikvm(  104): GC_EXPLICIT freed <1K, 10% free 3456K/3840K, paused 2ms+2ms, total 56ms
04-24 12:44:05.420 W/Settings(  564): Setting airplane_mode_on has moved from android.provider.Settings.System to android.provider.Settings.Global, returning read-only value.
04-24 12:44:05.430 W/Settings(  564): Setting auto_time has moved from android.provider.Settings.System to android.provider.Settings.Global, returning read-only global URI.
04-24 12:44:05.430 W/Settings(  564): Setting auto_time_zone has moved from android.provider.Settings.System to android.provider.Settings.Global, returning read-only global URI.
04-24 12:44:05.510 E/Trace   (  668): error opening trace file: No such file or directory (2)
04-24 12:44:05.520 I/ActivityManager(  385): Start proc com.android.smspush for service com.android.smspush/.WapPushManager: pid=690 uid=10054 gids={50054, 1028}
04-24 12:44:05.540 D/dalvikvm(  467): GC_CONCURRENT freed 294K, 14% free 4113K/4756K, paused 3ms+2ms, total 126ms
04-24 12:44:05.550 D/        (  564): [ApnContext:default] set reason as dataEnabled,current state IDLE
04-24 12:44:05.550 D/        (  564): [ApnContext:default] setRetryCount: 0
04-24 12:44:05.630 D/dalvikvm(  632): GC_CONCURRENT freed 175K, 13% free 3673K/4200K, paused 3ms+1ms, total 31ms
04-24 12:44:05.700 D/BluetoothManagerService(  385): Message: 300
04-24 12:44:05.700 D/BluetoothManagerService(  385): MESSAGE_USER_SWITCHED
04-24 12:44:05.730 D/PhoneStatusBar(  467): disable: < expand icons alerts ticker system_info back home recent clock search >
04-24 12:44:05.820 D/TelephonyManager(  564): getLteOnCdmaMode=0 curVal=-1 product_type='' lteOnCdmaProductType=''
04-24 12:44:05.840 I/AudioService(  385):   Remote Control   registerMediaButtonIntent() for PendingIntent{4123d948: PendingIntentRecord{41064638 android broadcastIntent}}
04-24 12:44:05.860 W/GpsLocationProvider(  385): Failed to enable location provider
04-24 12:44:05.870 D/dalvikvm(  581): GC_CONCURRENT freed 283K, 15% free 3815K/4448K, paused 3ms+42ms, total 113ms
04-24 12:44:05.890 E/Trace   (  690): error opening trace file: No such file or directory (2)
04-24 12:44:05.890 V/audio_hw_primary(  106): adev_set_voice_volume, volume: 0.800000
04-24 12:44:05.900 D/CallManager(  564): registerPhone(GSM Handler (com.android.internal.telephony.PhoneProxy) {40e89e40})
04-24 12:44:05.930 D/BluetoothManagerService(  385): Message: 20
04-24 12:44:05.930 D/BluetoothManagerService(  385): Added callback: android.bluetooth.IBluetoothManagerCallback$Stub$Proxy@4119d820:true
04-24 12:44:06.000 I/ActivityManager(  385): Start proc com.google.process.gapps for content provider com.google.android.gsf/.settings.GoogleSettingsProvider: pid=711 uid=10008 gids={50008, 3003, 1007, 1028, 1015, 3002, 3001, 1006, 2001, 3006}
04-24 12:44:06.050 D/BluetoothManagerService(  385): Message: 30
04-24 12:44:06.100 D/dalvikvm(  564): GC_CONCURRENT freed 150K, 12% free 3697K/4196K, paused 4ms+3ms, total 87ms
04-24 12:44:06.120 D/CommandListener(  100): Setting iface cfg
04-24 12:44:06.120 D/CommandListener(  100): Trying to bring up p2p0
04-24 12:44:06.150 D/MyRecorderActivity(  564): VoiceRecorder...
04-24 12:44:06.240 E/Trace   (  711): error opening trace file: No such file or directory (2)
04-24 12:44:06.260 D/DebugService(  564): DebugService DebugService:
04-24 12:44:06.260 D/TelephonyDebugService(  564): TelephonyDebugService()
04-24 12:44:06.270 D/dalvikvm(  467): GC_CONCURRENT freed 310K, 14% free 4228K/4888K, paused 130ms+18ms, total 218ms
04-24 12:44:06.310 D/UsbDeviceManager(  385): enable UsbDeviceManager wakelock wlref = 1
04-24 12:44:06.330 D/BluetoothManagerService(  385): Message: 30
04-24 12:44:06.340 D/BluetoothAdapter(  467): 1089087448: getState() :  mService = null. Returning STATE_OFF
04-24 12:44:06.340 D/BluetoothAdapter(  467): 1089087448: getState() :  mService = null. Returning STATE_OFF
04-24 12:44:06.350 E/BluetoothPhoneService(  564): Could not get a handle on Connection object for the call
04-24 12:44:06.350 D/PowerManagerService(  385): mHoldBootFastWakeLock = true
04-24 12:44:06.360 W/CallNotifier(  564): Got onMwiChanged() on non-voice-capable device! Ignoring...
04-24 12:44:06.390 I/PhoneApp(  564): Headset phone created, binding local service.
04-24 12:44:06.420 D/SystemUIService(  467): loading: class com.android.systemui.power.PowerUI
04-24 12:44:06.420 D/SystemUIService(  467): running: com.android.systemui.power.PowerUI@40ed9260
04-24 12:44:06.430 D/SystemUIService(  467): loading: class com.android.systemui.media.RingtonePlayer
04-24 12:44:06.430 D/SystemUIService(  467): running: com.android.systemui.media.RingtonePlayer@40f150a8
04-24 12:44:06.440 D/PowerManagerService(  385): mHoldBootFastWakeLock = true
04-24 12:44:06.450 I/&&&     (  581): exe systemReady in launcher
04-24 12:44:06.460 I/&&&     (  581): exe disabled in launcher
04-24 12:44:06.460 D/KeyguardUpdateMonitor(  385): +++++: ril.sw.modem.status is off
04-24 12:44:06.500 I/Choreographer(  467): Skipped 164 frames!  The application may be doing too much work on its main thread.
04-24 12:44:06.550 I/FusedLocation(  668): engine started (com.android.location.fused)
04-24 12:44:06.560 D/dalvikvm(  385): GC_CONCURRENT freed 1079K, 17% free 7187K/8624K, paused 21ms+7ms, total 169ms
04-24 12:44:06.570 D/MediaScannerReceiver(  529): action: android.intent.action.MEDIA_MOUNTED path: /mnt/sdcard
04-24 12:44:06.640 I/GservicesProvider(  711): Gservices pushing to system: true; secure/global: true
04-24 12:44:06.640 I/ActivityManager(  385): Start proc com.trevi for broadcast com.trevi/com.appyet.receiver.CommonReceiver: pid=736 uid=10009 gids={50009, 3003, 1015, 1028}
04-24 12:44:06.690 D/gralloc (  103): ==USE CPU CACHE OP usage = 0x933==
04-24 12:44:06.690 D/gralloc (  103): use ion  ram 
04-24 12:44:06.710 D/libEGL  (  581): loaded /system/lib/egl/libEGL_mali.so
04-24 12:44:06.720 D/libEGL  (  581): loaded /system/lib/egl/libGLESv1_CM_mali.so
04-24 12:44:06.740 D/libEGL  (  581): loaded /system/lib/egl/libGLESv2_mali.so
04-24 12:44:06.770 D/gralloc (  103): use ion  ram 
04-24 12:44:06.780 V/TAG     (  385): bug 7643792: fitSystemWindows([0,19][0,0])
04-24 12:44:06.790 D/gralloc (  103): ==USE CPU CACHE OP usage = 0x933==
04-24 12:44:06.790 D/gralloc (  103): use ion  ram 
04-24 12:44:06.790 W/MediaProvider(  529): no database for scanned volume external
04-24 12:44:06.790 D/gralloc (  103): use ion  ram 
04-24 12:44:06.800 D/libEGL  (  467): loaded /system/lib/egl/libEGL_mali.so
04-24 12:44:06.800 D/libEGL  (  467): loaded /system/lib/egl/libGLESv1_CM_mali.so
04-24 12:44:06.810 D/libEGL  (  467): loaded /system/lib/egl/libGLESv2_mali.so
04-24 12:44:06.810 D/OpenGLRenderer(  581): Enabling debug mode 0
04-24 12:44:06.820 D/gralloc (  103): use ion  ram 
04-24 12:44:06.820 W/BufferQueue(  103): freeAllBuffersLocked called but mQueue is not empty
04-24 12:44:06.820 D/gralloc (  103): use ion  ram 
04-24 12:44:06.840 E/Trace   (  736): error opening trace file: No such file or directory (2)
04-24 12:44:06.840 D/OpenGLRenderer(  467): Enabling debug mode 0
04-24 12:44:06.920 D/gralloc (  103): ==USE CPU CACHE OP usage = 0x933==
04-24 12:44:06.920 D/gralloc (  103): use ion  ram 
04-24 12:44:06.920 D/NetworkLocationClient(  661): binding to Intent { act=com.google.android.location.internal.ANDROID_NLP pkg=com.google.android.location }
04-24 12:44:07.070 D/gralloc (  103): use ion  ram 
04-24 12:44:07.070 W/BufferQueue(  103): freeAllBuffersLocked called but mQueue is not empty
04-24 12:44:07.070 D/gralloc (  103): use ion  ram 
04-24 12:44:07.150 I/MultiDex(  661): load(/data/app/com.google.android.gms-2.apk, forceReload=false)
04-24 12:44:07.230 D/dalvikvm(  581): GC_CONCURRENT freed 239K, 13% free 3966K/4556K, paused 11ms+21ms, total 76ms
04-24 12:44:07.250 D/PhoneStatusBar(  467): disable: < expand icons alerts ticker system_info BACK* HOME* RECENT* CLOCK* search >
04-24 12:44:07.330 D/dalvikvm(  661): GC_CONCURRENT freed 207K, 13% free 3753K/4308K, paused 4ms+10ms, total 60ms
04-24 12:44:07.330 D/dalvikvm(  661): WAIT_FOR_CONCURRENT_GC blocked 2ms
04-24 12:44:07.350 D/dalvikvm(  467): GC_CONCURRENT freed 234K, 12% free 4405K/4996K, paused 2ms+22ms, total 44ms
04-24 12:44:07.360 D/dalvikvm(  736): GC_CONCURRENT freed 322K, 16% free 3578K/4256K, paused 3ms+14ms, total 41ms
04-24 12:44:07.490 D/dalvikvm(  661): GC_CONCURRENT freed 140K, 11% free 4087K/4584K, paused 3ms+22ms, total 45ms
04-24 12:44:07.510 D/Tethering(  385): sendTetherStateChangedBroadcast 1, 0, 0
04-24 12:44:07.620 I/MultiDex(  661): Need extracted file /data/data/com.google.android.gms/files/secondary-dexes/com.google.android.gms-2.apk.classes2.zip
04-24 12:44:07.620 I/MultiDex(  661): No extraction needed for /data/data/com.google.android.gms/files/secondary-dexes/com.google.android.gms-2.apk.classes2.zip of size 1547068
04-24 12:44:07.720 D/dalvikvm(  736): GC_CONCURRENT freed 331K, 16% free 3650K/4336K, paused 36ms+4ms, total 66ms
04-24 12:44:07.720 W/PowerUI (  467): unknown intent: Intent { act=android.intent.action.ACTION_POWER_CONNECTED flg=0x8000010 }
04-24 12:44:07.770 I/ActivityManager(  385): Displayed com.android.launcher/com.android.launcher2.Launcher: +4s143ms
04-24 12:44:07.770 I/DaoManager(  736): Loaded configuration for class com.appyet.data.Feed
04-24 12:44:07.770 I/DaoManager(  736): Loaded configuration for class com.appyet.data.FeedItem
04-24 12:44:07.770 I/DaoManager(  736): Loaded configuration for class com.appyet.data.FileCache
04-24 12:44:07.770 I/DaoManager(  736): Loaded configuration for class com.appyet.data.Module
04-24 12:44:07.770 I/DaoManager(  736): Loaded configuration for class com.appyet.data.Web
04-24 12:44:07.770 I/DaoManager(  736): Loaded configuration for class com.appyet.data.Forum
04-24 12:44:07.820 D/gralloc (  103): use ion  ram 
04-24 12:44:07.880 W/Ads     (  736): No Google Analytics: Library Incompatible.
04-24 12:44:07.950 I/USB3G   (  781): usb 3g monitor v0.1 start
04-24 12:44:08.030 I/USB3G   (  781): excute err:No such file or directory
04-24 12:44:08.030 I/USB3G   (  781): event { 'add', '/devices/platform/sunxi_hcd_host0/usb1', 'usb', '', 189, 0 }
04-24 12:44:08.040 D/BluetoothManagerService(  385): Auto-enabling Bluetooth.
04-24 12:44:08.040 D/BluetoothManagerService(  385): Message: 1
04-24 12:44:08.040 D/BluetoothManagerService(  385): MESSAGE_ENABLE: mBluetooth = null
04-24 12:44:08.110 D/dalvikvm(  467): GC_FOR_ALLOC freed 154K, 11% free 4520K/5024K, paused 104ms, total 106ms
04-24 12:44:08.130 I/ActivityManager(  385): Start proc com.google.android.apps.uploader for broadcast com.google.android.apps.uploader/com.google.android.picasasync.BatteryReceiver: pid=794 uid=10034 gids={50034, 3003, 1015, 1028}
04-24 12:44:08.160 D/BluetoothManagerService(  385): Message: 30
04-24 12:44:08.160 I/dalvikvm-heap(  467): Grow heap (frag case) to 7.346MB for 2720016-byte allocation
04-24 12:44:08.160 I/ActivityManager(  385): Start proc com.android.bluetooth for service com.android.bluetooth/.btservice.AdapterService: pid=816 uid=1002 gids={41002, 3003, 3002, 3001, 1015, 3005, 1016, 3008, 1028}
04-24 12:44:08.170 D/BluetoothManagerService(  385): Message: 30
04-24 12:44:08.170 W/ContextImpl(  385): Calling a method in the system process without a qualified user: android.app.ContextImpl.bindService:1406 android.bluetooth.BluetoothHeadset.<init>:273 android.bluetooth.BluetoothAdapter.getProfileProxy:1155 android.media.AudioService.getBluetoothHeadset:2140 android.media.AudioService.access$2700:102 
04-24 12:44:08.170 W/ContextImpl(  385): Calling a method in the system process without a qualified user: android.app.ContextImpl.bindService:1406 android.bluetooth.BluetoothA2dp.<init>:160 android.bluetooth.BluetoothAdapter.getProfileProxy:1158 android.media.AudioService$AudioServiceBroadcastReceiver.onReceive:3989 android.app.LoadedApk$ReceiverDispatcher$Args.run:758 
04-24 12:44:08.170 V/WiredAccessoryManager(  385): init()
04-24 12:44:08.180 I/DynamicPManagerService(  385): setCpuFrequnecyPolicy flag :2
04-24 12:44:08.190 I/DynamicPowerPolicyChangeThread(  385): DynamicPowerPolicyChangeThread, {Sensor name="Temperature sensor", vendor="AW.", version=1, type=13, maxRange=125.0, resolution=1.0, power=0.35, minDelay=0}
04-24 12:44:08.190 D/DynamicPManagerService(  385): mMaxPowerEnable = false
04-24 12:44:08.190 D/DynamicPManagerService(  385): updateDynamicPower
04-24 12:44:08.190 D/DynamicPManagerService(  385): enableFantasyMaxPower  = false
04-24 12:44:08.240 E/Trace   (  794): error opening trace file: No such file or directory (2)
04-24 12:44:08.260 D/dalvikvm(  467): GC_FOR_ALLOC freed 6K, 7% free 7170K/7684K, paused 93ms, total 93ms
04-24 12:44:08.320 D/dalvikvm(  661): GC_CONCURRENT freed 216K, 12% free 4309K/4884K, paused 3ms+46ms, total 134ms
04-24 12:44:08.320 D/dalvikvm(  467): GC_CONCURRENT freed 0K, 7% free 7170K/7684K, paused 2ms+15ms, total 69ms
04-24 12:44:08.370 D/gralloc (  103): use ion  ram 
04-24 12:44:08.540 D/dalvikvm(  794): GC_CONCURRENT freed 387K, 18% free 3495K/4236K, paused 3ms+2ms, total 29ms
04-24 12:44:08.540 I/gmmInternalNlpService(  661): internal NLP onStart(com.google.android.location.internal.ANDROID_NLP) com.google.android.location
04-24 12:44:08.540 D/NetworkLocationClient(  661): onServiceConnected to ComponentInfo{com.google.android.location/com.google.android.location.internal.server.NetworkLocationService}
04-24 12:44:08.550 E/Trace   (  816): error opening trace file: No such file or directory (2)
04-24 12:44:08.640 D/skia    (  467): --- decoder->decode returned false
04-24 12:44:08.640 I/ActivityManager(  385): Start proc com.google.android.apps.maps for broadcast com.google.android.apps.maps/com.google.android.location.internal.NlpNetworkProviderSettingsUpdateReceiver: pid=858 uid=10026 gids={50026, 3003, 1015, 1028}
04-24 12:44:08.670 W/WindowManager(  385): Window freeze timeout expired.
04-24 12:44:08.670 W/WindowManager(  385): Force clearing orientation change: Window{412d1440 u0 NavigationBar}
04-24 12:44:08.670 W/WindowManager(  385): Force clearing orientation change: Window{41220e70 u0 StatusBar}
04-24 12:44:08.670 W/WindowManager(  385): Force clearing orientation change: Window{411a5b28 u0 com.android.systemui.ImageWallpaper}
04-24 12:44:08.690 D/AdapterServiceConfig(  816): Adding HeadsetService
04-24 12:44:08.690 D/AdapterServiceConfig(  816): Adding A2dpService
04-24 12:44:08.690 D/AdapterServiceConfig(  816): Adding HidService
04-24 12:44:08.690 D/AdapterServiceConfig(  816): Adding HealthService
04-24 12:44:08.690 D/AdapterServiceConfig(  816): Adding PanService
04-24 12:44:08.690 D/dalvikvm(  467): GC_FOR_ALLOC freed 2656K, 42% free 4546K/7724K, paused 34ms, total 35ms
04-24 12:44:08.740 D/BluetoothAdapterService(  816): REFCOUNT: CREATED. INSTANCE_COUNT1
04-24 12:44:08.760 D/BluetoothManagerService(  385): Message: 20
04-24 12:44:08.760 D/BluetoothManagerService(  385): Added callback: android.bluetooth.IBluetoothManagerCallback$Stub$Proxy@4122f238:true
04-24 12:44:08.760 D/BluetoothAdapterState(  816): make
04-24 12:44:08.770 I/bluedroid(  816): init
04-24 12:44:08.780 I/dalvikvm-heap(  467): Grow heap (frag case) to 9.601MB for 5058160-byte allocation
04-24 12:44:08.780 I/bte_conf(  816): Attempt to load stack conf from /etc/bluetooth/bt_stack.conf
04-24 12:44:08.790 I/bluedroid(  816): get_profile_interface socket
04-24 12:44:08.800 I/GKI_LINUX(  816): gki_task_entry: gki_task_entry task_id=1 [BTIF] starting
04-24 12:44:08.830 D/dalvikvm(  467): GC_CONCURRENT freed <1K, 26% free 9485K/12664K, paused 3ms+3ms, total 49ms
04-24 12:44:08.830 D/dalvikvm(  467): WAIT_FOR_CONCURRENT_GC blocked 36ms
04-24 12:44:08.840 D/BluetoothManagerService(  385): BluetoothServiceConnection: connected to AdapterService
04-24 12:44:08.840 D/BluetoothManagerService(  385): Message: 40
04-24 12:44:08.840 D/BluetoothManagerService(  385): MESSAGE_BLUETOOTH_SERVICE_CONNECTED
04-24 12:44:08.840 D/BluetoothManagerService(  385): Bluetooth Adapter name changed to Softwinner-polaris-wifibt
04-24 12:44:08.840 D/BluetoothManagerService(  385): Stored Bluetooth name: Softwinner-polaris-wifibt
04-24 12:44:08.840 E/Trace   (  858): error opening trace file: No such file or directory (2)
04-24 12:44:08.850 D/BluetoothManagerService(  385): Calling onBluetoothServiceUp callbacks
04-24 12:44:08.850 D/BluetoothManagerService(  385): Broadcasting onBluetoothServiceUp() to 4 receivers.
04-24 12:44:08.850 D/BluetoothAdapterService(  816): Broadcasting updateAdapterState() to 1 receivers.
04-24 12:44:08.850 D/BluetoothManagerService(  385): Message: 60
04-24 12:44:08.850 D/BluetoothManagerService(  385): MESSAGE_BLUETOOTH_STATE_CHANGE: prevState = 10, newState=11
04-24 12:44:08.850 D/BluetoothManagerService(  385): Bluetooth State Change Intent: 10 -> 11
04-24 12:44:08.850 D/BluetoothBondStateMachine(  816): make
04-24 12:44:08.860 I/BluetoothBondStateMachine(  816): StableState(): Entering Off State
04-24 12:44:08.890 D/BluetoothHeadset(  385): Proxy object connected
04-24 12:44:08.900 D/BluetoothHeadset(  564): Proxy object connected
04-24 12:44:08.900 D/BluetoothHeadset(  564): Proxy object connected
04-24 12:44:08.900 D/HeadsetService(  816): Received start request. Starting profile...
04-24 12:44:08.900 D/BluetoothAdapterService(1088869840)(  816): getState(): mAdapterProperties: com.android.bluetooth.btservice.AdapterProperties@40e6eef8
04-24 12:44:08.910 I/BluetoothHeadsetServiceJni(  816): classInitNative: succeeds
04-24 12:44:08.910 D/HeadsetStateMachine(  816): make
04-24 12:44:08.930 I/bluedroid(  816): get_profile_interface handsfree
04-24 12:44:08.930 E/bt-btif (  816): btif_enable_service: current services:0x40
04-24 12:44:08.950 D/BluetoothA2dp(  385): Proxy object connected
04-24 12:44:08.950 D/BluetoothAdapterService(1088869840)(  816): getState(): mAdapterProperties: com.android.bluetooth.btservice.AdapterProperties@40e6eef8
04-24 12:44:08.950 D/A2dpService(  816): Received start request. Starting profile...
04-24 12:44:08.950 I/BluetoothA2dpServiceJni(  816): classInitNative: succeeds
04-24 12:44:08.950 D/A2dpStateMachine(  816): make
04-24 12:44:08.950 I/bluedroid(  816): get_profile_interface a2dp
04-24 12:44:08.950 I/GKI_LINUX(  816): gki_task_entry: gki_task_entry task_id=2 [A2DP-MEDIA] starting
04-24 12:44:08.950 E/bt-btif (  816): btif_enable_service: current services:0x40040
04-24 12:44:08.970 D/A2dpStateMachine(  816): Enter Disconnected: -2
04-24 12:44:08.970 I/BluetoothHidServiceJni(  816): classInitNative: succeeds
04-24 12:44:08.970 D/HidService(  816): Received start request. Starting profile...
04-24 12:44:08.970 I/bluedroid(  816): get_profile_interface hidhost
04-24 12:44:08.970 E/bt-btif (  816): btif_enable_service: current services:0x140040
04-24 12:44:08.970 I/BluetoothHealthServiceJni(  816): classInitNative: succeeds
04-24 12:44:08.980 D/HealthService(  816): Received start request. Starting profile...
04-24 12:44:08.990 I/bluedroid(  816): get_profile_interface health
04-24 12:44:08.990 I/BluetoothPanServiceJni(  816): classInitNative(L105): succeeds
04-24 12:44:08.990 D/PanService(  816): Received start request. Starting profile...
04-24 12:44:08.990 D/BluetoothPanServiceJni(  816): initializeNative(L110): pan
04-24 12:44:08.990 I/bluedroid(  816): get_profile_interface pan
04-24 12:44:08.990 D/BluetoothAdapterService(  816): Profile still not running:com.android.bluetooth.hdp.HealthService
04-24 12:44:08.990 D/HeadsetPhoneState(  816): sendDeviceStateChanged. mService=0 mSignal=0 mRoam=0 mBatteryCharge=1
04-24 12:44:09.000 D/BluetoothAdapterService(  816): Profile still not running:com.android.bluetooth.hdp.HealthService
04-24 12:44:09.000 D/BluetoothAdapterService(  816): Profile still not running:com.android.bluetooth.hdp.HealthService
04-24 12:44:09.000 D/BluetoothAdapterService(  816): Profile still not running:com.android.bluetooth.pan.PanService
04-24 12:44:09.000 I/bluedroid(  816): enable
04-24 12:44:09.000 D/BluetoothPan(  385): BluetoothPAN Proxy object connected
04-24 12:44:09.010 I/bt_hci_bdroid(  816): init
04-24 12:44:09.060 I/bt_vendor(  816): init
04-24 12:44:09.060 D/bt_vendor(  816): op for 5
04-24 12:44:09.070 D/bt_vendor(  816): op for 0
04-24 12:44:09.070 D/bt_upio (  816): is_emulator_context : 0
04-24 12:44:09.070 D/bt_upio (  816): is_rfkill_disabled ? [0]
04-24 12:44:09.070 D/bt_upio (  816): is_rfkill_disabled ? [0]
04-24 12:44:09.070 I/bt_hci_bdroid(  816): bt_hc_worker_thread started
04-24 12:44:09.100 D/PicasaUploader(  794):    wifiOnlyPhoto changed to true
04-24 12:44:09.100 D/PicasaUploader(  794):    wifiOnlyVideo changed to true
04-24 12:44:09.100 D/PicasaUploader(  794):    syncOnBattery changed to true
04-24 12:44:09.200 D/PicasaUploaderSync(  794): sync account database
04-24 12:44:09.240 D/dalvikvm(  467): GC_FOR_ALLOC freed 34K, 26% free 9454K/12664K, paused 19ms, total 19ms
04-24 12:44:09.240 I/dalvikvm-heap(  467): Grow heap (frag case) to 12.165MB for 2720016-byte allocation
04-24 12:44:09.260 D/dalvikvm(  467): GC_CONCURRENT freed 0K, 5% free 12111K/12664K, paused 3ms+3ms, total 21ms
04-24 12:44:09.260 D/dalvikvm(  467): WAIT_FOR_CONCURRENT_GC blocked 17ms
04-24 12:44:09.290 D/bt_vendor(  816): set power off and delay 200ms
04-24 12:44:09.290 D/bt_vendor(  816): op for 0
04-24 12:44:09.290 D/bt_upio (  816): is_emulator_context : 0
04-24 12:44:09.290 D/bt_upio (  816): is_rfkill_disabled ? [0]
04-24 12:44:09.330 D/gralloc (  103): ==USE CPU CACHE OP usage = 0x933==
04-24 12:44:09.330 D/gralloc (  103): use ion  ram 
