04-24 12:44:19.850 W/System.err(  661): 	at org.apache.http.impl.client.AbstractHttpClient.execute(AbstractHttpClient.java:487)
04-24 12:44:19.850 W/System.err(  661): 	at android.net.http.AndroidHttpClient.execute(AndroidHttpClient.java:257)
04-24 12:44:19.850 W/System.err(  661): 	at wk.a(SourceFile:235)
04-24 12:44:19.850 W/System.err(  661): 	at wk.execute(SourceFile:281)
04-24 12:44:19.850 W/System.err(  661): 	at wk.execute(SourceFile:349)
04-24 12:44:19.850 W/System.err(  661): 	at ivg.g(SourceFile:126)
04-24 12:44:19.850 W/System.err(  661): 	at ivg.c(SourceFile:172)
04-24 12:44:19.850 W/System.err(  661): 	at iyj.run(SourceFile:418)
04-24 12:44:19.850 W/System.err(  661): 	at iyi.b(SourceFile:224)
04-24 12:44:19.850 W/System.err(  661): 	at iyi.run(SourceFile:198)
04-24 12:44:19.850 W/System.err(  661): 	at ivo.run(SourceFile:96)
04-24 12:44:19.850 W/System.err(  661): Caused by: libcore.io.GaiException: getaddrinfo failed: EAI_NODATA (No address associated with hostname)
04-24 12:44:19.850 W/System.err(  661): 	at libcore.io.Posix.getaddrinfo(Native Method)
04-24 12:44:19.850 W/System.err(  661): 	at libcore.io.ForwardingOs.getaddrinfo(ForwardingOs.java:59)
04-24 12:44:19.850 W/System.err(  661): 	at java.net.InetAddress.lookupHostByName(InetAddress.java:405)
04-24 12:44:19.850 W/System.err(  661): 	... 18 more
04-24 12:44:19.850 W/System.err(  661): Caused by: libcore.io.ErrnoException: getaddrinfo failed: ENETUNREACH (Network is unreachable)
04-24 12:44:19.850 W/System.err(  661): 	... 21 more
04-24 12:44:19.900 D/dalvikvm(  385): GC_EXPLICIT freed 641K, 12% free 7592K/8624K, paused 3ms+8ms, total 93ms
04-24 12:44:19.900 D/dalvikvm(  736): GC_EXPLICIT freed 163K, 15% free 3758K/4392K, paused 139ms+4ms, total 414ms
04-24 12:44:19.960 I/ActivityManager(  385): Start proc com.google.android.apps.maps:LocationFriendService for broadcast com.google.android.apps.maps/com.google.googlenav.friend.reporting.LocationReportingIntentReceiver: pid=1376 uid=10026 gids={50026, 3003, 1015, 1028}
04-24 12:44:19.970 D/AlertService( 1348): No fired or scheduled alerts
04-24 12:44:20.010 E/Trace   ( 1376): error opening trace file: No such file or directory (2)
04-24 12:44:20.030 D/dalvikvm(  711): GC_CONCURRENT freed 380K, 25% free 4013K/5340K, paused 17ms+3ms, total 49ms
04-24 12:44:20.100 D/dalvikvm(  928): GC_CONCURRENT freed 490K, 24% free 3892K/5060K, paused 2ms+34ms, total 116ms
04-24 12:44:20.140 I/ActivityManager(  385): No longer want com.google.android.apps.maps (pid 858): empty #17
04-24 12:44:20.180 I/AuthZen (  928): Fetching signing key...
04-24 12:44:20.210 I/AuthZen (  928): Signing key fetched successfuly!
04-24 12:44:20.250 I/ActivityManager(  385): No longer want com.google.android.apps.uploader (pid 794): empty #17
04-24 12:44:20.280 D/dalvikvm( 1376): GC_CONCURRENT freed 264K, 15% free 3613K/4232K, paused 2ms+3ms, total 27ms
04-24 12:44:20.290 D/dalvikvm(  736): GC_EXPLICIT freed 36K, 15% free 3752K/4392K, paused 2ms+3ms, total 356ms
04-24 12:44:20.320 I/talk    ( 1277): onMcsConnectionStarted
04-24 12:44:20.320 D/GCM     (  711): GcmService start Intent { act=com.google.android.talk.MCS_CONNECTION_SERVICE_STARTED flg=0x10 cmp=com.google.android.gms/.gcm.GcmService } com.google.android.talk.MCS_CONNECTION_SERVICE_STARTED
04-24 12:44:20.460 D/dalvikvm(  661): GC_EXPLICIT freed 167K, 18% free 4601K/5552K, paused 12ms+11ms, total 231ms
04-24 12:44:20.490 D/audio_hw_primary(  106): out_standby
04-24 12:44:20.670 D/dalvikvm(  928): GC_CONCURRENT freed 444K, 25% free 3845K/5060K, paused 1ms+7ms, total 30ms
04-24 12:44:20.710 I/GCoreUlr(  661): Ensuring that reporting is stopped because of reasons: {account#2#=[InactiveReason{mVersionCode=0, mIdentifier=3, mName='UnsupportedGeo'}, InactiveReason{mVersionCode=0, mIdentifier=2, mName='DeferringToGmm'}]}
04-24 12:44:20.720 D/GCoreFlp(  661): Unknown pending intent to remove.
04-24 12:44:20.720 I/GCoreUlr(  661): Unbound from all location providers
04-24 12:44:20.740 I/GCoreUlr(  661): WorldUpdater received intent Intent { act=com.google.android.location.reporting.ACTION_UPDATE_WORLD cmp=com.google.android.gms/com.google.android.location.reporting.service.DispatchingService (has extras) } with receiverAction com.google.android.location.internal.server.ACTION_RESTARTED
04-24 12:44:20.840 D/SnetService(  928): snet destroyed
04-24 12:44:20.980 I/GCoreUlr(  661): Ensuring that reporting is stopped because of reasons: {account#2#=[InactiveReason{mVersionCode=0, mIdentifier=3, mName='UnsupportedGeo'}, InactiveReason{mVersionCode=0, mIdentifier=2, mName='DeferringToGmm'}]}
04-24 12:44:20.980 W/Uploader(  928): No account for auth token provided
04-24 12:44:20.990 D/GCoreFlp(  661): Unknown pending intent to remove.
04-24 12:44:20.990 I/GCoreUlr(  661): Unbound from all location providers
04-24 12:44:21.000 I/GCoreUlr(  661): WorldUpdater received intent Intent { act=com.google.android.location.reporting.ACTION_UPDATE_WORLD cmp=com.google.android.gms/com.google.android.location.reporting.service.DispatchingService (has extras) } with receiverAction com.google.android.location.internal.server.ACTION_RESTARTED
04-24 12:44:21.080 D/dalvikvm(  928): GC_CONCURRENT freed 328K, 23% free 3935K/5060K, paused 1ms+3ms, total 34ms
04-24 12:44:21.110 D/Uploader(  928): Network request failed class java.net.UnknownHostException(Unable to resolve host "play.googleapis.com": No address associated with hostname)
04-24 12:44:21.120 I/ActivityManager(  385): No longer want com.google.android.configupdater (pid 1022): empty #17
04-24 12:44:21.160 D/dalvikvm(  385): GC_EXPLICIT freed 539K, 13% free 7594K/8648K, paused 3ms+8ms, total 83ms
04-24 12:44:21.230 I/GCoreUlr(  661): Ensuring that reporting is stopped because of reasons: {account#2#=[InactiveReason{mVersionCode=0, mIdentifier=3, mName='UnsupportedGeo'}, InactiveReason{mVersionCode=0, mIdentifier=2, mName='DeferringToGmm'}]}
04-24 12:44:21.230 D/GCoreFlp(  661): Unknown pending intent to remove.
04-24 12:44:21.240 I/GCoreUlr(  661): Unbound from all location providers
04-24 12:44:21.510 D/dalvikvm(  529): GC_CONCURRENT freed 233K, 14% free 3814K/4400K, paused 1ms+4ms, total 19ms
04-24 12:44:21.550 W/MediaScanner(  529): Error opening directory '/mnt/sdcard/.android_secure/', skipping: Permission denied.
04-24 12:44:21.610 E/bt-btm  (  816): sec_flags:90 
04-24 12:44:21.610 W/bt-sdp  (  816): SDP - Rcvd conn cnf with error: 0x4  CID 0x41
04-24 12:44:21.680 D/dalvikvm(  385): GC_EXPLICIT freed 229K, 13% free 7572K/8648K, paused 3ms+8ms, total 79ms
04-24 12:44:21.880 W/MediaScanner(  529): Error opening directory '/mnt/extsd/', skipping: Permission denied.
04-24 12:44:21.880 W/MediaScanner(  529): Error opening directory '/mnt/usbhost1/', skipping: Permission denied.
04-24 12:44:21.890 V/MediaScanner(  529): pruneDeadThumbnailFiles... android.database.sqlite.SQLiteCursor@40e8e1b0
04-24 12:44:21.890 V/MediaScanner(  529): /pruneDeadThumbnailFiles... android.database.sqlite.SQLiteCursor@40e8e1b0
04-24 12:44:21.900 I/ActivityManager(  385): No longer want com.google.android.apps.genie.geniewidget (pid 1107): empty #17
04-24 12:44:22.580 W/GAV2    ( 1236): Thread[GAThread,5,main]: Service unavailable (code=1), will retry.
04-24 12:44:22.580 W/ActivityManager(  385): Unable to start service Intent { act=com.google.android.gms.analytics.service.START (has extras) } U=0: not found
04-24 12:44:22.590 I/GAV2    ( 1236): Thread[GAThread,5,main]: No campaign data found.
04-24 12:44:23.890 I/ActivityManager(  385): No longer want com.android.exchange (pid 1080): empty #17
04-24 12:44:26.730 E/bt-btm  (  816): sec_flags:90 
04-24 12:44:26.730 W/bt-btif (  816): bta_dm_rm_cback:0, status:1
04-24 12:44:26.730 W/bt-btif (  816): bta_dm_act no entry for connected service cbs
04-24 12:44:26.730 W/bt-btif (  816): BTA_AV_OPEN_EVT::FAILED status: 3
04-24 12:44:26.730 I/BluetoothA2dpServiceJni(  816): bta2dp_connection_state_callback
04-24 12:44:26.740 D/A2dpStateMachine(  816): Pending process message: 101
04-24 12:44:26.740 D/A2dpStateMachine(  816): Enter Disconnected: 101
04-24 12:44:26.740 D/A2dpStateMachine(  816): Connection state 10:B7:F6:00:89:B3: 1->0
04-24 12:44:26.750 D/BluetoothAdapterService(1088869840)(  816): getState(): mAdapterProperties: com.android.bluetooth.btservice.AdapterProperties@40e6eef8
04-24 12:44:26.750 D/BluetoothAdapterService(1088869840)(  816): getState(): mAdapterProperties: com.android.bluetooth.btservice.AdapterProperties@40e6eef8
04-24 12:44:26.750 D/BluetoothAdapterProperties(  816): CONNECTION_STATE_CHANGE: 10:B7:F6:00:89:B3: 1 -> 0
04-24 12:44:26.750 D/BluetoothAdapterService(1088869840)(  816): Get Bonded Devices being called
04-24 12:44:26.780 I/&&&     (  581): packageName=com.android.vending ------isShowGooglePlay=0
04-24 12:44:26.790 I/InputReader(  385): Reconfiguring input devices.  changes=0x00000010
04-24 12:44:26.790 I/LocalBluetoothProfileManager(  901): Failed to connect A2DP device
04-24 12:44:26.790 D/CachedBluetoothDevice(  901): onProfileStateChanged: profile A2DP newProfileState 0
04-24 12:44:26.810 D/BluetoothAdapterService(1088869840)(  816): getState(): mAdapterProperties: com.android.bluetooth.btservice.AdapterProperties@40e6eef8
04-24 12:44:26.900 I/ActivityManager(  385): Start proc com.android.gallery3d for broadcast com.android.gallery3d/.app.PackagesMonitor: pid=1425 uid=10020 gids={50020, 1006, 3003, 1015, 1028}
04-24 12:44:26.990 E/Trace   ( 1425): error opening trace file: No such file or directory (2)
04-24 12:44:27.090 D/dalvikvm(  632): GC_CONCURRENT freed 263K, 14% free 3800K/4412K, paused 18ms+4ms, total 134ms
04-24 12:44:27.330 I/ActivityManager(  385): No longer want com.android.email (pid 1059): empty #17
04-24 12:44:27.360 D/PackageBroadcastService(  928): Received broadcast action=android.intent.action.PACKAGE_CHANGED and uri=com.android.vending
04-24 12:44:27.450 I/PeopleContactsSync(  928): CP2 sync disabled
04-24 12:44:27.470 I/Icing   (  928): Storage manager: low false usage 65.48KB avail 707.87MB capacity 857.22MB
04-24 12:44:27.530 D/dalvikvm(  928): GC_CONCURRENT freed 382K, 21% free 4002K/5060K, paused 2ms+2ms, total 25ms
04-24 12:44:27.580 W/GAV2    ( 1236): Thread[Service Reconnect,5,main]: Service unavailable (code=1), using local store.
04-24 12:44:27.580 W/ActivityManager(  385): Unable to start service Intent { act=com.google.android.gms.analytics.service.START (has extras) } U=0: not found
04-24 12:44:27.610 I/Icing   (  928): Internal init done: storage state 0
04-24 12:44:27.640 I/Icing   (  928): Post-init done
04-24 12:44:35.120 D/AndroidRuntime( 1471): 
04-24 12:44:35.120 D/AndroidRuntime( 1471): >>>>>> AndroidRuntime START com.android.internal.os.RuntimeInit <<<<<<
04-24 12:44:35.120 D/AndroidRuntime( 1471): CheckJNI is OFF
04-24 12:44:35.160 D/dalvikvm( 1471): Trying to load lib libjavacore.so 0x0
04-24 12:44:35.170 D/dalvikvm( 1471): Added shared lib libjavacore.so 0x0
04-24 12:44:35.180 D/dalvikvm( 1471): Trying to load lib libnativehelper.so 0x0
04-24 12:44:35.180 D/dalvikvm( 1471): Added shared lib libnativehelper.so 0x0
04-24 12:44:35.260 D/dalvikvm( 1471): DexOpt: --- BEGIN 'bundle.jar' (bootstrap=0) ---
04-24 12:44:35.760 D/dalvikvm( 1475): DexOpt: load 41ms, verify+opt 357ms, 991492 bytes
04-24 12:44:35.800 D/dalvikvm( 1471): DexOpt: --- END 'bundle.jar' (success) ---
04-24 12:44:35.800 D/dalvikvm( 1471): DEX prep '/data/local/tmp/bundle.jar': unzip in 38ms, rewrite 536ms
04-24 12:44:35.800 D/dalvikvm( 1471): DexOpt: --- BEGIN 'uiautomator-stub.jar' (bootstrap=0) ---
04-24 12:44:35.860 D/dalvikvm( 1476): DexOpt: load 5ms, verify+opt 20ms, 210452 bytes
04-24 12:44:35.870 D/dalvikvm( 1471): DexOpt: --- END 'uiautomator-stub.jar' (success) ---
04-24 12:44:35.870 D/dalvikvm( 1471): DEX prep '/data/local/tmp/uiautomator-stub.jar': unzip in 2ms, rewrite 65ms
04-24 12:44:35.970 I/dongle-jni( 1471): Loading DongleManager class
04-24 12:44:36.000 D/AndroidRuntime( 1471): Calling main entry com.android.commands.uiautomator.Launcher
04-24 12:44:36.040 D/dalvikvm( 1471): Note: class Landroid/app/ActivityManagerNative; has 158 unimplemented (abstract) methods
04-24 12:44:36.080 D/UiAutomatorBridge( 1471): EventType: TYPE_WINDOW_STATE_CHANGED; EventTime: 49378; PackageName: com.android.launcher; MovementGranularity: 0; Action: 0 [ ClassName: com.android.launcher2.Launcher; Text: [主屏幕]; ContentDescription: null; ItemCount: -1; CurrentItemIndex: -1; IsEnabled: true; IsPassword: false; IsChecked: false; IsFullScreen: true; Scrollable: false; BeforeText: null; FromIndex: -1; ToIndex: -1; ScrollX: -1; ScrollY: -1; MaxScrollX: -1; MaxScrollY: -1; AddedCount: -1; RemovedCount: -1; ParcelableData: null ]; recordCount: 0
04-24 12:44:36.140 I/dalvikvm( 1471): Could not find method com.android.uiautomator.core.UiObject.dragTo, referenced from method com.github.uiautomatorstub.AutomatorServiceImpl.dragTo
04-24 12:44:36.140 W/dalvikvm( 1471): VFY: unable to resolve virtual method 65: Lcom/android/uiautomator/core/UiObject;.dragTo (III)Z
04-24 12:44:36.140 D/dalvikvm( 1471): VFY: replacing opcode 0x6e at 0x000e
04-24 12:44:36.140 I/dalvikvm( 1471): Could not find method com.android.uiautomator.core.UiObject.dragTo, referenced from method com.github.uiautomatorstub.AutomatorServiceImpl.dragTo
04-24 12:44:36.140 W/dalvikvm( 1471): VFY: unable to resolve virtual method 66: Lcom/android/uiautomator/core/UiObject;.dragTo (Lcom/android/uiautomator/core/UiObject;I)Z
04-24 12:44:36.140 D/dalvikvm( 1471): VFY: replacing opcode 0x6e at 0x0017
04-24 12:44:36.140 I/dalvikvm( 1471): Could not find method com.android.uiautomator.core.UiObject.performTwoPointerGesture, referenced from method com.github.uiautomatorstub.AutomatorServiceImpl.gesture
04-24 12:44:36.140 W/dalvikvm( 1471): VFY: unable to resolve virtual method 89: Lcom/android/uiautomator/core/UiObject;.performTwoPointerGesture (Landroid/graphics/Point;Landroid/graphics/Point;Landroid/graphics/Point;Landroid/graphics/Point;I)Z
04-24 12:44:36.140 D/dalvikvm( 1471): VFY: replacing opcode 0x74 at 0x0020
04-24 12:44:36.140 I/dalvikvm( 1471): Could not find method com.android.uiautomator.core.UiObject.pinchIn, referenced from method com.github.uiautomatorstub.AutomatorServiceImpl.pinchIn
04-24 12:44:36.140 W/dalvikvm( 1471): VFY: unable to resolve virtual method 90: Lcom/android/uiautomator/core/UiObject;.pinchIn (II)Z
04-24 12:44:36.140 D/dalvikvm( 1471): VFY: replacing opcode 0x6e at 0x000e
04-24 12:44:36.140 I/dalvikvm( 1471): Could not find method com.android.uiautomator.core.UiObject.pinchOut, referenced from method com.github.uiautomatorstub.AutomatorServiceImpl.pinchOut
04-24 12:44:36.140 W/dalvikvm( 1471): VFY: unable to resolve virtual method 91: Lcom/android/uiautomator/core/UiObject;.pinchOut (II)Z
04-24 12:44:36.140 D/dalvikvm( 1471): VFY: replacing opcode 0x6e at 0x000e
04-24 12:44:36.150 I/dalvikvm( 1471): Could not find method com.android.uiautomator.core.UiDevice.drag, referenced from method com.github.uiautomatorstub.AutomatorServiceImpl.drag
04-24 12:44:36.150 W/dalvikvm( 1471): VFY: unable to resolve virtual method 13: Lcom/android/uiautomator/core/UiDevice;.drag (IIIII)Z
04-24 12:44:36.150 D/dalvikvm( 1471): VFY: replacing opcode 0x74 at 0x0015
04-24 12:44:36.150 I/dalvikvm( 1471): Could not find method com.android.uiautomator.core.UiDevice.setCompressedLayoutHeirarchy, referenced from method com.github.uiautomatorstub.AutomatorServiceImpl.dumpWindowHierarchy
04-24 12:44:36.150 W/dalvikvm( 1471): VFY: unable to resolve virtual method 48: Lcom/android/uiautomator/core/UiDevice;.setCompressedLayoutHeirarchy (Z)V
04-24 12:44:36.150 D/dalvikvm( 1471): VFY: replacing opcode 0x6e at 0x000b
04-24 12:44:36.150 I/dalvikvm( 1471): Could not find method com.android.uiautomator.core.UiDevice.openNotification, referenced from method com.github.uiautomatorstub.AutomatorServiceImpl.openNotification
04-24 12:44:36.150 W/dalvikvm( 1471): VFY: unable to resolve virtual method 28: Lcom/android/uiautomator/core/UiDevice;.openNotification ()Z
04-24 12:44:36.150 D/dalvikvm( 1471): VFY: replacing opcode 0x6e at 0x0012
04-24 12:44:36.150 I/dalvikvm( 1471): Could not find method com.android.uiautomator.core.UiDevice.openQuickSettings, referenced from method com.github.uiautomatorstub.AutomatorServiceImpl.openQuickSettings
04-24 12:44:36.150 W/dalvikvm( 1471): VFY: unable to resolve virtual method 29: Lcom/android/uiautomator/core/UiDevice;.openQuickSettings ()Z
04-24 12:44:36.150 D/dalvikvm( 1471): VFY: replacing opcode 0x6e at 0x0012
04-24 12:44:36.260 D/UIAutomatorStub( 1471): URI: /jsonrpc/0, Method: POST, Header: {content-type=application/json, connection=close, remote-addr=127.0.0.1, host=localhost:9008, content-length=78, http-client-ip=127.0.0.1, user-agent=Python-urllib/2.7, accept-encoding=identity}, params, {{"jsonrpc": "2.0", "method": "ping", "id": "3009d8a2a688c1a8c34b4ea3b8bfe602"}=, NanoHttpd.QUERY_STRING={"jsonrpc": "2.0", "method": "ping", "id": "3009d8a2a688c1a8c34b4ea3b8bfe602"}}, files: {}
04-24 12:44:36.350 D/UIAutomatorStub( 1471): URI: /jsonrpc/0, Method: POST, Header: {content-type=application/json, connection=close, remote-addr=127.0.0.1, host=localhost:9008, content-length=78, http-client-ip=127.0.0.1, user-agent=Python-urllib/2.7, accept-encoding=identity}, params, {NanoHttpd.QUERY_STRING={"jsonrpc": "2.0", "method": "ping", "id": "8ca590bd894836262983f3c2d1c23fd4"}, {"jsonrpc": "2.0", "method": "ping", "id": "8ca590bd894836262983f3c2d1c23fd4"}=}, files: {}
04-24 12:44:36.360 D/UIAutomatorStub( 1471): URI: /jsonrpc/0, Method: POST, Header: {content-type=application/json, connection=close, remote-addr=127.0.0.1, host=localhost:9008, content-length=80, http-client-ip=127.0.0.1, user-agent=Python-urllib/2.7, accept-encoding=identity}, params, {{"jsonrpc": "2.0", "method": "wakeUp", "id": "8fe39bcb2fbd6bc2666875ec70519be0"}=, NanoHttpd.QUERY_STRING={"jsonrpc": "2.0", "method": "wakeUp", "id": "8fe39bcb2fbd6bc2666875ec70519be0"}}, files: {}
04-24 12:44:36.380 D/UIAutomatorStub( 1471): URI: /jsonrpc/0, Method: POST, Header: {content-type=application/json, connection=close, remote-addr=127.0.0.1, host=localhost:9008, content-length=102, http-client-ip=127.0.0.1, user-agent=Python-urllib/2.7, accept-encoding=identity}, params, {NanoHttpd.QUERY_STRING={"params": ["home"], "jsonrpc": "2.0", "method": "pressKey", "id": "0c25fe0da4c202247797a189f9c915ad"}, {"params": ["home"], "jsonrpc": "2.0", "method": "pressKey", "id": "0c25fe0da4c202247797a189f9c915ad"}=}, files: {}
04-24 12:44:36.850 I/InputReader(  385): Reconfiguring input devices.  changes=0x00000010
04-24 12:44:36.920 I/ActivityManager(  385): START u0 {act=android.intent.action.MAIN cat=[android.intent.category.HOME] flg=0x10200000 cmp=com.android.launcher/com.android.launcher2.Launcher} from pid 385
04-24 12:44:37.010 D/dalvikvm(  385): GC_CONCURRENT freed 845K, 14% free 7658K/8864K, paused 7ms+9ms, total 119ms
04-24 12:44:37.060 D/PackageBroadcastService(  928): Received broadcast action=android.intent.action.PACKAGE_CHANGED and uri=com.android.vending
04-24 12:44:37.100 I/PeopleContactsSync(  928): CP2 sync disabled
04-24 12:44:37.200 D/UiAutomatorBridge( 1471): EventType: TYPE_WINDOW_STATE_CHANGED; EventTime: 50503; PackageName: com.android.launcher; MovementGranularity: 0; Action: 0 [ ClassName: com.android.launcher2.Launcher; Text: [主屏幕]; ContentDescription: null; ItemCount: -1; CurrentItemIndex: -1; IsEnabled: true; IsPassword: false; IsChecked: false; IsFullScreen: true; Scrollable: false; BeforeText: null; FromIndex: -1; ToIndex: -1; ScrollX: -1; ScrollY: -1; MaxScrollX: -1; MaxScrollY: -1; AddedCount: -1; RemovedCount: -1; ParcelableData: null ]; recordCount: 0
04-24 12:44:37.240 D/dalvikvm(  581): GC_CONCURRENT freed 5135K, 54% free 4757K/10236K, paused 3ms+5ms, total 35ms
04-24 12:44:37.790 D/UiAutomatorBridge( 1471): EventType: TYPE_VIEW_SCROLLED; EventTime: 51088; PackageName: com.android.launcher; MovementGranularity: 0; Action: 0 [ ClassName: android.view.ViewGroup; Text: [主屏幕 2（共 3 个）]; ContentDescription: null; ItemCount: 3; CurrentItemIndex: -1; IsEnabled: true; IsPassword: false; IsChecked: false; IsFullScreen: false; Scrollable: true; BeforeText: null; FromIndex: 1; ToIndex: 1; ScrollX: -1; ScrollY: -1; MaxScrollX: -1; MaxScrollY: -1; AddedCount: -1; RemovedCount: -1; ParcelableData: null ]; recordCount: 0
04-24 12:44:37.940 W/InteractionController( 1471): runAndwaitForEvent timedout waiting for events: 2048
04-24 12:44:37.950 D/UIAutomatorStub( 1471): URI: /jsonrpc/0, Method: POST, Header: {content-type=application/json, connection=close, remote-addr=127.0.0.1, host=localhost:9008, content-length=180, http-client-ip=127.0.0.1, user-agent=Python-urllib/2.7, accept-encoding=identity}, params, {NanoHttpd.QUERY_STRING={"params": [{"childOrSiblingSelector": [], "mask": 64, "description": "Apps", "childOrSibling": []}], "jsonrpc": "2.0", "method": "click", "id": "adf47ff5b2abb0525b34abc4f72aac82"}, {"params": [{"childOrSiblingSelector": [], "mask": 64, "description": "Apps", "childOrSibling": []}], "jsonrpc": "2.0", "method": "click", "id": "adf47ff5b2abb0525b34abc4f72aac82"}=}, files: {}
04-24 12:44:37.970 I/dalvikvm( 1471): Could not find method com.android.uiautomator.core.UiSelector.checkable, referenced from method com.github.uiautomatorstub.Selector.toUiSelector
04-24 12:44:37.970 W/dalvikvm( 1471): VFY: unable to resolve virtual method 117: Lcom/android/uiautomator/core/UiSelector;.checkable (Z)Lcom/android/uiautomator/core/UiSelector;
04-24 12:44:37.970 D/dalvikvm( 1471): VFY: replacing opcode 0x6e at 0x001e
04-24 12:44:37.970 I/dalvikvm( 1471): Could not find method com.android.uiautomator.core.UiSelector.resourceId, referenced from method com.github.uiautomatorstub.Selector.toUiSelector
04-24 12:44:37.970 W/dalvikvm( 1471): VFY: unable to resolve virtual method 136: Lcom/android/uiautomator/core/UiSelector;.resourceId (Ljava/lang/String;)Lcom/android/uiautomator/core/UiSelector;
04-24 12:44:37.970 D/dalvikvm( 1471): VFY: replacing opcode 0x6e at 0x017d
04-24 12:44:37.970 I/dalvikvm( 1471): Could not find method com.android.uiautomator.core.UiSelector.resourceIdMatches, referenced from method com.github.uiautomatorstub.Selector.toUiSelector
04-24 12:44:37.970 W/dalvikvm( 1471): VFY: unable to resolve virtual method 137: Lcom/android/uiautomator/core/UiSelector;.resourceIdMatches (Ljava/lang/String;)Lcom/android/uiautomator/core/UiSelector;
04-24 12:44:37.970 D/dalvikvm( 1471): VFY: replacing opcode 0x6e at 0x0195
04-24 12:44:44.520 E/DhcpStateMachine(  385): DHCP failed on wlan0: Timed out waiting for DHCP to finish
04-24 12:44:44.720 E/WifiStateMachine(  385): IP configuration failed
04-24 12:44:44.740 D/Tethering(  385): InitialState.processMessage what=4
04-24 12:44:44.740 D/Tethering(  385): sendTetherStateChangedBroadcast 0, 0, 0
04-24 12:44:44.760 D/CommandListener(  100): Clearing all IP addresses on wlan0
04-24 12:44:44.780 D/ConnectivityService(  385): ConnectivityChange for WIFI: DISCONNECTED/DISCONNECTED
04-24 12:44:44.790 D/EthernetDataTracker(  385): no configuration for 
04-24 12:44:44.790 D/EthernetDataTracker(  385): no configuration for 
04-24 12:44:44.790 D/ConnectivityService(  385): Attempting to switch to mobile
04-24 12:44:44.790 D/ConnectivityService(  385): Attempting to switch to BLUETOOTH_TETHER
04-24 12:44:44.790 D/EthernetDataTracker(  385): ConnectNetwork: Up is true, mLinkUp is false, On is false, mIface 
04-24 12:44:44.790 D/ConnectivityService(  385): Attempting to switch to ETHERNET
04-24 12:44:44.790 D/ConnectivityService(  385): renew ip, routesChanged is false.
04-24 12:44:44.790 D/ConnectivityService(  385): ConnectivityChange for WIFI: DISCONNECTED/DISCONNECTED
04-24 12:44:44.790 D/ConnectivityService(  385): Attempting to switch to mobile
04-24 12:44:44.790 D/ConnectivityService(  385): Attempting to switch to BLUETOOTH_TETHER
04-24 12:44:44.790 D/EthernetDataTracker(  385): ConnectNetwork: Up is true, mLinkUp is false, On is false, mIface 
04-24 12:44:44.790 D/ConnectivityService(  385): Attempting to switch to ETHERNET
04-24 12:44:44.790 D/ConnectivityService(  385): renew ip, routesChanged is false.
04-24 12:44:46.130 D/Tethering(  385): sendTetherStateChangedBroadcast 1, 0, 0
04-24 12:44:47.110 D/UiAutomatorBridge( 1471): EventType: TYPE_VIEW_CLICKED; EventTime: 60407; PackageName: com.android.launcher; MovementGranularity: 0; Action: 0 [ ClassName: android.widget.TextView; Text: [设置]; ContentDescription: null; ItemCount: -1; CurrentItemIndex: -1; IsEnabled: true; IsPassword: false; IsChecked: false; IsFullScreen: false; Scrollable: false; BeforeText: null; FromIndex: -1; ToIndex: -1; ScrollX: -1; ScrollY: -1; MaxScrollX: -1; MaxScrollY: -1; AddedCount: -1; RemovedCount: -1; ParcelableData: null ]; recordCount: 0
04-24 12:44:47.120 V/audio_hw_primary(  106): start_output_stream, line: 728
04-24 12:44:47.120 V/codec_audio_pad(  106): in normal mode, headset or speaker on,****LINE:81,FUNC:set_normal_path
04-24 12:44:47.120 I/ActivityManager(  385): START u0 {act=android.intent.action.MAIN cat=[android.intent.category.LAUNCHER] flg=0x10200000 cmp=com.android.settings/.Settings bnds=[737,152][820,207]} from pid 581
04-24 12:44:47.150 D/PermissionCache(  103): checking android.permission.READ_FRAME_BUFFER for uid=1000 => granted (232 us)
04-24 12:44:47.260 V/audio_hw_primary(  106): normal mode , speaker,****LINE:653,FUNC:select_output_device
04-24 12:44:47.260 V/audio_hw_primary(  106): start_output_stream: card:0, port:0, rate:44100
04-24 12:44:47.260 D/alsa_pcm(  106): pcm_open:,sparams.stop_threshold:1540, config->stop_threshold:0
04-24 12:44:47.260 V/audio_hw_primary(  106): do not use out resampler
04-24 12:44:47.280 D/gralloc (  103): ==USE CPU CACHE OP usage = 0x933==
04-24 12:44:47.280 D/gralloc (  103): use ion  ram 
04-24 12:44:47.350 D/dalvikvm(  901): GC_CONCURRENT freed 291K, 16% free 3588K/4232K, paused 3ms+3ms, total 27ms
04-24 12:44:47.450 W/Finsky  ( 1202): [1] LibraryUpdateListener.onErrorResponse: Library replication failed: com.android.volley.NoConnectionError: java.net.UnknownHostException: Unable to resolve host "android.clients.google.com": No address associated with hostname
04-24 12:44:47.460 D/dalvikvm( 1202): GC_CONCURRENT freed 310K, 16% free 3748K/4412K, paused 3ms+2ms, total 49ms
04-24 12:44:47.490 D/BluetoothAdapterService(1088869840)(  816): getState(): mAdapterProperties: com.android.bluetooth.btservice.AdapterProperties@40e6eef8
04-24 12:44:47.580 D/libEGL  (  901): loaded /system/lib/egl/libEGL_mali.so
04-24 12:44:47.580 D/libEGL  (  901): loaded /system/lib/egl/libGLESv1_CM_mali.so
04-24 12:44:47.580 D/libEGL  (  901): loaded /system/lib/egl/libGLESv2_mali.so
04-24 12:44:47.590 D/gralloc (  103): use ion  ram 
04-24 12:44:47.600 W/BufferQueue(  103): freeAllBuffersLocked called but mQueue is not empty
04-24 12:44:47.600 D/gralloc (  103): use ion  ram 
04-24 12:44:47.600 D/OpenGLRenderer(  901): Enabling debug mode 0
04-24 12:44:47.620 D/WifiService(  385): setWifiEnabled: true pid=901, uid=1000
04-24 12:44:47.640 D/BluetoothAdapterService(1088869840)(  816): getState(): mAdapterProperties: com.android.bluetooth.btservice.AdapterProperties@40e6eef8
04-24 12:44:47.750 D/dalvikvm(  901): GC_CONCURRENT freed 178K, 13% free 3801K/4332K, paused 2ms+2ms, total 17ms
04-24 12:44:47.800 D/Tethering(  385): MasterInitialState.processMessage what=3
04-24 12:44:47.810 D/OtaService(  385): onreceive action = android.net.conn.CONNECTIVITY_CHANGE
04-24 12:44:47.810 D/Tethering(  385): MasterInitialState.processMessage what=3
04-24 12:44:47.820 D/OtaService(  385): onreceive action = android.net.conn.CONNECTIVITY_CHANGE
04-24 12:44:47.890 I/ActivityManager(  385): Displayed com.android.settings/.Settings: +664ms
04-24 12:44:47.900 D/UiAutomatorBridge( 1471): EventType: TYPE_WINDOW_STATE_CHANGED; EventTime: 61187; PackageName: com.android.settings; MovementGranularity: 0; Action: 0 [ ClassName: com.android.settings.Settings; Text: [设置]; ContentDescription: null; ItemCount: -1; CurrentItemIndex: -1; IsEnabled: true; IsPassword: false; IsChecked: false; IsFullScreen: true; Scrollable: false; BeforeText: null; FromIndex: -1; ToIndex: -1; ScrollX: -1; ScrollY: -1; MaxScrollX: -1; MaxScrollY: -1; AddedCount: -1; RemovedCount: -1; ParcelableData: null ]; recordCount: 0
04-24 12:44:47.920 I/ActivityManager(  385): Start proc com.google.android.apps.uploader for broadcast com.google.android.apps.uploader/com.google.android.picasasync.ConnectivityReceiver: pid=1519 uid=10034 gids={50034, 3003, 1015, 1028}
04-24 12:44:47.950 D/gralloc (  103): use ion  ram 
04-24 12:44:47.970 E/Trace   ( 1519): error opening trace file: No such file or directory (2)
04-24 12:44:48.050 D/UiAutomatorBridge( 1471): EventType: TYPE_WINDOW_CONTENT_CHANGED; EventTime: 61357; PackageName: com.android.settings; MovementGranularity: 0; Action: 0 [ ClassName: android.widget.FrameLayout; Text: []; ContentDescription: null; ItemCount: -1; CurrentItemIndex: -1; IsEnabled: true; IsPassword: false; IsChecked: false; IsFullScreen: false; Scrollable: false; BeforeText: null; FromIndex: -1; ToIndex: -1; ScrollX: -1; ScrollY: -1; MaxScrollX: -1; MaxScrollY: -1; AddedCount: -1; RemovedCount: -1; ParcelableData: null ]; recordCount: 0
04-24 12:44:48.060 D/dalvikvm( 1519): GC_CONCURRENT freed 392K, 18% free 3500K/4240K, paused 3ms+5ms, total 33ms
04-24 12:44:48.080 D/GCM     (  711): GcmService start Intent { act=android.net.conn.CONNECTIVITY_CHANGE flg=0x8000010 cmp=com.google.android.gms/.gcm.GcmService (has extras) } android.net.conn.CONNECTIVITY_CHANGE
04-24 12:44:48.120 D/dalvikvm(  385): GC_CONCURRENT freed 821K, 14% free 7795K/8972K, paused 3ms+7ms, total 77ms
04-24 12:44:48.180 D/GCM     (  711): GcmService start Intent { act=android.net.conn.CONNECTIVITY_CHANGE flg=0x8000010 cmp=com.google.android.gms/.gcm.GcmService (has extras) } android.net.conn.CONNECTIVITY_CHANGE
04-24 12:44:48.230 D/PicasaUploader( 1519):    wifiOnlyPhoto changed to true
04-24 12:44:48.230 D/PicasaUploader( 1519):    wifiOnlyVideo changed to true
04-24 12:44:48.230 D/PicasaUploader( 1519):    syncOnBattery changed to true
04-24 12:44:48.230 D/PicasaUploaderSync( 1519): sync account database
04-24 12:44:48.250 D/PicasaUploaderSync( 1519): accounts in DB=1
04-24 12:44:48.250 D/PicasaUploaderSyncManager( 1519): background data: true
04-24 12:44:48.270 D/PicasaUploaderSyncManager( 1519): battery info: true
04-24 12:44:48.720 D/gralloc (  103): use ion  ram 
04-24 12:44:49.140 D/Tethering(  385): InitialState.processMessage what=4
04-24 12:44:49.140 D/Tethering(  385): sendTetherStateChangedBroadcast 0, 0, 0
04-24 12:44:49.490 W/Finsky  ( 1202): [1] LibraryUpdateListener.onErrorResponse: Library replication failed: com.android.volley.NoConnectionError: java.net.UnknownHostException: Unable to resolve host "android.clients.google.com": No address associated with hostname
04-24 12:44:49.660 W/JsonRpcServer( 1471): Error in JSON-RPC Service
04-24 12:44:49.660 W/JsonRpcServer( 1471): java.lang.reflect.InvocationTargetException
04-24 12:44:49.660 W/JsonRpcServer( 1471): 	at java.lang.reflect.Method.invokeNative(Native Method)
04-24 12:44:49.660 W/JsonRpcServer( 1471): 	at java.lang.reflect.Method.invoke(Method.java:511)
04-24 12:44:49.660 W/JsonRpcServer( 1471): 	at com.googlecode.jsonrpc4j.JsonRpcServer.invoke(JsonRpcServer.java:513)
04-24 12:44:49.660 W/JsonRpcServer( 1471): 	at com.googlecode.jsonrpc4j.JsonRpcServer.handleObject(JsonRpcServer.java:384)
04-24 12:44:49.660 W/JsonRpcServer( 1471): 	at com.googlecode.jsonrpc4j.JsonRpcServer.handleNode(JsonRpcServer.java:293)
04-24 12:44:49.660 W/JsonRpcServer( 1471): 	at com.googlecode.jsonrpc4j.JsonRpcServer.handle(JsonRpcServer.java:230)
04-24 12:44:49.660 W/JsonRpcServer( 1471): 	at com.github.uiautomatorstub.AutomatorHttpServer.serve(AutomatorHttpServer.java:64)
04-24 12:44:49.660 W/JsonRpcServer( 1471): 	at fi.iki.elonen.NanoHTTPD.serve(NanoHTTPD.java:310)
04-24 12:44:49.660 W/JsonRpcServer( 1471): 	at fi.iki.elonen.NanoHTTPD$HTTPSession.execute(NanoHTTPD.java:904)
04-24 12:44:49.660 W/JsonRpcServer( 1471): 	at fi.iki.elonen.NanoHTTPD$1$1.run(NanoHTTPD.java:188)
04-24 12:44:49.660 W/JsonRpcServer( 1471): 	at java.lang.Thread.run(Thread.java:856)
04-24 12:44:49.660 W/JsonRpcServer( 1471): Caused by: com.android.uiautomator.core.UiObjectNotFoundException: UiSelector[DESCRIPTION=Apps]
04-24 12:44:49.660 W/JsonRpcServer( 1471): 	at com.android.uiautomator.core.UiObject.click(UiObject.java:337)
04-24 12:44:49.660 W/JsonRpcServer( 1471): 	at com.github.uiautomatorstub.AutomatorServiceImpl.click(AutomatorServiceImpl.java:574)
04-24 12:44:49.660 W/JsonRpcServer( 1471): 	... 11 more
04-24 12:44:49.690 D/dalvikvm( 1202): GC_CONCURRENT freed 375K, 17% free 3773K/4504K, paused 3ms+35ms, total 88ms
04-24 12:44:49.750 I/ActivityManager(  385): START u0 {act=android.intent.action.MAIN cat=[android.intent.category.HOME] flg=0x10200000 cmp=com.android.launcher/com.android.launcher2.Launcher} from pid 385
04-24 12:44:49.770 W/Finsky  ( 1202): [1] 2.onErrorResponse: Update check failed: com.android.volley.NoConnectionError: java.net.UnknownHostException: Unable to resolve host "android.clients.google.com": No address associated with hostname
04-24 12:44:49.770 D/Finsky  ( 1202): [1] DailyHygiene.reschedule: Giving up. (failures=6)
04-24 12:44:49.930 D/gralloc (  103): use ion  ram 
04-24 12:44:49.940 W/BufferQueue(  103): freeAllBuffersLocked called but mQueue is not empty
04-24 12:44:49.940 D/gralloc (  103): use ion  ram 
04-24 12:44:49.960 D/UiAutomatorBridge( 1471): EventType: TYPE_WINDOW_STATE_CHANGED; EventTime: 63257; PackageName: com.android.launcher; MovementGranularity: 0; Action: 0 [ ClassName: com.android.launcher2.Launcher; Text: [主屏幕]; ContentDescription: null; ItemCount: -1; CurrentItemIndex: -1; IsEnabled: true; IsPassword: false; IsChecked: false; IsFullScreen: true; Scrollable: false; BeforeText: null; FromIndex: -1; ToIndex: -1; ScrollX: -1; ScrollY: -1; MaxScrollX: -1; MaxScrollY: -1; AddedCount: -1; RemovedCount: -1; ParcelableData: null ]; recordCount: 0
04-24 12:44:49.980 D/gralloc (  103): use ion  ram 
04-24 12:44:50.040 D/UiAutomatorBridge( 1471): EventType: TYPE_WINDOW_CONTENT_CHANGED; EventTime: 63346; PackageName: com.android.launcher; MovementGranularity: 0; Action: 0 [ ClassName: android.widget.FrameLayout; Text: []; ContentDescription: null; ItemCount: -1; CurrentItemIndex: -1; IsEnabled: true; IsPassword: false; IsChecked: false; IsFullScreen: false; Scrollable: false; BeforeText: null; FromIndex: -1; ToIndex: -1; ScrollX: -1; ScrollY: -1; MaxScrollX: -1; MaxScrollY: -1; AddedCount: -1; RemovedCount: -1; ParcelableData: null ]; recordCount: 0
04-24 12:44:50.120 D/UIAutomatorStub( 1471): URI: /jsonrpc/0, Method: POST, Header: {content-type=application/json, connection=close, remote-addr=127.0.0.1, host=localhost:9008, content-length=80, http-client-ip=127.0.0.1, user-agent=Python-urllib/2.7, accept-encoding=identity}, params, {{"jsonrpc": "2.0", "method": "wakeUp", "id": "fb616a6986666531a5013482c16154e2"}=, NanoHttpd.QUERY_STRING={"jsonrpc": "2.0", "method": "wakeUp", "id": "fb616a6986666531a5013482c16154e2"}}, files: {}
04-24 12:44:50.140 D/UIAutomatorStub( 1471): URI: /jsonrpc/0, Method: POST, Header: {content-type=application/json, connection=close, remote-addr=127.0.0.1, host=localhost:9008, content-length=102, http-client-ip=127.0.0.1, user-agent=Python-urllib/2.7, accept-encoding=identity}, params, {{"params": ["home"], "jsonrpc": "2.0", "method": "pressKey", "id": "5744adc693c1ae76a1650afc1784ba1e"}=, NanoHttpd.QUERY_STRING={"params": ["home"], "jsonrpc": "2.0", "method": "pressKey", "id": "5744adc693c1ae76a1650afc1784ba1e"}}, files: {}
04-24 12:44:50.450 D/gralloc (  103): use ion  ram 
04-24 12:44:50.650 I/ActivityManager(  385): START u0 {act=android.intent.action.MAIN cat=[android.intent.category.HOME] flg=0x10200000 cmp=com.android.launcher/com.android.launcher2.Launcher} from pid 385
04-24 12:44:50.660 D/UiAutomatorBridge( 1471): EventType: TYPE_WINDOW_STATE_CHANGED; EventTime: 63961; PackageName: com.android.launcher; MovementGranularity: 0; Action: 0 [ ClassName: com.android.launcher2.Launcher; Text: [主屏幕]; ContentDescription: null; ItemCount: -1; CurrentItemIndex: -1; IsEnabled: true; IsPassword: false; IsChecked: false; IsFullScreen: true; Scrollable: false; BeforeText: null; FromIndex: -1; ToIndex: -1; ScrollX: -1; ScrollY: -1; MaxScrollX: -1; MaxScrollY: -1; AddedCount: -1; RemovedCount: -1; ParcelableData: null ]; recordCount: 0
04-24 12:44:51.070 D/Tethering(  385): sendTetherStateChangedBroadcast 1, 0, 0
04-24 12:44:51.140 D/dalvikvm(  661): GC_CONCURRENT freed 264K, 15% free 4723K/5552K, paused 6ms+13ms, total 95ms
04-24 12:44:51.230 D/UiAutomatorBridge( 1471): EventType: TYPE_VIEW_SCROLLED; EventTime: 64531; PackageName: com.android.launcher; MovementGranularity: 0; Action: 0 [ ClassName: android.view.ViewGroup; Text: [主屏幕 2（共 3 个）]; ContentDescription: null; ItemCount: 3; CurrentItemIndex: -1; IsEnabled: true; IsPassword: false; IsChecked: false; IsFullScreen: false; Scrollable: true; BeforeText: null; FromIndex: 1; ToIndex: 1; ScrollX: -1; ScrollY: -1; MaxScrollX: -1; MaxScrollY: -1; AddedCount: -1; RemovedCount: -1; ParcelableData: null ]; recordCount: 0
04-24 12:44:51.650 W/InteractionController( 1471): runAndwaitForEvent timedout waiting for events: 2048
04-24 12:44:51.670 D/UIAutomatorStub( 1471): URI: /jsonrpc/0, Method: POST, Header: {content-type=application/json, connection=close, remote-addr=127.0.0.1, host=localhost:9008, content-length=180, http-client-ip=127.0.0.1, user-agent=Python-urllib/2.7, accept-encoding=identity}, params, {{"params": [{"childOrSiblingSelector": [], "mask": 64, "description": "Apps", "childOrSibling": []}], "jsonrpc": "2.0", "method": "click", "id": "45b1aa9c83f6b0f004754bd6053921b9"}=, NanoHttpd.QUERY_STRING={"params": [{"childOrSiblingSelector": [], "mask": 64, "description": "Apps", "childOrSibling": []}], "jsonrpc": "2.0", "method": "click", "id": "45b1aa9c83f6b0f004754bd6053921b9"}}, files: {}
04-24 12:44:52.340 I/ActivityManager(  385): START u0 {act=com.android.systemui.recent.action.TOGGLE_RECENTS flg=0x10800000 cmp=com.android.systemui/.recent.RecentsActivity} from pid 467
04-24 12:44:52.570 D/gralloc (  103): use ion  ram 
04-24 12:44:52.580 W/BufferQueue(  103): freeAllBuffersLocked called but mQueue is not empty
04-24 12:44:52.580 D/gralloc (  103): use ion  ram 
04-24 12:44:52.590 D/UiAutomatorBridge( 1471): EventType: TYPE_WINDOW_STATE_CHANGED; EventTime: 65894; PackageName: com.android.systemui; MovementGranularity: 0; Action: 0 [ ClassName: com.android.systemui.recent.RecentsActivity; Text: [最近使用的应用。]; ContentDescription: null; ItemCount: -1; CurrentItemIndex: -1; IsEnabled: true; IsPassword: false; IsChecked: false; IsFullScreen: true; Scrollable: false; BeforeText: null; FromIndex: -1; ToIndex: -1; ScrollX: -1; ScrollY: -1; MaxScrollX: -1; MaxScrollY: -1; AddedCount: -1; RemovedCount: -1; ParcelableData: null ]; recordCount: 0
04-24 12:44:52.610 I/ActivityManager(  385): Displayed com.android.systemui/.recent.RecentsActivity: +217ms
04-24 12:44:52.620 D/UiAutomatorBridge( 1471): EventType: TYPE_WINDOW_CONTENT_CHANGED; EventTime: 65923; PackageName: com.android.systemui; MovementGranularity: 0; Action: 0 [ ClassName: android.widget.FrameLayout; Text: []; ContentDescription: null; ItemCount: -1; CurrentItemIndex: -1; IsEnabled: true; IsPassword: false; IsChecked: false; IsFullScreen: false; Scrollable: false; BeforeText: null; FromIndex: -1; ToIndex: -1; ScrollX: -1; ScrollY: -1; MaxScrollX: -1; MaxScrollY: -1; AddedCount: -1; RemovedCount: -1; ParcelableData: null ]; recordCount: 0
04-24 12:44:54.000 D/dalvikvm(  385): GC_CONCURRENT freed 926K, 16% free 7845K/9240K, paused 6ms+6ms, total 67ms
04-24 12:44:54.980 I/ActivityManager(  385): Start proc com.google.android.apps.genie.geniewidget for broadcast com.google.android.apps.genie.geniewidget/.miniwidget.UpdateReceiver: pid=1573 uid=10021 gids={50021, 3003, 1015, 1028}
04-24 12:44:55.000 E/Trace   ( 1573): error opening trace file: No such file or directory (2)
04-24 12:44:55.060 I/System.out( 1573): [INFO:7]: LogSource: Logging disabled
04-24 12:44:55.060 W/Genie   ( 1573): Cache file not found: java.io.FileNotFoundException: /data/data/com.google.android.apps.genie.geniewidget/cache/genie_iconcache: open failed: ENOENT (No such file or directory)
04-24 12:44:55.090 I/Genie   ( 1573): waking up to refresh News & Weather
04-24 12:44:55.110 D/dalvikvm( 1573): GC_CONCURRENT freed 228K, 14% free 3645K/4228K, paused 3ms+2ms, total 36ms
04-24 12:44:55.450 D/audio_hw_primary(  106): out_standby
04-24 12:45:03.330 W/JsonRpcServer( 1471): Error in JSON-RPC Service
04-24 12:45:03.330 W/JsonRpcServer( 1471): java.lang.reflect.InvocationTargetException
04-24 12:45:03.330 W/JsonRpcServer( 1471): 	at java.lang.reflect.Method.invokeNative(Native Method)
04-24 12:45:03.330 W/JsonRpcServer( 1471): 	at java.lang.reflect.Method.invoke(Method.java:511)
04-24 12:45:03.330 W/JsonRpcServer( 1471): 	at com.googlecode.jsonrpc4j.JsonRpcServer.invoke(JsonRpcServer.java:513)
04-24 12:45:03.330 W/JsonRpcServer( 1471): 	at com.googlecode.jsonrpc4j.JsonRpcServer.handleObject(JsonRpcServer.java:384)
04-24 12:45:03.330 W/JsonRpcServer( 1471): 	at com.googlecode.jsonrpc4j.JsonRpcServer.handleNode(JsonRpcServer.java:293)
04-24 12:45:03.330 W/JsonRpcServer( 1471): 	at com.googlecode.jsonrpc4j.JsonRpcServer.handle(JsonRpcServer.java:230)
04-24 12:45:03.330 W/JsonRpcServer( 1471): 	at com.github.uiautomatorstub.AutomatorHttpServer.serve(AutomatorHttpServer.java:64)
04-24 12:45:03.330 W/JsonRpcServer( 1471): 	at fi.iki.elonen.NanoHTTPD.serve(NanoHTTPD.java:310)
04-24 12:45:03.330 W/JsonRpcServer( 1471): 	at fi.iki.elonen.NanoHTTPD$HTTPSession.execute(NanoHTTPD.java:904)
04-24 12:45:03.330 W/JsonRpcServer( 1471): 	at fi.iki.elonen.NanoHTTPD$1$1.run(NanoHTTPD.java:188)
04-24 12:45:03.330 W/JsonRpcServer( 1471): 	at java.lang.Thread.run(Thread.java:856)
04-24 12:45:03.330 W/JsonRpcServer( 1471): Caused by: com.android.uiautomator.core.UiObjectNotFoundException: UiSelector[DESCRIPTION=Apps]
04-24 12:45:03.330 W/JsonRpcServer( 1471): 	at com.android.uiautomator.core.UiObject.click(UiObject.java:337)
04-24 12:45:03.330 W/JsonRpcServer( 1471): 	at com.github.uiautomatorstub.AutomatorServiceImpl.click(AutomatorServiceImpl.java:574)
04-24 12:45:03.330 W/JsonRpcServer( 1471): 	... 11 more
04-24 12:45:03.630 W/SocketClient(  100): write error (Broken pipe)
04-24 12:45:03.880 D/UIAutomatorStub( 1471): URI: /jsonrpc/0, Method: POST, Header: {content-type=application/json, connection=close, remote-addr=127.0.0.1, host=localhost:9008, content-length=80, http-client-ip=127.0.0.1, user-agent=Python-urllib/2.7, accept-encoding=identity}, params, {NanoHttpd.QUERY_STRING={"jsonrpc": "2.0", "method": "wakeUp", "id": "ae904f89dfc7f240628416b5489c587f"}, {"jsonrpc": "2.0", "method": "wakeUp", "id": "ae904f89dfc7f240628416b5489c587f"}=}, files: {}
04-24 12:45:03.910 D/UIAutomatorStub( 1471): URI: /jsonrpc/0, Method: POST, Header: {content-type=application/json, connection=close, remote-addr=127.0.0.1, host=localhost:9008, content-length=102, http-client-ip=127.0.0.1, user-agent=Python-urllib/2.7, accept-encoding=identity}, params, {{"params": ["home"], "jsonrpc": "2.0", "method": "pressKey", "id": "b2a3ea0b0b5df73293adb8b978d96c44"}=, NanoHttpd.QUERY_STRING={"params": ["home"], "jsonrpc": "2.0", "method": "pressKey", "id": "b2a3ea0b0b5df73293adb8b978d96c44"}}, files: {}
04-24 12:45:03.920 I/ActivityManager(  385): START u0 {act=android.intent.action.MAIN cat=[android.intent.category.HOME] flg=0x10200000 cmp=com.android.launcher/com.android.launcher2.Launcher} from pid 385
04-24 12:45:04.130 D/gralloc (  103): use ion  ram 
04-24 12:45:04.130 W/BufferQueue(  103): freeAllBuffersLocked called but mQueue is not empty
04-24 12:45:04.130 D/gralloc (  103): use ion  ram 
04-24 12:45:04.150 W/ResourceType(  385): Skipping entry 0x7f05000e in package table 0 because it is not complex!
04-24 12:45:04.160 W/ResourceType(  385): Skipping entry 0x7f05000f in package table 0 because it is not complex!
04-24 12:45:04.160 D/gralloc (  103): use ion  ram 
04-24 12:45:04.180 D/UiAutomatorBridge( 1471): EventType: TYPE_WINDOW_STATE_CHANGED; EventTime: 77479; PackageName: com.android.launcher; MovementGranularity: 0; Action: 0 [ ClassName: com.android.launcher2.Launcher; Text: [主屏幕]; ContentDescription: null; ItemCount: -1; CurrentItemIndex: -1; IsEnabled: true; IsPassword: false; IsChecked: false; IsFullScreen: true; Scrollable: false; BeforeText: null; FromIndex: -1; ToIndex: -1; ScrollX: -1; ScrollY: -1; MaxScrollX: -1; MaxScrollY: -1; AddedCount: -1; RemovedCount: -1; ParcelableData: null ]; recordCount: 0
04-24 12:45:04.180 D/gralloc (  103): use ion  ram 
04-24 12:45:04.240 D/UiAutomatorBridge( 1471): EventType: TYPE_VIEW_SCROLLED; EventTime: 77542; PackageName: com.android.deskclock; MovementGranularity: 0; Action: 0 [ ClassName: android.widget.ListView; Text: []; ContentDescription: null; ItemCount: 0; CurrentItemIndex: -1; IsEnabled: true; IsPassword: false; IsChecked: false; IsFullScreen: false; Scrollable: false; BeforeText: null; FromIndex: 0; ToIndex: -1; ScrollX: -1; ScrollY: -1; MaxScrollX: -1; MaxScrollY: -1; AddedCount: -1; RemovedCount: -1; ParcelableData: null ]; recordCount: 0
04-24 12:45:04.240 D/UiAutomatorBridge( 1471): EventType: TYPE_WINDOW_CONTENT_CHANGED; EventTime: 77544; PackageName: com.android.launcher; MovementGranularity: 0; Action: 0 [ ClassName: android.widget.FrameLayout; Text: []; ContentDescription: null; ItemCount: -1; CurrentItemIndex: -1; IsEnabled: true; IsPassword: false; IsChecked: false; IsFullScreen: false; Scrollable: false; BeforeText: null; FromIndex: -1; ToIndex: -1; ScrollX: -1; ScrollY: -1; MaxScrollX: -1; MaxScrollY: -1; AddedCount: -1; RemovedCount: -1; ParcelableData: null ]; recordCount: 0
04-24 12:45:04.250 D/UIAutomatorStub( 1471): URI: /jsonrpc/0, Method: POST, Header: {content-type=application/json, connection=close, remote-addr=127.0.0.1, host=localhost:9008, content-length=180, http-client-ip=127.0.0.1, user-agent=Python-urllib/2.7, accept-encoding=identity}, params, {NanoHttpd.QUERY_STRING={"params": [{"childOrSiblingSelector": [], "mask": 64, "description": "Apps", "childOrSibling": []}], "jsonrpc": "2.0", "method": "click", "id": "2942e2099eb36dc65ebe9f40f3a9109a"}, {"params": [{"childOrSiblingSelector": [], "mask": 64, "description": "Apps", "childOrSibling": []}], "jsonrpc": "2.0", "method": "click", "id": "2942e2099eb36dc65ebe9f40f3a9109a"}=}, files: {}
04-24 12:45:04.630 D/dalvikvm( 1202): GC_CONCURRENT freed 197K, 13% free 3966K/4516K, paused 2ms+3ms, total 20ms
04-24 12:45:04.640 D/Finsky  ( 1202): [1] 5.onFinished: Installation state replication succeeded.
04-24 12:45:04.650 D/gralloc (  103): use ion  ram 
04-24 12:45:10.990 D/dalvikvm(  581): GC_CONCURRENT freed 629K, 56% free 4518K/10236K, paused 3ms+3ms, total 57ms
04-24 12:45:12.450 I/AudioService(  385):  AudioFocus  abandonAudioFocus() from android.media.AudioManager@40e6fd38com.android.music.MediaPlaybackService$3@40e6e940
04-24 12:45:12.470 I/ActivityManager(  385): Start proc com.android.musicfx for broadcast com.android.musicfx/.ControlPanelReceiver: pid=1616 uid=10036 gids={50036, 3003, 3002, 1028}
04-24 12:45:12.470 I/ActivityManager(  385): No longer want com.android.music (pid 953): empty #17
04-24 12:45:12.520 E/Trace   ( 1616): error opening trace file: No such file or directory (2)
04-24 12:45:12.540 V/MusicFXControlPanelReceiver( 1616): onReceive
04-24 12:45:12.540 V/MusicFXControlPanelReceiver( 1616): Action: android.media.action.CLOSE_AUDIO_EFFECT_CONTROL_SESSION
04-24 12:45:12.540 V/MusicFXControlPanelReceiver( 1616): Package name: com.android.music
04-24 12:45:12.540 V/MusicFXControlPanelReceiver( 1616): Audio session: 8
04-24 12:45:12.540 V/MusicFXControlPanelEffect( 1616): closeSession(android.app.ReceiverRestrictedContext@40e68720, com.android.music, 8)
04-24 12:45:12.540 I/ActivityManager(  385): No longer want com.google.android.onetimeinitializer (pid 1187): empty #17
04-24 12:45:16.100 W/JsonRpcServer( 1471): Error in JSON-RPC Service
04-24 12:45:16.100 W/JsonRpcServer( 1471): java.lang.reflect.InvocationTargetException
04-24 12:45:16.100 W/JsonRpcServer( 1471): 	at java.lang.reflect.Method.invokeNative(Native Method)
04-24 12:45:16.100 W/JsonRpcServer( 1471): 	at java.lang.reflect.Method.invoke(Method.java:511)
04-24 12:45:16.100 W/JsonRpcServer( 1471): 	at com.googlecode.jsonrpc4j.JsonRpcServer.invoke(JsonRpcServer.java:513)
04-24 12:45:16.100 W/JsonRpcServer( 1471): 	at com.googlecode.jsonrpc4j.JsonRpcServer.handleObject(JsonRpcServer.java:384)
04-24 12:45:16.100 W/JsonRpcServer( 1471): 	at com.googlecode.jsonrpc4j.JsonRpcServer.handleNode(JsonRpcServer.java:293)
04-24 12:45:16.100 W/JsonRpcServer( 1471): 	at com.googlecode.jsonrpc4j.JsonRpcServer.handle(JsonRpcServer.java:230)
04-24 12:45:16.100 W/JsonRpcServer( 1471): 	at com.github.uiautomatorstub.AutomatorHttpServer.serve(AutomatorHttpServer.java:64)
04-24 12:45:16.100 W/JsonRpcServer( 1471): 	at fi.iki.elonen.NanoHTTPD.serve(NanoHTTPD.java:310)
04-24 12:45:16.100 W/JsonRpcServer( 1471): 	at fi.iki.elonen.NanoHTTPD$HTTPSession.execute(NanoHTTPD.java:904)
04-24 12:45:16.100 W/JsonRpcServer( 1471): 	at fi.iki.elonen.NanoHTTPD$1$1.run(NanoHTTPD.java:188)
04-24 12:45:16.100 W/JsonRpcServer( 1471): 	at java.lang.Thread.run(Thread.java:856)
04-24 12:45:16.100 W/JsonRpcServer( 1471): Caused by: com.android.uiautomator.core.UiObjectNotFoundException: UiSelector[DESCRIPTION=Apps]
04-24 12:45:16.100 W/JsonRpcServer( 1471): 	at com.android.uiautomator.core.UiObject.click(UiObject.java:337)
04-24 12:45:16.100 W/JsonRpcServer( 1471): 	at com.github.uiautomatorstub.AutomatorServiceImpl.click(AutomatorServiceImpl.java:574)
