04-23 14:52:49.750 D/SurfaceFlinger(  114): Screen released, type=0 flinger=0x40db1450
04-23 14:52:49.760 I/qtaguid (  452): Failed write_ctrl(s 0 10012) res=-1 errno=1
04-23 14:52:49.760 W/NetworkManagementSocketTagger(  452): setKernelCountSet(10012, 0) failed with errno -1
04-23 14:52:49.780 D/        ( 1343): intervalx=9494313
04-23 14:52:50.150 D/PowerManagerService-JNI(  452): Excessive delay in autosuspend_enable() while turning screen off: 385ms
04-23 14:52:53.580 V/SleepAndWakeUpTest( 1762): scheduleInstanceStateChange
04-23 14:52:53.600 V/SleepAndWakeUpTest( 1762): goToSleep
04-23 14:52:56.170 D/GCM     (  824): Connected
04-23 14:52:56.220 I/GCM     (  824): GCM message com.google.android.gsf.gtalkservice 
04-23 14:52:56.270 D/GCM     (  824): Message class fon
04-23 14:52:56.710 D/ConnectivityService(  452): handleInetConditionHoldEnd: net=1, condition=100, published condition=0
04-23 14:52:59.390 D/CaptivePortalTracker(  452): DelayedCaptiveCheckState{ when=-11ms what=2 arg1=171 target=com.android.internal.util.StateMachine$SmHandler }
04-23 14:52:59.390 D/ConnectivityService(  452): setProvNotificationVisible: E visible=false networkType=1 extraInfo=null url=null
04-23 14:53:00.410 D/PowerManagerService(  452): mHoldBootFastWakeLock = false
04-23 14:53:03.470 V/SleepAndWakeUpTest( 1762): AlarmReceiver
04-23 14:53:03.470 I/PowerManagerService(  452): Waking up from sleep...
04-23 14:53:03.480 D/SensorManager(  452): >>>>>>> set discard sensrtime =3
04-23 14:53:03.480 V/KeyguardServiceDelegate(  452): onScreenTurnedOn(showListener = com.android.internal.policy.impl.PhoneWindowManager$18@41f89dc8)
04-23 14:53:03.490 V/KeyguardServiceDelegate(  452): **** SHOWN CALLED ****
04-23 14:53:03.490 I/WindowManager(  452): No lock screen! windowToken=null
04-23 14:53:03.590 V/audio_hw_primary(  117): adev_set_parameters, screen_state=on
04-23 14:53:03.610 V/SleepAndWakeUpTest( 1762): wakeUp
04-23 14:53:03.650 D/SurfaceFlinger(  114): Screen acquired, type=0 flinger=0x40db1450
04-23 14:53:03.690 I/qtaguid (  452): Failed write_ctrl(s 1 10012) res=-1 errno=1
04-23 14:53:03.700 W/NetworkManagementSocketTagger(  452): setKernelCountSet(10012, 1) failed with errno -1
04-23 14:53:03.720 W/ContextImpl( 1762): Calling a method in the system process without a qualified user: android.app.ContextImpl.sendBroadcast:1123 android.content.ContextWrapper.sendBroadcast:365 android.content.ContextWrapper.sendBroadcast:365 com.allwinnertech.sleepandwakeupclock.AlarmReceiver.onReceive:30 android.app.ActivityThread.handleReceiver:2419 
04-23 14:53:03.750 V/SleepAndWakeUpTest( 1762): mBroadcastReceiver
04-23 14:53:03.790 V/SleepAndWakeUpTest( 1762): cancelScheduledInstance
04-23 14:53:04.730 D/CaptivePortalTracker(  452): Checking http://74.125.235.201/generate_204
04-23 14:53:05.730 D/SensorManager(  452): discard gsensor data ...
04-23 14:53:05.940 D/SensorManager(  452): discard gsensor data ...
04-23 14:53:07.200 D/SensorManager(  452): discard gsensor data ...
04-23 14:53:08.360 D/CaptivePortalTracker(  452): isCaptivePortal: ret=false rspCode=204
04-23 14:53:08.360 D/CaptivePortalTracker(  452): Not captive network NetworkInfo: type: WIFI[], state: CONNECTED/CONNECTED, reason: (unspecified), extra: "XP-3f", roaming: false, failover: false, isAvailable: true, isConnectedToProvisioningNetwork: false
04-23 14:53:08.360 D/CaptivePortalTracker(  452): notifyPortalCheckCompleted: captive=false ni=NetworkInfo: type: WIFI[], state: CONNECTED/CONNECTED, reason: (unspecified), extra: "XP-3f", roaming: false, failover: false, isAvailable: true, isConnectedToProvisioningNetwork: false
04-23 14:53:08.360 W/ContextImpl(  452): Calling a method in the system process without a qualified user: android.app.ContextImpl.sendBroadcast:1137 android.net.CaptivePortalTracker.sendNetworkConditionsBroadcast:507 android.net.CaptivePortalTracker.isCaptivePortal:399 android.net.CaptivePortalTracker.access$2600:60 android.net.CaptivePortalTracker$DelayedCaptiveCheckState.processMessage:283 
04-23 14:53:08.360 D/ConnectivityService(  452): captivePortalCheckCompleted: ni=NetworkInfo: type: WIFI[], state: CONNECTED/CONNECTED, reason: (unspecified), extra: "XP-3f", roaming: false, failover: false, isAvailable: true, isConnectedToProvisioningNetwork: false captive=false
04-23 14:53:13.810 V/SleepAndWakeUpTest( 1762): scheduleInstanceStateChange
04-23 14:53:13.830 I/PowerManagerService(  452): Going to sleep by user request...
04-23 14:53:13.880 V/SleepAndWakeUpTest( 1762): goToSleep
04-23 14:53:14.310 D/SurfaceFlinger(  114): Screen released, type=0 flinger=0x40db1450
04-23 14:53:14.400 V/audio_hw_primary(  117): adev_set_parameters, screen_state=off
04-23 14:53:14.410 I/qtaguid (  452): Failed write_ctrl(s 0 10012) res=-1 errno=1
04-23 14:53:14.410 W/NetworkManagementSocketTagger(  452): setKernelCountSet(10012, 0) failed with errno -1
04-23 14:53:14.460 D/SurfaceControl(  452): Excessive delay in blankDisplay() while turning screen off: 153ms
04-23 14:53:14.470 D/dalvikvm(  517): GC_CONCURRENT freed 2004K, 50% free 10496K/20792K, paused 4ms+9ms, total 88ms
04-23 14:53:14.880 D/PowerManagerService-JNI(  452): Excessive delay in autosuspend_enable() while turning screen off: 379ms
04-23 14:53:25.050 V/SleepAndWakeUpTest( 1762): AlarmReceiver
04-23 14:53:25.050 D/PowerManagerService(  452): mHoldBootFastWakeLock = false
04-23 14:53:25.060 V/SleepAndWakeUpTest( 1762): wakeUp
04-23 14:53:25.060 D/SensorManager(  452): >>>>>>> set discard sensrtime =3
04-23 14:53:25.060 V/KeyguardServiceDelegate(  452): onScreenTurnedOn(showListener = com.android.internal.policy.impl.PhoneWindowManager$18@42527b18)
04-23 14:53:25.060 I/PowerManagerService(  452): Waking up from sleep...
04-23 14:53:25.060 W/ContextImpl( 1762): Calling a method in the system process without a qualified user: android.app.ContextImpl.sendBroadcast:1123 android.content.ContextWrapper.sendBroadcast:365 android.content.ContextWrapper.sendBroadcast:365 com.allwinnertech.sleepandwakeupclock.AlarmReceiver.onReceive:30 android.app.ActivityThread.handleReceiver:2419 
04-23 14:53:25.090 D/SurfaceFlinger(  114): Screen acquired, type=0 flinger=0x40db1450
04-23 14:53:25.090 V/KeyguardServiceDelegate(  452): **** SHOWN CALLED ****
04-23 14:53:25.090 V/SleepAndWakeUpTest( 1762): mBroadcastReceiver
04-23 14:53:25.090 V/SleepAndWakeUpTest( 1762): cancelScheduledInstance
04-23 14:53:25.090 I/WindowManager(  452): No lock screen! windowToken=null
04-23 14:53:25.120 V/audio_hw_primary(  117): adev_set_parameters, screen_state=on
04-23 14:53:25.130 D/SensorManager(  452): discard gsensor data ...
04-23 14:53:25.170 I/qtaguid (  452): Failed write_ctrl(s 1 10012) res=-1 errno=1
04-23 14:53:25.170 W/NetworkManagementSocketTagger(  452): setKernelCountSet(10012, 1) failed with errno -1
04-23 14:53:25.200 D/SensorManager(  452): discard gsensor data ...
04-23 14:53:26.410 D/dalvikvm(  452): GC_FOR_ALLOC freed 1214K, 13% free 10251K/11768K, paused 156ms, total 156ms
04-23 14:53:28.210 D/SensorManager(  452): discard gsensor data ...
04-23 14:53:35.120 V/SleepAndWakeUpTest( 1762): scheduleInstanceStateChange
04-23 14:53:35.130 I/PowerManagerService(  452): Going to sleep by user request...
04-23 14:53:35.170 V/SleepAndWakeUpTest( 1762): goToSleep
04-23 14:53:35.660 D/SurfaceFlinger(  114): Screen released, type=0 flinger=0x40db1450
04-23 14:53:35.700 V/audio_hw_primary(  117): adev_set_parameters, screen_state=off
04-23 14:53:35.710 I/qtaguid (  452): Failed write_ctrl(s 0 10012) res=-1 errno=1
04-23 14:53:35.710 W/NetworkManagementSocketTagger(  452): setKernelCountSet(10012, 0) failed with errno -1
04-23 14:53:36.150 D/PowerManagerService-JNI(  452): Excessive delay in autosuspend_enable() while turning screen off: 379ms
04-23 14:53:38.040 D/SensorManager(  452): >>>>>>> set discard sensrtime =3
04-23 14:53:38.040 I/PowerManagerService(  452): Waking up from sleep...
04-23 14:53:38.040 D/PowerManagerService(  452): mHoldBootFastWakeLock = false
04-23 14:53:38.050 D/SurfaceFlinger(  114): Screen acquired, type=0 flinger=0x40db1450
04-23 14:53:38.060 V/KeyguardServiceDelegate(  452): onScreenTurnedOn(showListener = com.android.internal.policy.impl.PhoneWindowManager$18@42481090)
04-23 14:53:38.060 V/KeyguardServiceDelegate(  452): **** SHOWN CALLED ****
04-23 14:53:38.060 I/WindowManager(  452): No lock screen! windowToken=null
04-23 14:53:38.120 V/audio_hw_primary(  117): adev_set_parameters, screen_state=on
04-23 14:53:38.130 D/SensorManager(  452): discard gsensor data ...
04-23 14:53:38.160 I/qtaguid (  452): Failed write_ctrl(s 1 10012) res=-1 errno=1
04-23 14:53:38.160 W/NetworkManagementSocketTagger(  452): setKernelCountSet(10012, 1) failed with errno -1
04-23 14:53:38.200 D/SensorManager(  452): discard gsensor data ...
04-23 14:53:38.270 D/SensorManager(  452): discard gsensor data ...
04-23 14:53:40.550 D/dalvikvm(  637): GC_CONCURRENT freed 1692K, 25% free 9923K/13180K, paused 6ms+7ms, total 64ms
04-23 14:53:40.660 V/audio_hw_primary(  117): start_output_stream, line: 732
04-23 14:53:40.660 V/codec_audio_plan_one(  117): in normal mode, speaker on,****LINE:106,FUNC:set_normal_path
04-23 14:53:40.810 V/audio_hw_primary(  117): normal mode , speaker,****LINE:657,FUNC:select_output_device
04-23 14:53:40.810 V/audio_hw_primary(  117): start_output_stream: card:0, port:0, rate:44100
04-23 14:53:40.810 D/alsa_pcm(  117): pcm_open:,sparams.stop_threshold:1540, config->stop_threshold:0
04-23 14:53:40.810 V/audio_hw_primary(  117): do not use out resampler
04-23 14:53:44.620 D/audio_hw_primary(  117): out_standby
04-23 14:53:45.160 V/SleepAndWakeUpTest( 1762): AlarmReceiver
04-23 14:53:45.160 V/SleepAndWakeUpTest( 1762): wakeUp
04-23 14:53:45.170 W/ContextImpl( 1762): Calling a method in the system process without a qualified user: android.app.ContextImpl.sendBroadcast:1123 android.content.ContextWrapper.sendBroadcast:365 android.content.ContextWrapper.sendBroadcast:365 com.allwinnertech.sleepandwakeupclock.AlarmReceiver.onReceive:30 android.app.ActivityThread.handleReceiver:2419 
04-23 14:53:45.180 V/SleepAndWakeUpTest( 1762): mBroadcastReceiver
04-23 14:53:45.180 V/SleepAndWakeUpTest( 1762): cancelScheduledInstance
04-23 14:53:55.210 V/SleepAndWakeUpTest( 1762): scheduleInstanceStateChange
04-23 14:53:55.230 I/PowerManagerService(  452): Going to sleep by user request...
04-23 14:53:55.240 V/SleepAndWakeUpTest( 1762): goToSleep
04-23 14:53:55.680 D/SurfaceFlinger(  114): Screen released, type=0 flinger=0x40db1450
04-23 14:53:55.770 V/audio_hw_primary(  117): adev_set_parameters, screen_state=off
04-23 14:53:55.780 I/qtaguid (  452): Failed write_ctrl(s 0 10012) res=-1 errno=1
04-23 14:53:55.780 W/NetworkManagementSocketTagger(  452): setKernelCountSet(10012, 0) failed with errno -1
04-23 14:53:55.800 D/SurfaceControl(  452): Excessive delay in blankDisplay() while turning screen off: 125ms
04-23 14:53:56.200 D/PowerManagerService-JNI(  452): Excessive delay in autosuspend_enable() while turning screen off: 377ms
04-23 14:54:07.060 D/PowerManagerService(  452): mHoldBootFastWakeLock = false
04-23 14:54:07.070 V/SleepAndWakeUpTest( 1762): AlarmReceiver
04-23 14:54:07.070 D/SensorManager(  452): >>>>>>> set discard sensrtime =3
04-23 14:54:07.070 I/PowerManagerService(  452): Waking up from sleep...
04-23 14:54:07.090 V/KeyguardServiceDelegate(  452): onScreenTurnedOn(showListener = com.android.internal.policy.impl.PhoneWindowManager$18@41f8dc70)
04-23 14:54:07.100 V/KeyguardServiceDelegate(  452): **** SHOWN CALLED ****
04-23 14:54:07.100 I/WindowManager(  452): No lock screen! windowToken=null
04-23 14:54:07.110 D/SurfaceFlinger(  114): Screen acquired, type=0 flinger=0x40db1450
04-23 14:54:07.110 V/SleepAndWakeUpTest( 1762): wakeUp
04-23 14:54:07.110 W/ContextImpl( 1762): Calling a method in the system process without a qualified user: android.app.ContextImpl.sendBroadcast:1123 android.content.ContextWrapper.sendBroadcast:365 android.content.ContextWrapper.sendBroadcast:365 com.allwinnertech.sleepandwakeupclock.AlarmReceiver.onReceive:30 android.app.ActivityThread.handleReceiver:2419 
04-23 14:54:07.240 V/SleepAndWakeUpTest( 1762): mBroadcastReceiver
04-23 14:54:07.260 V/SleepAndWakeUpTest( 1762): cancelScheduledInstance
04-23 14:54:07.280 V/audio_hw_primary(  117): adev_set_parameters, screen_state=on
04-23 14:54:07.290 I/qtaguid (  452): Failed write_ctrl(s 1 10012) res=-1 errno=1
04-23 14:54:07.290 W/NetworkManagementSocketTagger(  452): setKernelCountSet(10012, 1) failed with errno -1
04-23 14:54:07.360 D/SensorManager(  452): discard gsensor data ...
04-23 14:54:07.430 D/SensorManager(  452): discard gsensor data ...
04-23 14:54:07.500 D/SensorManager(  452): discard gsensor data ...
04-23 14:54:08.690 D/dalvikvm(  452): GC_FOR_ALLOC freed 958K, 13% free 10241K/11768K, paused 173ms, total 174ms
04-23 14:54:17.290 V/SleepAndWakeUpTest( 1762): scheduleInstanceStateChange
04-23 14:54:17.310 I/PowerManagerService(  452): Going to sleep by user request...
04-23 14:54:17.330 V/SleepAndWakeUpTest( 1762): goToSleep
04-23 14:54:17.780 D/SurfaceFlinger(  114): Screen released, type=0 flinger=0x40db1450
04-23 14:54:17.860 V/audio_hw_primary(  117): adev_set_parameters, screen_state=off
04-23 14:54:17.870 I/qtaguid (  452): Failed write_ctrl(s 0 10012) res=-1 errno=1
04-23 14:54:17.870 W/NetworkManagementSocketTagger(  452): setKernelCountSet(10012, 0) failed with errno -1
04-23 14:54:17.890 D/SurfaceControl(  452): Excessive delay in blankDisplay() while turning screen off: 114ms
04-23 14:54:18.310 D/PowerManagerService-JNI(  452): Excessive delay in autosuspend_enable() while turning screen off: 387ms
04-23 14:54:28.090 D/PowerManagerService(  452): mHoldBootFastWakeLock = false
04-23 14:54:28.100 V/SleepAndWakeUpTest( 1762): AlarmReceiver
04-23 14:54:28.110 D/SensorManager(  452): >>>>>>> set discard sensrtime =3
04-23 14:54:28.110 V/KeyguardServiceDelegate(  452): onScreenTurnedOn(showListener = com.android.internal.policy.impl.PhoneWindowManager$18@42442288)
04-23 14:54:28.110 I/PowerManagerService(  452): Waking up from sleep...
04-23 14:54:28.120 V/KeyguardServiceDelegate(  452): **** SHOWN CALLED ****
04-23 14:54:28.120 I/WindowManager(  452): No lock screen! windowToken=null
04-23 14:54:28.180 V/audio_hw_primary(  117): adev_set_parameters, screen_state=on
04-23 14:54:28.210 V/SleepAndWakeUpTest( 1762): wakeUp
04-23 14:54:28.210 W/ContextImpl( 1762): Calling a method in the system process without a qualified user: android.app.ContextImpl.sendBroadcast:1123 android.content.ContextWrapper.sendBroadcast:365 android.content.ContextWrapper.sendBroadcast:365 com.allwinnertech.sleepandwakeupclock.AlarmReceiver.onReceive:30 android.app.ActivityThread.handleReceiver:2419 
04-23 14:54:28.250 D/SurfaceFlinger(  114): Screen acquired, type=0 flinger=0x40db1450
04-23 14:54:28.270 I/qtaguid (  452): Failed write_ctrl(s 1 10012) res=-1 errno=1
04-23 14:54:28.270 W/NetworkManagementSocketTagger(  452): setKernelCountSet(10012, 1) failed with errno -1
04-23 14:54:28.290 V/SleepAndWakeUpTest( 1762): mBroadcastReceiver
04-23 14:54:28.300 V/SleepAndWakeUpTest( 1762): cancelScheduledInstance
04-23 14:54:30.140 D/SensorManager(  452): discard gsensor data ...
04-23 14:54:30.420 D/SensorManager(  452): discard gsensor data ...
04-23 14:54:30.560 D/SensorManager(  452): discard gsensor data ...
04-23 14:54:38.340 V/SleepAndWakeUpTest( 1762): scheduleInstanceStateChange
04-23 14:54:38.340 I/PowerManagerService(  452): Going to sleep by user request...
04-23 14:54:38.350 V/SleepAndWakeUpTest( 1762): goToSleep
04-23 14:54:38.790 D/SurfaceFlinger(  114): Screen released, type=0 flinger=0x40db1450
04-23 14:54:38.870 V/audio_hw_primary(  117): adev_set_parameters, screen_state=off
04-23 14:54:38.890 I/qtaguid (  452): Failed write_ctrl(s 0 10012) res=-1 errno=1
04-23 14:54:38.890 W/NetworkManagementSocketTagger(  452): setKernelCountSet(10012, 0) failed with errno -1
04-23 14:54:39.340 D/PowerManagerService-JNI(  452): Excessive delay in autosuspend_enable() while turning screen off: 417ms
04-23 14:54:49.050 D/PowerManagerService(  452): mHoldBootFastWakeLock = false
04-23 14:54:49.060 V/SleepAndWakeUpTest( 1762): AlarmReceiver
04-23 14:54:49.070 D/SensorManager(  452): >>>>>>> set discard sensrtime =3
04-23 14:54:49.070 V/KeyguardServiceDelegate(  452): onScreenTurnedOn(showListener = com.android.internal.policy.impl.PhoneWindowManager$18@421eba20)
04-23 14:54:49.070 V/KeyguardServiceDelegate(  452): **** SHOWN CALLED ****
04-23 14:54:49.070 I/PowerManagerService(  452): Waking up from sleep...
04-23 14:54:49.070 I/WindowManager(  452): No lock screen! windowToken=null
04-23 14:54:49.130 V/audio_hw_primary(  117): adev_set_parameters, screen_state=on
04-23 14:54:49.160 V/SleepAndWakeUpTest( 1762): wakeUp
04-23 14:54:49.160 D/SurfaceFlinger(  114): Screen acquired, type=0 flinger=0x40db1450
04-23 14:54:49.160 W/ContextImpl( 1762): Calling a method in the system process without a qualified user: android.app.ContextImpl.sendBroadcast:1123 android.content.ContextWrapper.sendBroadcast:365 android.content.ContextWrapper.sendBroadcast:365 com.allwinnertech.sleepandwakeupclock.AlarmReceiver.onReceive:30 android.app.ActivityThread.handleReceiver:2419 
04-23 14:54:49.250 I/qtaguid (  452): Failed write_ctrl(s 1 10012) res=-1 errno=1
04-23 14:54:49.250 W/NetworkManagementSocketTagger(  452): setKernelCountSet(10012, 1) failed with errno -1
04-23 14:54:49.260 V/SleepAndWakeUpTest( 1762): mBroadcastReceiver
04-23 14:54:49.270 V/SleepAndWakeUpTest( 1762): cancelScheduledInstance
04-23 14:54:49.630 D/SensorManager(  452): discard gsensor data ...
04-23 14:54:50.400 D/SensorManager(  452): discard gsensor data ...
04-23 14:54:50.540 D/SensorManager(  452): discard gsensor data ...
04-23 14:54:59.290 V/SleepAndWakeUpTest( 1762): scheduleInstanceStateChange
04-23 14:54:59.340 I/PowerManagerService(  452): Going to sleep by user request...
04-23 14:54:59.360 V/SleepAndWakeUpTest( 1762): goToSleep
04-23 14:54:59.840 D/SurfaceFlinger(  114): Screen released, type=0 flinger=0x40db1450
04-23 14:54:59.890 V/audio_hw_primary(  117): adev_set_parameters, screen_state=off
04-23 14:54:59.890 I/qtaguid (  452): Failed write_ctrl(s 0 10012) res=-1 errno=1
04-23 14:54:59.890 W/NetworkManagementSocketTagger(  452): setKernelCountSet(10012, 0) failed with errno -1
04-23 14:55:00.320 D/PowerManagerService-JNI(  452): Excessive delay in autosuspend_enable() while turning screen off: 382ms
04-23 14:55:10.050 V/SleepAndWakeUpTest( 1762): AlarmReceiver
04-23 14:55:10.050 D/SensorManager(  452): >>>>>>> set discard sensrtime =3
04-23 14:55:10.050 I/PowerManagerService(  452): Waking up from sleep...
04-23 14:55:10.060 V/KeyguardServiceDelegate(  452): onScreenTurnedOn(showListener = com.android.internal.policy.impl.PhoneWindowManager$18@425b8a90)
04-23 14:55:10.060 V/KeyguardServiceDelegate(  452): **** SHOWN CALLED ****
04-23 14:55:10.060 I/WindowManager(  452): No lock screen! windowToken=null
04-23 14:55:10.130 V/audio_hw_primary(  117): adev_set_parameters, screen_state=on
04-23 14:55:10.140 V/SleepAndWakeUpTest( 1762): wakeUp
04-23 14:55:10.230 I/qtaguid (  452): Failed write_ctrl(s 1 10012) res=-1 errno=1
04-23 14:55:10.230 W/NetworkManagementSocketTagger(  452): setKernelCountSet(10012, 1) failed with errno -1
04-23 14:55:10.240 D/SurfaceFlinger(  114): Screen acquired, type=0 flinger=0x40db1450
04-23 14:55:10.240 W/ContextImpl( 1762): Calling a method in the system process without a qualified user: android.app.ContextImpl.sendBroadcast:1123 android.content.ContextWrapper.sendBroadcast:365 android.content.ContextWrapper.sendBroadcast:365 com.allwinnertech.sleepandwakeupclock.AlarmReceiver.onReceive:30 android.app.ActivityThread.handleReceiver:2419 
04-23 14:55:10.260 V/SleepAndWakeUpTest( 1762): mBroadcastReceiver
04-23 14:55:10.290 V/SleepAndWakeUpTest( 1762): cancelScheduledInstance
04-23 14:55:10.640 D/dalvikvm(  452): GC_FOR_ALLOC freed 1009K, 13% free 10251K/11768K, paused 90ms, total 90ms
04-23 14:55:12.650 D/SensorManager(  452): discard gsensor data ...
04-23 14:55:12.790 D/SensorManager(  452): discard gsensor data ...
04-23 14:55:12.860 D/SensorManager(  452): discard gsensor data ...
04-23 14:55:14.220 V/audio_hw_primary(  117): start_output_stream, line: 732
04-23 14:55:14.220 V/codec_audio_plan_one(  117): in normal mode, speaker on,****LINE:106,FUNC:set_normal_path
04-23 14:55:14.370 V/audio_hw_primary(  117): normal mode , speaker,****LINE:657,FUNC:select_output_device
04-23 14:55:14.370 V/audio_hw_primary(  117): start_output_stream: card:0, port:0, rate:44100
04-23 14:55:14.370 D/alsa_pcm(  117): pcm_open:,sparams.stop_threshold:1540, config->stop_threshold:0
04-23 14:55:14.370 V/audio_hw_primary(  117): do not use out resampler
04-23 14:55:15.820 I/ActivityManager(  452): START u0 {act=android.intent.action.MAIN cat=[android.intent.category.LAUNCHER] flg=0x10200000 cmp=com.allwinnertech.sleepandwakeupclock/.SleepAndWakeUpTest} from pid 637
04-23 14:55:15.920 D/dalvikvm(  452): GC_FOR_ALLOC freed 230K, 14% free 10215K/11768K, paused 92ms, total 92ms
04-23 14:55:15.920 I/dalvikvm-heap(  452): Grow heap (frag case) to 10.079MB for 70816-byte allocation
04-23 14:55:16.000 D/dalvikvm(  452): GC_FOR_ALLOC freed 0K, 14% free 10284K/11840K, paused 80ms, total 80ms
04-23 14:55:16.030 D/gralloc (  114): ==USE CPU CACHE OP LLL usage = 0xb33==
04-23 14:55:16.030 D/gralloc (  114): ION_HEAP_SYSTEM_MASK alloc
04-23 14:55:16.060 I/hwcomposer(  114): hwcdev_try_to_assign_pipe: We use not config memory
04-23 14:55:16.060 I/hwcomposer(  114): hwcdev_try_to_assign_pipe: We use not config memory
04-23 14:55:16.060 I/hwcomposer(  114): hwcdev_try_to_assign_pipe: We use not config memory
04-23 14:55:16.080 I/InputReader(  452): Reconfiguring input devices.  changes=0x00000004
04-23 14:55:16.080 I/InputReader(  452): Device reconfigured: id=3, name='gslX680', size 1024x600, orientation 0, mode 1, display id 0
04-23 14:55:16.080 I/InputReader(  452): Reconfiguring input devices.  changes=0x00000004
04-23 14:55:16.080 I/hwcomposer(  114): hwcdev_try_to_assign_pipe: We use not config memory
04-23 14:55:16.080 I/hwcomposer(  114): hwcdev_try_to_assign_pipe: We use not config memory
04-23 14:55:16.080 I/hwcomposer(  114): hwcdev_try_to_assign_pipe: We use not config memory
04-23 14:55:16.090 I/ActivityManager(  452): Config changes=480 {1.0 ?mcc?mnc zh_CN ldltr sw600dp w1024dp h527dp 160dpi lrg land finger -keyb/v/h -nav/h s.8}
04-23 14:55:16.140 D/PhoneStatusBar(  517): mSettingsPanelGravity = 8388661
04-23 14:55:16.150 I/hwcomposer(  114): hwcdev_try_to_assign_pipe: We use not config memory
04-23 14:55:16.150 I/hwcomposer(  114): hwcdev_try_to_assign_pipe: We use not config memory
04-23 14:55:16.150 I/hwcomposer(  114): hwcdev_try_to_assign_pipe: We use not config memory
04-23 14:55:16.160 I/hwcomposer(  114): hwcdev_try_to_assign_pipe: We use not config memory
04-23 14:55:16.160 I/hwcomposer(  114): hwcdev_try_to_assign_pipe: We use not config memory
04-23 14:55:16.160 I/hwcomposer(  114): hwcdev_try_to_assign_pipe: We use not config memory
04-23 14:55:16.180 I/hwcomposer(  114): hwcdev_try_to_assign_pipe: We use not config memory
04-23 14:55:16.180 I/hwcomposer(  114): hwcdev_try_to_assign_pipe: We use not config memory
04-23 14:55:16.180 I/hwcomposer(  114): hwcdev_try_to_assign_pipe: We use not config memory
04-23 14:55:16.230 I/hwcomposer(  114): hwcdev_try_to_assign_pipe: We use not config memory
04-23 14:55:16.230 I/hwcomposer(  114): hwcdev_try_to_assign_pipe: We use not config memory
04-23 14:55:16.230 I/hwcomposer(  114): hwcdev_try_to_assign_pipe: We use not config memory
04-23 14:55:16.240 D/gralloc (  114): ION_HEAP_CARVEOUT_MASK alloc
04-23 14:55:16.250 I/hwcomposer(  114): hwcdev_try_to_assign_pipe: We use not config memory
04-23 14:55:16.250 I/hwcomposer(  114): hwcdev_try_to_assign_pipe: We use not config memory
04-23 14:55:16.250 I/hwcomposer(  114): hwcdev_try_to_assign_pipe: We use not config memory
04-23 14:55:16.250 D/gralloc (  114): ION_HEAP_CARVEOUT_MASK alloc
04-23 14:55:16.260 D/gralloc (  114): ION_HEAP_CARVEOUT_MASK alloc
04-23 14:55:16.260 D/gralloc (  114): ION_HEAP_CARVEOUT_MASK alloc
04-23 14:55:16.280 I/hwcomposer(  114): hwcdev_try_to_assign_pipe: We use not config memory
04-23 14:55:16.280 I/hwcomposer(  114): hwcdev_try_to_assign_pipe: We use not config memory
04-23 14:55:16.280 I/hwcomposer(  114): hwcdev_try_to_assign_pipe: We use not config memory
04-23 14:55:16.300 I/hwcomposer(  114): hwcdev_try_to_assign_pipe: We use not config memory
04-23 14:55:16.300 I/hwcomposer(  114): hwcdev_try_to_assign_pipe: We use not config memory
04-23 14:55:16.300 I/hwcomposer(  114): hwcdev_try_to_assign_pipe: We use not config memory
04-23 14:55:16.310 D/gralloc (  114): ION_HEAP_CARVEOUT_MASK alloc
04-23 14:55:16.320 D/gralloc (  114): ION_HEAP_CARVEOUT_MASK alloc
04-23 14:55:16.330 I/hwcomposer(  114): hwcdev_try_to_assign_pipe: We use not config memory
04-23 14:55:16.330 I/hwcomposer(  114): hwcdev_try_to_assign_pipe: We use not config memory
04-23 14:55:16.330 I/hwcomposer(  114): hwcdev_try_to_assign_pipe: We use not config memory
04-23 14:55:16.340 W/IInputConnectionWrapper(  637): showStatusIcon on inactive InputConnection
04-23 14:55:16.350 I/hwcomposer(  114): hwcdev_try_to_assign_pipe: We use not config memory
04-23 14:55:16.350 I/hwcomposer(  114): hwcdev_try_to_assign_pipe: We use not config memory
04-23 14:55:16.350 I/hwcomposer(  114): hwcdev_try_to_assign_pipe: We use not config memory
04-23 14:55:16.380 I/hwcomposer(  114): hwcdev_try_to_assign_pipe: We use not config memory
04-23 14:55:16.380 I/hwcomposer(  114): hwcdev_try_to_assign_pipe: We use not config memory
04-23 14:55:16.380 I/hwcomposer(  114): hwcdev_try_to_assign_pipe: We use not config memory
04-23 14:55:16.400 D/gralloc (  114): ION_HEAP_CARVEOUT_MASK alloc
04-23 14:55:16.400 I/hwcomposer(  114): hwcdev_try_to_assign_pipe: We use not config memory
04-23 14:55:16.400 I/hwcomposer(  114): hwcdev_try_to_assign_pipe: We use not config memory
04-23 14:55:16.410 D/gralloc (  114): ION_HEAP_CARVEOUT_MASK alloc
04-23 14:55:16.410 I/hwcomposer(  114): hwcdev_try_to_assign_pipe: We use not config memory
04-23 14:55:16.410 I/hwcomposer(  114): hwcdev_try_to_assign_pipe: We use not config memory
04-23 14:55:16.410 I/hwcomposer(  114): hwcdev_try_to_assign_pipe: We use not config memory
04-23 14:55:16.430 D/gralloc (  114): ION_HEAP_CARVEOUT_MASK alloc
04-23 14:55:16.430 I/hwcomposer(  114): hwcdev_try_to_assign_pipe: We use not config memory
04-23 14:55:16.430 I/hwcomposer(  114): hwcdev_try_to_assign_pipe: We use not config memory
04-23 14:55:16.430 I/hwcomposer(  114): hwcdev_try_to_assign_pipe: We use not config memory
04-23 14:55:16.430 D/gralloc (  114): ION_HEAP_CARVEOUT_MASK alloc
04-23 14:55:16.450 I/qtaguid (  452): Failed write_ctrl(s 0 10012) res=-1 errno=1
04-23 14:55:16.450 W/NetworkManagementSocketTagger(  452): setKernelCountSet(10012, 0) failed with errno -1
04-23 14:55:16.450 I/hwcomposer(  114): hwcdev_try_to_assign_pipe: We use not config memory
04-23 14:55:16.450 I/hwcomposer(  114): hwcdev_try_to_assign_pipe: We use not config memory
04-23 14:55:16.450 D/gralloc (  114): ION_HEAP_CARVEOUT_MASK alloc
04-23 14:55:16.460 I/hwcomposer(  114): hwcdev_try_to_assign_pipe: We use not config memory
04-23 14:55:16.460 I/hwcomposer(  114): hwcdev_try_to_assign_pipe: We use not config memory
04-23 14:55:16.460 I/hwcomposer(  114): hwcdev_try_to_assign_pipe: We use not config memory
04-23 14:55:16.470 I/WindowManager(  452): Screen frozen for +440ms due to Window{42332b90 u0 StatusBar}
04-23 14:55:16.480 I/hwcomposer(  114): hwcdev_try_to_assign_pipe: We use not config memory
04-23 14:55:16.480 I/hwcomposer(  114): hwcdev_try_to_assign_pipe: We use not config memory
04-23 14:55:16.480 I/hwcomposer(  114): hwcdev_try_to_assign_pipe: We use not config memory
04-23 14:55:16.500 I/hwcomposer(  114): hwcdev_try_to_assign_pipe: We use not config memory
04-23 14:55:16.500 I/hwcomposer(  114): hwcdev_try_to_assign_pipe: We use not config memory
04-23 14:55:16.500 I/hwcomposer(  114): hwcdev_try_to_assign_pipe: We use not config memory
04-23 14:55:16.510 I/hwcomposer(  114): hwcdev_try_to_assign_pipe: We use not config memory
04-23 14:55:16.510 I/hwcomposer(  114): hwcdev_try_to_assign_pipe: We use not config memory
04-23 14:55:16.510 I/hwcomposer(  114): hwcdev_try_to_assign_pipe: We use not config memory
04-23 14:55:16.810 D/gralloc (  114): ION_HEAP_CARVEOUT_MASK alloc
04-23 14:55:18.470 V/SleepAndWakeUpTest( 1762): cancelScheduledInstance
04-23 14:55:18.630 D/dalvikvm(  452): GC_EXPLICIT freed 153K, 14% free 10218K/11840K, paused 8ms+19ms, total 147ms
04-23 14:55:20.230 D/gralloc (  114): ION_HEAP_CARVEOUT_MASK alloc
04-23 14:55:20.340 I/ActivityManager(  452): START u0 {act=android.intent.action.MAIN cat=[android.intent.category.HOME] flg=0x10200000 cmp=com.android.launcher/com.android.launcher2.Launcher} from pid 452
04-23 14:55:20.370 I/qtaguid (  452): Failed write_ctrl(s 1 10012) res=-1 errno=1
04-23 14:55:20.370 W/NetworkManagementSocketTagger(  452): setKernelCountSet(10012, 1) failed with errno -1
04-23 14:55:20.910 I/Choreographer(  637): Skipped 32 frames!  The application may be doing too much work on its main thread.
04-23 14:55:20.970 D/gralloc (  114): ION_HEAP_CARVEOUT_MASK alloc
04-23 14:55:20.980 D/gralloc (  114): ION_HEAP_CARVEOUT_MASK alloc
04-23 14:55:20.990 W/IInputConnectionWrapper( 1762): showStatusIcon on inactive InputConnection
04-23 14:55:21.460 W/SurfaceFlinger(  114): couldn't log to binary event log: overflow.
04-23 14:55:21.470 D/gralloc (  114): ION_HEAP_CARVEOUT_MASK alloc
04-23 14:55:21.600 D/gralloc (  114): ION_HEAP_CARVEOUT_MASK alloc
04-23 14:55:22.580 D/gralloc (  114): ==USE CPU CACHE OP LLL usage = 0xb33==
04-23 14:55:22.580 D/gralloc (  114): ION_HEAP_SYSTEM_MASK alloc
04-23 14:55:22.650 I/hwcomposer(  114): hwcdev_try_to_assign_pipe: We use not config memory
04-23 14:55:22.650 I/hwcomposer(  114): hwcdev_try_to_assign_pipe: We use not config memory
04-23 14:55:22.650 I/hwcomposer(  114): hwcdev_try_to_assign_pipe: We use not config memory
04-23 14:55:22.650 I/InputReader(  452): Reconfiguring input devices.  changes=0x00000004
04-23 14:55:22.650 I/InputReader(  452): Device reconfigured: id=3, name='gslX680', size 1024x600, orientation 3, mode 1, display id 0
04-23 14:55:22.650 I/InputReader(  452): Reconfiguring input devices.  changes=0x00000004
04-23 14:55:22.660 I/ActivityManager(  452): Config changes=480 {1.0 ?mcc?mnc zh_CN ldltr sw600dp w600dp h951dp 160dpi lrg port finger -keyb/v/h -nav/h s.9}
04-23 14:55:22.680 D/gralloc (  114): ION_HEAP_CARVEOUT_MASK alloc
04-23 14:55:22.700 I/hwcomposer(  114): hwcdev_try_to_assign_pipe: We use not config memory
04-23 14:55:22.700 I/hwcomposer(  114): hwcdev_try_to_assign_pipe: We use not config memory
04-23 14:55:22.700 I/hwcomposer(  114): hwcdev_try_to_assign_pipe: We use not config memory
04-23 14:55:22.710 I/hwcomposer(  114): hwcdev_try_to_assign_pipe: We use not config memory
04-23 14:55:22.710 I/hwcomposer(  114): hwcdev_try_to_assign_pipe: We use not config memory
04-23 14:55:22.710 I/hwcomposer(  114): hwcdev_try_to_assign_pipe: We use not config memory
04-23 14:55:22.730 D/PhoneStatusBar(  517): mSettingsPanelGravity = 8388661
04-23 14:55:22.730 I/hwcomposer(  114): hwcdev_try_to_assign_pipe: We use not config memory
04-23 14:55:22.730 I/hwcomposer(  114): hwcdev_try_to_assign_pipe: We use not config memory
04-23 14:55:22.730 I/hwcomposer(  114): hwcdev_try_to_assign_pipe: We use not config memory
04-23 14:55:22.750 D/gralloc (  114): ION_HEAP_CARVEOUT_MASK alloc
04-23 14:55:22.760 D/gralloc (  114): ION_HEAP_CARVEOUT_MASK alloc
04-23 14:55:22.800 I/hwcomposer(  114): hwcdev_try_to_assign_pipe: We use not config memory
04-23 14:55:22.800 I/hwcomposer(  114): hwcdev_try_to_assign_pipe: We use not config memory
04-23 14:55:22.800 I/hwcomposer(  114): hwcdev_try_to_assign_pipe: We use not config memory
04-23 14:55:22.820 D/gralloc (  114): ION_HEAP_CARVEOUT_MASK alloc
04-23 14:55:22.820 D/gralloc (  114): ION_HEAP_CARVEOUT_MASK alloc
04-23 14:55:22.830 I/hwcomposer(  114): hwcdev_try_to_assign_pipe: We use not config memory
04-23 14:55:22.830 I/hwcomposer(  114): hwcdev_try_to_assign_pipe: We use not config memory
04-23 14:55:22.830 I/hwcomposer(  114): hwcdev_try_to_assign_pipe: We use not config memory
04-23 14:55:22.850 I/hwcomposer(  114): hwcdev_try_to_assign_pipe: We use not config memory
04-23 14:55:22.850 I/hwcomposer(  114): hwcdev_try_to_assign_pipe: We use not config memory
04-23 14:55:22.850 I/hwcomposer(  114): hwcdev_try_to_assign_pipe: We use not config memory
04-23 14:55:22.860 D/gralloc (  114): ION_HEAP_CARVEOUT_MASK alloc
04-23 14:55:22.860 D/gralloc (  114): ION_HEAP_CARVEOUT_MASK alloc
04-23 14:55:22.880 I/hwcomposer(  114): hwcdev_try_to_assign_pipe: We use not config memory
04-23 14:55:22.880 I/hwcomposer(  114): hwcdev_try_to_assign_pipe: We use not config memory
04-23 14:55:22.880 I/hwcomposer(  114): hwcdev_try_to_assign_pipe: We use not config memory
04-23 14:55:22.880 I/hwcomposer(  114): hwcdev_try_to_assign_pipe: We use not config memory
04-23 14:55:22.890 D/gralloc (  114): ION_HEAP_CARVEOUT_MASK alloc
04-23 14:55:22.900 D/gralloc (  114): ION_HEAP_CARVEOUT_MASK alloc
04-23 14:55:22.900 I/hwcomposer(  114): hwcdev_try_to_assign_pipe: We use not config memory
04-23 14:55:22.900 I/hwcomposer(  114): hwcdev_try_to_assign_pipe: We use not config memory
04-23 14:55:22.900 I/hwcomposer(  114): hwcdev_try_to_assign_pipe: We use not config memory
04-23 14:55:22.900 I/hwcomposer(  114): hwcdev_try_to_assign_pipe: We use not config memory
04-23 14:55:22.910 I/hwcomposer(  114): hwcdev_try_to_assign_pipe: We use not config memory
04-23 14:55:22.910 I/hwcomposer(  114): hwcdev_try_to_assign_pipe: We use not config memory
04-23 14:55:22.910 I/hwcomposer(  114): hwcdev_try_to_assign_pipe: We use not config memory
04-23 14:55:22.910 I/hwcomposer(  114): hwcdev_try_to_assign_pipe: We use not config memory
04-23 14:55:23.030 I/hwcomposer(  114): hwcdev_try_to_assign_pipe: We use not config memory
04-23 14:55:23.030 I/hwcomposer(  114): hwcdev_try_to_assign_pipe: We use not config memory
04-23 14:55:23.030 I/hwcomposer(  114): hwcdev_try_to_assign_pipe: We use not config memory
04-23 14:55:23.030 I/hwcomposer(  114): hwcdev_try_to_assign_pipe: We use not config memory
04-23 14:55:23.040 D/gralloc (  114): ION_HEAP_CARVEOUT_MASK alloc
04-23 14:55:23.040 D/gralloc (  114): ION_HEAP_CARVEOUT_MASK alloc
04-23 14:55:23.060 I/hwcomposer(  114): hwcdev_try_to_assign_pipe: We use not config memory
04-23 14:55:23.060 I/hwcomposer(  114): hwcdev_try_to_assign_pipe: We use not config memory
04-23 14:55:23.060 I/hwcomposer(  114): hwcdev_try_to_assign_pipe: We use not config memory
04-23 14:55:23.060 I/hwcomposer(  114): hwcdev_try_to_assign_pipe: We use not config memory
04-23 14:55:23.080 I/hwcomposer(  114): hwcdev_try_to_assign_pipe: We use not config memory
04-23 14:55:23.080 I/hwcomposer(  114): hwcdev_try_to_assign_pipe: We use not config memory
04-23 14:55:23.080 I/hwcomposer(  114): hwcdev_try_to_assign_pipe: We use not config memory
04-23 14:55:23.090 I/WindowManager(  452): Screen frozen for +557ms due to Window{42578878 u0 com.android.launcher/com.android.launcher2.Launcher}
04-23 14:55:23.100 I/hwcomposer(  114): hwcdev_try_to_assign_pipe: We use not config memory
04-23 14:55:23.100 I/hwcomposer(  114): hwcdev_try_to_assign_pipe: We use not config memory
04-23 14:55:23.100 I/hwcomposer(  114): hwcdev_try_to_assign_pipe: We use not config memory
04-23 14:55:23.110 I/hwcomposer(  114): hwcdev_try_to_assign_pipe: We use not config memory
04-23 14:55:23.110 I/hwcomposer(  114): hwcdev_try_to_assign_pipe: We use not config memory
04-23 14:55:23.110 I/hwcomposer(  114): hwcdev_try_to_assign_pipe: We use not config memory
04-23 14:55:23.130 D/gralloc (  114): ION_HEAP_CARVEOUT_MASK alloc
04-23 14:55:23.480 D/audio_hw_primary(  117): out_standby
04-23 14:55:23.660 D/gralloc (  114): ION_HEAP_CARVEOUT_MASK alloc
04-23 14:55:24.410 D/gralloc (  114): ==USE CPU CACHE OP LLL usage = 0xb33==
04-23 14:55:24.410 D/gralloc (  114): ION_HEAP_SYSTEM_MASK alloc
04-23 14:55:24.450 I/hwcomposer(  114): hwcdev_try_to_assign_pipe: We use not config memory
04-23 14:55:24.450 I/hwcomposer(  114): hwcdev_try_to_assign_pipe: We use not config memory
04-23 14:55:24.450 I/hwcomposer(  114): hwcdev_try_to_assign_pipe: We use not config memory
04-23 14:55:24.450 I/InputReader(  452): Reconfiguring input devices.  changes=0x00000004
04-23 14:55:24.450 I/InputReader(  452): Device reconfigured: id=3, name='gslX680', size 1024x600, orientation 0, mode 1, display id 0
04-23 14:55:24.450 I/ActivityManager(  452): Config changes=480 {1.0 ?mcc?mnc zh_CN ldltr sw600dp w1024dp h527dp 160dpi lrg land finger -keyb/v/h -nav/h s.10}
04-23 14:55:24.470 D/gralloc (  114): ION_HEAP_CARVEOUT_MASK alloc
04-23 14:55:24.480 D/gralloc (  114): ION_HEAP_CARVEOUT_MASK alloc
04-23 14:55:24.480 I/hwcomposer(  114): hwcdev_try_to_assign_pipe: We use not config memory
04-23 14:55:24.480 I/hwcomposer(  114): hwcdev_try_to_assign_pipe: We use not config memory
04-23 14:55:24.480 I/hwcomposer(  114): hwcdev_try_to_assign_pipe: We use not config memory
04-23 14:55:24.500 I/hwcomposer(  114): hwcdev_try_to_assign_pipe: We use not config memory
04-23 14:55:24.500 I/hwcomposer(  114): hwcdev_try_to_assign_pipe: We use not config memory
04-23 14:55:24.500 I/hwcomposer(  114): hwcdev_try_to_assign_pipe: We use not config memory
04-23 14:55:24.510 I/hwcomposer(  114): hwcdev_try_to_assign_pipe: We use not config memory
04-23 14:55:24.510 I/hwcomposer(  114): hwcdev_try_to_assign_pipe: We use not config memory
04-23 14:55:24.510 I/hwcomposer(  114): hwcdev_try_to_assign_pipe: We use not config memory
04-23 14:55:24.530 D/PhoneStatusBar(  517): mSettingsPanelGravity = 8388661
04-23 14:55:24.530 I/PowerManagerService(  452): Going to sleep by user request...
04-23 14:55:24.550 I/hwcomposer(  114): hwcdev_try_to_assign_pipe: We use not config memory
04-23 14:55:24.550 I/hwcomposer(  114): hwcdev_try_to_assign_pipe: We use not config memory
04-23 14:55:24.550 I/hwcomposer(  114): hwcdev_try_to_assign_pipe: We use not config memory
04-23 14:55:24.560 I/hwcomposer(  114): hwcdev_try_to_assign_pipe: We use not config memory
04-23 14:55:24.560 I/hwcomposer(  114): hwcdev_try_to_assign_pipe: We use not config memory
04-23 14:55:24.560 I/hwcomposer(  114): hwcdev_try_to_assign_pipe: We use not config memory
04-23 14:55:24.570 D/gralloc (  114): ION_HEAP_CARVEOUT_MASK alloc
04-23 14:55:24.580 D/gralloc (  114): ION_HEAP_CARVEOUT_MASK alloc
04-23 14:55:24.580 I/hwcomposer(  114): hwcdev_try_to_assign_pipe: We use not config memory
04-23 14:55:24.580 I/hwcomposer(  114): hwcdev_try_to_assign_pipe: We use not config memory
04-23 14:55:24.580 I/hwcomposer(  114): hwcdev_try_to_assign_pipe: We use not config memory
04-23 14:55:24.650 D/gralloc (  114): ION_HEAP_CARVEOUT_MASK alloc
04-23 14:55:24.650 D/gralloc (  114): ION_HEAP_CARVEOUT_MASK alloc
04-23 14:55:24.710 D/gralloc (  114): ION_HEAP_CARVEOUT_MASK alloc
04-23 14:55:24.710 D/gralloc (  114): ION_HEAP_CARVEOUT_MASK alloc
04-23 14:55:24.770 D/dalvikvm(  517): GC_CONCURRENT freed 1900K, 50% free 10512K/20792K, paused 4ms+27ms, total 104ms
04-23 14:55:24.780 D/gralloc (  114): ION_HEAP_CARVEOUT_MASK alloc
04-23 14:55:24.780 D/gralloc (  114): ION_HEAP_CARVEOUT_MASK alloc
04-23 14:55:24.870 D/dalvikvm(  637): GC_CONCURRENT freed 2897K, 34% free 8751K/13180K, paused 3ms+6ms, total 61ms
04-23 14:55:24.950 D/gralloc (  114): ION_HEAP_CARVEOUT_MASK alloc
04-23 14:55:24.960 D/gralloc (  114): ION_HEAP_CARVEOUT_MASK alloc
04-23 14:55:24.970 D/SurfaceFlinger(  114): Screen released, type=0 flinger=0x40db1450
04-23 14:55:25.000 V/audio_hw_primary(  117): adev_set_parameters, screen_state=off
04-23 14:55:25.010 I/qtaguid (  452): Failed write_ctrl(s 0 10012) res=-1 errno=1
04-23 14:55:25.010 W/NetworkManagementSocketTagger(  452): setKernelCountSet(10012, 0) failed with errno -1
04-23 14:55:25.050 I/WindowManager(  452): Screen frozen for +638ms due to Window{42605a10 u0 com.android.launcher/com.android.launcher2.Launcher}
04-23 14:55:25.070 D/gralloc (  114): ION_HEAP_CARVEOUT_MASK alloc
04-23 14:55:25.080 I/Launcher(  637): Deferring update until onResume
04-23 14:55:25.370 D/PowerManagerService-JNI(  452): Excessive delay in autosuspend_enable() while turning screen off: 385ms
04-23 14:55:29.080 D/PowerManagerService(  452): mHoldBootFastWakeLock = false
04-23 14:55:29.570 D/dalvikvm(  452): GC_EXPLICIT freed 548K, 14% free 10271K/11840K, paused 51ms+17ms, total 201ms
04-23 15:00:41.040 I/wpa_supplicant(  513): wlan0: CTRL-EVENT-DISCONNECTED bssid=a4:93:4c:b1:4a:5f reason=6
04-23 15:00:41.040 I/wpa_supplicant(  513): wlan0: Trying to associate with a4:93:4c:b1:4a:5f (SSID='XP-3f' freq=2472 MHz)
04-23 15:00:41.120 D/CommandListener(  111): Clearing all IP addresses on wlan0
04-23 15:00:41.160 D/CommandListener(  111): Clearing all IP addresses on wlan0
04-23 15:00:41.170 D/PowerManagerService(  452): mHoldBootFastWakeLock = false
04-23 15:00:41.180 D/EthernetDataTracker(  452): no configuration for 
04-23 15:00:41.180 D/ConnectivityService(  452): ConnectivityChange for WIFI: DISCONNECTED/DISCONNECTED
04-23 15:00:41.180 D/ConnectivityService(  452): tryFailover: set mActiveDefaultNetwork=-1, prevNetType=1
04-23 15:00:41.180 D/ConnectivityService(  452): Attempting to switch to mobile
04-23 15:00:41.180 D/ConnectivityService(  452): Attempting to switch to BLUETOOTH_TETHER
04-23 15:00:41.180 D/EthernetDataTracker(  452): ConnectNetwork: Up is true, mLinkUp is false, On is false, mIface 
04-23 15:00:41.180 D/ConnectivityService(  452): Attempting to switch to ETHERNET
04-23 15:00:41.210 D/NetUtils(  452): android_net_utils_resetConnections in env=0x5a5e1138 clazz=0xc6500001 iface=wlan0 mask=0x3
04-23 15:00:41.210 D/ConnectivityService(  452): resetConnections(wlan0, 3)
04-23 15:00:41.240 D/Nat464Xlat(  452): requiresClat: netType=1, hasIPv4Address=false
04-23 15:00:41.240 D/ConnectivityService(  452): ConnectivityChange for WIFI: DISCONNECTED/DISCONNECTED
04-23 15:00:41.280 D/EthernetDataTracker(  452): no configuration for 
04-23 15:00:41.280 D/ConnectivityService(  452): Attempting to switch to mobile
04-23 15:00:41.280 D/ConnectivityService(  452): Attempting to switch to BLUETOOTH_TETHER
04-23 15:00:41.280 D/EthernetDataTracker(  452): ConnectNetwork: Up is true, mLinkUp is false, On is false, mIface 
04-23 15:00:41.280 D/ConnectivityService(  452): Attempting to switch to ETHERNET
04-23 15:00:41.280 D/Nat464Xlat(  452): requiresClat: netType=1, hasIPv4Address=false
04-23 15:00:41.290 D/ConnectivityService(  452): Sampling interval elapsed, updating statistics ..
04-23 15:00:41.300 D/ConnectivityService(  452): Done.
04-23 15:00:41.300 D/ConnectivityService(  452): Setting timer for 720seconds
04-23 15:00:41.320 D/ConnectivityService(  452): handleInetConditionChange: no active default network - ignore
04-23 15:00:41.350 D/dalvikvm( 1259): GC_CONCURRENT freed 394K, 10% free 4576K/5080K, paused 3ms+2ms, total 19ms
04-23 15:00:41.770 I/wpa_supplicant(  513): wlan0: Associated with a4:93:4c:b1:4a:5f
04-23 15:00:41.850 I/wpa_supplicant(  513): wlan0: WPA: Key negotiation completed with a4:93:4c:b1:4a:5f [PTK=CCMP GTK=CCMP]
04-23 15:00:41.850 I/wpa_supplicant(  513): wlan0: CTRL-EVENT-CONNECTED - Connection to a4:93:4c:b1:4a:5f completed (auth) [id=0 id_str=]
04-23 15:00:42.000 E/wpa_supplicant(  513): wpa_driver_nl80211_driver_cmd: failed to issue private commands
04-23 15:00:42.010 E/WifiStateMachine(  452): Unexpected BatchedScanResults :null
04-23 15:00:42.010 E/wpa_supplicant(  513): wpa_driver_nl80211_driver_cmd: failed to issue private commands
04-23 15:00:44.290 D/Tethering(  452): MasterInitialState.processMessage what=3
04-23 15:00:44.300 D/CaptivePortalTracker(  452): Disconnected from active network NetworkInfo: type: WIFI[], state: DISCONNECTED/DISCONNECTED, reason: (unspecified), extra: <unknown ssid>, roaming: false, failover: false, isAvailable: true, isConnectedToProvisioningNetwork: false
04-23 15:00:44.300 D/ConnectivityService(  452): setProvNotificationVisible: E visible=false networkType=1 extraInfo=null url=null
04-23 15:00:44.340 I/DeviceInfoService(  452): wifi on
04-23 15:00:44.340 I/DeviceInfoService(  452): onReceive BroadcastReceiver
04-23 15:00:44.340 D/OtaService(  452): onreceive action = android.net.conn.CONNECTIVITY_CHANGE
04-23 15:00:44.340 I/OtaService(  452): onReceive BroadcastReceiver
04-23 15:00:44.350 D/Tethering(  452): MasterInitialState.processMessage what=3
04-23 15:00:44.360 D/CaptivePortalTracker(  452): NoActiveNetworkState{ when=-3ms what=1 obj=NetworkInfo: type: WIFI[], state: DISCONNECTED/DISCONNECTED, reason: (unspecified), extra: <unknown ssid>, roaming: false, failover: false, isAvailable: true, isConnectedToProvisioningNetwork: false target=com.android.internal.util.StateMachine$SmHandler }
04-23 15:00:44.370 I/DeviceInfoService(  452): wifi on
04-23 15:00:44.370 I/DeviceInfoService(  452): onReceive BroadcastReceiver
04-23 15:00:44.370 D/OtaService(  452): onreceive action = android.net.conn.CONNECTIVITY_CHANGE
04-23 15:00:44.370 I/OtaService(  452): onReceive BroadcastReceiver
04-23 15:00:44.400 D/GCM     (  824): GcmService start Intent { act=android.net.conn.CONNECTIVITY_CHANGE flg=0x4000010 cmp=com.google.android.gms/.gcm.GcmService (has extras) } android.net.conn.CONNECTIVITY_CHANGE
04-23 15:00:44.480 D/GCM     (  824): GcmService start Intent { act=android.net.conn.CONNECTIVITY_CHANGE flg=0x4000010 cmp=com.google.android.gms/.gcm.GcmService (has extras) } android.net.conn.CONNECTIVITY_CHANGE
04-23 15:00:46.680 D/WifiStateMachine(  452): VerifyingLinkState enter
04-23 15:00:46.690 D/WifiStateMachine(  452): VerifyingLinkState GOOD_LINK_DETECTED: transition to captive portal check
04-23 15:00:46.690 D/WifiStateMachine(  452): CaptivePortalCheckState enter
04-23 15:00:46.700 D/WifiStateMachine(  452): CaptivePortalCheckState CMD_CAPTIVE_CHECK_COMPLETE
04-23 15:00:46.700 D/ConnectivityService(  452): Captive portal check NetworkInfo: type: WIFI[], state: CONNECTING/CAPTIVE_PORTAL_CHECK, reason: (unspecified), extra: "XP-3f", roaming: false, failover: false, isAvailable: true, isConnectedToProvisioningNetwork: false
04-23 15:00:46.700 D/ConnectivityService(  452): handleCaptivePortalTrackerCheck: call captivePortalCheckComplete ni=NetworkInfo: type: WIFI[], state: CONNECTING/CAPTIVE_PORTAL_CHECK, reason: (unspecified), extra: "XP-3f", roaming: false, failover: false, isAvailable: true, isConnectedToProvisioningNetwork: false
04-23 15:00:46.700 D/ConnectivityService(  452): Captive portal check NetworkInfo: type: WIFI[], state: CONNECTING/CAPTIVE_PORTAL_CHECK, reason: (unspecified), extra: "XP-3f", roaming: false, failover: false, isAvailable: true, isConnectedToProvisioningNetwork: false
04-23 15:00:46.700 D/ConnectivityService(  452): handleCaptivePortalTrackerCheck: call captivePortalCheckComplete ni=NetworkInfo: type: WIFI[], state: CONNECTING/CAPTIVE_PORTAL_CHECK, reason: (unspecified), extra: "XP-3f", roaming: false, failover: false, isAvailable: true, isConnectedToProvisioningNetwork: false
04-23 15:00:46.730 D/ConnectivityService(  452): ConnectivityChange for WIFI: CONNECTED/CONNECTED
04-23 15:00:46.730 E/ConnectivityService(  452): Unexpected mtu value: android.net.wifi.WifiStateTracker@42240148
04-23 15:00:46.770 D/Nat464Xlat(  452): requiresClat: netType=1, hasIPv4Address=true
04-23 15:00:46.770 D/ConnectivityService(  452): ConnectivityChange for WIFI: CONNECTED/CONNECTED
04-23 15:00:46.790 E/ConnectivityService(  452): Unexpected mtu value: android.net.wifi.WifiStateTracker@42240148
04-23 15:00:46.800 D/ConnectivityService(  452): handleConnectivityChange: address are the same reset per doReset linkProperty[1]: resetMask=0
04-23 15:00:46.800 D/Nat464Xlat(  452): requiresClat: netType=1, hasIPv4Address=true
04-23 15:00:47.750 D/ConnectivityService(  452): NetTransition Wakelock for ConnectedState released by timeout
04-23 15:02:30.040 I/wpa_supplicant(  513): wlan0: CTRL-EVENT-DISCONNECTED bssid=a4:93:4c:b1:4a:5f reason=6
04-23 15:02:30.040 I/wpa_supplicant(  513): wlan0: Trying to associate with a4:93:4c:b1:4a:5f (SSID='XP-3f' freq=2472 MHz)
04-23 15:02:30.050 D/PowerManagerService(  452): mHoldBootFastWakeLock = false
04-23 15:02:30.070 D/CommandListener(  111): Clearing all IP addresses on wlan0
04-23 15:02:30.090 D/EthernetDataTracker(  452): no configuration for 
04-23 15:02:30.090 D/ConnectivityService(  452): ConnectivityChange for WIFI: DISCONNECTED/DISCONNECTED
04-23 15:02:30.090 D/ConnectivityService(  452): tryFailover: set mActiveDefaultNetwork=-1, prevNetType=1
04-23 15:02:30.090 D/ConnectivityService(  452): Attempting to switch to mobile
04-23 15:02:30.090 D/ConnectivityService(  452): Attempting to switch to BLUETOOTH_TETHER
04-23 15:02:30.090 D/EthernetDataTracker(  452): ConnectNetwork: Up is true, mLinkUp is false, On is false, mIface 
04-23 15:02:30.090 D/ConnectivityService(  452): Attempting to switch to ETHERNET
04-23 15:02:30.110 D/NetUtils(  452): android_net_utils_resetConnections in env=0x5a5e1138 clazz=0xfc700001 iface=wlan0 mask=0x3
04-23 15:02:30.110 D/ConnectivityService(  452): resetConnections(wlan0, 3)
04-23 15:02:30.140 D/CommandListener(  111): Clearing all IP addresses on wlan0
04-23 15:02:30.140 D/Nat464Xlat(  452): requiresClat: netType=1, hasIPv4Address=false
04-23 15:02:30.150 D/EthernetDataTracker(  452): no configuration for 
04-23 15:02:30.150 D/ConnectivityService(  452): ConnectivityChange for WIFI: DISCONNECTED/DISCONNECTED
04-23 15:02:30.150 D/ConnectivityService(  452): Attempting to switch to mobile
04-23 15:02:30.150 D/ConnectivityService(  452): Attempting to switch to BLUETOOTH_TETHER
