04-23 14:53:08.360 W/ContextImpl(  452): Calling a method in the system process without a qualified user: android.app.ContextImpl.sendBroadcast:1137 android.net.CaptivePortalTracker.sendNetworkConditionsBroadcast:507 android.net.CaptivePortalTracker.isCaptivePortal:399 android.net.CaptivePortalTracker.access$2600:60 android.net.CaptivePortalTracker$DelayedCaptiveCheckState.processMessage:283 
04-23 14:53:08.360 D/ConnectivityService(  452): captivePortalCheckCompleted: ni=NetworkInfo: type: WIFI[], state: CONNECTED/CONNECTED, reason: (unspecified), extra: "XP-3f", roaming: false, failover: false, isAvailable: true, isConnectedToProvisioningNetwork: false captive=false
04-23 14:53:13.830 I/PowerManagerService(  452): Going to sleep by user request...
04-23 14:53:25.050 D/PowerManagerService(  452): mHoldBootFastWakeLock = false
04-23 14:53:25.060 I/PowerManagerService(  452): Waking up from sleep...
04-23 14:53:25.060 W/ContextImpl( 1762): Calling a method in the system process without a qualified user: android.app.ContextImpl.sendBroadcast:1123 android.content.ContextWrapper.sendBroadcast:365 android.content.ContextWrapper.sendBroadcast:365 com.allwinnertech.sleepandwakeupclock.AlarmReceiver.onReceive:30 android.app.ActivityThread.handleReceiver:2419 
04-23 14:53:25.090 I/WindowManager(  452): No lock screen! windowToken=null
04-23 14:53:35.130 I/PowerManagerService(  452): Going to sleep by user request...
04-23 14:53:38.040 I/PowerManagerService(  452): Waking up from sleep...
04-23 14:53:38.040 D/PowerManagerService(  452): mHoldBootFastWakeLock = false
04-23 14:53:38.060 I/WindowManager(  452): No lock screen! windowToken=null
04-23 14:53:45.170 W/ContextImpl( 1762): Calling a method in the system process without a qualified user: android.app.ContextImpl.sendBroadcast:1123 android.content.ContextWrapper.sendBroadcast:365 android.content.ContextWrapper.sendBroadcast:365 com.allwinnertech.sleepandwakeupclock.AlarmReceiver.onReceive:30 android.app.ActivityThread.handleReceiver:2419 
04-23 14:53:55.230 I/PowerManagerService(  452): Going to sleep by user request...
04-23 14:54:07.060 D/PowerManagerService(  452): mHoldBootFastWakeLock = false
04-23 14:54:07.070 I/PowerManagerService(  452): Waking up from sleep...
04-23 14:54:07.100 I/WindowManager(  452): No lock screen! windowToken=null
04-23 14:54:07.110 W/ContextImpl( 1762): Calling a method in the system process without a qualified user: android.app.ContextImpl.sendBroadcast:1123 android.content.ContextWrapper.sendBroadcast:365 android.content.ContextWrapper.sendBroadcast:365 com.allwinnertech.sleepandwakeupclock.AlarmReceiver.onReceive:30 android.app.ActivityThread.handleReceiver:2419 
04-23 14:54:17.310 I/PowerManagerService(  452): Going to sleep by user request...
04-23 14:54:28.090 D/PowerManagerService(  452): mHoldBootFastWakeLock = false
04-23 14:54:28.110 I/PowerManagerService(  452): Waking up from sleep...
04-23 14:54:28.120 I/WindowManager(  452): No lock screen! windowToken=null
04-23 14:54:28.210 W/ContextImpl( 1762): Calling a method in the system process without a qualified user: android.app.ContextImpl.sendBroadcast:1123 android.content.ContextWrapper.sendBroadcast:365 android.content.ContextWrapper.sendBroadcast:365 com.allwinnertech.sleepandwakeupclock.AlarmReceiver.onReceive:30 android.app.ActivityThread.handleReceiver:2419 
04-23 14:54:38.340 I/PowerManagerService(  452): Going to sleep by user request...
04-23 14:54:49.050 D/PowerManagerService(  452): mHoldBootFastWakeLock = false
04-23 14:54:49.070 I/PowerManagerService(  452): Waking up from sleep...
04-23 14:54:49.070 I/WindowManager(  452): No lock screen! windowToken=null
04-23 14:54:49.160 W/ContextImpl( 1762): Calling a method in the system process without a qualified user: android.app.ContextImpl.sendBroadcast:1123 android.content.ContextWrapper.sendBroadcast:365 android.content.ContextWrapper.sendBroadcast:365 com.allwinnertech.sleepandwakeupclock.AlarmReceiver.onReceive:30 android.app.ActivityThread.handleReceiver:2419 
04-23 14:54:59.340 I/PowerManagerService(  452): Going to sleep by user request...
04-23 14:55:10.050 I/PowerManagerService(  452): Waking up from sleep...
04-23 14:55:10.060 I/WindowManager(  452): No lock screen! windowToken=null
04-23 14:55:10.240 W/ContextImpl( 1762): Calling a method in the system process without a qualified user: android.app.ContextImpl.sendBroadcast:1123 android.content.ContextWrapper.sendBroadcast:365 android.content.ContextWrapper.sendBroadcast:365 com.allwinnertech.sleepandwakeupclock.AlarmReceiver.onReceive:30 android.app.ActivityThread.handleReceiver:2419 
04-23 14:55:15.820 I/ActivityManager(  452): START u0 {act=android.intent.action.MAIN cat=[android.intent.category.LAUNCHER] flg=0x10200000 cmp=com.allwinnertech.sleepandwakeupclock/.SleepAndWakeUpTest} from pid 637
04-23 14:55:16.090 I/ActivityManager(  452): Config changes=480 {1.0 ?mcc?mnc zh_CN ldltr sw600dp w1024dp h527dp 160dpi lrg land finger -keyb/v/h -nav/h s.8}
04-23 14:55:16.470 I/WindowManager(  452): Screen frozen for +440ms due to Window{42332b90 u0 StatusBar}
04-23 14:55:20.340 I/ActivityManager(  452): START u0 {act=android.intent.action.MAIN cat=[android.intent.category.HOME] flg=0x10200000 cmp=com.android.launcher/com.android.launcher2.Launcher} from pid 452
04-23 14:55:22.660 I/ActivityManager(  452): Config changes=480 {1.0 ?mcc?mnc zh_CN ldltr sw600dp w600dp h951dp 160dpi lrg port finger -keyb/v/h -nav/h s.9}
04-23 14:55:23.090 I/WindowManager(  452): Screen frozen for +557ms due to Window{42578878 u0 com.android.launcher/com.android.launcher2.Launcher}
04-23 14:55:24.450 I/ActivityManager(  452): Config changes=480 {1.0 ?mcc?mnc zh_CN ldltr sw600dp w1024dp h527dp 160dpi lrg land finger -keyb/v/h -nav/h s.10}
04-23 14:55:24.530 I/PowerManagerService(  452): Going to sleep by user request...
04-23 14:55:25.050 I/WindowManager(  452): Screen frozen for +638ms due to Window{42605a10 u0 com.android.launcher/com.android.launcher2.Launcher}
04-23 14:55:29.080 D/PowerManagerService(  452): mHoldBootFastWakeLock = false
04-23 15:00:41.170 D/PowerManagerService(  452): mHoldBootFastWakeLock = false
04-23 15:00:41.180 D/ConnectivityService(  452): ConnectivityChange for WIFI: DISCONNECTED/DISCONNECTED
04-23 15:00:41.180 D/ConnectivityService(  452): tryFailover: set mActiveDefaultNetwork=-1, prevNetType=1
04-23 15:00:41.180 D/ConnectivityService(  452): Attempting to switch to mobile
04-23 15:00:41.180 D/ConnectivityService(  452): Attempting to switch to BLUETOOTH_TETHER
04-23 15:00:41.180 D/EthernetDataTracker(  452): ConnectNetwork: Up is true, mLinkUp is false, On is false, mIface 
04-23 15:00:41.180 D/ConnectivityService(  452): Attempting to switch to ETHERNET
04-23 15:00:41.210 D/ConnectivityService(  452): resetConnections(wlan0, 3)
04-23 15:00:41.240 D/Nat464Xlat(  452): requiresClat: netType=1, hasIPv4Address=false
04-23 15:00:41.240 D/ConnectivityService(  452): ConnectivityChange for WIFI: DISCONNECTED/DISCONNECTED
04-23 15:00:41.280 D/ConnectivityService(  452): Attempting to switch to mobile
04-23 15:00:41.280 D/ConnectivityService(  452): Attempting to switch to BLUETOOTH_TETHER
04-23 15:00:41.280 D/EthernetDataTracker(  452): ConnectNetwork: Up is true, mLinkUp is false, On is false, mIface 
04-23 15:00:41.280 D/ConnectivityService(  452): Attempting to switch to ETHERNET
04-23 15:00:41.280 D/Nat464Xlat(  452): requiresClat: netType=1, hasIPv4Address=false
04-23 15:00:41.290 D/ConnectivityService(  452): Sampling interval elapsed, updating statistics ..
04-23 15:00:41.300 D/ConnectivityService(  452): Done.
04-23 15:00:41.300 D/ConnectivityService(  452): Setting timer for 720seconds
04-23 15:00:41.320 D/ConnectivityService(  452): handleInetConditionChange: no active default network - ignore
04-23 15:00:44.300 D/ConnectivityService(  452): setProvNotificationVisible: E visible=false networkType=1 extraInfo=null url=null
04-23 15:00:46.700 D/ConnectivityService(  452): Captive portal check NetworkInfo: type: WIFI[], state: CONNECTING/CAPTIVE_PORTAL_CHECK, reason: (unspecified), extra: "XP-3f", roaming: false, failover: false, isAvailable: true, isConnectedToProvisioningNetwork: false
04-23 15:00:46.700 D/ConnectivityService(  452): handleCaptivePortalTrackerCheck: call captivePortalCheckComplete ni=NetworkInfo: type: WIFI[], state: CONNECTING/CAPTIVE_PORTAL_CHECK, reason: (unspecified), extra: "XP-3f", roaming: false, failover: false, isAvailable: true, isConnectedToProvisioningNetwork: false
04-23 15:00:46.700 D/ConnectivityService(  452): Captive portal check NetworkInfo: type: WIFI[], state: CONNECTING/CAPTIVE_PORTAL_CHECK, reason: (unspecified), extra: "XP-3f", roaming: false, failover: false, isAvailable: true, isConnectedToProvisioningNetwork: false
04-23 15:00:46.700 D/ConnectivityService(  452): handleCaptivePortalTrackerCheck: call captivePortalCheckComplete ni=NetworkInfo: type: WIFI[], state: CONNECTING/CAPTIVE_PORTAL_CHECK, reason: (unspecified), extra: "XP-3f", roaming: false, failover: false, isAvailable: true, isConnectedToProvisioningNetwork: false
04-23 15:00:46.730 D/ConnectivityService(  452): ConnectivityChange for WIFI: CONNECTED/CONNECTED
04-23 15:00:46.730 E/ConnectivityService(  452): Unexpected mtu value: android.net.wifi.WifiStateTracker@42240148
04-23 15:00:46.770 D/Nat464Xlat(  452): requiresClat: netType=1, hasIPv4Address=true
04-23 15:00:46.770 D/ConnectivityService(  452): ConnectivityChange for WIFI: CONNECTED/CONNECTED
04-23 15:00:46.790 E/ConnectivityService(  452): Unexpected mtu value: android.net.wifi.WifiStateTracker@42240148
04-23 15:00:46.800 D/ConnectivityService(  452): handleConnectivityChange: address are the same reset per doReset linkProperty[1]: resetMask=0
04-23 15:00:46.800 D/Nat464Xlat(  452): requiresClat: netType=1, hasIPv4Address=true
04-23 15:00:47.750 D/ConnectivityService(  452): NetTransition Wakelock for ConnectedState released by timeout
04-23 15:02:30.050 D/PowerManagerService(  452): mHoldBootFastWakeLock = false
04-23 15:02:30.090 D/ConnectivityService(  452): ConnectivityChange for WIFI: DISCONNECTED/DISCONNECTED
04-23 15:02:30.090 D/ConnectivityService(  452): tryFailover: set mActiveDefaultNetwork=-1, prevNetType=1
04-23 15:02:30.090 D/ConnectivityService(  452): Attempting to switch to mobile
04-23 15:02:30.090 D/ConnectivityService(  452): Attempting to switch to BLUETOOTH_TETHER
04-23 15:02:30.090 D/EthernetDataTracker(  452): ConnectNetwork: Up is true, mLinkUp is false, On is false, mIface 
04-23 15:02:30.090 D/ConnectivityService(  452): Attempting to switch to ETHERNET
04-23 15:02:30.110 D/ConnectivityService(  452): resetConnections(wlan0, 3)
04-23 15:02:30.140 D/Nat464Xlat(  452): requiresClat: netType=1, hasIPv4Address=false
04-23 15:02:30.150 D/ConnectivityService(  452): ConnectivityChange for WIFI: DISCONNECTED/DISCONNECTED
04-23 15:02:30.150 D/ConnectivityService(  452): Attempting to switch to mobile
04-23 15:02:30.150 D/ConnectivityService(  452): Attempting to switch to BLUETOOTH_TETHER
04-23 15:02:30.150 D/EthernetDataTracker(  452): ConnectNetwork: Up is true, mLinkUp is false, On is false, mIface 
04-23 15:02:30.150 D/ConnectivityService(  452): Attempting to switch to ETHERNET
04-23 15:02:30.150 D/Nat464Xlat(  452): requiresClat: netType=1, hasIPv4Address=false
04-23 15:02:30.170 D/ConnectivityService(  452): handleInetConditionChange: no active default network - ignore
04-23 15:02:32.180 D/ConnectivityService(  452): Captive portal check NetworkInfo: type: WIFI[], state: CONNECTING/CAPTIVE_PORTAL_CHECK, reason: (unspecified), extra: "XP-3f", roaming: false, failover: false, isAvailable: true, isConnectedToProvisioningNetwork: false
04-23 15:02:32.180 D/ConnectivityService(  452): handleCaptivePortalTrackerCheck: call captivePortalCheckComplete ni=NetworkInfo: type: WIFI[], state: CONNECTING/CAPTIVE_PORTAL_CHECK, reason: (unspecified), extra: "XP-3f", roaming: false, failover: false, isAvailable: true, isConnectedToProvisioningNetwork: false
04-23 15:02:32.180 D/ConnectivityService(  452): Captive portal check NetworkInfo: type: WIFI[], state: CONNECTING/CAPTIVE_PORTAL_CHECK, reason: (unspecified), extra: "XP-3f", roaming: false, failover: false, isAvailable: true, isConnectedToProvisioningNetwork: false
04-23 15:02:32.180 D/ConnectivityService(  452): handleCaptivePortalTrackerCheck: call captivePortalCheckComplete ni=NetworkInfo: type: WIFI[], state: CONNECTING/CAPTIVE_PORTAL_CHECK, reason: (unspecified), extra: "XP-3f", roaming: false, failover: false, isAvailable: true, isConnectedToProvisioningNetwork: false
04-23 15:02:32.190 D/ConnectivityService(  452): ConnectivityChange for WIFI: CONNECTED/CONNECTED
04-23 15:02:32.200 E/ConnectivityService(  452): Unexpected mtu value: android.net.wifi.WifiStateTracker@42240148
04-23 15:02:32.230 D/Nat464Xlat(  452): requiresClat: netType=1, hasIPv4Address=true
04-23 15:02:32.230 D/ConnectivityService(  452): ConnectivityChange for WIFI: CONNECTED/CONNECTED
04-23 15:02:32.230 E/ConnectivityService(  452): Unexpected mtu value: android.net.wifi.WifiStateTracker@42240148
04-23 15:02:32.260 D/ConnectivityService(  452): handleConnectivityChange: address are the same reset per doReset linkProperty[1]: resetMask=0
04-23 15:02:32.260 D/Nat464Xlat(  452): requiresClat: netType=1, hasIPv4Address=true
04-23 15:02:33.280 D/ConnectivityService(  452): NetTransition Wakelock for ConnectedState released by timeout
04-23 15:02:33.740 D/ConnectivityService(  452): handleConnectivityChange: addresses changed linkProperty[1]: resetMask=0
04-23 15:02:33.740 D/ConnectivityService(  452):    car=removed=[] added=[fe80::222:f4ff:fef9:1147/64,]
04-23 15:02:33.740 D/Nat464Xlat(  452): requiresClat: netType=1, hasIPv4Address=true
04-23 15:02:33.760 D/ConnectivityService(  452): handleConnectivityChange: address are the same reset per doReset linkProperty[1]: resetMask=0
04-23 15:02:33.760 D/Nat464Xlat(  452): requiresClat: netType=1, hasIPv4Address=true
04-23 15:02:44.040 D/PowerManagerService(  452): mHoldBootFastWakeLock = false
04-23 15:02:45.700 D/ConnectivityService(  452): handleInetConditionHoldEnd: net=1, condition=100, published condition=0
04-23 15:49:32.040 D/PowerManagerService(  452): mHoldBootFastWakeLock = false
04-23 15:49:32.060 D/ConnectivityService(  452): Sampling interval elapsed, updating statistics ..
04-23 15:49:32.070 D/ConnectivityService(  452): Done.
04-23 15:49:32.070 D/ConnectivityService(  452): Setting timer for 720seconds
04-23 15:49:32.120 I/ActivityManager(  452): Delay finish: com.google.android.gsf/.checkin.EventLogService$Receiver
04-23 15:49:32.210 I/ActivityManager(  452): Resuming delayed broadcast
04-23 15:49:32.360 D/ConnectivityService(  452): setProvNotificationVisible: E visible=false networkType=1 extraInfo=null url=null
04-23 15:49:33.090 D/ConnectivityService(  452): handleInetConditionHoldEnd: net=1, condition=100, published condition=100
04-23 15:49:43.060 D/PowerManagerService(  452): mHoldBootFastWakeLock = false
04-23 15:49:44.670 W/ContextImpl(  452): Calling a method in the system process without a qualified user: android.app.ContextImpl.sendBroadcast:1137 android.net.CaptivePortalTracker.sendNetworkConditionsBroadcast:507 android.net.CaptivePortalTracker.isCaptivePortal:399 android.net.CaptivePortalTracker.access$2600:60 android.net.CaptivePortalTracker$DelayedCaptiveCheckState.processMessage:283 
04-23 15:49:44.670 D/ConnectivityService(  452): captivePortalCheckCompleted: ni=NetworkInfo: type: WIFI[], state: CONNECTED/CONNECTED, reason: (unspecified), extra: "XP-3f", roaming: false, failover: false, isAvailable: true, isConnectedToProvisioningNetwork: false captive=false
04-23 15:52:33.040 D/PowerManagerService(  452): mHoldBootFastWakeLock = false
04-23 16:49:33.070 D/PowerManagerService(  452): mHoldBootFastWakeLock = false
04-23 16:49:33.170 D/ConnectivityService(  452): Sampling interval elapsed, updating statistics ..
04-23 16:49:33.280 D/ConnectivityService(  452): Done.
04-23 16:49:33.280 D/ConnectivityService(  452): Setting timer for 720seconds
04-23 16:49:33.300 I/ActivityManager(  452): Idle maintenance over +16h1m33s142ms low RAM for 0
04-23 16:49:33.360 I/ActivityManager(  452): Delay finish: com.google.android.gsf/.checkin.EventLogService$Receiver
04-23 16:49:33.410 I/ActivityManager(  452): Resuming delayed broadcast
04-23 16:49:33.420 I/fstrim  (  110): Starting fstrim work...
04-23 16:49:33.420 I/fstrim  (  110): Invoking FITRIM ioctl on /cache
04-23 16:49:33.420 E/fstrim  (  110): FITRIM ioctl failed on /cache
04-23 16:49:33.420 E/fstrim  (  110): Cannot stat mount point /databk
04-23 16:49:33.420 I/fstrim  (  110): Invoking FITRIM ioctl on /data
04-23 16:49:33.420 E/fstrim  (  110): FITRIM ioctl failed on /data
04-23 16:49:33.420 E/fstrim  (  110): Cannot stat mount point none
04-23 16:49:33.420 I/fstrim  (  110): Finished fstrim work.
04-23 16:49:36.600 D/ConnectivityService(  452): handleInetConditionHoldEnd: net=1, condition=0, published condition=100
04-23 16:49:50.270 D/ConnectivityService(  452): handleInetConditionHoldEnd: net=1, condition=100, published condition=0
04-23 16:50:00.070 I/ProcessStatsService(  452): Prepared write state in 28ms
04-23 16:50:00.080 I/ProcessStatsService(  452): Prepared write state in 4ms
04-23 16:50:00.380 I/ProcessStatsService(  452): Pruning old procstats: /data/system/procstats/state-2014-04-22-12-04-15.bin
04-23 16:50:33.140 D/PowerManagerService(  452): mHoldBootFastWakeLock = false
04-23 16:51:33.200 D/PowerManagerService(  452): mHoldBootFastWakeLock = false
04-23 17:00:51.050 D/PowerManagerService(  452): mHoldBootFastWakeLock = false
04-23 17:00:51.900 D/ConnectivityService(  452): Captive portal check NetworkInfo: type: WIFI[], state: CONNECTING/CAPTIVE_PORTAL_CHECK, reason: (unspecified), extra: "XP-3f", roaming: false, failover: false, isAvailable: true, isConnectedToProvisioningNetwork: false
04-23 17:00:51.900 D/ConnectivityService(  452): handleCaptivePortalTrackerCheck: call captivePortalCheckComplete ni=NetworkInfo: type: WIFI[], state: CONNECTING/CAPTIVE_PORTAL_CHECK, reason: (unspecified), extra: "XP-3f", roaming: false, failover: false, isAvailable: true, isConnectedToProvisioningNetwork: false
04-23 17:00:51.900 D/ConnectivityService(  452): Captive portal check NetworkInfo: type: WIFI[], state: CONNECTING/CAPTIVE_PORTAL_CHECK, reason: (unspecified), extra: "XP-3f", roaming: false, failover: false, isAvailable: true, isConnectedToProvisioningNetwork: false
04-23 17:00:51.900 D/ConnectivityService(  452): handleCaptivePortalTrackerCheck: call captivePortalCheckComplete ni=NetworkInfo: type: WIFI[], state: CONNECTING/CAPTIVE_PORTAL_CHECK, reason: (unspecified), extra: "XP-3f", roaming: false, failover: false, isAvailable: true, isConnectedToProvisioningNetwork: false
04-23 17:00:51.930 D/ConnectivityService(  452): ConnectivityChange for WIFI: CONNECTED/CONNECTED
04-23 17:00:51.940 E/ConnectivityService(  452): Unexpected mtu value: android.net.wifi.WifiStateTracker@42240148
04-23 17:00:51.950 D/ConnectivityService(  452): handleConnectivityChange: address are the same reset per doReset linkProperty[1]: resetMask=0
04-23 17:00:51.950 D/Nat464Xlat(  452): requiresClat: netType=1, hasIPv4Address=true
04-23 17:00:51.950 D/ConnectivityService(  452): ConnectivityChange for WIFI: CONNECTED/CONNECTED
04-23 17:00:51.970 E/ConnectivityService(  452): Unexpected mtu value: android.net.wifi.WifiStateTracker@42240148
04-23 17:00:51.980 D/ConnectivityService(  452): handleConnectivityChange: address are the same reset per doReset linkProperty[1]: resetMask=0
04-23 17:00:51.980 D/Nat464Xlat(  452): requiresClat: netType=1, hasIPv4Address=true
04-23 17:00:52.930 D/ConnectivityService(  452): NetTransition Wakelock for ConnectedState released by timeout
04-23 17:00:55.590 D/ConnectivityService(  452): handleInetConditionHoldEnd: net=1, condition=100, published condition=0
04-23 17:00:57.140 D/PowerManagerService(  452): mHoldBootFastWakeLock = false
04-23 17:49:32.060 D/PowerManagerService(  452): mHoldBootFastWakeLock = false
04-23 17:49:32.070 D/ConnectivityService(  452): Sampling interval elapsed, updating statistics ..
04-23 17:49:32.080 D/ConnectivityService(  452): Done.
04-23 17:49:32.080 D/ConnectivityService(  452): Setting timer for 720seconds
04-23 17:49:32.190 I/ActivityManager(  452): Delay finish: com.google.android.gsf/.checkin.EventLogService$Receiver
04-23 17:49:32.250 I/ActivityManager(  452): Resuming delayed broadcast
04-23 17:49:34.920 D/ConnectivityService(  452): handleInetConditionHoldEnd: net=1, condition=100, published condition=100
04-23 18:49:32.070 D/PowerManagerService(  452): mHoldBootFastWakeLock = false
04-23 18:49:32.150 D/ConnectivityService(  452): Sampling interval elapsed, updating statistics ..
04-23 18:49:32.150 D/ConnectivityService(  452): Done.
04-23 18:49:32.150 D/ConnectivityService(  452): Setting timer for 720seconds
04-23 18:49:32.240 I/ActivityManager(  452): Delay finish: com.google.android.gsf/.checkin.EventLogService$Receiver
04-23 18:49:32.300 I/ActivityManager(  452): Resuming delayed broadcast
04-23 18:49:33.010 D/ConnectivityService(  452): handleInetConditionHoldEnd: net=1, condition=100, published condition=100
04-23 19:33:33.230 D/PowerManagerService(  452): mHoldBootFastWakeLock = false
04-23 19:33:33.300 D/ConnectivityService(  452): Sampling interval elapsed, updating statistics ..
04-23 19:33:33.340 D/ConnectivityService(  452): Done.
04-23 19:33:33.340 D/ConnectivityService(  452): Setting timer for 720seconds
04-23 19:33:33.430 I/ActivityManager(  452): Delay finish: com.google.android.gsf/.checkin.EventLogService$Receiver
04-23 19:33:33.490 I/ActivityManager(  452): Resuming delayed broadcast
04-23 19:33:34.100 D/ConnectivityService(  452): Captive portal check NetworkInfo: type: WIFI[], state: CONNECTING/CAPTIVE_PORTAL_CHECK, reason: (unspecified), extra: "XP-3f", roaming: false, failover: false, isAvailable: true, isConnectedToProvisioningNetwork: false
04-23 19:33:34.100 D/ConnectivityService(  452): handleCaptivePortalTrackerCheck: call captivePortalCheckComplete ni=NetworkInfo: type: WIFI[], state: CONNECTING/CAPTIVE_PORTAL_CHECK, reason: (unspecified), extra: "XP-3f", roaming: false, failover: false, isAvailable: true, isConnectedToProvisioningNetwork: false
04-23 19:33:34.100 D/ConnectivityService(  452): Captive portal check NetworkInfo: type: WIFI[], state: CONNECTING/CAPTIVE_PORTAL_CHECK, reason: (unspecified), extra: "XP-3f", roaming: false, failover: false, isAvailable: true, isConnectedToProvisioningNetwork: false
04-23 19:33:34.100 D/ConnectivityService(  452): handleCaptivePortalTrackerCheck: call captivePortalCheckComplete ni=NetworkInfo: type: WIFI[], state: CONNECTING/CAPTIVE_PORTAL_CHECK, reason: (unspecified), extra: "XP-3f", roaming: false, failover: false, isAvailable: true, isConnectedToProvisioningNetwork: false
04-23 19:33:34.120 D/ConnectivityService(  452): ConnectivityChange for WIFI: CONNECTED/CONNECTED
04-23 19:33:34.130 E/ConnectivityService(  452): Unexpected mtu value: android.net.wifi.WifiStateTracker@42240148
04-23 19:33:34.150 D/ConnectivityService(  452): handleConnectivityChange: address are the same reset per doReset linkProperty[1]: resetMask=0
04-23 19:33:34.150 D/Nat464Xlat(  452): requiresClat: netType=1, hasIPv4Address=true
04-23 19:33:34.150 D/ConnectivityService(  452): ConnectivityChange for WIFI: CONNECTED/CONNECTED
04-23 19:33:34.170 E/ConnectivityService(  452): Unexpected mtu value: android.net.wifi.WifiStateTracker@42240148
04-23 19:33:34.180 D/ConnectivityService(  452): handleConnectivityChange: address are the same reset per doReset linkProperty[1]: resetMask=0
04-23 19:33:34.180 D/Nat464Xlat(  452): requiresClat: netType=1, hasIPv4Address=true
04-23 19:33:34.180 D/ConnectivityService(  452): handleInetConditionHoldEnd: net=1, condition=100, published condition=0
04-23 19:33:34.180 D/ConnectivityService(  452): handleInetConditionHoldEnd: event hold for obsolete network - ignoring
04-23 19:33:35.130 D/ConnectivityService(  452): NetTransition Wakelock for ConnectedState released by timeout
04-23 19:33:37.840 D/ConnectivityService(  452): handleInetConditionHoldEnd: net=1, condition=100, published condition=0
04-23 19:33:38.410 W/ProcessCpuTracker(  452): Skipping unknown process pid 31561
04-23 19:49:31.050 D/PowerManagerService(  452): mHoldBootFastWakeLock = false
04-23 19:49:31.080 D/ConnectivityService(  452): Sampling interval elapsed, updating statistics ..
04-23 19:49:31.090 D/ConnectivityService(  452): Done.
04-23 19:49:31.090 D/ConnectivityService(  452): Setting timer for 720seconds
04-23 19:49:31.840 D/ConnectivityService(  452): handleInetConditionHoldEnd: net=1, condition=100, published condition=100
04-23 20:49:32.070 D/PowerManagerService(  452): mHoldBootFastWakeLock = false
04-23 20:49:32.110 D/ConnectivityService(  452): Sampling interval elapsed, updating statistics ..
04-23 20:49:32.120 D/ConnectivityService(  452): Done.
04-23 20:49:32.120 D/ConnectivityService(  452): Setting timer for 720seconds
04-23 20:49:32.160 I/ActivityManager(  452): Delay finish: com.google.android.gsf/.checkin.EventLogService$Receiver
04-23 20:49:32.230 I/ActivityManager(  452): Resuming delayed broadcast
04-23 20:49:40.060 D/PowerManagerService(  452): mHoldBootFastWakeLock = false
04-23 20:49:43.090 D/ConnectivityService(  452): handleInetConditionHoldEnd: net=1, condition=0, published condition=100
04-23 21:49:32.060 D/PowerManagerService(  452): mHoldBootFastWakeLock = false
04-23 21:49:32.120 D/ConnectivityService(  452): Sampling interval elapsed, updating statistics ..
04-23 21:49:32.130 D/ConnectivityService(  452): Done.
04-23 21:49:32.130 D/ConnectivityService(  452): Setting timer for 720seconds
04-23 21:49:32.200 I/ActivityManager(  452): Delay finish: com.google.android.gsf/.checkin.EventLogService$Receiver
04-23 21:49:32.270 I/ActivityManager(  452): Resuming delayed broadcast
04-23 21:49:33.000 D/ConnectivityService(  452): Captive portal check NetworkInfo: type: WIFI[], state: CONNECTING/CAPTIVE_PORTAL_CHECK, reason: (unspecified), extra: "XP-3f", roaming: false, failover: false, isAvailable: true, isConnectedToProvisioningNetwork: false
04-23 21:49:33.000 D/ConnectivityService(  452): handleCaptivePortalTrackerCheck: call captivePortalCheckComplete ni=NetworkInfo: type: WIFI[], state: CONNECTING/CAPTIVE_PORTAL_CHECK, reason: (unspecified), extra: "XP-3f", roaming: false, failover: false, isAvailable: true, isConnectedToProvisioningNetwork: false
04-23 21:49:33.000 D/ConnectivityService(  452): Captive portal check NetworkInfo: type: WIFI[], state: CONNECTING/CAPTIVE_PORTAL_CHECK, reason: (unspecified), extra: "XP-3f", roaming: false, failover: false, isAvailable: true, isConnectedToProvisioningNetwork: false
04-23 21:49:33.000 D/ConnectivityService(  452): handleCaptivePortalTrackerCheck: call captivePortalCheckComplete ni=NetworkInfo: type: WIFI[], state: CONNECTING/CAPTIVE_PORTAL_CHECK, reason: (unspecified), extra: "XP-3f", roaming: false, failover: false, isAvailable: true, isConnectedToProvisioningNetwork: false
04-23 21:49:33.020 D/ConnectivityService(  452): ConnectivityChange for WIFI: CONNECTED/CONNECTED
04-23 21:49:33.050 E/ConnectivityService(  452): Unexpected mtu value: android.net.wifi.WifiStateTracker@42240148
04-23 21:49:33.060 D/ConnectivityService(  452): handleConnectivityChange: address are the same reset per doReset linkProperty[1]: resetMask=0
04-23 21:49:33.060 D/Nat464Xlat(  452): requiresClat: netType=1, hasIPv4Address=true
04-23 21:49:33.070 D/ConnectivityService(  452): ConnectivityChange for WIFI: CONNECTED/CONNECTED
04-23 21:49:33.080 E/ConnectivityService(  452): Unexpected mtu value: android.net.wifi.WifiStateTracker@42240148
04-23 21:49:33.100 D/ConnectivityService(  452): handleConnectivityChange: address are the same reset per doReset linkProperty[1]: resetMask=0
04-23 21:49:33.100 D/Nat464Xlat(  452): requiresClat: netType=1, hasIPv4Address=true
04-23 21:49:34.040 D/ConnectivityService(  452): NetTransition Wakelock for ConnectedState released by timeout
04-23 21:49:43.890 D/ConnectivityService(  452): handleInetConditionHoldEnd: net=1, condition=100, published condition=0
04-23 22:49:31.120 D/PowerManagerService(  452): mHoldBootFastWakeLock = false
04-23 22:49:31.200 D/ConnectivityService(  452): Sampling interval elapsed, updating statistics ..
04-23 22:49:31.200 D/ConnectivityService(  452): Done.
04-23 22:49:31.200 D/ConnectivityService(  452): Setting timer for 720seconds
04-23 22:49:31.300 I/ActivityManager(  452): Delay finish: com.google.android.gsf/.checkin.EventLogService$Receiver
04-23 22:49:31.350 I/ActivityManager(  452): Resuming delayed broadcast
04-23 22:49:36.260 W/ProcessCpuTracker(  452): Skipping unknown process pid 31636
04-23 22:49:43.130 D/ConnectivityService(  452): handleInetConditionHoldEnd: net=1, condition=0, published condition=100
04-23 22:49:57.230 D/ConnectivityService(  452): handleInetConditionHoldEnd: net=1, condition=100, published condition=0
04-23 22:50:31.150 D/PowerManagerService(  452): mHoldBootFastWakeLock = false
04-23 22:50:43.890 D/PowerManagerService(  452): mHoldBootFastWakeLock = false
04-23 22:53:52.050 D/PowerManagerService(  452): mHoldBootFastWakeLock = false
04-23 23:49:31.060 D/PowerManagerService(  452): mHoldBootFastWakeLock = false
04-23 23:49:31.090 D/ConnectivityService(  452): Sampling interval elapsed, updating statistics ..
04-23 23:49:31.100 D/ConnectivityService(  452): Done.
04-23 23:49:31.100 D/ConnectivityService(  452): Setting timer for 720seconds
04-23 23:49:31.210 I/ActivityManager(  452): Delay finish: com.google.android.gsf/.checkin.EventLogService$Receiver
04-23 23:49:31.260 I/ActivityManager(  452): Resuming delayed broadcast
04-23 23:49:31.900 D/ConnectivityService(  452): Captive portal check NetworkInfo: type: WIFI[], state: CONNECTING/CAPTIVE_PORTAL_CHECK, reason: (unspecified), extra: "XP-3f", roaming: false, failover: false, isAvailable: true, isConnectedToProvisioningNetwork: false
04-23 23:49:31.900 D/ConnectivityService(  452): handleCaptivePortalTrackerCheck: call captivePortalCheckComplete ni=NetworkInfo: type: WIFI[], state: CONNECTING/CAPTIVE_PORTAL_CHECK, reason: (unspecified), extra: "XP-3f", roaming: false, failover: false, isAvailable: true, isConnectedToProvisioningNetwork: false
04-23 23:49:31.900 D/ConnectivityService(  452): Captive portal check NetworkInfo: type: WIFI[], state: CONNECTING/CAPTIVE_PORTAL_CHECK, reason: (unspecified), extra: "XP-3f", roaming: false, failover: false, isAvailable: true, isConnectedToProvisioningNetwork: false
04-23 23:49:31.900 D/ConnectivityService(  452): handleCaptivePortalTrackerCheck: call captivePortalCheckComplete ni=NetworkInfo: type: WIFI[], state: CONNECTING/CAPTIVE_PORTAL_CHECK, reason: (unspecified), extra: "XP-3f", roaming: false, failover: false, isAvailable: true, isConnectedToProvisioningNetwork: false
04-23 23:49:31.930 D/ConnectivityService(  452): ConnectivityChange for WIFI: CONNECTED/CONNECTED
04-23 23:49:31.930 E/ConnectivityService(  452): Unexpected mtu value: android.net.wifi.WifiStateTracker@42240148
04-23 23:49:31.960 D/ConnectivityService(  452): handleConnectivityChange: address are the same reset per doReset linkProperty[1]: resetMask=0
04-23 23:49:31.960 D/Nat464Xlat(  452): requiresClat: netType=1, hasIPv4Address=true
04-23 23:49:31.970 D/ConnectivityService(  452): ConnectivityChange for WIFI: CONNECTED/CONNECTED
04-23 23:49:31.980 E/ConnectivityService(  452): Unexpected mtu value: android.net.wifi.WifiStateTracker@42240148
04-23 23:49:32.020 D/ConnectivityService(  452): handleConnectivityChange: address are the same reset per doReset linkProperty[1]: resetMask=0
04-23 23:49:32.030 D/Nat464Xlat(  452): requiresClat: netType=1, hasIPv4Address=true
04-23 23:49:32.040 D/ConnectivityService(  452): handleInetConditionHoldEnd: net=1, condition=100, published condition=0
04-23 23:49:32.040 D/ConnectivityService(  452): handleInetConditionHoldEnd: event hold for obsolete network - ignoring
04-23 23:49:32.940 D/ConnectivityService(  452): NetTransition Wakelock for ConnectedState released by timeout
04-23 23:49:35.670 D/ConnectivityService(  452): handleInetConditionHoldEnd: net=1, condition=100, published condition=0
04-23 23:52:44.060 W/ProcessCpuTracker(  452): Skipping unknown process pid 31702
04-23 23:52:44.060 W/ProcessCpuTracker(  452): Skipping unknown process pid 31703
04-23 23:52:44.060 W/ProcessCpuTracker(  452): Skipping unknown process pid 31704
04-23 23:52:44.100 D/PowerManagerService(  452): mHoldBootFastWakeLock = false
04-23 23:52:47.060 D/ConnectivityService(  452): handleInetConditionHoldEnd: net=1, condition=0, published condition=100
04-23 23:52:51.790 D/ConnectivityService(  452): handleInetConditionHoldEnd: net=1, condition=100, published condition=0
04-23 23:53:01.050 D/PowerManagerService(  452): mHoldBootFastWakeLock = false
04-23 23:53:11.040 D/PowerManagerService(  452): mHoldBootFastWakeLock = false
04-23 23:53:21.070 D/PowerManagerService(  452): mHoldBootFastWakeLock = false
04-23 23:53:30.070 D/PowerManagerService(  452): mHoldBootFastWakeLock = false
04-23 23:53:41.070 D/PowerManagerService(  452): mHoldBootFastWakeLock = false
04-24 00:49:31.100 D/PowerManagerService(  452): mHoldBootFastWakeLock = false
04-24 00:49:31.170 D/ConnectivityService(  452): Sampling interval elapsed, updating statistics ..
04-24 00:49:31.170 D/ConnectivityService(  452): Done.
04-24 00:49:31.170 D/ConnectivityService(  452): Setting timer for 720seconds
04-24 00:49:31.250 I/ActivityManager(  452): Start proc com.android.providers.calendar for content provider com.android.providers.calendar/.CalendarProvider2: pid=31729 uid=10001 gids={50001, 3003, 1028, 1015}
04-24 00:49:31.340 I/ActivityManager(  452): Delay finish: com.google.android.gsf/.checkin.EventLogService$Receiver
04-24 00:49:31.430 I/ActivityManager(  452): Resuming delayed broadcast
04-24 00:49:31.500 I/ActivityManager(  452): Delay finish: com.google.android.calendar/com.android.calendar.widget.CalendarAppWidgetProvider
04-24 00:49:32.480 I/ActivityManager(  452): Resuming delayed broadcast
04-24 00:49:32.530 I/ActivityManager(  452): Delay finish: com.google.android.calendar/com.android.calendar.alerts.AlertReceiver
04-24 00:49:35.820 D/ConnectivityService(  452): handleInetConditionHoldEnd: net=1, condition=100, published condition=100
04-24 00:49:37.720 I/ActivityManager(  452): Resuming delayed broadcast
04-24 00:49:37.730 I/ActivityManager(  452): Killing 24818:com.google.android.gms.ui/u0a7 (adj 15): empty for 6216s
04-24 01:01:28.050 D/PowerManagerService(  452): mHoldBootFastWakeLock = false
04-24 01:01:31.190 D/ConnectivityService(  452): Sampling interval elapsed, updating statistics ..
04-24 01:01:31.360 D/ConnectivityService(  452): Done.
04-24 01:01:31.360 D/ConnectivityService(  452): Setting timer for 720seconds
04-24 01:49:31.060 D/PowerManagerService(  452): mHoldBootFastWakeLock = false
04-24 01:49:31.090 D/ConnectivityService(  452): Sampling interval elapsed, updating statistics ..
04-24 01:49:31.090 D/ConnectivityService(  452): Done.
04-24 01:49:31.090 D/ConnectivityService(  452): Setting timer for 720seconds
04-24 01:49:31.180 I/ActivityManager(  452): Delay finish: com.google.android.gsf/.checkin.EventLogService$Receiver
04-24 01:49:31.230 I/ActivityManager(  452): Resuming delayed broadcast
04-24 01:49:31.810 D/ConnectivityService(  452): Captive portal check NetworkInfo: type: WIFI[], state: CONNECTING/CAPTIVE_PORTAL_CHECK, reason: (unspecified), extra: "XP-3f", roaming: false, failover: false, isAvailable: true, isConnectedToProvisioningNetwork: false
04-24 01:49:31.810 D/ConnectivityService(  452): handleCaptivePortalTrackerCheck: call captivePortalCheckComplete ni=NetworkInfo: type: WIFI[], state: CONNECTING/CAPTIVE_PORTAL_CHECK, reason: (unspecified), extra: "XP-3f", roaming: false, failover: false, isAvailable: true, isConnectedToProvisioningNetwork: false
04-24 01:49:31.810 D/ConnectivityService(  452): Captive portal check NetworkInfo: type: WIFI[], state: CONNECTING/CAPTIVE_PORTAL_CHECK, reason: (unspecified), extra: "XP-3f", roaming: false, failover: false, isAvailable: true, isConnectedToProvisioningNetwork: false
04-24 01:49:31.810 D/ConnectivityService(  452): handleCaptivePortalTrackerCheck: call captivePortalCheckComplete ni=NetworkInfo: type: WIFI[], state: CONNECTING/CAPTIVE_PORTAL_CHECK, reason: (unspecified), extra: "XP-3f", roaming: false, failover: false, isAvailable: true, isConnectedToProvisioningNetwork: false
04-24 01:49:31.830 D/ConnectivityService(  452): ConnectivityChange for WIFI: CONNECTED/CONNECTED
04-24 01:49:31.850 E/ConnectivityService(  452): Unexpected mtu value: android.net.wifi.WifiStateTracker@42240148
04-24 01:49:31.890 D/ConnectivityService(  452): handleConnectivityChange: address are the same reset per doReset linkProperty[1]: resetMask=0
04-24 01:49:31.890 D/Nat464Xlat(  452): requiresClat: netType=1, hasIPv4Address=true
04-24 01:49:31.900 D/ConnectivityService(  452): ConnectivityChange for WIFI: CONNECTED/CONNECTED
04-24 01:49:31.930 E/ConnectivityService(  452): Unexpected mtu value: android.net.wifi.WifiStateTracker@42240148
04-24 01:49:31.990 D/ConnectivityService(  452): handleConnectivityChange: address are the same reset per doReset linkProperty[1]: resetMask=0
04-24 01:49:31.990 D/Nat464Xlat(  452): requiresClat: netType=1, hasIPv4Address=true
04-24 01:49:32.850 D/ConnectivityService(  452): NetTransition Wakelock for ConnectedState released by timeout
04-24 01:49:32.890 D/ConnectivityService(  452): handleInetConditionHoldEnd: net=1, condition=100, published condition=0
04-24 01:49:35.560 D/ConnectivityService(  452): handleInetConditionHoldEnd: net=1, condition=100, published condition=100
04-24 02:49:31.060 W/ProcessCpuTracker(  452): Skipping unknown process pid 31793
04-24 02:49:31.060 W/ProcessCpuTracker(  452): Skipping unknown process pid 31794
04-24 02:49:31.060 W/ProcessCpuTracker(  452): Skipping unknown process pid 31795
04-24 02:49:31.060 W/ProcessCpuTracker(  452): Skipping unknown process pid 31796
04-24 02:49:31.070 D/PowerManagerService(  452): mHoldBootFastWakeLock = false
04-24 02:49:31.130 D/ConnectivityService(  452): Sampling interval elapsed, updating statistics ..
04-24 02:49:31.130 D/ConnectivityService(  452): Done.
04-24 02:49:31.130 D/ConnectivityService(  452): Setting timer for 720seconds
04-24 02:49:31.220 I/ActivityManager(  452): Delay finish: com.google.android.gsf/.checkin.EventLogService$Receiver
04-24 02:49:31.290 I/ActivityManager(  452): Resuming delayed broadcast
04-24 03:49:32.130 D/PowerManagerService(  452): mHoldBootFastWakeLock = false
04-24 03:49:32.290 D/ConnectivityService(  452): Sampling interval elapsed, updating statistics ..
04-24 03:49:32.300 D/ConnectivityService(  452): Done.
04-24 03:49:32.300 D/ConnectivityService(  452): Setting timer for 720seconds
04-24 03:49:32.330 I/ActivityManager(  452): Delay finish: com.google.android.gsf/.checkin.EventLogService$Receiver
04-24 03:49:32.390 I/ActivityManager(  452): Resuming delayed broadcast
04-24 03:49:33.220 D/ConnectivityService(  452): Captive portal check NetworkInfo: type: WIFI[], state: CONNECTING/CAPTIVE_PORTAL_CHECK, reason: (unspecified), extra: "XP-3f", roaming: false, failover: false, isAvailable: true, isConnectedToProvisioningNetwork: false
04-24 03:49:33.220 D/ConnectivityService(  452): handleCaptivePortalTrackerCheck: call captivePortalCheckComplete ni=NetworkInfo: type: WIFI[], state: CONNECTING/CAPTIVE_PORTAL_CHECK, reason: (unspecified), extra: "XP-3f", roaming: false, failover: false, isAvailable: true, isConnectedToProvisioningNetwork: false
04-24 03:49:33.220 D/ConnectivityService(  452): Captive portal check NetworkInfo: type: WIFI[], state: CONNECTING/CAPTIVE_PORTAL_CHECK, reason: (unspecified), extra: "XP-3f", roaming: false, failover: false, isAvailable: true, isConnectedToProvisioningNetwork: false
04-24 03:49:33.220 D/ConnectivityService(  452): handleCaptivePortalTrackerCheck: call captivePortalCheckComplete ni=NetworkInfo: type: WIFI[], state: CONNECTING/CAPTIVE_PORTAL_CHECK, reason: (unspecified), extra: "XP-3f", roaming: false, failover: false, isAvailable: true, isConnectedToProvisioningNetwork: false
04-24 03:49:33.240 D/ConnectivityService(  452): ConnectivityChange for WIFI: CONNECTED/CONNECTED
04-24 03:49:33.250 E/ConnectivityService(  452): Unexpected mtu value: android.net.wifi.WifiStateTracker@42240148
04-24 03:49:33.270 D/ConnectivityService(  452): handleConnectivityChange: address are the same reset per doReset linkProperty[1]: resetMask=0
04-24 03:49:33.270 D/Nat464Xlat(  452): requiresClat: netType=1, hasIPv4Address=true
04-24 03:49:33.280 D/ConnectivityService(  452): ConnectivityChange for WIFI: CONNECTED/CONNECTED
04-24 03:49:33.290 E/ConnectivityService(  452): Unexpected mtu value: android.net.wifi.WifiStateTracker@42240148
04-24 03:49:33.300 D/ConnectivityService(  452): handleConnectivityChange: address are the same reset per doReset linkProperty[1]: resetMask=0
04-24 03:49:33.300 D/Nat464Xlat(  452): requiresClat: netType=1, hasIPv4Address=true
04-24 03:49:33.300 D/ConnectivityService(  452): handleInetConditionHoldEnd: net=1, condition=0, published condition=0
04-24 03:49:33.300 D/ConnectivityService(  452): handleInetConditionHoldEnd: event hold for obsolete network - ignoring
04-24 03:49:34.250 D/ConnectivityService(  452): NetTransition Wakelock for ConnectedState released by timeout
04-24 03:49:41.050 D/PowerManagerService(  452): mHoldBootFastWakeLock = false
--------- beginning of /dev/log/main
04-24 04:49:30.040 I/wpa_supplicant(  513): wlan0: WPA: Group rekeying completed with a4:93:4c:b1:4a:5f [GTK=CCMP]
04-24 04:49:30.050 D/PowerManagerService(  452): mHoldBootFastWakeLock = false
04-24 04:49:30.120 D/ConnectivityService(  452): Sampling interval elapsed, updating statistics ..
04-24 04:49:30.130 D/ConnectivityService(  452): Done.
04-24 04:49:30.130 D/ConnectivityService(  452): Setting timer for 720seconds
04-24 04:49:30.190 W/CallerInfoCache(  625): Previous cache task is remaining.
04-24 04:49:30.220 I/ActivityManager(  452): Delay finish: com.google.android.gsf/.checkin.EventLogService$Receiver
04-24 04:49:30.230 I/EventLogService(  824): Aggregate from 1398282572350 (log), 1398282572350 (data)
04-24 04:49:30.310 I/ActivityManager(  452): Resuming delayed broadcast
04-24 04:49:33.720 D/dalvikvm(  452): GC_FOR_ALLOC freed 1308K, 14% free 10279K/11824K, paused 101ms, total 103ms
04-24 04:49:39.810 D/GCM     (  824): Connected
04-24 04:49:39.870 I/GCM     (  824): GCM message com.google.android.gsf.gtalkservice 
04-24 04:49:39.920 D/GCM     (  824): Message class fon
04-24 04:49:40.360 D/ConnectivityService(  452): handleInetConditionHoldEnd: net=1, condition=100, published condition=0
04-24 04:50:22.860 I/System.out( 1343): passive
04-24 04:50:22.860 I/System.out( 1343): gps
04-24 04:50:22.860 I/System.out( 1343): network
04-24 04:50:30.100 D/PowerManagerService(  452): mHoldBootFastWakeLock = false
04-24 04:50:45.440 D/dalvikvm(  452): GC_FOR_ALLOC freed 693K, 14% free 10227K/11824K, paused 100ms, total 103ms
04-24 04:51:30.170 D/PowerManagerService(  452): mHoldBootFastWakeLock = false
04-24 05:49:30.040 I/wpa_supplicant(  513): wlan0: WPA: Group rekeying completed with a4:93:4c:b1:4a:5f [GTK=CCMP]
04-24 05:49:30.060 D/PowerManagerService(  452): mHoldBootFastWakeLock = false
04-24 05:49:30.090 D/ConnectivityService(  452): Sampling interval elapsed, updating statistics ..
04-24 05:49:30.100 D/ConnectivityService(  452): Done.
04-24 05:49:30.100 D/ConnectivityService(  452): Setting timer for 720seconds
04-24 05:49:30.170 I/ActivityManager(  452): Delay finish: com.google.android.gsf/.checkin.EventLogService$Receiver
04-24 05:49:30.180 I/EventLogService(  824): Aggregate from 1398286170241 (log), 1398286170241 (data)
04-24 05:49:30.240 D/dalvikvm(  824): GC_FOR_ALLOC freed 246K, 10% free 5094K/5644K, paused 19ms, total 20ms
04-24 05:49:30.250 I/ActivityManager(  452): Resuming delayed broadcast
04-24 05:49:30.400 E/wpa_supplicant(  513): wpa_driver_nl80211_driver_cmd: failed to issue private commands
04-24 05:49:30.400 E/WifiStateMachine(  452): Unexpected BatchedScanResults :null
04-24 05:49:30.420 E/wpa_supplicant(  513): wpa_driver_nl80211_driver_cmd: failed to issue private commands
04-24 05:49:30.510 D/GCM     (  824): Message class fog
04-24 05:49:30.900 D/WifiStateMachine(  452): VerifyingLinkState enter
04-24 05:49:30.910 D/WifiStateMachine(  452): VerifyingLinkState GOOD_LINK_DETECTED: transition to captive portal check
04-24 05:49:30.920 D/WifiStateMachine(  452): CaptivePortalCheckState enter
04-24 05:49:30.920 D/ConnectivityService(  452): Captive portal check NetworkInfo: type: WIFI[], state: CONNECTING/CAPTIVE_PORTAL_CHECK, reason: (unspecified), extra: "XP-3f", roaming: false, failover: false, isAvailable: true, isConnectedToProvisioningNetwork: false
04-24 05:49:30.930 D/WifiStateMachine(  452): CaptivePortalCheckState CMD_CAPTIVE_CHECK_COMPLETE
04-24 05:49:30.930 D/ConnectivityService(  452): handleCaptivePortalTrackerCheck: call captivePortalCheckComplete ni=NetworkInfo: type: WIFI[], state: CONNECTING/CAPTIVE_PORTAL_CHECK, reason: (unspecified), extra: "XP-3f", roaming: false, failover: false, isAvailable: true, isConnectedToProvisioningNetwork: false
04-24 05:49:30.930 D/ConnectivityService(  452): Captive portal check NetworkInfo: type: WIFI[], state: CONNECTING/CAPTIVE_PORTAL_CHECK, reason: (unspecified), extra: "XP-3f", roaming: false, failover: false, isAvailable: true, isConnectedToProvisioningNetwork: false
04-24 05:49:30.930 D/ConnectivityService(  452): handleCaptivePortalTrackerCheck: call captivePortalCheckComplete ni=NetworkInfo: type: WIFI[], state: CONNECTING/CAPTIVE_PORTAL_CHECK, reason: (unspecified), extra: "XP-3f", roaming: false, failover: false, isAvailable: true, isConnectedToProvisioningNetwork: false
04-24 05:49:30.940 D/ConnectivityService(  452): ConnectivityChange for WIFI: CONNECTED/CONNECTED
04-24 05:49:30.960 E/ConnectivityService(  452): Unexpected mtu value: android.net.wifi.WifiStateTracker@42240148
04-24 05:49:30.970 D/ConnectivityService(  452): handleConnectivityChange: address are the same reset per doReset linkProperty[1]: resetMask=0
04-24 05:49:30.970 D/Nat464Xlat(  452): requiresClat: netType=1, hasIPv4Address=true
04-24 05:49:30.980 D/ConnectivityService(  452): ConnectivityChange for WIFI: CONNECTED/CONNECTED
04-24 05:49:30.990 E/ConnectivityService(  452): Unexpected mtu value: android.net.wifi.WifiStateTracker@42240148
04-24 05:49:31.000 D/ConnectivityService(  452): handleConnectivityChange: address are the same reset per doReset linkProperty[1]: resetMask=0
04-24 05:49:31.000 D/Nat464Xlat(  452): requiresClat: netType=1, hasIPv4Address=true
04-24 05:49:31.020 D/ConnectivityService(  452): handleInetConditionHoldEnd: net=1, condition=100, published condition=0
04-24 05:49:31.020 D/ConnectivityService(  452): handleInetConditionHoldEnd: event hold for obsolete network - ignoring
04-24 05:49:31.950 D/ConnectivityService(  452): NetTransition Wakelock for ConnectedState released by timeout
04-24 05:49:33.760 D/dalvikvm(  452): GC_FOR_ALLOC freed 1171K, 14% free 10250K/11824K, paused 242ms, total 242ms
04-24 05:49:33.990 D/Tethering(  452): MasterInitialState.processMessage what=3
04-24 05:49:34.040 I/DeviceInfoService(  452): wifi on
04-24 05:49:34.040 I/DeviceInfoService(  452): onReceive BroadcastReceiver
04-24 05:49:34.040 D/OtaService(  452): onreceive action = android.net.conn.CONNECTIVITY_CHANGE
04-24 05:49:34.040 I/OtaService(  452): onReceive BroadcastReceiver
04-24 05:49:34.060 D/Tethering(  452): MasterInitialState.processMessage what=3
04-24 05:49:34.070 I/DeviceInfoService(  452): wifi on
04-24 05:49:34.070 I/DeviceInfoService(  452): onReceive BroadcastReceiver
04-24 05:49:34.070 D/OtaService(  452): onreceive action = android.net.conn.CONNECTIVITY_CHANGE
04-24 05:49:34.070 I/OtaService(  452): onReceive BroadcastReceiver
04-24 05:49:34.110 D/GCM     (  824): GcmService start Intent { act=android.net.conn.CONNECTIVITY_CHANGE flg=0x4000010 cmp=com.google.android.gms/.gcm.GcmService (has extras) } android.net.conn.CONNECTIVITY_CHANGE
04-24 05:49:34.180 D/        ( 1343): intervalx=63298707
04-24 05:49:34.210 D/GCM     (  824): GcmService start Intent { act=android.net.conn.CONNECTIVITY_CHANGE flg=0x4000010 cmp=com.google.android.gms/.gcm.GcmService (has extras) } android.net.conn.CONNECTIVITY_CHANGE
04-24 05:49:34.250 D/        ( 1343): intervalx=63298782
04-24 05:49:34.630 D/ConnectivityService(  452): handleInetConditionHoldEnd: net=1, condition=100, published condition=0
04-24 05:49:36.070 D/PowerManagerService(  452): mHoldBootFastWakeLock = false
04-24 06:49:30.040 I/wpa_supplicant(  513): wlan0: WPA: Group rekeying completed with a4:93:4c:b1:4a:5f [GTK=CCMP]
04-24 06:49:30.090 D/PowerManagerService(  452): mHoldBootFastWakeLock = false
04-24 06:49:30.130 D/SensorManager(  789): >>>>>>> set discard sensrtime =3
04-24 06:49:30.150 D/SensorManager(  789): discard gsensor data ...
04-24 06:49:30.170 D/SensorManager(  789): discard gsensor data ...
04-24 06:49:30.170 D/ConnectivityService(  452): Sampling interval elapsed, updating statistics ..
04-24 06:49:30.180 D/ConnectivityService(  452): Done.
04-24 06:49:30.180 D/ConnectivityService(  452): Setting timer for 720seconds
04-24 06:49:30.210 D/dalvikvm( 1259): GC_CONCURRENT freed 462K, 11% free 4572K/5108K, paused 1ms+5ms, total 20ms
04-24 06:49:30.230 D/SensorManager(  789): discard gsensor data ...
04-24 06:49:30.260 I/LatinIME:LogUtils(  611): Dictionary info: dictionary = UserHistoryDictionary.en_US.dic ; version = ? ; date = 1398293370
04-24 06:49:30.270 I/ActivityManager(  452): Delay finish: com.google.android.gsf/.checkin.EventLogService$Receiver
