04-25 09:03:03.030 W/ResourceType(  637): No known package when getting name for resource number 0x9b040400
04-25 09:03:03.030 W/ResourceType(  637): No known package when getting name for resource number 0x9b050500
04-25 09:03:03.030 W/ResourceType(  637): No known package when getting name for resource number 0x9b060600
04-25 09:03:04.050 W/ResourceType(  637): No known package when getting name for resource number 0x9c010100
04-25 09:03:04.060 W/ResourceType(  637): No known package when getting name for resource number 0x9b000000
04-25 09:03:04.060 W/ResourceType(  637): No known package when getting name for resource number 0x9b010100
04-25 09:03:04.060 W/ResourceType(  637): No known package when getting name for resource number 0x9b020200
04-25 09:03:04.060 W/ResourceType(  637): No known package when getting name for resource number 0x9b040400
04-25 09:03:04.060 W/ResourceType(  637): No known package when getting name for resource number 0x9b050500
04-25 09:03:04.060 W/ResourceType(  637): No known package when getting name for resource number 0x9b060600
04-25 09:03:05.080 W/ResourceType(  637): No known package when getting name for resource number 0x9c010100
04-25 09:03:05.080 W/ResourceType(  637): No known package when getting name for resource number 0x9b000000
04-25 09:03:05.080 W/ResourceType(  637): No known package when getting name for resource number 0x9b010100
04-25 09:03:05.090 W/ResourceType(  637): No known package when getting name for resource number 0x9b020200
04-25 09:03:05.090 W/ResourceType(  637): No known package when getting name for resource number 0x9b040400
04-25 09:03:05.090 W/ResourceType(  637): No known package when getting name for resource number 0x9b050500
04-25 09:03:05.090 W/ResourceType(  637): No known package when getting name for resource number 0x9b060600
04-25 09:03:06.110 W/ResourceType(  637): No known package when getting name for resource number 0x9c010100
04-25 09:03:06.110 W/ResourceType(  637): No known package when getting name for resource number 0x9b000000
04-25 09:03:06.110 W/ResourceType(  637): No known package when getting name for resource number 0x9b010100
04-25 09:03:06.120 W/ResourceType(  637): No known package when getting name for resource number 0x9b020200
04-25 09:03:06.120 W/ResourceType(  637): No known package when getting name for resource number 0x9b040400
04-25 09:03:06.120 W/ResourceType(  637): No known package when getting name for resource number 0x9b050500
04-25 09:03:06.120 W/ResourceType(  637): No known package when getting name for resource number 0x9b060600
04-25 09:03:06.390 D/dalvikvm(  452): GC_FOR_ALLOC freed 928K, 14% free 10445K/12052K, paused 102ms, total 104ms
04-25 09:03:07.140 W/ResourceType(  637): No known package when getting name for resource number 0x9c010100
04-25 09:03:07.150 W/ResourceType(  637): No known package when getting name for resource number 0x9b000000
04-25 09:03:07.150 W/ResourceType(  637): No known package when getting name for resource number 0x9b010100
04-25 09:03:07.150 W/ResourceType(  637): No known package when getting name for resource number 0x9b020200
04-25 09:03:07.180 W/ResourceType(  637): No known package when getting name for resource number 0x9b040400
04-25 09:03:07.180 W/ResourceType(  637): No known package when getting name for resource number 0x9b050500
04-25 09:03:07.180 W/ResourceType(  637): No known package when getting name for resource number 0x9b060600
04-25 09:03:07.200 E/JavaBinder(  637): !!! FAILED BINDER TRANSACTION !!!
04-25 09:03:07.250 W/BinderNative(  452): Uncaught exception from death notification
04-25 09:03:07.250 W/BinderNative(  452): java.lang.NullPointerException
04-25 09:03:07.250 W/BinderNative(  452): 	at com.android.server.accessibility.AccessibilityManagerService$UserState$1.binderDied(AccessibilityManagerService.java:2964)
04-25 09:03:07.250 W/BinderNative(  452): 	at android.os.BinderProxy.sendDeathNotice(Binder.java:493)
04-25 09:03:07.250 W/BinderNative(  452): 	at dalvik.system.NativeStart.run(Native Method)
04-25 09:03:08.680 D/AndroidRuntime( 1036): 
04-25 09:03:08.680 D/AndroidRuntime( 1036): >>>>>> AndroidRuntime START com.android.internal.os.RuntimeInit <<<<<<
04-25 09:03:08.680 D/AndroidRuntime( 1036): CheckJNI is OFF
04-25 09:03:08.780 D/dalvikvm( 1036): Trying to load lib libjavacore.so 0x0
04-25 09:03:08.790 D/dalvikvm( 1036): Added shared lib libjavacore.so 0x0
04-25 09:03:08.790 D/dalvikvm( 1036): Trying to load lib libnativehelper.so 0x0
04-25 09:03:08.790 D/dalvikvm( 1036): Added shared lib libnativehelper.so 0x0
04-25 09:03:08.790 D/dalvikvm( 1036): No JNI_OnLoad found in libnativehelper.so 0x0, skipping init
04-25 09:03:08.830 E/cutils-trace( 1036): Error opening trace file: No such file or directory (2)
04-25 09:03:08.850 D/dalvikvm( 1036): Note: class Landroid/app/ActivityManagerNative; has 180 unimplemented (abstract) methods
04-25 09:03:09.060 E/memtrack( 1036): Couldn't load memtrack module (No such file or directory)
04-25 09:03:09.060 E/android.os.Debug( 1036): failed to load memtrack module: -2
04-25 09:03:09.150 D/AndroidRuntime( 1036): Calling main entry com.android.commands.uiautomator.Launcher
04-25 09:03:09.460 D/UIAutomatorStub( 1036): URI: /jsonrpc/0, Method: POST, Header: {content-type=application/json, connection=close, remote-addr=127.0.0.1, host=localhost:9008, content-length=78, http-client-ip=127.0.0.1, user-agent=Python-urllib/2.7, accept-encoding=identity}, params, {NanoHttpd.QUERY_STRING={"jsonrpc": "2.0", "method": "ping", "id": "fd067c2d9723823fd0dcef2ddd847d83"}, {"jsonrpc": "2.0", "method": "ping", "id": "fd067c2d9723823fd0dcef2ddd847d83"}=}, files: {}
04-25 09:03:09.550 D/UIAutomatorStub( 1036): URI: /jsonrpc/0, Method: POST, Header: {content-type=application/json, connection=close, remote-addr=127.0.0.1, host=localhost:9008, content-length=78, http-client-ip=127.0.0.1, user-agent=Python-urllib/2.7, accept-encoding=identity}, params, {NanoHttpd.QUERY_STRING={"jsonrpc": "2.0", "method": "ping", "id": "ed820ff9310eeb9148e3d06a4869d0ce"}, {"jsonrpc": "2.0", "method": "ping", "id": "ed820ff9310eeb9148e3d06a4869d0ce"}=}, files: {}
04-25 09:03:09.560 D/UIAutomatorStub( 1036): URI: /jsonrpc/0, Method: POST, Header: {content-type=application/json, connection=close, remote-addr=127.0.0.1, host=localhost:9008, content-length=80, http-client-ip=127.0.0.1, user-agent=Python-urllib/2.7, accept-encoding=identity}, params, {{"jsonrpc": "2.0", "method": "wakeUp", "id": "1e3a44dbbd4a03e25f5e732e6637a001"}=, NanoHttpd.QUERY_STRING={"jsonrpc": "2.0", "method": "wakeUp", "id": "1e3a44dbbd4a03e25f5e732e6637a001"}}, files: {}
04-25 09:03:09.580 D/UIAutomatorStub( 1036): URI: /jsonrpc/0, Method: POST, Header: {content-type=application/json, connection=close, remote-addr=127.0.0.1, host=localhost:9008, content-length=102, http-client-ip=127.0.0.1, user-agent=Python-urllib/2.7, accept-encoding=identity}, params, {NanoHttpd.QUERY_STRING={"params": ["home"], "jsonrpc": "2.0", "method": "pressKey", "id": "22445ec4fba0734e05bb376655dff1eb"}, {"params": ["home"], "jsonrpc": "2.0", "method": "pressKey", "id": "22445ec4fba0734e05bb376655dff1eb"}=}, files: {}
04-25 09:03:09.830 I/ActivityManager(  452): START u0 {act=android.intent.action.MAIN cat=[android.intent.category.HOME] flg=0x10200000 cmp=com.android.launcher/com.android.launcher2.Launcher} from pid 452
04-25 09:03:09.850 D/UIAutomatorStub( 1036): URI: /jsonrpc/0, Method: POST, Header: {content-type=application/json, connection=close, remote-addr=127.0.0.1, host=localhost:9008, content-length=180, http-client-ip=127.0.0.1, user-agent=Python-urllib/2.7, accept-encoding=identity}, params, {{"params": [{"childOrSiblingSelector": [], "mask": 64, "description": "Apps", "childOrSibling": []}], "jsonrpc": "2.0", "method": "click", "id": "f539974a80e86c4b2676990d5722f2b7"}=, NanoHttpd.QUERY_STRING={"params": [{"childOrSiblingSelector": [], "mask": 64, "description": "Apps", "childOrSibling": []}], "jsonrpc": "2.0", "method": "click", "id": "f539974a80e86c4b2676990d5722f2b7"}}, files: {}
04-25 09:03:10.360 W/ResourceType(  637): No known package when getting name for resource number 0x9c010100
04-25 09:03:10.370 W/ResourceType(  637): No known package when getting name for resource number 0x9b000000
04-25 09:03:10.370 W/ResourceType(  637): No known package when getting name for resource number 0x9b010100
04-25 09:03:10.370 W/ResourceType(  637): No known package when getting name for resource number 0x9b020200
04-25 09:03:10.370 W/ResourceType(  637): No known package when getting name for resource number 0x9b040400
04-25 09:03:10.370 W/ResourceType(  637): No known package when getting name for resource number 0x9b050500
04-25 09:03:10.370 W/ResourceType(  637): No known package when getting name for resource number 0x9b060600
04-25 09:03:12.630 V/audio_hw_primary(  117): start_output_stream, line: 732
04-25 09:03:12.630 V/codec_audio_plan_one(  117): in normal mode, speaker on,****LINE:106,FUNC:set_normal_path
04-25 09:03:12.640 I/ActivityManager(  452): START u0 {act=android.intent.action.MAIN cat=[android.intent.category.LAUNCHER] flg=0x10200000 cmp=com.android.settings/.Settings bnds=[347,895][427,975]} from pid 637
04-25 09:03:12.780 V/audio_hw_primary(  117): normal mode , speaker,****LINE:657,FUNC:select_output_device
04-25 09:03:12.780 V/audio_hw_primary(  117): start_output_stream: card:0, port:0, rate:44100
04-25 09:03:12.780 D/alsa_pcm(  117): pcm_open:,sparams.stop_threshold:1540, config->stop_threshold:0
04-25 09:03:12.780 V/audio_hw_primary(  117): do not use out resampler
04-25 09:03:12.900 I/ActivityManager(  452): Start proc com.android.settings for activity com.android.settings/.Settings: pid=1072 uid=1000 gids={41000, 1028, 1015, 3002, 3001, 3003}
04-25 09:03:12.940 I/qtaguid (  452): Failed write_ctrl(s 0 10012) res=-1 errno=1
04-25 09:03:12.940 W/NetworkManagementSocketTagger(  452): setKernelCountSet(10012, 0) failed with errno -1
04-25 09:03:13.000 D/gralloc (  114): ==USE CPU CACHE OP LLL usage = 0x933==
04-25 09:03:13.000 D/gralloc (  114): ION_HEAP_SYSTEM_MASK alloc
04-25 09:03:13.050 D/gralloc (  114): ==USE CPU CACHE OP LLL usage = 0x933==
04-25 09:03:13.050 D/gralloc (  114): ION_HEAP_SYSTEM_MASK alloc
04-25 09:03:13.080 I/hwcomposer(  114): hwcdev_try_to_assign_pipe: We use not config memory
04-25 09:03:13.080 I/hwcomposer(  114): hwcdev_try_to_assign_pipe: We use not config memory
04-25 09:03:13.080 I/hwcomposer(  114): hwcdev_try_to_assign_pipe: We use not config memory
04-25 09:03:13.080 I/hwcomposer(  114): hwcdev_try_to_assign_pipe: We use not config memory
04-25 09:03:13.090 I/hwcomposer(  114): hwcdev_try_to_assign_pipe: We use not config memory
04-25 09:03:13.090 I/hwcomposer(  114): hwcdev_try_to_assign_pipe: We use not config memory
04-25 09:03:13.090 I/hwcomposer(  114): hwcdev_try_to_assign_pipe: We use not config memory
04-25 09:03:13.090 I/hwcomposer(  114): hwcdev_try_to_assign_pipe: We use not config memory
04-25 09:03:13.110 I/hwcomposer(  114): hwcdev_try_to_assign_pipe: We use not config memory
04-25 09:03:13.110 I/hwcomposer(  114): hwcdev_try_to_assign_pipe: We use not config memory
04-25 09:03:13.110 I/hwcomposer(  114): hwcdev_try_to_assign_pipe: We use not config memory
04-25 09:03:13.110 I/hwcomposer(  114): hwcdev_try_to_assign_pipe: We use not config memory
04-25 09:03:13.130 I/hwcomposer(  114): hwcdev_try_to_assign_pipe: We use not config memory
04-25 09:03:13.130 I/hwcomposer(  114): hwcdev_try_to_assign_pipe: We use not config memory
04-25 09:03:13.130 I/hwcomposer(  114): hwcdev_try_to_assign_pipe: We use not config memory
04-25 09:03:13.130 I/hwcomposer(  114): hwcdev_try_to_assign_pipe: We use not config memory
04-25 09:03:13.140 I/hwcomposer(  114): hwcdev_try_to_assign_pipe: We use not config memory
04-25 09:03:13.140 I/hwcomposer(  114): hwcdev_try_to_assign_pipe: We use not config memory
04-25 09:03:13.140 I/hwcomposer(  114): hwcdev_try_to_assign_pipe: We use not config memory
04-25 09:03:13.140 I/hwcomposer(  114): hwcdev_try_to_assign_pipe: We use not config memory
04-25 09:03:13.160 I/hwcomposer(  114): hwcdev_try_to_assign_pipe: We use not config memory
04-25 09:03:13.160 I/hwcomposer(  114): hwcdev_try_to_assign_pipe: We use not config memory
04-25 09:03:13.160 I/hwcomposer(  114): hwcdev_try_to_assign_pipe: We use not config memory
04-25 09:03:13.160 I/hwcomposer(  114): hwcdev_try_to_assign_pipe: We use not config memory
04-25 09:03:13.180 I/hwcomposer(  114): hwcdev_try_to_assign_pipe: We use not config memory
04-25 09:03:13.180 I/hwcomposer(  114): hwcdev_try_to_assign_pipe: We use not config memory
04-25 09:03:13.180 I/hwcomposer(  114): hwcdev_try_to_assign_pipe: We use not config memory
04-25 09:03:13.180 I/hwcomposer(  114): hwcdev_try_to_assign_pipe: We use not config memory
04-25 09:03:13.190 I/hwcomposer(  114): hwcdev_try_to_assign_pipe: We use not config memory
04-25 09:03:13.190 I/hwcomposer(  114): hwcdev_try_to_assign_pipe: We use not config memory
04-25 09:03:13.190 I/hwcomposer(  114): hwcdev_try_to_assign_pipe: We use not config memory
04-25 09:03:13.190 I/hwcomposer(  114): hwcdev_try_to_assign_pipe: We use not config memory
04-25 09:03:13.210 I/hwcomposer(  114): hwcdev_try_to_assign_pipe: We use not config memory
04-25 09:03:13.210 I/hwcomposer(  114): hwcdev_try_to_assign_pipe: We use not config memory
04-25 09:03:13.210 I/hwcomposer(  114): hwcdev_try_to_assign_pipe: We use not config memory
04-25 09:03:13.210 I/hwcomposer(  114): hwcdev_try_to_assign_pipe: We use not config memory
04-25 09:03:13.230 I/hwcomposer(  114): hwcdev_try_to_assign_pipe: We use not config memory
04-25 09:03:13.230 I/hwcomposer(  114): hwcdev_try_to_assign_pipe: We use not config memory
04-25 09:03:13.230 I/hwcomposer(  114): hwcdev_try_to_assign_pipe: We use not config memory
04-25 09:03:13.230 I/hwcomposer(  114): hwcdev_try_to_assign_pipe: We use not config memory
04-25 09:03:13.240 I/hwcomposer(  114): hwcdev_try_to_assign_pipe: We use not config memory
04-25 09:03:13.240 I/hwcomposer(  114): hwcdev_try_to_assign_pipe: We use not config memory
04-25 09:03:13.240 I/hwcomposer(  114): hwcdev_try_to_assign_pipe: We use not config memory
04-25 09:03:13.260 I/hwcomposer(  114): hwcdev_try_to_assign_pipe: We use not config memory
04-25 09:03:13.260 I/hwcomposer(  114): hwcdev_try_to_assign_pipe: We use not config memory
04-25 09:03:13.260 I/hwcomposer(  114): hwcdev_try_to_assign_pipe: We use not config memory
04-25 09:03:13.280 D/BluetoothManagerService(  452): Message: 20
04-25 09:03:13.280 D/BluetoothManagerService(  452): Added callback: android.bluetooth.IBluetoothManagerCallback$Stub$Proxy@41f97540:true
04-25 09:03:13.280 I/hwcomposer(  114): hwcdev_try_to_assign_pipe: We use not config memory
04-25 09:03:13.280 I/hwcomposer(  114): hwcdev_try_to_assign_pipe: We use not config memory
04-25 09:03:13.280 I/hwcomposer(  114): hwcdev_try_to_assign_pipe: We use not config memory
04-25 09:03:13.280 I/hwcomposer(  114): hwcdev_try_to_assign_pipe: We use not config memory
04-25 09:03:13.290 D/BluetoothAdapter( 1072): 1106993336: getState() :  mService = null. Returning STATE_OFF
04-25 09:03:13.290 D/BluetoothManagerService(  452): Message: 30
04-25 09:03:13.290 I/hwcomposer(  114): hwcdev_try_to_assign_pipe: We use not config memory
04-25 09:03:13.290 W/ContextImpl( 1072): Calling a method in the system process without a qualified user: android.app.ContextImpl.bindService:1543 android.content.ContextWrapper.bindService:517 android.bluetooth.BluetoothInputDevice.doBind:245 android.bluetooth.BluetoothInputDevice.<init>:238 android.bluetooth.BluetoothAdapter.getProfileProxy:1187 
04-25 09:03:13.300 I/hwcomposer(  114): hwcdev_try_to_assign_pipe: We use not config memory
04-25 09:03:13.300 I/hwcomposer(  114): hwcdev_try_to_assign_pipe: We use not config memory
04-25 09:03:13.300 I/hwcomposer(  114): hwcdev_try_to_assign_pipe: We use not config memory
04-25 09:03:13.300 I/hwcomposer(  114): hwcdev_try_to_assign_pipe: We use not config memory
04-25 09:03:13.300 I/hwcomposer(  114): hwcdev_try_to_assign_pipe: We use not config memory
04-25 09:03:13.300 I/hwcomposer(  114): hwcdev_try_to_assign_pipe: We use not config memory
04-25 09:03:13.300 D/BluetoothManagerService(  452): Message: 30
04-25 09:03:13.300 W/ContextImpl( 1072): Calling a method in the system process without a qualified user: android.app.ContextImpl.bindService:1543 android.content.ContextWrapper.bindService:517 android.bluetooth.BluetoothPan.doBind:149 android.bluetooth.BluetoothPan.<init>:141 android.bluetooth.BluetoothAdapter.getProfileProxy:1190 
04-25 09:03:13.310 D/LocalBluetoothProfileManager( 1072): Adding local MAP profile
04-25 09:03:13.310 D/BluetoothMap( 1072): Create BluetoothMap proxy object
04-25 09:03:13.310 I/hwcomposer(  114): hwcdev_try_to_assign_pipe: We use not config memory
04-25 09:03:13.310 I/hwcomposer(  114): hwcdev_try_to_assign_pipe: We use not config memory
04-25 09:03:13.310 I/hwcomposer(  114): hwcdev_try_to_assign_pipe: We use not config memory
04-25 09:03:13.310 I/hwcomposer(  114): hwcdev_try_to_assign_pipe: We use not config memory
04-25 09:03:13.310 I/hwcomposer(  114): hwcdev_try_to_assign_pipe: We use not config memory
04-25 09:03:13.310 I/hwcomposer(  114): hwcdev_try_to_assign_pipe: We use not config memory
04-25 09:03:13.310 I/hwcomposer(  114): hwcdev_try_to_assign_pipe: We use not config memory
04-25 09:03:13.310 D/BluetoothManagerService(  452): Message: 30
04-25 09:03:13.330 I/hwcomposer(  114): hwcdev_try_to_assign_pipe: We use not config memory
04-25 09:03:13.330 I/hwcomposer(  114): hwcdev_try_to_assign_pipe: We use not config memory
04-25 09:03:13.330 I/hwcomposer(  114): hwcdev_try_to_assign_pipe: We use not config memory
04-25 09:03:13.330 I/hwcomposer(  114): hwcdev_try_to_assign_pipe: We use not config memory
04-25 09:03:13.330 I/hwcomposer(  114): hwcdev_try_to_assign_pipe: We use not config memory
04-25 09:03:13.330 I/hwcomposer(  114): hwcdev_try_to_assign_pipe: We use not config memory
04-25 09:03:13.330 I/hwcomposer(  114): hwcdev_try_to_assign_pipe: We use not config memory
04-25 09:03:13.330 D/dalvikvm( 1072): GC_CONCURRENT freed 180K, 5% free 4636K/4852K, paused 2ms+4ms, total 28ms
04-25 09:03:13.330 W/ContextImpl( 1072): Calling a method in the system process without a qualified user: android.app.ContextImpl.bindService:1543 android.content.ContextWrapper.bindService:517 android.bluetooth.BluetoothMap.doBind:109 android.bluetooth.BluetoothMap.<init>:102 android.bluetooth.BluetoothAdapter.getProfileProxy:1196 
04-25 09:03:13.340 D/BluetoothManagerService(  452): Message: 30
04-25 09:03:13.340 D/LocalBluetoothProfileManager( 1072): LocalBluetoothProfileManager construction complete
04-25 09:03:13.340 W/ContextImpl( 1072): Calling a method in the system process without a qualified user: android.app.ContextImpl.bindService:1543 android.content.ContextWrapper.bindService:517 android.bluetooth.BluetoothPbap.doBind:164 android.bluetooth.BluetoothPbap.<init>:157 com.android.settings.bluetooth.PbapServerProfile.<init>:68 
04-25 09:03:13.350 D/BluetoothAdapter( 1072): 1106993336: getState() :  mService = null. Returning STATE_OFF
04-25 09:03:13.350 D/BluetoothAdapter( 1072): 1106993336: getState() :  mService = null. Returning STATE_OFF
04-25 09:03:13.430 I/hwcomposer(  114): hwcdev_try_to_assign_pipe: We use not config memory
04-25 09:03:13.430 I/hwcomposer(  114): hwcdev_try_to_assign_pipe: We use not config memory
04-25 09:03:13.430 I/hwcomposer(  114): hwcdev_try_to_assign_pipe: We use not config memory
04-25 09:03:13.430 I/hwcomposer(  114): hwcdev_try_to_assign_pipe: We use not config memory
04-25 09:03:13.430 I/hwcomposer(  114): hwcdev_try_to_assign_pipe: We use not config memory
04-25 09:03:13.430 I/hwcomposer(  114): hwcdev_try_to_assign_pipe: We use not config memory
04-25 09:03:13.430 I/hwcomposer(  114): hwcdev_try_to_assign_pipe: We use not config memory
04-25 09:03:13.450 D/libEGL  ( 1072): loaded /system/lib/egl/libEGL_mali.so
04-25 09:03:13.460 D/libEGL  ( 1072): loaded /system/lib/egl/libGLESv1_CM_mali.so
04-25 09:03:13.460 I/hwcomposer(  114): hwcdev_try_to_assign_pipe: We use not config memory
04-25 09:03:13.460 I/hwcomposer(  114): hwcdev_try_to_assign_pipe: We use not config memory
04-25 09:03:13.460 I/hwcomposer(  114): hwcdev_try_to_assign_pipe: We use not config memory
04-25 09:03:13.460 I/hwcomposer(  114): hwcdev_try_to_assign_pipe: We use not config memory
04-25 09:03:13.460 I/hwcomposer(  114): hwcdev_try_to_assign_pipe: We use not config memory
04-25 09:03:13.460 I/hwcomposer(  114): hwcdev_try_to_assign_pipe: We use not config memory
04-25 09:03:13.460 I/hwcomposer(  114): hwcdev_try_to_assign_pipe: We use not config memory
04-25 09:03:13.460 D/libEGL  ( 1072): loaded /system/lib/egl/libGLESv2_mali.so
04-25 09:03:13.480 D/gralloc (  114): ION_HEAP_CARVEOUT_MASK alloc
04-25 09:03:13.480 D/gralloc (  114): ION_HEAP_CARVEOUT_MASK alloc
04-25 09:03:13.480 D/OpenGLRenderer( 1072): Enabling debug mode 0
04-25 09:03:13.510 I/hwcomposer(  114): hwcdev_try_to_assign_pipe: We use not config memory
04-25 09:03:13.510 I/hwcomposer(  114): hwcdev_try_to_assign_pipe: We use not config memory
04-25 09:03:13.510 I/hwcomposer(  114): hwcdev_try_to_assign_pipe: We use not config memory
04-25 09:03:13.510 I/hwcomposer(  114): hwcdev_try_to_assign_pipe: We use not config memory
04-25 09:03:13.510 I/hwcomposer(  114): hwcdev_try_to_assign_pipe: We use not config memory
04-25 09:03:13.510 I/hwcomposer(  114): hwcdev_try_to_assign_pipe: We use not config memory
04-25 09:03:13.510 I/hwcomposer(  114): hwcdev_try_to_assign_pipe: We use not config memory
04-25 09:03:13.510 D/WifiService(  452): setWifiEnabled: true pid=1072, uid=1000
04-25 09:03:13.530 D/BluetoothAdapter( 1072): 1106993336: getState() :  mService = null. Returning STATE_OFF
04-25 09:03:13.710 D/dalvikvm( 1072): GC_CONCURRENT freed 106K, 3% free 4921K/5060K, paused 2ms+3ms, total 20ms
04-25 09:03:13.790 I/hwcomposer(  114): hwcdev_try_to_assign_pipe: We use not config memory
04-25 09:03:13.790 I/hwcomposer(  114): hwcdev_try_to_assign_pipe: We use not config memory
04-25 09:03:13.790 I/hwcomposer(  114): hwcdev_try_to_assign_pipe: We use not config memory
04-25 09:03:13.790 I/hwcomposer(  114): hwcdev_try_to_assign_pipe: We use not config memory
04-25 09:03:13.790 I/hwcomposer(  114): hwcdev_try_to_assign_pipe: We use not config memory
04-25 09:03:13.790 I/hwcomposer(  114): hwcdev_try_to_assign_pipe: We use not config memory
04-25 09:03:13.790 I/hwcomposer(  114): hwcdev_try_to_assign_pipe: We use not config memory
04-25 09:03:13.800 I/ActivityManager(  452): Displayed com.android.settings/.Settings: +917ms
04-25 09:03:13.810 I/hwcomposer(  114): hwcdev_try_to_assign_pipe: We use not config memory
04-25 09:03:13.810 I/hwcomposer(  114): hwcdev_try_to_assign_pipe: We use not config memory
04-25 09:03:13.810 I/hwcomposer(  114): hwcdev_try_to_assign_pipe: We use not config memory
04-25 09:03:13.810 I/hwcomposer(  114): hwcdev_try_to_assign_pipe: We use not config memory
04-25 09:03:13.810 I/hwcomposer(  114): hwcdev_try_to_assign_pipe: We use not config memory
04-25 09:03:13.810 I/hwcomposer(  114): hwcdev_try_to_assign_pipe: We use not config memory
04-25 09:03:13.810 I/hwcomposer(  114): hwcdev_try_to_assign_pipe: We use not config memory
04-25 09:03:13.830 D/gralloc (  114): ION_HEAP_CARVEOUT_MASK alloc
04-25 09:03:13.830 I/hwcomposer(  114): hwcdev_try_to_assign_pipe: We use not config memory
04-25 09:03:13.830 I/hwcomposer(  114): hwcdev_try_to_assign_pipe: We use not config memory
04-25 09:03:13.830 I/hwcomposer(  114): hwcdev_try_to_assign_pipe: We use not config memory
04-25 09:03:13.830 I/hwcomposer(  114): hwcdev_try_to_assign_pipe: We use not config memory
04-25 09:03:13.830 I/hwcomposer(  114): hwcdev_try_to_assign_pipe: We use not config memory
04-25 09:03:13.830 I/hwcomposer(  114): hwcdev_try_to_assign_pipe: We use not config memory
04-25 09:03:13.830 I/hwcomposer(  114): hwcdev_try_to_assign_pipe: We use not config memory
04-25 09:03:13.840 I/hwcomposer(  114): hwcdev_try_to_assign_pipe: We use not config memory
04-25 09:03:13.840 I/hwcomposer(  114): hwcdev_try_to_assign_pipe: We use not config memory
04-25 09:03:13.840 I/hwcomposer(  114): hwcdev_try_to_assign_pipe: We use not config memory
04-25 09:03:13.840 I/hwcomposer(  114): hwcdev_try_to_assign_pipe: We use not config memory
04-25 09:03:13.840 I/hwcomposer(  114): hwcdev_try_to_assign_pipe: We use not config memory
04-25 09:03:13.860 I/hwcomposer(  114): hwcdev_try_to_assign_pipe: We use not config memory
04-25 09:03:13.860 I/hwcomposer(  114): hwcdev_try_to_assign_pipe: We use not config memory
04-25 09:03:13.860 I/hwcomposer(  114): hwcdev_try_to_assign_pipe: We use not config memory
04-25 09:03:13.860 I/hwcomposer(  114): hwcdev_try_to_assign_pipe: We use not config memory
04-25 09:03:13.860 I/hwcomposer(  114): hwcdev_try_to_assign_pipe: We use not config memory
04-25 09:03:13.880 I/hwcomposer(  114): hwcdev_try_to_assign_pipe: We use not config memory
04-25 09:03:13.880 I/hwcomposer(  114): hwcdev_try_to_assign_pipe: We use not config memory
04-25 09:03:13.880 I/hwcomposer(  114): hwcdev_try_to_assign_pipe: We use not config memory
04-25 09:03:13.880 I/hwcomposer(  114): hwcdev_try_to_assign_pipe: We use not config memory
04-25 09:03:13.880 I/hwcomposer(  114): hwcdev_try_to_assign_pipe: We use not config memory
04-25 09:03:13.890 I/hwcomposer(  114): hwcdev_try_to_assign_pipe: We use not config memory
04-25 09:03:13.890 I/hwcomposer(  114): hwcdev_try_to_assign_pipe: We use not config memory
04-25 09:03:13.890 I/hwcomposer(  114): hwcdev_try_to_assign_pipe: We use not config memory
04-25 09:03:13.890 I/hwcomposer(  114): hwcdev_try_to_assign_pipe: We use not config memory
04-25 09:03:13.890 I/hwcomposer(  114): hwcdev_try_to_assign_pipe: We use not config memory
04-25 09:03:13.910 I/hwcomposer(  114): hwcdev_try_to_assign_pipe: We use not config memory
04-25 09:03:13.910 I/hwcomposer(  114): hwcdev_try_to_assign_pipe: We use not config memory
04-25 09:03:13.910 I/hwcomposer(  114): hwcdev_try_to_assign_pipe: We use not config memory
04-25 09:03:13.910 I/hwcomposer(  114): hwcdev_try_to_assign_pipe: We use not config memory
04-25 09:03:13.910 I/hwcomposer(  114): hwcdev_try_to_assign_pipe: We use not config memory
04-25 09:03:13.930 I/hwcomposer(  114): hwcdev_try_to_assign_pipe: We use not config memory
04-25 09:03:13.930 I/hwcomposer(  114): hwcdev_try_to_assign_pipe: We use not config memory
04-25 09:03:13.930 I/hwcomposer(  114): hwcdev_try_to_assign_pipe: We use not config memory
04-25 09:03:13.930 I/hwcomposer(  114): hwcdev_try_to_assign_pipe: We use not config memory
04-25 09:03:13.930 I/hwcomposer(  114): hwcdev_try_to_assign_pipe: We use not config memory
04-25 09:03:13.940 I/hwcomposer(  114): hwcdev_try_to_assign_pipe: We use not config memory
04-25 09:03:13.940 I/hwcomposer(  114): hwcdev_try_to_assign_pipe: We use not config memory
04-25 09:03:13.940 I/hwcomposer(  114): hwcdev_try_to_assign_pipe: We use not config memory
04-25 09:03:13.940 I/hwcomposer(  114): hwcdev_try_to_assign_pipe: We use not config memory
04-25 09:03:13.940 I/hwcomposer(  114): hwcdev_try_to_assign_pipe: We use not config memory
04-25 09:03:13.960 I/hwcomposer(  114): hwcdev_try_to_assign_pipe: We use not config memory
04-25 09:03:13.960 I/hwcomposer(  114): hwcdev_try_to_assign_pipe: We use not config memory
04-25 09:03:13.960 I/hwcomposer(  114): hwcdev_try_to_assign_pipe: We use not config memory
04-25 09:03:13.960 I/hwcomposer(  114): hwcdev_try_to_assign_pipe: We use not config memory
04-25 09:03:13.960 I/hwcomposer(  114): hwcdev_try_to_assign_pipe: We use not config memory
04-25 09:03:13.980 I/hwcomposer(  114): hwcdev_try_to_assign_pipe: We use not config memory
04-25 09:03:13.980 I/hwcomposer(  114): hwcdev_try_to_assign_pipe: We use not config memory
04-25 09:03:13.980 I/hwcomposer(  114): hwcdev_try_to_assign_pipe: We use not config memory
04-25 09:03:13.980 I/hwcomposer(  114): hwcdev_try_to_assign_pipe: We use not config memory
04-25 09:03:13.980 I/hwcomposer(  114): hwcdev_try_to_assign_pipe: We use not config memory
04-25 09:03:14.590 D/gralloc (  114): ION_HEAP_CARVEOUT_MASK alloc
04-25 09:03:15.880 D/audio_hw_primary(  117): out_standby
04-25 09:03:16.110 D/PowerManagerService(  452): mHoldBootFastWakeLock = true
04-25 09:03:18.900 V/audio_hw_primary(  117): start_output_stream, line: 732
04-25 09:03:18.900 V/codec_audio_plan_one(  117): in normal mode, speaker on,****LINE:106,FUNC:set_normal_path
04-25 09:03:18.910 I/ActivityManager(  452): START u0 {act=android.intent.action.MAIN cmp=com.android.settings/.SubSettings (has extras)} from pid 1072
04-25 09:03:19.050 V/audio_hw_primary(  117): normal mode , speaker,****LINE:657,FUNC:select_output_device
04-25 09:03:19.050 V/audio_hw_primary(  117): start_output_stream: card:0, port:0, rate:44100
04-25 09:03:19.050 D/alsa_pcm(  117): pcm_open:,sparams.stop_threshold:1540, config->stop_threshold:0
04-25 09:03:19.050 V/audio_hw_primary(  117): do not use out resampler
04-25 09:03:19.200 D/dalvikvm( 1072): GC_CONCURRENT freed 156K, 4% free 5169K/5352K, paused 3ms+10ms, total 42ms
04-25 09:03:19.300 W/InputMethodSettingValuesWrapper( 1072): ascii capable subtype enabled imi not found. Fall back to English Keyboard subtype.
04-25 09:03:19.310 W/InputMethodSettingValuesWrapper( 1072): ascii capable subtype enabled imi not found. Fall back to English Keyboard subtype.
04-25 09:03:19.310 W/InputMethodSettingValuesWrapper( 1072): ascii capable subtype enabled imi not found. Fall back to English Keyboard subtype.
04-25 09:03:19.310 W/InputMethodSettingValuesWrapper( 1072): ascii capable subtype enabled imi not found. Fall back to English Keyboard subtype.
04-25 09:03:19.310 W/InputMethodSettingValuesWrapper( 1072): ascii capable subtype enabled imi not found. Fall back to English Keyboard subtype.
04-25 09:03:19.310 W/InputMethodSettingValuesWrapper( 1072): ascii capable subtype enabled imi not found. Fall back to English Keyboard subtype.
04-25 09:03:19.340 W/InputMethodSettingValuesWrapper( 1072): ascii capable subtype enabled imi not found. Fall back to English Keyboard subtype.
04-25 09:03:19.340 W/InputMethodSettingValuesWrapper( 1072): ascii capable subtype enabled imi not found. Fall back to English Keyboard subtype.
04-25 09:03:19.340 W/InputMethodSettingValuesWrapper( 1072): ascii capable subtype enabled imi not found. Fall back to English Keyboard subtype.
04-25 09:03:19.340 W/InputMethodSettingValuesWrapper( 1072): ascii capable subtype enabled imi not found. Fall back to English Keyboard subtype.
04-25 09:03:19.340 W/InputMethodSettingValuesWrapper( 1072): ascii capable subtype enabled imi not found. Fall back to English Keyboard subtype.
04-25 09:03:19.340 W/InputMethodUtils( 1072): Found no subtypes in a system IME: com.android.inputmethod.pinyin
04-25 09:03:19.350 W/InputMethodSettingValuesWrapper( 1072): ascii capable subtype enabled imi not found. Fall back to English Keyboard subtype.
04-25 09:03:19.350 W/InputMethodSettingValuesWrapper( 1072): ascii capable subtype enabled imi not found. Fall back to English Keyboard subtype.
04-25 09:03:19.440 D/dalvikvm( 1072): GC_CONCURRENT freed 425K, 9% free 5194K/5652K, paused 2ms+11ms, total 44ms
04-25 09:03:19.500 D/gralloc (  114): ION_HEAP_CARVEOUT_MASK alloc
04-25 09:03:19.510 D/gralloc (  114): ION_HEAP_CARVEOUT_MASK alloc
04-25 09:03:19.680 W/InputMethodSettingValuesWrapper( 1072): ascii capable subtype enabled imi not found. Fall back to English Keyboard subtype.
04-25 09:03:19.680 W/InputMethodSettingValuesWrapper( 1072): ascii capable subtype enabled imi not found. Fall back to English Keyboard subtype.
04-25 09:03:19.710 W/InputMethodSettingValuesWrapper( 1072): ascii capable subtype enabled imi not found. Fall back to English Keyboard subtype.
04-25 09:03:19.720 W/InputMethodSettingValuesWrapper( 1072): ascii capable subtype enabled imi not found. Fall back to English Keyboard subtype.
04-25 09:03:19.750 W/InputMethodSettingValuesWrapper( 1072): ascii capable subtype enabled imi not found. Fall back to English Keyboard subtype.
04-25 09:03:19.850 I/ActivityManager(  452): Displayed com.android.settings/.SubSettings: +913ms
04-25 09:03:19.940 D/gralloc (  114): ION_HEAP_CARVEOUT_MASK alloc
04-25 09:03:20.680 D/gralloc (  114): ION_HEAP_CARVEOUT_MASK alloc
04-25 09:03:21.360 I/ActivityManager(  452): START u0 {act=android.intent.action.MAIN cmp=com.android.settings/.SubSettings (has extras)} from pid 1072
04-25 09:03:21.380 W/InputMethodSettingValuesWrapper( 1072): ascii capable subtype enabled imi not found. Fall back to English Keyboard subtype.
04-25 09:03:21.400 W/InputMethodSettingValuesWrapper( 1072): ascii capable subtype enabled imi not found. Fall back to English Keyboard subtype.
04-25 09:03:21.400 W/InputMethodSettingValuesWrapper( 1072): ascii capable subtype enabled imi not found. Fall back to English Keyboard subtype.
04-25 09:03:21.410 W/InputMethodSettingValuesWrapper( 1072): ascii capable subtype enabled imi not found. Fall back to English Keyboard subtype.
04-25 09:03:21.410 W/InputMethodSettingValuesWrapper( 1072): ascii capable subtype enabled imi not found. Fall back to English Keyboard subtype.
04-25 09:03:21.430 D/dalvikvm( 1072): GC_CONCURRENT freed 231K, 5% free 5401K/5668K, paused 2ms+7ms, total 48ms
04-25 09:03:21.800 D/gralloc (  114): ION_HEAP_CARVEOUT_MASK alloc
04-25 09:03:21.810 D/gralloc (  114): ION_HEAP_CARVEOUT_MASK alloc
04-25 09:03:21.970 I/ActivityManager(  452): Displayed com.android.settings/.SubSettings: +519ms
04-25 09:03:22.030 D/gralloc (  114): ION_HEAP_CARVEOUT_MASK alloc
04-25 09:03:22.980 D/gralloc (  114): ION_HEAP_CARVEOUT_MASK alloc
04-25 09:03:24.490 D/audio_hw_primary(  117): out_standby
04-25 09:03:29.050 V/audio_hw_primary(  117): start_output_stream, line: 732
04-25 09:03:29.060 V/codec_audio_plan_one(  117): in normal mode, speaker on,****LINE:106,FUNC:set_normal_path
04-25 09:03:29.090 I/ActivityManager(  452): Config changes=2004 {1.0 ?mcc?mnc en_US ldltr sw600dp w600dp h951dp 160dpi lrg port finger -keyb/v/h -nav/h s.12}
04-25 09:03:29.170 D/dalvikvm(  611): GC_CONCURRENT freed 394K, 27% free 5662K/7704K, paused 5ms+3ms, total 68ms
04-25 09:03:29.220 V/audio_hw_primary(  117): normal mode , speaker,****LINE:657,FUNC:select_output_device
04-25 09:03:29.220 V/audio_hw_primary(  117): start_output_stream: card:0, port:0, rate:44100
04-25 09:03:29.220 D/alsa_pcm(  117): pcm_open:,sparams.stop_threshold:1540, config->stop_threshold:0
04-25 09:03:29.220 V/audio_hw_primary(  117): do not use out resampler
04-25 09:03:29.330 I/Launcher(  637): setLoadOnResume
04-25 09:03:29.360 W/ContextImpl(  839): Implicit intents with startService are not safe: Intent { act=com.google.android.gms.games.service.INTENT } android.content.ContextWrapper.startService:494 android.content.ContextWrapper.startService:494 com.google.android.gms.games.service.GamesIntentService.a:101 
04-25 09:03:29.450 D/PhoneStatusBar(  517): mSettingsPanelGravity = 8388661
04-25 09:03:29.530 D/Finsky  ( 1531): [1] ClearCacheReceiver.onReceive: Received android.intent.action.LOCALE_CHANGED. Clearing cache and exiting.
04-25 09:03:29.620 D/AlertReceiver(24119): onReceive: a=android.intent.action.LOCALE_CHANGED Intent { act=android.intent.action.LOCALE_CHANGED flg=0x10000010 cmp=com.google.android.calendar/com.android.calendar.alerts.AlertReceiver }
04-25 09:03:29.650 I/Icing.InternalIcingCorporaProvider(32047): Updating corpora: A: FORCE_ALL, C: MAYBE
04-25 09:03:29.680 D/AlertUtils(24119): Flushing old alerts from shared prefs table
04-25 09:03:29.720 D/dalvikvm( 1072): GC_CONCURRENT freed 193K, 4% free 5628K/5856K, paused 16ms+16ms, total 161ms
04-25 09:03:29.720 V/AlarmClock( 1259): AlarmInitReceiver android.intent.action.LOCALE_CHANGED
04-25 09:03:29.770 D/dalvikvm(32047): GC_CONCURRENT freed 410K, 9% free 5618K/6136K, paused 4ms+8ms, total 132ms
04-25 09:03:29.770 D/Volley  ( 1531): [119] DiskBasedCache.clear: Cache cleared.
04-25 09:03:29.770 D/AlertService(24119): 0 Action = android.intent.action.LOCALE_CHANGED
04-25 09:03:29.780 D/Volley  ( 1531): [123] DiskBasedCache.clear: Cache cleared.
04-25 09:03:29.780 D/AlertService(24119): Beginning updateAlertNotification
04-25 09:03:29.880 I/AndroidRuntime( 1531): VM exiting with result code 0, cleanup skipped.
04-25 09:03:29.900 I/ActivityManager(  452): Process com.android.vending (pid 1531) has died.
04-25 09:03:29.910 I/AlarmClock( 1259): Displaying next alarm time: ''
04-25 09:03:29.980 D/dalvikvm(  839): GC_CONCURRENT freed 387K, 9% free 4966K/5416K, paused 92ms+81ms, total 254ms
04-25 09:03:29.980 W/ResourceType(  452): Failure getting entry for 0x7f060000 (t=5 e=0) in package 0 (error -75)
04-25 09:03:29.990 W/ResourceType(  452): Failure getting entry for 0x7f060000 (t=5 e=0) in package 0 (error -75)
04-25 09:03:29.990 W/InputMethodUtils(  452): Found no subtypes in a system IME: com.android.inputmethod.pinyin
04-25 09:03:29.990 I/InputMethodManagerService(  452): Selected default: com.google.android.inputmethod.latin/com.android.inputmethod.latin.LatinIME
04-25 09:03:30.000 V/AlarmClock( 1259): AlarmInitReceiver finished
04-25 09:03:30.030 W/InputMethodManagerService(  452): Illegal subtype state: old subtype = null, new subtype = android.view.inputmethod.InputMethodSubtype@c9194f98
04-25 09:03:30.130 W/InputMethodSettingValuesWrapper( 1072): ascii capable subtype enabled imi not found. Fall back to English Keyboard subtype.
04-25 09:03:30.180 W/ResourceType( 1072): Failure getting entry for 0x7f060000 (t=5 e=0) in package 0 (error -75)
04-25 09:03:30.180 W/InputMethodSettingValuesWrapper( 1072): ascii capable subtype enabled imi not found. Fall back to English Keyboard subtype.
04-25 09:03:30.180 W/InputMethodUtils( 1072): Found no subtypes in a system IME: com.android.inputmethod.pinyin
04-25 09:03:30.260 I/PeopleDatabaseHelper(  839): Updating DB locale: zh_CN -> en_US
04-25 09:03:30.280 D/dalvikvm( 1072): GC_CONCURRENT freed 392K, 8% free 5686K/6116K, paused 3ms+4ms, total 33ms
04-25 09:03:30.340 D/AlertService(24119): No fired or scheduled alerts
04-25 09:03:30.400 I/PeopleSearchIndexManage(  839): Marking for index update.
04-25 09:03:30.410 W/InputMethodSettingValuesWrapper( 1072): ascii capable subtype enabled imi not found. Fall back to English Keyboard subtype.
04-25 09:03:30.430 W/ResourceType( 1072): Failure getting entry for 0x7f060000 (t=5 e=0) in package 0 (error -75)
04-25 09:03:30.430 W/InputMethodSettingValuesWrapper( 1072): ascii capable subtype enabled imi not found. Fall back to English Keyboard subtype.
04-25 09:03:30.430 W/InputMethodUtils( 1072): Found no subtypes in a system IME: com.android.inputmethod.pinyin
04-25 09:03:30.470 I/Choreographer( 1072): Skipped 67 frames!  The application may be doing too much work on its main thread.
04-25 09:03:30.520 D/gralloc (  114): ION_HEAP_CARVEOUT_MASK alloc
04-25 09:03:30.540 D/gralloc (  114): ION_HEAP_CARVEOUT_MASK alloc
04-25 09:03:30.580 I/PeopleDatabaseHelper(  839): cleanUpNonGplusAccounts done.
04-25 09:03:30.590 D/AlertService(24119): Scheduling next alarm with AlarmScheduler. sEventReminderReceived: null
04-25 09:03:30.630 I/PeopleSearchIndexManage(  839): Index version changed from 0
04-25 09:03:30.650 D/dalvikvm( 1072): GC_CONCURRENT freed 366K, 7% free 5730K/6132K, paused 11ms+14ms, total 89ms
04-25 09:03:30.660 I/PeopleSearchIndexManage(  839): Rebuilding index...
04-25 09:03:30.750 D/AlarmScheduler(24119): No events found starting within 1 week.
04-25 09:03:30.780 I/Choreographer(  637): Skipped 38 frames!  The application may be doing too much work on its main thread.
04-25 09:03:30.940 D/dalvikvm(  452): GC_CONCURRENT freed 1178K, 12% free 10679K/12052K, paused 5ms+17ms, total 146ms
04-25 09:03:31.070 I/ContactLocale(24843): AddressBook Labels [en_US]: [, A, B, C, D, E, F, G, H, I, J, K, L, M, N, O, P, Q, R, S, T, U, V, W, X, Y, Z, , , , , , , , , , , , , , , , , , , , , , , , , , , , , , , , , , , , , , , , , , , , , , , , , , , , , , , , , , , , , , , , , , , , , , , , , , , , , , , , , , , , , , , , , , , , , , , , , , , , , , , , , , , , , , , , , , , , , , , , , , , , , , , , , , , , , , , , , , , , , , , , , , , , , , , , , , , , , , , , , , , , , , , , , , , , , , , , , , , , , , #, ]
04-25 09:03:31.120 D/dalvikvm(  637): GC_CONCURRENT freed 598K, 55% free 6015K/13176K, paused 61ms+9ms, total 339ms
04-25 09:03:31.160 I/ContactsProvider(24843): Locale has changed from zh_CN to en_US
04-25 09:03:31.170 I/ContactsDatabaseHelper(24843): Switching to locale en_US (ICU v51.1.0.1)
04-25 09:03:31.320 D/gralloc (  114): ION_HEAP_CARVEOUT_MASK alloc
04-25 09:03:31.390 D/dalvikvm(24843): GC_CONCURRENT freed 227K, 6% free 4826K/5088K, paused 2ms+11ms, total 39ms
04-25 09:03:31.390 D/dalvikvm(  839): GC_CONCURRENT freed 327K, 8% free 5041K/5468K, paused 36ms+153ms, total 247ms
04-25 09:03:31.460 I/PeopleSearchIndexManage(  839): Rebuilding index done.
04-25 09:03:31.690 D/gralloc (  114): ION_HEAP_CARVEOUT_MASK alloc
04-25 09:03:31.840 I/ContactsDatabaseHelper(24843): Locale change completed in 664ms
04-25 09:03:31.840 I/ContactsDatabaseHelper(24843): Switching to locale en_US (ICU v51.1.0.1)
04-25 09:03:31.980 D/dalvikvm(24843): GC_CONCURRENT freed 409K, 9% free 4816K/5260K, paused 2ms+1ms, total 26ms
04-25 09:03:32.080 I/ContactsDatabaseHelper(24843): Locale change completed in 245ms
04-25 09:03:32.130 I/ContactsFTS(24843): Rebuild contact search index in 35ms, 0 contacts
04-25 09:03:32.320 D/audio_hw_primary(  117): out_standby
04-25 09:03:32.720 D/dalvikvm(32047): GC_CONCURRENT freed 416K, 9% free 5614K/6136K, paused 3ms+3ms, total 30ms
04-25 09:03:32.770 D/dalvikvm(  839): GC_CONCURRENT freed 372K, 8% free 5071K/5476K, paused 2ms+3ms, total 23ms
04-25 09:03:37.100 I/ActivityManager(  452): START u0 {act=android.intent.action.MAIN cat=[android.intent.category.HOME] flg=0x10200000 cmp=com.android.launcher/com.android.launcher2.Launcher} from pid 452
04-25 09:03:37.110 D/gralloc (  114): ==USE CPU CACHE OP LLL usage = 0x333==
04-25 09:03:37.110 D/gralloc (  114): ION_HEAP_SYSTEM_MASK alloc
04-25 09:03:37.140 V/audio_hw_primary(  117): start_output_stream, line: 732
04-25 09:03:37.140 V/codec_audio_plan_one(  117): in normal mode, speaker on,****LINE:106,FUNC:set_normal_path
04-25 09:03:37.210 I/qtaguid (  452): Failed write_ctrl(s 1 10012) res=-1 errno=1
04-25 09:03:37.210 W/NetworkManagementSocketTagger(  452): setKernelCountSet(10012, 1) failed with errno -1
04-25 09:03:37.290 V/audio_hw_primary(  117): normal mode , speaker,****LINE:657,FUNC:select_output_device
04-25 09:03:37.290 V/audio_hw_primary(  117): start_output_stream: card:0, port:0, rate:44100
04-25 09:03:37.290 D/alsa_pcm(  117): pcm_open:,sparams.stop_threshold:1540, config->stop_threshold:0
04-25 09:03:37.290 V/audio_hw_primary(  117): do not use out resampler
04-25 09:03:37.350 D/dalvikvm( 1072): GC_CONCURRENT freed 279K, 6% free 5850K/6164K, paused 2ms+30ms, total 212ms
04-25 09:03:37.590 D/dalvikvm(  637): GC_CONCURRENT freed 267K, 53% free 6262K/13176K, paused 2ms+9ms, total 34ms
04-25 09:03:37.650 D/gralloc (  114): ION_HEAP_CARVEOUT_MASK alloc
04-25 09:03:37.650 D/gralloc (  114): ION_HEAP_CARVEOUT_MASK alloc
04-25 09:03:37.980 D/dalvikvm(  637): GC_CONCURRENT freed 272K, 51% free 6543K/13176K, paused 5ms+6ms, total 39ms
04-25 09:03:38.150 D/dalvikvm(  637): GC_CONCURRENT freed 323K, 49% free 6840K/13176K, paused 2ms+3ms, total 32ms
04-25 09:03:38.160 D/gralloc (  114): ION_HEAP_CARVEOUT_MASK alloc
04-25 09:03:38.240 D/gralloc (  114): ION_HEAP_CARVEOUT_MASK alloc
04-25 09:03:38.990 D/dalvikvm(  637): GC_CONCURRENT freed 596K, 48% free 6931K/13176K, paused 1ms+3ms, total 28ms
04-25 09:03:40.090 D/dalvikvm(  637): GC_CONCURRENT freed 245K, 43% free 7524K/13176K, paused 3ms+4ms, total 56ms
04-25 09:03:40.090 D/dalvikvm(  637): WAIT_FOR_CONCURRENT_GC blocked 12ms
04-25 09:03:40.090 D/dalvikvm(  637): WAIT_FOR_CONCURRENT_GC blocked 12ms
04-25 09:03:43.190 D/audio_hw_primary(  117): out_standby
04-25 09:03:43.610 D/AndroidRuntime( 1234): 
04-25 09:03:43.610 D/AndroidRuntime( 1234): >>>>>> AndroidRuntime START com.android.internal.os.RuntimeInit <<<<<<
04-25 09:03:43.610 D/AndroidRuntime( 1234): CheckJNI is OFF
04-25 09:03:43.640 D/dalvikvm( 1234): Trying to load lib libjavacore.so 0x0
04-25 09:03:43.640 D/dalvikvm( 1234): Added shared lib libjavacore.so 0x0
04-25 09:03:43.640 D/dalvikvm( 1234): Trying to load lib libnativehelper.so 0x0
04-25 09:03:43.640 D/dalvikvm( 1234): Added shared lib libnativehelper.so 0x0
04-25 09:03:43.640 D/dalvikvm( 1234): No JNI_OnLoad found in libnativehelper.so 0x0, skipping init
04-25 09:03:43.680 E/cutils-trace( 1234): Error opening trace file: No such file or directory (2)
04-25 09:03:43.690 D/dalvikvm( 1234): Note: class Landroid/app/ActivityManagerNative; has 180 unimplemented (abstract) methods
04-25 09:03:43.860 E/memtrack( 1234): Couldn't load memtrack module (No such file or directory)
04-25 09:03:43.860 E/android.os.Debug( 1234): failed to load memtrack module: -2
04-25 09:03:43.930 D/AndroidRuntime( 1234): Calling main entry com.android.commands.uiautomator.Launcher
04-25 09:03:44.150 D/UIAutomatorStub( 1234): URI: /jsonrpc/0, Method: POST, Header: {content-type=application/json, connection=close, remote-addr=127.0.0.1, host=localhost:9008, content-length=78, http-client-ip=127.0.0.1, user-agent=Python-urllib/2.7, accept-encoding=identity}, params, {NanoHttpd.QUERY_STRING={"jsonrpc": "2.0", "method": "ping", "id": "19b38d0b3ac9409b2a1dee628e57f6f6"}, {"jsonrpc": "2.0", "method": "ping", "id": "19b38d0b3ac9409b2a1dee628e57f6f6"}=}, files: {}
04-25 09:03:44.240 D/UIAutomatorStub( 1234): URI: /jsonrpc/0, Method: POST, Header: {content-type=application/json, connection=close, remote-addr=127.0.0.1, host=localhost:9008, content-length=78, http-client-ip=127.0.0.1, user-agent=Python-urllib/2.7, accept-encoding=identity}, params, {{"jsonrpc": "2.0", "method": "ping", "id": "388e31ced383b423980c6f1d1f9a2cc2"}=, NanoHttpd.QUERY_STRING={"jsonrpc": "2.0", "method": "ping", "id": "388e31ced383b423980c6f1d1f9a2cc2"}}, files: {}
04-25 09:03:44.250 D/UIAutomatorStub( 1234): URI: /jsonrpc/0, Method: POST, Header: {content-type=application/json, connection=close, remote-addr=127.0.0.1, host=localhost:9008, content-length=80, http-client-ip=127.0.0.1, user-agent=Python-urllib/2.7, accept-encoding=identity}, params, {NanoHttpd.QUERY_STRING={"jsonrpc": "2.0", "method": "wakeUp", "id": "11c3b60328c4e9466b4a49678aa1a7b1"}, {"jsonrpc": "2.0", "method": "wakeUp", "id": "11c3b60328c4e9466b4a49678aa1a7b1"}=}, files: {}
04-25 09:03:44.270 D/UIAutomatorStub( 1234): URI: /jsonrpc/0, Method: POST, Header: {content-type=application/json, connection=close, remote-addr=127.0.0.1, host=localhost:9008, content-length=102, http-client-ip=127.0.0.1, user-agent=Python-urllib/2.7, accept-encoding=identity}, params, {NanoHttpd.QUERY_STRING={"params": ["home"], "jsonrpc": "2.0", "method": "pressKey", "id": "01ab006244e9197c9cd042529bbf1fb6"}, {"params": ["home"], "jsonrpc": "2.0", "method": "pressKey", "id": "01ab006244e9197c9cd042529bbf1fb6"}=}, files: {}
04-25 09:03:44.790 I/ActivityManager(  452): START u0 {act=android.intent.action.MAIN cat=[android.intent.category.HOME] flg=0x10200000 cmp=com.android.launcher/com.android.launcher2.Launcher} from pid 452
04-25 09:03:44.810 D/UIAutomatorStub( 1234): URI: /jsonrpc/0, Method: POST, Header: {content-type=application/json, connection=close, remote-addr=127.0.0.1, host=localhost:9008, content-length=180, http-client-ip=127.0.0.1, user-agent=Python-urllib/2.7, accept-encoding=identity}, params, {NanoHttpd.QUERY_STRING={"params": [{"childOrSiblingSelector": [], "mask": 64, "description": "Apps", "childOrSibling": []}], "jsonrpc": "2.0", "method": "click", "id": "bf712cfd84506f2bd4841ee1dd3f90b4"}, {"params": [{"childOrSiblingSelector": [], "mask": 64, "description": "Apps", "childOrSibling": []}], "jsonrpc": "2.0", "method": "click", "id": "bf712cfd84506f2bd4841ee1dd3f90b4"}=}, files: {}
04-25 09:03:45.320 W/ResourceType(  637): No known package when getting name for resource number 0x9b000000
04-25 09:03:45.330 W/ResourceType(  637): No known package when getting name for resource number 0x9b010100
04-25 09:03:45.330 W/ResourceType(  637): No known package when getting name for resource number 0x9b020200
04-25 09:03:45.340 W/ResourceType(  637): No known package when getting name for resource number 0x9b040400
04-25 09:03:45.350 W/ResourceType(  637): No known package when getting name for resource number 0x9b050500
04-25 09:03:45.350 W/ResourceType(  637): No known package when getting name for resource number 0x9b060600
04-25 09:03:45.360 W/ResourceType(  637): No known package when getting name for resource number 0x9c010100
04-25 09:03:45.400 I/QueryController( 1234): Matched selector: UiSelector[DESCRIPTION=Apps] <<==>> [android.view.accessibility.AccessibilityNodeInfo@14a46; boundsInParent: Rect(524252, 0 - 524332, 80); boundsInScreen: Rect(268, 895 - 332, 959); packageName: com.android.launcher; className: android.widget.TextView; text: null; contentDescription: Apps; viewIdResName: null; checkable: false; checked: false; focusable: true; focused: false; selected: false; clickable: true; longClickable: false; enabled: true; password: false; scrollable: false; [ACTION_FOCUS, ACTION_SELECT, ACTION_CLEAR_SELECTION, ACTION_CLICK, ACTION_ACCESSIBILITY_FOCUS]]
04-25 09:03:45.410 D/InteractionController( 1234): clickAndSync(300, 927)
04-25 09:03:45.450 D/dalvikvm(  637): GC_CONCURRENT freed 1459K, 47% free 7078K/13176K, paused 2ms+4ms, total 28ms
04-25 09:03:45.460 W/ResourceType(  637): No known package when getting name for resource number 0x9b010100
04-25 09:03:45.470 W/ResourceType(  637): No known package when getting name for resource number 0x9b020200
