04-23 14:44:12.240 V/SleepAndWakeUpTest( 1762): wakeUp
04-23 14:44:12.250 I/qtaguid (  452): Failed write_ctrl(s 1 10012) res=-1 errno=1
04-23 14:44:12.250 W/NetworkManagementSocketTagger(  452): setKernelCountSet(10012, 1) failed with errno -1
04-23 14:44:12.260 W/ContextImpl( 1762): Calling a method in the system process without a qualified user: android.app.ContextImpl.sendBroadcast:1123 android.content.ContextWrapper.sendBroadcast:365 android.content.ContextWrapper.sendBroadcast:365 com.allwinnertech.sleepandwakeupclock.AlarmReceiver.onReceive:30 android.app.ActivityThread.handleReceiver:2419 
04-23 14:44:12.270 V/SleepAndWakeUpTest( 1762): mBroadcastReceiver
04-23 14:44:12.310 V/SleepAndWakeUpTest( 1762): cancelScheduledInstance
04-23 14:44:12.540 D/SensorManager(  452): discard gsensor data ...
04-23 14:44:13.240 D/SensorManager(  452): discard gsensor data ...
04-23 14:44:13.310 D/SensorManager(  452): discard gsensor data ...
04-23 14:44:22.320 V/SleepAndWakeUpTest( 1762): scheduleInstanceStateChange
04-23 14:44:22.320 I/PowerManagerService(  452): Going to sleep by user request...
04-23 14:44:22.330 V/SleepAndWakeUpTest( 1762): goToSleep
04-23 14:44:22.760 D/SurfaceFlinger(  114): Screen released, type=0 flinger=0x40db1450
04-23 14:44:22.840 V/audio_hw_primary(  117): adev_set_parameters, screen_state=off
04-23 14:44:22.860 I/qtaguid (  452): Failed write_ctrl(s 0 10012) res=-1 errno=1
04-23 14:44:22.860 W/NetworkManagementSocketTagger(  452): setKernelCountSet(10012, 0) failed with errno -1
04-23 14:44:23.290 D/PowerManagerService-JNI(  452): Excessive delay in autosuspend_enable() while turning screen off: 385ms
04-23 14:44:34.130 D/dalvikvm(  452): GC_FOR_ALLOC freed 960K, 13% free 10224K/11752K, paused 85ms, total 88ms
04-23 14:44:34.130 V/SleepAndWakeUpTest( 1762): AlarmReceiver
04-23 14:44:34.150 D/SensorManager(  452): >>>>>>> set discard sensrtime =3
04-23 14:44:34.150 D/PowerManagerService(  452): mHoldBootFastWakeLock = false
04-23 14:44:34.150 I/PowerManagerService(  452): Waking up from sleep...
04-23 14:44:34.160 V/KeyguardServiceDelegate(  452): onScreenTurnedOn(showListener = com.android.internal.policy.impl.PhoneWindowManager$18@42531318)
04-23 14:44:34.160 V/KeyguardServiceDelegate(  452): **** SHOWN CALLED ****
04-23 14:44:34.160 I/WindowManager(  452): No lock screen! windowToken=null
04-23 14:44:34.220 V/audio_hw_primary(  117): adev_set_parameters, screen_state=on
04-23 14:44:34.250 V/SleepAndWakeUpTest( 1762): wakeUp
04-23 14:44:34.250 W/ContextImpl( 1762): Calling a method in the system process without a qualified user: android.app.ContextImpl.sendBroadcast:1123 android.content.ContextWrapper.sendBroadcast:365 android.content.ContextWrapper.sendBroadcast:365 com.allwinnertech.sleepandwakeupclock.AlarmReceiver.onReceive:30 android.app.ActivityThread.handleReceiver:2419 
04-23 14:44:34.300 I/qtaguid (  452): Failed write_ctrl(s 1 10012) res=-1 errno=1
04-23 14:44:34.310 W/NetworkManagementSocketTagger(  452): setKernelCountSet(10012, 1) failed with errno -1
04-23 14:44:34.350 D/PowerManagerService-JNI(  452): Excessive delay in autosuspend_disable() while turning screen on: 153ms
04-23 14:44:34.350 D/SurfaceFlinger(  114): Screen acquired, type=0 flinger=0x40db1450
04-23 14:44:34.390 V/SleepAndWakeUpTest( 1762): mBroadcastReceiver
04-23 14:44:34.430 V/SleepAndWakeUpTest( 1762): cancelScheduledInstance
04-23 14:44:36.050 D/SensorManager(  452): discard gsensor data ...
04-23 14:44:36.960 D/SensorManager(  452): discard gsensor data ...
04-23 14:44:37.030 D/SensorManager(  452): discard gsensor data ...
04-23 14:44:44.450 V/SleepAndWakeUpTest( 1762): scheduleInstanceStateChange
04-23 14:44:44.470 I/PowerManagerService(  452): Going to sleep by user request...
04-23 14:44:44.500 V/SleepAndWakeUpTest( 1762): goToSleep
04-23 14:44:44.980 D/SurfaceFlinger(  114): Screen released, type=0 flinger=0x40db1450
04-23 14:44:45.030 V/audio_hw_primary(  117): adev_set_parameters, screen_state=off
04-23 14:44:45.040 I/qtaguid (  452): Failed write_ctrl(s 0 10012) res=-1 errno=1
04-23 14:44:45.040 W/NetworkManagementSocketTagger(  452): setKernelCountSet(10012, 0) failed with errno -1
04-23 14:44:45.460 D/PowerManagerService-JNI(  452): Excessive delay in autosuspend_enable() while turning screen off: 382ms
04-23 14:44:55.060 V/SleepAndWakeUpTest( 1762): AlarmReceiver
04-23 14:44:55.060 D/PowerManagerService(  452): mHoldBootFastWakeLock = false
04-23 14:44:55.060 I/PowerManagerService(  452): Waking up from sleep...
04-23 14:44:55.070 D/SensorManager(  452): >>>>>>> set discard sensrtime =3
04-23 14:44:55.070 V/KeyguardServiceDelegate(  452): onScreenTurnedOn(showListener = com.android.internal.policy.impl.PhoneWindowManager$18@423450f0)
04-23 14:44:55.070 V/KeyguardServiceDelegate(  452): **** SHOWN CALLED ****
04-23 14:44:55.070 I/WindowManager(  452): No lock screen! windowToken=null
04-23 14:44:55.130 V/audio_hw_primary(  117): adev_set_parameters, screen_state=on
04-23 14:44:55.140 D/SensorManager(  452): discard gsensor data ...
04-23 14:44:55.160 D/SurfaceFlinger(  114): Screen acquired, type=0 flinger=0x40db1450
04-23 14:44:55.220 V/SleepAndWakeUpTest( 1762): wakeUp
04-23 14:44:55.220 I/qtaguid (  452): Failed write_ctrl(s 1 10012) res=-1 errno=1
04-23 14:44:55.220 W/NetworkManagementSocketTagger(  452): setKernelCountSet(10012, 1) failed with errno -1
04-23 14:44:55.260 W/ContextImpl( 1762): Calling a method in the system process without a qualified user: android.app.ContextImpl.sendBroadcast:1123 android.content.ContextWrapper.sendBroadcast:365 android.content.ContextWrapper.sendBroadcast:365 com.allwinnertech.sleepandwakeupclock.AlarmReceiver.onReceive:30 android.app.ActivityThread.handleReceiver:2419 
04-23 14:44:55.270 V/SleepAndWakeUpTest( 1762): mBroadcastReceiver
04-23 14:44:55.270 V/SleepAndWakeUpTest( 1762): cancelScheduledInstance
04-23 14:44:55.340 D/dalvikvm(  517): GC_CONCURRENT freed 1964K, 50% free 10426K/20792K, paused 3ms+6ms, total 51ms
04-23 14:44:56.260 D/SensorManager(  452): discard gsensor data ...
04-23 14:44:56.540 D/SensorManager(  452): discard gsensor data ...
04-23 14:45:05.300 V/SleepAndWakeUpTest( 1762): scheduleInstanceStateChange
04-23 14:45:05.320 I/PowerManagerService(  452): Going to sleep by user request...
04-23 14:45:05.340 V/SleepAndWakeUpTest( 1762): goToSleep
04-23 14:45:05.780 D/SurfaceFlinger(  114): Screen released, type=0 flinger=0x40db1450
04-23 14:45:05.860 V/audio_hw_primary(  117): adev_set_parameters, screen_state=off
04-23 14:45:05.870 I/qtaguid (  452): Failed write_ctrl(s 0 10012) res=-1 errno=1
04-23 14:45:05.870 W/NetworkManagementSocketTagger(  452): setKernelCountSet(10012, 0) failed with errno -1
04-23 14:45:05.880 D/SurfaceControl(  452): Excessive delay in blankDisplay() while turning screen off: 110ms
04-23 14:45:06.300 D/PowerManagerService-JNI(  452): Excessive delay in autosuspend_enable() while turning screen off: 384ms
04-23 14:45:16.050 V/SleepAndWakeUpTest( 1762): AlarmReceiver
04-23 14:45:16.050 D/PowerManagerService(  452): mHoldBootFastWakeLock = false
04-23 14:45:16.060 D/SensorManager(  452): >>>>>>> set discard sensrtime =3
04-23 14:45:16.060 V/SleepAndWakeUpTest( 1762): wakeUp
04-23 14:45:16.060 V/SleepAndWakeUpTest( 1762): mBroadcastReceiver
04-23 14:45:16.060 I/PowerManagerService(  452): Waking up from sleep...
04-23 14:45:16.060 W/ContextImpl( 1762): Calling a method in the system process without a qualified user: android.app.ContextImpl.sendBroadcast:1123 android.content.ContextWrapper.sendBroadcast:365 android.content.ContextWrapper.sendBroadcast:365 com.allwinnertech.sleepandwakeupclock.AlarmReceiver.onReceive:30 android.app.ActivityThread.handleReceiver:2419 
04-23 14:45:16.080 V/SleepAndWakeUpTest( 1762): cancelScheduledInstance
04-23 14:45:16.080 V/KeyguardServiceDelegate(  452): onScreenTurnedOn(showListener = com.android.internal.policy.impl.PhoneWindowManager$18@42477518)
04-23 14:45:16.080 D/SurfaceFlinger(  114): Screen acquired, type=0 flinger=0x40db1450
04-23 14:45:16.080 V/KeyguardServiceDelegate(  452): **** SHOWN CALLED ****
04-23 14:45:16.080 I/WindowManager(  452): No lock screen! windowToken=null
04-23 14:45:16.170 V/audio_hw_primary(  117): adev_set_parameters, screen_state=on
04-23 14:45:16.180 I/qtaguid (  452): Failed write_ctrl(s 1 10012) res=-1 errno=1
04-23 14:45:16.180 W/NetworkManagementSocketTagger(  452): setKernelCountSet(10012, 1) failed with errno -1
04-23 14:45:16.630 D/SensorManager(  452): discard gsensor data ...
04-23 14:45:16.700 D/SensorManager(  452): discard gsensor data ...
04-23 14:45:17.400 D/SensorManager(  452): discard gsensor data ...
04-23 14:45:17.610 D/dalvikvm(  452): GC_FOR_ALLOC freed 978K, 13% free 10233K/11752K, paused 190ms, total 190ms
04-23 14:45:26.110 V/SleepAndWakeUpTest( 1762): scheduleInstanceStateChange
04-23 14:45:26.120 I/PowerManagerService(  452): Going to sleep by user request...
04-23 14:45:26.170 V/SleepAndWakeUpTest( 1762): goToSleep
04-23 14:45:26.600 D/SurfaceFlinger(  114): Screen released, type=0 flinger=0x40db1450
04-23 14:45:26.690 V/audio_hw_primary(  117): adev_set_parameters, screen_state=off
04-23 14:45:26.700 I/qtaguid (  452): Failed write_ctrl(s 0 10012) res=-1 errno=1
04-23 14:45:26.700 W/NetworkManagementSocketTagger(  452): setKernelCountSet(10012, 0) failed with errno -1
04-23 14:45:26.720 D/SurfaceControl(  452): Excessive delay in blankDisplay() while turning screen off: 114ms
04-23 14:45:27.130 D/PowerManagerService-JNI(  452): Excessive delay in autosuspend_enable() while turning screen off: 383ms
04-23 14:45:37.040 D/PowerManagerService(  452): mHoldBootFastWakeLock = false
04-23 14:45:37.060 V/SleepAndWakeUpTest( 1762): AlarmReceiver
04-23 14:45:37.070 D/SensorManager(  452): >>>>>>> set discard sensrtime =3
04-23 14:45:37.070 I/PowerManagerService(  452): Waking up from sleep...
04-23 14:45:37.090 V/KeyguardServiceDelegate(  452): onScreenTurnedOn(showListener = com.android.internal.policy.impl.PhoneWindowManager$18@42437520)
04-23 14:45:37.090 V/KeyguardServiceDelegate(  452): **** SHOWN CALLED ****
04-23 14:45:37.090 I/WindowManager(  452): No lock screen! windowToken=null
04-23 14:45:37.120 V/SleepAndWakeUpTest( 1762): wakeUp
04-23 14:45:37.120 D/SurfaceFlinger(  114): Screen acquired, type=0 flinger=0x40db1450
04-23 14:45:37.120 W/ContextImpl( 1762): Calling a method in the system process without a qualified user: android.app.ContextImpl.sendBroadcast:1123 android.content.ContextWrapper.sendBroadcast:365 android.content.ContextWrapper.sendBroadcast:365 com.allwinnertech.sleepandwakeupclock.AlarmReceiver.onReceive:30 android.app.ActivityThread.handleReceiver:2419 
04-23 14:45:37.200 V/audio_hw_primary(  117): adev_set_parameters, screen_state=on
04-23 14:45:37.220 D/SensorManager(  452): discard gsensor data ...
04-23 14:45:37.260 V/SleepAndWakeUpTest( 1762): mBroadcastReceiver
04-23 14:45:37.260 V/SleepAndWakeUpTest( 1762): cancelScheduledInstance
04-23 14:45:37.280 I/qtaguid (  452): Failed write_ctrl(s 1 10012) res=-1 errno=1
04-23 14:45:37.280 W/NetworkManagementSocketTagger(  452): setKernelCountSet(10012, 1) failed with errno -1
04-23 14:45:37.430 D/SensorManager(  452): discard gsensor data ...
04-23 14:45:37.850 D/SensorManager(  452): discard gsensor data ...
04-23 14:45:47.280 V/SleepAndWakeUpTest( 1762): scheduleInstanceStateChange
04-23 14:45:47.300 I/PowerManagerService(  452): Going to sleep by user request...
04-23 14:45:47.320 V/SleepAndWakeUpTest( 1762): goToSleep
04-23 14:45:47.830 D/SurfaceFlinger(  114): Screen released, type=0 flinger=0x40db1450
04-23 14:45:47.850 V/audio_hw_primary(  117): adev_set_parameters, screen_state=off
04-23 14:45:47.860 I/qtaguid (  452): Failed write_ctrl(s 0 10012) res=-1 errno=1
04-23 14:45:47.860 W/NetworkManagementSocketTagger(  452): setKernelCountSet(10012, 0) failed with errno -1
04-23 14:45:48.290 D/PowerManagerService-JNI(  452): Excessive delay in autosuspend_enable() while turning screen off: 381ms
04-23 14:45:59.090 D/PowerManagerService(  452): mHoldBootFastWakeLock = false
04-23 14:45:59.110 V/SleepAndWakeUpTest( 1762): AlarmReceiver
04-23 14:45:59.110 I/PowerManagerService(  452): Waking up from sleep...
04-23 14:45:59.120 D/SensorManager(  452): >>>>>>> set discard sensrtime =3
04-23 14:45:59.140 V/KeyguardServiceDelegate(  452): onScreenTurnedOn(showListener = com.android.internal.policy.impl.PhoneWindowManager$18@41fb0740)
04-23 14:45:59.140 V/KeyguardServiceDelegate(  452): **** SHOWN CALLED ****
04-23 14:45:59.140 I/WindowManager(  452): No lock screen! windowToken=null
04-23 14:45:59.170 D/SurfaceFlinger(  114): Screen acquired, type=0 flinger=0x40db1450
04-23 14:45:59.170 V/SleepAndWakeUpTest( 1762): wakeUp
04-23 14:45:59.170 V/SleepAndWakeUpTest( 1762): mBroadcastReceiver
04-23 14:45:59.170 W/ContextImpl( 1762): Calling a method in the system process without a qualified user: android.app.ContextImpl.sendBroadcast:1123 android.content.ContextWrapper.sendBroadcast:365 android.content.ContextWrapper.sendBroadcast:365 com.allwinnertech.sleepandwakeupclock.AlarmReceiver.onReceive:30 android.app.ActivityThread.handleReceiver:2419 
04-23 14:45:59.270 V/audio_hw_primary(  117): adev_set_parameters, screen_state=on
04-23 14:45:59.310 V/SleepAndWakeUpTest( 1762): cancelScheduledInstance
04-23 14:45:59.320 I/qtaguid (  452): Failed write_ctrl(s 1 10012) res=-1 errno=1
04-23 14:45:59.320 W/NetworkManagementSocketTagger(  452): setKernelCountSet(10012, 1) failed with errno -1
04-23 14:46:00.530 D/SensorManager(  452): discard gsensor data ...
04-23 14:46:01.440 D/SensorManager(  452): discard gsensor data ...
04-23 14:46:02.070 D/SensorManager(  452): discard gsensor data ...
04-23 14:46:09.310 V/SleepAndWakeUpTest( 1762): scheduleInstanceStateChange
04-23 14:46:09.320 V/SleepAndWakeUpTest( 1762): goToSleep
04-23 14:46:09.320 I/PowerManagerService(  452): Going to sleep by user request...
04-23 14:46:09.760 D/SurfaceFlinger(  114): Screen released, type=0 flinger=0x40db1450
04-23 14:46:09.840 V/audio_hw_primary(  117): adev_set_parameters, screen_state=off
04-23 14:46:09.850 I/qtaguid (  452): Failed write_ctrl(s 0 10012) res=-1 errno=1
04-23 14:46:09.850 W/NetworkManagementSocketTagger(  452): setKernelCountSet(10012, 0) failed with errno -1
04-23 14:46:09.870 D/SurfaceControl(  452): Excessive delay in blankDisplay() while turning screen off: 110ms
04-23 14:46:10.280 D/PowerManagerService-JNI(  452): Excessive delay in autosuspend_enable() while turning screen off: 380ms
04-23 14:46:21.150 D/dalvikvm(  452): GC_FOR_ALLOC freed 978K, 13% free 10229K/11752K, paused 89ms, total 91ms
04-23 14:46:21.150 V/SleepAndWakeUpTest( 1762): AlarmReceiver
04-23 14:46:21.150 D/PowerManagerService(  452): mHoldBootFastWakeLock = false
04-23 14:46:21.160 D/SensorManager(  452): >>>>>>> set discard sensrtime =3
04-23 14:46:21.160 V/KeyguardServiceDelegate(  452): onScreenTurnedOn(showListener = com.android.internal.policy.impl.PhoneWindowManager$18@425abf00)
04-23 14:46:21.160 V/KeyguardServiceDelegate(  452): **** SHOWN CALLED ****
04-23 14:46:21.160 I/PowerManagerService(  452): Waking up from sleep...
04-23 14:46:21.160 I/WindowManager(  452): No lock screen! windowToken=null
04-23 14:46:21.230 V/audio_hw_primary(  117): adev_set_parameters, screen_state=on
04-23 14:46:21.280 D/PowerManagerService-JNI(  452): Excessive delay in autosuspend_disable() while turning screen on: 109ms
04-23 14:46:21.300 I/qtaguid (  452): Failed write_ctrl(s 1 10012) res=-1 errno=1
04-23 14:46:21.300 W/NetworkManagementSocketTagger(  452): setKernelCountSet(10012, 1) failed with errno -1
04-23 14:46:21.310 V/SleepAndWakeUpTest( 1762): wakeUp
04-23 14:46:21.340 D/SurfaceFlinger(  114): Screen acquired, type=0 flinger=0x40db1450
04-23 14:46:21.340 W/ContextImpl( 1762): Calling a method in the system process without a qualified user: android.app.ContextImpl.sendBroadcast:1123 android.content.ContextWrapper.sendBroadcast:365 android.content.ContextWrapper.sendBroadcast:365 com.allwinnertech.sleepandwakeupclock.AlarmReceiver.onReceive:30 android.app.ActivityThread.handleReceiver:2419 
04-23 14:46:21.360 V/SleepAndWakeUpTest( 1762): mBroadcastReceiver
04-23 14:46:21.380 V/SleepAndWakeUpTest( 1762): cancelScheduledInstance
04-23 14:46:21.440 D/SensorManager(  452): discard gsensor data ...
04-23 14:46:21.580 D/SensorManager(  452): discard gsensor data ...
04-23 14:46:21.860 D/SensorManager(  452): discard gsensor data ...
04-23 14:46:31.400 V/SleepAndWakeUpTest( 1762): scheduleInstanceStateChange
04-23 14:46:31.410 I/PowerManagerService(  452): Going to sleep by user request...
04-23 14:46:31.420 V/SleepAndWakeUpTest( 1762): goToSleep
04-23 14:46:31.870 D/SurfaceFlinger(  114): Screen released, type=0 flinger=0x40db1450
04-23 14:46:31.950 V/audio_hw_primary(  117): adev_set_parameters, screen_state=off
04-23 14:46:31.960 I/qtaguid (  452): Failed write_ctrl(s 0 10012) res=-1 errno=1
04-23 14:46:31.960 W/NetworkManagementSocketTagger(  452): setKernelCountSet(10012, 0) failed with errno -1
04-23 14:46:31.990 D/SurfaceControl(  452): Excessive delay in blankDisplay() while turning screen off: 121ms
04-23 14:46:32.400 D/PowerManagerService-JNI(  452): Excessive delay in autosuspend_enable() while turning screen off: 386ms
04-23 14:46:43.060 V/SleepAndWakeUpTest( 1762): AlarmReceiver
04-23 14:46:43.060 D/PowerManagerService(  452): mHoldBootFastWakeLock = false
04-23 14:46:43.060 I/PowerManagerService(  452): Waking up from sleep...
04-23 14:46:43.070 D/SensorManager(  452): >>>>>>> set discard sensrtime =3
04-23 14:46:43.090 V/KeyguardServiceDelegate(  452): onScreenTurnedOn(showListener = com.android.internal.policy.impl.PhoneWindowManager$18@423742a8)
04-23 14:46:43.090 V/KeyguardServiceDelegate(  452): **** SHOWN CALLED ****
04-23 14:46:43.100 I/WindowManager(  452): No lock screen! windowToken=null
04-23 14:46:43.110 D/SurfaceFlinger(  114): Screen acquired, type=0 flinger=0x40db1450
04-23 14:46:43.110 V/SleepAndWakeUpTest( 1762): wakeUp
04-23 14:46:43.110 W/ContextImpl( 1762): Calling a method in the system process without a qualified user: android.app.ContextImpl.sendBroadcast:1123 android.content.ContextWrapper.sendBroadcast:365 android.content.ContextWrapper.sendBroadcast:365 com.allwinnertech.sleepandwakeupclock.AlarmReceiver.onReceive:30 android.app.ActivityThread.handleReceiver:2419 
04-23 14:46:43.170 V/audio_hw_primary(  117): adev_set_parameters, screen_state=on
04-23 14:46:43.250 V/SleepAndWakeUpTest( 1762): mBroadcastReceiver
04-23 14:46:43.270 I/qtaguid (  452): Failed write_ctrl(s 1 10012) res=-1 errno=1
04-23 14:46:43.270 W/NetworkManagementSocketTagger(  452): setKernelCountSet(10012, 1) failed with errno -1
04-23 14:46:43.280 V/SleepAndWakeUpTest( 1762): cancelScheduledInstance
04-23 14:46:43.780 D/SensorManager(  452): discard gsensor data ...
04-23 14:46:44.090 D/SensorManager(  452): discard gsensor data ...
04-23 14:46:44.130 D/SensorManager(  452): discard gsensor data ...
04-23 14:46:53.300 V/SleepAndWakeUpTest( 1762): scheduleInstanceStateChange
04-23 14:46:53.320 I/PowerManagerService(  452): Going to sleep by user request...
04-23 14:46:53.350 V/SleepAndWakeUpTest( 1762): goToSleep
04-23 14:46:53.840 D/SurfaceFlinger(  114): Screen released, type=0 flinger=0x40db1450
04-23 14:46:53.870 V/audio_hw_primary(  117): adev_set_parameters, screen_state=off
04-23 14:46:53.890 I/qtaguid (  452): Failed write_ctrl(s 0 10012) res=-1 errno=1
04-23 14:46:53.890 W/NetworkManagementSocketTagger(  452): setKernelCountSet(10012, 0) failed with errno -1
04-23 14:46:54.330 D/PowerManagerService-JNI(  452): Excessive delay in autosuspend_enable() while turning screen off: 398ms
04-23 14:47:04.060 D/PowerManagerService(  452): mHoldBootFastWakeLock = false
04-23 14:47:04.070 V/SleepAndWakeUpTest( 1762): AlarmReceiver
04-23 14:47:04.080 D/SensorManager(  452): >>>>>>> set discard sensrtime =3
04-23 14:47:04.080 I/PowerManagerService(  452): Waking up from sleep...
04-23 14:47:04.110 V/KeyguardServiceDelegate(  452): onScreenTurnedOn(showListener = com.android.internal.policy.impl.PhoneWindowManager$18@41f90878)
04-23 14:47:04.110 V/KeyguardServiceDelegate(  452): **** SHOWN CALLED ****
04-23 14:47:04.110 I/WindowManager(  452): No lock screen! windowToken=null
04-23 14:47:04.140 D/SurfaceFlinger(  114): Screen acquired, type=0 flinger=0x40db1450
04-23 14:47:04.140 V/SleepAndWakeUpTest( 1762): wakeUp
04-23 14:47:04.140 W/ContextImpl( 1762): Calling a method in the system process without a qualified user: android.app.ContextImpl.sendBroadcast:1123 android.content.ContextWrapper.sendBroadcast:365 android.content.ContextWrapper.sendBroadcast:365 com.allwinnertech.sleepandwakeupclock.AlarmReceiver.onReceive:30 android.app.ActivityThread.handleReceiver:2419 
04-23 14:47:04.220 V/audio_hw_primary(  117): adev_set_parameters, screen_state=on
04-23 14:47:04.270 V/SleepAndWakeUpTest( 1762): mBroadcastReceiver
04-23 14:47:04.270 I/qtaguid (  452): Failed write_ctrl(s 1 10012) res=-1 errno=1
04-23 14:47:04.270 W/NetworkManagementSocketTagger(  452): setKernelCountSet(10012, 1) failed with errno -1
04-23 14:47:04.280 V/SleepAndWakeUpTest( 1762): cancelScheduledInstance
04-23 14:47:04.450 D/SensorManager(  452): discard gsensor data ...
04-23 14:47:04.870 D/SensorManager(  452): discard gsensor data ...
04-23 14:47:05.640 D/SensorManager(  452): discard gsensor data ...
04-23 14:47:13.240 D/dalvikvm(  452): GC_FOR_ALLOC freed 958K, 13% free 10234K/11752K, paused 99ms, total 101ms
04-23 14:47:14.310 V/SleepAndWakeUpTest( 1762): scheduleInstanceStateChange
04-23 14:47:14.330 I/PowerManagerService(  452): Going to sleep by user request...
04-23 14:47:14.370 V/SleepAndWakeUpTest( 1762): goToSleep
04-23 14:47:14.860 D/SurfaceFlinger(  114): Screen released, type=0 flinger=0x40db1450
04-23 14:47:14.910 V/audio_hw_primary(  117): adev_set_parameters, screen_state=off
04-23 14:47:14.910 I/qtaguid (  452): Failed write_ctrl(s 0 10012) res=-1 errno=1
04-23 14:47:14.910 W/NetworkManagementSocketTagger(  452): setKernelCountSet(10012, 0) failed with errno -1
04-23 14:47:15.340 D/PowerManagerService-JNI(  452): Excessive delay in autosuspend_enable() while turning screen off: 384ms
04-23 14:47:25.070 D/PowerManagerService(  452): mHoldBootFastWakeLock = false
04-23 14:47:25.090 V/SleepAndWakeUpTest( 1762): AlarmReceiver
04-23 14:47:25.090 D/SensorManager(  452): >>>>>>> set discard sensrtime =3
04-23 14:47:25.090 I/PowerManagerService(  452): Waking up from sleep...
04-23 14:47:25.120 V/KeyguardServiceDelegate(  452): onScreenTurnedOn(showListener = com.android.internal.policy.impl.PhoneWindowManager$18@4243a5e8)
04-23 14:47:25.120 V/KeyguardServiceDelegate(  452): **** SHOWN CALLED ****
04-23 14:47:25.120 I/WindowManager(  452): No lock screen! windowToken=null
04-23 14:47:25.140 D/SurfaceFlinger(  114): Screen acquired, type=0 flinger=0x40db1450
04-23 14:47:25.140 V/SleepAndWakeUpTest( 1762): wakeUp
04-23 14:47:25.140 W/ContextImpl( 1762): Calling a method in the system process without a qualified user: android.app.ContextImpl.sendBroadcast:1123 android.content.ContextWrapper.sendBroadcast:365 android.content.ContextWrapper.sendBroadcast:365 com.allwinnertech.sleepandwakeupclock.AlarmReceiver.onReceive:30 android.app.ActivityThread.handleReceiver:2419 
04-23 14:47:25.220 V/audio_hw_primary(  117): adev_set_parameters, screen_state=on
04-23 14:47:25.270 D/SurfaceControl(  452): Excessive delay in unblankDisplay() while turning screen on: 122ms
04-23 14:47:25.270 V/SleepAndWakeUpTest( 1762): mBroadcastReceiver
04-23 14:47:25.270 V/SleepAndWakeUpTest( 1762): cancelScheduledInstance
04-23 14:47:25.290 I/qtaguid (  452): Failed write_ctrl(s 1 10012) res=-1 errno=1
04-23 14:47:25.290 W/NetworkManagementSocketTagger(  452): setKernelCountSet(10012, 1) failed with errno -1
04-23 14:47:25.320 D/SensorManager(  452): discard gsensor data ...
04-23 14:47:26.160 D/SensorManager(  452): discard gsensor data ...
04-23 14:47:26.510 D/SensorManager(  452): discard gsensor data ...
04-23 14:47:34.320 D/ConnectivityService(  452): Sampling interval elapsed, updating statistics ..
04-23 14:47:34.340 D/ConnectivityService(  452): Done.
04-23 14:47:34.340 D/ConnectivityService(  452): Setting timer for 720seconds
04-23 14:47:35.290 V/SleepAndWakeUpTest( 1762): scheduleInstanceStateChange
04-23 14:47:35.310 I/PowerManagerService(  452): Going to sleep by user request...
04-23 14:47:35.360 V/SleepAndWakeUpTest( 1762): goToSleep
04-23 14:47:35.810 D/SurfaceFlinger(  114): Screen released, type=0 flinger=0x40db1450
04-23 14:47:35.900 V/audio_hw_primary(  117): adev_set_parameters, screen_state=off
04-23 14:47:35.900 I/qtaguid (  452): Failed write_ctrl(s 0 10012) res=-1 errno=1
04-23 14:47:35.900 W/NetworkManagementSocketTagger(  452): setKernelCountSet(10012, 0) failed with errno -1
04-23 14:47:35.920 D/SurfaceControl(  452): Excessive delay in blankDisplay() while turning screen off: 108ms
04-23 14:47:36.340 D/PowerManagerService-JNI(  452): Excessive delay in autosuspend_enable() while turning screen off: 394ms
04-23 14:47:46.090 D/PowerManagerService(  452): mHoldBootFastWakeLock = false
04-23 14:47:46.110 V/SleepAndWakeUpTest( 1762): AlarmReceiver
04-23 14:47:46.110 D/SensorManager(  452): >>>>>>> set discard sensrtime =3
04-23 14:47:46.110 V/KeyguardServiceDelegate(  452): onScreenTurnedOn(showListener = com.android.internal.policy.impl.PhoneWindowManager$18@424dd7e0)
04-23 14:47:46.110 I/PowerManagerService(  452): Waking up from sleep...
04-23 14:47:46.120 V/KeyguardServiceDelegate(  452): **** SHOWN CALLED ****
04-23 14:47:46.120 I/WindowManager(  452): No lock screen! windowToken=null
04-23 14:47:46.190 V/audio_hw_primary(  117): adev_set_parameters, screen_state=on
04-23 14:47:46.200 V/SleepAndWakeUpTest( 1762): wakeUp
04-23 14:47:46.200 W/ContextImpl( 1762): Calling a method in the system process without a qualified user: android.app.ContextImpl.sendBroadcast:1123 android.content.ContextWrapper.sendBroadcast:365 android.content.ContextWrapper.sendBroadcast:365 com.allwinnertech.sleepandwakeupclock.AlarmReceiver.onReceive:30 android.app.ActivityThread.handleReceiver:2419 
04-23 14:47:46.210 D/SurfaceFlinger(  114): Screen acquired, type=0 flinger=0x40db1450
04-23 14:47:46.290 I/qtaguid (  452): Failed write_ctrl(s 1 10012) res=-1 errno=1
04-23 14:47:46.290 W/NetworkManagementSocketTagger(  452): setKernelCountSet(10012, 1) failed with errno -1
04-23 14:47:46.290 V/SleepAndWakeUpTest( 1762): mBroadcastReceiver
04-23 14:47:46.290 V/SleepAndWakeUpTest( 1762): cancelScheduledInstance
04-23 14:47:46.360 D/dalvikvm(  517): GC_CONCURRENT freed 1948K, 50% free 10482K/20792K, paused 5ms+6ms, total 104ms
04-23 14:47:46.360 D/dalvikvm(  517): WAIT_FOR_CONCURRENT_GC blocked 23ms
04-23 14:47:47.860 D/SensorManager(  452): discard gsensor data ...
04-23 14:47:48.000 D/SensorManager(  452): discard gsensor data ...
04-23 14:47:48.140 D/SensorManager(  452): discard gsensor data ...
04-23 14:47:56.330 V/SleepAndWakeUpTest( 1762): scheduleInstanceStateChange
04-23 14:47:56.330 I/PowerManagerService(  452): Going to sleep by user request...
04-23 14:47:56.340 V/SleepAndWakeUpTest( 1762): goToSleep
04-23 14:47:56.820 D/SurfaceFlinger(  114): Screen released, type=0 flinger=0x40db1450
04-23 14:47:56.850 V/audio_hw_primary(  117): adev_set_parameters, screen_state=off
04-23 14:47:56.870 I/qtaguid (  452): Failed write_ctrl(s 0 10012) res=-1 errno=1
04-23 14:47:56.870 W/NetworkManagementSocketTagger(  452): setKernelCountSet(10012, 0) failed with errno -1
04-23 14:47:57.270 D/PowerManagerService-JNI(  452): Excessive delay in autosuspend_enable() while turning screen off: 385ms
04-23 14:48:07.130 D/dalvikvm(  452): GC_FOR_ALLOC freed 993K, 13% free 10235K/11752K, paused 87ms, total 88ms
04-23 14:48:07.140 D/PowerManagerService(  452): mHoldBootFastWakeLock = false
04-23 14:48:07.160 V/SleepAndWakeUpTest( 1762): AlarmReceiver
04-23 14:48:07.160 D/SensorManager(  452): >>>>>>> set discard sensrtime =3
04-23 14:48:07.160 V/KeyguardServiceDelegate(  452): onScreenTurnedOn(showListener = com.android.internal.policy.impl.PhoneWindowManager$18@42553860)
04-23 14:48:07.160 I/PowerManagerService(  452): Waking up from sleep...
04-23 14:48:07.170 V/KeyguardServiceDelegate(  452): **** SHOWN CALLED ****
04-23 14:48:07.170 I/WindowManager(  452): No lock screen! windowToken=null
04-23 14:48:07.220 D/SurfaceFlinger(  114): Screen acquired, type=0 flinger=0x40db1450
04-23 14:48:07.240 V/SleepAndWakeUpTest( 1762): wakeUp
04-23 14:48:07.240 W/ContextImpl( 1762): Calling a method in the system process without a qualified user: android.app.ContextImpl.sendBroadcast:1123 android.content.ContextWrapper.sendBroadcast:365 android.content.ContextWrapper.sendBroadcast:365 com.allwinnertech.sleepandwakeupclock.AlarmReceiver.onReceive:30 android.app.ActivityThread.handleReceiver:2419 
04-23 14:48:07.360 V/audio_hw_primary(  117): adev_set_parameters, screen_state=on
04-23 14:48:07.370 V/SleepAndWakeUpTest( 1762): mBroadcastReceiver
04-23 14:48:07.380 I/qtaguid (  452): Failed write_ctrl(s 1 10012) res=-1 errno=1
04-23 14:48:07.380 W/NetworkManagementSocketTagger(  452): setKernelCountSet(10012, 1) failed with errno -1
04-23 14:48:07.380 V/SleepAndWakeUpTest( 1762): cancelScheduledInstance
04-23 14:48:08.210 D/SensorManager(  452): discard gsensor data ...
04-23 14:48:08.560 D/SensorManager(  452): discard gsensor data ...
04-23 14:48:08.770 D/SensorManager(  452): discard gsensor data ...
04-23 14:48:17.410 V/SleepAndWakeUpTest( 1762): scheduleInstanceStateChange
04-23 14:48:17.430 I/PowerManagerService(  452): Going to sleep by user request...
04-23 14:48:17.500 V/SleepAndWakeUpTest( 1762): goToSleep
04-23 14:48:17.980 D/SurfaceFlinger(  114): Screen released, type=0 flinger=0x40db1450
04-23 14:48:18.030 V/audio_hw_primary(  117): adev_set_parameters, screen_state=off
04-23 14:48:18.030 I/qtaguid (  452): Failed write_ctrl(s 0 10012) res=-1 errno=1
04-23 14:48:18.030 W/NetworkManagementSocketTagger(  452): setKernelCountSet(10012, 0) failed with errno -1
04-23 14:48:18.470 D/PowerManagerService-JNI(  452): Excessive delay in autosuspend_enable() while turning screen off: 393ms
04-23 14:48:28.060 V/SleepAndWakeUpTest( 1762): AlarmReceiver
04-23 14:48:28.060 D/SensorManager(  452): >>>>>>> set discard sensrtime =3
04-23 14:48:28.060 D/PowerManagerService(  452): mHoldBootFastWakeLock = false
04-23 14:48:28.060 I/PowerManagerService(  452): Waking up from sleep...
04-23 14:48:28.070 V/KeyguardServiceDelegate(  452): onScreenTurnedOn(showListener = com.android.internal.policy.impl.PhoneWindowManager$18@423725b0)
04-23 14:48:28.070 V/KeyguardServiceDelegate(  452): **** SHOWN CALLED ****
04-23 14:48:28.080 I/WindowManager(  452): No lock screen! windowToken=null
04-23 14:48:28.130 V/audio_hw_primary(  117): adev_set_parameters, screen_state=on
04-23 14:48:28.150 V/SleepAndWakeUpTest( 1762): wakeUp
04-23 14:48:28.150 W/ContextImpl( 1762): Calling a method in the system process without a qualified user: android.app.ContextImpl.sendBroadcast:1123 android.content.ContextWrapper.sendBroadcast:365 android.content.ContextWrapper.sendBroadcast:365 com.allwinnertech.sleepandwakeupclock.AlarmReceiver.onReceive:30 android.app.ActivityThread.handleReceiver:2419 
04-23 14:48:28.160 D/SurfaceFlinger(  114): Screen acquired, type=0 flinger=0x40db1450
04-23 14:48:28.260 D/SurfaceControl(  452): Excessive delay in unblankDisplay() while turning screen on: 112ms
04-23 14:48:28.280 I/qtaguid (  452): Failed write_ctrl(s 1 10012) res=-1 errno=1
04-23 14:48:28.280 W/NetworkManagementSocketTagger(  452): setKernelCountSet(10012, 1) failed with errno -1
04-23 14:48:28.290 V/SleepAndWakeUpTest( 1762): mBroadcastReceiver
04-23 14:48:28.330 V/SleepAndWakeUpTest( 1762): cancelScheduledInstance
04-23 14:48:31.290 D/SensorManager(  452): discard gsensor data ...
04-23 14:48:31.570 D/SensorManager(  452): discard gsensor data ...
04-23 14:48:32.900 D/SensorManager(  452): discard gsensor data ...
04-23 14:48:38.350 V/SleepAndWakeUpTest( 1762): scheduleInstanceStateChange
04-23 14:48:38.360 I/PowerManagerService(  452): Going to sleep by user request...
04-23 14:48:38.480 V/SleepAndWakeUpTest( 1762): goToSleep
04-23 14:48:38.880 D/SurfaceFlinger(  114): Screen released, type=0 flinger=0x40db1450
04-23 14:48:38.970 V/audio_hw_primary(  117): adev_set_parameters, screen_state=off
04-23 14:48:38.980 I/qtaguid (  452): Failed write_ctrl(s 0 10012) res=-1 errno=1
04-23 14:48:38.980 W/NetworkManagementSocketTagger(  452): setKernelCountSet(10012, 0) failed with errno -1
04-23 14:48:39.000 D/SurfaceControl(  452): Excessive delay in blankDisplay() while turning screen off: 117ms
04-23 14:48:39.410 D/PowerManagerService-JNI(  452): Excessive delay in autosuspend_enable() while turning screen off: 381ms
04-23 14:48:50.050 V/SleepAndWakeUpTest( 1762): AlarmReceiver
04-23 14:48:50.050 D/SensorManager(  452): >>>>>>> set discard sensrtime =3
04-23 14:48:50.050 V/KeyguardServiceDelegate(  452): onScreenTurnedOn(showListener = com.android.internal.policy.impl.PhoneWindowManager$18@42531a88)
04-23 14:48:50.050 I/PowerManagerService(  452): Waking up from sleep...
04-23 14:48:50.060 V/KeyguardServiceDelegate(  452): **** SHOWN CALLED ****
04-23 14:48:50.060 I/WindowManager(  452): No lock screen! windowToken=null
04-23 14:48:50.120 V/audio_hw_primary(  117): adev_set_parameters, screen_state=on
04-23 14:48:50.170 D/SurfaceFlinger(  114): Screen acquired, type=0 flinger=0x40db1450
04-23 14:48:50.230 V/SleepAndWakeUpTest( 1762): wakeUp
04-23 14:48:50.230 I/qtaguid (  452): Failed write_ctrl(s 1 10012) res=-1 errno=1
04-23 14:48:50.230 W/NetworkManagementSocketTagger(  452): setKernelCountSet(10012, 1) failed with errno -1
04-23 14:48:50.250 D/SurfaceControl(  452): Excessive delay in unblankDisplay() while turning screen on: 108ms
04-23 14:48:50.250 V/SleepAndWakeUpTest( 1762): mBroadcastReceiver
04-23 14:48:50.250 W/ContextImpl( 1762): Calling a method in the system process without a qualified user: android.app.ContextImpl.sendBroadcast:1123 android.content.ContextWrapper.sendBroadcast:365 android.content.ContextWrapper.sendBroadcast:365 com.allwinnertech.sleepandwakeupclock.AlarmReceiver.onReceive:30 android.app.ActivityThread.handleReceiver:2419 
04-23 14:48:50.260 V/SleepAndWakeUpTest( 1762): cancelScheduledInstance
04-23 14:48:51.380 D/SensorManager(  452): discard gsensor data ...
04-23 14:48:51.870 D/SensorManager(  452): discard gsensor data ...
04-23 14:48:53.060 D/SensorManager(  452): discard gsensor data ...
04-23 14:49:00.290 V/SleepAndWakeUpTest( 1762): scheduleInstanceStateChange
04-23 14:49:00.290 I/PowerManagerService(  452): Going to sleep by user request...
04-23 14:49:00.340 V/SleepAndWakeUpTest( 1762): goToSleep
04-23 14:49:00.780 D/SurfaceFlinger(  114): Screen released, type=0 flinger=0x40db1450
04-23 14:49:00.870 V/audio_hw_primary(  117): adev_set_parameters, screen_state=off
04-23 14:49:00.890 I/qtaguid (  452): Failed write_ctrl(s 0 10012) res=-1 errno=1
04-23 14:49:00.890 W/NetworkManagementSocketTagger(  452): setKernelCountSet(10012, 0) failed with errno -1
04-23 14:49:00.900 D/SurfaceControl(  452): Excessive delay in blankDisplay() while turning screen off: 121ms
04-23 14:49:01.340 D/PowerManagerService-JNI(  452): Excessive delay in autosuspend_enable() while turning screen off: 403ms
04-23 14:49:12.060 D/dalvikvm(  452): JIT code cache reset in 4 ms (1535928 bytes 9/0)
04-23 14:49:12.070 D/dalvikvm(  452): GC_FOR_ALLOC freed 987K, 13% free 10236K/11752K, paused 971ms, total 977ms
04-23 14:49:12.110 D/PowerManagerService(  452): mHoldBootFastWakeLock = false
04-23 14:49:12.120 V/SleepAndWakeUpTest( 1762): AlarmReceiver
04-23 14:49:12.120 D/SensorManager(  452): >>>>>>> set discard sensrtime =3
04-23 14:49:12.120 I/PowerManagerService(  452): Waking up from sleep...
04-23 14:49:12.130 V/KeyguardServiceDelegate(  452): onScreenTurnedOn(showListener = com.android.internal.policy.impl.PhoneWindowManager$18@424fd470)
04-23 14:49:12.130 V/KeyguardServiceDelegate(  452): **** SHOWN CALLED ****
04-23 14:49:12.130 I/WindowManager(  452): No lock screen! windowToken=null
04-23 14:49:12.210 V/audio_hw_primary(  117): adev_set_parameters, screen_state=on
04-23 14:49:12.240 V/SleepAndWakeUpTest( 1762): wakeUp
04-23 14:49:12.310 D/SurfaceFlinger(  114): Screen acquired, type=0 flinger=0x40db1450
04-23 14:49:12.320 I/qtaguid (  452): Failed write_ctrl(s 1 10012) res=-1 errno=1
04-23 14:49:12.320 W/NetworkManagementSocketTagger(  452): setKernelCountSet(10012, 1) failed with errno -1
04-23 14:49:12.350 W/ContextImpl( 1762): Calling a method in the system process without a qualified user: android.app.ContextImpl.sendBroadcast:1123 android.content.ContextWrapper.sendBroadcast:365 android.content.ContextWrapper.sendBroadcast:365 com.allwinnertech.sleepandwakeupclock.AlarmReceiver.onReceive:30 android.app.ActivityThread.handleReceiver:2419 
04-23 14:49:12.380 V/SleepAndWakeUpTest( 1762): mBroadcastReceiver
04-23 14:49:12.410 V/SleepAndWakeUpTest( 1762): cancelScheduledInstance
04-23 14:49:12.440 D/dalvikvm( 1762): GC_CONCURRENT freed 383K, 10% free 5020K/5552K, paused 23ms+2ms, total 126ms
04-23 14:49:13.110 D/SensorManager(  452): discard gsensor data ...
04-23 14:49:13.390 D/SensorManager(  452): discard gsensor data ...
04-23 14:49:13.460 D/SensorManager(  452): discard gsensor data ...
04-23 14:49:22.460 V/SleepAndWakeUpTest( 1762): scheduleInstanceStateChange
04-23 14:49:22.470 I/PowerManagerService(  452): Going to sleep by user request...
04-23 14:49:22.520 V/SleepAndWakeUpTest( 1762): goToSleep
04-23 14:49:23.010 D/SurfaceFlinger(  114): Screen released, type=0 flinger=0x40db1450
04-23 14:49:23.070 V/audio_hw_primary(  117): adev_set_parameters, screen_state=off
04-23 14:49:23.080 I/qtaguid (  452): Failed write_ctrl(s 0 10012) res=-1 errno=1
04-23 14:49:23.080 W/NetworkManagementSocketTagger(  452): setKernelCountSet(10012, 0) failed with errno -1
04-23 14:49:23.520 D/PowerManagerService-JNI(  452): Excessive delay in autosuspend_enable() while turning screen off: 383ms
04-23 14:49:31.040 I/wpa_supplicant(  513): wlan0: WPA: Group rekeying completed with a4:93:4c:b1:4a:5f [GTK=CCMP]
04-23 14:49:31.070 D/PowerManagerService(  452): mHoldBootFastWakeLock = false
04-23 14:49:32.470 V/SleepAndWakeUpTest( 1762): AlarmReceiver
04-23 14:49:32.480 I/PowerManagerService(  452): Waking up from sleep...
04-23 14:49:32.490 D/SensorManager(  452): >>>>>>> set discard sensrtime =3
04-23 14:49:32.490 V/KeyguardServiceDelegate(  452): onScreenTurnedOn(showListener = com.android.internal.policy.impl.PhoneWindowManager$18@422fa0b8)
04-23 14:49:32.520 V/KeyguardServiceDelegate(  452): **** SHOWN CALLED ****
04-23 14:49:32.520 I/WindowManager(  452): No lock screen! windowToken=null
04-23 14:49:32.610 V/SleepAndWakeUpTest( 1762): wakeUp
04-23 14:49:32.610 D/SurfaceFlinger(  114): Screen acquired, type=0 flinger=0x40db1450
04-23 14:49:32.610 W/ContextImpl( 1762): Calling a method in the system process without a qualified user: android.app.ContextImpl.sendBroadcast:1123 android.content.ContextWrapper.sendBroadcast:365 android.content.ContextWrapper.sendBroadcast:365 com.allwinnertech.sleepandwakeupclock.AlarmReceiver.onReceive:30 android.app.ActivityThread.handleReceiver:2419 
04-23 14:49:32.710 V/audio_hw_primary(  117): adev_set_parameters, screen_state=on
04-23 14:49:32.720 D/SurfaceControl(  452): Excessive delay in unblankDisplay() while turning screen on: 118ms
04-23 14:49:32.730 V/SleepAndWakeUpTest( 1762): mBroadcastReceiver
04-23 14:49:32.730 I/qtaguid (  452): Failed write_ctrl(s 1 10012) res=-1 errno=1
04-23 14:49:32.730 W/NetworkManagementSocketTagger(  452): setKernelCountSet(10012, 1) failed with errno -1
04-23 14:49:32.740 V/SleepAndWakeUpTest( 1762): cancelScheduledInstance
04-23 14:49:33.330 D/SensorManager(  452): discard gsensor data ...
04-23 14:49:34.030 D/SensorManager(  452): discard gsensor data ...
04-23 14:49:34.240 D/SensorManager(  452): discard gsensor data ...
04-23 14:49:42.770 V/SleepAndWakeUpTest( 1762): scheduleInstanceStateChange
04-23 14:49:42.790 I/PowerManagerService(  452): Going to sleep by user request...
04-23 14:49:42.830 V/SleepAndWakeUpTest( 1762): goToSleep
04-23 14:49:43.320 D/SurfaceFlinger(  114): Screen released, type=0 flinger=0x40db1450
04-23 14:49:43.370 V/audio_hw_primary(  117): adev_set_parameters, screen_state=off
04-23 14:49:43.380 I/qtaguid (  452): Failed write_ctrl(s 0 10012) res=-1 errno=1
04-23 14:49:43.380 W/NetworkManagementSocketTagger(  452): setKernelCountSet(10012, 0) failed with errno -1
04-23 14:49:43.810 D/PowerManagerService-JNI(  452): Excessive delay in autosuspend_enable() while turning screen off: 387ms
04-23 14:49:54.060 V/SleepAndWakeUpTest( 1762): AlarmReceiver
04-23 14:49:54.060 D/PowerManagerService(  452): mHoldBootFastWakeLock = false
04-23 14:49:54.070 D/SensorManager(  452): >>>>>>> set discard sensrtime =3
04-23 14:49:54.070 I/PowerManagerService(  452): Waking up from sleep...
04-23 14:49:54.090 V/KeyguardServiceDelegate(  452): onScreenTurnedOn(showListener = com.android.internal.policy.impl.PhoneWindowManager$18@42409da0)
04-23 14:49:54.100 V/KeyguardServiceDelegate(  452): **** SHOWN CALLED ****
04-23 14:49:54.100 I/WindowManager(  452): No lock screen! windowToken=null
04-23 14:49:54.210 V/SleepAndWakeUpTest( 1762): wakeUp
04-23 14:49:54.250 D/SurfaceFlinger(  114): Screen acquired, type=0 flinger=0x40db1450
04-23 14:49:54.250 D/SurfaceControl(  452): Excessive delay in unblankDisplay() while turning screen on: 157ms
04-23 14:49:54.250 W/ContextImpl( 1762): Calling a method in the system process without a qualified user: android.app.ContextImpl.sendBroadcast:1123 android.content.ContextWrapper.sendBroadcast:365 android.content.ContextWrapper.sendBroadcast:365 com.allwinnertech.sleepandwakeupclock.AlarmReceiver.onReceive:30 android.app.ActivityThread.handleReceiver:2419 
04-23 14:49:54.290 V/audio_hw_primary(  117): adev_set_parameters, screen_state=on
04-23 14:49:54.300 V/SleepAndWakeUpTest( 1762): mBroadcastReceiver
04-23 14:49:54.300 V/SleepAndWakeUpTest( 1762): cancelScheduledInstance
04-23 14:49:54.320 I/qtaguid (  452): Failed write_ctrl(s 1 10012) res=-1 errno=1
04-23 14:49:54.320 W/NetworkManagementSocketTagger(  452): setKernelCountSet(10012, 1) failed with errno -1
04-23 14:49:54.360 D/SensorManager(  452): discard gsensor data ...
04-23 14:49:54.640 D/SensorManager(  452): discard gsensor data ...
04-23 14:49:54.780 D/SensorManager(  452): discard gsensor data ...
04-23 14:49:55.470 D/dalvikvm(  452): GC_FOR_ALLOC freed 991K, 13% free 10237K/11752K, paused 158ms, total 159ms
04-23 14:50:04.320 V/SleepAndWakeUpTest( 1762): scheduleInstanceStateChange
04-23 14:50:04.340 I/PowerManagerService(  452): Going to sleep by user request...
04-23 14:50:04.350 V/SleepAndWakeUpTest( 1762): goToSleep
04-23 14:50:04.790 D/SurfaceFlinger(  114): Screen released, type=0 flinger=0x40db1450
04-23 14:50:04.880 V/audio_hw_primary(  117): adev_set_parameters, screen_state=off
04-23 14:50:04.890 I/qtaguid (  452): Failed write_ctrl(s 0 10012) res=-1 errno=1
04-23 14:50:04.890 W/NetworkManagementSocketTagger(  452): setKernelCountSet(10012, 0) failed with errno -1
04-23 14:50:04.910 D/SurfaceControl(  452): Excessive delay in blankDisplay() while turning screen off: 126ms
04-23 14:50:05.330 D/PowerManagerService-JNI(  452): Excessive delay in autosuspend_enable() while turning screen off: 381ms
04-23 14:50:15.040 V/SleepAndWakeUpTest( 1762): AlarmReceiver
04-23 14:50:15.040 V/SleepAndWakeUpTest( 1762): wakeUp
04-23 14:50:15.040 D/SensorManager(  452): >>>>>>> set discard sensrtime =3
04-23 14:50:15.040 I/PowerManagerService(  452): Waking up from sleep...
04-23 14:50:15.050 V/KeyguardServiceDelegate(  452): onScreenTurnedOn(showListener = com.android.internal.policy.impl.PhoneWindowManager$18@42436908)
04-23 14:50:15.060 V/KeyguardServiceDelegate(  452): **** SHOWN CALLED ****
04-23 14:50:15.060 I/WindowManager(  452): No lock screen! windowToken=null
04-23 14:50:15.070 W/ContextImpl( 1762): Calling a method in the system process without a qualified user: android.app.ContextImpl.sendBroadcast:1123 android.content.ContextWrapper.sendBroadcast:365 android.content.ContextWrapper.sendBroadcast:365 com.allwinnertech.sleepandwakeupclock.AlarmReceiver.onReceive:30 android.app.ActivityThread.handleReceiver:2419 
04-23 14:50:15.080 D/PowerManagerService(  452): mHoldBootFastWakeLock = false
04-23 14:50:15.090 V/SleepAndWakeUpTest( 1762): mBroadcastReceiver
04-23 14:50:15.090 V/SleepAndWakeUpTest( 1762): cancelScheduledInstance
04-23 14:50:15.090 D/SurfaceFlinger(  114): Screen acquired, type=0 flinger=0x40db1450
04-23 14:50:15.120 V/audio_hw_primary(  117): adev_set_parameters, screen_state=on
04-23 14:50:15.180 I/qtaguid (  452): Failed write_ctrl(s 1 10012) res=-1 errno=1
04-23 14:50:15.180 W/NetworkManagementSocketTagger(  452): setKernelCountSet(10012, 1) failed with errno -1
04-23 14:50:15.890 D/SensorManager(  452): discard gsensor data ...
04-23 14:50:16.520 D/SensorManager(  452): discard gsensor data ...
04-23 14:50:16.590 D/SensorManager(  452): discard gsensor data ...
04-23 14:50:25.110 V/SleepAndWakeUpTest( 1762): scheduleInstanceStateChange
04-23 14:50:25.130 I/PowerManagerService(  452): Going to sleep by user request...
04-23 14:50:25.150 V/SleepAndWakeUpTest( 1762): goToSleep
04-23 14:50:25.580 D/SurfaceFlinger(  114): Screen released, type=0 flinger=0x40db1450
04-23 14:50:25.680 V/audio_hw_primary(  117): adev_set_parameters, screen_state=off
04-23 14:50:25.690 I/qtaguid (  452): Failed write_ctrl(s 0 10012) res=-1 errno=1
04-23 14:50:25.690 W/NetworkManagementSocketTagger(  452): setKernelCountSet(10012, 0) failed with errno -1
04-23 14:50:25.700 D/SurfaceControl(  452): Excessive delay in blankDisplay() while turning screen off: 124ms
04-23 14:50:26.120 D/PowerManagerService-JNI(  452): Excessive delay in autosuspend_enable() while turning screen off: 382ms
04-23 14:50:36.050 D/PowerManagerService(  452): mHoldBootFastWakeLock = false
04-23 14:50:36.060 V/SleepAndWakeUpTest( 1762): AlarmReceiver
04-23 14:50:36.060 V/SleepAndWakeUpTest( 1762): wakeUp
04-23 14:50:36.060 D/SensorManager(  452): >>>>>>> set discard sensrtime =3
04-23 14:50:36.060 V/KeyguardServiceDelegate(  452): onScreenTurnedOn(showListener = com.android.internal.policy.impl.PhoneWindowManager$18@41fa90b0)
04-23 14:50:36.060 V/KeyguardServiceDelegate(  452): **** SHOWN CALLED ****
04-23 14:50:36.060 I/PowerManagerService(  452): Waking up from sleep...
04-23 14:50:36.060 W/ContextImpl( 1762): Calling a method in the system process without a qualified user: android.app.ContextImpl.sendBroadcast:1123 android.content.ContextWrapper.sendBroadcast:365 android.content.ContextWrapper.sendBroadcast:365 com.allwinnertech.sleepandwakeupclock.AlarmReceiver.onReceive:30 android.app.ActivityThread.handleReceiver:2419 
04-23 14:50:36.060 I/WindowManager(  452): No lock screen! windowToken=null
04-23 14:50:36.080 D/SurfaceFlinger(  114): Screen acquired, type=0 flinger=0x40db1450
04-23 14:50:36.110 V/SleepAndWakeUpTest( 1762): mBroadcastReceiver
04-23 14:50:36.150 V/audio_hw_primary(  117): adev_set_parameters, screen_state=on
04-23 14:50:36.180 I/qtaguid (  452): Failed write_ctrl(s 1 10012) res=-1 errno=1
04-23 14:50:36.180 W/NetworkManagementSocketTagger(  452): setKernelCountSet(10012, 1) failed with errno -1
04-23 14:50:36.210 D/SensorManager(  452): discard gsensor data ...
04-23 14:50:36.240 V/SleepAndWakeUpTest( 1762): cancelScheduledInstance
04-23 14:50:36.300 D/dalvikvm(  517): GC_CONCURRENT freed 1939K, 50% free 10552K/20792K, paused 22ms+26ms, total 160ms
04-23 14:50:36.420 D/SensorManager(  452): discard gsensor data ...
04-23 14:50:39.090 D/SensorManager(  452): discard gsensor data ...
04-23 14:50:46.270 V/SleepAndWakeUpTest( 1762): scheduleInstanceStateChange
04-23 14:50:46.280 I/PowerManagerService(  452): Going to sleep by user request...
04-23 14:50:46.290 V/SleepAndWakeUpTest( 1762): goToSleep
04-23 14:50:46.730 D/SurfaceFlinger(  114): Screen released, type=0 flinger=0x40db1450
04-23 14:50:46.820 V/audio_hw_primary(  117): adev_set_parameters, screen_state=off
04-23 14:50:46.830 I/qtaguid (  452): Failed write_ctrl(s 0 10012) res=-1 errno=1
04-23 14:50:46.830 W/NetworkManagementSocketTagger(  452): setKernelCountSet(10012, 0) failed with errno -1
04-23 14:50:46.850 D/SurfaceControl(  452): Excessive delay in blankDisplay() while turning screen off: 122ms
04-23 14:50:47.260 D/PowerManagerService-JNI(  452): Excessive delay in autosuspend_enable() while turning screen off: 382ms
04-23 14:50:58.130 D/dalvikvm(  452): GC_FOR_ALLOC freed 958K, 13% free 10232K/11752K, paused 87ms, total 90ms
04-23 14:50:58.130 V/SleepAndWakeUpTest( 1762): AlarmReceiver
04-23 14:50:58.140 D/PowerManagerService(  452): mHoldBootFastWakeLock = false
04-23 14:50:58.160 D/SensorManager(  452): >>>>>>> set discard sensrtime =3
04-23 14:50:58.160 V/KeyguardServiceDelegate(  452): onScreenTurnedOn(showListener = com.android.internal.policy.impl.PhoneWindowManager$18@4252e690)
04-23 14:50:58.160 I/PowerManagerService(  452): Waking up from sleep...
04-23 14:50:58.170 V/KeyguardServiceDelegate(  452): **** SHOWN CALLED ****
04-23 14:50:58.170 I/WindowManager(  452): No lock screen! windowToken=null
04-23 14:50:58.230 V/audio_hw_primary(  117): adev_set_parameters, screen_state=on
04-23 14:50:58.260 D/SurfaceFlinger(  114): Screen acquired, type=0 flinger=0x40db1450
04-23 14:50:58.340 I/qtaguid (  452): Failed write_ctrl(s 1 10012) res=-1 errno=1
04-23 14:50:58.340 W/NetworkManagementSocketTagger(  452): setKernelCountSet(10012, 1) failed with errno -1
04-23 14:50:58.350 V/SleepAndWakeUpTest( 1762): wakeUp
