04-23 14:55:16.430 I/hwcomposer(  114): hwcdev_try_to_assign_pipe: We use not config memory
04-23 14:55:16.430 I/hwcomposer(  114): hwcdev_try_to_assign_pipe: We use not config memory
04-23 14:55:16.430 I/hwcomposer(  114): hwcdev_try_to_assign_pipe: We use not config memory
04-23 14:55:16.430 D/gralloc (  114): ION_HEAP_CARVEOUT_MASK alloc
04-23 14:55:16.450 I/qtaguid (  452): Failed write_ctrl(s 0 10012) res=-1 errno=1
04-23 14:55:16.450 W/NetworkManagementSocketTagger(  452): setKernelCountSet(10012, 0) failed with errno -1
04-23 14:55:16.450 I/hwcomposer(  114): hwcdev_try_to_assign_pipe: We use not config memory
04-23 14:55:16.450 I/hwcomposer(  114): hwcdev_try_to_assign_pipe: We use not config memory
04-23 14:55:16.450 D/gralloc (  114): ION_HEAP_CARVEOUT_MASK alloc
04-23 14:55:16.460 I/hwcomposer(  114): hwcdev_try_to_assign_pipe: We use not config memory
04-23 14:55:16.460 I/hwcomposer(  114): hwcdev_try_to_assign_pipe: We use not config memory
04-23 14:55:16.460 I/hwcomposer(  114): hwcdev_try_to_assign_pipe: We use not config memory
04-23 14:55:16.470 I/WindowManager(  452): Screen frozen for +440ms due to Window{42332b90 u0 StatusBar}
04-23 14:55:16.480 I/hwcomposer(  114): hwcdev_try_to_assign_pipe: We use not config memory
04-23 14:55:16.480 I/hwcomposer(  114): hwcdev_try_to_assign_pipe: We use not config memory
04-23 14:55:16.480 I/hwcomposer(  114): hwcdev_try_to_assign_pipe: We use not config memory
04-23 14:55:16.500 I/hwcomposer(  114): hwcdev_try_to_assign_pipe: We use not config memory
04-23 14:55:16.500 I/hwcomposer(  114): hwcdev_try_to_assign_pipe: We use not config memory
04-23 14:55:16.500 I/hwcomposer(  114): hwcdev_try_to_assign_pipe: We use not config memory
04-23 14:55:16.510 I/hwcomposer(  114): hwcdev_try_to_assign_pipe: We use not config memory
04-23 14:55:16.510 I/hwcomposer(  114): hwcdev_try_to_assign_pipe: We use not config memory
04-23 14:55:16.510 I/hwcomposer(  114): hwcdev_try_to_assign_pipe: We use not config memory
04-23 14:55:16.810 D/gralloc (  114): ION_HEAP_CARVEOUT_MASK alloc
04-23 14:55:18.470 V/SleepAndWakeUpTest( 1762): cancelScheduledInstance
04-23 14:55:18.630 D/dalvikvm(  452): GC_EXPLICIT freed 153K, 14% free 10218K/11840K, paused 8ms+19ms, total 147ms
04-23 14:55:20.230 D/gralloc (  114): ION_HEAP_CARVEOUT_MASK alloc
04-23 14:55:20.340 I/ActivityManager(  452): START u0 {act=android.intent.action.MAIN cat=[android.intent.category.HOME] flg=0x10200000 cmp=com.android.launcher/com.android.launcher2.Launcher} from pid 452
04-23 14:55:20.370 I/qtaguid (  452): Failed write_ctrl(s 1 10012) res=-1 errno=1
04-23 14:55:20.370 W/NetworkManagementSocketTagger(  452): setKernelCountSet(10012, 1) failed with errno -1
04-23 14:55:20.910 I/Choreographer(  637): Skipped 32 frames!  The application may be doing too much work on its main thread.
04-23 14:55:20.970 D/gralloc (  114): ION_HEAP_CARVEOUT_MASK alloc
04-23 14:55:20.980 D/gralloc (  114): ION_HEAP_CARVEOUT_MASK alloc
04-23 14:55:20.990 W/IInputConnectionWrapper( 1762): showStatusIcon on inactive InputConnection
04-23 14:55:21.460 W/SurfaceFlinger(  114): couldn't log to binary event log: overflow.
04-23 14:55:21.470 D/gralloc (  114): ION_HEAP_CARVEOUT_MASK alloc
04-23 14:55:21.600 D/gralloc (  114): ION_HEAP_CARVEOUT_MASK alloc
04-23 14:55:22.580 D/gralloc (  114): ==USE CPU CACHE OP LLL usage = 0xb33==
04-23 14:55:22.580 D/gralloc (  114): ION_HEAP_SYSTEM_MASK alloc
04-23 14:55:22.650 I/hwcomposer(  114): hwcdev_try_to_assign_pipe: We use not config memory
04-23 14:55:22.650 I/hwcomposer(  114): hwcdev_try_to_assign_pipe: We use not config memory
04-23 14:55:22.650 I/hwcomposer(  114): hwcdev_try_to_assign_pipe: We use not config memory
04-23 14:55:22.650 I/InputReader(  452): Reconfiguring input devices.  changes=0x00000004
04-23 14:55:22.650 I/InputReader(  452): Device reconfigured: id=3, name='gslX680', size 1024x600, orientation 3, mode 1, display id 0
04-23 14:55:22.650 I/InputReader(  452): Reconfiguring input devices.  changes=0x00000004
04-23 14:55:22.660 I/ActivityManager(  452): Config changes=480 {1.0 ?mcc?mnc zh_CN ldltr sw600dp w600dp h951dp 160dpi lrg port finger -keyb/v/h -nav/h s.9}
04-23 14:55:22.680 D/gralloc (  114): ION_HEAP_CARVEOUT_MASK alloc
04-23 14:55:22.700 I/hwcomposer(  114): hwcdev_try_to_assign_pipe: We use not config memory
04-23 14:55:22.700 I/hwcomposer(  114): hwcdev_try_to_assign_pipe: We use not config memory
04-23 14:55:22.700 I/hwcomposer(  114): hwcdev_try_to_assign_pipe: We use not config memory
04-23 14:55:22.710 I/hwcomposer(  114): hwcdev_try_to_assign_pipe: We use not config memory
04-23 14:55:22.710 I/hwcomposer(  114): hwcdev_try_to_assign_pipe: We use not config memory
04-23 14:55:22.710 I/hwcomposer(  114): hwcdev_try_to_assign_pipe: We use not config memory
04-23 14:55:22.730 D/PhoneStatusBar(  517): mSettingsPanelGravity = 8388661
04-23 14:55:22.730 I/hwcomposer(  114): hwcdev_try_to_assign_pipe: We use not config memory
04-23 14:55:22.730 I/hwcomposer(  114): hwcdev_try_to_assign_pipe: We use not config memory
04-23 14:55:22.730 I/hwcomposer(  114): hwcdev_try_to_assign_pipe: We use not config memory
04-23 14:55:22.750 D/gralloc (  114): ION_HEAP_CARVEOUT_MASK alloc
04-23 14:55:22.760 D/gralloc (  114): ION_HEAP_CARVEOUT_MASK alloc
04-23 14:55:22.800 I/hwcomposer(  114): hwcdev_try_to_assign_pipe: We use not config memory
04-23 14:55:22.800 I/hwcomposer(  114): hwcdev_try_to_assign_pipe: We use not config memory
04-23 14:55:22.800 I/hwcomposer(  114): hwcdev_try_to_assign_pipe: We use not config memory
04-23 14:55:22.820 D/gralloc (  114): ION_HEAP_CARVEOUT_MASK alloc
04-23 14:55:22.820 D/gralloc (  114): ION_HEAP_CARVEOUT_MASK alloc
04-23 14:55:22.830 I/hwcomposer(  114): hwcdev_try_to_assign_pipe: We use not config memory
04-23 14:55:22.830 I/hwcomposer(  114): hwcdev_try_to_assign_pipe: We use not config memory
04-23 14:55:22.830 I/hwcomposer(  114): hwcdev_try_to_assign_pipe: We use not config memory
04-23 14:55:22.850 I/hwcomposer(  114): hwcdev_try_to_assign_pipe: We use not config memory
04-23 14:55:22.850 I/hwcomposer(  114): hwcdev_try_to_assign_pipe: We use not config memory
04-23 14:55:22.850 I/hwcomposer(  114): hwcdev_try_to_assign_pipe: We use not config memory
04-23 14:55:22.860 D/gralloc (  114): ION_HEAP_CARVEOUT_MASK alloc
04-23 14:55:22.860 D/gralloc (  114): ION_HEAP_CARVEOUT_MASK alloc
04-23 14:55:22.880 I/hwcomposer(  114): hwcdev_try_to_assign_pipe: We use not config memory
04-23 14:55:22.880 I/hwcomposer(  114): hwcdev_try_to_assign_pipe: We use not config memory
04-23 14:55:22.880 I/hwcomposer(  114): hwcdev_try_to_assign_pipe: We use not config memory
04-23 14:55:22.880 I/hwcomposer(  114): hwcdev_try_to_assign_pipe: We use not config memory
04-23 14:55:22.890 D/gralloc (  114): ION_HEAP_CARVEOUT_MASK alloc
04-23 14:55:22.900 D/gralloc (  114): ION_HEAP_CARVEOUT_MASK alloc
04-23 14:55:22.900 I/hwcomposer(  114): hwcdev_try_to_assign_pipe: We use not config memory
04-23 14:55:22.900 I/hwcomposer(  114): hwcdev_try_to_assign_pipe: We use not config memory
04-23 14:55:22.900 I/hwcomposer(  114): hwcdev_try_to_assign_pipe: We use not config memory
04-23 14:55:22.900 I/hwcomposer(  114): hwcdev_try_to_assign_pipe: We use not config memory
04-23 14:55:22.910 I/hwcomposer(  114): hwcdev_try_to_assign_pipe: We use not config memory
04-23 14:55:22.910 I/hwcomposer(  114): hwcdev_try_to_assign_pipe: We use not config memory
04-23 14:55:22.910 I/hwcomposer(  114): hwcdev_try_to_assign_pipe: We use not config memory
04-23 14:55:22.910 I/hwcomposer(  114): hwcdev_try_to_assign_pipe: We use not config memory
04-23 14:55:23.030 I/hwcomposer(  114): hwcdev_try_to_assign_pipe: We use not config memory
04-23 14:55:23.030 I/hwcomposer(  114): hwcdev_try_to_assign_pipe: We use not config memory
04-23 14:55:23.030 I/hwcomposer(  114): hwcdev_try_to_assign_pipe: We use not config memory
04-23 14:55:23.030 I/hwcomposer(  114): hwcdev_try_to_assign_pipe: We use not config memory
04-23 14:55:23.040 D/gralloc (  114): ION_HEAP_CARVEOUT_MASK alloc
04-23 14:55:23.040 D/gralloc (  114): ION_HEAP_CARVEOUT_MASK alloc
04-23 14:55:23.060 I/hwcomposer(  114): hwcdev_try_to_assign_pipe: We use not config memory
04-23 14:55:23.060 I/hwcomposer(  114): hwcdev_try_to_assign_pipe: We use not config memory
04-23 14:55:23.060 I/hwcomposer(  114): hwcdev_try_to_assign_pipe: We use not config memory
04-23 14:55:23.060 I/hwcomposer(  114): hwcdev_try_to_assign_pipe: We use not config memory
04-23 14:55:23.080 I/hwcomposer(  114): hwcdev_try_to_assign_pipe: We use not config memory
04-23 14:55:23.080 I/hwcomposer(  114): hwcdev_try_to_assign_pipe: We use not config memory
04-23 14:55:23.080 I/hwcomposer(  114): hwcdev_try_to_assign_pipe: We use not config memory
04-23 14:55:23.090 I/WindowManager(  452): Screen frozen for +557ms due to Window{42578878 u0 com.android.launcher/com.android.launcher2.Launcher}
04-23 14:55:23.100 I/hwcomposer(  114): hwcdev_try_to_assign_pipe: We use not config memory
04-23 14:55:23.100 I/hwcomposer(  114): hwcdev_try_to_assign_pipe: We use not config memory
04-23 14:55:23.100 I/hwcomposer(  114): hwcdev_try_to_assign_pipe: We use not config memory
04-23 14:55:23.110 I/hwcomposer(  114): hwcdev_try_to_assign_pipe: We use not config memory
04-23 14:55:23.110 I/hwcomposer(  114): hwcdev_try_to_assign_pipe: We use not config memory
04-23 14:55:23.110 I/hwcomposer(  114): hwcdev_try_to_assign_pipe: We use not config memory
04-23 14:55:23.130 D/gralloc (  114): ION_HEAP_CARVEOUT_MASK alloc
04-23 14:55:23.480 D/audio_hw_primary(  117): out_standby
04-23 14:55:23.660 D/gralloc (  114): ION_HEAP_CARVEOUT_MASK alloc
04-23 14:55:24.410 D/gralloc (  114): ==USE CPU CACHE OP LLL usage = 0xb33==
04-23 14:55:24.410 D/gralloc (  114): ION_HEAP_SYSTEM_MASK alloc
04-23 14:55:24.450 I/hwcomposer(  114): hwcdev_try_to_assign_pipe: We use not config memory
04-23 14:55:24.450 I/hwcomposer(  114): hwcdev_try_to_assign_pipe: We use not config memory
04-23 14:55:24.450 I/hwcomposer(  114): hwcdev_try_to_assign_pipe: We use not config memory
04-23 14:55:24.450 I/InputReader(  452): Reconfiguring input devices.  changes=0x00000004
04-23 14:55:24.450 I/InputReader(  452): Device reconfigured: id=3, name='gslX680', size 1024x600, orientation 0, mode 1, display id 0
04-23 14:55:24.450 I/ActivityManager(  452): Config changes=480 {1.0 ?mcc?mnc zh_CN ldltr sw600dp w1024dp h527dp 160dpi lrg land finger -keyb/v/h -nav/h s.10}
04-23 14:55:24.470 D/gralloc (  114): ION_HEAP_CARVEOUT_MASK alloc
04-23 14:55:24.480 D/gralloc (  114): ION_HEAP_CARVEOUT_MASK alloc
04-23 14:55:24.480 I/hwcomposer(  114): hwcdev_try_to_assign_pipe: We use not config memory
04-23 14:55:24.480 I/hwcomposer(  114): hwcdev_try_to_assign_pipe: We use not config memory
04-23 14:55:24.480 I/hwcomposer(  114): hwcdev_try_to_assign_pipe: We use not config memory
04-23 14:55:24.500 I/hwcomposer(  114): hwcdev_try_to_assign_pipe: We use not config memory
04-23 14:55:24.500 I/hwcomposer(  114): hwcdev_try_to_assign_pipe: We use not config memory
04-23 14:55:24.500 I/hwcomposer(  114): hwcdev_try_to_assign_pipe: We use not config memory
04-23 14:55:24.510 I/hwcomposer(  114): hwcdev_try_to_assign_pipe: We use not config memory
04-23 14:55:24.510 I/hwcomposer(  114): hwcdev_try_to_assign_pipe: We use not config memory
04-23 14:55:24.510 I/hwcomposer(  114): hwcdev_try_to_assign_pipe: We use not config memory
04-23 14:55:24.530 D/PhoneStatusBar(  517): mSettingsPanelGravity = 8388661
04-23 14:55:24.530 I/PowerManagerService(  452): Going to sleep by user request...
04-23 14:55:24.550 I/hwcomposer(  114): hwcdev_try_to_assign_pipe: We use not config memory
04-23 14:55:24.550 I/hwcomposer(  114): hwcdev_try_to_assign_pipe: We use not config memory
04-23 14:55:24.550 I/hwcomposer(  114): hwcdev_try_to_assign_pipe: We use not config memory
04-23 14:55:24.560 I/hwcomposer(  114): hwcdev_try_to_assign_pipe: We use not config memory
04-23 14:55:24.560 I/hwcomposer(  114): hwcdev_try_to_assign_pipe: We use not config memory
04-23 14:55:24.560 I/hwcomposer(  114): hwcdev_try_to_assign_pipe: We use not config memory
04-23 14:55:24.570 D/gralloc (  114): ION_HEAP_CARVEOUT_MASK alloc
04-23 14:55:24.580 D/gralloc (  114): ION_HEAP_CARVEOUT_MASK alloc
04-23 14:55:24.580 I/hwcomposer(  114): hwcdev_try_to_assign_pipe: We use not config memory
04-23 14:55:24.580 I/hwcomposer(  114): hwcdev_try_to_assign_pipe: We use not config memory
04-23 14:55:24.580 I/hwcomposer(  114): hwcdev_try_to_assign_pipe: We use not config memory
04-23 14:55:24.650 D/gralloc (  114): ION_HEAP_CARVEOUT_MASK alloc
04-23 14:55:24.650 D/gralloc (  114): ION_HEAP_CARVEOUT_MASK alloc
04-23 14:55:24.710 D/gralloc (  114): ION_HEAP_CARVEOUT_MASK alloc
04-23 14:55:24.710 D/gralloc (  114): ION_HEAP_CARVEOUT_MASK alloc
04-23 14:55:24.770 D/dalvikvm(  517): GC_CONCURRENT freed 1900K, 50% free 10512K/20792K, paused 4ms+27ms, total 104ms
04-23 14:55:24.780 D/gralloc (  114): ION_HEAP_CARVEOUT_MASK alloc
04-23 14:55:24.780 D/gralloc (  114): ION_HEAP_CARVEOUT_MASK alloc
04-23 14:55:24.870 D/dalvikvm(  637): GC_CONCURRENT freed 2897K, 34% free 8751K/13180K, paused 3ms+6ms, total 61ms
04-23 14:55:24.950 D/gralloc (  114): ION_HEAP_CARVEOUT_MASK alloc
04-23 14:55:24.960 D/gralloc (  114): ION_HEAP_CARVEOUT_MASK alloc
04-23 14:55:24.970 D/SurfaceFlinger(  114): Screen released, type=0 flinger=0x40db1450
04-23 14:55:25.000 V/audio_hw_primary(  117): adev_set_parameters, screen_state=off
04-23 14:55:25.010 I/qtaguid (  452): Failed write_ctrl(s 0 10012) res=-1 errno=1
04-23 14:55:25.010 W/NetworkManagementSocketTagger(  452): setKernelCountSet(10012, 0) failed with errno -1
04-23 14:55:25.050 I/WindowManager(  452): Screen frozen for +638ms due to Window{42605a10 u0 com.android.launcher/com.android.launcher2.Launcher}
04-23 14:55:25.070 D/gralloc (  114): ION_HEAP_CARVEOUT_MASK alloc
04-23 14:55:25.080 I/Launcher(  637): Deferring update until onResume
04-23 14:55:25.370 D/PowerManagerService-JNI(  452): Excessive delay in autosuspend_enable() while turning screen off: 385ms
04-23 14:55:29.080 D/PowerManagerService(  452): mHoldBootFastWakeLock = false
04-23 14:55:29.570 D/dalvikvm(  452): GC_EXPLICIT freed 548K, 14% free 10271K/11840K, paused 51ms+17ms, total 201ms
04-23 15:00:41.040 I/wpa_supplicant(  513): wlan0: CTRL-EVENT-DISCONNECTED bssid=a4:93:4c:b1:4a:5f reason=6
04-23 15:00:41.040 I/wpa_supplicant(  513): wlan0: Trying to associate with a4:93:4c:b1:4a:5f (SSID='XP-3f' freq=2472 MHz)
04-23 15:00:41.120 D/CommandListener(  111): Clearing all IP addresses on wlan0
04-23 15:00:41.160 D/CommandListener(  111): Clearing all IP addresses on wlan0
04-23 15:00:41.170 D/PowerManagerService(  452): mHoldBootFastWakeLock = false
04-23 15:00:41.180 D/EthernetDataTracker(  452): no configuration for 
04-23 15:00:41.180 D/ConnectivityService(  452): ConnectivityChange for WIFI: DISCONNECTED/DISCONNECTED
04-23 15:00:41.180 D/ConnectivityService(  452): tryFailover: set mActiveDefaultNetwork=-1, prevNetType=1
04-23 15:00:41.180 D/ConnectivityService(  452): Attempting to switch to mobile
04-23 15:00:41.180 D/ConnectivityService(  452): Attempting to switch to BLUETOOTH_TETHER
04-23 15:00:41.180 D/EthernetDataTracker(  452): ConnectNetwork: Up is true, mLinkUp is false, On is false, mIface 
04-23 15:00:41.180 D/ConnectivityService(  452): Attempting to switch to ETHERNET
04-23 15:00:41.210 D/NetUtils(  452): android_net_utils_resetConnections in env=0x5a5e1138 clazz=0xc6500001 iface=wlan0 mask=0x3
04-23 15:00:41.210 D/ConnectivityService(  452): resetConnections(wlan0, 3)
04-23 15:00:41.240 D/Nat464Xlat(  452): requiresClat: netType=1, hasIPv4Address=false
04-23 15:00:41.240 D/ConnectivityService(  452): ConnectivityChange for WIFI: DISCONNECTED/DISCONNECTED
04-23 15:00:41.280 D/EthernetDataTracker(  452): no configuration for 
04-23 15:00:41.280 D/ConnectivityService(  452): Attempting to switch to mobile
04-23 15:00:41.280 D/ConnectivityService(  452): Attempting to switch to BLUETOOTH_TETHER
04-23 15:00:41.280 D/EthernetDataTracker(  452): ConnectNetwork: Up is true, mLinkUp is false, On is false, mIface 
04-23 15:00:41.280 D/ConnectivityService(  452): Attempting to switch to ETHERNET
04-23 15:00:41.280 D/Nat464Xlat(  452): requiresClat: netType=1, hasIPv4Address=false
04-23 15:00:41.290 D/ConnectivityService(  452): Sampling interval elapsed, updating statistics ..
04-23 15:00:41.300 D/ConnectivityService(  452): Done.
04-23 15:00:41.300 D/ConnectivityService(  452): Setting timer for 720seconds
04-23 15:00:41.320 D/ConnectivityService(  452): handleInetConditionChange: no active default network - ignore
04-23 15:00:41.350 D/dalvikvm( 1259): GC_CONCURRENT freed 394K, 10% free 4576K/5080K, paused 3ms+2ms, total 19ms
04-23 15:00:41.770 I/wpa_supplicant(  513): wlan0: Associated with a4:93:4c:b1:4a:5f
04-23 15:00:41.850 I/wpa_supplicant(  513): wlan0: WPA: Key negotiation completed with a4:93:4c:b1:4a:5f [PTK=CCMP GTK=CCMP]
04-23 15:00:41.850 I/wpa_supplicant(  513): wlan0: CTRL-EVENT-CONNECTED - Connection to a4:93:4c:b1:4a:5f completed (auth) [id=0 id_str=]
04-23 15:00:42.000 E/wpa_supplicant(  513): wpa_driver_nl80211_driver_cmd: failed to issue private commands
04-23 15:00:42.010 E/WifiStateMachine(  452): Unexpected BatchedScanResults :null
04-23 15:00:42.010 E/wpa_supplicant(  513): wpa_driver_nl80211_driver_cmd: failed to issue private commands
04-23 15:00:44.290 D/Tethering(  452): MasterInitialState.processMessage what=3
04-23 15:00:44.300 D/CaptivePortalTracker(  452): Disconnected from active network NetworkInfo: type: WIFI[], state: DISCONNECTED/DISCONNECTED, reason: (unspecified), extra: <unknown ssid>, roaming: false, failover: false, isAvailable: true, isConnectedToProvisioningNetwork: false
04-23 15:00:44.300 D/ConnectivityService(  452): setProvNotificationVisible: E visible=false networkType=1 extraInfo=null url=null
04-23 15:00:44.340 I/DeviceInfoService(  452): wifi on
04-23 15:00:44.340 I/DeviceInfoService(  452): onReceive BroadcastReceiver
04-23 15:00:44.340 D/OtaService(  452): onreceive action = android.net.conn.CONNECTIVITY_CHANGE
04-23 15:00:44.340 I/OtaService(  452): onReceive BroadcastReceiver
04-23 15:00:44.350 D/Tethering(  452): MasterInitialState.processMessage what=3
04-23 15:00:44.360 D/CaptivePortalTracker(  452): NoActiveNetworkState{ when=-3ms what=1 obj=NetworkInfo: type: WIFI[], state: DISCONNECTED/DISCONNECTED, reason: (unspecified), extra: <unknown ssid>, roaming: false, failover: false, isAvailable: true, isConnectedToProvisioningNetwork: false target=com.android.internal.util.StateMachine$SmHandler }
04-23 15:00:44.370 I/DeviceInfoService(  452): wifi on
04-23 15:00:44.370 I/DeviceInfoService(  452): onReceive BroadcastReceiver
04-23 15:00:44.370 D/OtaService(  452): onreceive action = android.net.conn.CONNECTIVITY_CHANGE
04-23 15:00:44.370 I/OtaService(  452): onReceive BroadcastReceiver
04-23 15:00:44.400 D/GCM     (  824): GcmService start Intent { act=android.net.conn.CONNECTIVITY_CHANGE flg=0x4000010 cmp=com.google.android.gms/.gcm.GcmService (has extras) } android.net.conn.CONNECTIVITY_CHANGE
04-23 15:00:44.480 D/GCM     (  824): GcmService start Intent { act=android.net.conn.CONNECTIVITY_CHANGE flg=0x4000010 cmp=com.google.android.gms/.gcm.GcmService (has extras) } android.net.conn.CONNECTIVITY_CHANGE
04-23 15:00:46.680 D/WifiStateMachine(  452): VerifyingLinkState enter
04-23 15:00:46.690 D/WifiStateMachine(  452): VerifyingLinkState GOOD_LINK_DETECTED: transition to captive portal check
04-23 15:00:46.690 D/WifiStateMachine(  452): CaptivePortalCheckState enter
04-23 15:00:46.700 D/WifiStateMachine(  452): CaptivePortalCheckState CMD_CAPTIVE_CHECK_COMPLETE
04-23 15:00:46.700 D/ConnectivityService(  452): Captive portal check NetworkInfo: type: WIFI[], state: CONNECTING/CAPTIVE_PORTAL_CHECK, reason: (unspecified), extra: "XP-3f", roaming: false, failover: false, isAvailable: true, isConnectedToProvisioningNetwork: false
04-23 15:00:46.700 D/ConnectivityService(  452): handleCaptivePortalTrackerCheck: call captivePortalCheckComplete ni=NetworkInfo: type: WIFI[], state: CONNECTING/CAPTIVE_PORTAL_CHECK, reason: (unspecified), extra: "XP-3f", roaming: false, failover: false, isAvailable: true, isConnectedToProvisioningNetwork: false
04-23 15:00:46.700 D/ConnectivityService(  452): Captive portal check NetworkInfo: type: WIFI[], state: CONNECTING/CAPTIVE_PORTAL_CHECK, reason: (unspecified), extra: "XP-3f", roaming: false, failover: false, isAvailable: true, isConnectedToProvisioningNetwork: false
04-23 15:00:46.700 D/ConnectivityService(  452): handleCaptivePortalTrackerCheck: call captivePortalCheckComplete ni=NetworkInfo: type: WIFI[], state: CONNECTING/CAPTIVE_PORTAL_CHECK, reason: (unspecified), extra: "XP-3f", roaming: false, failover: false, isAvailable: true, isConnectedToProvisioningNetwork: false
04-23 15:00:46.730 D/ConnectivityService(  452): ConnectivityChange for WIFI: CONNECTED/CONNECTED
04-23 15:00:46.730 E/ConnectivityService(  452): Unexpected mtu value: android.net.wifi.WifiStateTracker@42240148
04-23 15:00:46.770 D/Nat464Xlat(  452): requiresClat: netType=1, hasIPv4Address=true
04-23 15:00:46.770 D/ConnectivityService(  452): ConnectivityChange for WIFI: CONNECTED/CONNECTED
04-23 15:00:46.790 E/ConnectivityService(  452): Unexpected mtu value: android.net.wifi.WifiStateTracker@42240148
04-23 15:00:46.800 D/ConnectivityService(  452): handleConnectivityChange: address are the same reset per doReset linkProperty[1]: resetMask=0
04-23 15:00:46.800 D/Nat464Xlat(  452): requiresClat: netType=1, hasIPv4Address=true
04-23 15:00:47.750 D/ConnectivityService(  452): NetTransition Wakelock for ConnectedState released by timeout
04-23 15:02:30.040 I/wpa_supplicant(  513): wlan0: CTRL-EVENT-DISCONNECTED bssid=a4:93:4c:b1:4a:5f reason=6
04-23 15:02:30.040 I/wpa_supplicant(  513): wlan0: Trying to associate with a4:93:4c:b1:4a:5f (SSID='XP-3f' freq=2472 MHz)
04-23 15:02:30.050 D/PowerManagerService(  452): mHoldBootFastWakeLock = false
04-23 15:02:30.070 D/CommandListener(  111): Clearing all IP addresses on wlan0
04-23 15:02:30.090 D/EthernetDataTracker(  452): no configuration for 
04-23 15:02:30.090 D/ConnectivityService(  452): ConnectivityChange for WIFI: DISCONNECTED/DISCONNECTED
04-23 15:02:30.090 D/ConnectivityService(  452): tryFailover: set mActiveDefaultNetwork=-1, prevNetType=1
04-23 15:02:30.090 D/ConnectivityService(  452): Attempting to switch to mobile
04-23 15:02:30.090 D/ConnectivityService(  452): Attempting to switch to BLUETOOTH_TETHER
04-23 15:02:30.090 D/EthernetDataTracker(  452): ConnectNetwork: Up is true, mLinkUp is false, On is false, mIface 
04-23 15:02:30.090 D/ConnectivityService(  452): Attempting to switch to ETHERNET
04-23 15:02:30.110 D/NetUtils(  452): android_net_utils_resetConnections in env=0x5a5e1138 clazz=0xfc700001 iface=wlan0 mask=0x3
04-23 15:02:30.110 D/ConnectivityService(  452): resetConnections(wlan0, 3)
04-23 15:02:30.140 D/CommandListener(  111): Clearing all IP addresses on wlan0
04-23 15:02:30.140 D/Nat464Xlat(  452): requiresClat: netType=1, hasIPv4Address=false
04-23 15:02:30.150 D/EthernetDataTracker(  452): no configuration for 
04-23 15:02:30.150 D/ConnectivityService(  452): ConnectivityChange for WIFI: DISCONNECTED/DISCONNECTED
04-23 15:02:30.150 D/ConnectivityService(  452): Attempting to switch to mobile
04-23 15:02:30.150 D/ConnectivityService(  452): Attempting to switch to BLUETOOTH_TETHER
04-23 15:02:30.150 D/EthernetDataTracker(  452): ConnectNetwork: Up is true, mLinkUp is false, On is false, mIface 
04-23 15:02:30.150 D/ConnectivityService(  452): Attempting to switch to ETHERNET
04-23 15:02:30.150 D/Nat464Xlat(  452): requiresClat: netType=1, hasIPv4Address=false
04-23 15:02:30.170 D/ConnectivityService(  452): handleInetConditionChange: no active default network - ignore
04-23 15:02:30.330 D/dalvikvm(  452): GC_CONCURRENT freed 1345K, 14% free 10279K/11840K, paused 6ms+17ms, total 120ms
04-23 15:02:30.390 I/wpa_supplicant(  513): wlan0: Associated with a4:93:4c:b1:4a:5f
04-23 15:02:31.230 D/Tethering(  452): MasterInitialState.processMessage what=3
04-23 15:02:31.250 D/CaptivePortalTracker(  452): NoActiveNetworkState{ when=-6ms what=1 obj=NetworkInfo: type: WIFI[], state: CONNECTED/CONNECTED, reason: (unspecified), extra: "XP-3f", roaming: false, failover: false, isAvailable: true, isConnectedToProvisioningNetwork: false target=com.android.internal.util.StateMachine$SmHandler }
04-23 15:02:31.250 D/OtaService(  452): onreceive action = android.net.conn.CONNECTIVITY_CHANGE
04-23 15:02:31.270 D/Tethering(  452): MasterInitialState.processMessage what=3
04-23 15:02:31.270 D/CaptivePortalTracker(  452): NoActiveNetworkState{ when=-1ms what=1 obj=NetworkInfo: type: WIFI[], state: CONNECTED/CONNECTED, reason: (unspecified), extra: "XP-3f", roaming: false, failover: false, isAvailable: true, isConnectedToProvisioningNetwork: false target=com.android.internal.util.StateMachine$SmHandler }
04-23 15:02:31.290 D/OtaService(  452): onreceive action = android.net.conn.CONNECTIVITY_CHANGE
04-23 15:02:31.340 D/GCM     (  824): GcmService start Intent { act=android.net.conn.CONNECTIVITY_CHANGE flg=0x4000010 cmp=com.google.android.gms/.gcm.GcmService (has extras) } android.net.conn.CONNECTIVITY_CHANGE
04-23 15:02:31.390 I/wpa_supplicant(  513): wlan0: WPA: Key negotiation completed with a4:93:4c:b1:4a:5f [PTK=CCMP GTK=CCMP]
04-23 15:02:31.390 I/wpa_supplicant(  513): wlan0: CTRL-EVENT-CONNECTED - Connection to a4:93:4c:b1:4a:5f completed (auth) [id=0 id_str=]
04-23 15:02:31.440 D/GCM     (  824): GcmService start Intent { act=android.net.conn.CONNECTIVITY_CHANGE flg=0x4000010 cmp=com.google.android.gms/.gcm.GcmService (has extras) } android.net.conn.CONNECTIVITY_CHANGE
04-23 15:02:31.470 D/dalvikvm(  824): GC_CONCURRENT freed 395K, 10% free 5107K/5636K, paused 2ms+2ms, total 36ms
04-23 15:02:31.530 E/wpa_supplicant(  513): wpa_driver_nl80211_driver_cmd: failed to issue private commands
04-23 15:02:31.530 E/WifiStateMachine(  452): Unexpected BatchedScanResults :null
04-23 15:02:31.550 E/wpa_supplicant(  513): wpa_driver_nl80211_driver_cmd: failed to issue private commands
04-23 15:02:32.170 D/WifiStateMachine(  452): VerifyingLinkState enter
04-23 15:02:32.170 D/WifiStateMachine(  452): VerifyingLinkState GOOD_LINK_DETECTED: transition to captive portal check
04-23 15:02:32.170 D/WifiStateMachine(  452): CaptivePortalCheckState enter
04-23 15:02:32.180 D/WifiStateMachine(  452): CaptivePortalCheckState CMD_CAPTIVE_CHECK_COMPLETE
04-23 15:02:32.180 D/ConnectivityService(  452): Captive portal check NetworkInfo: type: WIFI[], state: CONNECTING/CAPTIVE_PORTAL_CHECK, reason: (unspecified), extra: "XP-3f", roaming: false, failover: false, isAvailable: true, isConnectedToProvisioningNetwork: false
04-23 15:02:32.180 D/ConnectivityService(  452): handleCaptivePortalTrackerCheck: call captivePortalCheckComplete ni=NetworkInfo: type: WIFI[], state: CONNECTING/CAPTIVE_PORTAL_CHECK, reason: (unspecified), extra: "XP-3f", roaming: false, failover: false, isAvailable: true, isConnectedToProvisioningNetwork: false
04-23 15:02:32.180 D/ConnectivityService(  452): Captive portal check NetworkInfo: type: WIFI[], state: CONNECTING/CAPTIVE_PORTAL_CHECK, reason: (unspecified), extra: "XP-3f", roaming: false, failover: false, isAvailable: true, isConnectedToProvisioningNetwork: false
04-23 15:02:32.180 D/ConnectivityService(  452): handleCaptivePortalTrackerCheck: call captivePortalCheckComplete ni=NetworkInfo: type: WIFI[], state: CONNECTING/CAPTIVE_PORTAL_CHECK, reason: (unspecified), extra: "XP-3f", roaming: false, failover: false, isAvailable: true, isConnectedToProvisioningNetwork: false
04-23 15:02:32.190 D/ConnectivityService(  452): ConnectivityChange for WIFI: CONNECTED/CONNECTED
04-23 15:02:32.200 E/ConnectivityService(  452): Unexpected mtu value: android.net.wifi.WifiStateTracker@42240148
04-23 15:02:32.230 D/Nat464Xlat(  452): requiresClat: netType=1, hasIPv4Address=true
04-23 15:02:32.230 D/ConnectivityService(  452): ConnectivityChange for WIFI: CONNECTED/CONNECTED
04-23 15:02:32.230 E/ConnectivityService(  452): Unexpected mtu value: android.net.wifi.WifiStateTracker@42240148
04-23 15:02:32.260 D/ConnectivityService(  452): handleConnectivityChange: address are the same reset per doReset linkProperty[1]: resetMask=0
04-23 15:02:32.260 D/Nat464Xlat(  452): requiresClat: netType=1, hasIPv4Address=true
04-23 15:02:33.190 D/Tethering(  452): MasterInitialState.processMessage what=3
04-23 15:02:33.220 I/DeviceInfoService(  452): wifi on
04-23 15:02:33.220 I/DeviceInfoService(  452): onReceive BroadcastReceiver
04-23 15:02:33.260 D/OtaService(  452): onreceive action = android.net.conn.CONNECTIVITY_CHANGE
04-23 15:02:33.260 D/CaptivePortalTracker(  452): NoActiveNetworkState{ when=-50ms what=1 obj=NetworkInfo: type: WIFI[], state: DISCONNECTED/DISCONNECTED, reason: (unspecified), extra: <unknown ssid>, roaming: false, failover: false, isAvailable: true, isConnectedToProvisioningNetwork: false target=com.android.internal.util.StateMachine$SmHandler }
04-23 15:02:33.260 I/OtaService(  452): onReceive BroadcastReceiver
04-23 15:02:33.280 D/Tethering(  452): MasterInitialState.processMessage what=3
04-23 15:02:33.280 D/CaptivePortalTracker(  452): NoActiveNetworkState{ when=-2ms what=1 obj=NetworkInfo: type: WIFI[], state: DISCONNECTED/DISCONNECTED, reason: (unspecified), extra: <unknown ssid>, roaming: false, failover: false, isAvailable: true, isConnectedToProvisioningNetwork: false target=com.android.internal.util.StateMachine$SmHandler }
04-23 15:02:33.280 D/ConnectivityService(  452): NetTransition Wakelock for ConnectedState released by timeout
04-23 15:02:33.290 D/dalvikvm(  789): GC_FOR_ALLOC freed 363K, 11% free 5237K/5832K, paused 49ms, total 49ms
04-23 15:02:33.300 I/DeviceInfoService(  452): wifi on
04-23 15:02:33.300 I/DeviceInfoService(  452): onReceive BroadcastReceiver
04-23 15:02:33.300 D/OtaService(  452): onreceive action = android.net.conn.CONNECTIVITY_CHANGE
04-23 15:02:33.300 I/OtaService(  452): onReceive BroadcastReceiver
04-23 15:02:33.330 D/GCM     (  824): GcmService start Intent { act=android.net.conn.CONNECTIVITY_CHANGE flg=0x4000010 cmp=com.google.android.gms/.gcm.GcmService (has extras) } android.net.conn.CONNECTIVITY_CHANGE
04-23 15:02:33.390 D/        ( 1343): intervalx=10077915
04-23 15:02:33.420 D/GCM     (  824): GcmService start Intent { act=android.net.conn.CONNECTIVITY_CHANGE flg=0x4000010 cmp=com.google.android.gms/.gcm.GcmService (has extras) } android.net.conn.CONNECTIVITY_CHANGE
04-23 15:02:33.470 D/        ( 1343): intervalx=10077995
04-23 15:02:33.740 D/ConnectivityService(  452): handleConnectivityChange: addresses changed linkProperty[1]: resetMask=0
04-23 15:02:33.740 D/ConnectivityService(  452):    car=removed=[] added=[fe80::222:f4ff:fef9:1147/64,]
04-23 15:02:33.740 D/Nat464Xlat(  452): requiresClat: netType=1, hasIPv4Address=true
04-23 15:02:33.760 D/ConnectivityService(  452): handleConnectivityChange: address are the same reset per doReset linkProperty[1]: resetMask=0
04-23 15:02:33.760 D/Nat464Xlat(  452): requiresClat: netType=1, hasIPv4Address=true
04-23 15:02:35.270 D/Tethering(  452): MasterInitialState.processMessage what=3
04-23 15:02:35.290 D/CaptivePortalTracker(  452): NoActiveNetworkState{ when=-1ms what=1 obj=NetworkInfo: type: WIFI[], state: CONNECTED/CONNECTED, reason: (unspecified), extra: "XP-3f", roaming: false, failover: false, isAvailable: true, isConnectedToProvisioningNetwork: false target=com.android.internal.util.StateMachine$SmHandler }
04-23 15:02:35.300 I/DeviceInfoService(  452): wifi on
04-23 15:02:35.300 I/DeviceInfoService(  452): onReceive BroadcastReceiver
04-23 15:02:35.300 D/OtaService(  452): onreceive action = android.net.conn.CONNECTIVITY_CHANGE
04-23 15:02:35.300 I/OtaService(  452): onReceive BroadcastReceiver
04-23 15:02:35.310 D/Tethering(  452): MasterInitialState.processMessage what=3
04-23 15:02:35.320 D/CaptivePortalTracker(  452): DelayedCaptiveCheckState{ when=-2ms what=1 obj=NetworkInfo: type: WIFI[], state: CONNECTED/CONNECTED, reason: (unspecified), extra: "XP-3f", roaming: false, failover: false, isAvailable: true, isConnectedToProvisioningNetwork: false target=com.android.internal.util.StateMachine$SmHandler }
04-23 15:02:35.360 I/DeviceInfoService(  452): wifi on
04-23 15:02:35.360 I/DeviceInfoService(  452): onReceive BroadcastReceiver
04-23 15:02:35.360 D/OtaService(  452): onreceive action = android.net.conn.CONNECTIVITY_CHANGE
04-23 15:02:35.360 I/OtaService(  452): onReceive BroadcastReceiver
04-23 15:02:35.400 D/GCM     (  824): GcmService start Intent { act=android.net.conn.CONNECTIVITY_CHANGE flg=0x4000010 cmp=com.google.android.gms/.gcm.GcmService (has extras) } android.net.conn.CONNECTIVITY_CHANGE
04-23 15:02:35.430 D/dalvikvm(  625): GC_CONCURRENT freed 381K, 9% free 4775K/5216K, paused 3ms+4ms, total 26ms
04-23 15:02:35.460 D/        ( 1343): intervalx=10079987
04-23 15:02:35.480 D/GCM     (  824): GcmService start Intent { act=android.net.conn.CONNECTIVITY_CHANGE flg=0x4000010 cmp=com.google.android.gms/.gcm.GcmService (has extras) } android.net.conn.CONNECTIVITY_CHANGE
04-23 15:02:35.530 D/        ( 1343): intervalx=10080060
04-23 15:02:36.930 D/dalvikvm(  452): GC_FOR_ALLOC freed 1271K, 14% free 10276K/11840K, paused 258ms, total 258ms
04-23 15:02:44.040 D/PowerManagerService(  452): mHoldBootFastWakeLock = false
04-23 15:02:45.150 D/GCM     (  824): Connected
04-23 15:02:45.220 I/GCM     (  824): GCM message com.google.android.gsf.gtalkservice 
04-23 15:02:45.270 D/GCM     (  824): Message class fon
04-23 15:02:45.700 D/ConnectivityService(  452): handleInetConditionHoldEnd: net=1, condition=100, published condition=0
04-23 15:49:32.040 I/wpa_supplicant(  513): wlan0: WPA: Group rekeying completed with a4:93:4c:b1:4a:5f [GTK=CCMP]
04-23 15:49:32.040 D/PowerManagerService(  452): mHoldBootFastWakeLock = false
04-23 15:49:32.060 D/ConnectivityService(  452): Sampling interval elapsed, updating statistics ..
04-23 15:49:32.070 D/ConnectivityService(  452): Done.
04-23 15:49:32.070 D/ConnectivityService(  452): Setting timer for 720seconds
04-23 15:49:32.100 D/SensorManager(  789): >>>>>>> set discard sensrtime =3
04-23 15:49:32.120 I/ActivityManager(  452): Delay finish: com.google.android.gsf/.checkin.EventLogService$Receiver
04-23 15:49:32.140 I/EventLogService(  824): Aggregate from 1398235070089 (log), 1398235070089 (data)
04-23 15:49:32.170 D/SensorManager(  789): discard gsensor data ...
04-23 15:49:32.210 D/SensorManager(  789): discard gsensor data ...
04-23 15:49:32.210 I/ActivityManager(  452): Resuming delayed broadcast
04-23 15:49:32.230 D/SensorManager(  789): discard gsensor data ...
04-23 15:49:32.360 D/CaptivePortalTracker(  452): DelayedCaptiveCheckState{ when=-6ms what=2 arg1=172 target=com.android.internal.util.StateMachine$SmHandler }
04-23 15:49:32.360 D/ConnectivityService(  452): setProvNotificationVisible: E visible=false networkType=1 extraInfo=null url=null
04-23 15:49:32.580 D/GCM     (  824): Message class fog
04-23 15:49:33.090 D/ConnectivityService(  452): handleInetConditionHoldEnd: net=1, condition=100, published condition=100
04-23 15:49:43.060 D/PowerManagerService(  452): mHoldBootFastWakeLock = false
04-23 15:49:43.760 D/CaptivePortalTracker(  452): Checking http://74.125.235.201/generate_204
04-23 15:49:44.670 D/CaptivePortalTracker(  452): isCaptivePortal: ret=false rspCode=204
04-23 15:49:44.670 D/CaptivePortalTracker(  452): Not captive network NetworkInfo: type: WIFI[], state: CONNECTED/CONNECTED, reason: (unspecified), extra: "XP-3f", roaming: false, failover: false, isAvailable: true, isConnectedToProvisioningNetwork: false
04-23 15:49:44.670 D/CaptivePortalTracker(  452): notifyPortalCheckCompleted: captive=false ni=NetworkInfo: type: WIFI[], state: CONNECTED/CONNECTED, reason: (unspecified), extra: "XP-3f", roaming: false, failover: false, isAvailable: true, isConnectedToProvisioningNetwork: false
04-23 15:49:44.670 W/ContextImpl(  452): Calling a method in the system process without a qualified user: android.app.ContextImpl.sendBroadcast:1137 android.net.CaptivePortalTracker.sendNetworkConditionsBroadcast:507 android.net.CaptivePortalTracker.isCaptivePortal:399 android.net.CaptivePortalTracker.access$2600:60 android.net.CaptivePortalTracker$DelayedCaptiveCheckState.processMessage:283 
04-23 15:49:44.670 D/ConnectivityService(  452): captivePortalCheckCompleted: ni=NetworkInfo: type: WIFI[], state: CONNECTED/CONNECTED, reason: (unspecified), extra: "XP-3f", roaming: false, failover: false, isAvailable: true, isConnectedToProvisioningNetwork: false captive=false
04-23 15:52:33.040 D/PowerManagerService(  452): mHoldBootFastWakeLock = false
04-23 15:52:33.080 D/dalvikvm(  789): GC_CONCURRENT freed 390K, 11% free 5231K/5832K, paused 2ms+2ms, total 37ms
04-23 16:49:33.040 I/wpa_supplicant(  513): wlan0: WPA: Group rekeying completed with a4:93:4c:b1:4a:5f [GTK=CCMP]
04-23 16:49:33.040 I/wpa_supplicant(  513): wlan0: WPA: Group rekeying completed with a4:93:4c:b1:4a:5f [GTK=CCMP]
04-23 16:49:33.070 D/PowerManagerService(  452): mHoldBootFastWakeLock = false
04-23 16:49:33.150 D/SensorManager(  789): >>>>>>> set discard sensrtime =3
04-23 16:49:33.170 D/ConnectivityService(  452): Sampling interval elapsed, updating statistics ..
04-23 16:49:33.210 D/SensorManager(  789): discard gsensor data ...
04-23 16:49:33.250 D/SensorManager(  789): discard gsensor data ...
04-23 16:49:33.270 D/dalvikvm(  452): GC_FOR_ALLOC freed 1033K, 14% free 10272K/11840K, paused 91ms, total 93ms
04-23 16:49:33.280 D/ConnectivityService(  452): Done.
04-23 16:49:33.280 D/ConnectivityService(  452): Setting timer for 720seconds
04-23 16:49:33.300 I/ActivityManager(  452): Idle maintenance over +16h1m33s142ms low RAM for 0
04-23 16:49:33.340 I/LatinIME:LogUtils(  611): Dictionary info: dictionary = UserHistoryDictionary.en_US.dic ; version = ? ; date = 1398242973
04-23 16:49:33.360 I/ActivityManager(  452): Delay finish: com.google.android.gsf/.checkin.EventLogService$Receiver
04-23 16:49:33.370 I/EventLogService(  824): Aggregate from 1398239372154 (log), 1398239372154 (data)
04-23 16:49:33.410 I/ActivityManager(  452): Resuming delayed broadcast
04-23 16:49:33.420 I/fstrim  (  110): Starting fstrim work...
04-23 16:49:33.420 I/fstrim  (  110): Invoking FITRIM ioctl on /cache
04-23 16:49:33.420 E/fstrim  (  110): FITRIM ioctl failed on /cache
04-23 16:49:33.420 E/fstrim  (  110): Cannot stat mount point /databk
04-23 16:49:33.420 I/fstrim  (  110): Invoking FITRIM ioctl on /data
04-23 16:49:33.420 E/fstrim  (  110): FITRIM ioctl failed on /data
04-23 16:49:33.420 E/fstrim  (  110): Cannot stat mount point none
04-23 16:49:33.420 I/fstrim  (  110): Finished fstrim work.
04-23 16:49:33.550 D/SensorManager(  789): discard gsensor data ...
04-23 16:49:36.600 D/ConnectivityService(  452): handleInetConditionHoldEnd: net=1, condition=0, published condition=100
04-23 16:49:49.000 D/dalvikvm(  824): GC_CONCURRENT freed 415K, 9% free 5146K/5648K, paused 5ms+13ms, total 69ms
04-23 16:49:49.740 D/GCM     (  824): Connected
04-23 16:49:49.790 I/GCM     (  824): GCM message com.google.android.gsf.gtalkservice 
04-23 16:49:49.830 D/GCM     (  824): Message class fon
04-23 16:49:50.270 D/ConnectivityService(  452): handleInetConditionHoldEnd: net=1, condition=100, published condition=0
04-23 16:50:00.070 I/ProcessStatsService(  452): Prepared write state in 28ms
04-23 16:50:00.080 I/ProcessStatsService(  452): Prepared write state in 4ms
04-23 16:50:00.380 D/dalvikvm(  452): GC_FOR_ALLOC freed 874K, 14% free 10239K/11840K, paused 73ms, total 73ms
04-23 16:50:00.380 I/ProcessStatsService(  452): Pruning old procstats: /data/system/procstats/state-2014-04-22-12-04-15.bin
04-23 16:50:33.140 D/PowerManagerService(  452): mHoldBootFastWakeLock = false
04-23 16:51:05.990 D/dalvikvm(  452): GC_FOR_ALLOC freed 566K, 14% free 10220K/11840K, paused 102ms, total 103ms
04-23 16:51:33.200 D/PowerManagerService(  452): mHoldBootFastWakeLock = false
04-23 17:00:51.050 D/PowerManagerService(  452): mHoldBootFastWakeLock = false
04-23 17:00:51.090 D/SensorManager(  789): >>>>>>> set discard sensrtime =3
04-23 17:00:51.120 D/SensorManager(  789): discard gsensor data ...
04-23 17:00:51.200 E/wpa_supplicant(  513): wpa_driver_nl80211_driver_cmd: failed to issue private commands
04-23 17:00:51.200 E/WifiStateMachine(  452): Unexpected BatchedScanResults :null
04-23 17:00:51.210 E/wpa_supplicant(  513): wpa_driver_nl80211_driver_cmd: failed to issue private commands
04-23 17:00:51.420 D/SensorManager(  789): discard gsensor data ...
04-23 17:00:51.840 D/SensorManager(  789): discard gsensor data ...
04-23 17:00:51.870 D/WifiStateMachine(  452): VerifyingLinkState enter
04-23 17:00:51.890 D/WifiStateMachine(  452): VerifyingLinkState GOOD_LINK_DETECTED: transition to captive portal check
04-23 17:00:51.890 D/WifiStateMachine(  452): CaptivePortalCheckState enter
04-23 17:00:51.900 D/ConnectivityService(  452): Captive portal check NetworkInfo: type: WIFI[], state: CONNECTING/CAPTIVE_PORTAL_CHECK, reason: (unspecified), extra: "XP-3f", roaming: false, failover: false, isAvailable: true, isConnectedToProvisioningNetwork: false
04-23 17:00:51.900 D/ConnectivityService(  452): handleCaptivePortalTrackerCheck: call captivePortalCheckComplete ni=NetworkInfo: type: WIFI[], state: CONNECTING/CAPTIVE_PORTAL_CHECK, reason: (unspecified), extra: "XP-3f", roaming: false, failover: false, isAvailable: true, isConnectedToProvisioningNetwork: false
04-23 17:00:51.900 D/ConnectivityService(  452): Captive portal check NetworkInfo: type: WIFI[], state: CONNECTING/CAPTIVE_PORTAL_CHECK, reason: (unspecified), extra: "XP-3f", roaming: false, failover: false, isAvailable: true, isConnectedToProvisioningNetwork: false
04-23 17:00:51.900 D/ConnectivityService(  452): handleCaptivePortalTrackerCheck: call captivePortalCheckComplete ni=NetworkInfo: type: WIFI[], state: CONNECTING/CAPTIVE_PORTAL_CHECK, reason: (unspecified), extra: "XP-3f", roaming: false, failover: false, isAvailable: true, isConnectedToProvisioningNetwork: false
04-23 17:00:51.910 D/WifiStateMachine(  452): CaptivePortalCheckState CMD_CAPTIVE_CHECK_COMPLETE
04-23 17:00:51.930 D/ConnectivityService(  452): ConnectivityChange for WIFI: CONNECTED/CONNECTED
04-23 17:00:51.940 E/ConnectivityService(  452): Unexpected mtu value: android.net.wifi.WifiStateTracker@42240148
04-23 17:00:51.950 D/ConnectivityService(  452): handleConnectivityChange: address are the same reset per doReset linkProperty[1]: resetMask=0
04-23 17:00:51.950 D/Nat464Xlat(  452): requiresClat: netType=1, hasIPv4Address=true
04-23 17:00:51.950 D/ConnectivityService(  452): ConnectivityChange for WIFI: CONNECTED/CONNECTED
04-23 17:00:51.970 E/ConnectivityService(  452): Unexpected mtu value: android.net.wifi.WifiStateTracker@42240148
04-23 17:00:51.980 D/ConnectivityService(  452): handleConnectivityChange: address are the same reset per doReset linkProperty[1]: resetMask=0
04-23 17:00:51.980 D/Nat464Xlat(  452): requiresClat: netType=1, hasIPv4Address=true
04-23 17:00:52.930 D/ConnectivityService(  452): NetTransition Wakelock for ConnectedState released by timeout
04-23 17:00:54.970 D/Tethering(  452): MasterInitialState.processMessage what=3
04-23 17:00:55.000 I/DeviceInfoService(  452): wifi on
04-23 17:00:55.000 I/DeviceInfoService(  452): onReceive BroadcastReceiver
04-23 17:00:55.010 D/OtaService(  452): onreceive action = android.net.conn.CONNECTIVITY_CHANGE
04-23 17:00:55.010 I/OtaService(  452): onReceive BroadcastReceiver
04-23 17:00:55.010 D/Tethering(  452): MasterInitialState.processMessage what=3
04-23 17:00:55.030 I/DeviceInfoService(  452): wifi on
04-23 17:00:55.030 I/DeviceInfoService(  452): onReceive BroadcastReceiver
04-23 17:00:55.030 D/OtaService(  452): onreceive action = android.net.conn.CONNECTIVITY_CHANGE
04-23 17:00:55.030 I/OtaService(  452): onReceive BroadcastReceiver
04-23 17:00:55.070 D/GCM     (  824): GcmService start Intent { act=android.net.conn.CONNECTIVITY_CHANGE flg=0x4000010 cmp=com.google.android.gms/.gcm.GcmService (has extras) } android.net.conn.CONNECTIVITY_CHANGE
04-23 17:00:55.120 D/        ( 1343): intervalx=17179648
04-23 17:00:55.170 D/GCM     (  824): GcmService start Intent { act=android.net.conn.CONNECTIVITY_CHANGE flg=0x4000010 cmp=com.google.android.gms/.gcm.GcmService (has extras) } android.net.conn.CONNECTIVITY_CHANGE
04-23 17:00:55.230 D/        ( 1343): intervalx=17179763
04-23 17:00:55.590 D/ConnectivityService(  452): handleInetConditionHoldEnd: net=1, condition=100, published condition=0
04-23 17:00:57.140 D/dalvikvm(  452): GC_FOR_ALLOC freed 1121K, 14% free 10244K/11840K, paused 100ms, total 100ms
04-23 17:00:57.140 D/PowerManagerService(  452): mHoldBootFastWakeLock = false
04-23 17:49:32.040 I/wpa_supplicant(  513): wlan0: WPA: Group rekeying completed with a4:93:4c:b1:4a:5f [GTK=CCMP]
04-23 17:49:32.060 D/PowerManagerService(  452): mHoldBootFastWakeLock = false
04-23 17:49:32.070 D/ConnectivityService(  452): Sampling interval elapsed, updating statistics ..
04-23 17:49:32.080 D/ConnectivityService(  452): Done.
04-23 17:49:32.080 D/ConnectivityService(  452): Setting timer for 720seconds
04-23 17:49:32.110 D/SensorManager(  789): >>>>>>> set discard sensrtime =3
04-23 17:49:32.190 I/ActivityManager(  452): Delay finish: com.google.android.gsf/.checkin.EventLogService$Receiver
04-23 17:49:32.200 I/EventLogService(  824): Aggregate from 1398242973382 (log), 1398242973382 (data)
04-23 17:49:32.250 D/SensorManager(  789): discard gsensor data ...
04-23 17:49:32.250 I/ActivityManager(  452): Resuming delayed broadcast
04-23 17:49:32.270 D/SensorManager(  789): discard gsensor data ...
04-23 17:49:32.330 D/SensorManager(  789): discard gsensor data ...
04-23 17:49:34.400 D/GCM     (  824): Message class fog
04-23 17:49:34.920 D/ConnectivityService(  452): handleInetConditionHoldEnd: net=1, condition=100, published condition=100
04-23 17:49:36.000 D/dalvikvm(  789): GC_CONCURRENT freed 367K, 10% free 5255K/5824K, paused 3ms+3ms, total 36ms
04-23 18:49:32.040 I/wpa_supplicant(  513): wlan0: WPA: Group rekeying completed with a4:93:4c:b1:4a:5f [GTK=CCMP]
04-23 18:49:32.070 D/PowerManagerService(  452): mHoldBootFastWakeLock = false
04-23 18:49:32.110 D/SensorManager(  789): >>>>>>> set discard sensrtime =3
04-23 18:49:32.150 D/ConnectivityService(  452): Sampling interval elapsed, updating statistics ..
04-23 18:49:32.150 D/ConnectivityService(  452): Done.
04-23 18:49:32.150 D/ConnectivityService(  452): Setting timer for 720seconds
04-23 18:49:32.190 D/dalvikvm( 1259): GC_CONCURRENT freed 389K, 9% free 4656K/5080K, paused 4ms+14ms, total 34ms
04-23 18:49:32.240 I/ActivityManager(  452): Delay finish: com.google.android.gsf/.checkin.EventLogService$Receiver
04-23 18:49:32.250 D/SensorManager(  789): discard gsensor data ...
04-23 18:49:32.250 I/EventLogService(  824): Aggregate from 1398246572213 (log), 1398246572213 (data)
04-23 18:49:32.300 I/ActivityManager(  452): Resuming delayed broadcast
04-23 18:49:32.500 D/GCM     (  824): Message class fog
04-23 18:49:32.730 D/SensorManager(  789): discard gsensor data ...
04-23 18:49:32.750 D/SensorManager(  789): discard gsensor data ...
04-23 18:49:33.010 D/ConnectivityService(  452): handleInetConditionHoldEnd: net=1, condition=100, published condition=100
04-23 19:33:33.140 D/dalvikvm(  452): GC_FOR_ALLOC freed 993K, 14% free 10267K/11840K, paused 99ms, total 100ms
04-23 19:33:33.230 D/PowerManagerService(  452): mHoldBootFastWakeLock = false
04-23 19:33:33.300 D/ConnectivityService(  452): Sampling interval elapsed, updating statistics ..
04-23 19:33:33.340 D/ConnectivityService(  452): Done.
04-23 19:33:33.340 D/ConnectivityService(  452): Setting timer for 720seconds
04-23 19:33:33.390 E/wpa_supplicant(  513): wpa_driver_nl80211_driver_cmd: failed to issue private commands
04-23 19:33:33.390 E/WifiStateMachine(  452): Unexpected BatchedScanResults :null
04-23 19:33:33.400 E/wpa_supplicant(  513): wpa_driver_nl80211_driver_cmd: failed to issue private commands
04-23 19:33:33.420 I/LatinIME:LogUtils(  611): Dictionary info: dictionary = UserHistoryDictionary.en_US.dic ; version = ? ; date = 1398252813
04-23 19:33:33.430 I/ActivityManager(  452): Delay finish: com.google.android.gsf/.checkin.EventLogService$Receiver
04-23 19:33:33.440 I/EventLogService(  824): Aggregate from 1398250172266 (log), 1398250172266 (data)
04-23 19:33:33.490 I/ActivityManager(  452): Resuming delayed broadcast
04-23 19:33:33.650 D/GCM     (  824): Message class fog
04-23 19:33:34.070 D/WifiStateMachine(  452): VerifyingLinkState enter
04-23 19:33:34.080 D/WifiStateMachine(  452): VerifyingLinkState GOOD_LINK_DETECTED: transition to captive portal check
04-23 19:33:34.080 D/WifiStateMachine(  452): CaptivePortalCheckState enter
04-23 19:33:34.100 D/WifiStateMachine(  452): CaptivePortalCheckState CMD_CAPTIVE_CHECK_COMPLETE
04-23 19:33:34.100 D/ConnectivityService(  452): Captive portal check NetworkInfo: type: WIFI[], state: CONNECTING/CAPTIVE_PORTAL_CHECK, reason: (unspecified), extra: "XP-3f", roaming: false, failover: false, isAvailable: true, isConnectedToProvisioningNetwork: false
04-23 19:33:34.100 D/ConnectivityService(  452): handleCaptivePortalTrackerCheck: call captivePortalCheckComplete ni=NetworkInfo: type: WIFI[], state: CONNECTING/CAPTIVE_PORTAL_CHECK, reason: (unspecified), extra: "XP-3f", roaming: false, failover: false, isAvailable: true, isConnectedToProvisioningNetwork: false
04-23 19:33:34.100 D/ConnectivityService(  452): Captive portal check NetworkInfo: type: WIFI[], state: CONNECTING/CAPTIVE_PORTAL_CHECK, reason: (unspecified), extra: "XP-3f", roaming: false, failover: false, isAvailable: true, isConnectedToProvisioningNetwork: false
